--------- beginning of main
07-13 09:39:22.939 D/C2MtkBufferManager( 1041): over 5000ms not request from VCodec but callback hooked, slow BM Cc fetch thread
07-13 09:39:22.959 D/C2MtkBufferManager( 1041): over 5000ms not request from VCodec but callback hooked, slow BM Cc fetch thread
07-13 09:39:22.980 D/C2MtkBufferManager( 1041): over 5000ms not request from VCodec but callback hooked, slow BM Cc fetch thread
07-13 09:39:23.001 D/C2MtkBufferManager( 1041): over 5000ms not request from VCodec but callback hooked, slow BM Cc fetch thread
07-13 09:39:23.003 I/adbd    (21521): adbd service requested 'shell,v2,raw:am force-stop com.skillsroom.mobile'
07-13 09:39:23.021 D/C2MtkBufferManager( 1041): over 5000ms not request from VCodec but callback hooked, slow BM Cc fetch thread
07-13 09:39:23.042 D/C2MtkBufferManager( 1041): over 5000ms not request from VCodec but callback hooked, slow BM Cc fetch thread
--------- beginning of system
07-13 09:39:23.050 D/ActivityManager( 1813): getProcessesInErrorState callingUid=10288, CallingPid=19459
07-13 09:39:23.055 I/ActivityManager( 1813): Force stopping com.skillsroom.mobile appid=10210 user=0: from process:19707
07-13 09:39:23.062 D/C2MtkBufferManager( 1041): over 5000ms not request from VCodec but callback hooked, slow BM Cc fetch thread
07-13 09:39:23.073 E/ActivityManager( 1813): Unable to freeze binder for 15861: java.lang.RuntimeException: Unable to freeze/unfreeze binder
07-13 09:39:23.073 W/libprocessgroup( 1813): Failed to apply Frozen process profile: Invalid argument
07-13 09:39:23.075 I/MiuiNetworkPolicy( 1813): removeUidState uid = 10210
07-13 09:39:23.075 D/UidObserver( 7233): onUidGone entry uid = 10210
07-13 09:39:23.079 I/ActivityManager( 1813): Killing 15861:com.skillsroom.mobile/u0a210 (adj 0): stop com.skillsroom.mobile due to from process:19707
07-13 09:39:23.084 D/C2MtkBufferManager( 1041): over 5000ms not request from VCodec but callback hooked, slow BM Cc fetch thread
07-13 09:39:23.086 E/ProcessManager( 1813): error write exception log
07-13 09:39:23.088 D/ActivityManager( 1813): getProcessesInErrorState callingUid=10279, CallingPid=443
07-13 09:39:23.091 I/mtkpower_client( 1813): [Legacy][PowerHal_Wrap_notifyAppState] com.skillsroom.mobile/com.skillsroom.mobile pid=15861 state:3
07-13 09:39:23.093 W/ActivityTaskManager( 1813): Force removing ActivityRecord{dfffcdb u0 com.skillsroom.mobile/.MainActivity t5364 f}}: app died, no saved state
07-13 09:39:23.094 D/WindowManager( 1813): Requesting StartTransition: TransitionRecord{a2166da id=6410 type=CLOSE flags=0x0}
07-13 09:39:23.097 I/libPowerHal( 1059): [perfNotifyAppState] pack:com.skillsroom.mobile, act:com.skillsroom.mobile, state:3, pid:15861, uid:10210, fps:-1
07-13 09:39:23.097 I/libPowerHal( 1059): [perfNotifyAppState] pack:com.skillsroom.mobile, pid:15861, STATE_DEAD
07-13 09:39:23.097 D/RilUtility( 1059): notify_rild_crash_pid_set certPid:-1, crash:15861, scn:0x0
07-13 09:39:23.099 D/WindowManager( 1813): Collecting in transition 6410: Task{9f78bb7 #5364 type=standard A=10210:com.skillsroom.mobile} init visibleRequested:true
07-13 09:39:23.104 D/C2MtkBufferManager( 1041): over 5000ms not request from VCodec but callback hooked, slow BM Cc fetch thread
07-13 09:39:23.105 D/WindowManager( 1813): Collecting in transition 6410: ActivityRecord{dfffcdb u0 com.skillsroom.mobile/.MainActivity t5364 f}} init visibleRequested:false
07-13 09:39:23.124 D/DisplayManagerService( 1813): Drop pending events for gone uid 10210
07-13 09:39:23.124 W/WindowManager( 1813): Changing focus from Window{7ff6c1d u0 com.skillsroom.mobile/com.skillsroom.mobile.MainActivity} to null displayId=0 Callers=com.android.server.wm.RootWindowContainer.updateFocusedWindowLocked:541 com.android.server.wm.WindowManagerService.updateFocusedWindowLocked:6840 com.android.server.wm.ActivityRecord.onRemovedFromDisplay:5090 com.android.server.wm.DisplayContent.removeAppToken:1728 
07-13 09:39:23.125 D/C2MtkBufferManager( 1041): over 5000ms not request from VCodec but callback hooked, slow BM Cc fetch thread
07-13 09:39:23.126 I/IPCThreadState( 4459): oneway function results for code 3 on binder at 0xb400007cb4ffdc20 will be dropped but finished with status UNKNOWN_TRANSACTION
07-13 09:39:23.126 W/MiPicks-ProcessObserverV10(21977): onProcessDied:pid = 15861,died-uid=10210
07-13 09:39:23.129 D/WindowManager( 1813): wms.Input focus has changed to null display=0 updateInputWindows = true
07-13 09:39:23.129 I/MultiSenceManagerInternalStub( 1813): getInstance
07-13 09:39:23.134 D/PerfMTKStubImpl( 1813): perfLockAcquire
07-13 09:39:23.136 I/mtkpower_client( 1813): perf_lock_acq, hdl:246647, dur:400, num:10, pid:1813, tid:1827
07-13 09:39:23.138 W/ServiceManagerCppClient( 1813): Failed to get isDeclared for vendor.mediatek.hardware.mtkpower.IMtkPowerService/default: Status(-1, EX_SECURITY): 'SELinux denied.'
07-13 09:39:23.138 I/mtkpower_client( 1813): IMtkPowerService_isDeclared 0
07-13 09:39:23.143 I/mtkpower_client( 1813): ret_hdl:246650
07-13 09:39:23.143 I/libPowerHal( 1059): [perfLockAcq] idx:3 hdl:246650 hint:-1 pid:1813 duration:400 lock_user:system_server => ret_hdl:246650
07-13 09:39:23.144 I/libPowerHal( 1059): [setGPUFreq] system_server user set gpu freq min:0, max:-1
07-13 09:39:23.144 I/libPowerHal( 1059): system_server: set gpu opp level: 0
07-13 09:39:23.144 I/PowerHalWrapper( 1813): <amsBoostResume> last:null, next:com.miui.home 
07-13 09:39:23.145 I/libPowerHal( 1059): system_server: set gpu opp level max: 0
07-13 09:39:23.145 I/libPowerHal( 1059): [setGPUFreq] Soft min/max = (0, 0); Hard min/max = (31, 0)
07-13 09:39:23.145 I/libPowerHal( 1059): [setGPUFreq] final min/max = (0, 0)
07-13 09:39:23.145 I/libPowerHal( 1059): system_server: set gpu opp level: 0
07-13 09:39:23.145 I/libPowerHal( 1059): system_server: set gpu opp level max: 0
07-13 09:39:23.145 W/ServiceManagerCppClient( 1813): Failed to get isDeclared for vendor.mediatek.hardware.mtkpower.IMtkPowerService/default: Status(-1, EX_SECURITY): 'SELinux denied.'
07-13 09:39:23.145 I/mtkpower_client( 1813): IMtkPowerService_isDeclared 0
07-13 09:39:23.145 D/C2MtkBufferManager( 1041): over 5000ms not request from VCodec but callback hooked, slow BM Cc fetch thread
07-13 09:39:23.145 I/libPowerHal( 1059): system_server: cpu_ctrl set cpu freq: 1800000 -1 2000000 -1
07-13 09:39:23.146 I/libPowerHal( 1059): [PE] system_server update cmd:1000000, param:0
07-13 09:39:23.146 W/ServiceManagerCppClient( 1813): Failed to get isDeclared for vendor.mediatek.hardware.mtkpower.IMtkPowerService/default: Status(-1, EX_SECURITY): 'SELinux denied.'
07-13 09:39:23.146 I/mtkpower_client( 1813): IMtkPowerService_isDeclared 0
07-13 09:39:23.147 I/libPowerHal( 1059): [PE] system_server update cmd:1000000 param:0
07-13 09:39:23.147 I/libPowerHal( 1059): [perfLockAcq] idx:5 hdl:246651 hint:22 pid:1059 duration:10000 lock_user:mtkpower@1.0-se => ret_hdl:246651
07-13 09:39:23.148 I/libPowerHal( 1059): [PE] MTKPOWER_HINT_PACK_SWITCH update cmd:1408300, param:100
07-13 09:39:23.148 I/libPowerHal( 1059): [perfLockRel] hdl:246649, idx:-1
07-13 09:39:23.148 D/WindowManager( 1813): Collecting in transition 6410: ActivityRecord{8061640 u0 com.miui.home/.launcher.Launcher t2} init visibleRequested:false
07-13 09:39:23.152 D/ActivityManager( 1813): mediaResourceManagerBinder get success
07-13 09:39:23.152 D/ResourceManagerService( 1289): update package name: com.miui.home
07-13 09:39:23.156 I/SmartPower: com.miui.home/10166(2470)( 1813): idle->invisible(71287ms) R(become foreground) adj=100.
07-13 09:39:23.158 D/ResourceManagerService( 1289): packageName: com.miui.home, uid : 10166, hashCode : 205371070
07-13 09:39:23.158 D/ResourceManagerService( 1289): ResourceManagerService::setCodecsVppMode
07-13 09:39:23.159 D/ResourceManagerService( 1289): all codecs setVppMode return fail
07-13 09:39:23.165 D/C2MtkBufferManager( 1041): over 5000ms not request from VCodec but callback hooked, slow BM Cc fetch thread
07-13 09:39:23.168 D/WindowManager( 1813): Collecting in transition 6410: ActivityRecord{8061640 u0 com.miui.home/.launcher.Launcher t2} init visibleRequested:true
07-13 09:39:23.176 D/WindowManager( 1813): Set transition=TransitionRecord{a2166da id=6410 type=CLOSE flags=0x0}, ready=true, SyncId=6410 
07-13 09:39:23.182 D/MiuiFullScreenTaskRepository( 2459): removeFocusedTask displayId=0
07-13 09:39:23.182 D/MiuiFullScreenTaskRepository( 2459): addOrUpdateFullScreenTaskInfo taskId=5364, topActivity=null
07-13 09:39:23.183 D/PerfEngineController( 7233): ForegroundInfo{mForegroundPackageName='com.miui.home', mForegroundUid=10166, mForegroundPid=2470, mLastForegroundPackageName='com.skillsroom.mobile', mLastForegroundUid=10210, mLastForegroundPid=15861, mMultiWindowForegroundPackageName='null', mMultiWindowForegroundUid=-1, mFlags=0}
07-13 09:39:23.183 I/hwcomposer( 1039): [HWCDisplay] [Display_0 (type:1)] fps:0.096651,dur:10346.54,max:10346.54,min:10346.54  
07-13 09:39:23.184 W/MiPicks-ProcessObserverV10(21977): onForegroundActivitiesChanged:pid = 2470,activity-uid=10166,foregroundActivities=true
07-13 09:39:23.185 D/Aurogon ( 1813):  uid = 10166 switch to FG
07-13 09:39:23.185 I/MiuiNetworkPolicy( 1813): updateUidState uid = 10213, uidState = 3
07-13 09:39:23.185 I/MiuiNetworkPolicy( 1813): updateUidState uid = 10175, uidState = 3
07-13 09:39:23.185 D/AppObserver( 2470): ForegroundInfo{mForegroundPackageName='com.miui.home', mForegroundUid=10166, mForegroundPid=2470, mLastForegroundPackageName='com.skillsroom.mobile', mLastForegroundUid=10210, mLastForegroundPid=15861, mMultiWindowForegroundPackageName='null', mMultiWindowForegroundUid=-1, mFlags=0}
07-13 09:39:23.186 D/PMonitor( 4459):  onForegroundActivitiesChanged:pid = 2470,activity-uid=10166,foregroundActivities=true
07-13 09:39:23.187 D/C2MtkBufferManager( 1041): over 5000ms not request from VCodec but callback hooked, slow BM Cc fetch thread
07-13 09:39:23.187 W/libprocessgroup( 1813): Failed to apply Unfrozen process profile: Success
07-13 09:39:23.188 D/MiuiMultiWindowUtils( 1813): DeviceLevel.IS_MIUI_LITE_VERSION 2.0 not support miui multiWindowgale
07-13 09:39:23.192 D/t1      ( 5491): myUserId = 0	currentUserId0
07-13 09:39:23.192 D/WindowManager( 1813): Set transition=TransitionRecord{a2166da id=6410 type=CLOSE flags=0x0}, ready=true, SyncId=6410 
07-13 09:39:23.193 I/AppsFilter( 1813): interaction: PackageSetting{84376c0 com.android.microdroid.empty_payload/10390} -> PackageSetting{9a768e7 com.skillsroom.mobile/10210} BLOCKED
07-13 09:39:23.194 I/AppsFilter( 1813): interaction: PackageSetting{2774b3e com.fido.asm/10367} -> PackageSetting{9a768e7 com.skillsroom.mobile/10210} BLOCKED
07-13 09:39:23.198 I/SettingsProvider( 1813): refresh rate settings changed, name:miui_refresh_rate,value:90,pkg:com.miui.powerkeeper
07-13 09:39:23.207 D/C2MtkBufferManager( 1041): over 5000ms not request from VCodec but callback hooked, slow BM Cc fetch thread
07-13 09:39:23.209 W/Settings( 2457): Setting airplane_mode_on has moved from android.provider.Settings.System to android.provider.Settings.Global, returning read-only value.
07-13 09:39:23.214 I/BpBinder( 1133): onLastStrongRef automatically unlinking death recipients: 
07-13 09:39:23.217 D/Launcher.Lifecycle( 2470): onStart:UserHandle{0},63f4ca8,false
07-13 09:39:23.219 D/CarrierSvcBindHelper( 2457): onHandleForceStop: [com.skillsroom.mobile]
07-13 09:39:23.222 D/CarrierSvcBindHelper( 2457): No carrier app for: 0
07-13 09:39:23.222 D/CarrierSvcBindHelper( 2457): No carrier app for: 1
07-13 09:39:23.227 D/LauncherAssistantCompatGoogle( 2470): onStart com.google.android.libraries.gsa.launcherclient.LauncherClient@80e5266
07-13 09:39:23.228 D/C2MtkBufferManager( 1041): over 5000ms not request from VCodec but callback hooked, slow BM Cc fetch thread
07-13 09:39:23.230 D/TrafficManageService( 5491): onReceive: intent.action = com.android.server.action.NETWORK_STATS_UPDATED
07-13 09:39:23.230 I/MiuiNetworkPolicy( 1813): updateUidState uid = 10166, uidState = 2
07-13 09:39:23.230 I/MiuiNetworkPolicy( 1813): updateUidState uid = 10161, uidState = 3
07-13 09:39:23.232 I/MiuiNetworkPolicy( 1813): updateUidState uid = 10101, uidState = 19
07-13 09:39:23.232 I/MiuiNetworkPolicy( 1813): updateUidState uid = 10078, uidState = 19
07-13 09:39:23.232 I/MiuiNetworkPolicy( 1813): updateUidState uid = 10317, uidState = 19
07-13 09:39:23.240 I/adbd    (21521): adbd service requested 'shell,v2,raw:am start -n com.skillsroom.mobile/.MainActivity'
07-13 09:39:23.244 I/SmartPower: com.instagram.android/10317(17187)( 1813): background->idle(94823ms) R(broadcast end Intent { act=com.facebook.rti.intent.ACTION_FBNS_STARTED flg=0x10 pkg=com.instagram.android (has extras) }) adj=905.
07-13 09:39:23.245 I/DisplayModeDirectorImpl( 1813): onDesiredDisplayModeSpecsChanged:baseModeId=2 allowGroupSwitching=false primary=physical: (0.0 Infinity) render:  (0.0 90.0) appRequest=physical: (0.0 Infinity) render:  (0.0 90.0) noVotes=false
07-13 09:39:23.248 I/MiuiNetworkPolicy( 1813): updateUidState uid = 10317, uidState = 11
07-13 09:39:23.248 D/C2MtkBufferManager( 1041): over 5000ms not request from VCodec but callback hooked, slow BM Cc fetch thread
07-13 09:39:23.251 D/TrafficManageService-TrafficSimManager( 5491): notifyByNetChange: gooooo
07-13 09:39:23.256 D/SurfaceFlinger( 1133): setDesiredDisplayModeSpecs: defaultMode：1 primaryRangesMin:0.000000 primaryRangesMax:90.000000appRequestRangesMin:0.000000 appRequestRangesMax:90.000000
07-13 09:39:23.255 D/SurfaceFlinger( 1133): [SF client] REMOVE (0xb40000786cd41f00) for (15861:com.skillsroom.mobile)
07-13 09:39:23.256 I/RefreshRateSelector( 1133): Display 0 policy changed
07-13 09:39:23.256 I/RefreshRateSelector( 1133): Previous: {defaultModeId=1, allowGroupSwitching=false, primaryRanges={physical=[0.00 Hz, inf Hz], render=[0.00 Hz, 60.00 Hz]}, appRequestRanges={physical=[0.00 Hz, inf Hz], render=[0.00 Hz, 60.00 Hz]}}
07-13 09:39:23.256 I/RefreshRateSelector( 1133): Current:  DisplayManagerPolicy{defaultModeId=1, allowGroupSwitching=false, primaryRanges={physical=[0.00 Hz, inf Hz], render=[0.00 Hz, 90.00 Hz]}, appRequestRanges={physical=[0.00 Hz, inf Hz], render=[0.00 Hz, 90.00 Hz]}}
07-13 09:39:23.256 I/RefreshRateSelector( 1133): 0 mode changes were performed under the previous policy
07-13 09:39:23.256 D/SurfaceFlinger( 1133): [SF client] REMOVE (0xb4000078559c8900) for (15861:com.skillsroom.mobile)
07-13 09:39:23.256 D/SurfaceFlinger( 1133): MtkOverrideDuration: update vsync 90
07-13 09:39:23.256 E/SurfaceFlinger( 1133): MtkDuration override mode is disabled
07-13 09:39:23.256 D/SurfaceFlinger( 1133): MtkOverrideDuration: reset override duration
07-13 09:39:23.257 D/BadgeCoordinator( 2459): recevie broadbcast ACTION_APPLICATION_MESSAGE_QUERY, requestFirstTime=false
07-13 09:39:23.259 I/BufferQueueDebug( 1133): [PopupWindow:dbbd5a#78514](this:0xb40000785b639a30,id:-1,api:0,p:-1,c:1133) onDestructor()
07-13 09:39:23.259 E/BpTransactionCompletedListener( 1133): Failed to transact (-32)
07-13 09:39:23.260 I/adbd    (21521): Remote process closed the socket (on MSG_PEEK)
07-13 09:39:23.261 I/hwcomposer( 1039): [HWC] (0) displaySetActiveConfig config:1  
07-13 09:39:23.262 I/Zygote  ( 1023): Process 15861 exited due to signal 9 (Killed)
07-13 09:39:23.263 I/WindowManager( 1813): WIN DEATH: Window{7ff6c1d u0 com.skillsroom.mobile/com.skillsroom.mobile.MainActivity}
07-13 09:39:23.264 W/InputManager-JNI( 1813): Input channel object '7ff6c1d com.skillsroom.mobile/com.skillsroom.mobile.MainActivity (client)' was disposed without first being removed with the input manager!
07-13 09:39:23.266 D/TrafficManageService-TrafficSimManager( 5491): getMonthDataUsageUsed: new_get = 59945479684
07-13 09:39:23.267 I/ImeTracker( 1813): com.skillsroom.mobile:e5c6b8dc: onRequestHide at ORIGIN_SERVER_HIDE_INPUT reason HIDE_REMOVE_CLIENT
07-13 09:39:23.267 D/MirrorManager( 7233):  sendAcceptInput 0 0
07-13 09:39:23.269 D/C2MtkBufferManager( 1041): over 5000ms not request from VCodec but callback hooked, slow BM Cc fetch thread
07-13 09:39:23.270 I/ImeTracker( 1813): com.skillsroom.mobile:e5c6b8dc: onCancelled at PHASE_SERVER_SHOULD_HIDE
07-13 09:39:23.279 D/CompatibilityChangeReporter( 1813): Compat change id reported: 135634846; UID 10174; state: DISABLED
07-13 09:39:23.279 D/CompatibilityChangeReporter( 1813): Compat change id reported: 177438394; UID 10174; state: DISABLED
07-13 09:39:23.279 D/CompatibilityChangeReporter( 1813): Compat change id reported: 135772972; UID 10174; state: DISABLED
07-13 09:39:23.279 D/CompatibilityChangeReporter( 1813): Compat change id reported: 135754954; UID 10174; state: ENABLED
07-13 09:39:23.280 D/CompatibilityChangeReporter( 1813): Compat change id reported: 143937733; UID 10174; state: ENABLED
07-13 09:39:23.287 I/DisplayDeviceRepository( 1813): Display device changed: DisplayDeviceInfo{"Built-in Screen": uniqueId="local:0", 720 x 1600, modeId 2, renderFrameRate 90.0, defaultModeId 2, supportedModes [{id=1, width=720, height=1600, fps=60.0, alternativeRefreshRates=[90.0], supportedHdrTypes=[]}, {id=2, width=720, height=1600, fps=90.0, alternativeRefreshRates=[60.0], supportedHdrTypes=[]}], colorMode 0, supportedColorModes [0], hdrCapabilities HdrCapabilities{mSupportedHdrTypes=[], mMaxLuminance=500.0, mMaxAverageLuminance=500.0, mMinLuminance=0.0}, allmSupported false, gameContentTypeSupported false, density 320, 260.105 x 260.112 dpi, appVsyncOff 444444, presDeadline 23000000, cutout DisplayCutout{insets=Rect(0, 68 - 0, 0) waterfall=Insets{left=0, top=0, right=0, bottom=0} boundingRect={Bounds=[Rect(0, 0 - 0, 0), Rect(320, 0 - 400, 68), Rect(0, 0 - 0, 0), Rect(0, 0 - 0, 0)]} cutoutPathParserInfo={CutoutPathParserInfo{displayWidth=720 displayHeight=1600 physicalDisplayWidth=720 physicalDisplayHeight=1600 density={2.0} cutoutSpec={M 0,0 H -40 V 68 H 40 V 0 H 0 Z} rotation={0} scale={1.0} physicalPixelDisplaySizeRatio={1.0}}}}, touch INTERNAL, rotation 0, type INTERNAL, address {port=0}, deviceProductInfo null, state ON, committedState ON, frameRateOverride , brightnessMinimum 0.0, brightnessMaximum 1.0, brightnessDefault 0.14956012, hdrSdrRatio NaN, roundedCorners RoundedCorners{[RoundedCorner{position=TopLeft, radius=66, center=Point(66, 66)}, RoundedCorner{position=TopRight, radius=66, center=Point(654, 66)}, RoundedCorner{position=BottomRight, radius=66, center=Point(654, 1534)}, RoundedCorner{position=BottomLeft, radius=66, center=Point(66, 1534)}]}, FLAG_ALLOWED_TO_BE_DEFAULT_DISPLAY, FLAG_ROTATES_WITH_CONTENT, FLAG_SECURE, FLAG_SUPPORTS_PROTECTED_BUFFERS, FLAG_TRUSTED, installOrientation 0, displayShape DisplayShape{ spec=2134893525 displayWidth=720 displayHeight=1600 physicalPixelDisplaySizeRatio=1.0 rotation=0 offsetX=0 offsetY=0 scale=1.0}}
07-13 09:39:23.289 D/C2MtkBufferManager( 1041): over 5000ms not request from VCodec but callback hooked, slow BM Cc fetch thread
07-13 09:39:23.290 D/Zygote  ( 1023): Forked child process 19720
07-13 09:39:23.292 D/MiuiProcessPolicyManager( 1813): promote com.google.android.googlequicksearchbox:googleapp maxAdj to svcb  , maxProcState to + PER 
07-13 09:39:23.300 E/Zygote  (19720): process_name_ptr:19720 com.google.android.googlequicksearchbox:googleapp
07-13 09:39:23.301 D/LauncherOverlay( 3531): setActivityState:1
07-13 09:39:23.302 I/LauncherOverlayCallback( 3531): handleMessage WHAT_ACTIVITY_STATE_CHANGED what：1
07-13 09:39:23.303 I/ActivityManager( 1813): Start proc 19720:com.google.android.googlequicksearchbox:googleapp/u0a174 for service {com.google.android.googlequicksearchbox/com.google.android.apps.gsa.nowoverlayservice.DrawerOverlayService} caller=com.miui.home
07-13 09:39:23.310 D/C2MtkBufferManager( 1041): over 5000ms not request from VCodec but callback hooked, slow BM Cc fetch thread
07-13 09:39:23.310 D/LauncherOverlay.Window( 3531): onStart
07-13 09:39:23.313 I/BtGatt.ScanManager(29492): msg.what = MSG_SCREEN_ON, msg.arg1 = None
07-13 09:39:23.315 V/AutoDensityController( 2459): on display changed 0 context dpi:296 origin dpi:320 target dpi:296
07-13 09:39:23.319 I/chbox:googleapp(19720): Using generational CollectorTypeCC GC.
07-13 09:39:23.328 W/ActivityTaskManager( 1813): callingPackage for (uid=2000, pid=19719) has no WPC
07-13 09:39:23.328 W/Activity( 2470): PerfMonitor: Slow Operation: Activity com.miui.home/.launcher.Launcher onStart took 144ms
07-13 09:39:23.331 D/C2MtkBufferManager( 1041): over 5000ms not request from VCodec but callback hooked, slow BM Cc fetch thread
07-13 09:39:23.337 D/MI-SF   ( 1133): updateScene: module = 270 (Unknown), value = 0, pkg = com.miui.home
07-13 09:39:23.345 D/WindowManager( 1813): Collecting in transition 6410: ActivityRecord{b8cb564 u0 com.skillsroom.mobile/.MainActivity init visibleRequested:false
07-13 09:39:23.346 D/MiuiFreeFormManagerService( 1813): activeOrFullscreenFreeformTaskIfNeed startDefaultAr:false
07-13 09:39:23.348 I/PowerHalWrapper( 1813): PowerHalWrapper.getInstance 
07-13 09:39:23.348 D/PerfMTKStubImpl( 1813): initBoostParamByDevice
07-13 09:39:23.349 D/OneHandedController( 2459): stopOneHanded state is 0
07-13 09:39:23.350 E/BufferQueueDebug( 1133): [Task=5365#78515](this:0xb40000785b4c2a30,id:-1,api:0,p:-1,c:-1) id info cannot be read from 'Task=5365#78515'
07-13 09:39:23.350 I/BufferQueueDebug( 1133): [Task=5365#78515](this:0xb40000785b4c2a30,id:-1,api:0,p:-1,c:-1) BufferQueue core=(1133:/system/bin/surfaceflinger)
07-13 09:39:23.351 D/C2MtkBufferManager( 1041): over 5000ms not request from VCodec but callback hooked, slow BM Cc fetch thread
07-13 09:39:23.355 I/PowerHalWrapper( 1813): amsBoostNotify pid:2470,activity:com.miui.home.launcher.Launcher, package:com.miui.home, mProcessCreatePackcom.skillsroom.mobile 
07-13 09:39:23.355 I/PowerHalWrapper( 1813): state: 1 
07-13 09:39:23.356 I/mtkpower_client( 1813): [Legacy][PowerHal_Wrap_notifyAppState] com.miui.home/com.miui.home.launcher.Launcher pid=2470 state:1
07-13 09:39:23.357 I/PowerHalWrapper( 1813): amsBoostNotify AMS_BOOST_PROCESS_CREATE_BOOST:false 
07-13 09:39:23.357 I/libPowerHal( 1059): [perfNotifyAppState] pack:com.miui.home, act:com.miui.home.launcher.Launcher, state:1, pid:2470, uid:10166, fps:-1
07-13 09:39:23.358 I/libPowerHal( 1059): [perfNotifyAppState] foreground:com.miui.home, pid:2470, uid:10166
07-13 09:39:23.358 D/WindowManager( 1813): setLockTaskAuth: task=Task{985e3cd #5365 type=standard A=10210:com.skillsroom.mobile} mLockTaskAuth=LOCK_TASK_AUTH_PINNABLE
07-13 09:39:23.358 D/WindowManager( 1813): Collecting in transition 6410: Task{985e3cd #5365 type=standard A=10210:com.skillsroom.mobile} init visibleRequested:false
07-13 09:39:23.359 D/CompatibilityChangeReporter( 1813): Compat change id reported: 184838306; UID 10210; state: DISABLED
07-13 09:39:23.360 D/CompatibilityChangeReporter( 1813): Compat change id reported: 185004937; UID 10210; state: DISABLED
07-13 09:39:23.360 E/BufferQueueDebug( 1133): [ActivityRecord{b8cb564 u0 com.skillsroom.mobile/.MainActivity t5365}#78516](this:0xb40000785b4c5a30,id:-1,api:0,p:-1,c:-1) id info cannot be read from 'ActivityRecord{b8cb564 u0 com.skillsroom.mobile/.MainActivity t5365}#78516'
07-13 09:39:23.361 I/BufferQueueDebug( 1133): [ActivityRecord{b8cb564 u0 com.skillsroom.mobile/.MainActivity t5365}#78516](this:0xb40000785b4c5a30,id:-1,api:0,p:-1,c:-1) BufferQueue core=(1133:/system/bin/surfaceflinger)
07-13 09:39:23.362 D/WindowManager( 1813): setLockTaskAuth: task=Task{985e3cd #5365 type=standard A=10210:com.skillsroom.mobile} mLockTaskAuth=LOCK_TASK_AUTH_PINNABLE
07-13 09:39:23.362 D/MiuiFreeFormManagerService( 1813): onStartActivityInner as = Task{985e3cd #5365 type=standard A=10210:com.skillsroom.mobile} op = null
07-13 09:39:23.364 D/ActivityTaskManager( 1813): Task#startActivityLocked isOrhasTask=true newTask=true
07-13 09:39:23.364 I/mtkpower@impl( 1059): [setMode] type:5, enabled:1
07-13 09:39:23.368 I/UxUtility( 1059): notifyForegroundApp pack:com.miui.home, uid:10166
07-13 09:39:23.368 I/TouchUtility( 1059): notifyAppState error = NULL
07-13 09:39:23.368 I/mtkpower@impl( 1059): [notifyAppState] pc:0, com.skillsroom.mobile => com.miui.home
07-13 09:39:23.370 I/LauncherOverlayCallback( 3531): handleMessage WHAT_LAUNCHER_STATE what：1
07-13 09:39:23.371 I/libPowerHal( 1059): [perfLockAcq] idx:6 hdl:246652 hint:11 pid:1059 duration:30000 lock_user:mtkpower@1.0-se => ret_hdl:246652
07-13 09:39:23.371 D/LauncherOverlay.Window( 3531): launcherState 1
07-13 09:39:23.371 D/LauncherOverlay.Window( 3531): resumedStateNow 0,resumedStateNew = 0
07-13 09:39:23.371 I/ThermalBreakConfigReader( 1059): [getTargetfreqinfo] [getTargetfreqinfo] hint get target result freq:boost:1 cpu0:1800000 cpu6:2000000 cpumask:ff
07-13 09:39:23.371 I/ExtendedPerfBoost( 1059): [thermalbreak_verification] needbreak curr breakmode 1, scence id 0, set: boost:1 cpu0:1800000 cpu6:2000000 cpumask:ff
07-13 09:39:23.372 I/ExtendedPerfBoost( 1059): [triggerList_add] [triggerList_add] come into triggerList_add
07-13 09:39:23.372 D/C2MtkBufferManager( 1041): over 5000ms not request from VCodec but callback hooked, slow BM Cc fetch thread
07-13 09:39:23.372 I/ExtendedPerfBoost( 1059): [triggerList_add] get item from freelist 0x76b7cb7ab8
07-13 09:39:23.372 I/ExtendedPerfBoost( 1059): [triggerList_add] init new item prio:2, duration:3000, param:boost:1 cpu0:1800000 cpu6:2000000 cpumask:ff
07-13 09:39:23.372 I/ExtendedPerfBoost( 1059): [triggerList_add] add item prio in empty list
07-13 09:39:23.372 I/ExtendedPerfBoost( 1059): [trig_thermalbreak] trigger one node
07-13 09:39:23.372 I/ExtendedUtils( 1059): [timer_sampling_set] come in timer_sampling_set, duration :2999
07-13 09:39:23.372 I/ExtendedUtils( 1059): [settimer] come in settimer, time_now :624466754, time_end: 624469753
07-13 09:39:23.372 I/ExtendedPerfBoost( 1059): [setThermalBreak] [setThermalBreak] : boost:1 cpu0:1800000 cpu6:2000000 cpumask:ff
07-13 09:39:23.372 D/nativeloader(19720): Load libframework-connectivity-tiramisu-jni.so using APEX ns com_android_tethering for caller /apex/com.android.tethering/javalib/framework-connectivity-t.jar: ok
07-13 09:39:23.376 D/CompatibilityChangeReporter( 1813): Compat change id reported: 205907456; UID 10210; state: ENABLED
07-13 09:39:23.377 I/PowerHalWrapper( 1813): amsBoostNotify pid:2470,activity:com.miui.home.launcher.Launcher, package:com.miui.home, mProcessCreatePackcom.skillsroom.mobile 
07-13 09:39:23.377 I/PowerHalWrapper( 1813): state: 0 
07-13 09:39:23.377 I/mtkpower_client( 1813): [Legacy][PowerHal_Wrap_notifyAppState] com.miui.home/com.miui.home.launcher.Launcher pid=2470 state:0
07-13 09:39:23.378 I/PowerHalWrapper( 1813): amsBoostNotify AMS_BOOST_PROCESS_CREATE_BOOST:false 
07-13 09:39:23.378 I/libPowerHal( 1059): [perfNotifyAppState] pack:com.miui.home, act:com.miui.home.launcher.Launcher, state:0, pid:2470, uid:10166, fps:-1
07-13 09:39:23.379 D/WindowManager( 1813): Set transition=TransitionRecord{a2166da id=6410 type=CLOSE flags=0x0}, ready=false, SyncId=6410 used=true, override=false, defer=0, states=Display{#0 state=ON size=720x1600 ROTATION_0}:false
07-13 09:39:23.379 I/PowerHalWrapper( 1813): <amsBoostResume> last:null, next:com.skillsroom.mobile 
07-13 09:39:23.380 W/ServiceManagerCppClient( 1813): Failed to get isDeclared for vendor.mediatek.hardware.mtkpower.IMtkPowerService/default: Status(-1, EX_SECURITY): 'SELinux denied.'
07-13 09:39:23.380 I/mtkpower_client( 1813): IMtkPowerService_isDeclared 0
07-13 09:39:23.381 W/ServiceManagerCppClient( 1813): Failed to get isDeclared for vendor.mediatek.hardware.mtkpower.IMtkPowerService/default: Status(-1, EX_SECURITY): 'SELinux denied.'
07-13 09:39:23.381 I/mtkpower_client( 1813): IMtkPowerService_isDeclared 0
07-13 09:39:23.382 I/ActivityTaskManager( 1813): Add Task{9f78bb7 #5364 type=standard A=10210:com.skillsroom.mobile} to hidden list because adding Task{985e3cd #5365 type=standard A=10210:com.skillsroom.mobile}
07-13 09:39:23.382 I/libPowerHal( 1059): [perfLockAcq] idx:7 hdl:246653 hint:22 pid:1059 duration:10000 lock_user:mtkpower@1.0-se => ret_hdl:246653
07-13 09:39:23.383 I/libPowerHal( 1059): [perfLockRel] hdl:246651, idx:5
07-13 09:39:23.383 D/WindowManager( 1813): Collecting in transition 6410: ActivityRecord{b8cb564 u0 com.skillsroom.mobile/.MainActivity t5365} init visibleRequested:false
07-13 09:39:23.383 D/WindowManager( 1813): Set transition=TransitionRecord{a2166da id=6410 type=CLOSE flags=0x0}, ready=false, SyncId=6410 used=true, override=false, defer=0, states=Display{#0 state=ON size=720x1600 ROTATION_0}:false
07-13 09:39:23.387 D/Launcher.Lifecycle( 2470): onResume:UserHandle{0},63f4ca8,false
07-13 09:39:23.387 W/Settings( 2470): Setting device_provisioned has moved from android.provider.Settings.Secure to android.provider.Settings.Global.
07-13 09:39:23.390 D/SoscSplitStateController( 2470): updateDividerFixedState: isFixed = true
07-13 09:39:23.390 D/Launcher.FullbackHome( 2470): FallbackHomeCompat::needKillSelf::needKillSelf = false
07-13 09:39:23.390 D/SurfaceFlinger( 1133): [SF client] NEW(0xb40000786c921300) for (2459:com.android.systemui)
07-13 09:39:23.390 I/MessageMonitor(19720): Load libmiui_runtime
07-13 09:39:23.391 D/TaskSnapshot_Helper( 2459): app is not pre-defined.
07-13 09:39:23.391 I/ActivityTaskManager( 1813): START u0 {flg=0x10000000 cmp=com.skillsroom.mobile/.MainActivity} with LAUNCH_SINGLE_TASK from uid 2000 (BAL_ALLOW_PERMISSION) result code=0
07-13 09:39:23.392 D/MiuiFullScreenTaskRepository( 2459): setFocusedTask taskId=1, displayId=0, topActivity=ComponentInfo{com.miui.home/com.miui.home.launcher.Launcher}
07-13 09:39:23.392 D/MiuiFullScreenTaskRepository( 2459): addOrUpdateFullScreenTaskInfo taskId=1, topActivity=ComponentInfo{com.miui.home/com.miui.home.launcher.Launcher}
07-13 09:39:23.392 D/C2MtkBufferManager( 1041): over 5000ms not request from VCodec but callback hooked, slow BM Cc fetch thread
07-13 09:39:23.394 D/LauncherAssistantCompatGoogle( 2470): onResume com.google.android.libraries.gsa.launcherclient.LauncherClient@80e5266
07-13 09:39:23.394 D/Launcher_UnlockAnimationStateMachine( 2470): onResume = IDLE
07-13 09:39:23.399 D/TaskStackChangeListeners( 2470): onTaskDescriptionChanged =  taskId = 5365
07-13 09:39:23.400 I/PowerHalWrapper( 1813): amsBoostProcessCreate package:com.skillsroom.mobile 
07-13 09:39:23.401 W/libc    ( 2459): Access denied finding property "ro.vendor.display.iris_x7.support"
07-13 09:39:23.401 D/MiuiDesktopModeController( 2459): onFocusTaskChanged newFocus: TaskInfo{userId=0 taskId=1 displayId=0 isRunning=true baseIntent=Intent { act=android.intent.action.MAIN cat=[android.intent.category.HOME] flg=0x10000100 cmp=com.miui.home/.launcher.Launcher } baseActivity=ComponentInfo{com.miui.home/com.miui.home.launcher.Launcher} topActivity=ComponentInfo{com.miui.home/com.miui.home.launcher.Launcher} origActivity=null realActivity=null numActivities=1 lastActiveTime=52422 supportsSplitScreenMultiWindow=true supportsMultiWindow=true resizeMode=2 isResizeable=true minWidth=-1 minHeight=-1 defaultMinSize=200 token=WCT{android.window.IWindowContainerToken$Stub$Proxy@ae62bb6} topActivityType=2 pictureInPictureParams=null shouldDockBigOverlays=false launchIntoPipHostTaskId=-1 lastParentTaskIdBeforePip=-1 displayCutoutSafeInsets=null topActivityInfo=ActivityInfo{a1640b7 com.miui.home.launcher.Launcher} launchCookies=[] positionInParent=Point(0, 0) parentTaskId=-1 isFocused=true isVisible=false isVisibleRequested=true isSleeping=false topActivityInSizeCompat=false topActivityEligibleForLetterboxEducation= false topActivityLetterboxed= false isFromDoubleTap= false topActivityLetterboxVerticalPosition= -1 topActivityLetterboxHorizontalPosition= -1 topActivityLetterboxWidth=-1 topActivityLetterboxHeight=-1 locusId=null displayAreaFeatureId=1 cameraCompatControlState=hidden mIsCastMode=false mTopActivityMediaSize=null mTopActivityRecordName=ActivityRecord{8061640 u0 com.miui.home/.launcher.Launcher t2} mTopActivityOrientation=1 mTopActivityWindowIsNowVisible=false isTranslucent=false isEmbedded=false shouldBeVisible=true mBehindAppLockPkg=null mOriginatingUid=0}
07-13 09:39:23.401 W/ServiceManagerCppClient( 1813): Failed to get isDeclared for vendor.mediatek.hardware.mtkpower.IMtkPowerService/default: Status(-1, EX_SECURITY): 'SELinux denied.'
07-13 09:39:23.402 I/mtkpower_client( 1813): IMtkPowerService_isDeclared 0
07-13 09:39:23.402 D/MiuiFreeformModeController( 2459): onFocusTaskChanged taskInfo: TaskInfo{userId=0 taskId=1 displayId=0 isRunning=true baseIntent=Intent { act=android.intent.action.MAIN cat=[android.intent.category.HOME] flg=0x10000100 cmp=com.miui.home/.launcher.Launcher } baseActivity=ComponentInfo{com.miui.home/com.miui.home.launcher.Launcher} topActivity=ComponentInfo{com.miui.home/com.miui.home.launcher.Launcher} origActivity=null realActivity=null numActivities=1 lastActiveTime=52422 supportsSplitScreenMultiWindow=true supportsMultiWindow=true resizeMode=2 isResizeable=true minWidth=-1 minHeight=-1 defaultMinSize=200 token=WCT{android.window.IWindowContainerToken$Stub$Proxy@ae62bb6} topActivityType=2 pictureInPictureParams=null shouldDockBigOverlays=false launchIntoPipHostTaskId=-1 lastParentTaskIdBeforePip=-1 displayCutoutSafeInsets=null topActivityInfo=ActivityInfo{a1640b7 com.miui.home.launcher.Launcher} launchCookies=[] positionInParent=Point(0, 0) parentTaskId=-1 isFocused=true isVisible=false isVisibleRequested=true isSleeping=false topActivityInSizeCompat=false topActivityEligibleForLetterboxEducation= false topActivityLetterboxed= false isFromDoubleTap= false topActivityLetterboxVerticalPosition= -1 topActivityLetterboxHorizontalPosition= -1 topActivityLetterboxWidth=-1 topActivityLetterboxHeight=-1 locusId=null displayAreaFeatureId=1 cameraCompatControlState=hidden mIsCastMode=false mTopActivityMediaSize=null mTopActivityRecordName=ActivityRecord{8061640 u0 com.miui.home/.launcher.Launcher t2} mTopActivityOrientation=1 mTopActivityWindowIsNowVisible=false isTranslucent=false isEmbedded=false shouldBeVisible=true mBehindAppLockPkg=null mOriginatingUid=0}
07-13 09:39:23.402 W/ServiceManagerCppClient( 1813): Failed to get isDeclared for vendor.mediatek.hardware.mtkpower.IMtkPowerService/default: Status(-1, EX_SECURITY): 'SELinux denied.'
07-13 09:39:23.402 I/mtkpower_client( 1813): IMtkPowerService_isDeclared 0
07-13 09:39:23.403 D/AppObserver( 2470): ForegroundInfo{mForegroundPackageName='com.miui.home', mForegroundUid=10166, mForegroundPid=2470, mLastForegroundPackageName='com.miui.home', mLastForegroundUid=10166, mLastForegroundPid=2470, mMultiWindowForegroundPackageName='com.miui.home', mMultiWindowForegroundUid=10166, mFlags=0}
07-13 09:39:23.403 D/PerfEngineController( 7233): ForegroundInfo{mForegroundPackageName='com.miui.home', mForegroundUid=10166, mForegroundPid=2470, mLastForegroundPackageName='com.miui.home', mLastForegroundUid=10166, mLastForegroundPid=2470, mMultiWindowForegroundPackageName='com.miui.home', mMultiWindowForegroundUid=10166, mFlags=0}
07-13 09:39:23.403 D/MiuiMultiWindowUtils( 1813): DeviceLevel.IS_MIUI_LITE_VERSION 2.0 not support miui multiWindowgale
07-13 09:39:23.403 I/Launcher( 2470): changeMIUIWidgetEditMode false
07-13 09:39:23.404 D/VRI[mobile]( 2459): hardware acceleration = true, forceHwAccelerated = false
07-13 09:39:23.405 D/t1      ( 5491): myUserId = 0	currentUserId0
07-13 09:39:23.405 I/libPowerHal( 1059): [perfLockAcq] idx:5 hdl:246654 hint:21 pid:1059 duration:10000 lock_user:mtkpower@1.0-se => ret_hdl:246654
07-13 09:39:23.406 D/SoScSplitScreenController( 2459): updateDividerFixedState isFixed:true
07-13 09:39:23.406 D/OneHandedController( 2459): stopOneHanded state is 0
07-13 09:39:23.407 E/BufferQueueDebug( 1133): [f974cfc Splash Screen com.skillsroom.mobile#78517](this:0xb40000785b38aa30,id:-1,api:0,p:-1,c:-1) id info cannot be read from 'f974cfc Splash Screen com.skillsroom.mobile#78517'
07-13 09:39:23.407 I/BufferQueueDebug( 1133): [f974cfc Splash Screen com.skillsroom.mobile#78517](this:0xb40000785b38aa30,id:-1,api:0,p:-1,c:-1) BufferQueue core=(1133:/system/bin/surfaceflinger)
07-13 09:39:23.407 D/CompatibilityChangeReporter( 1813): Compat change id reported: 135634846; UID 10210; state: DISABLED
07-13 09:39:23.407 D/CompatibilityChangeReporter( 1813): Compat change id reported: 177438394; UID 10210; state: DISABLED
07-13 09:39:23.407 D/CompatibilityChangeReporter( 1813): Compat change id reported: 135772972; UID 10210; state: DISABLED
07-13 09:39:23.407 D/CompatibilityChangeReporter( 1813): Compat change id reported: 135754954; UID 10210; state: ENABLED
07-13 09:39:23.407 I/libPowerHal( 1059): [PE] MTKPOWER_HINT_PROCESS_CREATE update cmd:2020000, param:15
07-13 09:39:23.408 I/libPowerHal( 1059): [PE] MTKPOWER_HINT_PROCESS_CREATE update cmd:1410000, param:1
07-13 09:39:23.408 D/CompatibilityChangeReporter( 1813): Compat change id reported: 143937733; UID 10210; state: ENABLED
07-13 09:39:23.410 D/OneHandedController( 2459): stopOneHanded state is 0
07-13 09:39:23.411 I/libPowerHal( 1059): [perfLockRel] hdl:246638, idx:-1
07-13 09:39:23.412 I/MiuiNetworkPolicy( 1813): updateUidState uid = 10157, uidState = 3
07-13 09:39:23.413 D/C2MtkBufferManager( 1041): over 5000ms not request from VCodec but callback hooked, slow BM Cc fetch thread
07-13 09:39:23.414 D/RecentsModel( 2470): onTaskStackChangedBackground
07-13 09:39:23.414 D/SymlinkUtils( 1813): attachApplication file op go pass: 6 ms
07-13 09:39:23.415 I/MiuiNetworkPolicy( 1813): updateUidState uid = 99051, uidState = 3
07-13 09:39:23.416 D/EventBus( 2470): No subscribers registered for event class com.miui.home.recents.messages.RecentTasksChangedEvent
07-13 09:39:23.417 D/RecentsModel( 2470): onTaskStackChangedBackground    MSG_TASK_STACK_CHANGE
07-13 09:39:23.417 D/MiuiFreeformModeObserver( 2459): activityResumed() intent： Intent { cmp=com.miui.home/.launcher.Launcher (has extras) }
07-13 09:39:23.417 D/RecentsModel( 2470): preloadRecents
07-13 09:39:23.417 W/RecentsModel( 2470): getRunningTask
07-13 09:39:23.417 D/EventBus( 2470): No subscribers registered for event class org.greenrobot.eventbus.NoSubscriberEvent
07-13 09:39:23.417 D/RecentsModel( 2470): onTaskStackChangedBackground
07-13 09:39:23.417 D/EventBus( 2470): No subscribers registered for event class com.miui.home.recents.messages.RecentTasksChangedEvent
07-13 09:39:23.418 D/EventBus( 2470): No subscribers registered for event class org.greenrobot.eventbus.NoSubscriberEvent
07-13 09:39:23.418 W/ProcessStats( 1813): Tracking association SourceState{38758b8 com.google.android.gms/10157 BTop #2358597} whose proc state 2 is better than process ProcessState{b6a3c10 com.google.android.webview:sandboxed_process0:org.chromium.content.app.SandboxedProcessService0:0/10157 pkg=com.google.android.gms} proc state 3 (8 skipped)
07-13 09:39:23.421 W/RecentsModel( 2470): getRunningTask   taskInfo=TaskInfo{userId=0 taskId=2 displayId=0 isRunning=true baseIntent=Intent { act=android.intent.action.MAIN cat=[android.intent.category.HOME] flg=0x10000100 cmp=com.miui.home/.launcher.Launcher } baseActivity=ComponentInfo{com.miui.home/com.miui.home.launcher.Launcher} topActivity=ComponentInfo{com.miui.home/com.miui.home.launcher.Launcher} origActivity=null realActivity=ComponentInfo{com.miui.home/com.miui.home.launcher.Launcher} numActivities=1 lastActiveTime=693563075 supportsSplitScreenMultiWindow=true supportsMultiWindow=true resizeMode=2 isResizeable=true minWidth=-1 minHeight=-1 defaultMinSize=200 token=WCT{android.window.IWindowContainerToken$Stub$Proxy@75c4652} topActivityType=2 pictureInPictureParams=null shouldDockBigOverlays=false launchIntoPipHostTaskId=-1 lastParentTaskIdBeforePip=-1 displayCutoutSafeInsets=null topActivityInfo=ActivityInfo{5231d23 com.miui.home.launcher.Launcher} launchCookies=[] positionInParent=Point(0, 0) parentTaskId=-1 isFocused=true isVisible=false isVisibleRequested=true isSleeping=false topActivityInSizeCompat=false topActivityEligibleForLetterboxEducation= false topActivityLetterboxed= false isFromDoubleTap= false topActivityLetterboxVerticalPosition= -1 topActivityLetterboxHorizontalPosition= -1 topActivityLetterboxWidth=-1 topActivityLetterboxHeight=-1 locusId=null displayAreaFeatureId=1 cameraCompatControlState=hidden mIsCastMode=false mTopActivityMediaSize=null mTopActivityRecordName=ActivityRecord{8061640 u0 com.miui.home/.launcher.Launcher t2} mTopActivityOrientation=1 mTopActivityWindowIsNowVisible=false isTranslucent=false isEmbedded=false shouldBeVisible=true mBehindAppLockPkg=null mOriginatingUid=0}
07-13 09:39:23.421 W/RecentsModel( 2470): getTaskInfoIgnoreHomeAndFreeform   taskInfo=ComponentInfo{com.miui.home/com.miui.home.launcher.Launcher}
07-13 09:39:23.421 E/BufferQueueDebug( 1133): [com.miui.home/com.miui.home.launcher.Launcher#78518](this:0xb40000785b40ea30,id:-1,api:0,p:-1,c:-1) id info cannot be read from 'com.miui.home/com.miui.home.launcher.Launcher#78518'
07-13 09:39:23.422 I/BufferQueueDebug( 1133): [com.miui.home/com.miui.home.launcher.Launcher#78518](this:0xb40000785b40ea30,id:-1,api:0,p:-1,c:-1) BufferQueue core=(1133:/system/bin/surfaceflinger)
07-13 09:39:23.422 E/ActivityManagerWrapper( 2470): get all recent tasks force including 2
07-13 09:39:23.423 I/MiuiNetworkPolicy( 1813): updateUidState uid = 10240, uidState = 3
07-13 09:39:23.429 D/Zygote  ( 1023): Forked child process 19740
07-13 09:39:23.431 W/WindowManager( 1813): Changing focus from null to Window{52dece7 u0 com.miui.home/com.miui.home.launcher.Launcher} displayId=0 Callers=com.android.server.wm.RootWindowContainer.updateFocusedWindowLocked:541 com.android.server.wm.WindowManagerService.updateFocusedWindowLocked:6840 com.android.server.wm.WindowManagerService.relayoutWindow:2940 com.android.server.wm.Session.relayout:263 
07-13 09:39:23.432 I/WindowManager( 1813): cancelAnimation removed leash : Surface(name=Surface(name=d59f9dd NavigationBar0#77073)/@0xd8156d9 - animation-leash of insets_animation#78501)/@0xec397e7
07-13 09:39:23.432 E/BufferQueueDebug( 1133): [Surface(name=d59f9dd NavigationBar0#77073)/@0xd8156d9 - animation-leash of insets_animation#78519](this:0xb40000785b414a30,id:-1,api:0,p:-1,c:-1) id info cannot be read from 'Surface(name=d59f9dd NavigationBar0#77073)/@0xd8156d9 - animation-leash of insets_animation#78519'
07-13 09:39:23.432 I/BufferQueueDebug( 1133): [Surface(name=d59f9dd NavigationBar0#77073)/@0xd8156d9 - animation-leash of insets_animation#78519](this:0xb40000785b414a30,id:-1,api:0,p:-1,c:-1) BufferQueue core=(1133:/system/bin/surfaceflinger)
07-13 09:39:23.433 I/WindowManager( 1813): cancelAnimation removed leash : Surface(name=Surface(name=5a869db StatusBar#93)/@0xba1daa7 - animation-leash of insets_animation#78502)/@0x9a45a3d
07-13 09:39:23.433 D/C2MtkBufferManager( 1041): over 5000ms not request from VCodec but callback hooked, slow BM Cc fetch thread
07-13 09:39:23.433 E/BufferQueueDebug( 1133): [Surface(name=5a869db StatusBar#93)/@0xba1daa7 - animation-leash of insets_animation#78520](this:0xb40000785b4bca30,id:-1,api:0,p:-1,c:-1) id info cannot be read from 'Surface(name=5a869db StatusBar#93)/@0xba1daa7 - animation-leash of insets_animation#78520'
07-13 09:39:23.433 D/StatusBarController( 2470): handleMessage: flag 1000000  disable false
07-13 09:39:23.434 I/BufferQueueDebug( 1133): [Surface(name=5a869db StatusBar#93)/@0xba1daa7 - animation-leash of insets_animation#78520](this:0xb40000785b4bca30,id:-1,api:0,p:-1,c:-1) BufferQueue core=(1133:/system/bin/surfaceflinger)
07-13 09:39:23.435 D/WindowManager( 1813): wms.Input focus has changed to Window{52dece7 u0 com.miui.home/com.miui.home.launcher.Launcher} display=0 updateInputWindows = true
07-13 09:39:23.435 I/MultiSenceManagerInternalStub( 1813): getInstance
07-13 09:39:23.435 I/WindowManager( 1813): Relayout Window{52dece7 u0 com.miui.home/com.miui.home.launcher.Launcher}: oldVis=8 newVis=0 focusMayChange = true requestedWidth = 720 requestedHeight = 1600 outFrames = ClientWindowFrames{frame=[0,0][720,1600] display=[0,0][720,1600] parentFrame=[0,0][0,0]} outSurfaceControl = Surface(name=com.miui.home/com.miui.home.launcher.Launcher#78518)/@0x6a73232
07-13 09:39:23.436 E/Zygote  (19740): process_name_ptr:19740 com.skillsroom.mobile
07-13 09:39:23.438 D/BufferQueueConsumer( 2470): [](id:9a600000530,api:0,p:-1,c:2470) connect: controlledByApp=false
07-13 09:39:23.439 E/BufferQueueDebug( 1133): [Splash Screen com.skillsroom.mobile#78521](this:0xb40000785b4bfa30,id:-1,api:0,p:-1,c:-1) id info cannot be read from 'Splash Screen com.skillsroom.mobile#78521'
07-13 09:39:23.440 I/BufferQueueDebug( 1133): [Splash Screen com.skillsroom.mobile#78521](this:0xb40000785b4bfa30,id:-1,api:0,p:-1,c:-1) BufferQueue core=(1133:/system/bin/surfaceflinger)
07-13 09:39:23.444 E/OpenGLRenderer( 2470): Unable to match the desired swap behavior.
07-13 09:39:23.446 D/VRI[Launcher]( 2470): vri.reportNextDraw android.view.ViewRootImpl.performTraversals:4402 android.view.ViewRootImpl.doTraversal:3018 android.view.ViewRootImpl$TraversalRunnable.run:10526 android.view.Choreographer$CallbackRecord.run:1682 android.view.Choreographer$CallbackRecord.run:1691 
07-13 09:39:23.447 D/VRI[Launcher]( 2470): vri.Setup new sync=wmsSync-VRI[Launcher]#38
07-13 09:39:23.447 I/illsroom.mobile(19740): Late-enabling -Xcheck:jni
07-13 09:39:23.448 E/ActivityManagerWrapper( 2470): getRecentTasks: size=9
07-13 09:39:23.449 E/ActivityManagerWrapper( 2470): getRecentTasks: mainTaskId=5365   userId=0   windowMode=1   baseIntent=Intent { act=null flag=268435456 cmp=ComponentInfo{com.skillsroom.mobile/com.skillsroom.mobile.MainActivity} }
07-13 09:39:23.449 E/ActivityManagerWrapper( 2470): getRecentTasks: mainTaskId=5341   userId=0   windowMode=1   baseIntent=Intent { act=android.intent.action.MAIN flag=270532608 cmp=ComponentInfo{com.whatsapp.w4b/com.whatsapp.Main} }
07-13 09:39:23.449 E/ActivityManagerWrapper( 2470): getRecentTasks: mainTaskId=5344   userId=0   windowMode=1   baseIntent=Intent { act=android.intent.action.MAIN flag=270532608 cmp=ComponentInfo{com.facebook.lite/com.facebook.lite.MainActivity} }
07-13 09:39:23.449 E/ActivityManagerWrapper( 2470): getRecentTasks: mainTaskId=5336   userId=0   windowMode=1   baseIntent=Intent { act=android.intent.action.MAIN flag=270532608 cmp=ComponentInfo{com.google.android.dialer/com.google.android.dialer.extensions.GoogleDialtactsActivity} }
07-13 09:39:23.449 E/ActivityManagerWrapper( 2470): getRecentTasks: mainTaskId=5335   userId=0   windowMode=1   baseIntent=Intent { act=android.intent.action.MAIN flag=270532608 cmp=ComponentInfo{com.shaiban.audioplayer.mplayer/com.shaiban.audioplayer.mplayer.app.navigation.NavigatingActivity} }
07-13 09:39:23.449 E/ActivityManagerWrapper( 2470): getRecentTasks: mainTaskId=5287   userId=0   windowMode=1   baseIntent=Intent { act=android.intent.action.MAIN flag=270532608 cmp=ComponentInfo{ng.mtn.nextgen/ng.mtn.nextgen.MainActivity} }
07-13 09:39:23.449 E/ActivityManagerWrapper( 2470): getRecentTasks: mainTaskId=5273   userId=0   windowMode=1   baseIntent=Intent { act=android.settings.APPLICATION_DEVELOPMENT_SETTINGS flag=268468224 cmp=ComponentInfo{com.android.settings/com.android.settings.Settings$DevelopmentSettingsDashboardActivity} }
07-13 09:39:23.449 E/ActivityManagerWrapper( 2470): getRecentTasks: mainTaskId=5246   userId=0   windowMode=1   baseIntent=Intent { act=android.intent.action.MAIN flag=270532608 cmp=ComponentInfo{cn.xender/cn.xender.ui.activity.SplashActivity} }
07-13 09:39:23.449 E/ActivityManagerWrapper( 2470): getRecentTasks: mainTaskId=5239   userId=0   windowMode=1   baseIntent=Intent { act=android.intent.action.MAIN flag=270532608 cmp=ComponentInfo{com.android.camera/com.android.camera.Camera} }
07-13 09:39:23.450 D/BoundBrokerSvc( 8414): onBind: Intent { act=com.google.android.gms.measurement.START pkg=com.google.android.gms }
07-13 09:39:23.450 D/BoundBrokerSvc( 8414): Loading bound service for intent: Intent { act=com.google.android.gms.measurement.START pkg=com.google.android.gms }
07-13 09:39:23.454 D/C2MtkBufferManager( 1041): over 5000ms not request from VCodec but callback hooked, slow BM Cc fetch thread
07-13 09:39:23.457 W/WindowManager( 1813): Failed to deliver inset control state change to w=Window{7ff6c1d u0 com.skillsroom.mobile/com.skillsroom.mobile.MainActivity EXITING}
07-13 09:39:23.457 W/WindowManager( 1813): android.os.DeadObjectException
07-13 09:39:23.457 W/WindowManager( 1813): 	at android.os.BinderProxy.transactNative(Native Method)
07-13 09:39:23.457 W/WindowManager( 1813): 	at android.os.BinderProxy.transact(BinderProxy.java:639)
07-13 09:39:23.457 W/WindowManager( 1813): 	at android.view.IWindow$Stub$Proxy.insetsControlChanged(IWindow.java:608)
07-13 09:39:23.457 W/WindowManager( 1813): 	at com.android.server.wm.WindowState.notifyInsetsControlChanged(WindowState.java:4153)
07-13 09:39:23.457 W/WindowManager( 1813): 	at com.android.server.wm.InsetsStateController.lambda$notifyPendingInsetsControlChanged$3(InsetsStateController.java:343)
07-13 09:39:23.457 W/WindowManager( 1813): 	at com.android.server.wm.InsetsStateController.$r8$lambda$8yykPRG1GyNq_J17QvL9d5xANMc(InsetsStateController.java:0)
07-13 09:39:23.457 W/WindowManager( 1813): 	at com.android.server.wm.InsetsStateController$$ExternalSyntheticLambda2.run(D8$$SyntheticClass:2)
07-13 09:39:23.457 W/WindowManager( 1813): 	at com.android.server.wm.WindowAnimator.executeAfterPrepareSurfacesRunnables(WindowAnimator.java:309)
07-13 09:39:23.457 W/WindowManager( 1813): 	at com.android.server.wm.RootWindowContainer.performSurfacePlacementNoTrace(RootWindowContainer.java:905)
07-13 09:39:23.457 W/WindowManager( 1813): 	at com.android.server.wm.RootWindowContainer.performSurfacePlacement(RootWindowContainer.java:847)
07-13 09:39:23.457 W/WindowManager( 1813): 	at com.android.server.wm.WindowSurfacePlacer.performSurfacePlacementLoop(WindowSurfacePlacer.java:200)
07-13 09:39:23.457 W/WindowManager( 1813): 	at com.android.server.wm.WindowSurfacePlacer.performSurfacePlacement(WindowSurfacePlacer.java:149)
