07-13 09:39:28.017 W/unknown:BridgelessReact(19740): ReactHost{0}.getOrCreateReactInstanceTask(): Creating BridgelessReactContext
07-13 09:39:28.017 W/ComponentDiscovery(19972): Class com.google.firebase.dynamicloading.DynamicLoadingRegistrar is not an found.
07-13 09:39:28.019 W/libc    (19740): Access denied finding property "ro.vendor.display.iris_x7.support"
07-13 09:39:28.020 W/unknown:BridgelessReact(19740): ReactHost{0}.getOrCreateReactInstanceTask(): Creating ReactInstance
07-13 09:39:28.021 D/View    (19740): [Warning] assignParent to null: this = android.widget.PopupWindow$PopupDecorView{68cceb V.E...... R......D 0,0-720,50}
07-13 09:39:28.022 D/BLASTBufferQueue(19740): [VRI[PopupWindow:f165c39]#1](f:0,a:1) destructor()
07-13 09:39:28.022 I/BpBinder( 1133): onLastStrongRef automatically unlinking death recipients: 
07-13 09:39:28.022 D/C2MtkBufferManager( 1041): over 5000ms not request from VCodec but callback hooked, slow BM Cc fetch thread
07-13 09:39:28.022 D/BufferQueueConsumer(19740): [VRI[PopupWindow:f165c39]#1(BLAST Consumer)1](id:4d1c00000001,api:0,p:-1,c:19740) disconnect
07-13 09:39:28.024 W/InputManager-JNI( 1813): Input channel object '3398984 PopupWindow:f165c39 (client)' was disposed without first being removed with the input manager!
07-13 09:39:28.024 D/WindowManager( 1813): setParent old=Window{be7f8bc u0 com.skillsroom.mobile/com.skillsroom.mobile.MainActivity},new=null,this window=Window{3398984 u0 PopupWindow:f165c39},callers=com.android.server.wm.WindowContainer.removeChild:831 com.android.server.wm.WindowContainer.removeImmediately:889 com.android.server.wm.WindowState.removeImmediately:2490 com.android.server.wm.WindowState.removeIfPossible:2662 com.android.server.wm.WindowManagerService.removeWindow:2412 com.android.server.wm.Session.remove:245 
07-13 09:39:28.026 D/CompatibilityChangeReporter(19972): Compat change id reported: 183155436; UID 10203; state: ENABLED
07-13 09:39:28.026 I/FirebaseApp(19972): Device unlocked: initializing all Firebase APIs for app [DEFAULT]
07-13 09:39:28.035 I/FirebaseInitProvider(19972): FirebaseApp initialization successful
07-13 09:39:28.043 D/C2MtkBufferManager( 1041): over 5000ms not request from VCodec but callback hooked, slow BM Cc fetch thread
07-13 09:39:28.046 I/IDM-CPPSDK-StartupInit(19972): create: PID =19972
07-13 09:39:28.046 I/IDM-CPPSDK-StartupInit(19972): create: TID =19972
07-13 09:39:28.046 I/ClipboardServiceI( 1813): checkProviderWakePathForClipboard: primaryClip is null
07-13 09:39:28.051 W/.milink.service(19972): Unsupported class loader: java.lang.Class<com.google.android.gms.dynamite.h>
07-13 09:39:28.054 D/AutoDensity(19972): autodensity debugEnable = 
07-13 09:39:28.055 W/.milink.service(19972): Unsupported class loader: java.lang.Class<com.google.android.gms.dynamite.h>
07-13 09:39:28.057 W/.milink.service(19972): Unsupported class loader: java.lang.Class<com.google.android.gms.dynamite.h>
07-13 09:39:28.061 I/BufferQueueDebug( 1133): [PopupWindow:f165c39#78540](this:0xb400007855b2ca30,id:-1,api:0,p:-1,c:1133) onDestructor()
07-13 09:39:28.061 I/BufferQueueDebug( 1133): [3398984 PopupWindow:f165c39#78539](this:0xb40000785b4fba30,id:-1,api:0,p:-1,c:1133) onDestructor()
07-13 09:39:28.063 I/ClipboardServiceI( 1813): checkProviderWakePathForClipboard: primaryClip is null
07-13 09:39:28.063 D/C2MtkBufferManager( 1041): over 5000ms not request from VCodec but callback hooked, slow BM Cc fetch thread
07-13 09:39:28.067 I/DynamiteModule(19972): Considering local module com.google.android.gms.measurement.dynamite:46 and remote module com.google.android.gms.measurement.dynamite:196
07-13 09:39:28.067 I/DynamiteModule(19972): Selected remote version of com.google.android.gms.measurement.dynamite, version >= 196
07-13 09:39:28.067 V/DynamiteModule(19972): Dynamite loader version >= 2, using loadModule2NoCrashUtils
07-13 09:39:28.070 I/ML::MiLinkApplication(19972): com.milink.service:19972 onCreate
07-13 09:39:28.074 I/MiPlayQuickCpuInfo(19972): mtk cpu is MT6769V/CZ
07-13 09:39:28.074 I/MiPlayQuickCpuInfo(19972): getCpuName=MT6769V/CZ
07-13 09:39:28.074 I/MiPlayQuickCpuInfo(19972): cpuinfo MT6769V/CZ
07-13 09:39:28.074 D/MiPlayQuickStat(19972): stat event : 4
07-13 09:39:28.075 I/ML::MiuiSdk(19972): get vendor: 
07-13 09:39:28.075 I/ML::SystemProperty(19972): SystemProperties.getInt ro.miui.ui.version.code=816
07-13 09:39:28.075 I/ML::MiuiSdk(19972): MiuiVersionCode: 816
07-13 09:39:28.076 I/ML::PrivacyUtils(19972): get user experience: 1
07-13 09:39:28.078 I/ML::PrivacyUtils(19972): get setting privacy: 1
07-13 09:39:28.080 I/ML::FirebaseImpl(19972): cn&global stat condition: mainSpace=true, monkey=false
07-13 09:39:28.084 I/ML::FirebaseImpl(19972): global stat condition: local=false, remote=false, experience=true, setting=true
07-13 09:39:28.084 I/ML::FirebaseImpl(19972): Firebase init ignore
07-13 09:39:28.084 D/C2MtkBufferManager( 1041): over 5000ms not request from VCodec but callback hooked, slow BM Cc fetch thread
07-13 09:39:28.088 D/ActivityManager( 1813): getProcessesInErrorState callingUid=10288, CallingPid=19459
07-13 09:39:28.091 I/ML-DP   (19972): 12.5.0.2-12050002/castGlobalrelease/2969683/1/12/24, 10:37:23 AM
07-13 09:39:28.091 I/ML-DP   (19972): release-keys:true:10203:19972
07-13 09:39:28.091 W/System  (19972): ClassLoader referenced unknown path: 
07-13 09:39:28.091 D/nativeloader(19972): Configuring clns-5 for other apk . target_sdk_version=37, uses_libraries=, library_path=/data/app/~~cSclh6TyXFYukZNDYnHngw==/com.google.android.gms-ljlvoSCsNNYZN8qp-8KPsw==/lib/arm64:/data/app/~~cSclh6TyXFYukZNDYnHngw==/com.google.android.gms-ljlvoSCsNNYZN8qp-8KPsw==/base.apk!/lib/arm64-v8a, permitted_path=/data:/mnt/expand:/data/user/0/com.google.android.gms
07-13 09:39:28.092 I/ML::MiLinkApplication(19972): privacy operate: agree=0, agreeReport=0, revoke=0, revokeReport=0
07-13 09:39:28.094 I/ActivityManager( 1813): Flag disabled. Ignoring finishAttachApplication from uid: 10203. pid: 19972
07-13 09:39:28.096 D/nativeloader(19740): Load /data/app/~~YLnmsdzZwEre--bK2d7z9w==/com.skillsroom.mobile-f9Bv9at9m-3mkcSkMrJiDw==/base.apk!/lib/arm64-v8a/libhermesvm.so using class loader ns clns-4 (caller=/data/app/~~YLnmsdzZwEre--bK2d7z9w==/com.skillsroom.mobile-f9Bv9at9m-3mkcSkMrJiDw==/base.apk!classes20.dex): ok
07-13 09:39:28.097 I/ML::MirrorCastManager(19972): observe mirrorCastState
07-13 09:39:28.099 E/vold    (  491): Failed to find mounted volume for /storage/0669-140F/Android/data/com.milink.service/files/
07-13 09:39:28.099 I/ML::MiLinkTileService(19972): onCreate
07-13 09:39:28.104 D/C2MtkBufferManager( 1041): over 5000ms not request from VCodec but callback hooked, slow BM Cc fetch thread
07-13 09:39:28.104 W/ContextImpl(19972): Failed to ensure /storage/0669-140F/Android/data/com.milink.service/files: android.os.ServiceSpecificException:  (code -22)
07-13 09:39:28.105 D/nativeloader(19740): Load /data/app/~~YLnmsdzZwEre--bK2d7z9w==/com.skillsroom.mobile-f9Bv9at9m-3mkcSkMrJiDw==/base.apk!/lib/arm64-v8a/libhermestooling.so using class loader ns clns-4 (caller=/data/app/~~YLnmsdzZwEre--bK2d7z9w==/com.skillsroom.mobile-f9Bv9at9m-3mkcSkMrJiDw==/base.apk!classes20.dex): ok
07-13 09:39:28.105 D/jni_lib_merge(19740): Entering merged library JNI_OnLoad.
07-13 09:39:28.105 D/jni_lib_merge(19740): Preparing 4 pre-merged libs (including stub)
07-13 09:39:28.105 D/jni_lib_merge(19740): Preparing to register libhermes_executor_so.  onload_func: 0x7c86959fa4
07-13 09:39:28.105 D/jni_lib_merge(19740): Preparing to register libhermesinstancejni_so.  onload_func: 0x7c869938b4
07-13 09:39:28.105 D/jni_lib_merge(19740): Preparing to register libjsijniprofiler_so.  onload_func: 0x7c869958f8
07-13 09:39:28.105 D/jni_lib_merge(19740): About to register 3 actual methods.
07-13 09:39:28.112 I/ML::MiLinkServerService(19972): MiLinkServerService remove all scan
07-13 09:39:28.112 I/ML::ProtocolManager(19972): support miplay: false
07-13 09:39:28.113 I/ML::MiLinkServerService(19972): updateSystemProjectionBlackList
07-13 09:39:28.114 D/ML::MiLinkServerService(19972): MiLinkServerService onBind
07-13 09:39:28.115 I/MiuiNetworkPolicy( 1813): updateUidState uid = 10203, uidState = 19
07-13 09:39:28.119 I/ML::MiLinkTileService(19972): onServiceConnected
07-13 09:39:28.123 D/WindowManager( 1813): Update screen project privacy blacklist
07-13 09:39:28.125 D/C2MtkBufferManager( 1041): over 5000ms not request from VCodec but callback hooked, slow BM Cc fetch thread
07-13 09:39:28.145 D/C2MtkBufferManager( 1041): over 5000ms not request from VCodec but callback hooked, slow BM Cc fetch thread
07-13 09:39:28.157 I/PhenotypeResourceReader(10100): unable to find any Phenotype resource metadata for com.milink.service
07-13 09:39:28.165 D/C2MtkBufferManager( 1041): over 5000ms not request from VCodec but callback hooked, slow BM Cc fetch thread
07-13 09:39:28.186 D/C2MtkBufferManager( 1041): over 5000ms not request from VCodec but callback hooked, slow BM Cc fetch thread
07-13 09:39:28.191 E/.milink.service(19972): No package ID 6a found for resource ID 0x6a0b0013.
07-13 09:39:28.192 I/FA      (19972): App measurement initialized, version: 172000
07-13 09:39:28.193 I/FA      (19972): To enable debug logging run: adb shell setprop log.tag.FA VERBOSE
07-13 09:39:28.193 I/FA      (19972): To enable faster debug mode event logging run:
07-13 09:39:28.193 I/FA      (19972):   adb shell setprop debug.firebase.analytics.app com.milink.service
07-13 09:39:28.206 D/ActivityManager( 1813): getProcessesInErrorState callingUid=10279, CallingPid=443
07-13 09:39:28.206 D/C2MtkBufferManager( 1041): over 5000ms not request from VCodec but callback hooked, slow BM Cc fetch thread
07-13 09:39:28.215 I/SmartPower: com.google.process.gservices/10157(19828)( 1813): background->idle(3199ms) R(adj below visible) adj=700.
07-13 09:39:28.226 D/C2MtkBufferManager( 1041): over 5000ms not request from VCodec but callback hooked, slow BM Cc fetch thread
07-13 09:39:28.247 D/C2MtkBufferManager( 1041): over 5000ms not request from VCodec but callback hooked, slow BM Cc fetch thread
07-13 09:39:28.267 D/C2MtkBufferManager( 1041): over 5000ms not request from VCodec but callback hooked, slow BM Cc fetch thread
07-13 09:39:28.287 D/C2MtkBufferManager( 1041): over 5000ms not request from VCodec but callback hooked, slow BM Cc fetch thread
07-13 09:39:28.304 I/MiuiNetworkPolicy( 1813): updateUidState uid = 10317, uidState = 19
07-13 09:39:28.307 I/MiuiNetworkPolicy( 1813): updateUidState uid = 10317, uidState = 11
07-13 09:39:28.308 D/C2MtkBufferManager( 1041): over 5000ms not request from VCodec but callback hooked, slow BM Cc fetch thread
07-13 09:39:28.328 D/C2MtkBufferManager( 1041): over 5000ms not request from VCodec but callback hooked, slow BM Cc fetch thread
07-13 09:39:28.343 D/connsyslogger( 1516): SD_LOG_ROOT is /data/debuglogger/connsyslog/fw.
07-13 09:39:28.343 D/connsyslogger( 1516): systemReady:1
07-13 09:39:28.348 D/C2MtkBufferManager( 1041): over 5000ms not request from VCodec but callback hooked, slow BM Cc fetch thread
07-13 09:39:28.363 I/ExpoModulesCore(19740): ✅ AppContext was initialized
07-13 09:39:28.369 D/C2MtkBufferManager( 1041): over 5000ms not request from VCodec but callback hooked, slow BM Cc fetch thread
07-13 09:39:28.389 D/C2MtkBufferManager( 1041): over 5000ms not request from VCodec but callback hooked, slow BM Cc fetch thread
07-13 09:39:28.390 W/Settings( 2457): Setting airplane_mode_on has moved from android.provider.Settings.System to android.provider.Settings.Global, returning read-only value.
07-13 09:39:28.409 D/C2MtkBufferManager( 1041): over 5000ms not request from VCodec but callback hooked, slow BM Cc fetch thread
07-13 09:39:28.430 D/C2MtkBufferManager( 1041): over 5000ms not request from VCodec but callback hooked, slow BM Cc fetch thread
07-13 09:39:28.435 I/mtkpower_client( 1813): perf_lock_acq, hdl:246640, dur:3000, num:2, pid:1813, tid:2160
07-13 09:39:28.436 W/ServiceManagerCppClient( 1813): Failed to get isDeclared for vendor.mediatek.hardware.mtkpower.IMtkPowerService/default: Status(-1, EX_SECURITY): 'SELinux denied.'
07-13 09:39:28.436 I/mtkpower_client( 1813): IMtkPowerService_isDeclared 0
07-13 09:39:28.436 I/mtkpower_client( 1813): ret_hdl:246659
07-13 09:39:28.437 I/mtkpower_client( 1813): perf_lock_rel, hdl:246659, tid:2160
07-13 09:39:28.437 I/libPowerHal( 1059): [perfLockAcq] idx:3 hdl:246659 hint:-1 pid:1813 duration:3000 lock_user:system_server => ret_hdl:246659
07-13 09:39:28.437 I/SbeHandle( 1059): end_default_hold_time HindID : 21
07-13 09:39:28.437 I/libPowerHal( 1059): [disableScenarioByHintId] Disable HindID : 21
07-13 09:39:28.437 I/libPowerHal( 1059): [disableScenarioByHintId] disableScenarioByHintId: HindID : 21
07-13 09:39:28.437 W/ServiceManagerCppClient( 1813): Failed to get isDeclared for vendor.mediatek.hardware.mtkpower.IMtkPowerService/default: Status(-1, EX_SECURITY): 'SELinux denied.'
07-13 09:39:28.437 I/mtkpower_client( 1813): IMtkPowerService_isDeclared 0
07-13 09:39:28.437 I/libPowerHal( 1059): MTKPOWER_HINT_PROCESS_CREATE: cpu_ctrl set cpu freq: -1 -1 -1 -1
07-13 09:39:28.437 I/libPowerHal( 1059): [PD] MTKPOWER_HINT_PROCESS_CREATE update cmd:1000000, param:1
07-13 09:39:28.437 I/libPowerHal( 1059): [PD] MTKPOWER_HINT_PROCESS_CREATE update cmd:1410000 param:0
07-13 09:39:28.438 I/libPowerHal( 1059): [PD] MTKPOWER_HINT_PROCESS_CREATE update cmd:1408300 param:40
07-13 09:39:28.438 I/libPowerHal( 1059): [PD] MTKPOWER_HINT_PROCESS_CREATE update cmd:1000000 param:1
07-13 09:39:28.438 I/libPowerHal( 1059): [PE] system_server update cmd:3410300 param:21
07-13 09:39:28.439 I/libPowerHal( 1059): [perfLockRel] hdl:246659, idx:3
07-13 09:39:28.439 I/SbeHandle( 1059): end_default_hold_time HindID : 21
07-13 09:39:28.439 I/libPowerHal( 1059): [disableScenarioByHintId] Disable HindID : 21
07-13 09:39:28.439 I/libPowerHal( 1059): [PD] system_server update ONESHOT cmd:3410300 param:21
07-13 09:39:28.450 D/C2MtkBufferManager( 1041): over 5000ms not request from VCodec but callback hooked, slow BM Cc fetch thread
07-13 09:39:28.471 D/C2MtkBufferManager( 1041): over 5000ms not request from VCodec but callback hooked, slow BM Cc fetch thread
07-13 09:39:28.475 D/NetworkController.MobileSignalController(1)( 2459): notifyListeners: mFeatureRelayData=false
07-13 09:39:28.489 I/gralloc4( 2459): @set_metadata: update dataspace from GM (0x00000000 -> 0x08010000)
07-13 09:39:28.491 D/C2MtkBufferManager( 1041): over 5000ms not request from VCodec but callback hooked, slow BM Cc fetch thread
07-13 09:39:28.494 I/BufferQueueProducer( 1133): [StatusBar#98](this:0xb400007865c71a30,id:-1,api:0,p:-1,c:1133) queueBuffer: fps=4.00 dur=2000.32 max=1366.51 min=16.25
07-13 09:39:28.500 I/libPerfCtl( 1059): xgfGetFPS pid:2459 fps:-1
07-13 09:39:28.500 I/libPerfCtl( 1059): xgfGetFPS pid:2470 fps:-1
07-13 09:39:28.500 I/libPerfCtl( 1059): xgfGetFPS pid:19720 fps:-1
07-13 09:39:28.500 I/libPerfCtl( 1059): xgfGetFPS pid:19740 fps:-1
07-13 09:39:28.512 D/C2MtkBufferManager( 1041): over 5000ms not request from VCodec but callback hooked, slow BM Cc fetch thread
07-13 09:39:28.532 W/unknown:BridgelessReact(19740): ReactHost{0}.getOrCreateReactInstanceTask(): Loading JS Bundle
07-13 09:39:28.533 D/C2MtkBufferManager( 1041): over 5000ms not request from VCodec but callback hooked, slow BM Cc fetch thread
07-13 09:39:28.533 W/unknown:BridgelessReact(19740): ReactHost{0}.getOrCreateReactInstanceTask(): DevSupportManager.onNewReactContextCreated()
07-13 09:39:28.540 W/unknown:ReactNative(19740): Packager connection already open, nooping.
07-13 09:39:28.541 W/unknown:BridgelessReact(19740): ReactHost{0}.ReactContext.onHostResume()
07-13 09:39:28.541 W/unknown:BridgelessReact(19740): ReactHost{0}.startSurface(surfaceId = 0): Execute
07-13 09:39:28.553 W/unknown:BridgelessReact(19740): ReactHost{0}.getOrCreateReactInstanceTask(): Executing ReactInstanceEventListeners
07-13 09:39:28.553 D/TelephonyManager( 2457): requestModemActivityInfo: Sending result to app: ModemActivityInfo{ mTimestamp=693568203 mSleepTimeMs=291189209 mIdleTimeMs=83015074 mActivityStatsTechSpecificInfo=[{mRat=UNKNOWN,mFrequencyRange=UNKNOWN,mTxTimeMs[]=[99490, 860037, 16522028, 16875398, 35622576],mRxTimeMs=321091650}]}
07-13 09:39:28.554 D/C2MtkBufferManager( 1041): over 5000ms not request from VCodec but callback hooked, slow BM Cc fetch thread
07-13 09:39:28.574 D/C2MtkBufferManager( 1041): over 5000ms not request from VCodec but callback hooked, slow BM Cc fetch thread
07-13 09:39:28.590 D/ActivityManager( 1813): getProcessesInErrorState callingUid=10288, CallingPid=19459
07-13 09:39:28.595 D/C2MtkBufferManager( 1041): over 5000ms not request from VCodec but callback hooked, slow BM Cc fetch thread
07-13 09:39:28.615 D/C2MtkBufferManager( 1041): over 5000ms not request from VCodec but callback hooked, slow BM Cc fetch thread
07-13 09:39:28.636 D/C2MtkBufferManager( 1041): over 5000ms not request from VCodec but callback hooked, slow BM Cc fetch thread
07-13 09:39:28.655 D/TrafficManageService( 5491): onReceive: intent.action = com.android.server.action.NETWORK_STATS_UPDATED
07-13 09:39:28.656 D/C2MtkBufferManager( 1041): over 5000ms not request from VCodec but callback hooked, slow BM Cc fetch thread
07-13 09:39:28.660 D/TrafficManageService-TrafficSimManager( 5491): notifyByNetChange: gooooo
07-13 09:39:28.675 D/TrafficManageService-TrafficSimManager( 5491): getMonthDataUsageUsed: new_get = 59945614982
07-13 09:39:28.677 D/C2MtkBufferManager( 1041): over 5000ms not request from VCodec but callback hooked, slow BM Cc fetch thread
07-13 09:39:28.697 D/C2MtkBufferManager( 1041): over 5000ms not request from VCodec but callback hooked, slow BM Cc fetch thread
07-13 09:39:28.707 D/ActivityManager( 1813): getProcessesInErrorState callingUid=10279, CallingPid=443
07-13 09:39:28.718 D/C2MtkBufferManager( 1041): over 5000ms not request from VCodec but callback hooked, slow BM Cc fetch thread
07-13 09:39:28.735 D/CompatibilityChangeReporter( 1813): Compat change id reported: 135634846; UID 1002; state: DISABLED
07-13 09:39:28.735 D/CompatibilityChangeReporter( 1813): Compat change id reported: 177438394; UID 1002; state: DISABLED
07-13 09:39:28.736 D/CompatibilityChangeReporter( 1813): Compat change id reported: 135772972; UID 1002; state: DISABLED
07-13 09:39:28.736 D/CompatibilityChangeReporter( 1813): Compat change id reported: 135754954; UID 1002; state: ENABLED
07-13 09:39:28.738 D/C2MtkBufferManager( 1041): over 5000ms not request from VCodec but callback hooked, slow BM Cc fetch thread
07-13 09:39:28.748 D/Zygote  ( 1023): Forked child process 20022
07-13 09:39:28.750 D/MiuiProcessPolicyManager( 1813): promote com.xiaomi.bluetooth maxAdj to svcb  , maxProcState to + PER 
07-13 09:39:28.750 I/ActivityManager( 1813): Start proc 20022:com.xiaomi.bluetooth/1002 for service {com.xiaomi.bluetooth/com.xiaomi.bluetooth.mma.MiuiMMAService} caller=com.xiaomi.bluetooth
07-13 09:39:28.756 E/Zygote  (20022): process_name_ptr:20022 com.xiaomi.bluetooth
07-13 09:39:28.759 D/C2MtkBufferManager( 1041): over 5000ms not request from VCodec but callback hooked, slow BM Cc fetch thread
07-13 09:39:28.773 I/iaomi.bluetooth(20022): Using generational CollectorTypeCC GC.
07-13 09:39:28.779 D/C2MtkBufferManager( 1041): over 5000ms not request from VCodec but callback hooked, slow BM Cc fetch thread
07-13 09:39:28.787 D/nativeloader(20022): Load libframework-connectivity-tiramisu-jni.so using APEX ns com_android_tethering for caller /apex/com.android.tethering/javalib/framework-connectivity-t.jar: ok
07-13 09:39:28.796 I/MessageMonitor(20022): Load libmiui_runtime
07-13 09:39:28.799 D/C2MtkBufferManager( 1041): over 5000ms not request from VCodec but callback hooked, slow BM Cc fetch thread
07-13 09:39:28.803 D/SymlinkUtils( 1813): attachApplication file op go pass: 0 ms
07-13 09:39:28.804 I/SmartPower: com.xiaomi.bluetooth/1002(20022)( 1813): died->background(1075ms) R(process start ) adj=-10000.
07-13 09:39:28.808 D/CompatibilityChangeReporter( 1813): Compat change id reported: 168419799; UID 1002; state: DISABLED
07-13 09:39:28.809 D/CompatibilityChangeReporter( 1813): Compat change id reported: 273564678; UID 1002; state: DISABLED
07-13 09:39:28.815 D/CompatibilityChangeReporter(20022): Compat change id reported: 171979766; UID 1002; state: ENABLED
07-13 09:39:28.816 D/CompatibilityChangeReporter(20022): Compat change id reported: 242716250; UID 1002; state: ENABLED
07-13 09:39:28.820 D/C2MtkBufferManager( 1041): over 5000ms not request from VCodec but callback hooked, slow BM Cc fetch thread
07-13 09:39:28.840 D/C2MtkBufferManager( 1041): over 5000ms not request from VCodec but callback hooked, slow BM Cc fetch thread
07-13 09:39:28.849 D/nativeloader(20022): Configuring clns-shared-4 for other apk /system_ext/app/miuisystem/miuisystem.apk. target_sdk_version=34, uses_libraries=ALL, library_path=/system_ext/app/BluetoothExtension/lib/arm64:/system_ext/app/BluetoothExtension/BluetoothExtension.apk!/lib/arm64-v8a:/system/lib64:/system_ext/lib64:/system_ext/priv-app/RtMiCloudSDK/RtMiCloudSDK.apk!/lib/arm64-v8a:/system_ext/app/miuisystem/miuisystem.apk!/lib/arm64-v8a, permitted_path=/data:/mnt/expand:/data/user_de/0/com.xiaomi.bluetooth:/system_ext/app/BluetoothExtension:/system/lib64:/system_ext/lib64
07-13 09:39:28.849 D/nativeloader(20022): Extending system_exposed_libraries: libapuwareapusys.mtk.so:libapuwareapusys_v2.mtk.so:libapuwarexrp.mtk.so:libapuwarexrp_v2.mtk.so:libapuwareutils.mtk.so:libapuwareutils_v2.mtk.so:libapuwarehmp.mtk.so:libmcv_runtime_usdk.mtk.so:libneuron_graph_delegate.mtk.so:libneuronusdk_adapter.mtk.so:libtflite_mtk.mtk.so:libarmnn_ndk.mtk.so:libcmdl_ndk.mtk.so:libnir_neon_driver_ndk.mtk.so:libmvpu_runtime.mtk.so:libmvpu_runtime_pub.mtk.so:libmvpu_engine_pub.mtk.so:libmvpu_pattern_pub.mtk.so:libmvpuop_mtk_cv.mtk.so:libmvpuop_mtk_nn.mtk.so:libmvpu_runtime_25.mtk.so:libmvpu_runtime_25_pub.mtk.so:libmvpu_engine_25_pub.mtk.so:libmvpu_pattern_25_pub.mtk.so:libmvpuop25_mtk_cv.mtk.so:libmvpuop25_mtk_nn.mtk.so:libmvpu_config.mtk.so:libteeservice_client.trustonic.so:libmisys_jni.xiaomi.so
07-13 09:39:28.861 D/C2MtkBufferManager( 1041): over 5000ms not request from VCodec but callback hooked, slow BM Cc fetch thread
07-13 09:39:28.864 D/nativeloader(20022): Configuring clns-shared-5 for other apk /system_ext/priv-app/RtMiCloudSDK/RtMiCloudSDK.apk. target_sdk_version=34, uses_libraries=ALL, library_path=/system_ext/app/BluetoothExtension/lib/arm64:/system_ext/app/BluetoothExtension/BluetoothExtension.apk!/lib/arm64-v8a:/system/lib64:/system_ext/lib64:/system_ext/priv-app/RtMiCloudSDK/RtMiCloudSDK.apk!/lib/arm64-v8a:/system_ext/app/miuisystem/miuisystem.apk!/lib/arm64-v8a, permitted_path=/data:/mnt/expand:/data/user_de/0/com.xiaomi.bluetooth:/system_ext/app/BluetoothExtension:/system/lib64:/system_ext/lib64
07-13 09:39:28.864 D/nativeloader(20022): Extending system_exposed_libraries: libapuwareapusys.mtk.so:libapuwareapusys_v2.mtk.so:libapuwarexrp.mtk.so:libapuwarexrp_v2.mtk.so:libapuwareutils.mtk.so:libapuwareutils_v2.mtk.so:libapuwarehmp.mtk.so:libmcv_runtime_usdk.mtk.so:libneuron_graph_delegate.mtk.so:libneuronusdk_adapter.mtk.so:libtflite_mtk.mtk.so:libarmnn_ndk.mtk.so:libcmdl_ndk.mtk.so:libnir_neon_driver_ndk.mtk.so:libmvpu_runtime.mtk.so:libmvpu_runtime_pub.mtk.so:libmvpu_engine_pub.mtk.so:libmvpu_pattern_pub.mtk.so:libmvpuop_mtk_cv.mtk.so:libmvpuop_mtk_nn.mtk.so:libmvpu_runtime_25.mtk.so:libmvpu_runtime_25_pub.mtk.so:libmvpu_engine_25_pub.mtk.so:libmvpu_pattern_25_pub.mtk.so:libmvpuop25_mtk_cv.mtk.so:libmvpuop25_mtk_nn.mtk.so:libmvpu_config.mtk.so:libteeservice_client.trustonic.so:libmisys_jni.xiaomi.so
07-13 09:39:28.871 D/nativeloader(20022): Configuring clns-shared-6 for other apk /system/framework/org.apache.http.legacy.jar. target_sdk_version=34, uses_libraries=ALL, library_path=/system_ext/app/BluetoothExtension/lib/arm64:/system_ext/app/BluetoothExtension/BluetoothExtension.apk!/lib/arm64-v8a:/system/lib64:/system_ext/lib64:/system_ext/priv-app/RtMiCloudSDK/RtMiCloudSDK.apk!/lib/arm64-v8a:/system_ext/app/miuisystem/miuisystem.apk!/lib/arm64-v8a, permitted_path=/data:/mnt/expand:/data/user_de/0/com.xiaomi.bluetooth:/system_ext/app/BluetoothExtension:/system/lib64:/system_ext/lib64
07-13 09:39:28.871 D/nativeloader(20022): Extending system_exposed_libraries: libapuwareapusys.mtk.so:libapuwareapusys_v2.mtk.so:libapuwarexrp.mtk.so:libapuwarexrp_v2.mtk.so:libapuwareutils.mtk.so:libapuwareutils_v2.mtk.so:libapuwarehmp.mtk.so:libmcv_runtime_usdk.mtk.so:libneuron_graph_delegate.mtk.so:libneuronusdk_adapter.mtk.so:libtflite_mtk.mtk.so:libarmnn_ndk.mtk.so:libcmdl_ndk.mtk.so:libnir_neon_driver_ndk.mtk.so:libmvpu_runtime.mtk.so:libmvpu_runtime_pub.mtk.so:libmvpu_engine_pub.mtk.so:libmvpu_pattern_pub.mtk.so:libmvpuop_mtk_cv.mtk.so:libmvpuop_mtk_nn.mtk.so:libmvpu_runtime_25.mtk.so:libmvpu_runtime_25_pub.mtk.so:libmvpu_engine_25_pub.mtk.so:libmvpu_pattern_25_pub.mtk.so:libmvpuop25_mtk_cv.mtk.so:libmvpuop25_mtk_nn.mtk.so:libmvpu_config.mtk.so:libteeservice_client.trustonic.so:libmisys_jni.xiaomi.so
07-13 09:39:28.881 D/C2MtkBufferManager( 1041): over 5000ms not request from VCodec but callback hooked, slow BM Cc fetch thread
07-13 09:39:28.895 D/nativeloader(20022): Configuring clns-shared-7 for other apk /system_ext/app/BluetoothExtension/BluetoothExtension.apk. target_sdk_version=34, uses_libraries=, library_path=/system_ext/app/BluetoothExtension/lib/arm64:/system_ext/app/BluetoothExtension/BluetoothExtension.apk!/lib/arm64-v8a:/system/lib64:/system_ext/lib64:/system_ext/priv-app/RtMiCloudSDK/RtMiCloudSDK.apk!/lib/arm64-v8a:/system_ext/app/miuisystem/miuisystem.apk!/lib/arm64-v8a, permitted_path=/data:/mnt/expand:/data/user_de/0/com.xiaomi.bluetooth:/system_ext/app/BluetoothExtension:/system/lib64:/system_ext/lib64
07-13 09:39:28.902 D/C2MtkBufferManager( 1041): over 5000ms not request from VCodec but callback hooked, slow BM Cc fetch thread
07-13 09:39:28.922 D/C2MtkBufferManager( 1041): over 5000ms not request from VCodec but callback hooked, slow BM Cc fetch thread
07-13 09:39:28.939 D/nativeloader(20022): Load libframework-connectivity-jni.so using APEX ns com_android_tethering for caller /apex/com.android.tethering/javalib/framework-connectivity.jar: ok
07-13 09:39:28.943 D/C2MtkBufferManager( 1041): over 5000ms not request from VCodec but callback hooked, slow BM Cc fetch thread
07-13 09:39:28.943 V/GraphicsEnvironment(20022): Currently set values for:
07-13 09:39:28.943 V/GraphicsEnvironment(20022):   angle_gl_driver_selection_pkgs=[]
07-13 09:39:28.943 V/GraphicsEnvironment(20022):   angle_gl_driver_selection_values=[]
07-13 09:39:28.944 V/GraphicsEnvironment(20022): ANGLE GameManagerService for com.xiaomi.bluetooth: false
07-13 09:39:28.944 V/GraphicsEnvironment(20022): com.xiaomi.bluetooth is not listed in per-application setting
07-13 09:39:28.944 V/GraphicsEnvironment(20022): Neither updatable production driver nor prerelease driver is supported.
07-13 09:39:28.948 I/ForceDarkHelperStubImpl(20022): initialize for com.xiaomi.bluetooth , ForceDarkOrigin
07-13 09:39:28.951 D/nativeloader(20022): Load libforcedarkimpl.so using system ns (caller=/system_ext/framework/miui-framework.jar): ok
07-13 09:39:28.952 D/OpenGLRenderer(20022): JNI_OnLoad success
07-13 09:39:28.952 I/MiuiForceDarkConfig(20022): setConfig density:2.000000, mainRule:0, secondaryRule:0, tertiaryRule:0
07-13 09:39:28.963 D/C2MtkBufferManager( 1041): over 5000ms not request from VCodec but callback hooked, slow BM Cc fetch thread
07-13 09:39:28.970 D/MiuiApplication(20022): MiuiApplication: Constructed com.android.bluetooth.ble.MiuiApplication@96a222a
07-13 09:39:28.984 D/C2MtkBufferManager( 1041): over 5000ms not request from VCodec but callback hooked, slow BM Cc fetch thread
07-13 09:39:29.005 D/C2MtkBufferManager( 1041): over 5000ms not request from VCodec but callback hooked, slow BM Cc fetch thread
07-13 09:39:29.025 D/C2MtkBufferManager( 1041): over 5000ms not request from VCodec but callback hooked, slow BM Cc fetch thread
07-13 09:39:29.046 D/C2MtkBufferManager( 1041): over 5000ms not request from VCodec but callback hooked, slow BM Cc fetch thread
07-13 09:39:29.049 E/vold    (  491): Failed to find mounted volume for /storage/0669-140F/Android/data/com.xiaomi.bluetooth/files/
07-13 09:39:29.052 W/ContextImpl(20022): Failed to ensure /storage/0669-140F/Android/data/com.xiaomi.bluetooth/files: android.os.ServiceSpecificException:  (code -22)
07-13 09:39:29.057 E/vold    (  491): Failed to find mounted volume for /storage/0669-140F/Android/data/com.xiaomi.bluetooth/cache/
07-13 09:39:29.059 W/ContextImpl(20022): Failed to ensure /storage/0669-140F/Android/data/com.xiaomi.bluetooth/cache: android.os.ServiceSpecificException:  (code -22)
07-13 09:39:29.066 D/C2MtkBufferManager( 1041): over 5000ms not request from VCodec but callback hooked, slow BM Cc fetch thread
07-13 09:39:29.087 D/C2MtkBufferManager( 1041): over 5000ms not request from VCodec but callback hooked, slow BM Cc fetch thread
07-13 09:39:29.092 E/vold    (  491): Failed to find mounted volume for /storage/0669-140F/Android/media/com.xiaomi.bluetooth/
07-13 09:39:29.092 D/ActivityManager( 1813): getProcessesInErrorState callingUid=10288, CallingPid=19459
07-13 09:39:29.093 W/ContextImpl(20022): Failed to ensure /storage/0669-140F/Android/media/com.xiaomi.bluetooth: android.os.ServiceSpecificException:  (code -22)
07-13 09:39:29.106 I/ClipboardServiceI( 1813): checkProviderWakePathForClipboard: primaryClip is null
07-13 09:39:29.108 D/C2MtkBufferManager( 1041): over 5000ms not request from VCodec but callback hooked, slow BM Cc fetch thread
07-13 09:39:29.129 D/C2MtkBufferManager( 1041): over 5000ms not request from VCodec but callback hooked, slow BM Cc fetch thread
07-13 09:39:29.133 E/vold    (  491): Failed to find mounted volume for /storage/0669-140F/Android/data/com.xiaomi.bluetooth/cache/
07-13 09:39:29.135 W/ContextImpl(20022): Failed to ensure /storage/0669-140F/Android/data/com.xiaomi.bluetooth/cache: android.os.ServiceSpecificException:  (code -22)
07-13 09:39:29.142 E/vold    (  491): Failed to find mounted volume for /storage/0669-140F/Android/data/com.xiaomi.bluetooth/files/
07-13 09:39:29.143 W/ContextImpl(20022): Failed to ensure /storage/0669-140F/Android/data/com.xiaomi.bluetooth/files: android.os.ServiceSpecificException:  (code -22)
07-13 09:39:29.149 D/C2MtkBufferManager( 1041): over 5000ms not request from VCodec but callback hooked, slow BM Cc fetch thread
07-13 09:39:29.167 D/ConfigNetContentProvider(20022): onCreate
07-13 09:39:29.170 D/C2MtkBufferManager( 1041): over 5000ms not request from VCodec but callback hooked, slow BM Cc fetch thread
07-13 09:39:29.186 D/AutoDensity(20022): autodensity debugEnable = 
07-13 09:39:29.190 D/C2MtkBufferManager( 1041): over 5000ms not request from VCodec but callback hooked, slow BM Cc fetch thread
07-13 09:39:29.201 D/MiuiApplication(20022): onCreate
07-13 09:39:29.202 D/CompatibilityChangeReporter(20022): Compat change id reported: 263076149; UID 1002; state: ENABLED
07-13 09:39:29.207 D/MiuiApplication(20022): initQigSaw: started = 1preloadFeatureState = -1isDebug = false
07-13 09:39:29.207 D/MiuiApplication(20022):  initQigSaw 
07-13 09:39:29.209 D/MiuiBluetoothOneTrackInterfaceUtil(20022): region:NG
07-13 09:39:29.210 D/ActivityManager( 1813): getProcessesInErrorState callingUid=10279, CallingPid=443
07-13 09:39:29.211 D/C2MtkBufferManager( 1041): over 5000ms not request from VCodec but callback hooked, slow BM Cc fetch thread
07-13 09:39:29.214 D/CompatibilityChangeReporter(20022): Compat change id reported: 183155436; UID 1002; state: ENABLED
07-13 09:39:29.223 D/CompatibilityChangeReporter( 1813): Compat change id reported: 161145287; UID 1002; state: ENABLED
07-13 09:39:29.224 D/OT-PubSub-Sdk(20022): updateDebugSwitch sEnable: false sDebugMode：false sDebugProperty：false
07-13 09:39:29.225 D/OT-PubSub-Sdk(20022): updateDebugSwitch sEnable: false sDebugMode：false sDebugProperty：false
07-13 09:39:29.225 D/OT-PubSub-Sdk(20022): log on: false, quick upload on: false
07-13 09:39:29.225 D/BroadcastExecutor(20022): initIfNeeded : 1218
07-13 09:39:29.225 D/MultiFeatureManager(20022): There are 2 splits in your app!
07-13 09:39:29.230 W/ActivityThread(20022): ClassLoader.getResources: The class loader returned by Thread.getContextClassLoader() may fail for processes that host multiple applications. You should explicitly specify a context class loader. For example: Thread.setContextClassLoader(getClass().getClassLoader());
07-13 09:39:29.231 D/C2MtkBufferManager( 1041): over 5000ms not request from VCodec but callback hooked, slow BM Cc fetch thread
07-13 09:39:29.233 I/SplitInfoVersionManager(20022): No new split info version, just use default version.
07-13 09:39:29.233 W/System  (20022): ClassLoader referenced unknown path: 
07-13 09:39:29.234 W/iaomi.bluetooth(20022): Unsupported class loader: java.lang.Class<com.iqiyi.android.qigsaw.core.splitload.SplitDelegateClassloader>
07-13 09:39:29.236 D/MultiFeatureManager(20022): init: split attach cost 11ms
07-13 09:39:29.237 D/SplitAABInfoProvider(20022): App has no fused modules.
07-13 09:39:29.237 D/SplitAABInfoProvider(20022): Split names are: []
07-13 09:39:29.238 I/Split:MultiDex(20022): VM with version 2.1.0 has multidex support
07-13 09:39:29.240 D/SplitInstallSupervisor(20022): No splits need to uninstall!
07-13 09:39:29.240 I/SplitInfoManagerImpl(20022): currentVersion : 1.1_1.21 defaultVersion : 1.1_1.21
07-13 09:39:29.240 I/SplitInfoManagerImpl(20022): Default split file name: qigsaw/qigsaw_1.1_1.21.json
07-13 09:39:29.242 I/SplitInfoManagerImpl(20022): Cost 2 mil-second to parse default split info
07-13 09:39:29.244 E/SplitLoadManager(20022): canBeWorkedInThisProcessForSplit: 
07-13 09:39:29.244 E/SplitLoadManager(20022): canBeWorkedInThisProcessForSplit: :ui
07-13 09:39:29.244 E/SplitLoadManager(20022): canBeWorkedInThisProcessForSplit: simpleProcessName = 
07-13 09:39:29.245 I/Split:AbiUtil(20022): Succeed to get primaryCpuAbi arm64-v8a from ApplicationInfo.
07-13 09:39:29.249 I/SplitLoadManager(20022): Split preloadedFeature will work in process com.xiaomi.bluetooth, but it is not installed
07-13 09:39:29.252 D/C2MtkBufferManager( 1041): over 5000ms not request from VCodec but callback hooked, slow BM Cc fetch thread
07-13 09:39:29.252 I/SplitLoadManager(20022): Split fc will work in process com.xiaomi.bluetooth, and it is installed
07-13 09:39:29.253 I/SplitLoadManager(20022): Split fc need load in process com.xiaomi.bluetooth
07-13 09:39:29.253 D/SplitLoadHandler(20022): split name: fc, origin native path: null
07-13 09:39:29.253 D/SplitLoadHandler(20022): split name: fc, mapped native path: null
07-13 09:39:29.253 W/iaomi.bluetooth(20022): Unsupported class loader: java.lang.Class<com.iqiyi.android.qigsaw.core.splitload.SplitDexClassLoader>
07-13 09:39:29.257 W/iaomi.bluetooth(20022): Unsupported class loader: java.lang.Class<com.iqiyi.android.qigsaw.core.splitload.SplitDexClassLoader>
07-13 09:39:29.257 W/iaomi.bluetooth(20022): Unsupported class loader: java.lang.Class<com.iqiyi.android.qigsaw.core.splitload.SplitDexClassLoader>
07-13 09:39:29.259 D/SplitDexClassLoader(20022): Cost 6 ms to load fc code
07-13 09:39:29.262 D/SplitCompatResourcesLoader(20022): Install split /data/user_de/0/com.xiaomi.bluetooth/app_qigsaw/1.1/fc/1.6@1/fc-master.apk resources for application.
07-13 09:39:29.263 I/SplitLoadReporter(20022): Success to load [{"splitName":"fc","version":"1.6@1","builtIn":true}] in process com.xiaomi.bluetooth cost 9 ms!
07-13 09:39:29.263 D/SampleSplitLoadReporter(20022): onLoadOK: cost = 9
07-13 09:39:29.265 D/SplitInstallManagerImpl(20022): App has no fused modules.
07-13 09:39:29.265 D/SplitInstallManagerImpl(20022): Split names are: []
07-13 09:39:29.268 I/Split:ClassNotFound(20022): Class com.xiaomi.bluetooth.plugin.fc.DeviceSupportImpl is found in fc ClassLoader
07-13 09:39:29.269 D/SplitInstallManagerImpl(20022): App has no fused modules.
07-13 09:39:29.269 D/SplitInstallManagerImpl(20022): Split names are: []
07-13 09:39:29.271 I/ActivityManager( 1813): Flag disabled. Ignoring finishAttachApplication from uid: 1002. pid: 20022
07-13 09:39:29.272 D/C2MtkBufferManager( 1041): over 5000ms not request from VCodec but callback hooked, slow BM Cc fetch thread
07-13 09:39:29.280 D/MiuiMMAService(20022): onCreate
07-13 09:39:29.280 I/AIVS    (20022): MiuiMMAManager:-MiuiMMAManager Create-
07-13 09:39:29.287 D/nativeloader(20022): Load /system_ext/app/BluetoothExtension/lib/arm64/libxm_bluetooth.so using class loader ns clns-shared-7 (caller=/system_ext/app/BluetoothExtension/BluetoothExtension.apk): ok
07-13 09:39:29.293 D/C2MtkBufferManager( 1041): over 5000ms not request from VCodec but callback hooked, slow BM Cc fetch thread
07-13 09:39:29.301 E/AIVS    (20022): BluetoothAuth:mma bluetooth load succeed
07-13 09:39:29.302 D/AIVS    (20022): BluetoothPair:PairBtDeviceThread start..
07-13 09:39:29.302 D/AIVS    (20022): BluetoothPair:-PairBtDeviceThread- mPairTaskQueue is empty, wait ...
07-13 09:39:29.305 D/BluetoothA2dp(20022): Binding service...
07-13 09:39:29.307 D/BluetoothManagerService( 1813): send proxy for profile: 2
07-13 09:39:29.308 D/BluetoothA2dp(20022): Proxy object connected
07-13 09:39:29.310 I/MiuiNetworkPolicy( 1813): updateUidState uid = 10317, uidState = 19
07-13 09:39:29.313 D/C2MtkBufferManager( 1041): over 5000ms not request from VCodec but callback hooked, slow BM Cc fetch thread
07-13 09:39:29.314 D/BluetoothHeadset(20022): Binding service...
07-13 09:39:29.315 I/MiuiNetworkPolicy( 1813): updateUidState uid = 10317, uidState = 11
07-13 09:39:29.315 D/BluetoothManagerService( 1813): send proxy for profile: 1
07-13 09:39:29.316 D/BluetoothHeadset(20022): Proxy object connected
07-13 09:39:29.322 D/nativeloader(20022): Load /system_ext/app/BluetoothExtension/lib/arm64/libaivsopus.so using class loader ns clns-shared-7 (caller=/system_ext/app/BluetoothExtension/BluetoothExtension.apk): ok
07-13 09:39:29.328 D/nativeloader(20022): Load /system_ext/app/BluetoothExtension/lib/arm64/libjlspeex.so using class loader ns clns-shared-7 (caller=/system_ext/app/BluetoothExtension/BluetoothExtension.apk): ok
07-13 09:39:29.329 W/AIVS:jni_speex(20022): init_native_id
07-13 09:39:29.333 D/C2MtkBufferManager( 1041): over 5000ms not request from VCodec but callback hooked, slow BM Cc fetch thread
07-13 09:39:29.338 E/MediaProvider( 3912): Creating or writing to a non-default top level directory is not allowed!
07-13 09:39:29.342 D/MiuiMMAService(20022): setNearbyService() - trying to set service to com.xiaomi.bluetooth.mma.MiuiMMAService@5f67ebf
07-13 09:39:29.354 D/C2MtkBufferManager( 1041): over 5000ms not request from VCodec but callback hooked, slow BM Cc fetch thread
07-13 09:39:29.358 D/BluetoothA2dp(20022): Binding service...
07-13 09:39:29.359 D/BluetoothManagerService( 1813): send proxy for profile: 2
07-13 09:39:29.359 D/BluetoothA2dp(20022): Proxy object connected
07-13 09:39:29.359 D/MiuiMMAService(20022): onStartCommand(): null
07-13 09:39:29.363 D/MiuiNearbyServiceV2(20022): onCreate
07-13 09:39:29.368 D/MiuiNearbyScanConfigManager(20022): loadSavedConfigDeviceList
07-13 09:39:29.370 D/MiuiNearbyScanConfigManager(20022): scan configs : 
07-13 09:39:29.371 D/MiuiNearbyScanConfigManager(20022): onScanStart
07-13 09:39:29.371 D/MiuiScanManagerV2(20022): MSG_INIT_SERVICE
07-13 09:39:29.374 D/C2MtkBufferManager( 1041): over 5000ms not request from VCodec but callback hooked, slow BM Cc fetch thread
07-13 09:39:29.375 D/MiuiThirdPartAppConnectionManager(20022): connection configs : 
07-13 09:39:29.375 D/MiuiNearbyServiceV2(20022): setNearbyService() - trying to set service to com.android.bluetooth.ble.app.MiuiNearbyServiceV2@2326d8d
07-13 09:39:29.377 D/MiuiNearbyServiceV2(20022): handleMessage: what: 100
07-13 09:39:29.379 D/MiuiNearbyServiceV2(20022): register for observer succeed
07-13 09:39:29.380 D/MiuiForXiaoAiManager(20022): getA2dpProfileProxy
07-13 09:39:29.380 D/MiuiNearbyServiceV2(20022): register for observer succeed, flag:1
07-13 09:39:29.381 D/BluetoothA2dp(20022): Binding service...
07-13 09:39:29.382 D/BluetoothManagerService( 1813): send proxy for profile: 2
07-13 09:39:29.383 D/BluetoothA2dp(20022): Proxy object connected
07-13 09:39:29.383 D/MiuiForXiaoAiManager(20022): getHeadsetProfileProxy
07-13 09:39:29.384 D/BluetoothHeadset(20022): Binding service...
07-13 09:39:29.385 D/BluetoothManagerService( 1813): send proxy for profile: 1
07-13 09:39:29.385 D/BluetoothHeadset(20022): Proxy object connected
07-13 09:39:29.386 D/MiuiForXiaoAiManager(20022): getLeaudioProfileProxy
07-13 09:39:29.388 D/BluetoothLeAudio(20022): Binding service...
07-13 09:39:29.389 W/BluetoothManagerService( 1813): Cannot bind profile: 22, not in supported profiles list
07-13 09:39:29.390 D/MiuiBleAppService(20022): onCreate()
07-13 09:39:29.392 W/libc    (20022): Access denied finding property "ro.vendor.audio.cloudctrl"
07-13 09:39:29.387 W/NearbyServiceHa(20022): type=1400 audit(0.0:609153): avc:  denied  { read } for  name="u:object_r:vendor_misound_ro_prop:s0" dev="tmpfs" ino=8564 scontext=u:r:bluetooth:s0 tcontext=u:object_r:vendor_misound_ro_prop:s0 tclass=file permissive=0
07-13 09:39:29.394 E/MiuiForXiaoAiManager(20022): fetchAndParseFDS
07-13 09:39:29.395 D/C2MtkBufferManager( 1041): over 5000ms not request from VCodec but callback hooked, slow BM Cc fetch thread
07-13 09:39:29.396 E/MiuiForXiaoAiManager(20022): File Not Found
07-13 09:39:29.398 D/MiuiBleAppService(20022): onStartCommand()
07-13 09:39:29.398 D/g       (20022): getAllSettedDevices
07-13 09:39:29.398 D/HeadsetIconShowManager(20022): getProfileProxy type: 1
07-13 09:39:29.400 D/BluetoothHeadset(20022): Binding service...
07-13 09:39:29.401 D/BluetoothManagerService( 1813): send proxy for profile: 1
07-13 09:39:29.401 D/BluetoothHeadset(20022): Proxy object connected
07-13 09:39:29.401 D/HeadsetIconShowManager(20022): getProfileProxy type: 2
07-13 09:39:29.403 D/BluetoothLeAudio(20022): Binding service...
07-13 09:39:29.403 W/BluetoothManagerService( 1813): Cannot bind profile: 22, not in supported profiles list
07-13 09:39:29.409 D/MiuiNearbyService(20022): onCreate
07-13 09:39:29.410 D/MiuiThirdPartAppScanManager(20022): loadSavedConfigDeviceList
07-13 09:39:29.410 D/MiuiThirdPartAppScanManager(20022): scan configs : 
07-13 09:39:29.411 D/MiuiScanManager(20022): MSG_INIT_SERVICE
07-13 09:39:29.414 D/MiuiNearbyService(20022): setNearbyService() - trying to set service to com.android.bluetooth.ble.app.MiuiNearbyService@f778854
07-13 09:39:29.415 D/C2MtkBufferManager( 1041): over 5000ms not request from VCodec but callback hooked, slow BM Cc fetch thread
07-13 09:39:29.432 D/MiuiNearbyService(20022): device is unlocked.
07-13 09:39:29.432 D/MiuiNearbyService(20022): handleMessage: what: 100
07-13 09:39:29.434 D/MiuiNearbyService(20022): register for observer succeed
07-13 09:39:29.436 D/C2MtkBufferManager( 1041): over 5000ms not request from VCodec but callback hooked, slow BM Cc fetch thread
07-13 09:39:29.438 D/MiuiFastConnectService(20022): onCreate()
07-13 09:39:29.443 D/LocalBluetoothProfileManager(20022): LocalBluetoothProfileManager construction complete
07-13 09:39:29.446 D/LocalBluetoothProfileManager(20022): Adding local A2DP profile
07-13 09:39:29.448 D/BluetoothA2dp(20022): Binding service...
07-13 09:39:29.450 D/BluetoothManagerService( 1813): send proxy for profile: 2
07-13 09:39:29.450 D/BluetoothA2dp(20022): Proxy object connected
07-13 09:39:29.450 D/LocalBluetoothProfileManager(20022): Adding local HEADSET profile
07-13 09:39:29.452 D/BluetoothHeadset(20022): Binding service...
07-13 09:39:29.454 D/BluetoothManagerService( 1813): send proxy for profile: 1
07-13 09:39:29.454 D/BluetoothHeadset(20022): Proxy object connected
07-13 09:39:29.454 D/LocalBluetoothProfileManager(20022): Adding local MAP profile
07-13 09:39:29.455 D/BluetoothMap(20022): Create BluetoothMap proxy object
07-13 09:39:29.456 D/C2MtkBufferManager( 1041): over 5000ms not request from VCodec but callback hooked, slow BM Cc fetch thread
07-13 09:39:29.457 D/BluetoothMap(20022): Binding service...
07-13 09:39:29.458 D/BluetoothManagerService( 1813): send proxy for profile: 9
07-13 09:39:29.459 D/BluetoothMap(20022): Proxy object connected
07-13 09:39:29.459 D/LocalBluetoothProfileManager(20022): Adding local OPP profile
07-13 09:39:29.459 D/LocalBluetoothProfileManager(20022): Adding local Hearing Aid profile
07-13 09:39:29.461 D/BluetoothHearingAid(20022): Binding service...
07-13 09:39:29.462 D/BluetoothManagerService( 1813): send proxy for profile: 21
07-13 09:39:29.463 D/BluetoothHearingAid(20022): Proxy object connected
07-13 09:39:29.464 D/LocalBluetoothProfileManager(20022): Adding local HID_HOST profile
07-13 09:39:29.466 D/BluetoothHidHost(20022): Binding service...
07-13 09:39:29.467 D/BluetoothManagerService( 1813): send proxy for profile: 4
07-13 09:39:29.468 D/MiuiAppCertUtil(20022): clean app  cn.ninebot.ninebot ---- false
07-13 09:39:29.468 D/LocalBluetoothProfileManager(20022): Adding local HID_DEVICE profile
07-13 09:39:29.468 D/MiuiNearbyService(20022): parse com.qinggan.app.arielapp
07-13 09:39:29.468 D/BluetoothHidHost(20022): Proxy object connected
07-13 09:39:29.468 D/MiuiAppCertUtil(20022): addWhiteListApp: com.qinggan.app.arielapp
07-13 09:39:29.468 D/MiuiNearbyService(20022): parse cn.ninebot.ninebot
07-13 09:39:29.468 D/MiuiAppCertUtil(20022): addWhiteListApp: cn.ninebot.ninebot
07-13 09:39:29.469 D/MiuiNearbyService(20022): parse com.xiaomi.wearable
07-13 09:39:29.469 D/MiuiAppCertUtil(20022): addWhiteListApp: com.xiaomi.wearable
07-13 09:39:29.469 D/MiuiNearbyService(20022): parse cn.com.changan.cvim
07-13 09:39:29.469 D/MiuiAppCertUtil(20022): addWhiteListApp: cn.com.changan.cvim
07-13 09:39:29.469 D/MiuiNearbyService(20022): parse com.saicmotor.tocapp
07-13 09:39:29.469 D/MiuiAppCertUtil(20022): addWhiteListApp: com.saicmotor.tocapp
07-13 09:39:29.469 D/MiuiNearbyService(20022): parse com.trustkernel.kpp.app
07-13 09:39:29.469 D/MiuiAppCertUtil(20022): addWhiteListApp: com.trustkernel.kpp.app
07-13 09:39:29.470 D/MiuiNearbyService(20022): parse com.saicmaxus.maxuslife
07-13 09:39:29.470 D/MiuiAppCertUtil(20022): addWhiteListApp: com.saicmaxus.maxuslife
07-13 09:39:29.470 D/MiuiNearbyService(20022): parse com.xiaopeng.mycarinfo
07-13 09:39:29.470 D/MiuiAppCertUtil(20022): addWhiteListApp: com.xiaopeng.mycarinfo
07-13 09:39:29.470 D/MiuiNearbyService(20022): parse com.chehejia.oc.m01
07-13 09:39:29.470 D/BluetoothHidDevice(20022): Binding service...
07-13 09:39:29.470 D/MiuiAppCertUtil(20022): addWhiteListApp: com.chehejia.oc.m01
07-13 09:39:29.470 D/MiuiNearbyService(20022): parse com.teslamotors.tesla
07-13 09:39:29.470 D/MiuiAppCertUtil(20022): addWhiteListApp: com.teslamotors.tesla
07-13 09:39:29.471 D/MiuiNearbyService(20022): parse com.zeekrlife.mobile
07-13 09:39:29.471 D/MiuiAppCertUtil(20022): addWhiteListApp: com.zeekrlife.mobile
07-13 09:39:29.471 D/MiuiNearbyService(20022): parse com.saicmotor.mg
07-13 09:39:29.471 D/MiuiAppCertUtil(20022): addWhiteListApp: com.saicmotor.mg
07-13 09:39:29.471 D/MiuiNearbyService(20022): parse com.immotors.lapp
07-13 09:39:29.471 D/BluetoothManagerService( 1813): send proxy for profile: 19
07-13 09:39:29.471 D/MiuiAppCertUtil(20022): addWhiteListApp: com.immotors.lapp
07-13 09:39:29.471 D/MiuiNearbyService(20022): parse com.cfmoto
07-13 09:39:29.471 D/MiuiAppCertUtil(20022): addWhiteListApp: com.cfmoto
07-13 09:39:29.471 D/MiuiNearbyService(20022): parse com.geely.consumer
07-13 09:39:29.472 D/MiuiAppCertUtil(20022): addWhiteListApp: com.geely.consumer
07-13 09:39:29.472 D/LocalBluetoothProfileManager(20022): Adding local PAN profile
07-13 09:39:29.472 D/BluetoothHidDevice(20022): Proxy object connected
07-13 09:39:29.472 D/MiuiNearbyService(20022): parse com.mi.health
07-13 09:39:29.472 D/MiuiAppCertUtil(20022): addWhiteListApp: com.mi.health
07-13 09:39:29.472 D/MiuiNearbyService(20022): parse com.cloudy.linglingbang
07-13 09:39:29.472 D/MiuiAppCertUtil(20022): addWhiteListApp: com.cloudy.linglingbang
07-13 09:39:29.472 D/MiuiNearbyService(20022): parse com.xiaomi.digitalkey
07-13 09:39:29.472 D/MiuiAppCertUtil(20022): addWhiteListApp: com.xiaomi.digitalkey
07-13 09:39:29.472 D/MiuiNearbyService(20022): parse com.lxt.cfmoto
07-13 09:39:29.472 D/MiuiAppCertUtil(20022): addWhiteListApp: com.lxt.cfmoto
07-13 09:39:29.473 D/MiuiNearbyService(20022): parse com.lynkco.customer
07-13 09:39:29.473 D/MiuiAppCertUtil(20022): addWhiteListApp: com.lynkco.customer
07-13 09:39:29.473 D/MiuiNearbyService(20022): parse com.niutron.cloud
07-13 09:39:29.473 D/MiuiAppCertUtil(20022): addWhiteListApp: com.niutron.cloud
07-13 09:39:29.473 D/MiuiNearbyService(20022): parse com.geely.newenergy
07-13 09:39:29.473 D/MiuiAppCertUtil(20022): addWhiteListApp: com.geely.newenergy
07-13 09:39:29.473 D/MiuiNearbyService(20022): parse com.dfmc.m
07-13 09:39:29.473 D/MiuiAppCertUtil(20022): addWhiteListApp: com.dfmc.m
07-13 09:39:29.473 D/MiuiNearbyService(20022): parse com.dfcyc.app.dffs
07-13 09:39:29.473 D/MiuiAppCertUtil(20022): addWhiteListApp: com.dfcyc.app.dffs
07-13 09:39:29.473 D/MiuiNearbyService(20022): parse com.dfpv.app.sdffs
07-13 09:39:29.473 D/MiuiAppCertUtil(20022): addWhiteListApp: com.dfpv.app.sdffs
07-13 09:39:29.474 D/MiuiNearbyService(20022): parse com.mi.car.mobile
07-13 09:39:29.474 D/MiuiAppCertUtil(20022): addWhiteListApp: com.mi.car.mobile
07-13 09:39:29.474 D/BluetoothPan(20022): Binding service...
07-13 09:39:29.474 D/MiuiNearbyService(20022): parse android.uid.nfc:1027
07-13 09:39:29.474 D/MiuiAppCertUtil(20022): addWhiteListApp: android.uid.nfc:1027
07-13 09:39:29.474 D/MiuiNearbyService(20022): parse com.chery.exeed
07-13 09:39:29.474 D/MiuiAppCertUtil(20022): addWhiteListApp: com.chery.exeed
07-13 09:39:29.474 D/MiuiNearbyService(20022): parse com.chery.iCarProdAndroid
