07-13 09:39:27.262 D/C2MtkBufferManager( 1041): over 5000ms not request from VCodec but callback hooked, slow BM Cc fetch thread
07-13 09:39:27.265 I/ContactsProvider(16169): Contacts query: CPID=8414, CallingPackage = com.google.android.gms User=0
07-13 09:39:27.266 I/ContactsProvider(16169): Contacts query: access CPID=8414, CallingPackage = com.google.android.gms User=0
07-13 09:39:27.267 I/ContactsProvider(16169): querylocal match: 11000
07-13 09:39:27.267 I/ContactsProvider(16169): return querylocal
07-13 09:39:27.267 I/ContactsProvider(16169): query return 4 queryDirectoryIfNecessary 
07-13 09:39:27.267 I/ContactsProvider(16169): query return 5 finally 
07-13 09:39:27.272 I/FSA2_SyncState( 8414): @readSyncState: # fatp@386ba6ea
07-13 09:39:27.275 I/ContactsProvider(16169): Contacts query: CPID=8414, CallingPackage = com.google.android.gms User=0
07-13 09:39:27.277 I/ContactsProvider(16169): Contacts query: access CPID=8414, CallingPackage = com.google.android.gms User=0
07-13 09:39:27.278 I/ContactsProvider(16169): querylocal match: 11000
07-13 09:39:27.278 I/ContactsProvider(16169): return querylocal
07-13 09:39:27.278 I/ContactsProvider(16169): query return 4 queryDirectoryIfNecessary 
07-13 09:39:27.278 I/ContactsProvider(16169): query return 5 finally 
07-13 09:39:27.280 I/FSA2_SyncState( 8414): @readSyncState: # fatp@386ba6ea
07-13 09:39:27.282 D/C2MtkBufferManager( 1041): over 5000ms not request from VCodec but callback hooked, slow BM Cc fetch thread
07-13 09:39:27.283 I/ContactsProvider(16169): Contacts query: CPID=8414, CallingPackage = com.google.android.gms User=0
07-13 09:39:27.285 I/ContactsProvider(16169): Contacts query: access CPID=8414, CallingPackage = com.google.android.gms User=0
07-13 09:39:27.285 I/ContactsProvider(16169): querylocal match: 9000
07-13 09:39:27.288 I/ContactsProvider(16169): return querylocal
07-13 09:39:27.288 I/ContactsProvider(16169): query return 4 queryDirectoryIfNecessary 
07-13 09:39:27.288 I/ContactsProvider(16169): query return 5 finally 
07-13 09:39:27.295 I/ContactsProvider(16169): Contacts query: CPID=8414, CallingPackage = com.google.android.gms User=0
07-13 09:39:27.296 I/ContactsProvider(16169): Contacts query: access CPID=8414, CallingPackage = com.google.android.gms User=0
07-13 09:39:27.297 I/ContactsProvider(16169): querylocal match: 10000
07-13 09:39:27.298 I/MiuiNetworkPolicy( 1813): updateUidState uid = 10317, uidState = 19
07-13 09:39:27.299 I/ContactsProvider(16169): return querylocal
07-13 09:39:27.299 I/ContactsProvider(16169): query return 4 queryDirectoryIfNecessary 
07-13 09:39:27.299 I/ContactsProvider(16169): query return 5 finally 
07-13 09:39:27.301 I/MiuiNetworkPolicy( 1813): updateUidState uid = 10317, uidState = 11
07-13 09:39:27.303 D/C2MtkBufferManager( 1041): over 5000ms not request from VCodec but callback hooked, slow BM Cc fetch thread
07-13 09:39:27.308 I/ContactsProvider(16169): Contacts query: CPID=8414, CallingPackage = com.google.android.gms User=0
07-13 09:39:27.310 I/ContactsProvider(16169): Contacts query: access CPID=8414, CallingPackage = com.google.android.gms User=0
07-13 09:39:27.312 I/ContactsProvider(16169): querylocal match: 10000
07-13 09:39:27.315 I/ContactsProvider(16169): return querylocal
07-13 09:39:27.315 I/ContactsProvider(16169): query return 4 queryDirectoryIfNecessary 
07-13 09:39:27.315 I/ContactsProvider(16169): query return 5 finally 
07-13 09:39:27.322 I/ContactsProvider(16169): Contacts query: CPID=8414, CallingPackage = com.google.android.gms User=0
07-13 09:39:27.323 I/ContactsProvider(16169): Contacts query: access CPID=8414, CallingPackage = com.google.android.gms User=0
07-13 09:39:27.324 I/ContactsProvider(16169): querylocal match: 2002
07-13 09:39:27.324 D/C2MtkBufferManager( 1041): over 5000ms not request from VCodec but callback hooked, slow BM Cc fetch thread
07-13 09:39:27.327 I/ContactsProvider(16169): return querylocal
07-13 09:39:27.327 I/ContactsProvider(16169): query return 4 queryDirectoryIfNecessary 
07-13 09:39:27.327 I/ContactsProvider(16169): query return 5 finally 
07-13 09:39:27.334 D/MiuiFastConnectService(19007): stopBleScan: scanning: true
07-13 09:39:27.338 D/BluetoothAdapter(19007): isLeEnabled(): ON
07-13 09:39:27.344 D/C2MtkBufferManager( 1041): over 5000ms not request from VCodec but callback hooked, slow BM Cc fetch thread
07-13 09:39:27.351 I/FSA2_RawContactSyncer( 8414): Before sync, callingCardsWithOnlyMetadataCount: 0, callingCardsWithOnlyPhotoCount: 0, callingCardsWithBothMetadataAndPhotoCount: 0
07-13 09:39:27.354 I/ContactsProvider(16169): Contacts query: CPID=8414, CallingPackage = com.google.android.gms User=0
07-13 09:39:27.356 I/ContactsProvider(16169): Contacts query: access CPID=8414, CallingPackage = com.google.android.gms User=0
07-13 09:39:27.357 I/ContactsProvider(16169): querylocal match: 11000
07-13 09:39:27.357 I/ContactsProvider(16169): return querylocal
07-13 09:39:27.357 I/ContactsProvider(16169): query return 4 queryDirectoryIfNecessary 
07-13 09:39:27.357 I/ContactsProvider(16169): query return 5 finally 
07-13 09:39:27.360 I/FSA2_SyncState( 8414): @readSyncState: # fatp@386ba6ea
07-13 09:39:27.363 I/AppScanStats(29492): BLE_SCAN_RESULT_RECEIVED[2]reportBleScanResults=0
07-13 09:39:27.364 I/AppScanStats(29492): BLE_SCAN_STATE_CHANGED[2]reportBleScanStopped=false
07-13 09:39:27.365 D/C2MtkBufferManager( 1041): over 5000ms not request from VCodec but callback hooked, slow BM Cc fetch thread
07-13 09:39:27.365 I/ContactsProvider(16169): Contacts query: CPID=8414, CallingPackage = com.google.android.gms User=0
07-13 09:39:27.367 I/BtGatt.ScanManager(29492): msg.what = MSG_STOP_BLE_SCAN, msg.arg1 = None
07-13 09:39:27.368 D/ActivityAttributionService(29492): notifyActivityAttributionInfo UID=1002 packageName=com.android.bluetooth deviceAddress=no_active_device_address
07-13 09:39:27.368 D/BLASTBufferQueue(19740): [VRI[PopupWindow:f165c39]#1](f:0,a:1) acquireNextBufferLocked size=720x50 mFrameNumber=1 applyTransaction=true mTimestamp=624470749928604(auto) mPendingTransactions.size=0 graphicBufferId=84782654423049 transform=0
07-13 09:39:27.369 I/ContactsProvider(16169): Contacts query: access CPID=8414, CallingPackage = com.google.android.gms User=0
07-13 09:39:27.369 E/surfaceflinger( 1133): == MALI DEBUG ===eglp_winsys_populate_image_templates ==12288
07-13 09:39:27.370 D/VRI[PopupWindow:f165c39](19740): vri.reportDrawFinished
07-13 09:39:27.370 W/WindowManager( 1813): finishDrawingWindow: Window{3398984 u0 PopupWindow:f165c39} mDrawState=DRAW_PENDING
07-13 09:39:27.371 D/WindowManager( 1813): wms.finishDrawingLocked: mDrawState=COMMIT_DRAW_PENDING Window{3398984 u0 PopupWindow:f165c39} in Surface(name=PopupWindow:f165c39#78540)/@0x4436d4c
07-13 09:39:27.371 I/ContactsProvider(16169): querylocal match: 10000
07-13 09:39:27.372 W/Looper  (19740): PerfMonitor doFrame : time=344ms vsyncFrame=0 latency=400ms procState=-1 historyMsgCount=7 (msgIndex=1 wall=367ms seq=8 late=1631ms h=android.view.Choreographer$FrameHandler c=android.view.Choreographer$FrameDisplayEventReceiver) (msgIndex=3 wall=76ms seq=10 late=536ms h=android.os.Handler c=com.facebook.react.devsupport.DefaultDevLoadingViewImplementation$$ExternalSyntheticLambda0)
07-13 09:39:27.374 W/WindowManager( 1813): real show surface PopupWindow:f165c39 sc:Surface(name=PopupWindow:f165c39#78540)/@0x4436d4c
07-13 09:39:27.378 I/gralloc4( 1133): @set_metadata: update dataspace from GM (0x08010000 -> 0x00000000)
07-13 09:39:27.381 I/ContactsProvider(16169): return querylocal
07-13 09:39:27.382 W/unknown:BridgelessReact(19740): ReactHost{0}.raiseSoftException(onWindowFocusChange(hasFocus = "true")): Tried to access onWindowFocusChange while context is not ready
07-13 09:39:27.385 I/ContactsProvider(16169): query return 4 queryDirectoryIfNecessary 
07-13 09:39:27.385 I/ContactsProvider(16169): query return 5 finally 
07-13 09:39:27.386 D/C2MtkBufferManager( 1041): over 5000ms not request from VCodec but callback hooked, slow BM Cc fetch thread
07-13 09:39:27.386 I/OpenGLRenderer(19740): Davey! duration=741ms; Flags=1, FrameTimelineVsyncId=224486036, IntendedVsync=624470009116564, Vsync=624470409045124, InputEventId=0, HandleInputStart=624470409770835, AnimationStart=624470409780681, PerformTraversalsStart=624470409788066, DrawStart=624470486290528, FrameDeadline=624470026116564, FrameInterval=624470409298451, FrameStartTime=16663690, SyncQueued=624470502850835, SyncStart=624470503193604, IssueDrawCommandsStart=624470503377297, SwapBuffers=624470747554758, FrameCompleted=624470750934451, DequeueBufferDuration=28077, QueueBufferDuration=738462, GpuCompleted=624470749799989, SwapBuffersCompleted=624470750934451, DisplayPresentTime=0, CommandSubmissionCompleted=624470747554758, 
07-13 09:39:27.386 I/bt_btif (29492): get_profile_interface: get_profile_interface: id = activity_attribution
07-13 09:39:27.390 E/unknown:ReactHost(19740): Unhandled SoftException
07-13 09:39:27.390 E/unknown:ReactHost(19740): com.facebook.react.bridge.ReactNoCrashSoftException: raiseSoftException(onWindowFocusChange(hasFocus = "true")): Tried to access onWindowFocusChange while context is not ready
07-13 09:39:27.390 E/unknown:ReactHost(19740): 	at com.facebook.react.runtime.ReactHostImpl.raiseSoftException(ReactHostImpl.kt:861)
07-13 09:39:27.390 E/unknown:ReactHost(19740): 	at com.facebook.react.runtime.ReactHostImpl.raiseSoftException$default(ReactHostImpl.kt:852)
07-13 09:39:27.390 E/unknown:ReactHost(19740): 	at com.facebook.react.runtime.ReactHostImpl.onWindowFocusChange(ReactHostImpl.kt:625)
07-13 09:39:27.390 E/unknown:ReactHost(19740): 	at com.facebook.react.ReactDelegate.onWindowFocusChanged(ReactDelegate.kt:232)
07-13 09:39:27.390 E/unknown:ReactHost(19740): 	at com.facebook.react.ReactActivityDelegate.onWindowFocusChanged(ReactActivityDelegate.java:237)
07-13 09:39:27.390 E/unknown:ReactHost(19740): 	at expo.modules.ReactActivityDelegateWrapper$onWindowFocusChanged$1.invokeSuspend(ReactActivityDelegateWrapper.kt:320)
07-13 09:39:27.390 E/unknown:ReactHost(19740): 	at expo.modules.ReactActivityDelegateWrapper$onWindowFocusChanged$1.invoke(ReactActivityDelegateWrapper.kt:8)
07-13 09:39:27.390 E/unknown:ReactHost(19740): 	at expo.modules.ReactActivityDelegateWrapper$onWindowFocusChanged$1.invoke(ReactActivityDelegateWrapper.kt:4)
07-13 09:39:27.390 E/unknown:ReactHost(19740): 	at expo.modules.ReactActivityDelegateWrapper$launchLifecycleScopeWithLock$1.invokeSuspend(ReactActivityDelegateWrapper.kt:452)
07-13 09:39:27.390 E/unknown:ReactHost(19740): 	at kotlin.coroutines.jvm.internal.BaseContinuationImpl.resumeWith(ContinuationImpl.kt:33)
07-13 09:39:27.390 E/unknown:ReactHost(19740): 	at kotlinx.coroutines.internal.DispatchedContinuationKt.resumeCancellableWith(DispatchedContinuation.kt:375)
07-13 09:39:27.390 E/unknown:ReactHost(19740): 	at kotlinx.coroutines.intrinsics.CancellableKt.startCoroutineCancellable(Cancellable.kt:26)
07-13 09:39:27.390 E/unknown:ReactHost(19740): 	at kotlinx.coroutines.CoroutineStart.invoke(CoroutineStart.kt:358)
07-13 09:39:27.390 E/unknown:ReactHost(19740): 	at kotlinx.coroutines.AbstractCoroutine.start(AbstractCoroutine.kt:134)
07-13 09:39:27.390 E/unknown:ReactHost(19740): 	at kotlinx.coroutines.BuildersKt__Builders_commonKt.launch(Builders.common.kt:53)
07-13 09:39:27.390 E/unknown:ReactHost(19740): 	at kotlinx.coroutines.BuildersKt.launch(dex-id-bafbe0e0fb3f4ba855ef5c3c27c4d19abb1209c8:1)
07-13 09:39:27.390 E/unknown:ReactHost(19740): 	at kotlinx.coroutines.BuildersKt__Builders_commonKt.launch$default(Builders.common.kt:44)
07-13 09:39:27.390 E/unknown:ReactHost(19740): 	at kotlinx.coroutines.BuildersKt.launch$default(dex-id-bafbe0e0fb3f4ba855ef5c3c27c4d19abb1209c8:1)
07-13 09:39:27.390 E/unknown:ReactHost(19740): 	at expo.modules.ReactActivityDelegateWrapper.launchLifecycleScopeWithLock(ReactActivityDelegateWrapper.kt:450)
07-13 09:39:27.390 E/unknown:ReactHost(19740): 	at expo.modules.ReactActivityDelegateWrapper.launchLifecycleScopeWithLock$default(ReactActivityDelegateWrapper.kt:446)
07-13 09:39:27.390 E/unknown:ReactHost(19740): 	at expo.modules.ReactActivityDelegateWrapper.onWindowFocusChanged(ReactActivityDelegateWrapper.kt:318)
07-13 09:39:27.390 E/unknown:ReactHost(19740): 	at com.facebook.react.ReactActivity.onWindowFocusChanged(ReactActivity.java:158)
07-13 09:39:27.390 E/unknown:ReactHost(19740): 	at androidx.appcompat.view.WindowCallbackWrapper.onWindowFocusChanged(WindowCallbackWrapper.java:124)
07-13 09:39:27.390 E/unknown:ReactHost(19740): 	at com.android.internal.policy.DecorView.onWindowFocusChanged(DecorView.java:1956)
07-13 09:39:27.390 E/unknown:ReactHost(19740): 	at android.view.View.dispatchWindowFocusChanged(View.java:16183)
07-13 09:39:27.390 E/unknown:ReactHost(19740): 	at android.view.ViewGroup.dispatchWindowFocusChanged(ViewGroup.java:1528)
07-13 09:39:27.390 E/unknown:ReactHost(19740): 	at android.view.ViewRootImpl.dispatchFocusEvent(ViewRootImpl.java:4703)
07-13 09:39:27.390 E/unknown:ReactHost(19740): 	at android.view.ViewRootImpl.handleWindowFocusChanged(ViewRootImpl.java:4607)
07-13 09:39:27.390 E/unknown:ReactHost(19740): 	at android.view.ViewRootImpl.-$$Nest$mhandleWindowFocusChanged(ViewRootImpl.java:0)
07-13 09:39:27.390 E/unknown:ReactHost(19740): 	at android.view.ViewRootImpl$ViewRootHandler.handleMessageImpl(ViewRootImpl.java:6879)
07-13 09:39:27.390 E/unknown:ReactHost(19740): 	at android.view.ViewRootImpl$ViewRootHandler.handleMessage(ViewRootImpl.java:6766)
07-13 09:39:27.390 E/unknown:ReactHost(19740): 	at android.os.Handler.dispatchMessage(Handler.java:106)
07-13 09:39:27.390 E/unknown:ReactHost(19740): 	at android.os.Looper.loopOnce(Looper.java:222)
07-13 09:39:27.390 E/unknown:ReactHost(19740): 	at android.os.Looper.loop(Looper.java:314)
07-13 09:39:27.390 E/unknown:ReactHost(19740): 	at android.app.ActivityThread.main(ActivityThread.java:8671)
07-13 09:39:27.390 E/unknown:ReactHost(19740): 	at java.lang.reflect.Method.invoke(Native Method)
07-13 09:39:27.390 E/unknown:ReactHost(19740): 	at com.android.internal.os.RuntimeInit$MethodAndArgsCaller.run(RuntimeInit.java:565)
07-13 09:39:27.390 E/unknown:ReactHost(19740): 	at com.android.internal.os.ZygoteInit.main(ZygoteInit.java:1081)
07-13 09:39:27.391 I/HandWritingStubImpl(19740): refreshLastKeyboardType: 1
07-13 09:39:27.391 I/HandWritingStubImpl(19740): getCurrentKeyboardType: 1
07-13 09:39:27.395 D/CompatibilityChangeReporter( 1813): Compat change id reported: 214016041; UID 10210; state: ENABLED
07-13 09:39:27.400 I/ImeTracker( 1813): com.skillsroom.mobile:2380d8fc: onRequestHide at ORIGIN_SERVER_HIDE_INPUT reason HIDE_UNSPECIFIED_WINDOW
07-13 09:39:27.400 D/MirrorManager( 7233):  sendAcceptInput 0 0
07-13 09:39:27.401 I/ImeTracker( 1813): com.skillsroom.mobile:2380d8fc: onCancelled at PHASE_SERVER_SHOULD_HIDE
07-13 09:39:27.401 I/ContactsProvider(16169): Contacts query: CPID=8414, CallingPackage = com.google.android.gms User=0
07-13 09:39:27.402 D/MI-SF   ( 1133): updateScene: module = 270 (Unknown), value = 0, pkg = com.skillsroom.mobile
07-13 09:39:27.404 I/ContactsProvider(16169): Contacts query: access CPID=8414, CallingPackage = com.google.android.gms User=0
07-13 09:39:27.406 I/ContactsProvider(16169): querylocal match: 9000
07-13 09:39:27.407 D/C2MtkBufferManager( 1041): over 5000ms not request from VCodec but callback hooked, slow BM Cc fetch thread
07-13 09:39:27.408 I/ContactsProvider(16169): return querylocal
07-13 09:39:27.408 I/ContactsProvider(16169): query return 4 queryDirectoryIfNecessary 
07-13 09:39:27.408 I/ContactsProvider(16169): query return 5 finally 
07-13 09:39:27.414 I/ClipboardServiceI( 1813): checkProviderWakePathForClipboard: primaryClip is null
07-13 09:39:27.414 D/VRI[PopupWindow:f165c39](19740): vri.reportNextDraw android.view.ViewRootImpl.handleResized:2321 android.view.ViewRootImpl.-$$Nest$mhandleResized:0 android.view.ViewRootImpl$ViewRootHandler.handleMessageImpl:6797 android.view.ViewRootImpl$ViewRootHandler.handleMessage:6766 android.os.Handler.dispatchMessage:106 
07-13 09:39:27.415 I/MiuiNetworkPolicy( 1813): updateUidState uid = 10157, uidState = 3
07-13 09:39:27.415 I/bt_stack(29492): [INFO:le_scanning_manager.cc(204)] ScanFilterParamSetup in shim layer
07-13 09:39:27.416 D/VRI[PopupWindow:f165c39](19740): vri.Setup new sync=wmsSync-VRI[PopupWindow:f165c39]#4
07-13 09:39:27.418 E/bt_stack(29492): [ERROR:com_android_bluetooth_btservice_ActivityAttribution.cpp(172)] Failed to get ActivityAttribution Interface
07-13 09:39:27.418 I/ContactsProvider(16169): Contacts query: CPID=8414, CallingPackage = com.google.android.gms User=0
07-13 09:39:27.419 D/VRI[PopupWindow:f165c39](19740): vri.reportDrawFinished
07-13 09:39:27.421 W/Looper  (19740): PerfMonitor doFrame : time=7ms vsyncFrame=0 latency=321ms procState=-1 historyMsgCount=7 (msgIndex=1 wall=344ms seq=15 late=400ms h=android.view.Choreographer$FrameHandler c=android.view.Choreographer$FrameDisplayEventReceiver)
07-13 09:39:27.423 I/bt_stack(29492): [INFO:le_scanning_manager.cc(162)] Unregister in shim layer, scanner_id:2
07-13 09:39:27.427 D/C2MtkBufferManager( 1041): over 5000ms not request from VCodec but callback hooked, slow BM Cc fetch thread
07-13 09:39:27.429 I/mtkpower@impl( 1059): [setMode] type:5, enabled:0
07-13 09:39:27.430 I/libPowerHal( 1059): [perfLockRel] hdl:246652, idx:6
07-13 09:39:27.431 I/ContactsProvider(16169): Contacts query: access CPID=8414, CallingPackage = com.google.android.gms User=0
07-13 09:39:27.432 I/PowerHalWrapper( 1813): amsBoostStop AMS_BOOST_PACK_SWITCH:false, AMS_BOOST_ACT_SWITCH:false, AMS_BOOST_PROCESS_CREATE:false 
07-13 09:39:27.434 W/WindowManager( 1813): finishDrawingWindow: Window{3398984 u0 PopupWindow:f165c39} mDrawState=HAS_DRAWN
07-13 09:39:27.437 I/ContactsProvider(16169): querylocal match: 10000
07-13 09:39:27.439 I/FontLog (10100): (REDACTED) Received query %s, URI %s
07-13 09:39:27.441 I/FontLog (10100): (REDACTED) Query [%s] resolved to %s
07-13 09:39:27.447 D/C2MtkBufferManager( 1041): over 5000ms not request from VCodec but callback hooked, slow BM Cc fetch thread
07-13 09:39:27.448 I/GoogleInputMethodService( 4463): GoogleInputMethodService.onFinishInput():2259 
07-13 09:39:27.455 I/HandWritingStubImpl(19740): getCurrentKeyboardType: 1
07-13 09:39:27.458 I/ContactsProvider(16169): return querylocal
07-13 09:39:27.458 I/ContactsProvider(16169): query return 4 queryDirectoryIfNecessary 
07-13 09:39:27.458 I/ContactsProvider(16169): query return 5 finally 
07-13 09:39:27.460 I/WindowManager( 1813): cancelAnimation removed leash : Surface(name=Surface(name=143addc InputMethod#139)/@0x3f7a46b - animation-leash of insets_animation#78529)/@0x694c74e
07-13 09:39:27.460 E/BufferQueueDebug( 1133): [Surface(name=143addc InputMethod#139)/@0x3f7a46b - animation-leash of insets_animation#78541](this:0xb40000785b4f4a30,id:-1,api:0,p:-1,c:-1) id info cannot be read from 'Surface(name=143addc InputMethod#139)/@0x3f7a46b - animation-leash of insets_animation#78541'
07-13 09:39:27.462 I/BufferQueueDebug( 1133): [Surface(name=143addc InputMethod#139)/@0x3f7a46b - animation-leash of insets_animation#78541](this:0xb40000785b4f4a30,id:-1,api:0,p:-1,c:-1) BufferQueue core=(1133:/system/bin/surfaceflinger)
07-13 09:39:27.468 I/Module  ( 4463): DeviceLockedStatusModuleProvider$Module.updateDeviceLockedStatus():103 repeatCheckTimes = 0, locked = false
07-13 09:39:27.468 D/C2MtkBufferManager( 1041): over 5000ms not request from VCodec but callback hooked, slow BM Cc fetch thread
07-13 09:39:27.483 I/GoogleInputMethodService( 4463): GoogleInputMethodService.onStartInput():1446 onStartInput(EditorInfo{EditorInfo{packageName=com.skillsroom.mobile, inputType=0, inputTypeString=NULL, enableLearning=false, autoCorrection=false, autoComplete=false, imeOptions=0, privateImeOptions=null, actionName=UNSPECIFIED, actionLabel=null, initialSelStart=-1, initialSelEnd=-1, initialCapsMode=0, label=null, fieldId=0, fieldName=null, extras=Bundle[mParcelledData.dataSize=72], hintText=null, hintLocales=[]}}, false)
07-13 09:39:27.484 I/AndroidIME( 4463): LatinIMEBase.updateInputViewCoverNavigation():322 Update input view padding, isNavbarOverInputWindow=false, bottom inset=94
07-13 09:39:27.486 I/FontLog (10100): (REDACTED) Fetch %s end status %s
07-13 09:39:27.488 I/Module  ( 4463): DeviceLockedStatusModuleProvider$Module.updateDeviceLockedStatus():103 repeatCheckTimes = 1, locked = false
07-13 09:39:27.488 D/Utilities( 2459):  oldHints : 0 backDisposition : 0 imeShown : false hints 0
07-13 09:39:27.489 D/C2MtkBufferManager( 1041): over 5000ms not request from VCodec but callback hooked, slow BM Cc fetch thread
07-13 09:39:27.492 D/MiuiFastConnectService(19007): handleMessage: MSG_START_BLE_SCAN mode: 0
07-13 09:39:27.493 D/BluetoothAdapter(19007): isLeEnabled(): ON
07-13 09:39:27.495 I/BufferQueueDebug( 1133): [Surface(name=143addc InputMethod#139)/@0x3f7a46b - animation-leash of insets_animation#78529](this:0xb400007855c43a30,id:-1,api:0,p:-1,c:1133) onDestructor()
07-13 09:39:27.499 I/libPerfCtl( 1059): xgfGetFPS pid:2459 fps:60
07-13 09:39:27.499 I/libPerfCtl( 1059): xgfGetFPS pid:2470 fps:-1
07-13 09:39:27.499 I/libPerfCtl( 1059): xgfGetFPS pid:19720 fps:-1
07-13 09:39:27.500 I/hwcomposer( 1039): [HWCDisplay] [Display_0 (type:1)] fps:27.903164,dur:1003.47,max:266.53,min:12.39  
07-13 09:39:27.503 W/PackageConfigPersister( 1813): App-specific configuration not found for packageName: com.skillsroom.mobile and userId: 0
07-13 09:39:27.504 I/libPerfCtl( 1059): xgfGetFPS pid:19740 fps:-1
07-13 09:39:27.505 I/bt_stack(29492): [INFO:le_scanning_manager.cc(168)] Scan in shim layer stopped
07-13 09:39:27.506 I/bt_stack(29492): [INFO:le_scanning_manager.cc(155)] RegisterScanner in shim layer
07-13 09:39:27.509 I/FontLog (10100): (REDACTED) Pulling font file for id = %d, cache size = %d
07-13 09:39:27.511 D/C2MtkBufferManager( 1041): over 5000ms not request from VCodec but callback hooked, slow BM Cc fetch thread
07-13 09:39:27.511 W/C2BqBuffer( 1041): last successful dequeue was 93218776037 us ago, 0 consecutive failures
07-13 09:39:27.513 I/ContactsProvider(16169): Contacts query: CPID=8414, CallingPackage = com.google.android.gms User=0
07-13 09:39:27.517 I/ContactsProvider(16169): Contacts query: access CPID=8414, CallingPackage = com.google.android.gms User=0
07-13 09:39:27.518 I/ContactsProvider(16169): querylocal match: 2002
07-13 09:39:27.525 I/ContactsProvider(16169): return querylocal
07-13 09:39:27.525 I/ContactsProvider(16169): query return 4 queryDirectoryIfNecessary 
07-13 09:39:27.525 I/ContactsProvider(16169): query return 5 finally 
07-13 09:39:27.532 D/C2MtkBufferManager( 1041): over 5000ms not request from VCodec but callback hooked, slow BM Cc fetch thread
07-13 09:39:27.532 I/bt_stack(29492): [INFO:le_scanning_manager.cc(346)] SetScanParameters in shim layer
07-13 09:39:27.533 I/bt_stack(29492): [INFO:le_scanning_manager.cc(346)] SetScanParameters in shim layer
07-13 09:39:27.533 I/bt_stack(29492): [INFO:le_scanning_manager.cc(168)] Scan in shim layer started
07-13 09:39:27.535 D/[BT]    ( 1032): mtk_bt_op: BT_VND_OP_LPM_WAKE_SET_STATE
07-13 09:39:27.537 I/ContactsProvider(16169): Contacts query: CPID=8414, CallingPackage = com.google.android.gms User=0
07-13 09:39:27.538 I/bluetooth(29492): unregister_client: Client unregistered
07-13 09:39:27.539 I/bluetooth(29492): unregister_client: Cancelled address rotation alarm
07-13 09:39:27.539 D/BluetoothLeScanner(19007): onScannerRegistered() - status=0 scannerId=2 mScannerId=0
07-13 09:39:27.539 I/bluetooth(29492): stop_scan: Scanning already stopped, return!
07-13 09:39:27.540 I/FontLog (10100): (REDACTED) Pulling font file for id = %d, cache size = %d
07-13 09:39:27.540 I/ContactsProvider(16169): Contacts query: access CPID=8414, CallingPackage = com.google.android.gms User=0
07-13 09:39:27.541 I/ContactsProvider(16169): querylocal match: 2002
07-13 09:39:27.543 I/ContactsProvider(16169): return querylocal
07-13 09:39:27.543 I/ContactsProvider(16169): query return 4 queryDirectoryIfNecessary 
07-13 09:39:27.544 I/ContactsProvider(16169): query return 5 finally 
07-13 09:39:27.552 D/C2MtkBufferManager( 1041): over 5000ms not request from VCodec but callback hooked, slow BM Cc fetch thread
07-13 09:39:27.557 I/bluetooth(29492): register_client: Scheduled address rotation for first client registered
07-13 09:39:27.558 I/bluetooth(29492): register_client: Client registered
07-13 09:39:27.558 D/mtk.hal.bt@1.1-impl( 1032): BtHostDebugInfo
07-13 09:39:27.558 D/[BT]    ( 1032): mtk_bt_op: BT_VND_OP_SET_BTHOST
07-13 09:39:27.561 I/AppScanStats(29492): BLE_SCAN_STATE_CHANGED[2]reportBleScanStarted=false
07-13 09:39:27.562 D/ActivityAttributionService(29492): notifyActivityAttributionInfo UID=1002 packageName=com.android.bluetooth deviceAddress=no_active_device_address
07-13 09:39:27.562 I/bt_btif (29492): get_profile_interface: get_profile_interface: id = activity_attribution
07-13 09:39:27.562 E/bt_stack(29492): [ERROR:com_android_bluetooth_btservice_ActivityAttribution.cpp(172)] Failed to get ActivityAttribution Interface
07-13 09:39:27.562 I/BtGatt.ScanManager(29492): msg.what = MSG_RECORD_CALLER, msg.arg1 = None
07-13 09:39:27.562 I/BtGatt.ScanManager(29492): msg.what = MSG_START_BLE_SCAN, msg.arg1 = None
07-13 09:39:27.563 D/mtk.hal.bt@1.1-impl( 1032): BtHostDebugInfo
07-13 09:39:27.563 D/[BT]    ( 1032): mtk_bt_op: BT_VND_OP_SET_BTHOST
07-13 09:39:27.566 I/bt_stack(29492): [INFO:le_scanning_manager.cc(268)] ScanFilterEnable in shim layer
07-13 09:39:27.567 D/BtGatt.ScanManager(29492): configureScanFilters rssiThreshold: -60, 15
07-13 09:39:27.573 D/C2MtkBufferManager( 1041): over 5000ms not request from VCodec but callback hooked, slow BM Cc fetch thread
07-13 09:39:27.573 I/ContactsProvider(16169): Contacts query: CPID=8414, CallingPackage = com.google.android.gms User=0
07-13 09:39:27.574 I/ContactsProvider(16169): Contacts query: access CPID=8414, CallingPackage = com.google.android.gms User=0
07-13 09:39:27.575 I/ContactsProvider(16169): querylocal match: 11000
07-13 09:39:27.576 I/ContactsProvider(16169): return querylocal
07-13 09:39:27.576 I/ContactsProvider(16169): query return 4 queryDirectoryIfNecessary 
07-13 09:39:27.576 I/ContactsProvider(16169): query return 5 finally 
07-13 09:39:27.579 I/bt_stack(29492): [INFO:le_scanning_manager.cc(204)] ScanFilterParamSetup in shim layer
07-13 09:39:27.584 I/bt_stack(29492): [INFO:le_scanning_manager.cc(168)] Scan in shim layer stopped
07-13 09:39:27.584 I/bluetooth(29492): unregister_client: Client unregistered
07-13 09:39:27.584 I/bt_stack(29492): [INFO:le_scanning_manager.cc(346)] SetScanParameters in shim layer
07-13 09:39:27.584 I/bluetooth(29492): unregister_client: Cancelled address rotation alarm
07-13 09:39:27.584 I/bt_stack(29492): [INFO:le_scanning_manager.cc(346)] SetScanParameters in shim layer
07-13 09:39:27.584 I/bt_stack(29492): [INFO:le_scanning_manager.cc(168)] Scan in shim layer started
07-13 09:39:27.585 I/bluetooth(29492): stop_scan: Scanning already stopped, return!
07-13 09:39:27.585 I/bluetooth(29492): register_client: Scheduled address rotation for first client registered
07-13 09:39:27.585 I/FSA2_SyncState( 8414): @readSyncState: # fatp@386ba6ea
07-13 09:39:27.585 I/bluetooth(29492): register_client: Client registered
07-13 09:39:27.586 D/mtk.hal.bt@1.1-impl( 1032): BtHostDebugInfo
07-13 09:39:27.586 D/[BT]    ( 1032): mtk_bt_op: BT_VND_OP_SET_BTHOST
07-13 09:39:27.586 D/ActivityManager( 1813): getProcessesInErrorState callingUid=10288, CallingPid=19459
07-13 09:39:27.588 D/mtk.hal.bt@1.1-impl( 1032): BtHostDebugInfo
07-13 09:39:27.589 D/[BT]    ( 1032): mtk_bt_op: BT_VND_OP_SET_BTHOST
07-13 09:39:27.589 I/ContactsProvider(16169): Contacts query: CPID=8414, CallingPackage = com.google.android.gms User=0
07-13 09:39:27.593 I/ContactsProvider(16169): Contacts query: access CPID=8414, CallingPackage = com.google.android.gms User=0
07-13 09:39:27.593 D/C2MtkBufferManager( 1041): over 5000ms not request from VCodec but callback hooked, slow BM Cc fetch thread
07-13 09:39:27.594 I/ContactsProvider(16169): querylocal match: 15001
07-13 09:39:27.600 I/ContactsProvider(16169): return querylocal
07-13 09:39:27.600 I/ContactsProvider(16169): query return 4 queryDirectoryIfNecessary 
07-13 09:39:27.600 I/ContactsProvider(16169): query return 5 finally 
07-13 09:39:27.606 I/ContactsProvider(16169): Contacts query: CPID=8414, CallingPackage = com.google.android.gms User=0
07-13 09:39:27.608 I/ContactsProvider(16169): Contacts query: access CPID=8414, CallingPackage = com.google.android.gms User=0
07-13 09:39:27.609 I/ContactsProvider(16169): querylocal match: 9000
07-13 09:39:27.612 I/ContactsProvider(16169): return querylocal
07-13 09:39:27.612 I/ContactsProvider(16169): query return 4 queryDirectoryIfNecessary 
07-13 09:39:27.612 I/ContactsProvider(16169): query return 5 finally 
07-13 09:39:27.613 D/C2MtkBufferManager( 1041): over 5000ms not request from VCodec but callback hooked, slow BM Cc fetch thread
07-13 09:39:27.618 I/ContactsProvider(16169): Contacts query: CPID=8414, CallingPackage = com.google.android.gms User=0
07-13 09:39:27.619 I/ContactsProvider(16169): Contacts query: access CPID=8414, CallingPackage = com.google.android.gms User=0
07-13 09:39:27.620 I/ContactsProvider(16169): querylocal match: 10000
07-13 09:39:27.623 I/ContactsProvider(16169): return querylocal
07-13 09:39:27.623 I/ContactsProvider(16169): query return 4 queryDirectoryIfNecessary 
07-13 09:39:27.623 I/ContactsProvider(16169): query return 5 finally 
07-13 09:39:27.626 D/TrafficManageService( 5491): onReceive: intent.action = com.android.server.action.NETWORK_STATS_UPDATED
07-13 09:39:27.629 D/TrafficManageService-TrafficSimManager( 5491): notifyByNetChange_time: return
07-13 09:39:27.629 I/FSA2_RawContactSyncer( 8414): Found 0 contacts with unsynced calling cards
07-13 09:39:27.634 I/ContactsProvider(16169): Contacts query: CPID=8414, CallingPackage = com.google.android.gms User=0
07-13 09:39:27.634 D/C2MtkBufferManager( 1041): over 5000ms not request from VCodec but callback hooked, slow BM Cc fetch thread
07-13 09:39:27.644 I/ContactsProvider(16169): Contacts query: access CPID=8414, CallingPackage = com.google.android.gms User=0
07-13 09:39:27.645 I/ContactsProvider(16169): querylocal match: 11000
07-13 09:39:27.645 I/ContactsProvider(16169): return querylocal
07-13 09:39:27.645 I/ContactsProvider(16169): query return 4 queryDirectoryIfNecessary 
07-13 09:39:27.645 I/ContactsProvider(16169): query return 5 finally 
07-13 09:39:27.647 I/FSA2_SyncState( 8414): @readSyncState: # fatp@386ba6ea
07-13 09:39:27.650 I/ContactsProvider(16169): Contacts query: CPID=8414, CallingPackage = com.google.android.gms User=0
07-13 09:39:27.653 I/ContactsProvider(16169): Contacts query: access CPID=8414, CallingPackage = com.google.android.gms User=0
07-13 09:39:27.653 I/ContactsProvider(16169): querylocal match: 15001
07-13 09:39:27.654 D/C2MtkBufferManager( 1041): over 5000ms not request from VCodec but callback hooked, slow BM Cc fetch thread
07-13 09:39:27.658 I/ContactsProvider(16169): return querylocal
07-13 09:39:27.658 I/ContactsProvider(16169): query return 4 queryDirectoryIfNecessary 
07-13 09:39:27.658 I/ContactsProvider(16169): query return 5 finally 
07-13 09:39:27.665 I/ContactsProvider(16169): Contacts query: CPID=8414, CallingPackage = com.google.android.gms User=0
07-13 09:39:27.668 I/ContactsProvider(16169): Contacts query: access CPID=8414, CallingPackage = com.google.android.gms User=0
07-13 09:39:27.668 I/ContactsProvider(16169): querylocal match: 9000
07-13 09:39:27.671 I/ContactsProvider(16169): return querylocal
07-13 09:39:27.672 I/ContactsProvider(16169): query return 4 queryDirectoryIfNecessary 
07-13 09:39:27.672 I/ContactsProvider(16169): query return 5 finally 
07-13 09:39:27.675 D/C2MtkBufferManager( 1041): over 5000ms not request from VCodec but callback hooked, slow BM Cc fetch thread
07-13 09:39:27.679 I/ContactsProvider(16169): Contacts query: CPID=8414, CallingPackage = com.google.android.gms User=0
07-13 09:39:27.680 I/ContactsProvider(16169): Contacts query: access CPID=8414, CallingPackage = com.google.android.gms User=0
07-13 09:39:27.681 I/ContactsProvider(16169): querylocal match: 10000
07-13 09:39:27.684 I/ContactsProvider(16169): return querylocal
07-13 09:39:27.684 I/ContactsProvider(16169): query return 4 queryDirectoryIfNecessary 
07-13 09:39:27.684 I/ContactsProvider(16169): query return 5 finally 
07-13 09:39:27.692 I/ContactsProvider(16169): Contacts query: CPID=8414, CallingPackage = com.google.android.gms User=0
07-13 09:39:27.693 I/ContactsProvider(16169): Contacts query: access CPID=8414, CallingPackage = com.google.android.gms User=0
07-13 09:39:27.694 I/ContactsProvider(16169): querylocal match: 2002
07-13 09:39:27.695 D/C2MtkBufferManager( 1041): over 5000ms not request from VCodec but callback hooked, slow BM Cc fetch thread
07-13 09:39:27.697 I/lowmemorykiller(  475): Kill 'com.xiaomi.bluetooth' (19007), uid 1002, oom_score_adj 800 to free 38256kB rss, 44804kB swap; reason: device is in direct reclaim and thrashing (28%)
07-13 09:39:27.698 I/ContactsProvider(16169): return querylocal
07-13 09:39:27.698 I/ContactsProvider(16169): query return 4 queryDirectoryIfNecessary 
07-13 09:39:27.699 I/ContactsProvider(16169): query return 5 finally 
07-13 09:39:27.704 D/ActivityManager( 1813): getProcessesInErrorState callingUid=10279, CallingPid=443
07-13 09:39:27.704 I/libprocessgroup( 1813): Successfully killed process cgroup uid 1002 pid 19007 in 6ms
07-13 09:39:27.716 D/C2MtkBufferManager( 1041): over 5000ms not request from VCodec but callback hooked, slow BM Cc fetch thread
07-13 09:39:27.729 I/Zygote  ( 1023): Process 19007 exited due to signal 9 (Killed)
07-13 09:39:27.729 I/ActivityManager( 1813): Process com.xiaomi.bluetooth (pid 19007) has died: svcb SVC 
07-13 09:39:27.730 E/ProcessManager( 1813): error write exception log
07-13 09:39:27.733 I/libprocessgroup( 1813): Successfully killed process cgroup uid 1002 pid 19007 in 0ms
07-13 09:39:27.734 W/ActivityManager( 1813): Scheduling restart of crashed service com.xiaomi.bluetooth/.mma.MiuiMMAService in 1000ms for start-requested
07-13 09:39:27.734 W/ActivityManager( 1813): Scheduling restart of crashed service com.xiaomi.bluetooth/com.android.bluetooth.ble.app.MiuiNearbyServiceV2 in 10998ms for start-requested
07-13 09:39:27.734 W/ActivityManager( 1813): Scheduling restart of crashed service com.xiaomi.bluetooth/com.android.bluetooth.ble.app.MiuiBleAppService in 20998ms for start-requested
07-13 09:39:27.734 W/ActivityManager( 1813): Scheduling restart of crashed service com.xiaomi.bluetooth/com.android.bluetooth.ble.app.MiuiNearbyService in 30998ms for start-requested
07-13 09:39:27.735 W/ActivityManager( 1813): Scheduling restart of crashed service com.xiaomi.bluetooth/com.android.bluetooth.ble.app.MiuiFastConnectService in 40997ms for start-requested
07-13 09:39:27.736 W/ActivityManager( 1813): Scheduling restart of crashed service com.xiaomi.bluetooth/com.android.bluetooth.ble.app.plugin.MiuiPluginService in 50997ms for start-requested
07-13 09:39:27.736 D/C2MtkBufferManager( 1041): over 5000ms not request from VCodec but callback hooked, slow BM Cc fetch thread
07-13 09:39:27.736 W/MiPicks-ProcessObserverV10(21977): onProcessDied:pid = 19007,died-uid=1002
07-13 09:39:27.736 I/IPCThreadState( 4459): oneway function results for code 3 on binder at 0xb400007cb4ffdc20 will be dropped but finished with status UNKNOWN_TRANSACTION
07-13 09:39:27.737 I/mtkpower_client( 1813): [Legacy][PowerHal_Wrap_notifyAppState] com.xiaomi.bluetooth/com.xiaomi.bluetooth pid=19007 state:3
07-13 09:39:27.738 I/libPowerHal( 1059): [perfNotifyAppState] pack:com.xiaomi.bluetooth, act:com.xiaomi.bluetooth, state:3, pid:19007, uid:1002, fps:-1
07-13 09:39:27.738 I/libPowerHal( 1059): [perfNotifyAppState] pack:com.xiaomi.bluetooth, pid:19007, STATE_DEAD
07-13 09:39:27.738 D/RilUtility( 1059): notify_rild_crash_pid_set certPid:-1, crash:19007, scn:0x0
07-13 09:39:27.741 I/AudioEffect( 1117): controlStatusChanged 0xb400007038523800 control 1 callback 0x0
07-13 09:39:27.741 W/AudioFlinger::EffectHandle( 1117): disconnect Effect handle 0xb4000070358065a0 disconnected after thread destruction
07-13 09:39:27.742 I/AppScanStats(29492): BLE_SCAN_RESULT_RECEIVED[2]reportBleScanResults=0
07-13 09:39:27.743 I/AppScanStats(29492): BLE_SCAN_STATE_CHANGED[2]reportBleScanStopped=false
07-13 09:39:27.743 D/ActivityAttributionService(29492): notifyActivityAttributionInfo UID=1002 packageName=com.android.bluetooth deviceAddress=no_active_device_address
07-13 09:39:27.743 I/BtGatt.ScanManager(29492): msg.what = MSG_STOP_BLE_SCAN, msg.arg1 = None
07-13 09:39:27.744 I/bt_stack(29492): [INFO:le_scanning_manager.cc(204)] ScanFilterParamSetup in shim layer
07-13 09:39:27.744 D/AudioFlinger_Threads( 1117): updateWakeLockUids_l AudioOut_D uids:
07-13 09:39:27.744 I/bt_btif (29492): get_profile_interface: get_profile_interface: id = activity_attribution
07-13 09:39:27.744 E/bt_stack(29492): [ERROR:com_android_bluetooth_btservice_ActivityAttribution.cpp(172)] Failed to get ActivityAttribution Interface
07-13 09:39:27.745 I/bt_stack(29492): [INFO:le_scanning_manager.cc(168)] Scan in shim layer stopped
07-13 09:39:27.745 I/bluetooth(29492): unregister_client: Client unregistered
07-13 09:39:27.745 I/bluetooth(29492): unregister_client: Cancelled address rotation alarm
07-13 09:39:27.745 I/bt_stack(29492): [INFO:le_scanning_manager.cc(346)] SetScanParameters in shim layer
07-13 09:39:27.745 I/bt_stack(29492): [INFO:le_scanning_manager.cc(346)] SetScanParameters in shim layer
07-13 09:39:27.745 I/bt_stack(29492): [INFO:le_scanning_manager.cc(168)] Scan in shim layer started
07-13 09:39:27.745 I/bluetooth(29492): stop_scan: Scanning already stopped, return!
07-13 09:39:27.746 I/bluetooth(29492): register_client: Scheduled address rotation for first client registered
07-13 09:39:27.746 I/bluetooth(29492): register_client: Client registered
07-13 09:39:27.746 I/bt_stack(29492): [INFO:le_scanning_manager.cc(162)] Unregister in shim layer, scanner_id:2
07-13 09:39:27.746 D/mtk.hal.bt@1.1-impl( 1032): BtHostDebugInfo
07-13 09:39:27.746 D/[BT]    ( 1032): mtk_bt_op: BT_VND_OP_SET_BTHOST
07-13 09:39:27.748 E/BtGatt.ContextMap(29492): Context not found for ID 2
07-13 09:39:27.748 E/BtGatt.GattService(29492): No cooresponding app for scannerId=2, not calling unregister scanner!
07-13 09:39:27.749 D/mtk.hal.bt@1.1-impl( 1032): BtHostDebugInfo
07-13 09:39:27.749 D/[BT]    ( 1032): mtk_bt_op: BT_VND_OP_SET_BTHOST
07-13 09:39:27.751 I/AudioEffect( 1117): controlStatusChanged 0xb400007038523800 control 1 callback 0x0
07-13 09:39:27.751 W/AudioFlinger::EffectHandle( 1117): disconnect Effect handle 0xb400007008cd19a0 disconnected after thread destruction
07-13 09:39:27.752 I/ContactsProvider(16169): Contacts query: CPID=8414, CallingPackage = com.google.android.gms User=0
07-13 09:39:27.753 I/ContactsProvider(16169): Contacts query: access CPID=8414, CallingPackage = com.google.android.gms User=0
07-13 09:39:27.753 I/ContactsProvider(16169): querylocal match: 3000
07-13 09:39:27.757 I/ContactsProvider(16169): return querylocal
07-13 09:39:27.757 I/ContactsProvider(16169): query return 4 queryDirectoryIfNecessary 
07-13 09:39:27.757 I/ContactsProvider(16169): query return 5 finally 
07-13 09:39:27.757 D/C2MtkBufferManager( 1041): over 5000ms not request from VCodec but callback hooked, slow BM Cc fetch thread
07-13 09:39:27.771 I/FSA2_CallingCardOp( 8414): No calling card photos to sync up.
07-13 09:39:27.772 I/FSA2_PhotoSyncer( 8414): After CC photo sync up, callingCardsWithOnlyMetadataCount: 0, callingCardsWithOnlyPhotoCount: 0, callingCardsWithBothMetadataAndPhotoCount: 0
07-13 09:39:27.776 I/ContactsProvider(16169): Contacts query: CPID=8414, CallingPackage = com.google.android.gms User=0
07-13 09:39:27.777 D/C2MtkBufferManager( 1041): over 5000ms not request from VCodec but callback hooked, slow BM Cc fetch thread
07-13 09:39:27.778 I/ContactsProvider(16169): Contacts query: access CPID=8414, CallingPackage = com.google.android.gms User=0
07-13 09:39:27.779 I/ContactsProvider(16169): querylocal match: 10000
07-13 09:39:27.781 I/ContactsProvider(16169): return querylocal
07-13 09:39:27.781 I/ContactsProvider(16169): query return 4 queryDirectoryIfNecessary 
07-13 09:39:27.781 I/ContactsProvider(16169): query return 5 finally 
07-13 09:39:27.788 I/ContactsProvider(16169): Contacts query: CPID=8414, CallingPackage = com.google.android.gms User=0
07-13 09:39:27.789 I/ContactsProvider(16169): Contacts query: access CPID=8414, CallingPackage = com.google.android.gms User=0
07-13 09:39:27.791 I/ContactsProvider(16169): querylocal match: 2002
07-13 09:39:27.794 I/ContactsProvider(16169): return querylocal
07-13 09:39:27.795 I/ContactsProvider(16169): query return 4 queryDirectoryIfNecessary 
07-13 09:39:27.795 I/ContactsProvider(16169): query return 5 finally 
07-13 09:39:27.798 D/C2MtkBufferManager( 1041): over 5000ms not request from VCodec but callback hooked, slow BM Cc fetch thread
07-13 09:39:27.799 D/CompatibilityChangeReporter( 1813): Compat change id reported: 135634846; UID 10203; state: DISABLED
07-13 09:39:27.799 D/CompatibilityChangeReporter( 1813): Compat change id reported: 177438394; UID 10203; state: DISABLED
07-13 09:39:27.799 D/CompatibilityChangeReporter( 1813): Compat change id reported: 135772972; UID 10203; state: DISABLED
07-13 09:39:27.800 D/CompatibilityChangeReporter( 1813): Compat change id reported: 135754954; UID 10203; state: ENABLED
07-13 09:39:27.800 D/CompatibilityChangeReporter( 1813): Compat change id reported: 143937733; UID 10203; state: ENABLED
07-13 09:39:27.805 I/FSA2_RawContactSyncer( 8414): contact count. before sweep: 537, before sync: 537, after sync down: -1, after sync up: 537
07-13 09:39:27.806 W/FSA2_ContactsSyncAdapter( 8414): @onPerformSync Sync finished successfully
07-13 09:39:27.813 D/Zygote  ( 1023): Forked child process 19972
07-13 09:39:27.815 I/ActivityManager( 1813): Start proc 19972:com.milink.service/u0a203 for service {com.milink.service/com.milink.ui.service.MiLinkTileService} caller=com.android.systemui
07-13 09:39:27.818 D/C2MtkBufferManager( 1041): over 5000ms not request from VCodec but callback hooked, slow BM Cc fetch thread
07-13 09:39:27.822 E/Zygote  (19972): process_name_ptr:19972 com.milink.service
07-13 09:39:27.828 W/ChimeraUtils( 8414): Module com.google.android.gms.people missing resource null(0)
07-13 09:39:27.830 W/ChimeraUtils( 8414): Module com.google.android.gms.people missing resource null(0)
07-13 09:39:27.839 D/C2MtkBufferManager( 1041): over 5000ms not request from VCodec but callback hooked, slow BM Cc fetch thread
07-13 09:39:27.853 I/.milink.service(19972): Using generational CollectorTypeCC GC.
07-13 09:39:27.859 D/C2MtkBufferManager( 1041): over 5000ms not request from VCodec but callback hooked, slow BM Cc fetch thread
07-13 09:39:27.870 D/nativeloader(19972): Load libframework-connectivity-tiramisu-jni.so using APEX ns com_android_tethering for caller /apex/com.android.tethering/javalib/framework-connectivity-t.jar: ok
07-13 09:39:27.876 I/MessageMonitor(19972): Load libmiui_runtime
07-13 09:39:27.879 D/C2MtkBufferManager( 1041): over 5000ms not request from VCodec but callback hooked, slow BM Cc fetch thread
07-13 09:39:27.882 D/SymlinkUtils( 1813): attachApplication file op go pass: 0 ms
07-13 09:39:27.883 I/SmartPower: com.milink.service/10203(19972)( 1813): died->background(1083ms) R(process start ) adj=-10000.
07-13 09:39:27.891 I/MiuiNetworkPolicy( 1813): updateUidState uid = 10203, uidState = 10
07-13 09:39:27.892 D/CompatibilityChangeReporter(19972): Compat change id reported: 171979766; UID 10203; state: ENABLED
07-13 09:39:27.892 D/CompatibilityChangeReporter(19972): Compat change id reported: 242716250; UID 10203; state: DISABLED
07-13 09:39:27.900 D/C2MtkBufferManager( 1041): over 5000ms not request from VCodec but callback hooked, slow BM Cc fetch thread
07-13 09:39:27.920 D/C2MtkBufferManager( 1041): over 5000ms not request from VCodec but callback hooked, slow BM Cc fetch thread
07-13 09:39:27.921 D/ccci_mdinit( 1136): (1):monitor_time_update_thread round:72288 ########
07-13 09:39:27.922 D/nativeloader(19972): InitLlndkLibrariesProduct: libEGL.so:libGLESv1_CM.so:libGLESv2.so:libGLESv3.so:libRS.so:libandroid_net.so:libbinder_ndk.so:libc.so:libcgrouprc.so:libclang_rt.asan-aarch64-android.so:libclang_rt.asan-arm-android.so:libclang_rt.hwasan-aarch64-android.so:libcom.android.tethering.connectivity_native.so:libdl.so:libft2.so:liblog.so:libm.so:libmediandk.so:libnativewindow.so:libneuralnetworks.so:libselinux.so:libsync.so:libvndksupport.so:libvulkan.so
07-13 09:39:27.922 D/nativeloader(19972): Configuring product-clns-4 for unbundled product apk /product/app/MiLinkGlobal/MiLinkGlobal.apk. target_sdk_version=33, uses_libraries=, library_path=/product/app/MiLinkGlobal/lib/arm64:/product/app/MiLinkGlobal/MiLinkGlobal.apk!/lib/arm64-v8a:/product/lib64:/system/product/lib64, permitted_path=/data:/mnt/expand:/data/user/0/com.milink.service:/product/lib64:/system/product/lib64
07-13 09:39:27.924 D/nativeloader(19972): InitVndkspLibrariesProduct: android.hardware.common-V2-ndk.so:android.hardware.common.fmq-V1-ndk.so:android.hardware.graphics.allocator-V2-ndk.so:android.hardware.graphics.common-V4-ndk.so:android.hardware.graphics.common@1.0.so:android.hardware.graphics.common@1.1.so:android.hardware.graphics.common@1.2.so:android.hardware.graphics.composer3-V1-ndk.so:android.hardware.graphics.mapper@2.0.so:android.hardware.graphics.mapper@2.1.so:android.hardware.graphics.mapper@3.0.so:android.hardware.graphics.mapper@4.0.so:android.hardware.renderscript@1.0.so:android.hidl.memory.token@1.0.so:android.hidl.memory@1.0-impl.so:android.hidl.memory@1.0.so:android.hidl.safe_union@1.0.so:libRSCpuRef.so:libRSDriver.so:libRS_internal.so:libbase.so:libbcinfo.so:libblas.so:libc++.so:libcompiler_rt.so:libcutils.so:libdmabufheap.so:libgralloctypes.so:libhardware.so:libhidlbase.so:libhidlmemory.so:libion.so:libjsoncpp.so:liblzma.so:libprocessgroup.so:libunwindstack.so:libutils.so:libutilscallstack.so:libz.so
07-13 09:39:27.941 D/C2MtkBufferManager( 1041): over 5000ms not request from VCodec but callback hooked, slow BM Cc fetch thread
07-13 09:39:27.960 D/nativeloader(19972): Load libframework-connectivity-jni.so using APEX ns com_android_tethering for caller /apex/com.android.tethering/javalib/framework-connectivity.jar: ok
07-13 09:39:27.961 D/C2MtkBufferManager( 1041): over 5000ms not request from VCodec but callback hooked, slow BM Cc fetch thread
07-13 09:39:27.962 W/Settings( 2457): Setting airplane_mode_on has moved from android.provider.Settings.System to android.provider.Settings.Global, returning read-only value.
07-13 09:39:27.962 V/GraphicsEnvironment(19972): Currently set values for:
07-13 09:39:27.962 V/GraphicsEnvironment(19972):   angle_gl_driver_selection_pkgs=[]
07-13 09:39:27.962 V/GraphicsEnvironment(19972):   angle_gl_driver_selection_values=[]
07-13 09:39:27.963 V/GraphicsEnvironment(19972): ANGLE GameManagerService for com.milink.service: false
07-13 09:39:27.963 V/GraphicsEnvironment(19972): com.milink.service is not listed in per-application setting
07-13 09:39:27.963 V/GraphicsEnvironment(19972): Neither updatable production driver nor prerelease driver is supported.
07-13 09:39:27.964 D/MobileStatusTracker(5)( 2459): onSignalStrengthsChanged signalStrength=SignalStrength:{mCdma=CellSignalStrengthCdma: cdmaDbm=2147483647 cdmaEcio=2147483647 evdoDbm=2147483647 evdoEcio=2147483647 evdoSnr=2147483647 miuiLevel=0 mOptimizedLevel=0 level=0,mGsm=CellSignalStrengthGsm: rssi=2147483647 ber=2147483647 mTa=2147483647 miuiLevel=0 isNtnMode=false mLevel=0,mWcdma=CellSignalStrengthWcdma: ss=2147483647 ber=2147483647 rscp=2147483647 ecno=2147483647 miuiLevel=0 mOptimizedLevel=0 level=0,mTdscdma=CellSignalStrengthTdscdma: rssi=2147483647 ber=2147483647 rscp=2147483647 miuiLevel=0 mOptimizedLevel=0 level=0,mLte=CellSignalStrengthLte: rssi=-71 rsrp=-83 rsrq=-13 rssnr=19 cqiTableIndex=2147483647 cqi=0 ta=0 miuiLevel=5 mOptimizedLevel=0 level=4 parametersUseForLevel=0,mNr=CellSignalStrengthNr:{ csiRsrp = 2147483647 csiRsrq = 2147483647 csiCqiTableIndex = 2147483647 csiCqiReport = [] ssRsrp = 2147483647 ssRsrq = 2147483647 ssSinr = 2147483647 miuiLevel = 0 mOptimizedLevel = 0 level = 0 parametersUseForLevel = 0 timingAdvance = 2147483647 },primary=CellSignalStrengthLte,mNrAsPrimaryInNrNsa=false}
07-13 09:39:27.965 D/NetworkController.MobileSignalController(5)( 2459): update5GConnectState: false
07-13 09:39:27.965 D/NetworkController.MobileSignalController(5)( 2459): ss use aosp level not 0, 5
07-13 09:39:27.966 I/ForceDarkHelperStubImpl(19972): initialize for com.milink.service , ForceDarkOrigin
07-13 09:39:27.968 D/nativeloader(19972): Load libforcedarkimpl.so using system ns (caller=/system_ext/framework/miui-framework.jar): ok
07-13 09:39:27.968 D/OpenGLRenderer(19972): JNI_OnLoad success
07-13 09:39:27.968 I/MiuiForceDarkConfig(19972): setConfig density:2.000000, mainRule:0, secondaryRule:0, tertiaryRule:0
07-13 09:39:27.982 D/C2MtkBufferManager( 1041): over 5000ms not request from VCodec but callback hooked, slow BM Cc fetch thread
07-13 09:39:27.989 W/miuix-app-comp(19972): enableComponentArch true, com.milink.service
07-13 09:39:28.002 D/C2MtkBufferManager( 1041): over 5000ms not request from VCodec but callback hooked, slow BM Cc fetch thread
07-13 09:39:28.015 W/unknown:BridgelessReact(19740): ReactHost{0}.loadJSBundleFromMetro(): Creating BundleLoader
07-13 09:39:28.015 W/WindowOnBackDispatcher(19740): sendCancelIfRunning: isInProgress=falsecallback=android.view.ViewRootImpl$$ExternalSyntheticLambda23@5f782f5
07-13 09:39:28.016 D/CoreBackPreview( 1813): Window{3398984 u0 PopupWindow:f165c39}: Setting back callback null
