07-13 09:39:30.568 D/SettingsPluginCloud(20022): updateDbByData headsetPlugin detail data 1.4_1.75 rows:1
07-13 09:39:30.568 D/BluetoothPluginCloud(20022): updateDbByData btpluginfeature detail data 1.4_1.51 rows:1
07-13 09:39:30.568 D/SettingsPluginCloud(20022): updateDbByData headsetPlugin detail data 1.5_1.84 rows:1
07-13 09:39:30.568 D/BluetoothPluginCloud(20022): updateDbByData btpluginfeature detail data 1.5_1.60 rows:1
07-13 09:39:30.568 D/SettingsPluginCloud(20022): updateDbByData headsetPlugin detail data 1.2_1.63 rows:1
07-13 09:39:30.568 D/SettingsPluginCloud(20022): updateDbByData headsetPlugin detail data 1.3_1.63 rows:1
07-13 09:39:30.568 D/BluetoothPluginCloud(20022): updateDbByData btpluginfeature detail data 1.1_1.60 rows:1
07-13 09:39:30.568 D/SettingsPluginCloud(20022): updateDbByData headsetPlugin detail data 1.4_1.75 rows:1
07-13 09:39:30.568 D/BluetoothPluginCloud(20022): updateDbByData btpluginfeature detail data 1.3_1.67 rows:1
07-13 09:39:30.568 D/SettingsPluginCloud(20022): updateDbByData headsetPlugin detail data 1.5_1.84 rows:1
07-13 09:39:30.568 D/BluetoothPluginCloud(20022): updateDbByData btpluginfeature detail data 1.4_1.54 rows:1
07-13 09:39:30.568 D/SettingsPluginCloud(20022): updateDbByData headsetPlugin detail data 1.1_1.59 rows:1
07-13 09:39:30.568 D/BluetoothPluginCloud(20022): updateDbByData btpluginfeature detail data 1.5_1.60 rows:1
07-13 09:39:30.568 D/SettingsPluginCloud(20022): updateDbByData headsetPlugin detail data 1.2_1.65 rows:1
07-13 09:39:30.568 D/BluetoothPluginCloud(20022): updateDbByData btpluginfeature detail data 1.1_1.61 rows:1
07-13 09:39:30.568 D/SettingsPluginCloud(20022): updateDbByData headsetPlugin detail data 1.3_1.64 rows:1
07-13 09:39:30.568 D/BluetoothPluginCloud(20022): updateDbByData btpluginfeature detail data 1.3_1.68 rows:1
07-13 09:39:30.568 D/SettingsPluginCloud(20022): updateDbByData headsetPlugin detail data 1.4_1.75 rows:1
07-13 09:39:30.568 D/BluetoothPluginCloud(20022): updateDbByData btpluginfeature detail data 1.4_1.56 rows:1
07-13 09:39:30.568 D/SettingsPluginCloud(20022): updateDbByData headsetPlugin detail data 1.5_1.84 rows:1
07-13 09:39:30.568 D/BluetoothPluginCloud(20022): updateDbByData btpluginfeature detail data 1.5_1.61 rows:1
07-13 09:39:30.568 D/SettingsPluginCloud(20022): updateDbByData headsetPlugin detail data 1.1_1.60 rows:1
07-13 09:39:30.568 D/SettingsPluginCloud(20022): updateDbByData headsetPlugin detail data 1.2_1.68 rows:1
07-13 09:39:30.568 D/SettingsPluginCloud(20022): updateDbByData headsetPlugin detail data 1.3_1.66 rows:1
07-13 09:39:30.568 D/SettingsPluginCloud(20022): updateDbByData headsetPlugin detail data 1.4_1.75 rows:1
07-13 09:39:30.568 D/SettingsPluginCloud(20022): updateDbByData headsetPlugin detail data 1.5_1.84 rows:1
07-13 09:39:30.568 D/SettingsPluginCloud(20022): updateDbByData headsetPlugin detail data 1.1_1.61 rows:1
07-13 09:39:30.568 D/SettingsPluginCloud(20022): updateDbByData headsetPlugin detail data 1.2_1.69 rows:1
07-13 09:39:30.568 D/SettingsPluginCloud(20022): updateDbByData headsetPlugin detail data 1.3_1.69 rows:1
07-13 09:39:30.568 D/SettingsPluginCloud(20022): updateDbByData headsetPlugin detail data 1.4_1.75 rows:1
07-13 09:39:30.568 D/SettingsPluginCloud(20022): updateDbByData headsetPlugin detail data 1.5_1.84 rows:1
07-13 09:39:30.568 D/SettingsPluginCloud(20022): updateDbByData headsetPlugin detail data 1.2_1.70 rows:1
07-13 09:39:30.568 D/SettingsPluginCloud(20022): updateDbByData headsetPlugin detail data 1.3_1.70 rows:1
07-13 09:39:30.568 D/SettingsPluginCloud(20022): updateDbByData headsetPlugin detail data 1.4_1.75 rows:1
07-13 09:39:30.568 D/SettingsPluginCloud(20022): updateDbByData headsetPlugin detail data 1.5_1.84 rows:1
07-13 09:39:30.568 D/SettingsPluginCloud(20022): updateDbByData headsetPlugin detail data 1.1_1.63 rows:1
07-13 09:39:30.568 D/SettingsPluginCloud(20022): updateDbByData headsetPlugin detail data 1.2_1.71 rows:1
07-13 09:39:30.568 D/SettingsPluginCloud(20022): updateDbByData headsetPlugin detail data 1.3_1.75 rows:1
07-13 09:39:30.568 D/SettingsPluginCloud(20022): updateDbByData headsetPlugin detail data 1.4_1.75 rows:1
07-13 09:39:30.568 D/SettingsPluginCloud(20022): updateDbByData headsetPlugin detail data 1.5_1.84 rows:1
07-13 09:39:30.568 D/SettingsPluginCloud(20022): updateDbByData headsetPlugin detail data 1.2_1.74 rows:1
07-13 09:39:30.568 D/SettingsPluginCloud(20022): updateDbByData headsetPlugin detail data 1.3_1.84 rows:1
07-13 09:39:30.568 D/SettingsPluginCloud(20022): updateDbByData headsetPlugin detail data 1.4_1.76 rows:1
07-13 09:39:30.568 D/SettingsPluginCloud(20022): updateDbByData headsetPlugin detail data 1.5_1.84 rows:1
07-13 09:39:30.568 D/SettingsPluginCloud(20022): updateDbByData headsetPlugin detail data 1.2_1.76 rows:1
07-13 09:39:30.568 D/SettingsPluginCloud(20022): updateDbByData headsetPlugin detail data 1.3_1.86 rows:1
07-13 09:39:30.568 D/SettingsPluginCloud(20022): updateDbByData headsetPlugin detail data 1.4_1.75 rows:1
07-13 09:39:30.569 D/SettingsPluginCloud(20022): updateDbByData headsetPlugin detail data 1.5_1.84 rows:1
07-13 09:39:30.569 D/SettingsPluginCloud(20022): updateDbByData headsetPlugin detail data 1.2_1.77 rows:1
07-13 09:39:30.569 D/SettingsPluginCloud(20022): updateDbByData headsetPlugin detail data 1.3_1.88 rows:1
07-13 09:39:30.569 D/SettingsPluginCloud(20022): updateDbByData headsetPlugin detail data 1.4_1.76 rows:1
07-13 09:39:30.569 D/SettingsPluginCloud(20022): updateDbByData headsetPlugin detail data 1.5_1.84 rows:1
07-13 09:39:30.569 D/SettingsPluginCloud(20022): updateDbByData headsetPlugin detail data 1.3_1.89 rows:1
07-13 09:39:30.569 D/SettingsPluginCloud(20022): updateDbByData headsetPlugin detail data 1.4_1.76 rows:1
07-13 09:39:30.569 D/SettingsPluginCloud(20022): updateDbByData headsetPlugin detail data 1.5_1.84 rows:1
07-13 09:39:30.569 D/SettingsPluginCloud(20022): updateDbByData headsetPlugin detail data 1.3_1.92 rows:1
07-13 09:39:30.569 D/SettingsPluginCloud(20022): updateDbByData headsetPlugin detail data 1.4_1.80 rows:1
07-13 09:39:30.569 D/SettingsPluginCloud(20022): updateDbByData headsetPlugin detail data 1.5_1.84 rows:1
07-13 09:39:30.569 D/SettingsPluginCloud(20022): updateDbByData headsetPlugin detail data 1.2_1.81 rows:1
07-13 09:39:30.569 D/SettingsPluginCloud(20022): updateDbByData headsetPlugin detail data 1.3_1.93 rows:1
07-13 09:39:30.569 D/SettingsPluginCloud(20022): updateDbByData headsetPlugin detail data 1.4_1.81 rows:1
07-13 09:39:30.569 D/SettingsPluginCloud(20022): updateDbByData headsetPlugin detail data 1.5_1.84 rows:1
07-13 09:39:30.569 D/SettingsPluginCloud(20022): updateDbByData headsetPlugin detail data 1.2_1.88 rows:1
07-13 09:39:30.569 D/SettingsPluginCloud(20022): updateDbByData headsetPlugin detail data 1.3_1.94 rows:1
07-13 09:39:30.569 D/SettingsPluginCloud(20022): updateDbByData headsetPlugin detail data 1.4_1.85 rows:1
07-13 09:39:30.569 D/SettingsPluginCloud(20022): updateDbByData headsetPlugin detail data 1.5_1.84 rows:1
07-13 09:39:30.569 D/SettingsPluginCloud(20022): updateDbByData headsetPlugin detail data 1.2_1.89 rows:1
07-13 09:39:30.569 D/SettingsPluginCloud(20022): updateDbByData headsetPlugin detail data 1.3_1.95 rows:1
07-13 09:39:30.569 D/SettingsPluginCloud(20022): updateDbByData headsetPlugin detail data 1.4_1.88 rows:1
07-13 09:39:30.570 D/SettingsPluginCloud(20022): updateDbByData headsetPlugin detail data 1.5_1.85 rows:1
07-13 09:39:30.571 D/MiuiFastConnectV2(20022): registerReceiver  pairingChangeReceiver
07-13 09:39:30.571 D/MiuiFastConnectV2(20022): downloadAccountKey
07-13 09:39:30.571 D/MiuiDataBaseUtils(20022): query BtData in datebase
07-13 09:39:30.576 W/unknown:ViewManagerPropertyUpdater(19740): Could not find generated setter for class com.horcrux.svg.RenderableViewManager$FeBlendManager
07-13 09:39:30.581 D/C2MtkBufferManager( 1041): over 5000ms not request from VCodec but callback hooked, slow BM Cc fetch thread
07-13 09:39:30.583 V/BluetoothPluginCloud(20022): queryPluginFeatureSupport: pluginVersion = 1.1_1.21featureId = spp_pc_service
07-13 09:39:30.588 W/unknown:ViewManagerPropertyUpdater(19740): Could not find generated setter for class com.facebook.react.views.view.ReactViewManager
07-13 09:39:30.597 I/SettingsPluginCloud(20022): hasSupportPlugin 1 cnt = 153
07-13 09:39:30.600 V/MultiFeatureManager(20022): checkPlatformFeatures: SPP_PC_SERVICE = false
07-13 09:39:30.600 D/ActivityManager( 1813): getProcessesInErrorState callingUid=10288, CallingPid=19459
07-13 09:39:30.601 V/BluetoothPluginCloud(20022): queryPluginFeatureSupport: pluginVersion = 1.1_1.21featureId = pc_service
07-13 09:39:30.601 W/unknown:ViewManagerPropertyUpdater(19740): Could not find generated setter for class com.horcrux.svg.SvgViewManager
07-13 09:39:30.602 D/C2MtkBufferManager( 1041): over 5000ms not request from VCodec but callback hooked, slow BM Cc fetch thread
07-13 09:39:30.603 D/MiuiDataBaseUtils(20022): minversion: 1.21, minversionLocal: 1.11
07-13 09:39:30.603 V/MultiFeatureManager(20022): checkPlatformFeatures: PC_SERVICE = true
07-13 09:39:30.605 V/BluetoothPluginCloud(20022): queryPluginFeatureSupport: pluginVersion = 1.1_1.21featureId = fastconnect_service
07-13 09:39:30.607 D/MiuiDataBaseUtils(20022): minversion: 1.21, minversionLocal: 1.11
07-13 09:39:30.608 V/MultiFeatureManager(20022): checkPlatformFeatures: FASTCONNECT_SERVICE = true
07-13 09:39:30.609 D/SplitInstallManagerImpl(20022): App has no fused modules.
07-13 09:39:30.610 D/MiuiFastConnectService(20022): change scan mode: 1
07-13 09:39:30.610 D/SplitInstallManagerImpl(20022): Split names are: []
07-13 09:39:30.611 D/MiuiFastConnectService(20022): stopBleScan: scanning: false
07-13 09:39:30.611 W/Settings( 2457): Setting airplane_mode_on has moved from android.provider.Settings.System to android.provider.Settings.Global, returning read-only value.
07-13 09:39:30.612 E/MiuiFastConnectService(20022): initBondedDeviceAccoutKeyMap bondedDeviceAccoutKey null
07-13 09:39:30.612 D/MiuiFastConnectService(20022): registerInstalledCallback
07-13 09:39:30.612 E/MultiFeatureManager(20022): registerCallback
07-13 09:39:30.612 D/SplitInstallManagerImpl(20022): App has no fused modules.
07-13 09:39:30.612 D/SplitInstallManagerImpl(20022): Split names are: []
07-13 09:39:30.612 D/MiuiFastConnectService(20022): onModuleInstalled
07-13 09:39:30.612 D/MiuiFastConnectService(20022): updateSupportDeviceId
07-13 09:39:30.612 D/MultiFeatureManager(20022): getDeviceInfoV2!!!
07-13 09:39:30.614 D/MobileStatusTracker(1)( 2459): onSignalStrengthsChanged signalStrength=SignalStrength:{mCdma=CellSignalStrengthCdma: cdmaDbm=2147483647 cdmaEcio=2147483647 evdoDbm=2147483647 evdoEcio=2147483647 evdoSnr=2147483647 miuiLevel=0 mOptimizedLevel=0 level=0,mGsm=CellSignalStrengthGsm: rssi=2147483647 ber=2147483647 mTa=2147483647 miuiLevel=0 isNtnMode=false mLevel=0,mWcdma=CellSignalStrengthWcdma: ss=2147483647 ber=2147483647 rscp=2147483647 ecno=2147483647 miuiLevel=0 mOptimizedLevel=0 level=0,mTdscdma=CellSignalStrengthTdscdma: rssi=2147483647 ber=2147483647 rscp=2147483647 miuiLevel=0 mOptimizedLevel=0 level=0,mLte=CellSignalStrengthLte: rssi=-91 rsrp=-100 rsrq=-9 rssnr=16 cqiTableIndex=2147483647 cqi=0 ta=0 miuiLevel=4 mOptimizedLevel=0 level=3 parametersUseForLevel=0,mNr=CellSignalStrengthNr:{ csiRsrp = 2147483647 csiRsrq = 2147483647 csiCqiTableIndex = 2147483647 csiCqiReport = [] ssRsrp = 2147483647 ssRsrq = 2147483647 ssSinr = 2147483647 miuiLevel = 0 mOptimizedLevel = 0 level = 0 parametersUseForLevel = 0 timingAdvance = 2147483647 },primary=CellSignalStrengthLte,mNrAsPrimaryInNrNsa=false}
07-13 09:39:30.615 D/NetworkController.MobileSignalController(1)( 2459): update5GConnectState: false
07-13 09:39:30.616 D/NetworkController.MobileSignalController(1)( 2459): ss use aosp level not 0, 4
07-13 09:39:30.617 D/NetworkController.MobileSignalController(1)( 2459): notifyListeners: mFeatureRelayData=false
07-13 09:39:30.618 W/unknown:ViewManagerPropertyUpdater(19740): Could not find generated setter for class com.facebook.react.views.switchview.ReactSwitchManager
07-13 09:39:30.620 W/unknown:ViewManagerPropertyUpdater(19740): Could not find generated setter for class com.facebook.react.views.switchview.ReactSwitchShadowNode
07-13 09:39:30.622 D/C2MtkBufferManager( 1041): over 5000ms not request from VCodec but callback hooked, slow BM Cc fetch thread
07-13 09:39:30.631 W/unknown:ViewManagerPropertyUpdater(19740): Could not find generated setter for class com.horcrux.svg.RenderableViewManager$UseViewManager
07-13 09:39:30.632 D/DeviceSupport(20022): device info v2 length =25
07-13 09:39:30.632 D/DeviceSupport(20022): device info v2 has data, add to support id!25
07-13 09:39:30.634 I/gralloc4( 2459): @set_metadata: update dataspace from GM (0x00000000 -> 0x08010000)
07-13 09:39:30.636 D/MultiFeatureManager(20022): getDeviceInfoV2!!!
07-13 09:39:30.643 D/C2MtkBufferManager( 1041): over 5000ms not request from VCodec but callback hooked, slow BM Cc fetch thread
07-13 09:39:30.644 W/unknown:ViewManagerPropertyUpdater(19740): Could not find generated setter for class com.horcrux.svg.RenderableViewManager$CircleViewManager
07-13 09:39:30.646 I/hwcomposer( 1039): [HWCDisplay] [Display_0 (type:1)] fps:1.766801,dur:1131.99,max:999.80,min:132.19  
07-13 09:39:30.649 D/DeviceSupport(20022): device info v2 length =25
07-13 09:39:30.649 D/DeviceSupport(20022): device info v2 has data, add to support id!25
07-13 09:39:30.656 W/ActivityManagerServiceImpl( 1813): Sending non-protected broadcast miui.bluetooth.MI_TWS_HS_FEATURE_ENABLE from system 20022:com.xiaomi.bluetooth/1002 pkg com.xiaomi.bluetooth. Callers=
07-13 09:39:30.658 D/MiuiFastConnectService(20022): setEnableFastPair true
07-13 09:39:30.658 D/MiuiFastConnectService(20022): stopBleScan: scanning: false
07-13 09:39:30.658 W/unknown:ViewManagerPropertyUpdater(19740): Could not find generated setter for class com.horcrux.svg.RenderableViewManager$TSpanViewManager
07-13 09:39:30.658 D/MiuiAudioSwitchCoreManager(20022): onCreate
07-13 09:39:30.658 D/MiuiAudioSwitchCoreManager(20022): mAudioSwichFeatureSupport = false
07-13 09:39:30.660 D/MiuiBleAppReceiver(20022): action: miui.bluetooth.MI_TWS_HS_FEATURE_ENABLE new state: 10
07-13 09:39:30.660 D/MiuiBleAppReceiver(20022): bluetooth headset service cloud change: true
07-13 09:39:30.663 W/Looper  (20022): PerfMonitor longMsg : seq=1 plan=09:39:29.559 late=0ms wall=1103ms h=com.android.bluetooth.ble.app.m3 w=1 procState=-1
07-13 09:39:30.663 D/C2MtkBufferManager( 1041): over 5000ms not request from VCodec but callback hooked, slow BM Cc fetch thread
07-13 09:39:30.663 D/CompatibilityChangeReporter(20022): Compat change id reported: 265103382; UID 1002; state: ENABLED
07-13 09:39:30.663 D/BluetoothHeadsetService(20022): onStartCommand()
07-13 09:39:30.664 D/MiuiFastConnectStateMachine(20022): State transition from null to Scanning for device:null, ble device=XX:XX:XX:XX:00:00
07-13 09:39:30.664 D/MiuiFastConnectStateMachine(20022): Setting mCurrentState as Scanning
07-13 09:39:30.664 E/MiuiFastConnectStateMachine(20022): Clear Current Device All Info, resetAdvNum:false
07-13 09:39:30.664 D/MiuiFastConnectStateMachine(20022): Ignore Intent AccountKeyProtocal: false, clear: true, forceUseFastPairV1: false
07-13 09:39:30.666 D/MiuiMMAService(20022): onStartCommand(): android.bluetooth.BluetoothA2dp@6b03349
07-13 09:39:30.667 D/MiuiFastConnectV2(20022): ServiceMessageHandler what= 100
07-13 09:39:30.670 I/BluetoothBondStateMachine(29492): fast connect device: 00:00:00:00:00:00, peer address: 00:00:00:00:00:00
07-13 09:39:30.673 W/unknown:ViewManagerPropertyUpdater(19740): Could not find generated setter for class com.horcrux.svg.RenderableViewManager$FilterManager
07-13 09:39:30.683 D/C2MtkBufferManager( 1041): over 5000ms not request from VCodec but callback hooked, slow BM Cc fetch thread
07-13 09:39:30.685 W/unknown:ViewManagerPropertyUpdater(19740): Could not find generated setter for class com.horcrux.svg.RenderableViewManager$MarkerManager
07-13 09:39:30.688 D/MediaCodec(19459): [mId: 2] audio-debug Stats over last 5006ms:
07-13 09:39:30.689 D/MediaCodec(19459): [mId: 2] audio-debug Qinput: 0, DQinput: 0 success out of 5 tries
07-13 09:39:30.689 D/MediaCodec(19459): [mId: 2] audio-debug Render: 0, Drop: 0, DQoutput: 0 success out of 0 tries
07-13 09:39:30.700 W/unknown:ViewManagerPropertyUpdater(19740): Could not find generated setter for class com.swmansion.gesturehandler.react.RNGestureHandlerButtonViewManager
07-13 09:39:30.704 D/C2MtkBufferManager( 1041): over 5000ms not request from VCodec but callback hooked, slow BM Cc fetch thread
07-13 09:39:30.714 W/unknown:ViewManagerPropertyUpdater(19740): Could not find generated setter for class com.facebook.react.views.modal.ReactModalHostManager
07-13 09:39:30.717 D/ActivityManager( 1813): getProcessesInErrorState callingUid=10279, CallingPid=443
07-13 09:39:30.725 D/C2MtkBufferManager( 1041): over 5000ms not request from VCodec but callback hooked, slow BM Cc fetch thread
07-13 09:39:30.726 W/unknown:ViewManagerPropertyUpdater(19740): Could not find generated setter for class com.horcrux.svg.RenderableViewManager$ForeignObjectManager
07-13 09:39:30.739 W/unknown:ViewManagerPropertyUpdater(19740): Could not find generated setter for class com.horcrux.svg.RenderableViewManager$EllipseViewManager
07-13 09:39:30.745 D/C2MtkBufferManager( 1041): over 5000ms not request from VCodec but callback hooked, slow BM Cc fetch thread
07-13 09:39:30.753 W/unknown:ViewManagerPropertyUpdater(19740): Could not find generated setter for class com.horcrux.svg.RenderableViewManager$LineViewManager
07-13 09:39:30.765 D/C2MtkBufferManager( 1041): over 5000ms not request from VCodec but callback hooked, slow BM Cc fetch thread
07-13 09:39:30.766 W/unknown:ViewManagerPropertyUpdater(19740): Could not find generated setter for class com.facebook.react.views.text.frescosupport.FrescoBasedReactTextInlineImageViewManager
07-13 09:39:30.767 W/unknown:ViewManagerPropertyUpdater(19740): Could not find generated setter for class com.facebook.react.views.text.frescosupport.FrescoBasedReactTextInlineImageShadowNode
07-13 09:39:30.778 W/unknown:ViewManagerPropertyUpdater(19740): Could not find generated setter for class com.horcrux.svg.RenderableViewManager$FeFloodManager
07-13 09:39:30.786 D/C2MtkBufferManager( 1041): over 5000ms not request from VCodec but callback hooked, slow BM Cc fetch thread
07-13 09:39:30.790 W/unknown:ViewManagerPropertyUpdater(19740): Could not find generated setter for class com.horcrux.svg.RenderableViewManager$GroupViewManager
07-13 09:39:30.803 W/unknown:ViewManagerPropertyUpdater(19740): Could not find generated setter for class com.horcrux.svg.RenderableViewManager$TextViewManager
07-13 09:39:30.807 D/C2MtkBufferManager( 1041): over 5000ms not request from VCodec but callback hooked, slow BM Cc fetch thread
07-13 09:39:30.817 W/unknown:ViewManagerPropertyUpdater(19740): Could not find generated setter for class com.horcrux.svg.RenderableViewManager$ImageViewManager
07-13 09:39:30.823 D/FragmentHandler(20022): receiver 123
07-13 09:39:30.823 D/BluetoothAdapter(20022): getActiveDevices(profile= A2DP)
07-13 09:39:30.828 D/C2MtkBufferManager( 1041): over 5000ms not request from VCodec but callback hooked, slow BM Cc fetch thread
07-13 09:39:30.828 D/BluetoothHeadsetService(20022): device is null
07-13 09:39:30.828 D/BluetoothAdapter(20022): getActiveDevices(profile= A2DP)
07-13 09:39:30.831 D/BluetoothHeadsetService(20022): device is null
07-13 09:39:30.831 W/unknown:ViewManagerPropertyUpdater(19740): Could not find generated setter for class com.horcrux.svg.RenderableViewManager$FeCompositeManager
07-13 09:39:30.845 W/unknown:ViewManagerPropertyUpdater(19740): Could not find generated setter for class com.facebook.react.views.image.ReactImageManager
07-13 09:39:30.848 D/C2MtkBufferManager( 1041): over 5000ms not request from VCodec but callback hooked, slow BM Cc fetch thread
07-13 09:39:30.858 W/unknown:ViewManagerPropertyUpdater(19740): Could not find generated setter for class com.horcrux.svg.RenderableViewManager$RadialGradientManager
07-13 09:39:30.869 D/C2MtkBufferManager( 1041): over 5000ms not request from VCodec but callback hooked, slow BM Cc fetch thread
07-13 09:39:30.872 W/unknown:ViewManagerPropertyUpdater(19740): Could not find generated setter for class com.horcrux.svg.RenderableViewManager$MaskManager
07-13 09:39:30.886 W/unknown:ViewManagerPropertyUpdater(19740): Could not find generated setter for class com.facebook.react.views.unimplementedview.ReactUnimplementedViewManager
07-13 09:39:30.889 D/C2MtkBufferManager( 1041): over 5000ms not request from VCodec but callback hooked, slow BM Cc fetch thread
07-13 09:39:30.897 W/unknown:ViewManagerPropertyUpdater(19740): Could not find generated setter for class com.horcrux.svg.RenderableViewManager$RectViewManager
07-13 09:39:30.910 D/C2MtkBufferManager( 1041): over 5000ms not request from VCodec but callback hooked, slow BM Cc fetch thread
07-13 09:39:30.911 W/unknown:ViewManagerPropertyUpdater(19740): Could not find generated setter for class com.horcrux.svg.RenderableViewManager$TextPathViewManager
07-13 09:39:30.927 W/unknown:ViewManagerPropertyUpdater(19740): Could not find generated setter for class com.facebook.react.views.scroll.ReactScrollViewManager
07-13 09:39:30.930 D/C2MtkBufferManager( 1041): over 5000ms not request from VCodec but callback hooked, slow BM Cc fetch thread
07-13 09:39:30.942 W/unknown:ViewManagerPropertyUpdater(19740): Could not find generated setter for class com.horcrux.svg.RenderableViewManager$FeOffsetManager
07-13 09:39:30.951 D/C2MtkBufferManager( 1041): over 5000ms not request from VCodec but callback hooked, slow BM Cc fetch thread
07-13 09:39:30.953 I/keystore2(  543): system/security/keystore2/src/watchdog.rs:319 - Watchdog thread idle -> terminating. Have a great day.
07-13 09:39:30.954 W/unknown:ViewManagerPropertyUpdater(19740): Could not find generated setter for class com.horcrux.svg.RenderableViewManager$PathViewManager
07-13 09:39:30.969 W/unknown:ViewManagerPropertyUpdater(19740): Could not find generated setter for class com.facebook.react.views.drawer.ReactDrawerLayoutManager
07-13 09:39:30.971 D/C2MtkBufferManager( 1041): over 5000ms not request from VCodec but callback hooked, slow BM Cc fetch thread
07-13 09:39:30.975 W/Settings( 2457): Setting airplane_mode_on has moved from android.provider.Settings.System to android.provider.Settings.Global, returning read-only value.
07-13 09:39:30.978 D/MobileStatusTracker(1)( 2459): onSignalStrengthsChanged signalStrength=SignalStrength:{mCdma=CellSignalStrengthCdma: cdmaDbm=2147483647 cdmaEcio=2147483647 evdoDbm=2147483647 evdoEcio=2147483647 evdoSnr=2147483647 miuiLevel=0 mOptimizedLevel=0 level=0,mGsm=CellSignalStrengthGsm: rssi=2147483647 ber=2147483647 mTa=2147483647 miuiLevel=0 isNtnMode=false mLevel=0,mWcdma=CellSignalStrengthWcdma: ss=2147483647 ber=2147483647 rscp=2147483647 ecno=2147483647 miuiLevel=0 mOptimizedLevel=0 level=0,mTdscdma=CellSignalStrengthTdscdma: rssi=2147483647 ber=2147483647 rscp=2147483647 miuiLevel=0 mOptimizedLevel=0 level=0,mLte=CellSignalStrengthLte: rssi=-91 rsrp=-99 rsrq=-9 rssnr=17 cqiTableIndex=2147483647 cqi=0 ta=0 miuiLevel=4 mOptimizedLevel=0 level=3 parametersUseForLevel=0,mNr=CellSignalStrengthNr:{ csiRsrp = 2147483647 csiRsrq = 2147483647 csiCqiTableIndex = 2147483647 csiCqiReport = [] ssRsrp = 2147483647 ssRsrq = 2147483647 ssSinr = 2147483647 miuiLevel = 0 mOptimizedLevel = 0 level = 0 parametersUseForLevel = 0 timingAdvance = 2147483647 },primary=CellSignalStrengthLte,mNrAsPrimaryInNrNsa=false}
07-13 09:39:30.978 D/NetworkController.MobileSignalController(1)( 2459): update5GConnectState: false
07-13 09:39:30.978 D/NetworkController.MobileSignalController(1)( 2459): ss use aosp level not 0, 4
07-13 09:39:30.984 W/unknown:ViewManagerPropertyUpdater(19740): Could not find generated setter for class com.facebook.react.views.swiperefresh.SwipeRefreshLayoutManager
07-13 09:39:30.992 D/C2MtkBufferManager( 1041): over 5000ms not request from VCodec but callback hooked, slow BM Cc fetch thread
07-13 09:39:30.999 W/unknown:ViewManagerPropertyUpdater(19740): Could not find generated setter for class com.facebook.react.views.textinput.ReactTextInputManager
07-13 09:39:31.003 W/unknown:ViewManagerPropertyUpdater(19740): Could not find generated setter for class com.facebook.react.views.textinput.ReactTextInputShadowNode
07-13 09:39:31.012 D/C2MtkBufferManager( 1041): over 5000ms not request from VCodec but callback hooked, slow BM Cc fetch thread
07-13 09:39:31.018 W/unknown:ViewManagerPropertyUpdater(19740): Could not find generated setter for class com.swmansion.gesturehandler.react.RNGestureHandlerRootViewManager
07-13 09:39:31.033 D/C2MtkBufferManager( 1041): over 5000ms not request from VCodec but callback hooked, slow BM Cc fetch thread
07-13 09:39:31.054 D/C2MtkBufferManager( 1041): over 5000ms not request from VCodec but callback hooked, slow BM Cc fetch thread
07-13 09:39:31.057 I/AS.AudioService( 1813): getMode, get current owner's mode
07-13 09:39:31.057 I/AS.AudioService( 1813): getMode, currentModeHandler is null
07-13 09:39:31.074 D/C2MtkBufferManager( 1041): over 5000ms not request from VCodec but callback hooked, slow BM Cc fetch thread
07-13 09:39:31.095 D/C2MtkBufferManager( 1041): over 5000ms not request from VCodec but callback hooked, slow BM Cc fetch thread
07-13 09:39:31.102 D/ActivityManager( 1813): getProcessesInErrorState callingUid=10288, CallingPid=19459
07-13 09:39:31.115 D/C2MtkBufferManager( 1041): over 5000ms not request from VCodec but callback hooked, slow BM Cc fetch thread
07-13 09:39:31.116 I/SmartPower: com.milink.service/10203(19972)( 1813): background->idle(3234ms) R(service end com.milink.service/com.milink.server.MiLinkServerService) adj=905.
07-13 09:39:31.136 D/C2MtkBufferManager( 1041): over 5000ms not request from VCodec but callback hooked, slow BM Cc fetch thread
07-13 09:39:31.156 D/C2MtkBufferManager( 1041): over 5000ms not request from VCodec but callback hooked, slow BM Cc fetch thread
07-13 09:39:31.160 D/MiuiFastConnectService(20022): handleMessage: MSG_START_BLE_SCAN mode: 4
07-13 09:39:31.162 D/BluetoothAdapter(20022): isLeEnabled(): ON
07-13 09:39:31.168 I/bt_stack(29492): [INFO:le_scanning_manager.cc(155)] RegisterScanner in shim layer
07-13 09:39:31.169 D/BluetoothLeScanner(20022): onScannerRegistered() - status=0 scannerId=2 mScannerId=0
07-13 09:39:31.177 D/C2MtkBufferManager( 1041): over 5000ms not request from VCodec but callback hooked, slow BM Cc fetch thread
07-13 09:39:31.179 I/AppScanStats(29492): BLE_SCAN_STATE_CHANGED[2]reportBleScanStarted=false
07-13 09:39:31.179 D/ActivityAttributionService(29492): notifyActivityAttributionInfo UID=1002 packageName=com.android.bluetooth deviceAddress=no_active_device_address
07-13 09:39:31.179 I/bt_btif (29492): get_profile_interface: get_profile_interface: id = activity_attribution
07-13 09:39:31.179 I/BtGatt.ScanManager(29492): msg.what = MSG_RECORD_CALLER, msg.arg1 = None
07-13 09:39:31.179 E/bt_stack(29492): [ERROR:com_android_bluetooth_btservice_ActivityAttribution.cpp(172)] Failed to get ActivityAttribution Interface
07-13 09:39:31.179 I/BtGatt.ScanManager(29492): msg.what = MSG_START_BLE_SCAN, msg.arg1 = None
07-13 09:39:31.180 I/bt_stack(29492): [INFO:le_scanning_manager.cc(268)] ScanFilterEnable in shim layer
07-13 09:39:31.180 D/BtGatt.ScanManager(29492): configureScanFilters rssiThreshold: -60, 15
07-13 09:39:31.181 I/bt_stack(29492): [INFO:le_scanning_manager.cc(204)] ScanFilterParamSetup in shim layer
07-13 09:39:31.181 I/bt_stack(29492): [INFO:le_scanning_manager.cc(168)] Scan in shim layer stopped
07-13 09:39:31.181 I/bluetooth(29492): unregister_client: Client unregistered
07-13 09:39:31.181 I/bluetooth(29492): unregister_client: Cancelled address rotation alarm
07-13 09:39:31.181 I/bt_stack(29492): [INFO:le_scanning_manager.cc(346)] SetScanParameters in shim layer
07-13 09:39:31.181 I/bt_stack(29492): [INFO:le_scanning_manager.cc(346)] SetScanParameters in shim layer
07-13 09:39:31.182 I/bt_stack(29492): [INFO:le_scanning_manager.cc(168)] Scan in shim layer started
07-13 09:39:31.182 I/bluetooth(29492): stop_scan: Scanning already stopped, return!
07-13 09:39:31.182 I/bluetooth(29492): register_client: Scheduled address rotation for first client registered
07-13 09:39:31.182 I/bluetooth(29492): register_client: Client registered
07-13 09:39:31.186 D/mtk.hal.bt@1.1-impl( 1032): BtHostDebugInfo
07-13 09:39:31.186 D/[BT]    ( 1032): mtk_bt_op: BT_VND_OP_SET_BTHOST
07-13 09:39:31.189 D/mtk.hal.bt@1.1-impl( 1032): BtHostDebugInfo
07-13 09:39:31.189 D/[BT]    ( 1032): mtk_bt_op: BT_VND_OP_SET_BTHOST
07-13 09:39:31.198 D/C2MtkBufferManager( 1041): over 5000ms not request from VCodec but callback hooked, slow BM Cc fetch thread
07-13 09:39:31.218 D/C2MtkBufferManager( 1041): over 5000ms not request from VCodec but callback hooked, slow BM Cc fetch thread
07-13 09:39:31.218 D/ActivityManager( 1813): getProcessesInErrorState callingUid=10279, CallingPid=443
07-13 09:39:31.236 I/thermal_repeater( 1331): [recvMdThermalInfo] ret=24, strLen=127,  3, 45, 7, 196, 32767, 0
07-13 09:39:31.239 D/C2MtkBufferManager( 1041): over 5000ms not request from VCodec but callback hooked, slow BM Cc fetch thread
07-13 09:39:31.259 D/C2MtkBufferManager( 1041): over 5000ms not request from VCodec but callback hooked, slow BM Cc fetch thread
07-13 09:39:31.280 D/C2MtkBufferManager( 1041): over 5000ms not request from VCodec but callback hooked, slow BM Cc fetch thread
07-13 09:39:31.300 D/C2MtkBufferManager( 1041): over 5000ms not request from VCodec but callback hooked, slow BM Cc fetch thread
07-13 09:39:31.321 D/C2MtkBufferManager( 1041): over 5000ms not request from VCodec but callback hooked, slow BM Cc fetch thread
07-13 09:39:31.325 I/MiuiNetworkPolicy( 1813): updateUidState uid = 10317, uidState = 19
07-13 09:39:31.328 I/MiuiNetworkPolicy( 1813): updateUidState uid = 10317, uidState = 11
07-13 09:39:31.341 D/C2MtkBufferManager( 1041): over 5000ms not request from VCodec but callback hooked, slow BM Cc fetch thread
07-13 09:39:31.362 D/C2MtkBufferManager( 1041): over 5000ms not request from VCodec but callback hooked, slow BM Cc fetch thread
07-13 09:39:31.382 D/C2MtkBufferManager( 1041): over 5000ms not request from VCodec but callback hooked, slow BM Cc fetch thread
07-13 09:39:31.403 D/C2MtkBufferManager( 1041): over 5000ms not request from VCodec but callback hooked, slow BM Cc fetch thread
07-13 09:39:31.423 D/C2MtkBufferManager( 1041): over 5000ms not request from VCodec but callback hooked, slow BM Cc fetch thread
07-13 09:39:31.444 D/C2MtkBufferManager( 1041): over 5000ms not request from VCodec but callback hooked, slow BM Cc fetch thread
07-13 09:39:31.465 D/C2MtkBufferManager( 1041): over 5000ms not request from VCodec but callback hooked, slow BM Cc fetch thread
07-13 09:39:31.478 D/NetworkController.MobileSignalController(1)( 2459): notifyListeners: mFeatureRelayData=false
07-13 09:39:31.485 D/C2MtkBufferManager( 1041): over 5000ms not request from VCodec but callback hooked, slow BM Cc fetch thread
07-13 09:39:31.498 I/gralloc4( 2459): @set_metadata: update dataspace from GM (0x00000000 -> 0x08010000)
07-13 09:39:31.500 I/libPerfCtl( 1059): xgfGetFPS pid:2459 fps:-1
07-13 09:39:31.501 I/libPerfCtl( 1059): xgfGetFPS pid:2470 fps:-1
07-13 09:39:31.501 I/libPerfCtl( 1059): xgfGetFPS pid:19720 fps:-1
07-13 09:39:31.501 I/libPerfCtl( 1059): xgfGetFPS pid:19740 fps:-1
07-13 09:39:31.506 D/C2MtkBufferManager( 1041): over 5000ms not request from VCodec but callback hooked, slow BM Cc fetch thread
07-13 09:39:31.516 D/nativeloader(19740): Load /data/app/~~YLnmsdzZwEre--bK2d7z9w==/com.skillsroom.mobile-f9Bv9at9m-3mkcSkMrJiDw==/base.apk!/lib/arm64-v8a/librnscreens.so using class loader ns clns-4 (caller=/data/app/~~YLnmsdzZwEre--bK2d7z9w==/com.skillsroom.mobile-f9Bv9at9m-3mkcSkMrJiDw==/base.apk!classes16.dex): ok
07-13 09:39:31.527 D/C2MtkBufferManager( 1041): over 5000ms not request from VCodec but callback hooked, slow BM Cc fetch thread
07-13 09:39:31.547 D/C2MtkBufferManager( 1041): over 5000ms not request from VCodec but callback hooked, slow BM Cc fetch thread
07-13 09:39:31.568 D/C2MtkBufferManager( 1041): over 5000ms not request from VCodec but callback hooked, slow BM Cc fetch thread
07-13 09:39:31.588 D/C2MtkBufferManager( 1041): over 5000ms not request from VCodec but callback hooked, slow BM Cc fetch thread
07-13 09:39:31.604 D/ActivityManager( 1813): getProcessesInErrorState callingUid=10288, CallingPid=19459
07-13 09:39:31.609 D/C2MtkBufferManager( 1041): over 5000ms not request from VCodec but callback hooked, slow BM Cc fetch thread
07-13 09:39:31.629 D/C2MtkBufferManager( 1041): over 5000ms not request from VCodec but callback hooked, slow BM Cc fetch thread
07-13 09:39:31.650 D/C2MtkBufferManager( 1041): over 5000ms not request from VCodec but callback hooked, slow BM Cc fetch thread
07-13 09:39:31.670 D/C2MtkBufferManager( 1041): over 5000ms not request from VCodec but callback hooked, slow BM Cc fetch thread
07-13 09:39:31.691 D/C2MtkBufferManager( 1041): over 5000ms not request from VCodec but callback hooked, slow BM Cc fetch thread
07-13 09:39:31.692 D/CompatibilityChangeReporter(19740): Compat change id reported: 289878283; UID 10210; state: ENABLED
07-13 09:39:31.704 I/ReactNativeJS(19740): Running "main" with {"rootTag":1,"initialProps":{},"fabric":true}
07-13 09:39:31.712 D/C2MtkBufferManager( 1041): over 5000ms not request from VCodec but callback hooked, slow BM Cc fetch thread
07-13 09:39:31.721 D/ActivityManager( 1813): getProcessesInErrorState callingUid=10279, CallingPid=443
07-13 09:39:31.732 D/C2MtkBufferManager( 1041): over 5000ms not request from VCodec but callback hooked, slow BM Cc fetch thread
07-13 09:39:31.753 D/C2MtkBufferManager( 1041): over 5000ms not request from VCodec but callback hooked, slow BM Cc fetch thread
07-13 09:39:31.773 D/C2MtkBufferManager( 1041): over 5000ms not request from VCodec but callback hooked, slow BM Cc fetch thread
07-13 09:39:31.794 D/C2MtkBufferManager( 1041): over 5000ms not request from VCodec but callback hooked, slow BM Cc fetch thread
07-13 09:39:31.804 D/ProfileInstaller(19740): Installing profile for com.skillsroom.mobile
07-13 09:39:31.814 D/C2MtkBufferManager( 1041): over 5000ms not request from VCodec but callback hooked, slow BM Cc fetch thread
07-13 09:39:31.832 D/MiuiDownloadManager(20022): handleMessage what: 1,arg1: 0
07-13 09:39:31.835 D/C2MtkBufferManager( 1041): over 5000ms not request from VCodec but callback hooked, slow BM Cc fetch thread
07-13 09:39:31.856 D/C2MtkBufferManager( 1041): over 5000ms not request from VCodec but callback hooked, slow BM Cc fetch thread
07-13 09:39:31.877 D/C2MtkBufferManager( 1041): over 5000ms not request from VCodec but callback hooked, slow BM Cc fetch thread
07-13 09:39:31.897 D/C2MtkBufferManager( 1041): over 5000ms not request from VCodec but callback hooked, slow BM Cc fetch thread
07-13 09:39:31.918 D/C2MtkBufferManager( 1041): over 5000ms not request from VCodec but callback hooked, slow BM Cc fetch thread
07-13 09:39:31.939 D/C2MtkBufferManager( 1041): over 5000ms not request from VCodec but callback hooked, slow BM Cc fetch thread
07-13 09:39:31.959 D/C2MtkBufferManager( 1041): over 5000ms not request from VCodec but callback hooked, slow BM Cc fetch thread
07-13 09:39:31.980 D/C2MtkBufferManager( 1041): over 5000ms not request from VCodec but callback hooked, slow BM Cc fetch thread
07-13 09:39:32.000 D/C2MtkBufferManager( 1041): over 5000ms not request from VCodec but callback hooked, slow BM Cc fetch thread
07-13 09:39:32.021 D/C2MtkBufferManager( 1041): over 5000ms not request from VCodec but callback hooked, slow BM Cc fetch thread
07-13 09:39:32.041 D/C2MtkBufferManager( 1041): over 5000ms not request from VCodec but callback hooked, slow BM Cc fetch thread
07-13 09:39:32.062 D/C2MtkBufferManager( 1041): over 5000ms not request from VCodec but callback hooked, slow BM Cc fetch thread
07-13 09:39:32.065 I/ClipboardServiceI( 1813): checkProviderWakePathForClipboard: primaryClip is null
07-13 09:39:32.082 D/C2MtkBufferManager( 1041): over 5000ms not request from VCodec but callback hooked, slow BM Cc fetch thread
07-13 09:39:32.103 D/C2MtkBufferManager( 1041): over 5000ms not request from VCodec but callback hooked, slow BM Cc fetch thread
07-13 09:39:32.104 I/ClipboardServiceI( 1813): checkProviderWakePathForClipboard: primaryClip is null
07-13 09:39:32.106 D/ActivityManager( 1813): getProcessesInErrorState callingUid=10288, CallingPid=19459
07-13 09:39:32.115 I/Tethering( 2392): [BpfCoordinator] onAlertReached
07-13 09:39:32.123 D/C2MtkBufferManager( 1041): over 5000ms not request from VCodec but callback hooked, slow BM Cc fetch thread
07-13 09:39:32.143 D/C2MtkBufferManager( 1041): over 5000ms not request from VCodec but callback hooked, slow BM Cc fetch thread
07-13 09:39:32.164 D/C2MtkBufferManager( 1041): over 5000ms not request from VCodec but callback hooked, slow BM Cc fetch thread
07-13 09:39:32.185 D/C2MtkBufferManager( 1041): over 5000ms not request from VCodec but callback hooked, slow BM Cc fetch thread
07-13 09:39:32.205 D/C2MtkBufferManager( 1041): over 5000ms not request from VCodec but callback hooked, slow BM Cc fetch thread
07-13 09:39:32.222 D/ActivityManager( 1813): getProcessesInErrorState callingUid=10279, CallingPid=443
07-13 09:39:32.225 D/C2MtkBufferManager( 1041): over 5000ms not request from VCodec but callback hooked, slow BM Cc fetch thread
07-13 09:39:32.246 D/C2MtkBufferManager( 1041): over 5000ms not request from VCodec but callback hooked, slow BM Cc fetch thread
07-13 09:39:32.266 D/C2MtkBufferManager( 1041): over 5000ms not request from VCodec but callback hooked, slow BM Cc fetch thread
07-13 09:39:32.287 D/C2MtkBufferManager( 1041): over 5000ms not request from VCodec but callback hooked, slow BM Cc fetch thread
07-13 09:39:32.307 D/C2MtkBufferManager( 1041): over 5000ms not request from VCodec but callback hooked, slow BM Cc fetch thread
07-13 09:39:32.324 D/UiModeManager( 1813): updateConfigurationLocked: mDockState=0; mCarMode=false; mCar=false; mPowerSave=false; mComputedNightMode=false; mNightMode=0; uiMode=28
07-13 09:39:32.328 D/C2MtkBufferManager( 1041): over 5000ms not request from VCodec but callback hooked, slow BM Cc fetch thread
07-13 09:39:32.332 I/PowerSaveService( 5491): onReceive: android.intent.action.BATTERY_CHANGED
07-13 09:39:32.335 D/PowerCheckerService( 7233): onBatteryChanged, mBatteryLevel = 80, status = 2, level = 80, plug = 2, scale = 100
07-13 09:39:32.336 D/PowerKeeper.FrozenApp( 7233): onBatteryChanged plug=true mBatteryPlugged=2
07-13 09:39:32.340 I/MiuiNetworkPolicy( 1813): updateUidState uid = 10317, uidState = 19
07-13 09:39:32.341 D/PowerKeeper.Thermal( 7233): mBatteryTemperature: 38
07-13 09:39:32.344 D/connsyslogger( 1516): SD_LOG_ROOT is /data/debuglogger/connsyslog/fw.
07-13 09:39:32.344 D/connsyslogger( 1516): systemReady:1
07-13 09:39:32.344 I/MiuiNetworkPolicy( 1813): updateUidState uid = 10317, uidState = 11
07-13 09:39:32.349 D/C2MtkBufferManager( 1041): over 5000ms not request from VCodec but callback hooked, slow BM Cc fetch thread
07-13 09:39:32.351 I/PowerNoticeUI( 5491): handleBatteryChanged oldPlugType 2 mPlugType 2 oldBatteryLevel 80 mBatteryLevel 80 temperature 383
07-13 09:39:32.353 I/ChargerBatteryIntelligenceReceiver( 5491): onBatteryChanged temperature：38,plugType:2
07-13 09:39:32.369 D/C2MtkBufferManager( 1041): over 5000ms not request from VCodec but callback hooked, slow BM Cc fetch thread
07-13 09:39:32.390 D/C2MtkBufferManager( 1041): over 5000ms not request from VCodec but callback hooked, slow BM Cc fetch thread
07-13 09:39:32.410 D/C2MtkBufferManager( 1041): over 5000ms not request from VCodec but callback hooked, slow BM Cc fetch thread
07-13 09:39:32.431 D/C2MtkBufferManager( 1041): over 5000ms not request from VCodec but callback hooked, slow BM Cc fetch thread
07-13 09:39:32.451 D/C2MtkBufferManager( 1041): over 5000ms not request from VCodec but callback hooked, slow BM Cc fetch thread
07-13 09:39:32.472 D/C2MtkBufferManager( 1041): over 5000ms not request from VCodec but callback hooked, slow BM Cc fetch thread
07-13 09:39:32.492 D/C2MtkBufferManager( 1041): over 5000ms not request from VCodec but callback hooked, slow BM Cc fetch thread
07-13 09:39:32.500 I/libPerfCtl( 1059): xgfGetFPS pid:2459 fps:-1
07-13 09:39:32.500 I/libPerfCtl( 1059): xgfGetFPS pid:2470 fps:-1
07-13 09:39:32.500 I/libPerfCtl( 1059): xgfGetFPS pid:19720 fps:-1
07-13 09:39:32.500 I/libPerfCtl( 1059): xgfGetFPS pid:19740 fps:-1
07-13 09:39:32.513 D/C2MtkBufferManager( 1041): over 5000ms not request from VCodec but callback hooked, slow BM Cc fetch thread
07-13 09:39:32.513 W/C2BqBuffer( 1041): last successful dequeue was 93223777716 us ago, 0 consecutive failures
07-13 09:39:32.533 D/C2MtkBufferManager( 1041): over 5000ms not request from VCodec but callback hooked, slow BM Cc fetch thread
07-13 09:39:32.554 D/C2MtkBufferManager( 1041): over 5000ms not request from VCodec but callback hooked, slow BM Cc fetch thread
07-13 09:39:32.574 D/C2MtkBufferManager( 1041): over 5000ms not request from VCodec but callback hooked, slow BM Cc fetch thread
07-13 09:39:32.595 D/C2MtkBufferManager( 1041): over 5000ms not request from VCodec but callback hooked, slow BM Cc fetch thread
07-13 09:39:32.608 D/ActivityManager( 1813): getProcessesInErrorState callingUid=10288, CallingPid=19459
07-13 09:39:32.615 D/C2MtkBufferManager( 1041): over 5000ms not request from VCodec but callback hooked, slow BM Cc fetch thread
07-13 09:39:32.636 D/C2MtkBufferManager( 1041): over 5000ms not request from VCodec but callback hooked, slow BM Cc fetch thread
07-13 09:39:32.656 D/C2MtkBufferManager( 1041): over 5000ms not request from VCodec but callback hooked, slow BM Cc fetch thread
07-13 09:39:32.677 D/C2MtkBufferManager( 1041): over 5000ms not request from VCodec but callback hooked, slow BM Cc fetch thread
07-13 09:39:32.697 D/C2MtkBufferManager( 1041): over 5000ms not request from VCodec but callback hooked, slow BM Cc fetch thread
07-13 09:39:32.718 D/C2MtkBufferManager( 1041): over 5000ms not request from VCodec but callback hooked, slow BM Cc fetch thread
07-13 09:39:32.724 D/ActivityManager( 1813): getProcessesInErrorState callingUid=10279, CallingPid=443
07-13 09:39:32.738 D/C2MtkBufferManager( 1041): over 5000ms not request from VCodec but callback hooked, slow BM Cc fetch thread
07-13 09:39:32.759 D/C2MtkBufferManager( 1041): over 5000ms not request from VCodec but callback hooked, slow BM Cc fetch thread
07-13 09:39:32.780 D/C2MtkBufferManager( 1041): over 5000ms not request from VCodec but callback hooked, slow BM Cc fetch thread
07-13 09:39:32.800 D/C2MtkBufferManager( 1041): over 5000ms not request from VCodec but callback hooked, slow BM Cc fetch thread
07-13 09:39:32.816 D/ULogGuard( 1314): Monitoring: 16 threads, 0 requests, 0 time-bombs; 2 guards. ResetFlags = 0x7
07-13 09:39:32.821 D/C2MtkBufferManager( 1041): over 5000ms not request from VCodec but callback hooked, slow BM Cc fetch thread
07-13 09:39:32.841 D/C2MtkBufferManager( 1041): over 5000ms not request from VCodec but callback hooked, slow BM Cc fetch thread
07-13 09:39:32.862 D/C2MtkBufferManager( 1041): over 5000ms not request from VCodec but callback hooked, slow BM Cc fetch thread
07-13 09:39:32.882 D/C2MtkBufferManager( 1041): over 5000ms not request from VCodec but callback hooked, slow BM Cc fetch thread
07-13 09:39:32.882 D/connsyslogger( 1516): data recycle:time out
07-13 09:39:32.882 D/connsyslogger( 1516): idx=0 Bootup Log: 2 log files! filecount=3 
07-13 09:39:32.903 D/C2MtkBufferManager( 1041): over 5000ms not request from VCodec but callback hooked, slow BM Cc fetch thread
07-13 09:39:32.923 D/C2MtkBufferManager( 1041): over 5000ms not request from VCodec but callback hooked, slow BM Cc fetch thread
07-13 09:39:32.944 D/C2MtkBufferManager( 1041): over 5000ms not request from VCodec but callback hooked, slow BM Cc fetch thread
07-13 09:39:32.964 D/C2MtkBufferManager( 1041): over 5000ms not request from VCodec but callback hooked, slow BM Cc fetch thread
07-13 09:39:32.985 D/C2MtkBufferManager( 1041): over 5000ms not request from VCodec but callback hooked, slow BM Cc fetch thread
07-13 09:39:33.005 D/C2MtkBufferManager( 1041): over 5000ms not request from VCodec but callback hooked, slow BM Cc fetch thread
07-13 09:39:33.017 V/ClearcutMetricXmitter(19720): Transmission is done.
07-13 09:39:33.026 D/C2MtkBufferManager( 1041): over 5000ms not request from VCodec but callback hooked, slow BM Cc fetch thread
07-13 09:39:33.046 D/C2MtkBufferManager( 1041): over 5000ms not request from VCodec but callback hooked, slow BM Cc fetch thread
07-13 09:39:33.067 D/C2MtkBufferManager( 1041): over 5000ms not request from VCodec but callback hooked, slow BM Cc fetch thread
07-13 09:39:33.088 D/C2MtkBufferManager( 1041): over 5000ms not request from VCodec but callback hooked, slow BM Cc fetch thread
07-13 09:39:33.108 D/C2MtkBufferManager( 1041): over 5000ms not request from VCodec but callback hooked, slow BM Cc fetch thread
07-13 09:39:33.110 D/ActivityManager( 1813): getProcessesInErrorState callingUid=10288, CallingPid=19459
07-13 09:39:33.129 D/C2MtkBufferManager( 1041): over 5000ms not request from VCodec but callback hooked, slow BM Cc fetch thread
07-13 09:39:33.149 D/C2MtkBufferManager( 1041): over 5000ms not request from VCodec but callback hooked, slow BM Cc fetch thread
07-13 09:39:33.158 D/TrafficManageService( 5491): onReceive: intent.action = com.android.server.action.NETWORK_STATS_UPDATED
07-13 09:39:33.163 D/TrafficManageService-TrafficSimManager( 5491): notifyByNetChange_time: return
07-13 09:39:33.170 D/C2MtkBufferManager( 1041): over 5000ms not request from VCodec but callback hooked, slow BM Cc fetch thread
07-13 09:39:33.190 D/C2MtkBufferManager( 1041): over 5000ms not request from VCodec but callback hooked, slow BM Cc fetch thread
07-13 09:39:33.211 D/C2MtkBufferManager( 1041): over 5000ms not request from VCodec but callback hooked, slow BM Cc fetch thread
07-13 09:39:33.228 D/ActivityManager( 1813): getProcessesInErrorState callingUid=10279, CallingPid=443
07-13 09:39:33.231 D/C2MtkBufferManager( 1041): over 5000ms not request from VCodec but callback hooked, slow BM Cc fetch thread
07-13 09:39:33.252 D/C2MtkBufferManager( 1041): over 5000ms not request from VCodec but callback hooked, slow BM Cc fetch thread
07-13 09:39:33.272 D/C2MtkBufferManager( 1041): over 5000ms not request from VCodec but callback hooked, slow BM Cc fetch thread
07-13 09:39:33.293 D/C2MtkBufferManager( 1041): over 5000ms not request from VCodec but callback hooked, slow BM Cc fetch thread
07-13 09:39:33.313 D/C2MtkBufferManager( 1041): over 5000ms not request from VCodec but callback hooked, slow BM Cc fetch thread
07-13 09:39:33.334 D/C2MtkBufferManager( 1041): over 5000ms not request from VCodec but callback hooked, slow BM Cc fetch thread
07-13 09:39:33.349 I/MiuiNetworkPolicy( 1813): updateUidState uid = 10317, uidState = 19
07-13 09:39:33.354 D/C2MtkBufferManager( 1041): over 5000ms not request from VCodec but callback hooked, slow BM Cc fetch thread
07-13 09:39:33.355 I/MiuiNetworkPolicy( 1813): updateUidState uid = 10317, uidState = 11
07-13 09:39:33.375 D/C2MtkBufferManager( 1041): over 5000ms not request from VCodec but callback hooked, slow BM Cc fetch thread
07-13 09:39:33.396 D/C2MtkBufferManager( 1041): over 5000ms not request from VCodec but callback hooked, slow BM Cc fetch thread
07-13 09:39:33.416 D/C2MtkBufferManager( 1041): over 5000ms not request from VCodec but callback hooked, slow BM Cc fetch thread
07-13 09:39:33.437 D/C2MtkBufferManager( 1041): over 5000ms not request from VCodec but callback hooked, slow BM Cc fetch thread
07-13 09:39:33.458 D/C2MtkBufferManager( 1041): over 5000ms not request from VCodec but callback hooked, slow BM Cc fetch thread
07-13 09:39:33.478 D/C2MtkBufferManager( 1041): over 5000ms not request from VCodec but callback hooked, slow BM Cc fetch thread
07-13 09:39:33.490 D/NetworkController.MobileSignalController(1)( 2459): notifyListeners: mFeatureRelayData=false
07-13 09:39:33.499 D/C2MtkBufferManager( 1041): over 5000ms not request from VCodec but callback hooked, slow BM Cc fetch thread
07-13 09:39:33.500 I/libPerfCtl( 1059): xgfGetFPS pid:2459 fps:-1
07-13 09:39:33.501 I/libPerfCtl( 1059): xgfGetFPS pid:2470 fps:-1
07-13 09:39:33.501 I/libPerfCtl( 1059): xgfGetFPS pid:19720 fps:-1
07-13 09:39:33.501 I/libPerfCtl( 1059): xgfGetFPS pid:19740 fps:-1
07-13 09:39:33.506 I/gralloc4( 2459): @set_metadata: update dataspace from GM (0x00000000 -> 0x08010000)
07-13 09:39:33.510 I/BufferQueueProducer( 1133): [StatusBar#98](this:0xb400007865c71a30,id:-1,api:0,p:-1,c:1133) queueBuffer: fps=1.00 dur=2999.37 max=1999.54 min=132.84
07-13 09:39:33.513 I/hwcomposer( 1039): [HWCDisplay] [Display_0 (type:1)] fps:0.697557,dur:2867.15,max:1998.61,min:868.54  
07-13 09:39:33.519 D/C2MtkBufferManager( 1041): over 5000ms not request from VCodec but callback hooked, slow BM Cc fetch thread
07-13 09:39:33.525 D/TelephonyManager( 2457): requestModemActivityInfo: Sending result to app: ModemActivityInfo{ mTimestamp=693573177 mSleepTimeMs=291189231 mIdleTimeMs=83015230 mActivityStatsTechSpecificInfo=[{mRat=UNKNOWN,mFrequencyRange=UNKNOWN,mTxTimeMs[]=[99490, 860037, 16522341, 16875413, 35623287],mRxTimeMs=321096446}]}
07-13 09:39:33.540 D/C2MtkBufferManager( 1041): over 5000ms not request from VCodec but callback hooked, slow BM Cc fetch thread
07-13 09:39:33.560 D/C2MtkBufferManager( 1041): over 5000ms not request from VCodec but callback hooked, slow BM Cc fetch thread
07-13 09:39:33.560 I/MiuiNetworkPolicy( 1813): updateUidState uid = 10157, uidState = 4
