07-13 09:22:28.188 D/C2MtkBufferManager( 1041): over 5000ms not request from VCodec but callback hooked, slow BM Cc fetch thread
07-13 09:22:28.196 I/cr_WVCFactoryProvider( 8388): version=149.0.7827.159 (782715903) minSdkVersion=29 multiprocess=true packageId=127 splits=<none>
07-13 09:22:28.209 D/C2MtkBufferManager( 1041): over 5000ms not request from VCodec but callback hooked, slow BM Cc fetch thread
07-13 09:22:28.216 D/nativeloader( 8388): Load /data/app/~~I9JMISbGnQgsrXbLnY9_vg==/com.google.android.webview-4VnLznuLVABAoMOupiZzLQ==/base.apk!/lib/arm64-v8a/libwebviewchromium.so using class loader ns clns-5 (caller=/data/app/~~I9JMISbGnQgsrXbLnY9_vg==/com.google.android.webview-4VnLznuLVABAoMOupiZzLQ==/base.apk): ok
07-13 09:22:28.229 D/C2MtkBufferManager( 1041): over 5000ms not request from VCodec but callback hooked, slow BM Cc fetch thread
07-13 09:22:28.235 D/nativeloader( 8388): Load /system/lib64/libwebviewchromium_plat_support.so using class loader ns clns-5 (caller=/data/app/~~I9JMISbGnQgsrXbLnY9_vg==/com.google.android.webview-4VnLznuLVABAoMOupiZzLQ==/base.apk): ok
07-13 09:22:28.249 D/C2MtkBufferManager( 1041): over 5000ms not request from VCodec but callback hooked, slow BM Cc fetch thread
07-13 09:22:28.252 I/chromium( 8388): [0713/092228.245109:INFO:android_webview/browser/variations/variations_seed_loader.cc:67] Failed to open file for reading.: No such file or directory (2)
07-13 09:22:28.252 I/chromium( 8388): [0713/092228.252767:INFO:android_webview/browser/variations/variations_seed_loader.cc:67] Failed to open file for reading.: No such file or directory (2)
07-13 09:22:28.257 D/nativeloader( 8388): Load /data/app/~~YLnmsdzZwEre--bK2d7z9w==/com.skillsroom.mobile-f9Bv9at9m-3mkcSkMrJiDw==/base.apk!/lib/arm64-v8a/libexpo-modules-core.so using class loader ns clns-4 (caller=/data/app/~~YLnmsdzZwEre--bK2d7z9w==/com.skillsroom.mobile-f9Bv9at9m-3mkcSkMrJiDw==/base.apk!classes20.dex): ok
07-13 09:22:28.261 W/BridgelessReactContext( 8388): [WARNING] Bridgeless doesn't support CatalystInstance. Accessing an API that's not part of the new architecture is not encouraged usage.
07-13 09:22:28.270 D/C2MtkBufferManager( 1041): over 5000ms not request from VCodec but callback hooked, slow BM Cc fetch thread
07-13 09:22:28.271 D/ActivityManager( 1813): getProcessesInErrorState callingUid=10288, CallingPid=19459
07-13 09:22:28.277 I/ExpoModulesCore( 8388): ✅ JSI interop was installed
07-13 09:22:28.288 I/ExpoModulesCore( 8388): ✅ Constants were exported
07-13 09:22:28.290 D/C2MtkBufferManager( 1041): over 5000ms not request from VCodec but callback hooked, slow BM Cc fetch thread
07-13 09:22:28.304 D/ActivityManager( 1813): getProcessesInErrorState callingUid=10279, CallingPid=443
07-13 09:22:28.311 D/C2MtkBufferManager( 1041): over 5000ms not request from VCodec but callback hooked, slow BM Cc fetch thread
07-13 09:22:28.316 I/cr_LibraryLoader( 8388): Successfully loaded native library
07-13 09:22:28.330 I/cr_CachingUmaRecorder( 8388): Flushed 41 samples from 19 histograms, 0 samples were dropped.
07-13 09:22:28.331 D/C2MtkBufferManager( 1041): over 5000ms not request from VCodec but callback hooked, slow BM Cc fetch thread
07-13 09:22:28.352 D/C2MtkBufferManager( 1041): over 5000ms not request from VCodec but callback hooked, slow BM Cc fetch thread
07-13 09:22:28.372 D/C2MtkBufferManager( 1041): over 5000ms not request from VCodec but callback hooked, slow BM Cc fetch thread
07-13 09:22:28.393 D/C2MtkBufferManager( 1041): over 5000ms not request from VCodec but callback hooked, slow BM Cc fetch thread
07-13 09:22:28.413 D/C2MtkBufferManager( 1041): over 5000ms not request from VCodec but callback hooked, slow BM Cc fetch thread
07-13 09:22:28.427 W/unknown:ViewManagerPropertyUpdater( 8388): Could not find generated setter for class com.th3rdwave.safeareacontext.SafeAreaProviderManager
07-13 09:22:28.434 D/C2MtkBufferManager( 1041): over 5000ms not request from VCodec but callback hooked, slow BM Cc fetch thread
07-13 09:22:28.434 W/unknown:ViewManagerPropertyUpdater( 8388): Could not find generated setter for class com.facebook.react.uimanager.LayoutShadowNode
07-13 09:22:28.441 W/unknown:ViewManagerPropertyUpdater( 8388): Could not find generated setter for class com.swmansion.rnscreens.SearchBarManager
07-13 09:22:28.443 W/unknown:ViewManagerPropertyUpdater( 8388): Could not find generated setter for class com.swmansion.rnscreens.ScreenFooterManager
07-13 09:22:28.445 W/unknown:ViewManagerPropertyUpdater( 8388): Could not find generated setter for class com.swmansion.rnscreens.gamma.tabs.TabScreenViewManager
07-13 09:22:28.454 D/C2MtkBufferManager( 1041): over 5000ms not request from VCodec but callback hooked, slow BM Cc fetch thread
07-13 09:22:28.457 W/unknown:ViewManagerPropertyUpdater( 8388): Could not find generated setter for class expo.modules.kotlin.views.GroupViewManagerWrapper
07-13 09:22:28.465 W/unknown:ViewManagerPropertyUpdater( 8388): Could not find generated setter for class com.swmansion.rnscreens.ScreenContainerViewManager
07-13 09:22:28.471 W/unknown:ViewManagerPropertyUpdater( 8388): Could not find generated setter for class com.swmansion.rnscreens.gamma.tabs.TabsHostViewManager
07-13 09:22:28.474 D/C2MtkBufferManager( 1041): over 5000ms not request from VCodec but callback hooked, slow BM Cc fetch thread
07-13 09:22:28.474 W/unknown:ViewManagerPropertyUpdater( 8388): Could not find generated setter for class com.reactnativecommunity.webview.RNCWebViewManager
07-13 09:22:28.485 W/unknown:ViewManagerPropertyUpdater( 8388): Could not find generated setter for class com.swmansion.rnscreens.ModalScreenViewManager
07-13 09:22:28.488 W/unknown:ViewManagerPropertyUpdater( 8388): Could not find generated setter for class com.swmansion.rnscreens.ScreenStackHeaderConfigViewManager
07-13 09:22:28.490 W/unknown:ViewManagerPropertyUpdater( 8388): Could not find generated setter for class com.swmansion.rnscreens.ScreenContentWrapperManager
07-13 09:22:28.491 W/unknown:ViewManagerPropertyUpdater( 8388): Could not find generated setter for class com.th3rdwave.safeareacontext.SafeAreaViewManager
07-13 09:22:28.495 D/C2MtkBufferManager( 1041): over 5000ms not request from VCodec but callback hooked, slow BM Cc fetch thread
07-13 09:22:28.495 W/unknown:ViewManagerPropertyUpdater( 8388): Could not find generated setter for class com.th3rdwave.safeareacontext.SafeAreaViewShadowNode
07-13 09:22:28.497 W/unknown:ViewManagerPropertyUpdater( 8388): Could not find generated setter for class com.swmansion.rnscreens.safearea.SafeAreaViewManager
07-13 09:22:28.497 W/unknown:ViewManagerPropertyUpdater( 8388): Could not find generated setter for class com.swmansion.rnscreens.safearea.paper.SafeAreaViewShadowNode
07-13 09:22:28.499 W/unknown:ViewManagerPropertyUpdater( 8388): Could not find generated setter for class com.swmansion.rnscreens.ScreenViewManager
07-13 09:22:28.500 W/unknown:ViewManagerPropertyUpdater( 8388): Could not find generated setter for class com.swmansion.rnscreens.gamma.stack.host.StackHostViewManager
07-13 09:22:28.501 W/unknown:ViewManagerPropertyUpdater( 8388): Could not find generated setter for class com.reactnativegooglesignin.RNGoogleSigninButtonViewManager
07-13 09:22:28.503 W/unknown:ViewManagerPropertyUpdater( 8388): Could not find generated setter for class com.swmansion.rnscreens.ScreenStackHeaderSubviewManager
07-13 09:22:28.504 W/unknown:ViewManagerPropertyUpdater( 8388): Could not find generated setter for class com.swmansion.rnscreens.gamma.stack.screen.StackScreenViewManager
07-13 09:22:28.505 W/unknown:ViewManagerPropertyUpdater( 8388): Could not find generated setter for class com.swmansion.rnscreens.ScreenStackViewManager
07-13 09:22:28.515 D/C2MtkBufferManager( 1041): over 5000ms not request from VCodec but callback hooked, slow BM Cc fetch thread
07-13 09:22:28.535 D/C2MtkBufferManager( 1041): over 5000ms not request from VCodec but callback hooked, slow BM Cc fetch thread
07-13 09:22:28.556 D/C2MtkBufferManager( 1041): over 5000ms not request from VCodec but callback hooked, slow BM Cc fetch thread
07-13 09:22:28.560 I/illsroom.mobile( 8388): NativeAlloc concurrent copying GC freed 22MB AllocSpace bytes, 33(1948KB) LOS objects, 49% free, 7776KB/15MB, paused 402us,40us total 178.906ms
07-13 09:22:28.565 D/SurfaceFlinger( 1133): [SF client] REMOVE (0xb400007865d45c80) for (8388:com.skillsroom.mobile)
07-13 09:22:28.576 D/C2MtkBufferManager( 1041): over 5000ms not request from VCodec but callback hooked, slow BM Cc fetch thread
07-13 09:22:28.597 D/C2MtkBufferManager( 1041): over 5000ms not request from VCodec but callback hooked, slow BM Cc fetch thread
07-13 09:22:28.617 D/C2MtkBufferManager( 1041): over 5000ms not request from VCodec but callback hooked, slow BM Cc fetch thread
07-13 09:22:28.638 D/C2MtkBufferManager( 1041): over 5000ms not request from VCodec but callback hooked, slow BM Cc fetch thread
07-13 09:22:28.658 D/C2MtkBufferManager( 1041): over 5000ms not request from VCodec but callback hooked, slow BM Cc fetch thread
07-13 09:22:28.678 D/C2MtkBufferManager( 1041): over 5000ms not request from VCodec but callback hooked, slow BM Cc fetch thread
07-13 09:22:28.699 D/C2MtkBufferManager( 1041): over 5000ms not request from VCodec but callback hooked, slow BM Cc fetch thread
07-13 09:22:28.719 D/C2MtkBufferManager( 1041): over 5000ms not request from VCodec but callback hooked, slow BM Cc fetch thread
07-13 09:22:28.722 W/unknown:ViewManagerPropertyUpdater( 8388): Could not find generated setter for class com.horcrux.svg.RenderableViewManager$DefsViewManager
07-13 09:22:28.724 W/unknown:ViewManagerPropertyUpdater( 8388): Could not find generated setter for class com.horcrux.svg.VirtualViewManager$RenderableShadowNode
07-13 09:22:28.735 W/unknown:ViewManagerPropertyUpdater( 8388): Could not find generated setter for class com.facebook.react.views.debuggingoverlay.DebuggingOverlayManager
07-13 09:22:28.740 D/C2MtkBufferManager( 1041): over 5000ms not request from VCodec but callback hooked, slow BM Cc fetch thread
07-13 09:22:28.745 W/unknown:ViewManagerPropertyUpdater( 8388): Could not find generated setter for class com.horcrux.svg.RenderableViewManager$FeMergeManager
07-13 09:22:28.756 W/unknown:ViewManagerPropertyUpdater( 8388): Could not find generated setter for class com.facebook.react.views.safeareaview.ReactSafeAreaViewManager
07-13 09:22:28.760 D/C2MtkBufferManager( 1041): over 5000ms not request from VCodec but callback hooked, slow BM Cc fetch thread
07-13 09:22:28.766 W/unknown:ViewManagerPropertyUpdater( 8388): Could not find generated setter for class com.horcrux.svg.RenderableViewManager$LinearGradientManager
07-13 09:22:28.772 D/ActivityManager( 1813): getProcessesInErrorState callingUid=10288, CallingPid=19459
07-13 09:22:28.778 W/unknown:ViewManagerPropertyUpdater( 8388): Could not find generated setter for class com.horcrux.svg.RenderableViewManager$FeGaussianBlurManager
07-13 09:22:28.781 D/C2MtkBufferManager( 1041): over 5000ms not request from VCodec but callback hooked, slow BM Cc fetch thread
07-13 09:22:28.790 W/unknown:ViewManagerPropertyUpdater( 8388): Could not find generated setter for class com.facebook.react.views.progressbar.ReactProgressBarViewManager
07-13 09:22:28.791 W/unknown:ViewManagerPropertyUpdater( 8388): Could not find generated setter for class com.facebook.react.views.progressbar.ProgressBarShadowNode
07-13 09:22:28.801 D/C2MtkBufferManager( 1041): over 5000ms not request from VCodec but callback hooked, slow BM Cc fetch thread
07-13 09:22:28.803 W/unknown:ViewManagerPropertyUpdater( 8388): Could not find generated setter for class com.facebook.react.views.scroll.ReactHorizontalScrollViewManager
07-13 09:22:28.806 D/ActivityManager( 1813): getProcessesInErrorState callingUid=10279, CallingPid=443
07-13 09:22:28.818 W/unknown:ViewManagerPropertyUpdater( 8388): Could not find generated setter for class com.facebook.react.views.text.ReactTextViewManager
07-13 09:22:28.820 W/unknown:ViewManagerPropertyUpdater( 8388): Could not find generated setter for class com.facebook.react.views.text.ReactTextShadowNode
07-13 09:22:28.822 D/C2MtkBufferManager( 1041): over 5000ms not request from VCodec but callback hooked, slow BM Cc fetch thread
07-13 09:22:28.833 W/unknown:ViewManagerPropertyUpdater( 8388): Could not find generated setter for class com.horcrux.svg.RenderableViewManager$FeColorMatrixManager
07-13 09:22:28.842 D/C2MtkBufferManager( 1041): over 5000ms not request from VCodec but callback hooked, slow BM Cc fetch thread
07-13 09:22:28.844 W/unknown:ViewManagerPropertyUpdater( 8388): Could not find generated setter for class com.facebook.react.views.scroll.ReactHorizontalScrollContainerViewManager
07-13 09:22:28.850 D/AdvertisingIdClient(19459): AdvertisingIdClient already created.
07-13 09:22:28.850 D/AdvertisingIdClient(19459): AdvertisingIdClient is not bounded. Starting to bind it...
07-13 09:22:28.857 W/unknown:ViewManagerPropertyUpdater( 8388): Could not find generated setter for class com.horcrux.svg.RenderableViewManager$ClipPathViewManager
07-13 09:22:28.862 D/C2MtkBufferManager( 1041): over 5000ms not request from VCodec but callback hooked, slow BM Cc fetch thread
07-13 09:22:28.880 W/unknown:ViewManagerPropertyUpdater( 8388): Could not find generated setter for class com.horcrux.svg.RenderableViewManager$SymbolManager
07-13 09:22:28.883 D/AdvertisingIdClient(19459): AdvertisingIdClient is bounded
07-13 09:22:28.883 D/C2MtkBufferManager( 1041): over 5000ms not request from VCodec but callback hooked, slow BM Cc fetch thread
07-13 09:22:28.887 I/AdvertisingIdClient(19459): shouldSendLog -1
07-13 09:22:28.888 I/AdvertisingIdClient(19459): GetInfoInternal elapse 37ms
07-13 09:22:28.894 W/unknown:ViewManagerPropertyUpdater( 8388): Could not find generated setter for class com.horcrux.svg.RenderableViewManager$PatternManager
07-13 09:22:28.903 D/C2MtkBufferManager( 1041): over 5000ms not request from VCodec but callback hooked, slow BM Cc fetch thread
07-13 09:22:28.907 W/unknown:ViewManagerPropertyUpdater( 8388): Could not find generated setter for class com.horcrux.svg.RenderableViewManager$FeBlendManager
07-13 09:22:28.919 W/unknown:ViewManagerPropertyUpdater( 8388): Could not find generated setter for class com.facebook.react.views.view.ReactViewManager
07-13 09:22:28.924 D/C2MtkBufferManager( 1041): over 5000ms not request from VCodec but callback hooked, slow BM Cc fetch thread
07-13 09:22:28.931 W/unknown:ViewManagerPropertyUpdater( 8388): Could not find generated setter for class com.horcrux.svg.SvgViewManager
07-13 09:22:28.944 D/C2MtkBufferManager( 1041): over 5000ms not request from VCodec but callback hooked, slow BM Cc fetch thread
07-13 09:22:28.946 W/unknown:ViewManagerPropertyUpdater( 8388): Could not find generated setter for class com.facebook.react.views.switchview.ReactSwitchManager
07-13 09:22:28.947 W/unknown:ViewManagerPropertyUpdater( 8388): Could not find generated setter for class com.facebook.react.views.switchview.ReactSwitchShadowNode
07-13 09:22:28.958 W/unknown:ViewManagerPropertyUpdater( 8388): Could not find generated setter for class com.horcrux.svg.RenderableViewManager$UseViewManager
07-13 09:22:28.964 D/C2MtkBufferManager( 1041): over 5000ms not request from VCodec but callback hooked, slow BM Cc fetch thread
07-13 09:22:28.971 W/unknown:ViewManagerPropertyUpdater( 8388): Could not find generated setter for class com.horcrux.svg.RenderableViewManager$CircleViewManager
07-13 09:22:28.983 W/unknown:ViewManagerPropertyUpdater( 8388): Could not find generated setter for class com.horcrux.svg.RenderableViewManager$TSpanViewManager
07-13 09:22:28.985 D/C2MtkBufferManager( 1041): over 5000ms not request from VCodec but callback hooked, slow BM Cc fetch thread
07-13 09:22:28.986 I/mtkpower@impl( 1059): [powerd_req] TIMER_MSG_PERF_LOCK_TIMEOUT hdl:246234
07-13 09:22:28.986 I/libPowerHal( 1059): [perfLockRel] hdl:246234, idx:-1
07-13 09:22:28.997 W/unknown:ViewManagerPropertyUpdater( 8388): Could not find generated setter for class com.horcrux.svg.RenderableViewManager$FilterManager
07-13 09:22:29.005 D/C2MtkBufferManager( 1041): over 5000ms not request from VCodec but callback hooked, slow BM Cc fetch thread
07-13 09:22:29.008 W/unknown:ViewManagerPropertyUpdater( 8388): Could not find generated setter for class com.horcrux.svg.RenderableViewManager$MarkerManager
07-13 09:22:29.009 D/NetworkController.MobileSignalController(1)( 2459): notifyListeners: mFeatureRelayData=false
07-13 09:22:29.022 W/unknown:ViewManagerPropertyUpdater( 8388): Could not find generated setter for class com.swmansion.gesturehandler.react.RNGestureHandlerButtonViewManager
07-13 09:22:29.026 D/C2MtkBufferManager( 1041): over 5000ms not request from VCodec but callback hooked, slow BM Cc fetch thread
07-13 09:22:29.030 I/gralloc4( 2459): @set_metadata: update dataspace from GM (0x00000000 -> 0x08010000)
07-13 09:22:29.035 W/unknown:ViewManagerPropertyUpdater( 8388): Could not find generated setter for class com.facebook.react.views.modal.ReactModalHostManager
07-13 09:22:29.037 I/BufferQueueProducer( 1133): [StatusBar#98](this:0xb400007865c71a30,id:-1,api:0,p:-1,c:1133) queueBuffer: fps=0.50 dur=1999.64 max=1999.64 min=1999.64
07-13 09:22:29.041 I/hwcomposer( 1039): [HWCDisplay] [Display_0 (type:1)] fps:1.193449,dur:2513.72,max:1999.14,min:15.89  
07-13 09:22:29.042 I/MiuiNetworkPolicy( 1813): updateUidState uid = 10317, uidState = 19
07-13 09:22:29.046 I/MiuiNetworkPolicy( 1813): updateUidState uid = 10317, uidState = 11
07-13 09:22:29.046 D/C2MtkBufferManager( 1041): over 5000ms not request from VCodec but callback hooked, slow BM Cc fetch thread
07-13 09:22:29.047 W/unknown:ViewManagerPropertyUpdater( 8388): Could not find generated setter for class com.horcrux.svg.RenderableViewManager$ForeignObjectManager
07-13 09:22:29.057 I/libPerfCtl( 1059): xgfGetFPS pid:2459 fps:-1
07-13 09:22:29.058 I/libPerfCtl( 1059): xgfGetFPS pid:2470 fps:-1
07-13 09:22:29.058 I/libPerfCtl( 1059): xgfGetFPS pid:8370 fps:-1
07-13 09:22:29.058 I/libPerfCtl( 1059): xgfGetFPS pid:8388 fps:-1
07-13 09:22:29.060 W/unknown:ViewManagerPropertyUpdater( 8388): Could not find generated setter for class com.horcrux.svg.RenderableViewManager$EllipseViewManager
07-13 09:22:29.066 D/C2MtkBufferManager( 1041): over 5000ms not request from VCodec but callback hooked, slow BM Cc fetch thread
07-13 09:22:29.072 W/unknown:ViewManagerPropertyUpdater( 8388): Could not find generated setter for class com.horcrux.svg.RenderableViewManager$LineViewManager
07-13 09:22:29.085 W/unknown:ViewManagerPropertyUpdater( 8388): Could not find generated setter for class com.facebook.react.views.text.frescosupport.FrescoBasedReactTextInlineImageViewManager
07-13 09:22:29.085 W/unknown:ViewManagerPropertyUpdater( 8388): Could not find generated setter for class com.facebook.react.views.text.frescosupport.FrescoBasedReactTextInlineImageShadowNode
07-13 09:22:29.087 D/C2MtkBufferManager( 1041): over 5000ms not request from VCodec but callback hooked, slow BM Cc fetch thread
07-13 09:22:29.095 W/unknown:ViewManagerPropertyUpdater( 8388): Could not find generated setter for class com.horcrux.svg.RenderableViewManager$FeFloodManager
07-13 09:22:29.106 W/unknown:ViewManagerPropertyUpdater( 8388): Could not find generated setter for class com.horcrux.svg.RenderableViewManager$GroupViewManager
07-13 09:22:29.107 D/C2MtkBufferManager( 1041): over 5000ms not request from VCodec but callback hooked, slow BM Cc fetch thread
07-13 09:22:29.118 W/unknown:ViewManagerPropertyUpdater( 8388): Could not find generated setter for class com.horcrux.svg.RenderableViewManager$TextViewManager
07-13 09:22:29.128 D/C2MtkBufferManager( 1041): over 5000ms not request from VCodec but callback hooked, slow BM Cc fetch thread
07-13 09:22:29.131 W/unknown:ViewManagerPropertyUpdater( 8388): Could not find generated setter for class com.horcrux.svg.RenderableViewManager$ImageViewManager
07-13 09:22:29.144 W/unknown:ViewManagerPropertyUpdater( 8388): Could not find generated setter for class com.horcrux.svg.RenderableViewManager$FeCompositeManager
07-13 09:22:29.148 D/C2MtkBufferManager( 1041): over 5000ms not request from VCodec but callback hooked, slow BM Cc fetch thread
07-13 09:22:29.156 W/unknown:ViewManagerPropertyUpdater( 8388): Could not find generated setter for class com.facebook.react.views.image.ReactImageManager
07-13 09:22:29.168 D/C2MtkBufferManager( 1041): over 5000ms not request from VCodec but callback hooked, slow BM Cc fetch thread
07-13 09:22:29.169 W/unknown:ViewManagerPropertyUpdater( 8388): Could not find generated setter for class com.horcrux.svg.RenderableViewManager$RadialGradientManager
07-13 09:22:29.181 W/unknown:ViewManagerPropertyUpdater( 8388): Could not find generated setter for class com.horcrux.svg.RenderableViewManager$MaskManager
07-13 09:22:29.189 D/C2MtkBufferManager( 1041): over 5000ms not request from VCodec but callback hooked, slow BM Cc fetch thread
07-13 09:22:29.194 W/unknown:ViewManagerPropertyUpdater( 8388): Could not find generated setter for class com.facebook.react.views.unimplementedview.ReactUnimplementedViewManager
07-13 09:22:29.204 W/unknown:ViewManagerPropertyUpdater( 8388): Could not find generated setter for class com.horcrux.svg.RenderableViewManager$RectViewManager
07-13 09:22:29.209 D/C2MtkBufferManager( 1041): over 5000ms not request from VCodec but callback hooked, slow BM Cc fetch thread
07-13 09:22:29.216 W/unknown:ViewManagerPropertyUpdater( 8388): Could not find generated setter for class com.horcrux.svg.RenderableViewManager$TextPathViewManager
07-13 09:22:29.226 I/thermal_repeater( 1331): [recvMdThermalInfo] ret=24, strLen=127,  3, 44, 6, 196, 32767, 0
07-13 09:22:29.230 D/C2MtkBufferManager( 1041): over 5000ms not request from VCodec but callback hooked, slow BM Cc fetch thread
07-13 09:22:29.232 W/unknown:ViewManagerPropertyUpdater( 8388): Could not find generated setter for class com.facebook.react.views.scroll.ReactScrollViewManager
07-13 09:22:29.245 W/unknown:ViewManagerPropertyUpdater( 8388): Could not find generated setter for class com.horcrux.svg.RenderableViewManager$FeOffsetManager
07-13 09:22:29.249 D/AdvertisingIdClient(19459): AdvertisingIdClient already created.
07-13 09:22:29.250 D/C2MtkBufferManager( 1041): over 5000ms not request from VCodec but callback hooked, slow BM Cc fetch thread
07-13 09:22:29.253 I/AdvertisingIdClient(19459): shouldSendLog -1
07-13 09:22:29.253 I/AdvertisingIdClient(19459): GetInfoInternal elapse 4ms
07-13 09:22:29.256 W/unknown:ViewManagerPropertyUpdater( 8388): Could not find generated setter for class com.horcrux.svg.RenderableViewManager$PathViewManager
07-13 09:22:29.260 W/Settings( 2457): Setting airplane_mode_on has moved from android.provider.Settings.System to android.provider.Settings.Global, returning read-only value.
07-13 09:22:29.270 D/C2MtkBufferManager( 1041): over 5000ms not request from VCodec but callback hooked, slow BM Cc fetch thread
07-13 09:22:29.270 W/unknown:ViewManagerPropertyUpdater( 8388): Could not find generated setter for class com.facebook.react.views.drawer.ReactDrawerLayoutManager
07-13 09:22:29.274 D/ActivityManager( 1813): getProcessesInErrorState callingUid=10288, CallingPid=19459
07-13 09:22:29.284 W/unknown:ViewManagerPropertyUpdater( 8388): Could not find generated setter for class com.facebook.react.views.swiperefresh.SwipeRefreshLayoutManager
07-13 09:22:29.291 D/C2MtkBufferManager( 1041): over 5000ms not request from VCodec but callback hooked, slow BM Cc fetch thread
07-13 09:22:29.298 W/unknown:ViewManagerPropertyUpdater( 8388): Could not find generated setter for class com.facebook.react.views.textinput.ReactTextInputManager
07-13 09:22:29.301 W/unknown:ViewManagerPropertyUpdater( 8388): Could not find generated setter for class com.facebook.react.views.textinput.ReactTextInputShadowNode
07-13 09:22:29.307 D/ActivityManager( 1813): getProcessesInErrorState callingUid=10279, CallingPid=443
07-13 09:22:29.311 D/C2MtkBufferManager( 1041): over 5000ms not request from VCodec but callback hooked, slow BM Cc fetch thread
07-13 09:22:29.316 W/unknown:ViewManagerPropertyUpdater( 8388): Could not find generated setter for class com.swmansion.gesturehandler.react.RNGestureHandlerRootViewManager
07-13 09:22:29.332 D/C2MtkBufferManager( 1041): over 5000ms not request from VCodec but callback hooked, slow BM Cc fetch thread
07-13 09:22:29.353 D/C2MtkBufferManager( 1041): over 5000ms not request from VCodec but callback hooked, slow BM Cc fetch thread
07-13 09:22:29.373 D/C2MtkBufferManager( 1041): over 5000ms not request from VCodec but callback hooked, slow BM Cc fetch thread
07-13 09:22:29.394 D/C2MtkBufferManager( 1041): over 5000ms not request from VCodec but callback hooked, slow BM Cc fetch thread
07-13 09:22:29.415 D/C2MtkBufferManager( 1041): over 5000ms not request from VCodec but callback hooked, slow BM Cc fetch thread
07-13 09:22:29.435 D/C2MtkBufferManager( 1041): over 5000ms not request from VCodec but callback hooked, slow BM Cc fetch thread
07-13 09:22:29.444 D/AdvertisingIdClient(19459): AdvertisingIdClient already created.
07-13 09:22:29.447 I/AdvertisingIdClient(19459): shouldSendLog -1
07-13 09:22:29.448 I/AdvertisingIdClient(19459): GetInfoInternal elapse 3ms
07-13 09:22:29.456 D/C2MtkBufferManager( 1041): over 5000ms not request from VCodec but callback hooked, slow BM Cc fetch thread
07-13 09:22:29.476 D/C2MtkBufferManager( 1041): over 5000ms not request from VCodec but callback hooked, slow BM Cc fetch thread
07-13 09:22:29.497 D/C2MtkBufferManager( 1041): over 5000ms not request from VCodec but callback hooked, slow BM Cc fetch thread
07-13 09:22:29.517 D/C2MtkBufferManager( 1041): over 5000ms not request from VCodec but callback hooked, slow BM Cc fetch thread
07-13 09:22:29.538 D/C2MtkBufferManager( 1041): over 5000ms not request from VCodec but callback hooked, slow BM Cc fetch thread
07-13 09:22:29.558 D/C2MtkBufferManager( 1041): over 5000ms not request from VCodec but callback hooked, slow BM Cc fetch thread
07-13 09:22:29.579 D/C2MtkBufferManager( 1041): over 5000ms not request from VCodec but callback hooked, slow BM Cc fetch thread
07-13 09:22:29.599 D/C2MtkBufferManager( 1041): over 5000ms not request from VCodec but callback hooked, slow BM Cc fetch thread
07-13 09:22:29.619 D/C2MtkBufferManager( 1041): over 5000ms not request from VCodec but callback hooked, slow BM Cc fetch thread
07-13 09:22:29.640 D/C2MtkBufferManager( 1041): over 5000ms not request from VCodec but callback hooked, slow BM Cc fetch thread
07-13 09:22:29.640 D/AdvertisingIdClient(19459): AdvertisingIdClient already created.
07-13 09:22:29.643 I/AdvertisingIdClient(19459): shouldSendLog -1
07-13 09:22:29.644 I/AdvertisingIdClient(19459): GetInfoInternal elapse 3ms
07-13 09:22:29.660 D/C2MtkBufferManager( 1041): over 5000ms not request from VCodec but callback hooked, slow BM Cc fetch thread
07-13 09:22:29.681 D/C2MtkBufferManager( 1041): over 5000ms not request from VCodec but callback hooked, slow BM Cc fetch thread
07-13 09:22:29.701 D/C2MtkBufferManager( 1041): over 5000ms not request from VCodec but callback hooked, slow BM Cc fetch thread
07-13 09:22:29.721 D/C2MtkBufferManager( 1041): over 5000ms not request from VCodec but callback hooked, slow BM Cc fetch thread
07-13 09:22:29.742 D/C2MtkBufferManager( 1041): over 5000ms not request from VCodec but callback hooked, slow BM Cc fetch thread
07-13 09:22:29.762 D/C2MtkBufferManager( 1041): over 5000ms not request from VCodec but callback hooked, slow BM Cc fetch thread
07-13 09:22:29.775 D/ActivityManager( 1813): getProcessesInErrorState callingUid=10288, CallingPid=19459
07-13 09:22:29.783 D/C2MtkBufferManager( 1041): over 5000ms not request from VCodec but callback hooked, slow BM Cc fetch thread
07-13 09:22:29.803 D/C2MtkBufferManager( 1041): over 5000ms not request from VCodec but callback hooked, slow BM Cc fetch thread
07-13 09:22:29.809 D/ActivityManager( 1813): getProcessesInErrorState callingUid=10279, CallingPid=443
07-13 09:22:29.810 D/nativeloader( 8388): Load /data/app/~~YLnmsdzZwEre--bK2d7z9w==/com.skillsroom.mobile-f9Bv9at9m-3mkcSkMrJiDw==/base.apk!/lib/arm64-v8a/librnscreens.so using class loader ns clns-4 (caller=/data/app/~~YLnmsdzZwEre--bK2d7z9w==/com.skillsroom.mobile-f9Bv9at9m-3mkcSkMrJiDw==/base.apk!classes16.dex): ok
07-13 09:22:29.821 D/AES     ( 1813): AEEIOCTL_GET/SET_SF_STATE IOCTL,cmd= 1074294797, lParam=0. 
07-13 09:22:29.822 D/HeapUsage Monitor( 1813): HeapAllocSize : 150MB; monitorSize : 500MB
07-13 09:22:29.823 D/AES     ( 1813): AEEIOCTL_RT_MON_Kick IOCTL,cmd= 2147774474, lParam=300. 
07-13 09:22:29.824 D/C2MtkBufferManager( 1041): over 5000ms not request from VCodec but callback hooked, slow BM Cc fetch thread
07-13 09:22:29.844 D/C2MtkBufferManager( 1041): over 5000ms not request from VCodec but callback hooked, slow BM Cc fetch thread
07-13 09:22:29.864 D/C2MtkBufferManager( 1041): over 5000ms not request from VCodec but callback hooked, slow BM Cc fetch thread
07-13 09:22:29.885 D/C2MtkBufferManager( 1041): over 5000ms not request from VCodec but callback hooked, slow BM Cc fetch thread
07-13 09:22:29.905 D/C2MtkBufferManager( 1041): over 5000ms not request from VCodec but callback hooked, slow BM Cc fetch thread
07-13 09:22:29.926 D/C2MtkBufferManager( 1041): over 5000ms not request from VCodec but callback hooked, slow BM Cc fetch thread
07-13 09:22:29.946 D/C2MtkBufferManager( 1041): over 5000ms not request from VCodec but callback hooked, slow BM Cc fetch thread
07-13 09:22:29.967 D/C2MtkBufferManager( 1041): over 5000ms not request from VCodec but callback hooked, slow BM Cc fetch thread
07-13 09:22:29.985 D/CompatibilityChangeReporter( 8388): Compat change id reported: 289878283; UID 10210; state: ENABLED
07-13 09:22:29.987 D/C2MtkBufferManager( 1041): over 5000ms not request from VCodec but callback hooked, slow BM Cc fetch thread
07-13 09:22:29.996 I/ReactNativeJS( 8388): Running "main" with {"rootTag":1,"initialProps":{},"fabric":true}
07-13 09:22:30.008 D/C2MtkBufferManager( 1041): over 5000ms not request from VCodec but callback hooked, slow BM Cc fetch thread
07-13 09:22:30.012 D/NetworkController.MobileSignalController(1)( 2459): notifyListeners: mFeatureRelayData=false
07-13 09:22:30.015 D/connsyslogger( 1516): SD_LOG_ROOT is /data/debuglogger/connsyslog/fw.
07-13 09:22:30.015 D/connsyslogger( 1516): systemReady:1
07-13 09:22:30.028 D/C2MtkBufferManager( 1041): over 5000ms not request from VCodec but callback hooked, slow BM Cc fetch thread
07-13 09:22:30.031 I/gralloc4( 2459): @set_metadata: update dataspace from GM (0x00000000 -> 0x08010000)
07-13 09:22:30.049 I/MiuiNetworkPolicy( 1813): updateUidState uid = 10317, uidState = 19
07-13 09:22:30.049 D/C2MtkBufferManager( 1041): over 5000ms not request from VCodec but callback hooked, slow BM Cc fetch thread
07-13 09:22:30.055 I/MiuiNetworkPolicy( 1813): updateUidState uid = 10317, uidState = 11
07-13 09:22:30.058 I/libPerfCtl( 1059): xgfGetFPS pid:2459 fps:-1
07-13 09:22:30.058 I/libPerfCtl( 1059): xgfGetFPS pid:2470 fps:-1
07-13 09:22:30.058 I/libPerfCtl( 1059): xgfGetFPS pid:8370 fps:-1
07-13 09:22:30.058 I/libPerfCtl( 1059): xgfGetFPS pid:8388 fps:-1
07-13 09:22:30.069 D/C2MtkBufferManager( 1041): over 5000ms not request from VCodec but callback hooked, slow BM Cc fetch thread
07-13 09:22:30.090 D/C2MtkBufferManager( 1041): over 5000ms not request from VCodec but callback hooked, slow BM Cc fetch thread
07-13 09:22:30.110 D/C2MtkBufferManager( 1041): over 5000ms not request from VCodec but callback hooked, slow BM Cc fetch thread
07-13 09:22:30.131 D/C2MtkBufferManager( 1041): over 5000ms not request from VCodec but callback hooked, slow BM Cc fetch thread
07-13 09:22:30.151 D/C2MtkBufferManager( 1041): over 5000ms not request from VCodec but callback hooked, slow BM Cc fetch thread
07-13 09:22:30.172 D/C2MtkBufferManager( 1041): over 5000ms not request from VCodec but callback hooked, slow BM Cc fetch thread
07-13 09:22:30.192 D/C2MtkBufferManager( 1041): over 5000ms not request from VCodec but callback hooked, slow BM Cc fetch thread
07-13 09:22:30.213 D/C2MtkBufferManager( 1041): over 5000ms not request from VCodec but callback hooked, slow BM Cc fetch thread
07-13 09:22:30.231 I/AS.AudioService( 1813): getMode, get current owner's mode
07-13 09:22:30.231 I/AS.AudioService( 1813): getMode, currentModeHandler is null
07-13 09:22:30.233 D/C2MtkBufferManager( 1041): over 5000ms not request from VCodec but callback hooked, slow BM Cc fetch thread
07-13 09:22:30.254 D/C2MtkBufferManager( 1041): over 5000ms not request from VCodec but callback hooked, slow BM Cc fetch thread
07-13 09:22:30.274 D/C2MtkBufferManager( 1041): over 5000ms not request from VCodec but callback hooked, slow BM Cc fetch thread
07-13 09:22:30.277 D/ActivityManager( 1813): getProcessesInErrorState callingUid=10288, CallingPid=19459
07-13 09:22:30.295 D/C2MtkBufferManager( 1041): over 5000ms not request from VCodec but callback hooked, slow BM Cc fetch thread
07-13 09:22:30.301 D/ULogGuard( 1314): Monitoring: 16 threads, 0 requests, 0 time-bombs; 2 guards. ResetFlags = 0x7
07-13 09:22:30.310 D/ActivityManager( 1813): getProcessesInErrorState callingUid=10279, CallingPid=443
07-13 09:22:30.315 D/C2MtkBufferManager( 1041): over 5000ms not request from VCodec but callback hooked, slow BM Cc fetch thread
07-13 09:22:30.336 D/C2MtkBufferManager( 1041): over 5000ms not request from VCodec but callback hooked, slow BM Cc fetch thread
07-13 09:22:30.356 D/C2MtkBufferManager( 1041): over 5000ms not request from VCodec but callback hooked, slow BM Cc fetch thread
07-13 09:22:30.376 D/C2MtkBufferManager( 1041): over 5000ms not request from VCodec but callback hooked, slow BM Cc fetch thread
07-13 09:22:30.376 W/C2BqBuffer( 1041): last successful dequeue was 92201641323 us ago, 0 consecutive failures
07-13 09:22:30.397 D/C2MtkBufferManager( 1041): over 5000ms not request from VCodec but callback hooked, slow BM Cc fetch thread
07-13 09:22:30.417 D/C2MtkBufferManager( 1041): over 5000ms not request from VCodec but callback hooked, slow BM Cc fetch thread
07-13 09:22:30.438 D/C2MtkBufferManager( 1041): over 5000ms not request from VCodec but callback hooked, slow BM Cc fetch thread
07-13 09:22:30.458 D/C2MtkBufferManager( 1041): over 5000ms not request from VCodec but callback hooked, slow BM Cc fetch thread
07-13 09:22:30.479 D/C2MtkBufferManager( 1041): over 5000ms not request from VCodec but callback hooked, slow BM Cc fetch thread
07-13 09:22:30.499 D/C2MtkBufferManager( 1041): over 5000ms not request from VCodec but callback hooked, slow BM Cc fetch thread
07-13 09:22:30.519 D/C2MtkBufferManager( 1041): over 5000ms not request from VCodec but callback hooked, slow BM Cc fetch thread
07-13 09:22:30.522 I/ClipboardServiceI( 1813): checkProviderWakePathForClipboard: primaryClip is null
07-13 09:22:30.540 D/C2MtkBufferManager( 1041): over 5000ms not request from VCodec but callback hooked, slow BM Cc fetch thread
07-13 09:22:30.551 I/ClipboardServiceI( 1813): checkProviderWakePathForClipboard: primaryClip is null
07-13 09:22:30.560 D/C2MtkBufferManager( 1041): over 5000ms not request from VCodec but callback hooked, slow BM Cc fetch thread
07-13 09:22:30.581 D/C2MtkBufferManager( 1041): over 5000ms not request from VCodec but callback hooked, slow BM Cc fetch thread
07-13 09:22:30.601 D/C2MtkBufferManager( 1041): over 5000ms not request from VCodec but callback hooked, slow BM Cc fetch thread
07-13 09:22:30.616 I/system_server( 1813): Background young concurrent copying GC freed 11MB AllocSpace bytes, 48(1132KB) LOS objects, 9% free, 138MB/153MB, paused 357us,234us total 154.995ms
07-13 09:22:30.622 D/C2MtkBufferManager( 1041): over 5000ms not request from VCodec but callback hooked, slow BM Cc fetch thread
07-13 09:22:30.642 D/C2MtkBufferManager( 1041): over 5000ms not request from VCodec but callback hooked, slow BM Cc fetch thread
07-13 09:22:30.662 D/C2MtkBufferManager( 1041): over 5000ms not request from VCodec but callback hooked, slow BM Cc fetch thread
07-13 09:22:30.683 W/System  ( 1813): A resource failed to call release. 
07-13 09:22:30.683 W/System  ( 1813): A resource failed to call HardwareBuffer.close. 
07-13 09:22:30.683 D/C2MtkBufferManager( 1041): over 5000ms not request from VCodec but callback hooked, slow BM Cc fetch thread
07-13 09:22:30.703 D/C2MtkBufferManager( 1041): over 5000ms not request from VCodec but callback hooked, slow BM Cc fetch thread
07-13 09:22:30.724 D/C2MtkBufferManager( 1041): over 5000ms not request from VCodec but callback hooked, slow BM Cc fetch thread
07-13 09:22:30.744 D/C2MtkBufferManager( 1041): over 5000ms not request from VCodec but callback hooked, slow BM Cc fetch thread
07-13 09:22:30.755 D/ProfileInstaller( 8388): Installing profile for com.skillsroom.mobile
07-13 09:22:30.765 D/C2MtkBufferManager( 1041): over 5000ms not request from VCodec but callback hooked, slow BM Cc fetch thread
07-13 09:22:30.778 D/ActivityManager( 1813): getProcessesInErrorState callingUid=10288, CallingPid=19459
07-13 09:22:30.785 D/C2MtkBufferManager( 1041): over 5000ms not request from VCodec but callback hooked, slow BM Cc fetch thread
07-13 09:22:30.806 D/C2MtkBufferManager( 1041): over 5000ms not request from VCodec but callback hooked, slow BM Cc fetch thread
07-13 09:22:30.812 D/ActivityManager( 1813): getProcessesInErrorState callingUid=10279, CallingPid=443
07-13 09:22:30.826 D/C2MtkBufferManager( 1041): over 5000ms not request from VCodec but callback hooked, slow BM Cc fetch thread
07-13 09:22:30.846 D/C2MtkBufferManager( 1041): over 5000ms not request from VCodec but callback hooked, slow BM Cc fetch thread
07-13 09:22:30.867 D/C2MtkBufferManager( 1041): over 5000ms not request from VCodec but callback hooked, slow BM Cc fetch thread
07-13 09:22:30.888 D/C2MtkBufferManager( 1041): over 5000ms not request from VCodec but callback hooked, slow BM Cc fetch thread
07-13 09:22:30.908 D/C2MtkBufferManager( 1041): over 5000ms not request from VCodec but callback hooked, slow BM Cc fetch thread
07-13 09:22:30.928 D/C2MtkBufferManager( 1041): over 5000ms not request from VCodec but callback hooked, slow BM Cc fetch thread
07-13 09:22:30.949 D/C2MtkBufferManager( 1041): over 5000ms not request from VCodec but callback hooked, slow BM Cc fetch thread
07-13 09:22:30.969 D/C2MtkBufferManager( 1041): over 5000ms not request from VCodec but callback hooked, slow BM Cc fetch thread
07-13 09:22:30.990 D/C2MtkBufferManager( 1041): over 5000ms not request from VCodec but callback hooked, slow BM Cc fetch thread
07-13 09:22:31.010 D/C2MtkBufferManager( 1041): over 5000ms not request from VCodec but callback hooked, slow BM Cc fetch thread
07-13 09:22:31.031 D/C2MtkBufferManager( 1041): over 5000ms not request from VCodec but callback hooked, slow BM Cc fetch thread
07-13 09:22:31.051 D/C2MtkBufferManager( 1041): over 5000ms not request from VCodec but callback hooked, slow BM Cc fetch thread
07-13 09:22:31.057 I/MiuiNetworkPolicy( 1813): updateUidState uid = 10317, uidState = 19
07-13 09:22:31.058 I/libPerfCtl( 1059): xgfGetFPS pid:2459 fps:-1
07-13 09:22:31.058 I/libPerfCtl( 1059): xgfGetFPS pid:2470 fps:-1
07-13 09:22:31.058 I/libPerfCtl( 1059): xgfGetFPS pid:8370 fps:-1
07-13 09:22:31.058 I/libPerfCtl( 1059): xgfGetFPS pid:8388 fps:-1
07-13 09:22:31.062 I/MiuiNetworkPolicy( 1813): updateUidState uid = 10317, uidState = 11
07-13 09:22:31.072 D/C2MtkBufferManager( 1041): over 5000ms not request from VCodec but callback hooked, slow BM Cc fetch thread
07-13 09:22:31.092 D/C2MtkBufferManager( 1041): over 5000ms not request from VCodec but callback hooked, slow BM Cc fetch thread
07-13 09:22:31.113 D/C2MtkBufferManager( 1041): over 5000ms not request from VCodec but callback hooked, slow BM Cc fetch thread
07-13 09:22:31.133 D/C2MtkBufferManager( 1041): over 5000ms not request from VCodec but callback hooked, slow BM Cc fetch thread
07-13 09:22:31.154 D/C2MtkBufferManager( 1041): over 5000ms not request from VCodec but callback hooked, slow BM Cc fetch thread
07-13 09:22:31.174 D/C2MtkBufferManager( 1041): over 5000ms not request from VCodec but callback hooked, slow BM Cc fetch thread
07-13 09:22:31.195 D/C2MtkBufferManager( 1041): over 5000ms not request from VCodec but callback hooked, slow BM Cc fetch thread
07-13 09:22:31.215 D/C2MtkBufferManager( 1041): over 5000ms not request from VCodec but callback hooked, slow BM Cc fetch thread
07-13 09:22:31.236 D/C2MtkBufferManager( 1041): over 5000ms not request from VCodec but callback hooked, slow BM Cc fetch thread
07-13 09:22:31.256 D/C2MtkBufferManager( 1041): over 5000ms not request from VCodec but callback hooked, slow BM Cc fetch thread
07-13 09:22:31.272 V/ClearcutMetricXmitter( 8370): Transmission is done.
07-13 09:22:31.277 D/C2MtkBufferManager( 1041): over 5000ms not request from VCodec but callback hooked, slow BM Cc fetch thread
07-13 09:22:31.280 D/ActivityManager( 1813): getProcessesInErrorState callingUid=10288, CallingPid=19459
07-13 09:22:31.297 D/C2MtkBufferManager( 1041): over 5000ms not request from VCodec but callback hooked, slow BM Cc fetch thread
07-13 09:22:31.313 D/ActivityManager( 1813): getProcessesInErrorState callingUid=10279, CallingPid=443
07-13 09:22:31.318 D/C2MtkBufferManager( 1041): over 5000ms not request from VCodec but callback hooked, slow BM Cc fetch thread
07-13 09:22:31.338 D/C2MtkBufferManager( 1041): over 5000ms not request from VCodec but callback hooked, slow BM Cc fetch thread
07-13 09:22:31.359 D/C2MtkBufferManager( 1041): over 5000ms not request from VCodec but callback hooked, slow BM Cc fetch thread
07-13 09:22:31.379 D/C2MtkBufferManager( 1041): over 5000ms not request from VCodec but callback hooked, slow BM Cc fetch thread
07-13 09:22:31.400 D/C2MtkBufferManager( 1041): over 5000ms not request from VCodec but callback hooked, slow BM Cc fetch thread
07-13 09:22:31.420 D/C2MtkBufferManager( 1041): over 5000ms not request from VCodec but callback hooked, slow BM Cc fetch thread
07-13 09:22:31.441 D/C2MtkBufferManager( 1041): over 5000ms not request from VCodec but callback hooked, slow BM Cc fetch thread
07-13 09:22:31.461 D/C2MtkBufferManager( 1041): over 5000ms not request from VCodec but callback hooked, slow BM Cc fetch thread
07-13 09:22:31.482 D/C2MtkBufferManager( 1041): over 5000ms not request from VCodec but callback hooked, slow BM Cc fetch thread
07-13 09:22:31.502 D/C2MtkBufferManager( 1041): over 5000ms not request from VCodec but callback hooked, slow BM Cc fetch thread
07-13 09:22:31.523 D/C2MtkBufferManager( 1041): over 5000ms not request from VCodec but callback hooked, slow BM Cc fetch thread
07-13 09:22:31.544 D/C2MtkBufferManager( 1041): over 5000ms not request from VCodec but callback hooked, slow BM Cc fetch thread
07-13 09:22:31.564 D/C2MtkBufferManager( 1041): over 5000ms not request from VCodec but callback hooked, slow BM Cc fetch thread
07-13 09:22:31.585 D/C2MtkBufferManager( 1041): over 5000ms not request from VCodec but callback hooked, slow BM Cc fetch thread
07-13 09:22:31.605 D/C2MtkBufferManager( 1041): over 5000ms not request from VCodec but callback hooked, slow BM Cc fetch thread
07-13 09:22:31.626 D/C2MtkBufferManager( 1041): over 5000ms not request from VCodec but callback hooked, slow BM Cc fetch thread
07-13 09:22:31.632 D/MediaCodec(19459): [mId: 6] audio-debug Stats over last 5004ms:
07-13 09:22:31.632 D/MediaCodec(19459): [mId: 6] audio-debug Qinput: 0, DQinput: 0 success out of 5 tries
07-13 09:22:31.632 D/MediaCodec(19459): [mId: 6] audio-debug Render: 0, Drop: 0, DQoutput: 0 success out of 0 tries
07-13 09:22:31.646 D/C2MtkBufferManager( 1041): over 5000ms not request from VCodec but callback hooked, slow BM Cc fetch thread
07-13 09:22:31.667 D/C2MtkBufferManager( 1041): over 5000ms not request from VCodec but callback hooked, slow BM Cc fetch thread
07-13 09:22:31.687 D/C2MtkBufferManager( 1041): over 5000ms not request from VCodec but callback hooked, slow BM Cc fetch thread
07-13 09:22:31.708 D/C2MtkBufferManager( 1041): over 5000ms not request from VCodec but callback hooked, slow BM Cc fetch thread
07-13 09:22:31.728 D/C2MtkBufferManager( 1041): over 5000ms not request from VCodec but callback hooked, slow BM Cc fetch thread
07-13 09:22:31.749 D/C2MtkBufferManager( 1041): over 5000ms not request from VCodec but callback hooked, slow BM Cc fetch thread
07-13 09:22:31.769 D/C2MtkBufferManager( 1041): over 5000ms not request from VCodec but callback hooked, slow BM Cc fetch thread
07-13 09:22:31.782 D/ActivityManager( 1813): getProcessesInErrorState callingUid=10288, CallingPid=19459
07-13 09:22:31.790 D/C2MtkBufferManager( 1041): over 5000ms not request from VCodec but callback hooked, slow BM Cc fetch thread
07-13 09:22:31.810 D/C2MtkBufferManager( 1041): over 5000ms not request from VCodec but callback hooked, slow BM Cc fetch thread
07-13 09:22:31.815 D/ActivityManager( 1813): getProcessesInErrorState callingUid=10279, CallingPid=443
07-13 09:22:31.831 D/C2MtkBufferManager( 1041): over 5000ms not request from VCodec but callback hooked, slow BM Cc fetch thread
07-13 09:22:31.851 D/C2MtkBufferManager( 1041): over 5000ms not request from VCodec but callback hooked, slow BM Cc fetch thread
07-13 09:22:31.867 W/Settings( 2457): Setting airplane_mode_on has moved from android.provider.Settings.System to android.provider.Settings.Global, returning read-only value.
07-13 09:22:31.872 D/MobileStatusTracker(1)( 2459): onSignalStrengthsChanged signalStrength=SignalStrength:{mCdma=CellSignalStrengthCdma: cdmaDbm=2147483647 cdmaEcio=2147483647 evdoDbm=2147483647 evdoEcio=2147483647 evdoSnr=2147483647 miuiLevel=0 mOptimizedLevel=0 level=0,mGsm=CellSignalStrengthGsm: rssi=2147483647 ber=2147483647 mTa=2147483647 miuiLevel=0 isNtnMode=false mLevel=0,mWcdma=CellSignalStrengthWcdma: ss=2147483647 ber=2147483647 rscp=2147483647 ecno=2147483647 miuiLevel=0 mOptimizedLevel=0 level=0,mTdscdma=CellSignalStrengthTdscdma: rssi=2147483647 ber=2147483647 rscp=2147483647 miuiLevel=0 mOptimizedLevel=0 level=0,mLte=CellSignalStrengthLte: rssi=-89 rsrp=-97 rsrq=-9 rssnr=16 cqiTableIndex=2147483647 cqi=0 ta=0 miuiLevel=5 mOptimizedLevel=0 level=4 parametersUseForLevel=0,mNr=CellSignalStrengthNr:{ csiRsrp = 2147483647 csiRsrq = 2147483647 csiCqiTableIndex = 2147483647 csiCqiReport = [] ssRsrp = 2147483647 ssRsrq = 2147483647 ssSinr = 2147483647 miuiLevel = 0 mOptimizedLevel = 0 level = 0 parametersUseForLevel = 0 timingAdvance = 2147483647 },primary=CellSignalStrengthLte,mNrAsPrimaryInNrNsa=false}
07-13 09:22:31.872 D/C2MtkBufferManager( 1041): over 5000ms not request from VCodec but callback hooked, slow BM Cc fetch thread
07-13 09:22:31.873 D/NetworkController.MobileSignalController(1)( 2459): update5GConnectState: false
07-13 09:22:31.873 D/NetworkController.MobileSignalController(1)( 2459): ss use aosp level not 0, 5
07-13 09:22:31.893 D/C2MtkBufferManager( 1041): over 5000ms not request from VCodec but callback hooked, slow BM Cc fetch thread
07-13 09:22:31.913 D/C2MtkBufferManager( 1041): over 5000ms not request from VCodec but callback hooked, slow BM Cc fetch thread
07-13 09:22:31.933 D/C2MtkBufferManager( 1041): over 5000ms not request from VCodec but callback hooked, slow BM Cc fetch thread
07-13 09:22:31.954 D/C2MtkBufferManager( 1041): over 5000ms not request from VCodec but callback hooked, slow BM Cc fetch thread
07-13 09:22:31.974 D/C2MtkBufferManager( 1041): over 5000ms not request from VCodec but callback hooked, slow BM Cc fetch thread
07-13 09:22:31.995 D/C2MtkBufferManager( 1041): over 5000ms not request from VCodec but callback hooked, slow BM Cc fetch thread
07-13 09:22:32.014 I/MiuiNetworkPolicy( 1813): updateUidState uid = 99051, uidState = 4
07-13 09:22:32.015 D/connsyslogger( 1516): SD_LOG_ROOT is /data/debuglogger/connsyslog/fw.
07-13 09:22:32.015 D/C2MtkBufferManager( 1041): over 5000ms not request from VCodec but callback hooked, slow BM Cc fetch thread
07-13 09:22:32.015 D/connsyslogger( 1516): systemReady:1
07-13 09:22:32.016 I/MiuiNetworkPolicy( 1813): updateUidState uid = 10240, uidState = 4
07-13 09:22:32.018 I/MiuiNetworkPolicy( 1813): updateUidState uid = 10157, uidState = 4
07-13 09:22:32.036 D/C2MtkBufferManager( 1041): over 5000ms not request from VCodec but callback hooked, slow BM Cc fetch thread
07-13 09:22:32.056 D/C2MtkBufferManager( 1041): over 5000ms not request from VCodec but callback hooked, slow BM Cc fetch thread
07-13 09:22:32.058 I/libPerfCtl( 1059): xgfGetFPS pid:2459 fps:-1
07-13 09:22:32.058 I/libPerfCtl( 1059): xgfGetFPS pid:2470 fps:-1
07-13 09:22:32.058 I/libPerfCtl( 1059): xgfGetFPS pid:8370 fps:-1
07-13 09:22:32.058 I/libPerfCtl( 1059): xgfGetFPS pid:8388 fps:-1
07-13 09:22:32.065 I/MiuiNetworkPolicy( 1813): updateUidState uid = 10317, uidState = 19
07-13 09:22:32.068 I/MiuiNetworkPolicy( 1813): updateUidState uid = 10317, uidState = 11
07-13 09:22:32.077 D/C2MtkBufferManager( 1041): over 5000ms not request from VCodec but callback hooked, slow BM Cc fetch thread
07-13 09:22:32.097 D/C2MtkBufferManager( 1041): over 5000ms not request from VCodec but callback hooked, slow BM Cc fetch thread
07-13 09:22:32.112 W/adbd    (21521): timeout expired while flushing socket, closing
07-13 09:22:32.118 D/C2MtkBufferManager( 1041): over 5000ms not request from VCodec but callback hooked, slow BM Cc fetch thread
07-13 09:22:32.138 D/C2MtkBufferManager( 1041): over 5000ms not request from VCodec but callback hooked, slow BM Cc fetch thread
07-13 09:22:32.159 D/C2MtkBufferManager( 1041): over 5000ms not request from VCodec but callback hooked, slow BM Cc fetch thread
07-13 09:22:32.179 D/C2MtkBufferManager( 1041): over 5000ms not request from VCodec but callback hooked, slow BM Cc fetch thread
07-13 09:22:32.200 D/C2MtkBufferManager( 1041): over 5000ms not request from VCodec but callback hooked, slow BM Cc fetch thread
