07-13 09:22:32.220 D/C2MtkBufferManager( 1041): over 5000ms not request from VCodec but callback hooked, slow BM Cc fetch thread
07-13 09:22:32.241 D/C2MtkBufferManager( 1041): over 5000ms not request from VCodec but callback hooked, slow BM Cc fetch thread
07-13 09:22:32.261 D/C2MtkBufferManager( 1041): over 5000ms not request from VCodec but callback hooked, slow BM Cc fetch thread
07-13 09:22:32.282 D/C2MtkBufferManager( 1041): over 5000ms not request from VCodec but callback hooked, slow BM Cc fetch thread
07-13 09:22:32.284 D/ActivityManager( 1813): getProcessesInErrorState callingUid=10288, CallingPid=19459
07-13 09:22:32.302 D/C2MtkBufferManager( 1041): over 5000ms not request from VCodec but callback hooked, slow BM Cc fetch thread
07-13 09:22:32.307 D/UiModeManager( 1813): updateConfigurationLocked: mDockState=0; mCarMode=false; mCar=false; mPowerSave=false; mComputedNightMode=false; mNightMode=0; uiMode=28
07-13 09:22:32.312 I/PowerSaveService( 5491): onReceive: android.intent.action.BATTERY_CHANGED
07-13 09:22:32.313 I/PowerNoticeUI( 5491): handleBatteryChanged oldPlugType 2 mPlugType 2 oldBatteryLevel 79 mBatteryLevel 79 temperature 380
07-13 09:22:32.313 I/ChargerBatteryIntelligenceReceiver( 5491): onBatteryChanged temperature：38,plugType:2
07-13 09:22:32.314 D/PowerCheckerService( 7233): onBatteryChanged, mBatteryLevel = 79, status = 2, level = 79, plug = 2, scale = 100
07-13 09:22:32.314 D/PowerKeeper.FrozenApp( 7233): onBatteryChanged plug=true mBatteryPlugged=2
07-13 09:22:32.314 D/PowerKeeper.Thermal( 7233): mBatteryTemperature: 38
07-13 09:22:32.317 D/ActivityManager( 1813): getProcessesInErrorState callingUid=10279, CallingPid=443
07-13 09:22:32.323 D/C2MtkBufferManager( 1041): over 5000ms not request from VCodec but callback hooked, slow BM Cc fetch thread
07-13 09:22:32.343 D/C2MtkBufferManager( 1041): over 5000ms not request from VCodec but callback hooked, slow BM Cc fetch thread
07-13 09:22:32.364 D/C2MtkBufferManager( 1041): over 5000ms not request from VCodec but callback hooked, slow BM Cc fetch thread
07-13 09:22:32.384 D/C2MtkBufferManager( 1041): over 5000ms not request from VCodec but callback hooked, slow BM Cc fetch thread
07-13 09:22:32.405 D/C2MtkBufferManager( 1041): over 5000ms not request from VCodec but callback hooked, slow BM Cc fetch thread
07-13 09:22:32.425 D/C2MtkBufferManager( 1041): over 5000ms not request from VCodec but callback hooked, slow BM Cc fetch thread
07-13 09:22:32.445 D/C2MtkBufferManager( 1041): over 5000ms not request from VCodec but callback hooked, slow BM Cc fetch thread
07-13 09:22:32.466 D/C2MtkBufferManager( 1041): over 5000ms not request from VCodec but callback hooked, slow BM Cc fetch thread
07-13 09:22:32.487 D/C2MtkBufferManager( 1041): over 5000ms not request from VCodec but callback hooked, slow BM Cc fetch thread
07-13 09:22:32.507 D/C2MtkBufferManager( 1041): over 5000ms not request from VCodec but callback hooked, slow BM Cc fetch thread
07-13 09:22:32.528 D/C2MtkBufferManager( 1041): over 5000ms not request from VCodec but callback hooked, slow BM Cc fetch thread
07-13 09:22:32.541 I/SmartPower: com.facebook.appmanager/10131(7900)( 1813): idle->background(18115ms) R(service unbind com.facebook.appmanager/com.facebook.oxygen.appmanager.update.core.UpdateService) adj=250.
07-13 09:22:32.544 I/MiuiNetworkPolicy( 1813): updateUidState uid = 10131, uidState = 10
07-13 09:22:32.544 I/MiuiNetworkPolicy( 1813): updateUidState uid = 10083, uidState = 10
07-13 09:22:32.548 I/MiuiNetworkPolicy( 1813): updateUidState uid = 10131, uidState = 19
07-13 09:22:32.548 D/C2MtkBufferManager( 1041): over 5000ms not request from VCodec but callback hooked, slow BM Cc fetch thread
07-13 09:22:32.551 D/CompatibilityChangeReporter( 1813): Compat change id reported: 265195908; UID 10131; state: ENABLED
07-13 09:22:32.569 D/C2MtkBufferManager( 1041): over 5000ms not request from VCodec but callback hooked, slow BM Cc fetch thread
07-13 09:22:32.580 D/MediaCodec(19459): [mId: 2] audio-debug Stats over last 5006ms:
07-13 09:22:32.580 D/MediaCodec(19459): [mId: 2] audio-debug Qinput: 0, DQinput: 0 success out of 5 tries
07-13 09:22:32.580 D/MediaCodec(19459): [mId: 2] audio-debug Render: 0, Drop: 0, DQoutput: 0 success out of 0 tries
07-13 09:22:32.589 D/C2MtkBufferManager( 1041): over 5000ms not request from VCodec but callback hooked, slow BM Cc fetch thread
07-13 09:22:32.610 D/C2MtkBufferManager( 1041): over 5000ms not request from VCodec but callback hooked, slow BM Cc fetch thread
07-13 09:22:32.630 D/C2MtkBufferManager( 1041): over 5000ms not request from VCodec but callback hooked, slow BM Cc fetch thread
07-13 09:22:32.651 D/C2MtkBufferManager( 1041): over 5000ms not request from VCodec but callback hooked, slow BM Cc fetch thread
07-13 09:22:32.672 D/C2MtkBufferManager( 1041): over 5000ms not request from VCodec but callback hooked, slow BM Cc fetch thread
07-13 09:22:32.692 D/C2MtkBufferManager( 1041): over 5000ms not request from VCodec but callback hooked, slow BM Cc fetch thread
07-13 09:22:32.713 D/C2MtkBufferManager( 1041): over 5000ms not request from VCodec but callback hooked, slow BM Cc fetch thread
07-13 09:22:32.733 D/C2MtkBufferManager( 1041): over 5000ms not request from VCodec but callback hooked, slow BM Cc fetch thread
07-13 09:22:32.754 D/C2MtkBufferManager( 1041): over 5000ms not request from VCodec but callback hooked, slow BM Cc fetch thread
07-13 09:22:32.775 D/C2MtkBufferManager( 1041): over 5000ms not request from VCodec but callback hooked, slow BM Cc fetch thread
07-13 09:22:32.785 D/ActivityManager( 1813): getProcessesInErrorState callingUid=10288, CallingPid=19459
07-13 09:22:32.795 D/C2MtkBufferManager( 1041): over 5000ms not request from VCodec but callback hooked, slow BM Cc fetch thread
07-13 09:22:32.816 D/C2MtkBufferManager( 1041): over 5000ms not request from VCodec but callback hooked, slow BM Cc fetch thread
07-13 09:22:32.819 D/ActivityManager( 1813): getProcessesInErrorState callingUid=10279, CallingPid=443
07-13 09:22:32.820 D/FileUtils( 1813): Rounded bytes from 3899887616 to 4000000000
07-13 09:22:32.821 D/FileUtils( 1813): Rounded bytes from 3899887616 to 4000000000
07-13 09:22:32.836 D/C2MtkBufferManager( 1041): over 5000ms not request from VCodec but callback hooked, slow BM Cc fetch thread
07-13 09:22:32.839 D/connsyslogger( 1516): data recycle:time out
07-13 09:22:32.839 D/connsyslogger( 1516): idx=0 Bootup Log: 2 log files! filecount=3 
07-13 09:22:32.857 D/C2MtkBufferManager( 1041): over 5000ms not request from VCodec but callback hooked, slow BM Cc fetch thread
07-13 09:22:32.877 D/C2MtkBufferManager( 1041): over 5000ms not request from VCodec but callback hooked, slow BM Cc fetch thread
07-13 09:22:32.898 D/C2MtkBufferManager( 1041): over 5000ms not request from VCodec but callback hooked, slow BM Cc fetch thread
07-13 09:22:32.919 D/C2MtkBufferManager( 1041): over 5000ms not request from VCodec but callback hooked, slow BM Cc fetch thread
07-13 09:22:32.939 D/C2MtkBufferManager( 1041): over 5000ms not request from VCodec but callback hooked, slow BM Cc fetch thread
07-13 09:22:32.953 W/Settings( 2457): Setting airplane_mode_on has moved from android.provider.Settings.System to android.provider.Settings.Global, returning read-only value.
07-13 09:22:32.957 D/MobileStatusTracker(5)( 2459): onSignalStrengthsChanged signalStrength=SignalStrength:{mCdma=CellSignalStrengthCdma: cdmaDbm=2147483647 cdmaEcio=2147483647 evdoDbm=2147483647 evdoEcio=2147483647 evdoSnr=2147483647 miuiLevel=0 mOptimizedLevel=0 level=0,mGsm=CellSignalStrengthGsm: rssi=2147483647 ber=2147483647 mTa=2147483647 miuiLevel=0 isNtnMode=false mLevel=0,mWcdma=CellSignalStrengthWcdma: ss=2147483647 ber=2147483647 rscp=2147483647 ecno=2147483647 miuiLevel=0 mOptimizedLevel=0 level=0,mTdscdma=CellSignalStrengthTdscdma: rssi=2147483647 ber=2147483647 rscp=2147483647 miuiLevel=0 mOptimizedLevel=0 level=0,mLte=CellSignalStrengthLte: rssi=-71 rsrp=-82 rsrq=-13 rssnr=17 cqiTableIndex=2147483647 cqi=0 ta=0 miuiLevel=5 mOptimizedLevel=0 level=4 parametersUseForLevel=0,mNr=CellSignalStrengthNr:{ csiRsrp = 2147483647 csiRsrq = 2147483647 csiCqiTableIndex = 2147483647 csiCqiReport = [] ssRsrp = 2147483647 ssRsrq = 2147483647 ssSinr = 2147483647 miuiLevel = 0 mOptimizedLevel = 0 level = 0 parametersUseForLevel = 0 timingAdvance = 2147483647 },primary=CellSignalStrengthLte,mNrAsPrimaryInNrNsa=false}
07-13 09:22:32.958 D/NetworkController.MobileSignalController(5)( 2459): update5GConnectState: false
07-13 09:22:32.958 D/NetworkController.MobileSignalController(5)( 2459): ss use aosp level not 0, 5
07-13 09:22:32.960 D/C2MtkBufferManager( 1041): over 5000ms not request from VCodec but callback hooked, slow BM Cc fetch thread
07-13 09:22:32.980 D/C2MtkBufferManager( 1041): over 5000ms not request from VCodec but callback hooked, slow BM Cc fetch thread
07-13 09:22:33.001 D/C2MtkBufferManager( 1041): over 5000ms not request from VCodec but callback hooked, slow BM Cc fetch thread
07-13 09:22:33.021 D/C2MtkBufferManager( 1041): over 5000ms not request from VCodec but callback hooked, slow BM Cc fetch thread
07-13 09:22:33.042 D/C2MtkBufferManager( 1041): over 5000ms not request from VCodec but callback hooked, slow BM Cc fetch thread
07-13 09:22:33.058 I/libPerfCtl( 1059): xgfGetFPS pid:2459 fps:-1
07-13 09:22:33.058 I/libPerfCtl( 1059): xgfGetFPS pid:8370 fps:-1
07-13 09:22:33.058 I/libPerfCtl( 1059): xgfGetFPS pid:8388 fps:-1
07-13 09:22:33.063 D/C2MtkBufferManager( 1041): over 5000ms not request from VCodec but callback hooked, slow BM Cc fetch thread
07-13 09:22:33.075 I/MiuiNetworkPolicy( 1813): updateUidState uid = 10317, uidState = 19
07-13 09:22:33.080 I/MiuiNetworkPolicy( 1813): updateUidState uid = 10317, uidState = 11
07-13 09:22:33.083 D/C2MtkBufferManager( 1041): over 5000ms not request from VCodec but callback hooked, slow BM Cc fetch thread
07-13 09:22:33.104 D/C2MtkBufferManager( 1041): over 5000ms not request from VCodec but callback hooked, slow BM Cc fetch thread
07-13 09:22:33.124 D/C2MtkBufferManager( 1041): over 5000ms not request from VCodec but callback hooked, slow BM Cc fetch thread
07-13 09:22:33.145 D/C2MtkBufferManager( 1041): over 5000ms not request from VCodec but callback hooked, slow BM Cc fetch thread
07-13 09:22:33.165 D/C2MtkBufferManager( 1041): over 5000ms not request from VCodec but callback hooked, slow BM Cc fetch thread
07-13 09:22:33.186 D/C2MtkBufferManager( 1041): over 5000ms not request from VCodec but callback hooked, slow BM Cc fetch thread
07-13 09:22:33.207 D/C2MtkBufferManager( 1041): over 5000ms not request from VCodec but callback hooked, slow BM Cc fetch thread
07-13 09:22:33.227 D/C2MtkBufferManager( 1041): over 5000ms not request from VCodec but callback hooked, slow BM Cc fetch thread
07-13 09:22:33.248 D/C2MtkBufferManager( 1041): over 5000ms not request from VCodec but callback hooked, slow BM Cc fetch thread
07-13 09:22:33.255 D/CompatibilityChangeReporter( 1813): Compat change id reported: 261072174; UID 10157; state: ENABLED
07-13 09:22:33.268 D/C2MtkBufferManager( 1041): over 5000ms not request from VCodec but callback hooked, slow BM Cc fetch thread
07-13 09:22:33.287 D/ActivityManager( 1813): getProcessesInErrorState callingUid=10288, CallingPid=19459
07-13 09:22:33.290 D/C2MtkBufferManager( 1041): over 5000ms not request from VCodec but callback hooked, slow BM Cc fetch thread
07-13 09:22:33.302 D/ULogGuard( 1314): Monitoring: 16 threads, 0 requests, 0 time-bombs; 2 guards. ResetFlags = 0x7
07-13 09:22:33.310 D/C2MtkBufferManager( 1041): over 5000ms not request from VCodec but callback hooked, slow BM Cc fetch thread
07-13 09:22:33.321 D/ActivityManager( 1813): getProcessesInErrorState callingUid=10279, CallingPid=443
07-13 09:22:33.331 D/C2MtkBufferManager( 1041): over 5000ms not request from VCodec but callback hooked, slow BM Cc fetch thread
07-13 09:22:33.352 D/C2MtkBufferManager( 1041): over 5000ms not request from VCodec but callback hooked, slow BM Cc fetch thread
07-13 09:22:33.372 D/C2MtkBufferManager( 1041): over 5000ms not request from VCodec but callback hooked, slow BM Cc fetch thread
07-13 09:22:33.392 D/C2MtkBufferManager( 1041): over 5000ms not request from VCodec but callback hooked, slow BM Cc fetch thread
07-13 09:22:33.413 D/C2MtkBufferManager( 1041): over 5000ms not request from VCodec but callback hooked, slow BM Cc fetch thread
07-13 09:22:33.434 D/C2MtkBufferManager( 1041): over 5000ms not request from VCodec but callback hooked, slow BM Cc fetch thread
07-13 09:22:33.454 D/C2MtkBufferManager( 1041): over 5000ms not request from VCodec but callback hooked, slow BM Cc fetch thread
07-13 09:22:33.475 D/C2MtkBufferManager( 1041): over 5000ms not request from VCodec but callback hooked, slow BM Cc fetch thread
07-13 09:22:33.495 D/C2MtkBufferManager( 1041): over 5000ms not request from VCodec but callback hooked, slow BM Cc fetch thread
07-13 09:22:33.516 D/C2MtkBufferManager( 1041): over 5000ms not request from VCodec but callback hooked, slow BM Cc fetch thread
07-13 09:22:33.536 D/C2MtkBufferManager( 1041): over 5000ms not request from VCodec but callback hooked, slow BM Cc fetch thread
07-13 09:22:33.557 D/C2MtkBufferManager( 1041): over 5000ms not request from VCodec but callback hooked, slow BM Cc fetch thread
07-13 09:22:33.577 D/C2MtkBufferManager( 1041): over 5000ms not request from VCodec but callback hooked, slow BM Cc fetch thread
07-13 09:22:33.598 D/C2MtkBufferManager( 1041): over 5000ms not request from VCodec but callback hooked, slow BM Cc fetch thread
07-13 09:22:33.618 D/C2MtkBufferManager( 1041): over 5000ms not request from VCodec but callback hooked, slow BM Cc fetch thread
07-13 09:22:33.639 D/C2MtkBufferManager( 1041): over 5000ms not request from VCodec but callback hooked, slow BM Cc fetch thread
07-13 09:22:33.659 D/C2MtkBufferManager( 1041): over 5000ms not request from VCodec but callback hooked, slow BM Cc fetch thread
07-13 09:22:33.680 D/C2MtkBufferManager( 1041): over 5000ms not request from VCodec but callback hooked, slow BM Cc fetch thread
07-13 09:22:33.701 D/C2MtkBufferManager( 1041): over 5000ms not request from VCodec but callback hooked, slow BM Cc fetch thread
07-13 09:22:33.721 D/C2MtkBufferManager( 1041): over 5000ms not request from VCodec but callback hooked, slow BM Cc fetch thread
07-13 09:22:33.742 D/C2MtkBufferManager( 1041): over 5000ms not request from VCodec but callback hooked, slow BM Cc fetch thread
07-13 09:22:33.762 D/C2MtkBufferManager( 1041): over 5000ms not request from VCodec but callback hooked, slow BM Cc fetch thread
07-13 09:22:33.783 D/C2MtkBufferManager( 1041): over 5000ms not request from VCodec but callback hooked, slow BM Cc fetch thread
07-13 09:22:33.789 D/ActivityManager( 1813): getProcessesInErrorState callingUid=10288, CallingPid=19459
07-13 09:22:33.803 D/C2MtkBufferManager( 1041): over 5000ms not request from VCodec but callback hooked, slow BM Cc fetch thread
07-13 09:22:33.822 D/ActivityManager( 1813): getProcessesInErrorState callingUid=10279, CallingPid=443
07-13 09:22:33.824 D/C2MtkBufferManager( 1041): over 5000ms not request from VCodec but callback hooked, slow BM Cc fetch thread
07-13 09:22:33.845 D/C2MtkBufferManager( 1041): over 5000ms not request from VCodec but callback hooked, slow BM Cc fetch thread
07-13 09:22:33.865 D/C2MtkBufferManager( 1041): over 5000ms not request from VCodec but callback hooked, slow BM Cc fetch thread
07-13 09:22:33.886 D/C2MtkBufferManager( 1041): over 5000ms not request from VCodec but callback hooked, slow BM Cc fetch thread
07-13 09:22:33.907 D/C2MtkBufferManager( 1041): over 5000ms not request from VCodec but callback hooked, slow BM Cc fetch thread
07-13 09:22:33.928 D/C2MtkBufferManager( 1041): over 5000ms not request from VCodec but callback hooked, slow BM Cc fetch thread
07-13 09:22:33.948 D/C2MtkBufferManager( 1041): over 5000ms not request from VCodec but callback hooked, slow BM Cc fetch thread
07-13 09:22:33.969 D/C2MtkBufferManager( 1041): over 5000ms not request from VCodec but callback hooked, slow BM Cc fetch thread
07-13 09:22:33.989 D/C2MtkBufferManager( 1041): over 5000ms not request from VCodec but callback hooked, slow BM Cc fetch thread
07-13 09:22:34.010 D/C2MtkBufferManager( 1041): over 5000ms not request from VCodec but callback hooked, slow BM Cc fetch thread
07-13 09:22:34.016 D/connsyslogger( 1516): SD_LOG_ROOT is /data/debuglogger/connsyslog/fw.
07-13 09:22:34.016 D/connsyslogger( 1516): systemReady:1
07-13 09:22:34.025 D/NetworkController.MobileSignalController(1)( 2459): notifyListeners: mFeatureRelayData=false
07-13 09:22:34.031 D/C2MtkBufferManager( 1041): over 5000ms not request from VCodec but callback hooked, slow BM Cc fetch thread
07-13 09:22:34.052 D/C2MtkBufferManager( 1041): over 5000ms not request from VCodec but callback hooked, slow BM Cc fetch thread
07-13 09:22:34.052 I/gralloc4( 2459): @set_metadata: update dataspace from GM (0x00000000 -> 0x08010000)
07-13 09:22:34.059 I/libPerfCtl( 1059): xgfGetFPS pid:2459 fps:-1
07-13 09:22:34.059 I/libPerfCtl( 1059): xgfGetFPS pid:8388 fps:-1
07-13 09:22:34.071 I/BufferQueueProducer( 1133): [StatusBar#98](this:0xb400007865c71a30,id:-1,api:0,p:-1,c:1133) queueBuffer: fps=0.40 dur=5033.32 max=4033.42 min=999.90
07-13 09:22:34.073 D/C2MtkBufferManager( 1041): over 5000ms not request from VCodec but callback hooked, slow BM Cc fetch thread
07-13 09:22:34.075 I/hwcomposer( 1039): [HWCDisplay] [Display_0 (type:1)] fps:0.397308,dur:5033.88,max:4034.18,min:999.70  
07-13 09:22:34.085 I/MiuiNetworkPolicy( 1813): updateUidState uid = 10317, uidState = 19
07-13 09:22:34.090 I/MiuiNetworkPolicy( 1813): updateUidState uid = 10317, uidState = 11
07-13 09:22:34.093 D/C2MtkBufferManager( 1041): over 5000ms not request from VCodec but callback hooked, slow BM Cc fetch thread
07-13 09:22:34.114 D/C2MtkBufferManager( 1041): over 5000ms not request from VCodec but callback hooked, slow BM Cc fetch thread
07-13 09:22:34.135 D/C2MtkBufferManager( 1041): over 5000ms not request from VCodec but callback hooked, slow BM Cc fetch thread
07-13 09:22:34.155 D/C2MtkBufferManager( 1041): over 5000ms not request from VCodec but callback hooked, slow BM Cc fetch thread
07-13 09:22:34.176 D/C2MtkBufferManager( 1041): over 5000ms not request from VCodec but callback hooked, slow BM Cc fetch thread
07-13 09:22:34.196 D/C2MtkBufferManager( 1041): over 5000ms not request from VCodec but callback hooked, slow BM Cc fetch thread
07-13 09:22:34.217 D/C2MtkBufferManager( 1041): over 5000ms not request from VCodec but callback hooked, slow BM Cc fetch thread
07-13 09:22:34.238 D/C2MtkBufferManager( 1041): over 5000ms not request from VCodec but callback hooked, slow BM Cc fetch thread
07-13 09:22:34.258 D/C2MtkBufferManager( 1041): over 5000ms not request from VCodec but callback hooked, slow BM Cc fetch thread
07-13 09:22:34.279 D/C2MtkBufferManager( 1041): over 5000ms not request from VCodec but callback hooked, slow BM Cc fetch thread
07-13 09:22:34.291 D/ActivityManager( 1813): getProcessesInErrorState callingUid=10288, CallingPid=19459
07-13 09:22:34.299 D/C2MtkBufferManager( 1041): over 5000ms not request from VCodec but callback hooked, slow BM Cc fetch thread
07-13 09:22:34.320 D/C2MtkBufferManager( 1041): over 5000ms not request from VCodec but callback hooked, slow BM Cc fetch thread
07-13 09:22:34.324 D/ActivityManager( 1813): getProcessesInErrorState callingUid=10279, CallingPid=443
07-13 09:22:34.328 I/PowerManagerServiceImpl( 1813): Acquire wakelock: SCREEN_BRIGHT_WAKE_LOCK        'WindowManager/displayId:0' ON_AFTER_RELEASE (uid=1000 pid=1813 pkg=android ws=WorkSource{10210 com.skillsroom.mobile})
07-13 09:22:34.341 D/C2MtkBufferManager( 1041): over 5000ms not request from VCodec but callback hooked, slow BM Cc fetch thread
07-13 09:22:34.347 E/illsroom.mobile( 8388): DynamicFPS DF open fail: No such file or directory
07-13 09:22:34.348 W/illsroom.mobile( 8388): remote service is not exist
07-13 09:22:34.350 E/surfaceflinger( 1133): == MALI DEBUG ===eglp_winsys_populate_image_templates ==12288
07-13 09:22:34.353 I/BufferQueueProducer( 1133): [com.skillsroom.mobile/com.skillsroom.mobile.MainActivity#78203](this:0xb40000785b451a30,id:-1,api:0,p:-1,c:1133) queueBuffer: fps=0.11 dur=8945.81 max=8945.81 min=8945.81
07-13 09:22:34.354 I/gralloc4( 1133): @set_metadata: update dataspace from GM (0x08010000 -> 0x00000000)
07-13 09:22:34.361 D/C2MtkBufferManager( 1041): over 5000ms not request from VCodec but callback hooked, slow BM Cc fetch thread
07-13 09:22:34.369 E/surfaceflinger( 1133): == MALI DEBUG ===eglp_winsys_populate_image_templates ==12288
07-13 09:22:34.371 I/gralloc4( 1133): @set_metadata: update dataspace from GM (0x08010000 -> 0x00000000)
07-13 09:22:34.382 D/C2MtkBufferManager( 1041): over 5000ms not request from VCodec but callback hooked, slow BM Cc fetch thread
07-13 09:22:34.402 D/C2MtkBufferManager( 1041): over 5000ms not request from VCodec but callback hooked, slow BM Cc fetch thread
07-13 09:22:34.423 D/C2MtkBufferManager( 1041): over 5000ms not request from VCodec but callback hooked, slow BM Cc fetch thread
07-13 09:22:34.443 D/C2MtkBufferManager( 1041): over 5000ms not request from VCodec but callback hooked, slow BM Cc fetch thread
07-13 09:22:34.449 W/Looper  ( 8388): PerfMonitor longMsg : seq=5 plan=09:22:26.993 late=1ms wall=7454ms h=com.facebook.react.bridge.queue.MessageQueueThreadHandler c=com.facebook.jni.NativeRunnable procState=-1
07-13 09:22:34.460 W/Settings( 2457): Setting airplane_mode_on has moved from android.provider.Settings.System to android.provider.Settings.Global, returning read-only value.
07-13 09:22:34.464 D/C2MtkBufferManager( 1041): over 5000ms not request from VCodec but callback hooked, slow BM Cc fetch thread
07-13 09:22:34.474 E/surfaceflinger( 1133): == MALI DEBUG ===eglp_winsys_populate_image_templates ==12288
07-13 09:22:34.485 D/C2MtkBufferManager( 1041): over 5000ms not request from VCodec but callback hooked, slow BM Cc fetch thread
07-13 09:22:34.488 I/gralloc4( 1133): @set_metadata: update dataspace from GM (0x08010000 -> 0x00000000)
07-13 09:22:34.505 D/C2MtkBufferManager( 1041): over 5000ms not request from VCodec but callback hooked, slow BM Cc fetch thread
07-13 09:22:34.526 D/C2MtkBufferManager( 1041): over 5000ms not request from VCodec but callback hooked, slow BM Cc fetch thread
07-13 09:22:34.547 D/C2MtkBufferManager( 1041): over 5000ms not request from VCodec but callback hooked, slow BM Cc fetch thread
07-13 09:22:34.567 D/C2MtkBufferManager( 1041): over 5000ms not request from VCodec but callback hooked, slow BM Cc fetch thread
07-13 09:22:34.588 D/C2MtkBufferManager( 1041): over 5000ms not request from VCodec but callback hooked, slow BM Cc fetch thread
07-13 09:22:34.609 D/C2MtkBufferManager( 1041): over 5000ms not request from VCodec but callback hooked, slow BM Cc fetch thread
07-13 09:22:34.629 D/C2MtkBufferManager( 1041): over 5000ms not request from VCodec but callback hooked, slow BM Cc fetch thread
07-13 09:22:34.650 D/C2MtkBufferManager( 1041): over 5000ms not request from VCodec but callback hooked, slow BM Cc fetch thread
07-13 09:22:34.670 D/C2MtkBufferManager( 1041): over 5000ms not request from VCodec but callback hooked, slow BM Cc fetch thread
07-13 09:22:34.691 D/C2MtkBufferManager( 1041): over 5000ms not request from VCodec but callback hooked, slow BM Cc fetch thread
07-13 09:22:34.712 D/C2MtkBufferManager( 1041): over 5000ms not request from VCodec but callback hooked, slow BM Cc fetch thread
07-13 09:22:34.732 D/C2MtkBufferManager( 1041): over 5000ms not request from VCodec but callback hooked, slow BM Cc fetch thread
07-13 09:22:34.753 D/C2MtkBufferManager( 1041): over 5000ms not request from VCodec but callback hooked, slow BM Cc fetch thread
07-13 09:22:34.771 W/unknown:ReactNative( 8388): StatusBarModule: Ignored status bar change, current activity is edge-to-edge.
07-13 09:22:34.772 W/unknown:ReactNative( 8388): StatusBarModule: Ignored status bar change, current activity is edge-to-edge.
07-13 09:22:34.773 D/C2MtkBufferManager( 1041): over 5000ms not request from VCodec but callback hooked, slow BM Cc fetch thread
07-13 09:22:34.793 D/ActivityManager( 1813): getProcessesInErrorState callingUid=10288, CallingPid=19459
07-13 09:22:34.794 D/C2MtkBufferManager( 1041): over 5000ms not request from VCodec but callback hooked, slow BM Cc fetch thread
07-13 09:22:34.813 W/ReactNativeJS( 8388): '`setBackgroundColorAsync` is not supported with edge-to-edge enabled.', { [Stack] name: 'Stack' }
07-13 09:22:34.815 D/C2MtkBufferManager( 1041): over 5000ms not request from VCodec but callback hooked, slow BM Cc fetch thread
07-13 09:22:34.826 D/ActivityManager( 1813): getProcessesInErrorState callingUid=10279, CallingPid=443
07-13 09:22:34.826 W/[RNScreens]( 8388): backTitleFontFamily prop is not available on Android
07-13 09:22:34.826 W/[RNScreens]( 8388): disableBackButtonMenu prop is not available on Android
07-13 09:22:34.827 W/[RNScreens]( 8388): backTitleVisible prop is not available on Android
07-13 09:22:34.827 W/[RNScreens]( 8388): topInsetEnabled prop is not available on Android
07-13 09:22:34.827 W/[RNScreens]( 8388): largeTitleHideShadow prop is not available on Android
07-13 09:22:34.828 W/[RNScreens]( 8388): largeTitleFontWeight prop is not available on Android
07-13 09:22:34.828 W/[RNScreens]( 8388): userInterfaceStyle prop is not available on Android
07-13 09:22:34.828 W/[RNScreens]( 8388): largeTitleFontFamily prop is not available on Android
07-13 09:22:34.835 D/C2MtkBufferManager( 1041): over 5000ms not request from VCodec but callback hooked, slow BM Cc fetch thread
07-13 09:22:34.853 I/ReactNative( 8388): [GESTURE HANDLER] Initialize gesture handler for root view com.facebook.react.runtime.ReactSurfaceView{2d50b32 V.E...... .......D 0,0-720,1600 #1}
07-13 09:22:34.856 D/C2MtkBufferManager( 1041): over 5000ms not request from VCodec but callback hooked, slow BM Cc fetch thread
07-13 09:22:34.876 D/C2MtkBufferManager( 1041): over 5000ms not request from VCodec but callback hooked, slow BM Cc fetch thread
07-13 09:22:34.897 D/C2MtkBufferManager( 1041): over 5000ms not request from VCodec but callback hooked, slow BM Cc fetch thread
07-13 09:22:34.907 D/BoundBrokerSvc( 8414): onUnbind: Intent { act=com.google.android.gms.measurement.START pkg=com.google.android.gms }
07-13 09:22:34.918 D/C2MtkBufferManager( 1041): over 5000ms not request from VCodec but callback hooked, slow BM Cc fetch thread
07-13 09:22:34.938 D/C2MtkBufferManager( 1041): over 5000ms not request from VCodec but callback hooked, slow BM Cc fetch thread
07-13 09:22:34.944 E/surfaceflinger( 1133): == MALI DEBUG ===eglp_winsys_populate_image_templates ==12288
07-13 09:22:34.953 D/TouchInteractionService( 2470): onSystemUiFlagsChanged, mSystemUiStateFlags=10000000
07-13 09:22:34.954 I/gralloc4( 1133): @set_metadata: update dataspace from GM (0x08010000 -> 0x00000000)
07-13 09:22:34.959 D/C2MtkBufferManager( 1041): over 5000ms not request from VCodec but callback hooked, slow BM Cc fetch thread
07-13 09:22:34.963 I/gralloc4( 2459): @set_metadata: update dataspace from GM (0x00000000 -> 0x08010000)
07-13 09:22:34.977 I/gralloc4( 8388): @set_metadata: update dataspace from GM (0x00000000 -> 0x08010000)
07-13 09:22:34.979 D/C2MtkBufferManager( 1041): over 5000ms not request from VCodec but callback hooked, slow BM Cc fetch thread
07-13 09:22:34.983 I/gralloc4( 2459): @set_metadata: update dataspace from GM (0x00000000 -> 0x08010000)
07-13 09:22:34.996 I/gralloc4( 8388): @set_metadata: update dataspace from GM (0x00000000 -> 0x08010000)
07-13 09:22:35.000 D/C2MtkBufferManager( 1041): over 5000ms not request from VCodec but callback hooked, slow BM Cc fetch thread
07-13 09:22:35.001 I/gralloc4( 2459): @set_metadata: update dataspace from GM (0x00000000 -> 0x08010000)
07-13 09:22:35.012 I/gralloc4( 8388): @set_metadata: update dataspace from GM (0x00000000 -> 0x08010000)
07-13 09:22:35.016 I/gralloc4( 2459): @set_metadata: update dataspace from GM (0x00000000 -> 0x08010000)
07-13 09:22:35.020 D/C2MtkBufferManager( 1041): over 5000ms not request from VCodec but callback hooked, slow BM Cc fetch thread
07-13 09:22:35.029 I/gralloc4( 8388): @set_metadata: update dataspace from GM (0x00000000 -> 0x08010000)
07-13 09:22:35.041 D/C2MtkBufferManager( 1041): over 5000ms not request from VCodec but callback hooked, slow BM Cc fetch thread
07-13 09:22:35.043 I/gralloc4( 2459): @set_metadata: update dataspace from GM (0x00000000 -> 0x08010000)
07-13 09:22:35.045 I/gralloc4( 8388): @set_metadata: update dataspace from GM (0x00000000 -> 0x08010000)
07-13 09:22:35.050 D/NetworkController.MobileSignalController(1)( 2459): notifyListeners: mFeatureRelayData=false
07-13 09:22:35.060 I/gralloc4( 2459): @set_metadata: update dataspace from GM (0x00000000 -> 0x08010000)
07-13 09:22:35.060 I/libPerfCtl( 1059): xgfGetFPS pid:2459 fps:48
07-13 09:22:35.060 I/libPerfCtl( 1059): xgfGetFPS pid:8388 fps:49
07-13 09:22:35.060 I/libPowerHal( 1059): [updateFPS] pid(8388) : -1 => 60
07-13 09:22:35.061 I/libPowerHal( 1059): [perfNotifyAppState] pack:com.skillsroom.mobile, act:com.skillsroom.mobile.MainActivity, state:5, pid:8388, uid:10210, fps:60
07-13 09:22:35.061 D/C2MtkBufferManager( 1041): over 5000ms not request from VCodec but callback hooked, slow BM Cc fetch thread
07-13 09:22:35.066 D/nativeloader( 8388): Load /data/app/~~YLnmsdzZwEre--bK2d7z9w==/com.skillsroom.mobile-f9Bv9at9m-3mkcSkMrJiDw==/base.apk!/lib/arm64-v8a/libgesturehandler.so using class loader ns clns-4 (caller=/data/app/~~YLnmsdzZwEre--bK2d7z9w==/com.skillsroom.mobile-f9Bv9at9m-3mkcSkMrJiDw==/base.apk!classes20.dex): ok
07-13 09:22:35.066 I/UxUtility( 1059): notifyForegroundApp pack:com.skillsroom.mobile, uid:10210
07-13 09:22:35.066 D/jni_lib_merge( 8388): Entering merged library JNI_OnLoad.
07-13 09:22:35.066 I/TouchUtility( 1059): notifyAppState error = NULL
07-13 09:22:35.066 D/jni_lib_merge( 8388): Preparing 12 pre-merged libs (including stub)
07-13 09:22:35.066 D/jni_lib_merge( 8388): Preparing to register libfabricjni_so.  onload_func: 0x7cb71c0f38
07-13 09:22:35.066 D/jni_lib_merge( 8388): Preparing to register libreact_devsupportjni_so.  onload_func: 0x7cb73c981c
07-13 09:22:35.066 D/jni_lib_merge( 8388): Preparing to register libreact_featureflagsjni_so.  onload_func: 0x7cb73dbb7c
07-13 09:22:35.066 D/jni_lib_merge( 8388): Preparing to register libreact_newarchdefaults_so.  onload_func: 0x7cb7480f24
07-13 09:22:35.066 D/jni_lib_merge( 8388): Preparing to register libreactnativeblob_so.  onload_func: 0x7cb7693088
07-13 09:22:35.066 D/jni_lib_merge( 8388): Preparing to register libreactnativejni_so.  onload_func: 0x7cb76d5ffc
07-13 09:22:35.066 D/jni_lib_merge( 8388): Preparing to register libreactnativejni_common_so.  onload_func: 0x7cb76e69f0
07-13 09:22:35.066 D/jni_lib_merge( 8388): Preparing to register librninstance_so.  onload_func: 0x7cb772562c
07-13 09:22:35.066 D/jni_lib_merge( 8388): Preparing to register libturbomodulejsijni_so.  onload_func: 0x7cb7882734
07-13 09:22:35.066 D/jni_lib_merge( 8388): Preparing to register libuimanagerjni_so.  onload_func: 0x7cb789b6e8
07-13 09:22:35.067 D/jni_lib_merge( 8388): Preparing to register libyoga_so.  onload_func: 0x7cb78ab16c
07-13 09:22:35.067 D/jni_lib_merge( 8388): About to register 11 actual methods.
07-13 09:22:35.077 I/gralloc4( 8388): @set_metadata: update dataspace from GM (0x00000000 -> 0x08010000)
07-13 09:22:35.081 I/gralloc4( 8388): @set_metadata: update dataspace from GM (0x00000000 -> 0x08010000)
07-13 09:22:35.081 D/C2MtkBufferManager( 1041): over 5000ms not request from VCodec but callback hooked, slow BM Cc fetch thread
07-13 09:22:35.089 I/gralloc4( 2459): @set_metadata: update dataspace from GM (0x00000000 -> 0x08010000)
07-13 09:22:35.089 I/hwcomposer( 1039): [HWCDisplay] [Display_0 (type:1)] fps:11.826260,dur:1014.69,max:465.45,min:15.11  
07-13 09:22:35.095 I/MiuiNetworkPolicy( 1813): updateUidState uid = 10317, uidState = 19
07-13 09:22:35.100 I/gralloc4( 8388): @set_metadata: update dataspace from GM (0x00000000 -> 0x08010000)
07-13 09:22:35.102 D/C2MtkBufferManager( 1041): over 5000ms not request from VCodec but callback hooked, slow BM Cc fetch thread
07-13 09:22:35.103 I/BufferQueueProducer( 1133): [StatusBar#98](this:0xb400007865c71a30,id:-1,api:0,p:-1,c:1133) queueBuffer: fps=6.78 dur=1031.80 max=898.67 min=16.26
07-13 09:22:35.108 I/MiuiNetworkPolicy( 1813): updateUidState uid = 10317, uidState = 11
07-13 09:22:35.113 I/gralloc4( 8388): @set_metadata: update dataspace from GM (0x00000000 -> 0x08010000)
07-13 09:22:35.113 I/gralloc4( 2459): @set_metadata: update dataspace from GM (0x00000000 -> 0x08010000)
07-13 09:22:35.126 D/C2MtkBufferManager( 1041): over 5000ms not request from VCodec but callback hooked, slow BM Cc fetch thread
07-13 09:22:35.127 I/gralloc4( 8388): @set_metadata: update dataspace from GM (0x00000000 -> 0x08010000)
07-13 09:22:35.143 I/gralloc4( 8388): @set_metadata: update dataspace from GM (0x00000000 -> 0x08010000)
07-13 09:22:35.146 D/C2MtkBufferManager( 1041): over 5000ms not request from VCodec but callback hooked, slow BM Cc fetch thread
07-13 09:22:35.159 I/gralloc4( 8388): @set_metadata: update dataspace from GM (0x00000000 -> 0x08010000)
07-13 09:22:35.167 D/C2MtkBufferManager( 1041): over 5000ms not request from VCodec but callback hooked, slow BM Cc fetch thread
07-13 09:22:35.168 I/Tethering( 2392): [BpfCoordinator] onAlertReached
07-13 09:22:35.187 D/C2MtkBufferManager( 1041): over 5000ms not request from VCodec but callback hooked, slow BM Cc fetch thread
07-13 09:22:35.189 I/gralloc4( 8388): @set_metadata: update dataspace from GM (0x00000000 -> 0x08010000)
07-13 09:22:35.197 I/gralloc4( 8388): @set_metadata: update dataspace from GM (0x00000000 -> 0x08010000)
07-13 09:22:35.208 D/C2MtkBufferManager( 1041): over 5000ms not request from VCodec but callback hooked, slow BM Cc fetch thread
07-13 09:22:35.210 I/gralloc4( 8388): @set_metadata: update dataspace from GM (0x00000000 -> 0x08010000)
07-13 09:22:35.215 D/nativeloader( 8388): Load /data/app/~~YLnmsdzZwEre--bK2d7z9w==/com.skillsroom.mobile-f9Bv9at9m-3mkcSkMrJiDw==/base.apk!/lib/arm64-v8a/libimagepipeline.so using class loader ns clns-4 (caller=/data/app/~~YLnmsdzZwEre--bK2d7z9w==/com.skillsroom.mobile-f9Bv9at9m-3mkcSkMrJiDw==/base.apk!classes20.dex): ok
07-13 09:22:35.223 I/beanpodkeymaster(  546): Enter BeanpodKeymaster BeginOperation
07-13 09:22:35.225 I/beanpodkeymaster(  546): cmd:4 Received 24 byte response
07-13 09:22:35.225 I/beanpodkeymaster(  546): Exit BeanpodKeymaster BeginOperation
07-13 09:22:35.228 I/gralloc4( 8388): @set_metadata: update dataspace from GM (0x00000000 -> 0x08010000)
07-13 09:22:35.229 D/C2MtkBufferManager( 1041): over 5000ms not request from VCodec but callback hooked, slow BM Cc fetch thread
07-13 09:22:35.234 I/illsroom.mobile( 8388): NativeAlloc concurrent copying GC freed 4352KB AllocSpace bytes, 5(196KB) LOS objects, 49% free, 11MB/22MB, paused 406us,69us total 234.118ms
07-13 09:22:35.235 I/AS.AudioService( 1813): getMode, get current owner's mode
07-13 09:22:35.235 I/AS.AudioService( 1813): getMode, currentModeHandler is null
07-13 09:22:35.238 I/beanpodkeymaster(  546): Enter BeanpodKeymaster UpdateOperation
07-13 09:22:35.238 I/beanpodkeymaster(  546): cmd:8 Received 393 byte response
07-13 09:22:35.239 I/beanpodkeymaster(  546): Exit BeanpodKeymaster UpdateOperation
07-13 09:22:35.242 I/beanpodkeymaster(  546): Enter BeanpodKeymaster FinishOperation
07-13 09:22:35.242 I/beanpodkeymaster(  546): cmd:c Received 20 byte response
07-13 09:22:35.242 I/beanpodkeymaster(  546): Exit BeanpodKeymaster FinishOperation
07-13 09:22:35.246 I/gralloc4( 8388): @set_metadata: update dataspace from GM (0x00000000 -> 0x08010000)
07-13 09:22:35.249 D/C2MtkBufferManager( 1041): over 5000ms not request from VCodec but callback hooked, slow BM Cc fetch thread
07-13 09:22:35.254 I/beanpodkeymaster(  546): Enter BeanpodKeymaster BeginOperation
07-13 09:22:35.255 I/beanpodkeymaster(  546): cmd:4 Received 24 byte response
07-13 09:22:35.255 I/beanpodkeymaster(  546): Exit BeanpodKeymaster BeginOperation
07-13 09:22:35.257 I/beanpodkeymaster(  546): Enter BeanpodKeymaster UpdateOperation
07-13 09:22:35.257 I/beanpodkeymaster(  546): cmd:8 Received 88 byte response
07-13 09:22:35.257 I/beanpodkeymaster(  546): Exit BeanpodKeymaster UpdateOperation
07-13 09:22:35.259 I/beanpodkeymaster(  546): Enter BeanpodKeymaster FinishOperation
07-13 09:22:35.259 I/beanpodkeymaster(  546): cmd:c Received 20 byte response
07-13 09:22:35.259 I/beanpodkeymaster(  546): Exit BeanpodKeymaster FinishOperation
07-13 09:22:35.261 I/gralloc4( 8388): @set_metadata: update dataspace from GM (0x00000000 -> 0x08010000)
07-13 09:22:35.270 D/C2MtkBufferManager( 1041): over 5000ms not request from VCodec but callback hooked, slow BM Cc fetch thread
07-13 09:22:35.280 I/beanpodkeymaster(  546): Enter BeanpodKeymaster BeginOperation
07-13 09:22:35.280 I/beanpodkeymaster(  546): cmd:4 Received 24 byte response
07-13 09:22:35.280 I/beanpodkeymaster(  546): Exit BeanpodKeymaster BeginOperation
07-13 09:22:35.282 I/beanpodkeymaster(  546): Enter BeanpodKeymaster UpdateOperation
07-13 09:22:35.283 I/beanpodkeymaster(  546): cmd:8 Received 393 byte response
07-13 09:22:35.283 I/beanpodkeymaster(  546): Exit BeanpodKeymaster UpdateOperation
07-13 09:22:35.284 I/beanpodkeymaster(  546): Enter BeanpodKeymaster FinishOperation
07-13 09:22:35.284 I/gralloc4( 8388): @set_metadata: update dataspace from GM (0x00000000 -> 0x08010000)
07-13 09:22:35.284 I/beanpodkeymaster(  546): cmd:c Received 20 byte response
07-13 09:22:35.284 I/beanpodkeymaster(  546): Exit BeanpodKeymaster FinishOperation
07-13 09:22:35.290 D/C2MtkBufferManager( 1041): over 5000ms not request from VCodec but callback hooked, slow BM Cc fetch thread
07-13 09:22:35.295 D/ActivityManager( 1813): getProcessesInErrorState callingUid=10288, CallingPid=19459
07-13 09:22:35.298 I/beanpodkeymaster(  546): Enter BeanpodKeymaster BeginOperation
07-13 09:22:35.299 I/gralloc4( 8388): @set_metadata: update dataspace from GM (0x00000000 -> 0x08010000)
07-13 09:22:35.299 I/beanpodkeymaster(  546): cmd:4 Received 24 byte response
07-13 09:22:35.299 I/beanpodkeymaster(  546): Exit BeanpodKeymaster BeginOperation
07-13 09:22:35.301 I/beanpodkeymaster(  546): Enter BeanpodKeymaster UpdateOperation
07-13 09:22:35.301 I/beanpodkeymaster(  546): cmd:8 Received 88 byte response
07-13 09:22:35.301 I/beanpodkeymaster(  546): Exit BeanpodKeymaster UpdateOperation
07-13 09:22:35.303 I/beanpodkeymaster(  546): Enter BeanpodKeymaster FinishOperation
07-13 09:22:35.303 I/beanpodkeymaster(  546): cmd:c Received 20 byte response
07-13 09:22:35.303 I/beanpodkeymaster(  546): Exit BeanpodKeymaster FinishOperation
07-13 09:22:35.311 D/C2MtkBufferManager( 1041): over 5000ms not request from VCodec but callback hooked, slow BM Cc fetch thread
07-13 09:22:35.311 I/gralloc4( 8388): @set_metadata: update dataspace from GM (0x00000000 -> 0x08010000)
07-13 09:22:35.327 I/gralloc4( 8388): @set_metadata: update dataspace from GM (0x00000000 -> 0x08010000)
07-13 09:22:35.328 D/ActivityManager( 1813): getProcessesInErrorState callingUid=10279, CallingPid=443
07-13 09:22:35.331 D/C2MtkBufferManager( 1041): over 5000ms not request from VCodec but callback hooked, slow BM Cc fetch thread
07-13 09:22:35.345 I/gralloc4( 8388): @set_metadata: update dataspace from GM (0x00000000 -> 0x08010000)
07-13 09:22:35.352 D/C2MtkBufferManager( 1041): over 5000ms not request from VCodec but callback hooked, slow BM Cc fetch thread
07-13 09:22:35.360 I/gralloc4( 8388): @set_metadata: update dataspace from GM (0x00000000 -> 0x08010000)
07-13 09:22:35.370 I/BufferQueueProducer( 1133): [com.skillsroom.mobile/com.skillsroom.mobile.MainActivity#78203](this:0xb40000785b451a30,id:-1,api:0,p:-1,c:1133) queueBuffer: fps=25.58 dur=1016.43 max=465.77 min=16.26
07-13 09:22:35.372 D/C2MtkBufferManager( 1041): over 5000ms not request from VCodec but callback hooked, slow BM Cc fetch thread
07-13 09:22:35.376 I/gralloc4( 8388): @set_metadata: update dataspace from GM (0x00000000 -> 0x08010000)
07-13 09:22:35.393 D/C2MtkBufferManager( 1041): over 5000ms not request from VCodec but callback hooked, slow BM Cc fetch thread
07-13 09:22:35.393 W/C2BqBuffer( 1041): last successful dequeue was 92206657472 us ago, 0 consecutive failures
07-13 09:22:35.396 I/gralloc4( 8388): @set_metadata: update dataspace from GM (0x00000000 -> 0x08010000)
07-13 09:22:35.410 I/gralloc4( 8388): @set_metadata: update dataspace from GM (0x00000000 -> 0x08010000)
07-13 09:22:35.413 D/C2MtkBufferManager( 1041): over 5000ms not request from VCodec but callback hooked, slow BM Cc fetch thread
07-13 09:22:35.429 I/gralloc4( 8388): @set_metadata: update dataspace from GM (0x00000000 -> 0x08010000)
07-13 09:22:35.434 D/C2MtkBufferManager( 1041): over 5000ms not request from VCodec but callback hooked, slow BM Cc fetch thread
07-13 09:22:35.445 I/gralloc4( 8388): @set_metadata: update dataspace from GM (0x00000000 -> 0x08010000)
07-13 09:22:35.454 D/C2MtkBufferManager( 1041): over 5000ms not request from VCodec but callback hooked, slow BM Cc fetch thread
07-13 09:22:35.461 I/gralloc4( 8388): @set_metadata: update dataspace from GM (0x00000000 -> 0x08010000)
07-13 09:22:35.474 D/C2MtkBufferManager( 1041): over 5000ms not request from VCodec but callback hooked, slow BM Cc fetch thread
07-13 09:22:35.477 I/gralloc4( 8388): @set_metadata: update dataspace from GM (0x00000000 -> 0x08010000)
07-13 09:22:35.493 I/gralloc4( 8388): @set_metadata: update dataspace from GM (0x00000000 -> 0x08010000)
07-13 09:22:35.495 D/C2MtkBufferManager( 1041): over 5000ms not request from VCodec but callback hooked, slow BM Cc fetch thread
07-13 09:22:35.513 I/gralloc4( 8388): @set_metadata: update dataspace from GM (0x00000000 -> 0x08010000)
07-13 09:22:35.516 D/C2MtkBufferManager( 1041): over 5000ms not request from VCodec but callback hooked, slow BM Cc fetch thread
07-13 09:22:35.527 I/gralloc4( 8388): @set_metadata: update dataspace from GM (0x00000000 -> 0x08010000)
07-13 09:22:35.537 D/C2MtkBufferManager( 1041): over 5000ms not request from VCodec but callback hooked, slow BM Cc fetch thread
07-13 09:22:35.542 I/SmartPower: com.facebook.appmanager/10131(7900)( 1813): background->idle(3001ms) R(service unbind com.facebook.appmanager/com.facebook.oxygen.appmanager.update.core.UpdateService) adj=905.
07-13 09:22:35.545 I/gralloc4( 8388): @set_metadata: update dataspace from GM (0x00000000 -> 0x08010000)
07-13 09:22:35.558 D/C2MtkBufferManager( 1041): over 5000ms not request from VCodec but callback hooked, slow BM Cc fetch thread
07-13 09:22:35.561 I/gralloc4( 8388): @set_metadata: update dataspace from GM (0x00000000 -> 0x08010000)
07-13 09:22:35.578 D/C2MtkBufferManager( 1041): over 5000ms not request from VCodec but callback hooked, slow BM Cc fetch thread
07-13 09:22:35.578 I/gralloc4( 8388): @set_metadata: update dataspace from GM (0x00000000 -> 0x08010000)
07-13 09:22:35.595 I/gralloc4( 8388): @set_metadata: update dataspace from GM (0x00000000 -> 0x08010000)
07-13 09:22:35.599 D/C2MtkBufferManager( 1041): over 5000ms not request from VCodec but callback hooked, slow BM Cc fetch thread
07-13 09:22:35.612 I/gralloc4( 8388): @set_metadata: update dataspace from GM (0x00000000 -> 0x08010000)
07-13 09:22:35.607 W/railway.app/...( 8388): type=1400 audit(0.0:608456): avc:  denied  { search } for  name="/" dev="mmcblk0p11" ino=2 scontext=u:r:untrusted_app:s0:c210,c256,c512,c768 tcontext=u:object_r:metadata_file:s0 tclass=dir permissive=0 app=com.google.android.googlequicksearchbox
07-13 09:22:35.612 E/FeatureFlagsImplExport( 8388): android.os.flagging.AconfigStorageReadException: ERROR_PACKAGE_NOT_FOUND: package com.android.libcore cannot be found on the device
07-13 09:22:35.619 D/C2MtkBufferManager( 1041): over 5000ms not request from VCodec but callback hooked, slow BM Cc fetch thread
07-13 09:22:35.628 I/gralloc4( 8388): @set_metadata: update dataspace from GM (0x00000000 -> 0x08010000)
07-13 09:22:35.640 D/C2MtkBufferManager( 1041): over 5000ms not request from VCodec but callback hooked, slow BM Cc fetch thread
07-13 09:22:35.645 I/gralloc4( 8388): @set_metadata: update dataspace from GM (0x00000000 -> 0x08010000)
07-13 09:22:35.661 I/gralloc4( 8388): @set_metadata: update dataspace from GM (0x00000000 -> 0x08010000)
07-13 09:22:35.661 D/C2MtkBufferManager( 1041): over 5000ms not request from VCodec but callback hooked, slow BM Cc fetch thread
07-13 09:22:35.677 I/gralloc4( 8388): @set_metadata: update dataspace from GM (0x00000000 -> 0x08010000)
07-13 09:22:35.681 D/C2MtkBufferManager( 1041): over 5000ms not request from VCodec but callback hooked, slow BM Cc fetch thread
07-13 09:22:35.695 I/gralloc4( 8388): @set_metadata: update dataspace from GM (0x00000000 -> 0x08010000)
07-13 09:22:35.702 D/C2MtkBufferManager( 1041): over 5000ms not request from VCodec but callback hooked, slow BM Cc fetch thread
07-13 09:22:35.711 I/gralloc4( 8388): @set_metadata: update dataspace from GM (0x00000000 -> 0x08010000)
07-13 09:22:35.723 D/C2MtkBufferManager( 1041): over 5000ms not request from VCodec but callback hooked, slow BM Cc fetch thread
07-13 09:22:35.728 I/gralloc4( 8388): @set_metadata: update dataspace from GM (0x00000000 -> 0x08010000)
07-13 09:22:35.744 D/C2MtkBufferManager( 1041): over 5000ms not request from VCodec but callback hooked, slow BM Cc fetch thread
07-13 09:22:35.744 I/gralloc4( 8388): @set_metadata: update dataspace from GM (0x00000000 -> 0x08010000)
07-13 09:22:35.761 I/gralloc4( 8388): @set_metadata: update dataspace from GM (0x00000000 -> 0x08010000)
07-13 09:22:35.764 D/C2MtkBufferManager( 1041): over 5000ms not request from VCodec but callback hooked, slow BM Cc fetch thread
07-13 09:22:35.777 I/gralloc4( 8388): @set_metadata: update dataspace from GM (0x00000000 -> 0x08010000)
07-13 09:22:35.785 D/C2MtkBufferManager( 1041): over 5000ms not request from VCodec but callback hooked, slow BM Cc fetch thread
07-13 09:22:35.794 I/gralloc4( 8388): @set_metadata: update dataspace from GM (0x00000000 -> 0x08010000)
07-13 09:22:35.796 D/ActivityManager( 1813): getProcessesInErrorState callingUid=10288, CallingPid=19459
07-13 09:22:35.805 D/C2MtkBufferManager( 1041): over 5000ms not request from VCodec but callback hooked, slow BM Cc fetch thread
07-13 09:22:35.811 I/gralloc4( 8388): @set_metadata: update dataspace from GM (0x00000000 -> 0x08010000)
07-13 09:22:35.826 D/C2MtkBufferManager( 1041): over 5000ms not request from VCodec but callback hooked, slow BM Cc fetch thread
07-13 09:22:35.827 I/gralloc4( 8388): @set_metadata: update dataspace from GM (0x00000000 -> 0x08010000)
07-13 09:22:35.830 D/ActivityManager( 1813): getProcessesInErrorState callingUid=10279, CallingPid=443
07-13 09:22:35.844 I/gralloc4( 8388): @set_metadata: update dataspace from GM (0x00000000 -> 0x08010000)
07-13 09:22:35.846 D/C2MtkBufferManager( 1041): over 5000ms not request from VCodec but callback hooked, slow BM Cc fetch thread
07-13 09:22:35.860 I/gralloc4( 8388): @set_metadata: update dataspace from GM (0x00000000 -> 0x08010000)
07-13 09:22:35.867 D/C2MtkBufferManager( 1041): over 5000ms not request from VCodec but callback hooked, slow BM Cc fetch thread
07-13 09:22:35.876 I/gralloc4( 8388): @set_metadata: update dataspace from GM (0x00000000 -> 0x08010000)
07-13 09:22:35.887 D/C2MtkBufferManager( 1041): over 5000ms not request from VCodec but callback hooked, slow BM Cc fetch thread
07-13 09:22:35.894 I/gralloc4( 8388): @set_metadata: update dataspace from GM (0x00000000 -> 0x08010000)
07-13 09:22:35.908 D/C2MtkBufferManager( 1041): over 5000ms not request from VCodec but callback hooked, slow BM Cc fetch thread
07-13 09:22:35.911 I/gralloc4( 8388): @set_metadata: update dataspace from GM (0x00000000 -> 0x08010000)
07-13 09:22:35.927 I/gralloc4( 8388): @set_metadata: update dataspace from GM (0x00000000 -> 0x08010000)
07-13 09:22:35.928 D/C2MtkBufferManager( 1041): over 5000ms not request from VCodec but callback hooked, slow BM Cc fetch thread
07-13 09:22:35.944 I/gralloc4( 8388): @set_metadata: update dataspace from GM (0x00000000 -> 0x08010000)
07-13 09:22:35.949 D/C2MtkBufferManager( 1041): over 5000ms not request from VCodec but callback hooked, slow BM Cc fetch thread
07-13 09:22:35.961 I/gralloc4( 8388): @set_metadata: update dataspace from GM (0x00000000 -> 0x08010000)
07-13 09:22:35.969 D/C2MtkBufferManager( 1041): over 5000ms not request from VCodec but callback hooked, slow BM Cc fetch thread
07-13 09:22:35.978 I/gralloc4( 8388): @set_metadata: update dataspace from GM (0x00000000 -> 0x08010000)
07-13 09:22:35.990 D/C2MtkBufferManager( 1041): over 5000ms not request from VCodec but callback hooked, slow BM Cc fetch thread
07-13 09:22:35.994 I/gralloc4( 8388): @set_metadata: update dataspace from GM (0x00000000 -> 0x08010000)
07-13 09:22:36.010 D/C2MtkBufferManager( 1041): over 5000ms not request from VCodec but callback hooked, slow BM Cc fetch thread
07-13 09:22:36.011 I/gralloc4( 8388): @set_metadata: update dataspace from GM (0x00000000 -> 0x08010000)
07-13 09:22:36.016 D/connsyslogger( 1516): SD_LOG_ROOT is /data/debuglogger/connsyslog/fw.
07-13 09:22:36.016 D/connsyslogger( 1516): systemReady:1
07-13 09:22:36.028 I/gralloc4( 8388): @set_metadata: update dataspace from GM (0x00000000 -> 0x08010000)
07-13 09:22:36.031 D/C2MtkBufferManager( 1041): over 5000ms not request from VCodec but callback hooked, slow BM Cc fetch thread
07-13 09:22:36.044 I/gralloc4( 8388): @set_metadata: update dataspace from GM (0x00000000 -> 0x08010000)
07-13 09:22:36.052 D/C2MtkBufferManager( 1041): over 5000ms not request from VCodec but callback hooked, slow BM Cc fetch thread
07-13 09:22:36.059 I/libPerfCtl( 1059): xgfGetFPS pid:2459 fps:-1
07-13 09:22:36.059 I/libPerfCtl( 1059): xgfGetFPS pid:8388 fps:60
