--------- beginning of main
07-13 09:22:21.876 D/C2MtkBufferManager( 1041): over 5000ms not request from VCodec but callback hooked, slow BM Cc fetch thread
07-13 09:22:21.896 D/C2MtkBufferManager( 1041): over 5000ms not request from VCodec but callback hooked, slow BM Cc fetch thread
07-13 09:22:21.915 I/adbd    (21521): adbd service requested 'shell,v2,raw:am force-stop com.skillsroom.mobile'
07-13 09:22:21.917 D/C2MtkBufferManager( 1041): over 5000ms not request from VCodec but callback hooked, slow BM Cc fetch thread
07-13 09:22:21.937 D/C2MtkBufferManager( 1041): over 5000ms not request from VCodec but callback hooked, slow BM Cc fetch thread
07-13 09:22:21.958 D/C2MtkBufferManager( 1041): over 5000ms not request from VCodec but callback hooked, slow BM Cc fetch thread
--------- beginning of system
07-13 09:22:21.971 I/ActivityManager( 1813): Force stopping com.skillsroom.mobile appid=10210 user=0: from process:8358
07-13 09:22:21.978 D/C2MtkBufferManager( 1041): over 5000ms not request from VCodec but callback hooked, slow BM Cc fetch thread
07-13 09:22:21.998 D/C2MtkBufferManager( 1041): over 5000ms not request from VCodec but callback hooked, slow BM Cc fetch thread
07-13 09:22:21.999 D/CompatibilityChangeReporter( 1813): Compat change id reported: 197654537; UID 1000; state: ENABLED
07-13 09:22:22.003 E/ProcessManager( 1813): error write exception log
07-13 09:22:22.009 E/ActivityManager( 1813): Unable to freeze binder for 4669: java.lang.RuntimeException: Unable to freeze/unfreeze binder
07-13 09:22:22.009 W/libprocessgroup( 1813): Failed to apply Frozen process profile: Invalid argument
07-13 09:22:22.011 D/UidObserver( 7233): onUidGone entry uid = 10210
07-13 09:22:22.011 I/MiuiNetworkPolicy( 1813): removeUidState uid = 10210
07-13 09:22:22.012 D/connsyslogger( 1516): SD_LOG_ROOT is /data/debuglogger/connsyslog/fw.
07-13 09:22:22.012 D/connsyslogger( 1516): systemReady:1
07-13 09:22:22.016 D/TelephonyManager( 2457): requestModemActivityInfo: Sending result to app: ModemActivityInfo{ mTimestamp=692541667 mSleepTimeMs=291171634 mIdleTimeMs=82978032 mActivityStatsTechSpecificInfo=[{mRat=UNKNOWN,mFrequencyRange=UNKNOWN,mTxTimeMs[]=[99490, 858053, 16447796, 16829751, 35528878],mRxTimeMs=320121335}]}
07-13 09:22:22.019 D/C2MtkBufferManager( 1041): over 5000ms not request from VCodec but callback hooked, slow BM Cc fetch thread
07-13 09:22:22.021 I/ActivityManager( 1813): Killing 4669:com.skillsroom.mobile/u0a210 (adj 0): stop com.skillsroom.mobile due to from process:8358
07-13 09:22:22.022 I/Accelerometer( 1046): enable: handle:0, en:0
07-13 09:22:22.027 D/DisplayManagerService( 1813): Drop pending events for gone uid 10210
07-13 09:22:22.029 W/MiPicks-ProcessObserverV10(21977): onProcessDied:pid = 4669,died-uid=10210
07-13 09:22:22.029 I/IPCThreadState( 4459): oneway function results for code 3 on binder at 0xb400007cb4ffdc20 will be dropped but finished with status UNKNOWN_TRANSACTION
07-13 09:22:22.030 I/mtkpower_client( 1813): [Legacy][PowerHal_Wrap_notifyAppState] com.skillsroom.mobile/com.skillsroom.mobile pid=4669 state:3
07-13 09:22:22.030 I/libPowerHal( 1059): [perfNotifyAppState] pack:com.skillsroom.mobile, act:com.skillsroom.mobile, state:3, pid:4669, uid:10210, fps:-1
07-13 09:22:22.031 I/libPowerHal( 1059): [perfNotifyAppState] pack:com.skillsroom.mobile, pid:4669, STATE_DEAD
07-13 09:22:22.031 D/RilUtility( 1059): notify_rild_crash_pid_set certPid:-1, crash:4669, scn:0x0
07-13 09:22:22.034 W/ActivityTaskManager( 1813): Force removing ActivityRecord{a70746e u0 com.skillsroom.mobile/.MainActivity t5360 f}}: app died, no saved state
07-13 09:22:22.039 D/C2MtkBufferManager( 1041): over 5000ms not request from VCodec but callback hooked, slow BM Cc fetch thread
07-13 09:22:22.039 D/WindowManager( 1813): Requesting StartTransition: TransitionRecord{bb55ebc id=6383 type=CLOSE flags=0x0}
07-13 09:22:22.046 D/WindowManager( 1813): Collecting in transition 6383: Task{6f470f #5360 type=standard A=10210:com.skillsroom.mobile} init visibleRequested:true
07-13 09:22:22.056 I/libPerfCtl( 1059): xgfGetFPS pid:2459 fps:-1
07-13 09:22:22.060 D/C2MtkBufferManager( 1041): over 5000ms not request from VCodec but callback hooked, slow BM Cc fetch thread
07-13 09:22:22.062 D/WindowManager( 1813): Collecting in transition 6383: ActivityRecord{a70746e u0 com.skillsroom.mobile/.MainActivity t5360 f}} init visibleRequested:false
07-13 09:22:22.080 D/C2MtkBufferManager( 1041): over 5000ms not request from VCodec but callback hooked, slow BM Cc fetch thread
07-13 09:22:22.098 W/WindowManager( 1813): Changing focus from Window{4230ba3 u0 com.skillsroom.mobile/com.skillsroom.mobile.MainActivity} to null displayId=0 Callers=com.android.server.wm.RootWindowContainer.updateFocusedWindowLocked:541 com.android.server.wm.WindowManagerService.updateFocusedWindowLocked:6840 com.android.server.wm.ActivityRecord.onRemovedFromDisplay:5090 com.android.server.wm.DisplayContent.removeAppToken:1728 
07-13 09:22:22.101 D/C2MtkBufferManager( 1041): over 5000ms not request from VCodec but callback hooked, slow BM Cc fetch thread
07-13 09:22:22.102 D/WindowManager( 1813): wms.Input focus has changed to null display=0 updateInputWindows = true
07-13 09:22:22.102 I/MultiSenceManagerInternalStub( 1813): getInstance
07-13 09:22:22.106 D/PerfMTKStubImpl( 1813): perfLockAcquire
07-13 09:22:22.109 I/mtkpower_client( 1813): perf_lock_acq, hdl:246224, dur:400, num:10, pid:1813, tid:1925
07-13 09:22:22.110 W/ServiceManagerCppClient( 1813): Failed to get isDeclared for vendor.mediatek.hardware.mtkpower.IMtkPowerService/default: Status(-1, EX_SECURITY): 'SELinux denied.'
07-13 09:22:22.110 I/mtkpower_client( 1813): IMtkPowerService_isDeclared 0
07-13 09:22:22.120 I/mtkpower_client( 1813): ret_hdl:246227
07-13 09:22:22.121 I/PowerHalWrapper( 1813): <amsBoostResume> last:null, next:com.miui.home 
07-13 09:22:22.121 I/libPowerHal( 1059): [perfLockAcq] idx:3 hdl:246227 hint:-1 pid:1813 duration:400 lock_user:system_server => ret_hdl:246227
07-13 09:22:22.121 I/libPowerHal( 1059): [setGPUFreq] system_server user set gpu freq min:0, max:-1
07-13 09:22:22.121 I/libPowerHal( 1059): system_server: set gpu opp level: 0
07-13 09:22:22.122 D/C2MtkBufferManager( 1041): over 5000ms not request from VCodec but callback hooked, slow BM Cc fetch thread
07-13 09:22:22.122 W/ServiceManagerCppClient( 1813): Failed to get isDeclared for vendor.mediatek.hardware.mtkpower.IMtkPowerService/default: Status(-1, EX_SECURITY): 'SELinux denied.'
07-13 09:22:22.122 I/mtkpower_client( 1813): IMtkPowerService_isDeclared 0
07-13 09:22:22.123 I/libPowerHal( 1059): system_server: set gpu opp level max: 0
07-13 09:22:22.123 W/ServiceManagerCppClient( 1813): Failed to get isDeclared for vendor.mediatek.hardware.mtkpower.IMtkPowerService/default: Status(-1, EX_SECURITY): 'SELinux denied.'
07-13 09:22:22.123 I/mtkpower_client( 1813): IMtkPowerService_isDeclared 0
07-13 09:22:22.124 I/libPowerHal( 1059): [setGPUFreq] Soft min/max = (0, 0); Hard min/max = (31, 0)
07-13 09:22:22.124 I/libPowerHal( 1059): [setGPUFreq] final min/max = (0, 0)
07-13 09:22:22.124 I/libPowerHal( 1059): system_server: set gpu opp level: 0
07-13 09:22:22.124 I/libPowerHal( 1059): system_server: set gpu opp level max: 0
07-13 09:22:22.125 I/libPowerHal( 1059): system_server: cpu_ctrl set cpu freq: 1800000 -1 2000000 -1
07-13 09:22:22.125 I/libPowerHal( 1059): [PE] system_server update cmd:1000000, param:0
07-13 09:22:22.126 I/libPowerHal( 1059): [PE] system_server update cmd:1000000 param:0
07-13 09:22:22.127 I/libPowerHal( 1059): [perfLockAcq] idx:5 hdl:246228 hint:22 pid:1059 duration:10000 lock_user:mtkpower@1.0-se => ret_hdl:246228
07-13 09:22:22.128 D/WindowManager( 1813): Collecting in transition 6383: ActivityRecord{8061640 u0 com.miui.home/.launcher.Launcher t2} init visibleRequested:false
07-13 09:22:22.128 I/libPowerHal( 1059): [PE] MTKPOWER_HINT_PACK_SWITCH update cmd:1408300, param:100
07-13 09:22:22.128 I/libPowerHal( 1059): [perfLockRel] hdl:246226, idx:-1
07-13 09:22:22.130 D/ActivityManager( 1813): mediaResourceManagerBinder get success
07-13 09:22:22.138 D/ResourceManagerService( 1289): update package name: com.miui.home
07-13 09:22:22.139 I/SmartPower: com.miui.home/10166(2470)( 1813): idle->invisible(103349ms) R(become foreground) adj=100.
07-13 09:22:22.142 D/C2MtkBufferManager( 1041): over 5000ms not request from VCodec but callback hooked, slow BM Cc fetch thread
07-13 09:22:22.150 D/ResourceManagerService( 1289): packageName: com.miui.home, uid : 10166, hashCode : 205371070
07-13 09:22:22.150 D/ResourceManagerService( 1289): ResourceManagerService::setCodecsVppMode
07-13 09:22:22.151 D/WindowManager( 1813): Collecting in transition 6383: ActivityRecord{8061640 u0 com.miui.home/.launcher.Launcher t2} init visibleRequested:true
07-13 09:22:22.151 D/ResourceManagerService( 1289): all codecs setVppMode return fail
07-13 09:22:22.163 D/C2MtkBufferManager( 1041): over 5000ms not request from VCodec but callback hooked, slow BM Cc fetch thread
07-13 09:22:22.163 D/WindowManager( 1813): Set transition=TransitionRecord{bb55ebc id=6383 type=CLOSE flags=0x0}, ready=true, SyncId=6383 
07-13 09:22:22.167 D/AppObserver( 2470): ForegroundInfo{mForegroundPackageName='com.miui.home', mForegroundUid=10166, mForegroundPid=2470, mLastForegroundPackageName='com.skillsroom.mobile', mLastForegroundUid=10210, mLastForegroundPid=4669, mMultiWindowForegroundPackageName='null', mMultiWindowForegroundUid=-1, mFlags=0}
07-13 09:22:22.172 I/BpBinder( 1133): onLastStrongRef automatically unlinking death recipients: 
07-13 09:22:22.174 D/PerfEngineController( 7233): ForegroundInfo{mForegroundPackageName='com.miui.home', mForegroundUid=10166, mForegroundPid=2470, mLastForegroundPackageName='com.skillsroom.mobile', mLastForegroundUid=10210, mLastForegroundPid=4669, mMultiWindowForegroundPackageName='null', mMultiWindowForegroundUid=-1, mFlags=0}
07-13 09:22:22.175 D/Aurogon ( 1813):  uid = 10166 switch to FG
07-13 09:22:22.176 W/MiPicks-ProcessObserverV10(21977): onForegroundActivitiesChanged:pid = 2470,activity-uid=10166,foregroundActivities=true
07-13 09:22:22.176 D/PMonitor( 4459):  onForegroundActivitiesChanged:pid = 2470,activity-uid=10166,foregroundActivities=true
07-13 09:22:22.177 D/MiuiMultiWindowUtils( 1813): DeviceLevel.IS_MIUI_LITE_VERSION 2.0 not support miui multiWindowgale
07-13 09:22:22.178 D/Launcher.Lifecycle( 2470): onStart:UserHandle{0},63f4ca8,false
07-13 09:22:22.179 I/MiuiNetworkPolicy( 1813): updateUidState uid = 10213, uidState = 3
07-13 09:22:22.179 I/MiuiNetworkPolicy( 1813): updateUidState uid = 10175, uidState = 3
07-13 09:22:22.180 W/libprocessgroup( 1813): Failed to apply Unfrozen process profile: Success
07-13 09:22:22.179 D/MiuiFullScreenTaskRepository( 2459): removeFocusedTask displayId=0
07-13 09:22:22.183 D/MiuiFullScreenTaskRepository( 2459): addOrUpdateFullScreenTaskInfo taskId=5360, topActivity=null
07-13 09:22:22.184 D/C2MtkBufferManager( 1041): over 5000ms not request from VCodec but callback hooked, slow BM Cc fetch thread
07-13 09:22:22.185 D/t1      ( 5491): myUserId = 0	currentUserId0
07-13 09:22:22.187 D/LauncherAssistantCompatGoogle( 2470): onStart com.google.android.libraries.gsa.launcherclient.LauncherClient@80e5266
07-13 09:22:22.190 D/WindowManager( 1813): Set transition=TransitionRecord{bb55ebc id=6383 type=CLOSE flags=0x0}, ready=true, SyncId=6383 
07-13 09:22:22.192 I/AppsFilter( 1813): interaction: PackageSetting{84376c0 com.android.microdroid.empty_payload/10390} -> PackageSetting{2515cfa com.skillsroom.mobile/10210} BLOCKED
07-13 09:22:22.192 I/AppsFilter( 1813): interaction: PackageSetting{2774b3e com.fido.asm/10367} -> PackageSetting{2515cfa com.skillsroom.mobile/10210} BLOCKED
07-13 09:22:22.193 I/SettingsProvider( 1813): refresh rate settings changed, name:miui_refresh_rate,value:90,pkg:com.miui.powerkeeper
07-13 09:22:22.196 W/BpBinder( 8358): Slow Binder: BpBinder transact took 243 ms, interface=android.app.IActivityManager, code=1598246212 oneway=false
07-13 09:22:22.197 D/BoundBrokerSvc( 8414): onUnbind: Intent { act=com.google.android.gms.chromesync.service.zeroparty.START dat=chimera-action:/... cmp=com.google.android.gms/.chimera.GmsApiService }
07-13 09:22:22.202 I/MiuiNetworkPolicy( 1813): updateUidState uid = 10166, uidState = 2
07-13 09:22:22.204 D/C2MtkBufferManager( 1041): over 5000ms not request from VCodec but callback hooked, slow BM Cc fetch thread
07-13 09:22:22.206 I/MiuiNetworkPolicy( 1813): updateUidState uid = 10161, uidState = 3
07-13 09:22:22.209 I/DisplayModeDirectorImpl( 1813): onDesiredDisplayModeSpecsChanged:baseModeId=2 allowGroupSwitching=false primary=physical: (0.0 Infinity) render:  (0.0 90.0) appRequest=physical: (0.0 Infinity) render:  (0.0 90.0) noVotes=false
07-13 09:22:22.216 D/SurfaceFlinger( 1133): setDesiredDisplayModeSpecs: defaultMode：1 primaryRangesMin:0.000000 primaryRangesMax:90.000000appRequestRangesMin:0.000000 appRequestRangesMax:90.000000
07-13 09:22:22.220 D/SurfaceFlinger( 1133): [SF client] REMOVE (0xb40000786cc2f900) for (4669:com.skillsroom.mobile)
07-13 09:22:22.222 I/WindowManager( 1813): WIN DEATH: Window{4230ba3 u0 com.skillsroom.mobile/com.skillsroom.mobile.MainActivity}
07-13 09:22:22.222 I/ImeTracker( 1813): com.skillsroom.mobile:db375f7f: onRequestHide at ORIGIN_SERVER_HIDE_INPUT reason HIDE_REMOVE_CLIENT
07-13 09:22:22.223 I/adbd    (21521): Remote process closed the socket (on MSG_PEEK)
07-13 09:22:22.224 D/C2MtkBufferManager( 1041): over 5000ms not request from VCodec but callback hooked, slow BM Cc fetch thread
07-13 09:22:22.225 W/InputManager-JNI( 1813): Input channel object '4230ba3 com.skillsroom.mobile/com.skillsroom.mobile.MainActivity (client)' was disposed without first being removed with the input manager!
07-13 09:22:22.225 I/Zygote  ( 1023): Process 4669 exited due to signal 9 (Killed)
07-13 09:22:22.225 D/MirrorManager( 7233):  sendAcceptInput 0 0
07-13 09:22:22.234 I/hwcomposer( 1039): [HWCDisplay] [Display_0 (type:1)] fps:0.218406,dur:9157.26,max:8226.00,min:931.25  
07-13 09:22:22.235 I/ImeTracker( 1813): com.skillsroom.mobile:db375f7f: onCancelled at PHASE_SERVER_SHOULD_HIDE
07-13 09:22:22.237 I/adbd    (21521): adbd service requested 'shell,v2,raw:am start -n com.skillsroom.mobile/.MainActivity'
07-13 09:22:22.241 W/SurfaceFlingerInspector( 1133): Slow frame composition: Primary display prepareFrame took 64 ms
07-13 09:22:22.245 D/C2MtkBufferManager( 1041): over 5000ms not request from VCodec but callback hooked, slow BM Cc fetch thread
07-13 09:22:22.249 D/ActivityManager( 1813): getProcessesInErrorState callingUid=10288, CallingPid=19459
07-13 09:22:22.255 D/CarrierSvcBindHelper( 2457): onHandleForceStop: [com.skillsroom.mobile]
07-13 09:22:22.259 D/CarrierSvcBindHelper( 2457): No carrier app for: 0
07-13 09:22:22.259 D/CarrierSvcBindHelper( 2457): No carrier app for: 1
07-13 09:22:22.266 D/C2MtkBufferManager( 1041): over 5000ms not request from VCodec but callback hooked, slow BM Cc fetch thread
07-13 09:22:22.270 D/CompatibilityChangeReporter( 1813): Compat change id reported: 218533173; UID 10210; state: ENABLED
07-13 09:22:22.270 D/CompatibilityChangeReporter( 1813): Compat change id reported: 135634846; UID 10174; state: DISABLED
07-13 09:22:22.270 D/CompatibilityChangeReporter( 1813): Compat change id reported: 177438394; UID 10174; state: DISABLED
07-13 09:22:22.270 D/CompatibilityChangeReporter( 1813): Compat change id reported: 135772972; UID 10174; state: DISABLED
07-13 09:22:22.270 D/CompatibilityChangeReporter( 1813): Compat change id reported: 135754954; UID 10174; state: ENABLED
07-13 09:22:22.271 D/CompatibilityChangeReporter( 1813): Compat change id reported: 143937733; UID 10174; state: ENABLED
07-13 09:22:22.279 D/BadgeCoordinator( 2459): recevie broadbcast ACTION_APPLICATION_MESSAGE_QUERY, requestFirstTime=false
07-13 09:22:22.280 D/Zygote  ( 1023): Forked child process 8370
07-13 09:22:22.280 I/RefreshRateSelector( 1133): Display 0 policy changed
07-13 09:22:22.280 I/RefreshRateSelector( 1133): Previous: {defaultModeId=1, allowGroupSwitching=false, primaryRanges={physical=[0.00 Hz, inf Hz], render=[0.00 Hz, 60.00 Hz]}, appRequestRanges={physical=[0.00 Hz, inf Hz], render=[0.00 Hz, 60.00 Hz]}}
07-13 09:22:22.280 I/RefreshRateSelector( 1133): Current:  DisplayManagerPolicy{defaultModeId=1, allowGroupSwitching=false, primaryRanges={physical=[0.00 Hz, inf Hz], render=[0.00 Hz, 90.00 Hz]}, appRequestRanges={physical=[0.00 Hz, inf Hz], render=[0.00 Hz, 90.00 Hz]}}
07-13 09:22:22.280 I/RefreshRateSelector( 1133): 0 mode changes were performed under the previous policy
07-13 09:22:22.280 D/MiuiProcessPolicyManager( 1813): promote com.google.android.googlequicksearchbox:googleapp maxAdj to svcb  , maxProcState to + PER 
07-13 09:22:22.280 D/CompatibilityChangeReporter( 1813): Compat change id reported: 262645982; UID 10210; state: ENABLED
07-13 09:22:22.281 D/SurfaceFlinger( 1133): MtkOverrideDuration: update vsync 90
07-13 09:22:22.281 E/SurfaceFlinger( 1133): MtkDuration override mode is disabled
07-13 09:22:22.281 D/SurfaceFlinger( 1133): MtkOverrideDuration: reset override duration
07-13 09:22:22.281 I/ActivityManager( 1813): Start proc 8370:com.google.android.googlequicksearchbox:googleapp/u0a174 for service {com.google.android.googlequicksearchbox/com.google.android.apps.gsa.nowoverlayservice.DrawerOverlayService} caller=com.miui.home
07-13 09:22:22.285 E/Zygote  ( 8370): process_name_ptr:8370 com.google.android.googlequicksearchbox:googleapp
07-13 09:22:22.286 D/ActivityManager( 1813): getProcessesInErrorState callingUid=10279, CallingPid=443
07-13 09:22:22.286 D/C2MtkBufferManager( 1041): over 5000ms not request from VCodec but callback hooked, slow BM Cc fetch thread
07-13 09:22:22.288 D/LauncherOverlay( 3531): setActivityState:1
07-13 09:22:22.290 I/hwcomposer( 1039): [HWC] (0) displaySetActiveConfig config:1  
07-13 09:22:22.291 I/LauncherOverlayCallback( 3531): handleMessage WHAT_ACTIVITY_STATE_CHANGED what：1
07-13 09:22:22.294 W/Activity( 2470): PerfMonitor: Slow Operation: Activity com.miui.home/.launcher.Launcher onStart took 134ms
07-13 09:22:22.295 D/LauncherOverlay.Window( 3531): onStart
07-13 09:22:22.298 I/chbox:googleapp( 8370): Using generational CollectorTypeCC GC.
07-13 09:22:22.307 D/C2MtkBufferManager( 1041): over 5000ms not request from VCodec but callback hooked, slow BM Cc fetch thread
07-13 09:22:22.307 D/MI-SF   ( 1133): updateScene: module = 270 (Unknown), value = 0, pkg = com.miui.home
07-13 09:22:22.308 W/ActivityTaskManager( 1813): callingPackage for (uid=2000, pid=8367) has no WPC
07-13 09:22:22.309 D/nativeloader( 8370): Load libframework-connectivity-tiramisu-jni.so using APEX ns com_android_tethering for caller /apex/com.android.tethering/javalib/framework-connectivity-t.jar: ok
07-13 09:22:22.315 I/MessageMonitor( 8370): Load libmiui_runtime
07-13 09:22:22.318 I/DisplayDeviceRepository( 1813): Display device changed: DisplayDeviceInfo{"Built-in Screen": uniqueId="local:0", 720 x 1600, modeId 2, renderFrameRate 90.0, defaultModeId 2, supportedModes [{id=1, width=720, height=1600, fps=60.0, alternativeRefreshRates=[90.0], supportedHdrTypes=[]}, {id=2, width=720, height=1600, fps=90.0, alternativeRefreshRates=[60.0], supportedHdrTypes=[]}], colorMode 0, supportedColorModes [0], hdrCapabilities HdrCapabilities{mSupportedHdrTypes=[], mMaxLuminance=500.0, mMaxAverageLuminance=500.0, mMinLuminance=0.0}, allmSupported false, gameContentTypeSupported false, density 320, 260.105 x 260.112 dpi, appVsyncOff 444444, presDeadline 23000000, cutout DisplayCutout{insets=Rect(0, 68 - 0, 0) waterfall=Insets{left=0, top=0, right=0, bottom=0} boundingRect={Bounds=[Rect(0, 0 - 0, 0), Rect(320, 0 - 400, 68), Rect(0, 0 - 0, 0), Rect(0, 0 - 0, 0)]} cutoutPathParserInfo={CutoutPathParserInfo{displayWidth=720 displayHeight=1600 physicalDisplayWidth=720 physicalDisplayHeight=1600 density={2.0} cutoutSpec={M 0,0 H -40 V 68 H 40 V 0 H 0 Z} rotation={0} scale={1.0} physicalPixelDisplaySizeRatio={1.0}}}}, touch INTERNAL, rotation 0, type INTERNAL, address {port=0}, deviceProductInfo null, state ON, committedState ON, frameRateOverride , brightnessMinimum 0.0, brightnessMaximum 1.0, brightnessDefault 0.14956012, hdrSdrRatio NaN, roundedCorners RoundedCorners{[RoundedCorner{position=TopLeft, radius=66, center=Point(66, 66)}, RoundedCorner{position=TopRight, radius=66, center=Point(654, 66)}, RoundedCorner{position=BottomRight, radius=66, center=Point(654, 1534)}, RoundedCorner{position=BottomLeft, radius=66, center=Point(66, 1534)}]}, FLAG_ALLOWED_TO_BE_DEFAULT_DISPLAY, FLAG_ROTATES_WITH_CONTENT, FLAG_SECURE, FLAG_SUPPORTS_PROTECTED_BUFFERS, FLAG_TRUSTED, installOrientation 0, displayShape DisplayShape{ spec=2134893525 displayWidth=720 displayHeight=1600 physicalPixelDisplaySizeRatio=1.0 rotation=0 offsetX=0 offsetY=0 scale=1.0}}
07-13 09:22:22.318 D/WindowManager( 1813): Collecting in transition 6383: ActivityRecord{42f66d6 u0 com.skillsroom.mobile/.MainActivity init visibleRequested:false
07-13 09:22:22.319 D/MiuiFreeFormManagerService( 1813): activeOrFullscreenFreeformTaskIfNeed startDefaultAr:false
07-13 09:22:22.320 D/SymlinkUtils( 1813): attachApplication file op go pass: 0 ms
07-13 09:22:22.321 I/SmartPower: com.google.android.googlequicksearchbox:googleapp/10174(8370)( 1813): died->background(105986ms) R(process start ) adj=-10000.
07-13 09:22:22.323 I/PowerHalWrapper( 1813): PowerHalWrapper.getInstance 
07-13 09:22:22.323 D/PerfMTKStubImpl( 1813): initBoostParamByDevice
07-13 09:22:22.326 E/BufferQueueDebug( 1133): [Task=5361#78188](this:0xb400007855bd6a30,id:-1,api:0,p:-1,c:-1) id info cannot be read from 'Task=5361#78188'
07-13 09:22:22.327 I/BufferQueueDebug( 1133): [Task=5361#78188](this:0xb400007855bd6a30,id:-1,api:0,p:-1,c:-1) BufferQueue core=(1133:/system/bin/surfaceflinger)
07-13 09:22:22.327 D/C2MtkBufferManager( 1041): over 5000ms not request from VCodec but callback hooked, slow BM Cc fetch thread
07-13 09:22:22.334 I/LauncherOverlayCallback( 3531): handleMessage WHAT_LAUNCHER_STATE what：1
07-13 09:22:22.335 D/LauncherOverlay.Window( 3531): launcherState 1
07-13 09:22:22.335 D/LauncherOverlay.Window( 3531): resumedStateNow 0,resumedStateNew = 0
07-13 09:22:22.343 V/AutoDensityController( 2459): on display changed 0 context dpi:296 origin dpi:320 target dpi:296
07-13 09:22:22.347 I/PowerHalWrapper( 1813): amsBoostNotify pid:2470,activity:com.miui.home.launcher.Launcher, package:com.miui.home, mProcessCreatePackcom.skillsroom.mobile 
07-13 09:22:22.347 I/PowerHalWrapper( 1813): state: 1 
07-13 09:22:22.347 I/mtkpower_client( 1813): [Legacy][PowerHal_Wrap_notifyAppState] com.miui.home/com.miui.home.launcher.Launcher pid=2470 state:1
07-13 09:22:22.347 D/C2MtkBufferManager( 1041): over 5000ms not request from VCodec but callback hooked, slow BM Cc fetch thread
07-13 09:22:22.347 I/libPowerHal( 1059): [perfNotifyAppState] pack:com.miui.home, act:com.miui.home.launcher.Launcher, state:1, pid:2470, uid:10166, fps:-1
07-13 09:22:22.348 I/PowerHalWrapper( 1813): amsBoostNotify AMS_BOOST_PROCESS_CREATE_BOOST:false 
07-13 09:22:22.348 I/libPowerHal( 1059): [perfNotifyAppState] foreground:com.miui.home, pid:2470, uid:10166
07-13 09:22:22.348 D/WindowManager( 1813): setLockTaskAuth: task=Task{3c5704f #5361 type=standard A=10210:com.skillsroom.mobile} mLockTaskAuth=LOCK_TASK_AUTH_PINNABLE
07-13 09:22:22.348 D/WindowManager( 1813): Collecting in transition 6383: Task{3c5704f #5361 type=standard A=10210:com.skillsroom.mobile} init visibleRequested:false
07-13 09:22:22.349 I/BtGatt.ScanManager(29492): msg.what = MSG_SCREEN_ON, msg.arg1 = None
07-13 09:22:22.349 D/Launcher.Lifecycle( 2470): onResume:UserHandle{0},63f4ca8,false
07-13 09:22:22.349 W/Settings( 2470): Setting device_provisioned has moved from android.provider.Settings.Secure to android.provider.Settings.Global.
07-13 09:22:22.350 D/CompatibilityChangeReporter( 1813): Compat change id reported: 170503758; UID 10131; state: ENABLED
07-13 09:22:22.352 D/CompatibilityChangeReporter( 1813): Compat change id reported: 184838306; UID 10210; state: DISABLED
07-13 09:22:22.353 D/CompatibilityChangeReporter( 1813): Compat change id reported: 185004937; UID 10210; state: DISABLED
07-13 09:22:22.353 E/BufferQueueDebug( 1133): [ActivityRecord{42f66d6 u0 com.skillsroom.mobile/.MainActivity t5361}#78189](this:0xb400007855bd9a30,id:-1,api:0,p:-1,c:-1) id info cannot be read from 'ActivityRecord{42f66d6 u0 com.skillsroom.mobile/.MainActivity t5361}#78189'
07-13 09:22:22.354 I/BufferQueueDebug( 1133): [ActivityRecord{42f66d6 u0 com.skillsroom.mobile/.MainActivity t5361}#78189](this:0xb400007855bd9a30,id:-1,api:0,p:-1,c:-1) BufferQueue core=(1133:/system/bin/surfaceflinger)
07-13 09:22:22.354 D/SoscSplitStateController( 2470): updateDividerFixedState: isFixed = true
07-13 09:22:22.354 D/Launcher.FullbackHome( 2470): FallbackHomeCompat::needKillSelf::needKillSelf = false
07-13 09:22:22.355 D/WindowManager( 1813): setLockTaskAuth: task=Task{3c5704f #5361 type=standard A=10210:com.skillsroom.mobile} mLockTaskAuth=LOCK_TASK_AUTH_PINNABLE
07-13 09:22:22.355 D/SoScSplitScreenController( 2459): updateDividerFixedState isFixed:true
07-13 09:22:22.356 D/MiuiFreeFormManagerService( 1813): onStartActivityInner as = Task{3c5704f #5361 type=standard A=10210:com.skillsroom.mobile} op = null
07-13 09:22:22.359 D/ActivityTaskManager( 1813): Task#startActivityLocked isOrhasTask=true newTask=true
07-13 09:22:22.359 I/mtkpower@impl( 1059): [setMode] type:5, enabled:1
07-13 09:22:22.368 D/C2MtkBufferManager( 1041): over 5000ms not request from VCodec but callback hooked, slow BM Cc fetch thread
07-13 09:22:22.369 I/UxUtility( 1059): notifyForegroundApp pack:com.miui.home, uid:10166
07-13 09:22:22.369 I/TouchUtility( 1059): notifyAppState error = NULL
07-13 09:22:22.370 D/LauncherAssistantCompatGoogle( 2470): onResume com.google.android.libraries.gsa.launcherclient.LauncherClient@80e5266
07-13 09:22:22.370 I/mtkpower@impl( 1059): [notifyAppState] pc:0, com.skillsroom.mobile => com.miui.home
07-13 09:22:22.370 I/libPowerHal( 1059): [perfLockAcq] idx:6 hdl:246229 hint:11 pid:1059 duration:30000 lock_user:mtkpower@1.0-se => ret_hdl:246229
07-13 09:22:22.371 I/ThermalBreakConfigReader( 1059): [getTargetfreqinfo] [getTargetfreqinfo] hint get target result freq:boost:1 cpu0:1800000 cpu6:2000000 cpumask:ff
07-13 09:22:22.371 I/ExtendedPerfBoost( 1059): [thermalbreak_verification] needbreak curr breakmode 1, scence id 0, set: boost:1 cpu0:1800000 cpu6:2000000 cpumask:ff
07-13 09:22:22.371 I/ExtendedPerfBoost( 1059): [triggerList_add] [triggerList_add] come into triggerList_add
07-13 09:22:22.371 I/ExtendedPerfBoost( 1059): [triggerList_add] get item from freelist 0x76b7cb7ab8
07-13 09:22:22.371 I/ExtendedPerfBoost( 1059): [triggerList_add] init new item prio:2, duration:3000, param:boost:1 cpu0:1800000 cpu6:2000000 cpumask:ff
07-13 09:22:22.371 I/ExtendedPerfBoost( 1059): [triggerList_add] add item prio in empty list
07-13 09:22:22.371 I/ExtendedPerfBoost( 1059): [trig_thermalbreak] trigger one node
07-13 09:22:22.371 I/ExtendedUtils( 1059): [timer_sampling_set] come in timer_sampling_set, duration :3000
07-13 09:22:22.371 I/ExtendedUtils( 1059): [settimer] come in settimer, time_now :623445752, time_end: 623448752
07-13 09:22:22.371 I/ExtendedPerfBoost( 1059): [setThermalBreak] [setThermalBreak] : boost:1 cpu0:1800000 cpu6:2000000 cpumask:ff
07-13 09:22:22.371 D/Launcher_UnlockAnimationStateMachine( 2470): onResume = IDLE
07-13 09:22:22.378 D/CompatibilityChangeReporter( 1813): Compat change id reported: 205907456; UID 10210; state: ENABLED
07-13 09:22:22.383 I/PowerHalWrapper( 1813): amsBoostNotify pid:2470,activity:com.miui.home.launcher.Launcher, package:com.miui.home, mProcessCreatePackcom.skillsroom.mobile 
07-13 09:22:22.383 I/PowerHalWrapper( 1813): state: 0 
07-13 09:22:22.383 I/mtkpower_client( 1813): [Legacy][PowerHal_Wrap_notifyAppState] com.miui.home/com.miui.home.launcher.Launcher pid=2470 state:0
07-13 09:22:22.383 I/PowerHalWrapper( 1813): amsBoostNotify AMS_BOOST_PROCESS_CREATE_BOOST:false 
07-13 09:22:22.383 I/libPowerHal( 1059): [perfNotifyAppState] pack:com.miui.home, act:com.miui.home.launcher.Launcher, state:0, pid:2470, uid:10166, fps:-1
07-13 09:22:22.384 D/WindowManager( 1813): Set transition=TransitionRecord{bb55ebc id=6383 type=CLOSE flags=0x0}, ready=false, SyncId=6383 used=true, override=false, defer=0, states=Display{#0 state=ON size=720x1600 ROTATION_0}:false
07-13 09:22:22.384 I/PowerHalWrapper( 1813): <amsBoostResume> last:null, next:com.skillsroom.mobile 
07-13 09:22:22.385 W/ServiceManagerCppClient( 1813): Failed to get isDeclared for vendor.mediatek.hardware.mtkpower.IMtkPowerService/default: Status(-1, EX_SECURITY): 'SELinux denied.'
07-13 09:22:22.385 I/Launcher( 2470): changeMIUIWidgetEditMode false
07-13 09:22:22.385 I/mtkpower_client( 1813): IMtkPowerService_isDeclared 0
07-13 09:22:22.387 W/ServiceManagerCppClient( 1813): Failed to get isDeclared for vendor.mediatek.hardware.mtkpower.IMtkPowerService/default: Status(-1, EX_SECURITY): 'SELinux denied.'
07-13 09:22:22.387 I/mtkpower_client( 1813): IMtkPowerService_isDeclared 0
07-13 09:22:22.387 I/libPowerHal( 1059): [perfLockAcq] idx:7 hdl:246230 hint:22 pid:1059 duration:10000 lock_user:mtkpower@1.0-se => ret_hdl:246230
07-13 09:22:22.388 I/libPowerHal( 1059): [perfLockRel] hdl:246228, idx:5
07-13 09:22:22.388 D/C2MtkBufferManager( 1041): over 5000ms not request from VCodec but callback hooked, slow BM Cc fetch thread
07-13 09:22:22.388 I/ActivityTaskManager( 1813): Add Task{6f470f #5360 type=standard A=10210:com.skillsroom.mobile} to hidden list because adding Task{3c5704f #5361 type=standard A=10210:com.skillsroom.mobile}
07-13 09:22:22.390 D/WindowManager( 1813): Collecting in transition 6383: ActivityRecord{42f66d6 u0 com.skillsroom.mobile/.MainActivity t5361} init visibleRequested:false
07-13 09:22:22.390 D/WindowManager( 1813): Set transition=TransitionRecord{bb55ebc id=6383 type=CLOSE flags=0x0}, ready=false, SyncId=6383 used=true, override=false, defer=0, states=Display{#0 state=ON size=720x1600 ROTATION_0}:false
07-13 09:22:22.396 I/ActivityTaskManager( 1813): START u0 {flg=0x10000000 cmp=com.skillsroom.mobile/.MainActivity} with LAUNCH_SINGLE_TASK from uid 2000 (BAL_ALLOW_PERMISSION) result code=0
07-13 09:22:22.398 D/MiuiFullScreenTaskRepository( 2459): setFocusedTask taskId=1, displayId=0, topActivity=ComponentInfo{com.miui.home/com.miui.home.launcher.Launcher}
07-13 09:22:22.398 D/CompatibilityChangeReporter( 1813): Compat change id reported: 168419799; UID 10174; state: DISABLED
07-13 09:22:22.398 D/MiuiFullScreenTaskRepository( 2459): addOrUpdateFullScreenTaskInfo taskId=1, topActivity=ComponentInfo{com.miui.home/com.miui.home.launcher.Launcher}
07-13 09:22:22.398 D/CompatibilityChangeReporter( 1813): Compat change id reported: 273564678; UID 10174; state: DISABLED
07-13 09:22:22.399 W/ActivityManager( 1813): Slow operation: 78ms so far, now at attachApplicationLocked: immediately before bindApplication
07-13 09:22:22.407 D/SurfaceFlinger( 1133): [SF client] NEW(0xb40000786cc2f900) for (2459:com.android.systemui)
07-13 09:22:22.408 D/C2MtkBufferManager( 1041): over 5000ms not request from VCodec but callback hooked, slow BM Cc fetch thread
07-13 09:22:22.409 D/StatusBarController( 2470): handleMessage: flag 1000000  disable false
07-13 09:22:22.410 D/TaskSnapshot_Helper( 2459): app is not pre-defined.
07-13 09:22:22.416 D/MiuiFreeformModeObserver( 2459): activityResumed() intent： Intent { cmp=com.miui.home/.launcher.Launcher (has extras) }
07-13 09:22:22.417 D/MiuiDesktopModeController( 2459): onFocusTaskChanged newFocus: TaskInfo{userId=0 taskId=1 displayId=0 isRunning=true baseIntent=Intent { act=android.intent.action.MAIN cat=[android.intent.category.HOME] flg=0x10000100 cmp=com.miui.home/.launcher.Launcher } baseActivity=ComponentInfo{com.miui.home/com.miui.home.launcher.Launcher} topActivity=ComponentInfo{com.miui.home/com.miui.home.launcher.Launcher} origActivity=null realActivity=null numActivities=1 lastActiveTime=52422 supportsSplitScreenMultiWindow=true supportsMultiWindow=true resizeMode=2 isResizeable=true minWidth=-1 minHeight=-1 defaultMinSize=200 token=WCT{android.window.IWindowContainerToken$Stub$Proxy@68ceb6d} topActivityType=2 pictureInPictureParams=null shouldDockBigOverlays=false launchIntoPipHostTaskId=-1 lastParentTaskIdBeforePip=-1 displayCutoutSafeInsets=null topActivityInfo=ActivityInfo{d09a3a2 com.miui.home.launcher.Launcher} launchCookies=[] positionInParent=Point(0, 0) parentTaskId=-1 isFocused=true isVisible=false isVisibleRequested=true isSleeping=false topActivityInSizeCompat=false topActivityEligibleForLetterboxEducation= false topActivityLetterboxed= false isFromDoubleTap= false topActivityLetterboxVerticalPosition= -1 topActivityLetterboxHorizontalPosition= -1 topActivityLetterboxWidth=-1 topActivityLetterboxHeight=-1 locusId=null displayAreaFeatureId=1 cameraCompatControlState=hidden mIsCastMode=false mTopActivityMediaSize=null mTopActivityRecordName=ActivityRecord{8061640 u0 com.miui.home/.launcher.Launcher t2} mTopActivityOrientation=1 mTopActivityWindowIsNowVisible=false isTranslucent=false isEmbedded=false shouldBeVisible=true mBehindAppLockPkg=null mOriginatingUid=0}
07-13 09:22:22.418 D/MiuiFreeformModeController( 2459): onFocusTaskChanged taskInfo: TaskInfo{userId=0 taskId=1 displayId=0 isRunning=true baseIntent=Intent { act=android.intent.action.MAIN cat=[android.intent.category.HOME] flg=0x10000100 cmp=com.miui.home/.launcher.Launcher } baseActivity=ComponentInfo{com.miui.home/com.miui.home.launcher.Launcher} topActivity=ComponentInfo{com.miui.home/com.miui.home.launcher.Launcher} origActivity=null realActivity=null numActivities=1 lastActiveTime=52422 supportsSplitScreenMultiWindow=true supportsMultiWindow=true resizeMode=2 isResizeable=true minWidth=-1 minHeight=-1 defaultMinSize=200 token=WCT{android.window.IWindowContainerToken$Stub$Proxy@68ceb6d} topActivityType=2 pictureInPictureParams=null shouldDockBigOverlays=false launchIntoPipHostTaskId=-1 lastParentTaskIdBeforePip=-1 displayCutoutSafeInsets=null topActivityInfo=ActivityInfo{d09a3a2 com.miui.home.launcher.Launcher} launchCookies=[] positionInParent=Point(0, 0) parentTaskId=-1 isFocused=true isVisible=false isVisibleRequested=true isSleeping=false topActivityInSizeCompat=false topActivityEligibleForLetterboxEducation= false topActivityLetterboxed= false isFromDoubleTap= false topActivityLetterboxVerticalPosition= -1 topActivityLetterboxHorizontalPosition= -1 topActivityLetterboxWidth=-1 topActivityLetterboxHeight=-1 locusId=null displayAreaFeatureId=1 cameraCompatControlState=hidden mIsCastMode=false mTopActivityMediaSize=null mTopActivityRecordName=ActivityRecord{8061640 u0 com.miui.home/.launcher.Launcher t2} mTopActivityOrientation=1 mTopActivityWindowIsNowVisible=false isTranslucent=false isEmbedded=false shouldBeVisible=true mBehindAppLockPkg=null mOriginatingUid=0}
07-13 09:22:22.419 D/MiuiMultiWindowUtils( 1813): DeviceLevel.IS_MIUI_LITE_VERSION 2.0 not support miui multiWindowgale
07-13 09:22:22.418 D/AppObserver( 2470): ForegroundInfo{mForegroundPackageName='com.miui.home', mForegroundUid=10166, mForegroundPid=2470, mLastForegroundPackageName='com.miui.home', mLastForegroundUid=10166, mLastForegroundPid=2470, mMultiWindowForegroundPackageName='com.miui.home', mMultiWindowForegroundUid=10166, mFlags=0}
07-13 09:22:22.419 D/PerfEngineController( 7233): ForegroundInfo{mForegroundPackageName='com.miui.home', mForegroundUid=10166, mForegroundPid=2470, mLastForegroundPackageName='com.miui.home', mLastForegroundUid=10166, mLastForegroundPid=2470, mMultiWindowForegroundPackageName='com.miui.home', mMultiWindowForegroundUid=10166, mFlags=0}
07-13 09:22:22.421 D/TaskStackChangeListeners( 2470): onTaskDescriptionChanged =  taskId = 5361
07-13 09:22:22.421 W/ActivityManager( 1813): Slow operation: 101ms so far, now at attachApplicationLocked: immediately after bindApplication
07-13 09:22:22.421 W/ActivityManager( 1813): Slow operation: 101ms so far, now at attachApplicationLocked: after updateLruProcessLocked
07-13 09:22:22.422 D/WindowManager( 1813): Collecting in transition 6383: ActivityRecord{42f66d6 u0 com.skillsroom.mobile/.MainActivity t5361} init visibleRequested:false
07-13 09:22:22.422 D/WindowManager( 1813): Collecting in transition 6383: ActivityRecord{8061640 u0 com.miui.home/.launcher.Launcher t2} init visibleRequested:true
07-13 09:22:22.423 D/OneHandedController( 2459): stopOneHanded state is 0
07-13 09:22:22.423 D/t1      ( 5491): myUserId = 0	currentUserId0
07-13 09:22:22.424 D/OneHandedController( 2459): stopOneHanded state is 0
07-13 09:22:22.424 I/MiuiNetworkPolicy( 1813): updateUidState uid = 10174, uidState = 3
07-13 09:22:22.425 W/libc    ( 2459): Access denied finding property "ro.vendor.display.iris_x7.support"
07-13 09:22:22.427 E/BufferQueueDebug( 1133): [com.miui.home/com.miui.home.launcher.Launcher#78190](this:0xb400007855849a30,id:-1,api:0,p:-1,c:-1) id info cannot be read from 'com.miui.home/com.miui.home.launcher.Launcher#78190'
07-13 09:22:22.427 I/BufferQueueDebug( 1133): [com.miui.home/com.miui.home.launcher.Launcher#78190](this:0xb400007855849a30,id:-1,api:0,p:-1,c:-1) BufferQueue core=(1133:/system/bin/surfaceflinger)
07-13 09:22:22.428 D/CompatibilityChangeReporter( 8370): Compat change id reported: 171979766; UID 10174; state: ENABLED
07-13 09:22:22.428 D/CompatibilityChangeReporter( 8370): Compat change id reported: 242716250; UID 10174; state: ENABLED
07-13 09:22:22.429 D/C2MtkBufferManager( 1041): over 5000ms not request from VCodec but callback hooked, slow BM Cc fetch thread
07-13 09:22:22.431 D/VRI[mobile]( 2459): hardware acceleration = true, forceHwAccelerated = false
07-13 09:22:22.433 D/CompatibilityChangeReporter( 1813): Compat change id reported: 170503758; UID 10174; state: ENABLED
07-13 09:22:22.449 D/C2MtkBufferManager( 1041): over 5000ms not request from VCodec but callback hooked, slow BM Cc fetch thread
07-13 09:22:22.454 I/WindowManager( 1813): Relayout Window{52dece7 u0 com.miui.home/com.miui.home.launcher.Launcher}: oldVis=8 newVis=0 focusMayChange = true requestedWidth = 720 requestedHeight = 1600 outFrames = ClientWindowFrames{frame=[0,0][720,1600] display=[0,0][720,1600] parentFrame=[0,0][0,0]} outSurfaceControl = Surface(name=com.miui.home/com.miui.home.launcher.Launcher#78190)/@0x98c7310
07-13 09:22:22.460 D/BufferQueueConsumer( 2470): [](id:9a600000527,api:0,p:-1,c:2470) connect: controlledByApp=false
07-13 09:22:22.463 D/OneHandedController( 2459): stopOneHanded state is 0
07-13 09:22:22.465 E/BufferQueueDebug( 1133): [82db03c Splash Screen com.skillsroom.mobile#78191](this:0xb40000785b3e2a30,id:-1,api:0,p:-1,c:-1) id info cannot be read from '82db03c Splash Screen com.skillsroom.mobile#78191'
07-13 09:22:22.465 D/CompatibilityChangeReporter( 1813): Compat change id reported: 161145287; UID 1000; state: ENABLED
07-13 09:22:22.465 I/BufferQueueDebug( 1133): [82db03c Splash Screen com.skillsroom.mobile#78191](this:0xb40000785b3e2a30,id:-1,api:0,p:-1,c:-1) BufferQueue core=(1133:/system/bin/surfaceflinger)
07-13 09:22:22.466 D/CompatibilityChangeReporter( 1813): Compat change id reported: 161145287; UID 1000; state: DISABLED
07-13 09:22:22.469 W/libprocessgroup( 1813): SetCgroup::ExecuteForProcess: failed to open /dev/blkio//cgroup.procs: No such file or directory
07-13 09:22:22.469 D/C2MtkBufferManager( 1041): over 5000ms not request from VCodec but callback hooked, slow BM Cc fetch thread
07-13 09:22:22.470 W/Datadog (19459): [_dd.sdk_core.default]: A RUM event was detected, but no view is active. To track views automatically, try calling the RumConfiguration.Builder.useViewTrackingStrategy() method.
07-13 09:22:22.470 W/Datadog (19459): You can also track views manually using the RumMonitor.startView() and RumMonitor.stopView() methods.
07-13 09:22:22.480 D/VRI[Launcher]( 2470): vri.reportNextDraw android.view.ViewRootImpl.performTraversals:4402 android.view.ViewRootImpl.doTraversal:3018 android.view.ViewRootImpl$TraversalRunnable.run:10526 android.view.Choreographer$CallbackRecord.run:1682 android.view.Choreographer$CallbackRecord.run:1691 
07-13 09:22:22.481 D/VRI[Launcher]( 2470): vri.Setup new sync=wmsSync-VRI[Launcher]#18
07-13 09:22:22.483 I/PowerHalWrapper( 1813): amsBoostProcessCreate package:com.skillsroom.mobile 
07-13 09:22:22.484 W/ServiceManagerCppClient( 1813): Failed to get isDeclared for vendor.mediatek.hardware.mtkpower.IMtkPowerService/default: Status(-1, EX_SECURITY): 'SELinux denied.'
07-13 09:22:22.484 I/mtkpower_client( 1813): IMtkPowerService_isDeclared 0
07-13 09:22:22.485 W/ServiceManagerCppClient( 1813): Failed to get isDeclared for vendor.mediatek.hardware.mtkpower.IMtkPowerService/default: Status(-1, EX_SECURITY): 'SELinux denied.'
07-13 09:22:22.485 I/mtkpower_client( 1813): IMtkPowerService_isDeclared 0
07-13 09:22:22.486 I/libPowerHal( 1059): [perfLockAcq] idx:5 hdl:246231 hint:21 pid:1059 duration:10000 lock_user:mtkpower@1.0-se => ret_hdl:246231
07-13 09:22:22.486 D/CompatibilityChangeReporter( 1813): Compat change id reported: 135634846; UID 10210; state: DISABLED
07-13 09:22:22.487 D/CompatibilityChangeReporter( 1813): Compat change id reported: 177438394; UID 10210; state: DISABLED
07-13 09:22:22.487 D/CompatibilityChangeReporter( 1813): Compat change id reported: 135772972; UID 10210; state: DISABLED
07-13 09:22:22.487 D/CompatibilityChangeReporter( 1813): Compat change id reported: 135754954; UID 10210; state: ENABLED
07-13 09:22:22.487 I/libPowerHal( 1059): [PE] MTKPOWER_HINT_PROCESS_CREATE update cmd:2020000, param:15
07-13 09:22:22.487 I/libPowerHal( 1059): [PE] MTKPOWER_HINT_PROCESS_CREATE update cmd:1410000, param:1
07-13 09:22:22.488 I/libPowerHal( 1059): [perfLockRel] hdl:246215, idx:-1
07-13 09:22:22.488 D/CompatibilityChangeReporter( 1813): Compat change id reported: 143937733; UID 10210; state: ENABLED
07-13 09:22:22.490 D/C2MtkBufferManager( 1041): over 5000ms not request from VCodec but callback hooked, slow BM Cc fetch thread
07-13 09:22:22.490 E/OpenGLRenderer( 2470): Unable to match the desired swap behavior.
07-13 09:22:22.492 D/RecentsModel( 2470): onTaskStackChangedBackground
07-13 09:22:22.492 D/EventBus( 2470): No subscribers registered for event class com.miui.home.recents.messages.RecentTasksChangedEvent
07-13 09:22:22.492 D/EventBus( 2470): No subscribers registered for event class org.greenrobot.eventbus.NoSubscriberEvent
07-13 09:22:22.492 D/RecentsModel( 2470): onTaskStackChangedBackground    MSG_TASK_STACK_CHANGE
07-13 09:22:22.492 D/RecentsModel( 2470): preloadRecents
07-13 09:22:22.492 D/RecentsModel( 2470): onTaskStackChangedBackground
07-13 09:22:22.492 W/RecentsModel( 2470): getRunningTask
07-13 09:22:22.492 D/EventBus( 2470): No subscribers registered for event class com.miui.home.recents.messages.RecentTasksChangedEvent
07-13 09:22:22.492 D/EventBus( 2470): No subscribers registered for event class org.greenrobot.eventbus.NoSubscriberEvent
07-13 09:22:22.497 D/nativeloader( 8370): Configuring clns-4 for other apk /system/framework/org.apache.http.legacy.jar. target_sdk_version=37, uses_libraries=ALL, library_path=/data/app/~~Z-HmI1stqjfbfkWhJgGGiQ==/com.google.android.googlequicksearchbox-QHCqd3nTI1c_r9Njs0kq1w==/lib/arm64:/data/app/~~Z-HmI1stqjfbfkWhJgGGiQ==/com.google.android.googlequicksearchbox-QHCqd3nTI1c_r9Njs0kq1w==/base.apk!/lib/arm64-v8a:/data/app/~~Z-HmI1stqjfbfkWhJgGGiQ==/com.google.android.googlequicksearchbox-QHCqd3nTI1c_r9Njs0kq1w==/split_config.xhdpi.apk!/lib/arm64-v8a:/data/app/~~Z-HmI1stqjfbfkWhJgGGiQ==/com.google.android.googlequicksearchbox-QHCqd3nTI1c_r9Njs0kq1w==/split_lens_ondevice_engine_feature_module.apk!/lib/arm64-v8a:/data/app/~~Z-HmI1stqjfbfkWhJgGGiQ==/com.google.android.googlequicksearchbox-QHCqd3nTI1c_r9Njs0kq1w==/split_lens_ondevice_engine_play_ml_module.apk!/lib/arm64-v8a, permitted_path=/data:/mnt/expand:/data/user/0/com.google.android.googlequicksearchbox
07-13 09:22:22.497 D/nativeloader( 8370): Extending system_exposed_libraries: libapuwareapusys.mtk.so:libapuwareapusys_v2.mtk.so:libapuwarexrp.mtk.so:libapuwarexrp_v2.mtk.so:libapuwareutils.mtk.so:libapuwareutils_v2.mtk.so:libapuwarehmp.mtk.so:libmcv_runtime_usdk.mtk.so:libneuron_graph_delegate.mtk.so:libneuronusdk_adapter.mtk.so:libtflite_mtk.mtk.so:libarmnn_ndk.mtk.so:libcmdl_ndk.mtk.so:libnir_neon_driver_ndk.mtk.so:libmvpu_runtime.mtk.so:libmvpu_runtime_pub.mtk.so:libmvpu_engine_pub.mtk.so:libmvpu_pattern_pub.mtk.so:libmvpuop_mtk_cv.mtk.so:libmvpuop_mtk_nn.mtk.so:libmvpu_runtime_25.mtk.so:libmvpu_runtime_25_pub.mtk.so:libmvpu_engine_25_pub.mtk.so:libmvpu_pattern_25_pub.mtk.so:libmvpuop25_mtk_cv.mtk.so:libmvpuop25_mtk_nn.mtk.so:libmvpu_config.mtk.so:libteeservice_client.trustonic.so:libmisys_jni.xiaomi.so
07-13 09:22:22.497 I/MiuiNetworkPolicy( 1813): updateUidState uid = 99051, uidState = 3
07-13 09:22:22.500 W/ProcessStats( 1813): Tracking association SourceState{7ad8bad com.google.android.gms/10157 BTop #2353857} whose proc state 2 is better than process ProcessState{855c234 com.google.android.gms.persistent/10157 pkg=com.google.android.gms} proc state 3 (365 skipped)
07-13 09:22:22.505 I/MiuiNetworkPolicy( 1813): updateUidState uid = 10240, uidState = 3
07-13 09:22:22.506 I/MiuiNetworkPolicy( 1813): updateUidState uid = 10157, uidState = 3
07-13 09:22:22.512 D/C2MtkBufferManager( 1041): over 5000ms not request from VCodec but callback hooked, slow BM Cc fetch thread
07-13 09:22:22.513 E/BufferQueueDebug( 1133): [Splash Screen com.skillsroom.mobile#78192](this:0xb40000785b3f2a30,id:-1,api:0,p:-1,c:-1) id info cannot be read from 'Splash Screen com.skillsroom.mobile#78192'
07-13 09:22:22.513 I/BufferQueueDebug( 1133): [Splash Screen com.skillsroom.mobile#78192](this:0xb40000785b3f2a30,id:-1,api:0,p:-1,c:-1) BufferQueue core=(1133:/system/bin/surfaceflinger)
07-13 09:22:22.516 D/Zygote  ( 1023): Forked child process 8388
07-13 09:22:22.518 W/RecentsModel( 2470): getRunningTask   taskInfo=TaskInfo{userId=0 taskId=5361 displayId=0 isRunning=true baseIntent=Intent { flg=0x10000000 cmp=com.skillsroom.mobile/.MainActivity } baseActivity=ComponentInfo{com.skillsroom.mobile/com.skillsroom.mobile.MainActivity} topActivity=ComponentInfo{com.skillsroom.mobile/com.skillsroom.mobile.MainActivity} origActivity=null realActivity=ComponentInfo{com.skillsroom.mobile/com.skillsroom.mobile.MainActivity} numActivities=1 lastActiveTime=692542157 supportsSplitScreenMultiWindow=true supportsMultiWindow=true resizeMode=1 isResizeable=true minWidth=-1 minHeight=-1 defaultMinSize=200 token=WCT{android.window.IWindowContainerToken$Stub$Proxy@5da3ea5} topActivityType=1 pictureInPictureParams=null shouldDockBigOverlays=false launchIntoPipHostTaskId=-1 lastParentTaskIdBeforePip=-1 displayCutoutSafeInsets=Rect(0, 68 - 0, 0) topActivityInfo=ActivityInfo{5a1227a com.skillsroom.mobile.MainActivity} launchCookies=[] positionInParent=Point(0, 0) parentTaskId=-1 isFocused=false isVisible=false isVisibleRequested=true isSleeping=false topActivityInSizeCompat=false topActivityEligibleForLetterboxEducation= false topActivityLetterboxed= false isFromDoubleTap= false topActivityLetterboxVerticalPosition= -1 topActivityLetterboxHorizontalPosition= -1 topActivityLetterboxWidth=-1 topActivityLetterboxHeight=-1 locusId=null displayAreaFeatureId=1 cameraCompatControlState=hidden mIsCastMode=false mTopActivityMediaSize=null mTopActivityRecordName=ActivityRecord{42f66d6 u0 com.skillsroom.mobile/.MainActivity t5361} mTopActivityOrientation=1 mTopActivityWindowIsNowVisible=false isTranslucent=false isEmbedded=false shouldBeVisible=true mBehindAppLockPkg=null mOriginatingUid=0}
07-13 09:22:22.519 W/RecentsModel( 2470): getTaskInfoIgnoreHomeAndFreeform   taskInfo=ComponentInfo{com.skillsroom.mobile/com.skillsroom.mobile.MainActivity}
07-13 09:22:22.519 I/ActivityManager( 1813): Start proc 8388:com.skillsroom.mobile/u0a210 for next-top-activity {com.skillsroom.mobile/com.skillsroom.mobile.MainActivity} caller=com.android.shell
07-13 09:22:22.521 E/ActivityManagerWrapper( 2470): get all recent tasks force including 5361
07-13 09:22:22.528 I/mtkpower@impl( 1059): [powerd_req] TIMER_MSG_PERF_LOCK_TIMEOUT hdl:246227
07-13 09:22:22.528 I/libPowerHal( 1059): [perfLockRel] hdl:246227, idx:3
07-13 09:22:22.528 I/libPowerHal( 1059): [unsetGPUFreq] current min:0, max:0; scn_gpu_min:0, scn_gpu_max:-1; scn_gpu_min(HL):-1, scn_gpu_max(HL):-1
07-13 09:22:22.528 I/libPowerHal( 1059): system_server: set gpu opp level: 31
07-13 09:22:22.528 I/libPowerHal( 1059): system_server: set gpu opp level max: 0
07-13 09:22:22.528 I/libPowerHal( 1059): [setGPUFreq] Soft min/max = (31, 0); Hard min/max = (31, 0)
07-13 09:22:22.528 I/libPowerHal( 1059): [setGPUFreq] final min/max = (31, 0)
07-13 09:22:22.528 I/libPowerHal( 1059): system_server: set gpu opp level: 31
07-13 09:22:22.528 I/libPowerHal( 1059): system_server: set gpu opp level max: 0
07-13 09:22:22.529 D/BufferQueueConsumer( 2459): [](id:99b00000b2d,api:0,p:-1,c:2459) connect: controlledByApp=false
07-13 09:22:22.532 D/C2MtkBufferManager( 1041): over 5000ms not request from VCodec but callback hooked, slow BM Cc fetch thread
07-13 09:22:22.533 E/OpenGLRenderer( 2459): Unable to match the desired swap behavior.
07-13 09:22:22.540 W/ActivityManager( 1813): Slow operation: 57ms so far, now at startProcess: done updating pids map
07-13 09:22:22.541 D/CoreBackPreview( 1813): Window{82db03c u0 Splash Screen com.skillsroom.mobile}: Setting back callback OnBackInvokedCallbackInfo{mCallback=android.window.IOnBackInvokedCallback$Stub$Proxy@1309fb3, mPriority=0, mIsAnimationCallback=false}
