07-13 09:22:23.055 E/ActivityManagerWrapper( 2470): getRecentTasks: mainTaskId=5344   userId=0   windowMode=1   baseIntent=Intent { act=android.intent.action.MAIN flag=270532608 cmp=ComponentInfo{com.facebook.lite/com.facebook.lite.MainActivity} }
07-13 09:22:23.055 E/ActivityManagerWrapper( 2470): getRecentTasks: mainTaskId=5336   userId=0   windowMode=1   baseIntent=Intent { act=android.intent.action.MAIN flag=270532608 cmp=ComponentInfo{com.google.android.dialer/com.google.android.dialer.extensions.GoogleDialtactsActivity} }
07-13 09:22:23.055 E/ActivityManagerWrapper( 2470): getRecentTasks: mainTaskId=5335   userId=0   windowMode=1   baseIntent=Intent { act=android.intent.action.MAIN flag=270532608 cmp=ComponentInfo{com.shaiban.audioplayer.mplayer/com.shaiban.audioplayer.mplayer.app.navigation.NavigatingActivity} }
07-13 09:22:23.055 E/ActivityManagerWrapper( 2470): getRecentTasks: mainTaskId=5287   userId=0   windowMode=1   baseIntent=Intent { act=android.intent.action.MAIN flag=270532608 cmp=ComponentInfo{ng.mtn.nextgen/ng.mtn.nextgen.MainActivity} }
07-13 09:22:23.055 E/ActivityManagerWrapper( 2470): getRecentTasks: mainTaskId=5273   userId=0   windowMode=1   baseIntent=Intent { act=android.settings.APPLICATION_DEVELOPMENT_SETTINGS flag=268468224 cmp=ComponentInfo{com.android.settings/com.android.settings.Settings$DevelopmentSettingsDashboardActivity} }
07-13 09:22:23.055 E/ActivityManagerWrapper( 2470): getRecentTasks: mainTaskId=5246   userId=0   windowMode=1   baseIntent=Intent { act=android.intent.action.MAIN flag=270532608 cmp=ComponentInfo{cn.xender/cn.xender.ui.activity.SplashActivity} }
07-13 09:22:23.055 E/ActivityManagerWrapper( 2470): getRecentTasks: mainTaskId=5239   userId=0   windowMode=1   baseIntent=Intent { act=android.intent.action.MAIN flag=270532608 cmp=ComponentInfo{com.android.camera/com.android.camera.Camera} }
07-13 09:22:23.056 I/BufferQueueProducer( 1133): [NavigationBar0#77076](this:0xb4000078557c9a30,id:-1,api:0,p:-1,c:1133) queueBuffer: fps=0.13 dur=66957.91 max=66824.94 min=15.05
07-13 09:22:23.057 I/libPerfCtl( 1059): xgfGetFPS pid:2459 fps:-1
07-13 09:22:23.057 I/libPerfCtl( 1059): xgfGetFPS pid:2470 fps:-1
07-13 09:22:23.061 I/gralloc4( 2459): @set_metadata: update dataspace from GM (0x00000000 -> 0x08010000)
07-13 09:22:23.071 D/C2MtkBufferManager( 1041): over 5000ms not request from VCodec but callback hooked, slow BM Cc fetch thread
07-13 09:22:23.071 I/gralloc4( 2459): @set_metadata: update dataspace from GM (0x00000000 -> 0x08010000)
07-13 09:22:23.082 I/gralloc4( 2459): @set_metadata: update dataspace from GM (0x00000000 -> 0x08010000)
07-13 09:22:23.087 D/CompatibilityChangeReporter( 1813): Compat change id reported: 161145287; UID 10174; state: ENABLED
07-13 09:22:23.091 I/gralloc4( 2459): @set_metadata: update dataspace from GM (0x00000000 -> 0x08010000)
07-13 09:22:23.092 D/C2MtkBufferManager( 1041): over 5000ms not request from VCodec but callback hooked, slow BM Cc fetch thread
07-13 09:22:23.098 I/gralloc4( 2459): @set_metadata: update dataspace from GM (0x00000000 -> 0x08010000)
07-13 09:22:23.108 I/gralloc4( 2459): @set_metadata: update dataspace from GM (0x00000000 -> 0x08010000)
07-13 09:22:23.112 D/C2MtkBufferManager( 1041): over 5000ms not request from VCodec but callback hooked, slow BM Cc fetch thread
07-13 09:22:23.117 I/SettingsProvider( 1813): refresh rate settings changed, name:miui_refresh_rate,value:60,pkg:com.miui.powerkeeper
07-13 09:22:23.122 I/gralloc4( 2459): @set_metadata: update dataspace from GM (0x00000000 -> 0x08010000)
07-13 09:22:23.128 I/gralloc4( 2459): @set_metadata: update dataspace from GM (0x00000000 -> 0x08010000)
07-13 09:22:23.133 D/C2MtkBufferManager( 1041): over 5000ms not request from VCodec but callback hooked, slow BM Cc fetch thread
07-13 09:22:23.140 I/gralloc4( 2459): @set_metadata: update dataspace from GM (0x00000000 -> 0x08010000)
07-13 09:22:23.151 I/gralloc4( 2459): @set_metadata: update dataspace from GM (0x00000000 -> 0x08010000)
07-13 09:22:23.153 D/C2MtkBufferManager( 1041): over 5000ms not request from VCodec but callback hooked, slow BM Cc fetch thread
07-13 09:22:23.151 W/ThermalCollecto( 7233): type=1400 audit(0.0:608450): avc:  denied  { read } for  name="charge_counter" dev="sysfs" ino=36942 scontext=u:r:system_app:s0 tcontext=u:object_r:sysfs_batteryinfo:s0 tclass=file permissive=0
07-13 09:22:23.158 E/ThermalInfoUtils( 7233): getCurrentCapacity Exceptionjava.io.FileNotFoundException: /sys/class/power_supply/battery/charge_counter: open failed: EACCES (Permission denied)
07-13 09:22:23.174 D/C2MtkBufferManager( 1041): over 5000ms not request from VCodec but callback hooked, slow BM Cc fetch thread
07-13 09:22:23.194 D/C2MtkBufferManager( 1041): over 5000ms not request from VCodec but callback hooked, slow BM Cc fetch thread
07-13 09:22:23.215 D/C2MtkBufferManager( 1041): over 5000ms not request from VCodec but callback hooked, slow BM Cc fetch thread
07-13 09:22:23.235 D/C2MtkBufferManager( 1041): over 5000ms not request from VCodec but callback hooked, slow BM Cc fetch thread
07-13 09:22:23.240 I/hwcomposer( 1039): [HWCDisplay] [Display_0 (type:1)] fps:39.762783,dur:1005.97,max:243.46,min:9.34  
07-13 09:22:23.253 D/ActivityManager( 1813): getProcessesInErrorState callingUid=10288, CallingPid=19459
07-13 09:22:23.256 D/C2MtkBufferManager( 1041): over 5000ms not request from VCodec but callback hooked, slow BM Cc fetch thread
07-13 09:22:23.269 D/Launcher_UnlockAnimationStateMachine( 2470): mResetIdleStateRunnable
07-13 09:22:23.275 I/mtkpower@impl( 1059): [powerd_req] TIMER_MSG_PERF_LOCK_TIMEOUT hdl:246232
07-13 09:22:23.275 I/libPowerHal( 1059): [perfLockRel] hdl:246232, idx:3
07-13 09:22:23.275 I/libPowerHal( 1059): [unsetGPUFreq] current min:0, max:0; scn_gpu_min:0, scn_gpu_max:-1; scn_gpu_min(HL):-1, scn_gpu_max(HL):-1
07-13 09:22:23.275 I/libPowerHal( 1059): system_server: set gpu opp level: 31
07-13 09:22:23.275 I/libPowerHal( 1059): system_server: set gpu opp level max: 0
07-13 09:22:23.276 I/libPowerHal( 1059): [setGPUFreq] Soft min/max = (31, 0); Hard min/max = (31, 0)
07-13 09:22:23.276 I/libPowerHal( 1059): [setGPUFreq] final min/max = (31, 0)
07-13 09:22:23.276 I/libPowerHal( 1059): system_server: set gpu opp level: 31
07-13 09:22:23.276 I/libPowerHal( 1059): system_server: set gpu opp level max: 0
07-13 09:22:23.276 D/C2MtkBufferManager( 1041): over 5000ms not request from VCodec but callback hooked, slow BM Cc fetch thread
07-13 09:22:23.289 D/ActivityManager( 1813): getProcessesInErrorState callingUid=10279, CallingPid=443
07-13 09:22:23.297 D/C2MtkBufferManager( 1041): over 5000ms not request from VCodec but callback hooked, slow BM Cc fetch thread
07-13 09:22:23.317 D/C2MtkBufferManager( 1041): over 5000ms not request from VCodec but callback hooked, slow BM Cc fetch thread
07-13 09:22:23.338 D/C2MtkBufferManager( 1041): over 5000ms not request from VCodec but callback hooked, slow BM Cc fetch thread
07-13 09:22:23.358 D/C2MtkBufferManager( 1041): over 5000ms not request from VCodec but callback hooked, slow BM Cc fetch thread
07-13 09:22:23.378 D/C2MtkBufferManager( 1041): over 5000ms not request from VCodec but callback hooked, slow BM Cc fetch thread
07-13 09:22:23.399 D/C2MtkBufferManager( 1041): over 5000ms not request from VCodec but callback hooked, slow BM Cc fetch thread
07-13 09:22:23.406 D/nativeloader( 8370): Load /data/app/~~Z-HmI1stqjfbfkWhJgGGiQ==/com.google.android.googlequicksearchbox-QHCqd3nTI1c_r9Njs0kq1w==/base.apk!/lib/arm64-v8a/libnative_crash_handler_jni.so using class loader ns clns-5 (caller=/data/app/~~Z-HmI1stqjfbfkWhJgGGiQ==/com.google.android.googlequicksearchbox-QHCqd3nTI1c_r9Njs0kq1w==/base.apk!classes2.dex): ok
07-13 09:22:23.419 D/C2MtkBufferManager( 1041): over 5000ms not request from VCodec but callback hooked, slow BM Cc fetch thread
07-13 09:22:23.431 I/eqpd    ( 8370): SslGuard completed installation.
07-13 09:22:23.440 D/C2MtkBufferManager( 1041): over 5000ms not request from VCodec but callback hooked, slow BM Cc fetch thread
07-13 09:22:23.460 D/C2MtkBufferManager( 1041): over 5000ms not request from VCodec but callback hooked, slow BM Cc fetch thread
07-13 09:22:23.476 D/CompatibilityChangeReporter( 8370): Compat change id reported: 247079863; UID 10174; state: ENABLED
07-13 09:22:23.480 D/BoundBrokerSvc( 8414): onBind: Intent { act=com.google.android.mobstore.service.START pkg=com.google.android.gms }
07-13 09:22:23.480 D/BoundBrokerSvc( 8414): Loading bound service for intent: Intent { act=com.google.android.mobstore.service.START pkg=com.google.android.gms }
07-13 09:22:23.481 D/C2MtkBufferManager( 1041): over 5000ms not request from VCodec but callback hooked, slow BM Cc fetch thread
07-13 09:22:23.482 I/mtkpower@impl( 1059): [powerd_req] TIMER_MSG_PERF_LOCK_TIMEOUT hdl:246233
07-13 09:22:23.482 I/libPowerHal( 1059): [perfLockRel] hdl:246233, idx:8
07-13 09:22:23.491 I/ClipboardServiceI( 1813): checkProviderWakePathForClipboard: primaryClip is null
07-13 09:22:23.501 D/C2MtkBufferManager( 1041): over 5000ms not request from VCodec but callback hooked, slow BM Cc fetch thread
07-13 09:22:23.515 I/dbgk    ( 8370): Initializing GMS Compliance Client Library...
07-13 09:22:23.515 I/dbgk    ( 8370): Checking for device compliance...
07-13 09:22:23.515 I/ClipboardServiceI( 1813): checkProviderWakePathForClipboard: primaryClip is null
07-13 09:22:23.515 I/dbgk    ( 8370): Completed library init.
07-13 09:22:23.517 I/ActivityManager( 1813): Flag disabled. Ignoring finishAttachApplication from uid: 10174. pid: 8370
07-13 09:22:23.522 D/C2MtkBufferManager( 1041): over 5000ms not request from VCodec but callback hooked, slow BM Cc fetch thread
07-13 09:22:23.522 W/Looper  ( 8370): PerfMonitor longMsg : seq=2 plan=09:22:22.425 late=2ms wall=1092ms h=android.app.ActivityThread$H w=110 procState=-1
07-13 09:22:23.531 I/ClipboardServiceI( 1813): checkProviderWakePathForClipboard: primaryClip is null
07-13 09:22:23.532 D/CompatibilityChangeReporter( 1813): Compat change id reported: 135634846; UID 10157; state: DISABLED
07-13 09:22:23.532 D/CompatibilityChangeReporter( 1813): Compat change id reported: 177438394; UID 10157; state: DISABLED
07-13 09:22:23.532 D/CompatibilityChangeReporter( 1813): Compat change id reported: 135772972; UID 10157; state: DISABLED
07-13 09:22:23.532 D/CompatibilityChangeReporter( 1813): Compat change id reported: 135754954; UID 10157; state: ENABLED
07-13 09:22:23.532 D/CompatibilityChangeReporter( 1813): Compat change id reported: 143937733; UID 10157; state: ENABLED
07-13 09:22:23.542 D/C2MtkBufferManager( 1041): over 5000ms not request from VCodec but callback hooked, slow BM Cc fetch thread
07-13 09:22:23.544 D/Zygote  ( 1023): Forked child process 8444
07-13 09:22:23.547 I/ActivityManager( 1813): Start proc 8444:com.google.process.gservices/u0a157 for content provider {com.google.android.gsf/com.google.android.gsf.gservices.GservicesProvider} caller=com.google.android.googlequicksearchbox
07-13 09:22:23.551 E/Zygote  ( 8444): process_name_ptr:8444 com.google.process.gservices
07-13 09:22:23.563 D/C2MtkBufferManager( 1041): over 5000ms not request from VCodec but callback hooked, slow BM Cc fetch thread
07-13 09:22:23.564 I/ocess.gservices( 8444): Using generational CollectorTypeCC GC.
07-13 09:22:23.566 I/fomw    ( 8370): (REDACTED) Scoped context discovery schemas: %s.
07-13 09:22:23.578 D/nativeloader( 8444): Load libframework-connectivity-tiramisu-jni.so using APEX ns com_android_tethering for caller /apex/com.android.tethering/javalib/framework-connectivity-t.jar: ok
07-13 09:22:23.583 D/C2MtkBufferManager( 1041): over 5000ms not request from VCodec but callback hooked, slow BM Cc fetch thread
07-13 09:22:23.587 I/MessageMonitor( 8444): Load libmiui_runtime
07-13 09:22:23.595 D/SymlinkUtils( 1813): attachApplication file op go pass: 2 ms
07-13 09:22:23.596 I/SmartPower: com.google.process.gservices/10157(8444)( 1813): died->background(107353ms) R(process start ) adj=-10000.
07-13 09:22:23.597 D/CompatibilityChangeReporter( 1813): Compat change id reported: 168419799; UID 10157; state: DISABLED
07-13 09:22:23.597 D/CompatibilityChangeReporter( 1813): Compat change id reported: 273564678; UID 10157; state: DISABLED
07-13 09:22:23.603 D/CompatibilityChangeReporter( 8444): Compat change id reported: 171979766; UID 10157; state: ENABLED
07-13 09:22:23.603 D/CompatibilityChangeReporter( 8444): Compat change id reported: 242716250; UID 10157; state: ENABLED
07-13 09:22:23.604 D/C2MtkBufferManager( 1041): over 5000ms not request from VCodec but callback hooked, slow BM Cc fetch thread
07-13 09:22:23.624 D/C2MtkBufferManager( 1041): over 5000ms not request from VCodec but callback hooked, slow BM Cc fetch thread
07-13 09:22:23.629 D/nativeloader( 8444): Configuring clns-shared-4 for other apk /system/framework/org.apache.http.legacy.jar. target_sdk_version=34, uses_libraries=ALL, library_path=/system_ext/priv-app/GoogleServicesFramework/lib/arm64:/system_ext/priv-app/GoogleServicesFramework/GoogleServicesFramework.apk!/lib/arm64-v8a:/system/lib64:/system_ext/lib64, permitted_path=/data:/mnt/expand:/data/user/0/com.google.android.gsf:/system_ext/priv-app/GoogleServicesFramework:/system/lib64:/system_ext/lib64
07-13 09:22:23.629 D/nativeloader( 8444): Extending system_exposed_libraries: libapuwareapusys.mtk.so:libapuwareapusys_v2.mtk.so:libapuwarexrp.mtk.so:libapuwarexrp_v2.mtk.so:libapuwareutils.mtk.so:libapuwareutils_v2.mtk.so:libapuwarehmp.mtk.so:libmcv_runtime_usdk.mtk.so:libneuron_graph_delegate.mtk.so:libneuronusdk_adapter.mtk.so:libtflite_mtk.mtk.so:libarmnn_ndk.mtk.so:libcmdl_ndk.mtk.so:libnir_neon_driver_ndk.mtk.so:libmvpu_runtime.mtk.so:libmvpu_runtime_pub.mtk.so:libmvpu_engine_pub.mtk.so:libmvpu_pattern_pub.mtk.so:libmvpuop_mtk_cv.mtk.so:libmvpuop_mtk_nn.mtk.so:libmvpu_runtime_25.mtk.so:libmvpu_runtime_25_pub.mtk.so:libmvpu_engine_25_pub.mtk.so:libmvpu_pattern_25_pub.mtk.so:libmvpuop25_mtk_cv.mtk.so:libmvpuop25_mtk_nn.mtk.so:libmvpu_config.mtk.so:libteeservice_client.trustonic.so:libmisys_jni.xiaomi.so
07-13 09:22:23.644 I/bzac    ( 8370): (REDACTED) Dismissing old window %s
07-13 09:22:23.645 D/C2MtkBufferManager( 1041): over 5000ms not request from VCodec but callback hooked, slow BM Cc fetch thread
07-13 09:22:23.650 I/bzak    ( 8370): (REDACTED) onDestroy: isRecreating: %s
07-13 09:22:23.660 D/nativeloader( 8444): Configuring clns-shared-5 for other apk /system_ext/priv-app/GoogleServicesFramework/GoogleServicesFramework.apk. target_sdk_version=34, uses_libraries=, library_path=/system_ext/priv-app/GoogleServicesFramework/lib/arm64:/system_ext/priv-app/GoogleServicesFramework/GoogleServicesFramework.apk!/lib/arm64-v8a:/system/lib64:/system_ext/lib64, permitted_path=/data:/mnt/expand:/data/user/0/com.google.android.gsf:/system_ext/priv-app/GoogleServicesFramework:/system/lib64:/system_ext/lib64
07-13 09:22:23.665 D/C2MtkBufferManager( 1041): over 5000ms not request from VCodec but callback hooked, slow BM Cc fetch thread
07-13 09:22:23.666 I/bzac    ( 8370): (REDACTED) Created new binder managed window %s
07-13 09:22:23.666 I/bzac    ( 8370): (REDACTED) WindowRefsActive: %d, TouchableWindowRefsActive: %b
07-13 09:22:23.666 I/bzak    ( 8370): (REDACTED) MinusoneConfigDbg windowAttached config=%s
07-13 09:22:23.666 I/bzak    ( 8370): (REDACTED) windowAttached start logFlowId=%s, configuration=%s, acetoneState=%s, overlayWindow=%s, fragmentHost=%s, binderManagedWindow=%s, params=%s
07-13 09:22:23.676 I/bzak    ( 8370): (REDACTED) onDestroy: isRecreating: %s
07-13 09:22:23.676 I/bzak    ( 8370): (REDACTED) initWindow for %s with token %s
07-13 09:22:23.679 W/WindowOnBackDispatcher( 8370): OnBackInvokedCallback is not enabled for the application.
07-13 09:22:23.679 W/WindowOnBackDispatcher( 8370): Set 'android:enableOnBackInvokedCallback="true"' in the application manifest.
07-13 09:22:23.687 D/C2MtkBufferManager( 1041): over 5000ms not request from VCodec but callback hooked, slow BM Cc fetch thread
07-13 09:22:23.700 D/nativeloader( 8444): Load libframework-connectivity-jni.so using APEX ns com_android_tethering for caller /apex/com.android.tethering/javalib/framework-connectivity.jar: ok
07-13 09:22:23.707 D/C2MtkBufferManager( 1041): over 5000ms not request from VCodec but callback hooked, slow BM Cc fetch thread
07-13 09:22:23.709 V/GraphicsEnvironment( 8444): Currently set values for:
07-13 09:22:23.709 V/GraphicsEnvironment( 8444):   angle_gl_driver_selection_pkgs=[]
07-13 09:22:23.709 V/GraphicsEnvironment( 8444):   angle_gl_driver_selection_values=[]
07-13 09:22:23.709 V/GraphicsEnvironment( 8444): ANGLE GameManagerService for com.google.android.gsf: false
07-13 09:22:23.710 V/GraphicsEnvironment( 8444): com.google.android.gsf is not listed in per-application setting
07-13 09:22:23.710 V/GraphicsEnvironment( 8444): Neither updatable production driver nor prerelease driver is supported.
07-13 09:22:23.710 D/CompatibilityChangeReporter( 8370): Compat change id reported: 210923482; UID 10174; state: ENABLED
07-13 09:22:23.714 I/ForceDarkHelperStubImpl( 8444): initialize for com.google.android.gsf , ForceDarkOrigin
07-13 09:22:23.719 D/nativeloader( 8444): Load libforcedarkimpl.so using system ns (caller=/system_ext/framework/miui-framework.jar): ok
07-13 09:22:23.719 D/OpenGLRenderer( 8444): JNI_OnLoad success
07-13 09:22:23.719 I/MiuiForceDarkConfig( 8444): setConfig density:2.000000, mainRule:0, secondaryRule:0, tertiaryRule:0
07-13 09:22:23.727 D/C2MtkBufferManager( 1041): over 5000ms not request from VCodec but callback hooked, slow BM Cc fetch thread
07-13 09:22:23.741 I/GservicesProvider( 8444): Gservices pushing to system: true; secure/global: true
07-13 09:22:23.743 I/ClipboardServiceI( 1813): checkProviderWakePathForClipboard: primaryClip is null
07-13 09:22:23.748 D/C2MtkBufferManager( 1041): over 5000ms not request from VCodec but callback hooked, slow BM Cc fetch thread
07-13 09:22:23.754 D/ActivityManager( 1813): getProcessesInErrorState callingUid=10288, CallingPid=19459
07-13 09:22:23.761 I/SurfaceFactory( 8370): [static] sSurfaceFactory = com.mediatek.view.impl.SurfaceFactoryImpl@bad1fda
07-13 09:22:23.762 D/SurfaceFlinger( 1133): [SF client] NEW(0xb40000786c235880) for (8370:com.google.android.googlequicksearchbox:googleapp)
07-13 09:22:23.765 D/CompatibilityChangeReporter( 8370): Compat change id reported: 237531167; UID 10174; state: DISABLED
07-13 09:22:23.766 W/ActivityManager( 1813): Unable to start service Intent { act=com.google.android.gms.gservices.START pkg=com.google.android.gms } U=0: not found
07-13 09:22:23.768 W/ActivityManager( 1813): Unbind failed: could not find connection for android.os.BinderProxy@ea90683
07-13 09:22:23.768 D/C2MtkBufferManager( 1041): over 5000ms not request from VCodec but callback hooked, slow BM Cc fetch thread
07-13 09:22:23.769 E/GmsClient( 8444): unable to connect to service: com.google.android.gms.gservices.START on com.google.android.gms
07-13 09:22:23.769 D/SoScUtils( 2459): monitorTransitionFinished transition:android.os.BinderProxy@4b3dc16 transaction: android.view.SurfaceControl$Transaction@7b39811 mRequestCloseTransition:null mRequestOpenTransition:null mStartTransition:null mRequestOpenTriggerTask:-1 mRequestCloseTriggerTask:-1 mOrientationTransition: null mMainStartingTask:-1 mSideStartingTask:-1
07-13 09:22:23.774 D/MI-SF   ( 1133): updateScene: module = 268 (Unknown), value = 0, pkg = perf_interaction
07-13 09:22:23.774 I/DisplayModeDirectorImpl( 1813): onDesiredDisplayModeSpecsChanged:baseModeId=2 allowGroupSwitching=false primary=physical: (0.0 Infinity) render:  (0.0 60.0) appRequest=physical: (0.0 Infinity) render:  (0.0 60.0) noVotes=false
07-13 09:22:23.777 W/WindowManager( 1813): Exception thrown during dispatchAppVisibility Window{4230ba3 u0 com.skillsroom.mobile/com.skillsroom.mobile.MainActivity EXITING}
07-13 09:22:23.777 W/WindowManager( 1813): android.os.DeadObjectException
07-13 09:22:23.777 W/WindowManager( 1813): 	at android.os.BinderProxy.transactNative(Native Method)
07-13 09:22:23.777 W/WindowManager( 1813): 	at android.os.BinderProxy.transact(BinderProxy.java:639)
07-13 09:22:23.777 W/WindowManager( 1813): 	at android.view.IWindow$Stub$Proxy.dispatchAppVisibility(IWindow.java:675)
07-13 09:22:23.777 W/WindowManager( 1813): 	at com.android.server.wm.WindowState.sendAppVisibilityToClients(WindowState.java:3502)
07-13 09:22:23.777 W/WindowManager( 1813): 	at com.android.server.wm.WindowContainer.sendAppVisibilityToClients(WindowContainer.java:1302)
07-13 09:22:23.777 W/WindowManager( 1813): 	at com.android.server.wm.WindowToken.setClientVisible(WindowToken.java:420)
07-13 09:22:23.777 W/WindowManager( 1813): 	at com.android.server.wm.ActivityRecord.setClientVisible(ActivityRecord.java:7995)
07-13 09:22:23.777 W/WindowManager( 1813): 	at com.android.server.wm.ActivityRecord.postApplyAnimation(ActivityRecord.java:6566)
07-13 09:22:23.777 W/WindowManager( 1813): 	at com.android.server.wm.ActivityRecord.commitVisibility(ActivityRecord.java:6508)
07-13 09:22:23.777 W/WindowManager( 1813): 	at com.android.server.wm.Transition.finishTransition(Transition.java:1340)
07-13 09:22:23.777 W/WindowManager( 1813): 	at com.android.server.wm.TransitionController.finishTransition(TransitionController.java:991)
07-13 09:22:23.777 W/WindowManager( 1813): 	at com.android.server.wm.WindowOrganizerController.finishTransition(WindowOrganizerController.java:442)
07-13 09:22:23.777 W/WindowManager( 1813): 	at android.window.IWindowOrganizerController$Stub.onTransact(IWindowOrganizerController.java:304)
07-13 09:22:23.777 W/WindowManager( 1813): 	at com.android.server.wm.WindowOrganizerController.onTransact(WindowOrganizerController.java:207)
07-13 09:22:23.777 W/WindowManager( 1813): 	at android.os.Binder.execTransactInternal(Binder.java:1351)
07-13 09:22:23.777 W/WindowManager( 1813): 	at android.os.Binder.execTransact(Binder.java:1282)
07-13 09:22:23.777 W/Process ( 1813): Unable to open /proc/4669/status
07-13 09:22:23.777 W/WindowManager( 1813): The process may be dead, tid:4669,tgid:-1
07-13 09:22:23.786 D/FramePredict( 8370): FramePredict init: true
07-13 09:22:23.786 I/PowerManagerServiceImpl( 1813): Release wakelock: SCREEN_BRIGHT_WAKE_LOCK        'WindowManager/displayId:0' ON_AFTER_RELEASE DISABLED ACQ=-1m48s39ms (uid=1000 pid=1813 pkg=android ws=WorkSource{10210 com.skillsroom.mobile})
07-13 09:22:23.788 D/FramePredict( 8370): init success
07-13 09:22:23.789 D/C2MtkBufferManager( 1041): over 5000ms not request from VCodec but callback hooked, slow BM Cc fetch thread
07-13 09:22:23.789 D/WindowManager( 1813): setParent old=ActivityRecord{a70746e u0 com.skillsroom.mobile/.MainActivity t5360 f}},new=null,this window=Window{4230ba3 u0 com.skillsroom.mobile/com.skillsroom.mobile.MainActivity EXITING},callers=com.android.server.wm.WindowContainer.removeChild:831 com.android.server.wm.ActivityRecord.removeChild:5163 com.android.server.wm.ActivityRecord.removeChild:458 com.android.server.wm.WindowContainer.removeImmediately:889 com.android.server.wm.WindowState.removeImmediately:2490 com.android.server.wm.WindowState.removeIfPossible:2662 
07-13 09:22:23.790 I/WindowManager( 1813): cancelAnimation removed leash : Surface(name=Surface(name=143addc InputMethod#139)/@0x3f7a46b - animation-leash of insets_animation#78176)/@0x750f6f5
07-13 09:22:23.790 E/BufferQueueDebug( 1133): [Surface(name=143addc InputMethod#139)/@0x3f7a46b - animation-leash of insets_animation#78198](this:0xb40000785b3b3a30,id:-1,api:0,p:-1,c:-1) id info cannot be read from 'Surface(name=143addc InputMethod#139)/@0x3f7a46b - animation-leash of insets_animation#78198'
07-13 09:22:23.791 D/ActivityManager( 1813): getProcessesInErrorState callingUid=10279, CallingPid=443
07-13 09:22:23.791 I/BufferQueueDebug( 1133): [Surface(name=143addc InputMethod#139)/@0x3f7a46b - animation-leash of insets_animation#78198](this:0xb40000785b3b3a30,id:-1,api:0,p:-1,c:-1) BufferQueue core=(1133:/system/bin/surfaceflinger)
07-13 09:22:23.791 W/ActivityManager( 1813): Permission Denial: getCurrentUser() from pid=8370, uid=10174 requires android.permission.INTERACT_ACROSS_USERS
07-13 09:22:23.793 I/MI-SF   ( 1133): surfaceflinger setAffinity mode=0
07-13 09:22:23.795 W/OpenGLRenderer( 8370): Unknown dataspace 0
07-13 09:22:23.797 D/WindowManager( 1813): setParent old=Task{6f470f #5360 type=standard A=10210:com.skillsroom.mobile},new=null,this window=ActivityRecord{a70746e u0 com.skillsroom.mobile/.MainActivity t5360 f}},callers=com.android.server.wm.WindowContainer.removeChild:831 com.android.server.wm.TaskFragment.removeChild:3100 com.android.server.wm.Task.removeChild:1815 com.android.server.wm.Task.removeChild:1795 com.android.server.wm.WindowContainer.removeImmediately:889 com.android.server.wm.WindowToken.removeImmediately:376 
07-13 09:22:23.798 E/BufferQueueDebug( 1133): [Task=5360#78199](this:0xb40000785b420a30,id:-1,api:0,p:-1,c:-1) id info cannot be read from 'Task=5360#78199'
07-13 09:22:23.798 I/BufferQueueDebug( 1133): [Task=5360#78199](this:0xb40000785b420a30,id:-1,api:0,p:-1,c:-1) BufferQueue core=(1133:/system/bin/surfaceflinger)
07-13 09:22:23.801 D/WindowManager( 1813): setParent old=DefaultTaskDisplayArea@53641789,new=null,this window=Task{6f470f #5360 type=standard A=10210:com.skillsroom.mobile},callers=com.android.server.wm.WindowContainer.removeChild:831 com.android.server.wm.TaskDisplayArea.removeChildTask:359 com.android.server.wm.TaskDisplayArea.removeChild:350 com.android.server.wm.WindowContainer.removeImmediately:889 com.android.server.wm.TaskFragment.removeImmediately:3184 com.android.server.wm.Task.removeImmediately:3213 
07-13 09:22:23.801 D/MiuiMultiWindowUtils( 1813): DeviceLevel.IS_MIUI_LITE_VERSION 2.0 not support miui multiWindowgale
07-13 09:22:23.801 D/MiuiMultiWindowUtils( 1813): DeviceLevel.IS_MIUI_LITE_VERSION 2.0 not support miui multiWindowgale
07-13 09:22:23.801 I/BufferQueueDebug( 1133): [Transition Root: Task=5361#78193](this:0xb400007855908a30,id:-1,api:0,p:-1,c:1133) onDestructor()
07-13 09:22:23.801 I/BufferQueueDebug( 1133): [d348fe9 ActivityRecordInputSink com.skillsroom.mobile/.MainActivity#78174](this:0xb400007855b30a30,id:-1,api:0,p:-1,c:1133) onDestructor()
07-13 09:22:23.802 D/SurfaceFlinger( 1133): setDesiredDisplayModeSpecs: defaultMode：1 primaryRangesMin:0.000000 primaryRangesMax:60.000000appRequestRangesMin:0.000000 appRequestRangesMax:60.000000
07-13 09:22:23.802 D/MiuiFullScreenTaskRepository( 2459): addOrUpdateFullScreenTaskInfo taskId=5360, topActivity=null
07-13 09:22:23.803 E/FramePredict( 8370): registerContentObserver fail
07-13 09:22:23.805 I/ActivityManager( 1813): Flag disabled. Ignoring finishAttachApplication from uid: 10157. pid: 8444
07-13 09:22:23.805 W/ActivityTaskManager( 1813): Can't find TaskDisplayArea to determine support for multi window. Task id=5360 attached=false
07-13 09:22:23.807 I/RefreshRateSelector( 1133): Display 0 policy changed
07-13 09:22:23.807 I/RefreshRateSelector( 1133): Previous: {defaultModeId=1, allowGroupSwitching=false, primaryRanges={physical=[0.00 Hz, inf Hz], render=[0.00 Hz, 90.00 Hz]}, appRequestRanges={physical=[0.00 Hz, inf Hz], render=[0.00 Hz, 90.00 Hz]}}
07-13 09:22:23.807 I/RefreshRateSelector( 1133): Current:  DisplayManagerPolicy{defaultModeId=1, allowGroupSwitching=false, primaryRanges={physical=[0.00 Hz, inf Hz], render=[0.00 Hz, 60.00 Hz]}, appRequestRanges={physical=[0.00 Hz, inf Hz], render=[0.00 Hz, 60.00 Hz]}}
07-13 09:22:23.807 I/RefreshRateSelector( 1133): 0 mode changes were performed under the previous policy
07-13 09:22:23.807 D/SurfaceFlinger( 1133): MtkOverrideDuration: update vsync 60
07-13 09:22:23.807 E/SurfaceFlinger( 1133): MtkDuration override mode is disabled
07-13 09:22:23.807 D/SurfaceFlinger( 1133): MtkOverrideDuration: reset override duration
07-13 09:22:23.808 D/MiuiFullScreenTaskRepository( 2459): removeFullScreenTask taskId=5360, topActivity=null
07-13 09:22:23.809 D/RecentsModel( 2470): onTaskStackChangedBackground
07-13 09:22:23.809 D/C2MtkBufferManager( 1041): over 5000ms not request from VCodec but callback hooked, slow BM Cc fetch thread
07-13 09:22:23.809 D/EventBus( 2470): No subscribers registered for event class com.miui.home.recents.messages.RecentTasksChangedEvent
07-13 09:22:23.809 D/RecentsModel( 2470): onTaskStackChangedBackground    MSG_TASK_STACK_CHANGE
07-13 09:22:23.809 D/RecentsModel( 2470): preloadRecents
07-13 09:22:23.809 W/RecentsModel( 2470): getRunningTask
07-13 09:22:23.809 D/EventBus( 2470): No subscribers registered for event class org.greenrobot.eventbus.NoSubscriberEvent
07-13 09:22:23.810 W/ActivityManager( 1813): setHasOverlayUi called on unknown pid: 4669
07-13 09:22:23.812 I/BufferQueueDebug( 1133): [4230ba3 com.skillsroom.mobile/com.skillsroom.mobile.MainActivity#78139](this:0xb400007855b38a30,id:-1,api:0,p:-1,c:1133) onDestructor()
07-13 09:22:23.813 I/BufferQueueDebug( 1133): [com.skillsroom.mobile/com.skillsroom.mobile.MainActivity#78175](this:0xb400007855b75a30,id:-1,api:0,p:-1,c:1133) onDestructor()
07-13 09:22:23.813 E/BpTransactionCompletedListener( 1133): Failed to transact (-32)
07-13 09:22:23.814 I/BufferQueueDebug( 1133): [Surface(name=143addc InputMethod#139)/@0x3f7a46b - animation-leash of insets_animation#78176](this:0xb400007855ba4a30,id:-1,api:0,p:-1,c:1133) onDestructor()
07-13 09:22:23.815 I/gralloc4( 1133): @set_metadata: update dataspace from GM (0x00000000 -> 0x08010000)
07-13 09:22:23.816 I/hwcomposer( 1039): [HWC] (0) displaySetActiveConfig config:0  
07-13 09:22:23.816 W/RecentsModel( 2470): getRunningTask   taskInfo=TaskInfo{userId=0 taskId=5361 displayId=0 isRunning=true baseIntent=Intent { flg=0x10000000 cmp=com.skillsroom.mobile/.MainActivity } baseActivity=ComponentInfo{com.skillsroom.mobile/com.skillsroom.mobile.MainActivity} topActivity=ComponentInfo{com.skillsroom.mobile/com.skillsroom.mobile.MainActivity} origActivity=null realActivity=ComponentInfo{com.skillsroom.mobile/com.skillsroom.mobile.MainActivity} numActivities=1 lastActiveTime=692543471 supportsSplitScreenMultiWindow=true supportsMultiWindow=true resizeMode=1 isResizeable=true minWidth=-1 minHeight=-1 defaultMinSize=200 token=WCT{android.window.IWindowContainerToken$Stub$Proxy@a512be7} topActivityType=1 pictureInPictureParams=null shouldDockBigOverlays=false launchIntoPipHostTaskId=-1 lastParentTaskIdBeforePip=-1 displayCutoutSafeInsets=Rect(0, 68 - 0, 0) topActivityInfo=ActivityInfo{b9a4394 com.skillsroom.mobile.MainActivity} launchCookies=[] positionInParent=Point(0, 0) parentTaskId=-1 isFocused=true isVisible=true isVisibleRequested=true isSleeping=false topActivityInSizeCompat=false topActivityEligibleForLetterboxEducation= false topActivityLetterboxed= false isFromDoubleTap= false topActivityLetterboxVerticalPosition= -1 topActivityLetterboxHorizontalPosition= -1 topActivityLetterboxWidth=-1 topActivityLetterboxHeight=-1 locusId=null displayAreaFeatureId=1 cameraCompatControlState=hidden mIsCastMode=false mTopActivityMediaSize=null mTopActivityRecordName=ActivityRecord{42f66d6 u0 com.skillsroom.mobile/.MainActivity t5361} mTopActivityOrientation=1 mTopActivityWindowIsNowVisible=false isTranslucent=false isEmbedded=false shouldBeVisible=true mBehindAppLockPkg=null mOriginatingUid=0}
07-13 09:22:23.816 W/RecentsModel( 2470): getTaskInfoIgnoreHomeAndFreeform   taskInfo=ComponentInfo{com.skillsroom.mobile/com.skillsroom.mobile.MainActivity}
07-13 09:22:23.817 E/ActivityManagerWrapper( 2470): get all recent tasks force including 5361
07-13 09:22:23.817 W/libc    ( 8370): Access denied finding property "ro.vendor.display.iris_x7.support"
07-13 09:22:23.822 I/BufferQueueDebug( 1133): [ActivityRecord{a70746e u0 com.skillsroom.mobile/.MainActivity t5360}#78126](this:0xb4000078558cfa30,id:-1,api:0,p:-1,c:1133) onDestructor()
07-13 09:22:23.822 I/BufferQueueDebug( 1133): [Task=5360#78199](this:0xb40000785b420a30,id:-1,api:0,p:-1,c:1133) onDestructor()
07-13 09:22:23.823 E/ActivityManagerWrapper( 2470): getRecentTasks: size=9
07-13 09:22:23.823 E/ActivityManagerWrapper( 2470): getRecentTasks: mainTaskId=5361   userId=0   windowMode=1   baseIntent=Intent { act=null flag=268435456 cmp=ComponentInfo{com.skillsroom.mobile/com.skillsroom.mobile.MainActivity} }
07-13 09:22:23.823 E/ActivityManagerWrapper( 2470): getRecentTasks: mainTaskId=5341   userId=0   windowMode=1   baseIntent=Intent { act=android.intent.action.MAIN flag=270532608 cmp=ComponentInfo{com.whatsapp.w4b/com.whatsapp.Main} }
07-13 09:22:23.823 E/ActivityManagerWrapper( 2470): getRecentTasks: mainTaskId=5344   userId=0   windowMode=1   baseIntent=Intent { act=android.intent.action.MAIN flag=270532608 cmp=ComponentInfo{com.facebook.lite/com.facebook.lite.MainActivity} }
07-13 09:22:23.823 E/ActivityManagerWrapper( 2470): getRecentTasks: mainTaskId=5336   userId=0   windowMode=1   baseIntent=Intent { act=android.intent.action.MAIN flag=270532608 cmp=ComponentInfo{com.google.android.dialer/com.google.android.dialer.extensions.GoogleDialtactsActivity} }
07-13 09:22:23.823 E/ActivityManagerWrapper( 2470): getRecentTasks: mainTaskId=5335   userId=0   windowMode=1   baseIntent=Intent { act=android.intent.action.MAIN flag=270532608 cmp=ComponentInfo{com.shaiban.audioplayer.mplayer/com.shaiban.audioplayer.mplayer.app.navigation.NavigatingActivity} }
07-13 09:22:23.823 E/ActivityManagerWrapper( 2470): getRecentTasks: mainTaskId=5287   userId=0   windowMode=1   baseIntent=Intent { act=android.intent.action.MAIN flag=270532608 cmp=ComponentInfo{ng.mtn.nextgen/ng.mtn.nextgen.MainActivity} }
07-13 09:22:23.823 E/ActivityManagerWrapper( 2470): getRecentTasks: mainTaskId=5273   userId=0   windowMode=1   baseIntent=Intent { act=android.settings.APPLICATION_DEVELOPMENT_SETTINGS flag=268468224 cmp=ComponentInfo{com.android.settings/com.android.settings.Settings$DevelopmentSettingsDashboardActivity} }
07-13 09:22:23.823 E/ActivityManagerWrapper( 2470): getRecentTasks: mainTaskId=5246   userId=0   windowMode=1   baseIntent=Intent { act=android.intent.action.MAIN flag=270532608 cmp=ComponentInfo{cn.xender/cn.xender.ui.activity.SplashActivity} }
07-13 09:22:23.823 E/ActivityManagerWrapper( 2470): getRecentTasks: mainTaskId=5239   userId=0   windowMode=1   baseIntent=Intent { act=android.intent.action.MAIN flag=270532608 cmp=ComponentInfo{com.android.camera/com.android.camera.Camera} }
07-13 09:22:23.824 I/DisplayDeviceRepository( 1813): Display device changed: DisplayDeviceInfo{"Built-in Screen": uniqueId="local:0", 720 x 1600, modeId 1, renderFrameRate 60.0, defaultModeId 2, supportedModes [{id=1, width=720, height=1600, fps=60.0, alternativeRefreshRates=[90.0], supportedHdrTypes=[]}, {id=2, width=720, height=1600, fps=90.0, alternativeRefreshRates=[60.0], supportedHdrTypes=[]}], colorMode 0, supportedColorModes [0], hdrCapabilities HdrCapabilities{mSupportedHdrTypes=[], mMaxLuminance=500.0, mMaxAverageLuminance=500.0, mMinLuminance=0.0}, allmSupported false, gameContentTypeSupported false, density 320, 260.105 x 260.112 dpi, appVsyncOff 5400001, presDeadline 28600000, cutout DisplayCutout{insets=Rect(0, 68 - 0, 0) waterfall=Insets{left=0, top=0, right=0, bottom=0} boundingRect={Bounds=[Rect(0, 0 - 0, 0), Rect(320, 0 - 400, 68), Rect(0, 0 - 0, 0), Rect(0, 0 - 0, 0)]} cutoutPathParserInfo={CutoutPathParserInfo{displayWidth=720 displayHeight=1600 physicalDisplayWidth=720 physicalDisplayHeight=1600 density={2.0} cutoutSpec={M 0,0 H -40 V 68 H 40 V 0 H 0 Z} rotation={0} scale={1.0} physicalPixelDisplaySizeRatio={1.0}}}}, touch INTERNAL, rotation 0, type INTERNAL, address {port=0}, deviceProductInfo null, state ON, committedState ON, frameRateOverride , brightnessMinimum 0.0, brightnessMaximum 1.0, brightnessDefault 0.14956012, hdrSdrRatio NaN, roundedCorners RoundedCorners{[RoundedCorner{position=TopLeft, radius=66, center=Point(66, 66)}, RoundedCorner{position=TopRight, radius=66, center=Point(654, 66)}, RoundedCorner{position=BottomRight, radius=66, center=Point(654, 1534)}, RoundedCorner{position=BottomLeft, radius=66, center=Point(66, 1534)}]}, FLAG_ALLOWED_TO_BE_DEFAULT_DISPLAY, FLAG_ROTATES_WITH_CONTENT, FLAG_SECURE, FLAG_SUPPORTS_PROTECTED_BUFFERS, FLAG_TRUSTED, installOrientation 0, displayShape DisplayShape{ spec=2134893525 displayWidth=720 displayHeight=1600 physicalPixelDisplaySizeRatio=1.0 rotation=0 offsetX=0 offsetY=0 scale=1.0}}
07-13 09:22:23.824 D/VRI[GoogleDiscoverWindow]( 8370): hardware acceleration = true, forceHwAccelerated = false
07-13 09:22:23.829 W/Launcher( 2470): onDisplayChanged: newRotation=0, mCurrentRotation=0
07-13 09:22:23.830 D/C2MtkBufferManager( 1041): over 5000ms not request from VCodec but callback hooked, slow BM Cc fetch thread
07-13 09:22:23.835 I/BtGatt.ScanManager(29492): msg.what = MSG_SCREEN_ON, msg.arg1 = None
07-13 09:22:23.835 V/AutoDensityController( 2459): on display changed 0 context dpi:296 origin dpi:320 target dpi:296
07-13 09:22:23.842 D/nativeloader( 8388): Configuring clns-4 for other apk /data/app/~~YLnmsdzZwEre--bK2d7z9w==/com.skillsroom.mobile-f9Bv9at9m-3mkcSkMrJiDw==/base.apk. target_sdk_version=36, uses_libraries=, library_path=/data/app/~~YLnmsdzZwEre--bK2d7z9w==/com.skillsroom.mobile-f9Bv9at9m-3mkcSkMrJiDw==/lib/arm64:/data/app/~~YLnmsdzZwEre--bK2d7z9w==/com.skillsroom.mobile-f9Bv9at9m-3mkcSkMrJiDw==/base.apk!/lib/arm64-v8a, permitted_path=/data:/mnt/expand:/data/user/0/com.skillsroom.mobile
07-13 09:22:23.845 I/dbgk    ( 8370): (REDACTED) Device Compliance Fetch time taken = %sms
07-13 09:22:23.846 I/dbgk    ( 8370): Device is compliant!
07-13 09:22:23.847 D/SurfaceFlinger( 1133): [SF client] NEW(0xb400007898ee9c80) for (1813:system_server)
07-13 09:22:23.848 I/dbgk    ( 8370): Invoking "compliant" action...
07-13 09:22:23.848 E/BufferQueueDebug( 1133): [2a3d0d4 GoogleDiscoverWindow#78200](this:0xb4000078559a6a30,id:-1,api:0,p:-1,c:-1) id info cannot be read from '2a3d0d4 GoogleDiscoverWindow#78200'
07-13 09:22:23.848 I/BufferQueueDebug( 1133): [2a3d0d4 GoogleDiscoverWindow#78200](this:0xb4000078559a6a30,id:-1,api:0,p:-1,c:-1) BufferQueue core=(1133:/system/bin/surfaceflinger)
07-13 09:22:23.850 D/C2MtkBufferManager( 1041): over 5000ms not request from VCodec but callback hooked, slow BM Cc fetch thread
07-13 09:22:23.856 D/libMEOW ( 8370): meow new tls: 0xb400007c99fc8e00
07-13 09:22:23.859 D/libMEOW ( 8370): meow reload base cfg path: na
07-13 09:22:23.859 D/libMEOW ( 8370): meow reload overlay cfg path: na
07-13 09:22:23.855 W/chbox:googleapp( 8370): type=1400 audit(0.0:608451): avc:  denied  { search } for  name="mcd" dev="dm-48" ino=505 scontext=u:r:priv_app:s0:c512,c768 tcontext=u:object_r:mcd_data_file:s0 tclass=dir permissive=0 app=com.google.android.googlequicksearchbox
07-13 09:22:23.865 D/nativeloader( 8388): Load libframework-connectivity-jni.so using APEX ns com_android_tethering for caller /apex/com.android.tethering/javalib/framework-connectivity.jar: ok
07-13 09:22:23.871 D/C2MtkBufferManager( 1041): over 5000ms not request from VCodec but callback hooked, slow BM Cc fetch thread
07-13 09:22:23.867 W/chbox:googleapp( 8370): type=1400 audit(0.0:608452): avc:  denied  { search } for  name="mcd" dev="dm-48" ino=505 scontext=u:r:priv_app:s0:c512,c768 tcontext=u:object_r:mcd_data_file:s0 tclass=dir permissive=0 app=com.google.android.googlequicksearchbox
07-13 09:22:23.871 V/GraphicsEnvironment( 8388): Currently set values for:
07-13 09:22:23.871 V/GraphicsEnvironment( 8388):   angle_gl_driver_selection_pkgs=[]
07-13 09:22:23.871 V/GraphicsEnvironment( 8388):   angle_gl_driver_selection_values=[]
07-13 09:22:23.872 V/GraphicsEnvironment( 8388): ANGLE GameManagerService for com.skillsroom.mobile: false
07-13 09:22:23.872 V/GraphicsEnvironment( 8388): com.skillsroom.mobile is not listed in per-application setting
07-13 09:22:23.873 V/GraphicsEnvironment( 8388): Neither updatable production driver nor prerelease driver is supported.
07-13 09:22:23.874 E/QT      ( 8370): [QT]file does not exist
07-13 09:22:23.867 W/chbox:googleapp( 8370): type=1400 audit(0.0:608453): avc:  denied  { search } for  name="mcd" dev="dm-48" ino=505 scontext=u:r:priv_app:s0:c512,c768 tcontext=u:object_r:mcd_data_file:s0 tclass=dir permissive=0 app=com.google.android.googlequicksearchbox
07-13 09:22:23.875 D/libMEOW ( 8370): applied 1 plugins for [com.google.android.googlequicksearchbox:googleapp]:
07-13 09:22:23.875 D/libMEOW ( 8370):   plugin 1: [libMEOW_gift.so]: 0xb400007d126c2dc0
07-13 09:22:23.878 D/libMEOW ( 8370): rebuild call chain: 0xb400007c99fd7900
07-13 09:22:23.882 D/ForceDarkAppConfigProvider( 1813): cloudConfigVersion: -1   localConfigVersion:20240119
07-13 09:22:23.882 I/UiModeManager( 1813): systemserver package:com.skillsroom.mobile null
07-13 09:22:23.883 I/ForceDarkHelperStubImpl( 8388): initialize for com.skillsroom.mobile , ForceDarkAppConfig: null
07-13 09:22:23.885 D/nativeloader( 8388): Load libforcedarkimpl.so using system ns (caller=/system_ext/framework/miui-framework.jar): ok
07-13 09:22:23.885 D/OpenGLRenderer( 8388): JNI_OnLoad success
07-13 09:22:23.885 I/MiuiForceDarkConfig( 8388): setConfig density:2.000000, mainRule:0, secondaryRule:0, tertiaryRule:0
07-13 09:22:23.891 D/C2MtkBufferManager( 1041): over 5000ms not request from VCodec but callback hooked, slow BM Cc fetch thread
07-13 09:22:23.894 D/CompatibilityChangeReporter( 8388): Compat change id reported: 183155436; UID 10210; state: ENABLED
07-13 09:22:23.908 W/FirebaseApp( 8388): Default FirebaseApp failed to initialize because no default options were found. This usually means that com.google.gms:google-services was not applied to your gradle project.
07-13 09:22:23.908 I/FirebaseInitProvider( 8388): FirebaseApp initialization unsuccessful
07-13 09:22:23.911 D/C2MtkBufferManager( 1041): over 5000ms not request from VCodec but callback hooked, slow BM Cc fetch thread
07-13 09:22:23.915 E/system_server( 1813): == MALI DEBUG ===eglp_winsys_populate_image_templates ==12288
07-13 09:22:23.919 I/GED     ( 1813): ged_boost_gpu_freq, level 100, eOrigin 2, final_idx 31, oppidx_max 31, oppidx_min 0
07-13 09:22:23.930 D/nativeloader( 8370): Load /data/app/~~Z-HmI1stqjfbfkWhJgGGiQ==/com.google.android.googlequicksearchbox-QHCqd3nTI1c_r9Njs0kq1w==/base.apk!/lib/arm64-v8a/libmappedcountercacheversionjni.so using class loader ns clns-5 (caller=/data/app/~~Z-HmI1stqjfbfkWhJgGGiQ==/com.google.android.googlequicksearchbox-QHCqd3nTI1c_r9Njs0kq1w==/base.apk!classes2.dex): ok
07-13 09:22:23.932 D/C2MtkBufferManager( 1041): over 5000ms not request from VCodec but callback hooked, slow BM Cc fetch thread
07-13 09:22:23.932 I/bzak    ( 8370): (REDACTED) windowAttached completed window=%s fragmentHost=%s
07-13 09:22:23.938 D/Launcher( 2470): LauncherOverlayCallbacksImpl_onScrollChanged:0.0
07-13 09:22:23.939 E/BranchAllAppsIndicator( 2470): changedByBranch: callBack = null
07-13 09:22:23.943 I/M-ProMotion( 8370): M-ProMotion is disabled
07-13 09:22:23.948 D/CoreBackPreview( 1813): Window{2a3d0d4 u0 GoogleDiscoverWindow}: Setting back callback OnBackInvokedCallbackInfo{mCallback=android.window.IOnBackInvokedCallback$Stub$Proxy@7204934, mPriority=0, mIsAnimationCallback=false}
07-13 09:22:23.950 E/BufferQueueDebug( 1133): [GoogleDiscoverWindow#78201](this:0xb400007855af8a30,id:-1,api:0,p:-1,c:-1) id info cannot be read from 'GoogleDiscoverWindow#78201'
07-13 09:22:23.951 I/BufferQueueDebug( 1133): [GoogleDiscoverWindow#78201](this:0xb400007855af8a30,id:-1,api:0,p:-1,c:-1) BufferQueue core=(1133:/system/bin/surfaceflinger)
07-13 09:22:23.952 D/C2MtkBufferManager( 1041): over 5000ms not request from VCodec but callback hooked, slow BM Cc fetch thread
07-13 09:22:23.962 W/SoLoader( 8388): Initializing SoLoader: 0
07-13 09:22:23.964 D/BufferQueueConsumer( 8370): [](id:20b200000000,api:0,p:-1,c:8370) connect: controlledByApp=false
07-13 09:22:23.965 W/SoLoader( 8388): Recording new base apk path: /data/app/~~YLnmsdzZwEre--bK2d7z9w==/com.skillsroom.mobile-f9Bv9at9m-3mkcSkMrJiDw==/base.apk
07-13 09:22:23.965 W/SoLoader( 8388): Previously recorded 0 base apk paths.
07-13 09:22:23.968 I/SoLoader( 8388): Preparing SO source: DirectorySoSource[root = /vendor/lib64 flags = 2]
07-13 09:22:23.968 I/SoLoader( 8388): Preparing SO source: DirectorySoSource[root = /system/lib64 flags = 2]
07-13 09:22:23.968 I/SoLoader( 8388): Preparing SO source: DirectApkSoSource[root = [/data/app/~~YLnmsdzZwEre--bK2d7z9w==/com.skillsroom.mobile-f9Bv9at9m-3mkcSkMrJiDw==/base.apk!/lib/arm64-v8a]]
07-13 09:22:23.971 W/Choreographer( 1813): Frame time is 0.009003  now = 623447353511313  timestampNanos = 623447353520316 ms in the future!  Check that graphics HAL is generating vsync timestamps using the correct timebase.
07-13 09:22:23.972 D/libMEOW ( 8370): meow new tls: 0xb400007c9a003540
07-13 09:22:23.972 D/libMEOW ( 8370): applied 1 plugins for [com.google.android.googlequicksearchbox:googleapp]:
07-13 09:22:23.972 D/libMEOW ( 8370):   plugin 1: [libMEOW_gift.so]: 0xb400007d126c2dc0
07-13 09:22:23.972 D/C2MtkBufferManager( 1041): over 5000ms not request from VCodec but callback hooked, slow BM Cc fetch thread
07-13 09:22:23.973 D/libMEOW ( 8370): rebuild call chain: 0xb400007c9a012480
07-13 09:22:23.973 D/VRI[GoogleDiscoverWindow]( 8370): vri.reportNextDraw android.view.ViewRootImpl.performTraversals:4402 android.view.ViewRootImpl.doTraversal:3018 android.view.ViewRootImpl$TraversalRunnable.run:10526 android.view.Choreographer$CallbackRecord.run:1682 android.view.Choreographer$CallbackRecord.run:1691 
07-13 09:22:23.974 D/VRI[GoogleDiscoverWindow]( 8370): vri.Setup new sync=wmsSync-VRI[GoogleDiscoverWindow]#0
07-13 09:22:23.993 D/C2MtkBufferManager( 1041): over 5000ms not request from VCodec but callback hooked, slow BM Cc fetch thread
07-13 09:22:23.997 I/MiuiNetworkPolicy( 1813): updateUidState uid = 10317, uidState = 19
07-13 09:22:24.000 I/MiuiNetworkPolicy( 1813): updateUidState uid = 10317, uidState = 11
07-13 09:22:24.006 I/hwservicemanager(  477): getTransport: Cannot find entry android.hardware.configstore@1.0::ISurfaceFlingerConfigs/default in either framework or device VINTF manifest.
07-13 09:22:24.007 E/OpenGLRenderer( 8370): Device claims wide gamut support, cannot find matching config, error = EGL_SUCCESS
07-13 09:22:24.008 W/OpenGLRenderer( 8370): Failed to initialize 101010-2 format, error = EGL_SUCCESS
07-13 09:22:24.012 D/connsyslogger( 1516): SD_LOG_ROOT is /data/debuglogger/connsyslog/fw.
07-13 09:22:24.012 D/connsyslogger( 1516): systemReady:1
07-13 09:22:24.013 D/C2MtkBufferManager( 1041): over 5000ms not request from VCodec but callback hooked, slow BM Cc fetch thread
07-13 09:22:24.021 W/libc    ( 8370): Access denied finding property "vendor.migl.debug"
07-13 09:22:24.021 E/libMiGL ( 8370): libmigl:This GPU version is note support Variable Shading Rate
07-13 09:22:24.027 E/libEGL  ( 8370): pre_cache appList: ,,
07-13 09:22:24.034 D/C2MtkBufferManager( 1041): over 5000ms not request from VCodec but callback hooked, slow BM Cc fetch thread
07-13 09:22:24.039 D/StatusBarController( 2470): handleMessage: flag 800000  disable false
07-13 09:22:24.039 D/Launcher_WallpaperUtils( 2470): changeStatusBarMode:false
07-13 09:22:24.048 D/MI-SF   ( 1133): debug.config.media.video.dolby_vision_suports == false
07-13 09:22:24.048 D/MI-SF   ( 1133): debug.config.media.video.dolby_vision_suports == false
07-13 09:22:24.048 D/MI-SF   ( 1133): debug.config.media.video.dolby_vision_suports == false
07-13 09:22:24.048 E/HWComposer( 1133): getSupportedContentTypes: getSupportedContentTypes failed for display 0: Unsupported (8)
07-13 09:22:24.049 E/OpenGLRenderer( 8370): Unable to match the desired swap behavior.
07-13 09:22:24.052 D/OpenGLRenderer( 8370): makeCurrent grContext:0xb400007c9a10a1c0 reset mTextureAvailable
07-13 09:22:24.054 D/C2MtkBufferManager( 1041): over 5000ms not request from VCodec but callback hooked, slow BM Cc fetch thread
07-13 09:22:24.054 D/chbox:googleapp( 8370): MiuiProcessManagerServiceStub setSchedFifo
07-13 09:22:24.054 I/MiuiProcessManagerImpl( 8370): setSchedFifo pid:8370, mode:3
07-13 09:22:24.055 D/ProcessManager( 1813): beginSchedThreads is not Enabled
07-13 09:22:24.056 W/libc    ( 8370): Access denied finding property "ro.vendor.magt.mtk_magt_support"
07-13 09:22:24.056 D/MAGT_SYNC_FRAME( 8370): MAGT Sync: MAGT is not supported. Disabling Sync.
07-13 09:22:24.056 I/libPerfCtl( 1059): xgfGetFPS pid:2459 fps:99
07-13 09:22:24.057 I/libPerfCtl( 1059): xgfGetFPS pid:2470 fps:-1
07-13 09:22:24.063 D/hw-ProcessState( 8370): Binder ioctl to enable oneway spam detection failed: Invalid argument
07-13 09:22:24.067 W/libc    ( 8370): Access denied finding property "ro.vendor.display.iris_x7.support"
07-13 09:22:24.075 D/C2MtkBufferManager( 1041): over 5000ms not request from VCodec but callback hooked, slow BM Cc fetch thread
07-13 09:22:24.076 E/LB      ( 8370): fail to open file: Permission denied
07-13 09:22:24.076 E/LB      ( 8370): fail to open node: No such file or directory
07-13 09:22:24.071 W/RenderThread( 8370): type=1400 audit(0.0:608454): avc:  denied  { search } for  name="migt" dev="dm-48" ino=507 scontext=u:r:priv_app:s0:c512,c768 tcontext=u:object_r:migt_file:s0 tclass=dir permissive=0 app=com.google.android.googlequicksearchbox
07-13 09:22:24.076 W/libc    ( 8370): Access denied finding property "ro.vendor.display.iris_x7.support"
07-13 09:22:24.077 D/BLASTBufferQueue( 8370): [VRI[GoogleDiscoverWindow]#0](f:0,a:1) acquireNextBufferLocked size=720x1600 mFrameNumber=1 applyTransaction=true mTimestamp=623447458251005(auto) mPendingTransactions.size=0 graphicBufferId=35948876267520 transform=0
07-13 09:22:24.078 D/VRI[GoogleDiscoverWindow]( 8370): vri.reportDrawFinished
07-13 09:22:24.079 W/WindowManager( 1813): finishDrawingWindow: Window{2a3d0d4 u0 GoogleDiscoverWindow} mDrawState=DRAW_PENDING
07-13 09:22:24.079 D/WindowManager( 1813): wms.finishDrawingLocked: mDrawState=COMMIT_DRAW_PENDING Window{2a3d0d4 u0 GoogleDiscoverWindow} in Surface(name=GoogleDiscoverWindow#78201)/@0x75b51e7
