--------- beginning of main
07-13 09:33:45.962 W/Settings( 2457): Setting airplane_mode_on has moved from android.provider.Settings.System to android.provider.Settings.Global, returning read-only value.
07-13 09:33:45.964 D/C2MtkBufferManager( 1041): over 5000ms not request from VCodec but callback hooked, slow BM Cc fetch thread
07-13 09:33:45.966 D/MobileStatusTracker(1)( 2459): onSignalStrengthsChanged signalStrength=SignalStrength:{mCdma=CellSignalStrengthCdma: cdmaDbm=2147483647 cdmaEcio=2147483647 evdoDbm=2147483647 evdoEcio=2147483647 evdoSnr=2147483647 miuiLevel=0 mOptimizedLevel=0 level=0,mGsm=CellSignalStrengthGsm: rssi=2147483647 ber=2147483647 mTa=2147483647 miuiLevel=0 isNtnMode=false mLevel=0,mWcdma=CellSignalStrengthWcdma: ss=2147483647 ber=2147483647 rscp=2147483647 ecno=2147483647 miuiLevel=0 mOptimizedLevel=0 level=0,mTdscdma=CellSignalStrengthTdscdma: rssi=2147483647 ber=2147483647 rscp=2147483647 miuiLevel=0 mOptimizedLevel=0 level=0,mLte=CellSignalStrengthLte: rssi=-91 rsrp=-101 rsrq=-11 rssnr=16 cqiTableIndex=2147483647 cqi=0 ta=0 miuiLevel=4 mOptimizedLevel=0 level=3 parametersUseForLevel=0,mNr=CellSignalStrengthNr:{ csiRsrp = 2147483647 csiRsrq = 2147483647 csiCqiTableIndex = 2147483647 csiCqiReport = [] ssRsrp = 2147483647 ssRsrq = 2147483647 ssSinr = 2147483647 miuiLevel = 0 mOptimizedLevel = 0 level = 0 parametersUseForLevel = 0 timingAdvance = 2147483647 },primary=CellSignalStrengthLte,mNrAsPrimaryInNrNsa=false}
07-13 09:33:45.966 D/NetworkController.MobileSignalController(1)( 2459): update5GConnectState: false
07-13 09:33:45.966 D/NetworkController.MobileSignalController(1)( 2459): ss use aosp level not 0, 4
07-13 09:33:45.984 D/C2MtkBufferManager( 1041): over 5000ms not request from VCodec but callback hooked, slow BM Cc fetch thread
07-13 09:33:46.004 D/C2MtkBufferManager( 1041): over 5000ms not request from VCodec but callback hooked, slow BM Cc fetch thread
07-13 09:33:46.025 D/C2MtkBufferManager( 1041): over 5000ms not request from VCodec but callback hooked, slow BM Cc fetch thread
07-13 09:33:46.034 D/NetworkController.MobileSignalController(1)( 2459): notifyListeners: mFeatureRelayData=false
07-13 09:33:46.045 D/C2MtkBufferManager( 1041): over 5000ms not request from VCodec but callback hooked, slow BM Cc fetch thread
07-13 09:33:46.043 W/sensors@2.0-ser( 1046): type=1400 audit(0.0:608871): avc:  denied  { read } for  name="current_now" dev="sysfs" ino=36938 scontext=u:r:mtk_hal_sensors:s0 tcontext=u:object_r:sysfs_usb_supply:s0 tclass=file permissive=0
07-13 09:33:46.058 I/adbd    (21521): adbd service requested 'shell,v2,raw:am force-stop com.skillsroom.mobile'
07-13 09:33:46.059 I/gralloc4( 2459): @set_metadata: update dataspace from GM (0x00000000 -> 0x08010000)
07-13 09:33:46.064 I/BufferQueueProducer( 1133): [StatusBar#98](this:0xb400007865c71a30,id:-1,api:0,p:-1,c:1133) queueBuffer: fps=0.51 dur=1946.08 max=1946.08 min=1946.08
07-13 09:33:46.065 D/TelephonyManager( 2457): requestModemActivityInfo: Sending result to app: ModemActivityInfo{ mTimestamp=693225717 mSleepTimeMs=291187538 mIdleTimeMs=83006841 mActivityStatsTechSpecificInfo=[{mRat=UNKNOWN,mFrequencyRange=UNKNOWN,mTxTimeMs[]=[99490, 859350, 16499577, 16840854, 35573113],mRxTimeMs=320759521}]}
07-13 09:33:46.066 D/C2MtkBufferManager( 1041): over 5000ms not request from VCodec but callback hooked, slow BM Cc fetch thread
07-13 09:33:46.086 D/C2MtkBufferManager( 1041): over 5000ms not request from VCodec but callback hooked, slow BM Cc fetch thread
07-13 09:33:46.107 D/C2MtkBufferManager( 1041): over 5000ms not request from VCodec but callback hooked, slow BM Cc fetch thread
--------- beginning of system
07-13 09:33:46.122 I/ActivityManager( 1813): Force stopping com.skillsroom.mobile appid=10210 user=0: from process:15010
07-13 09:33:46.127 D/C2MtkBufferManager( 1041): over 5000ms not request from VCodec but callback hooked, slow BM Cc fetch thread
07-13 09:33:46.136 D/CompatibilityChangeReporter( 1813): Compat change id reported: 197654537; UID 10281; state: ENABLED
07-13 09:33:46.141 E/ProcessManager( 1813): error write exception log
07-13 09:33:46.144 E/ActivityManager( 1813): Unable to freeze binder for 10944: java.lang.RuntimeException: Unable to freeze/unfreeze binder
07-13 09:33:46.144 W/libprocessgroup( 1813): Failed to apply Frozen process profile: Invalid argument
07-13 09:33:46.146 D/UidObserver( 7233): onUidGone entry uid = 10210
07-13 09:33:46.147 I/MiuiNetworkPolicy( 1813): removeUidState uid = 10210
07-13 09:33:46.148 D/C2MtkBufferManager( 1041): over 5000ms not request from VCodec but callback hooked, slow BM Cc fetch thread
07-13 09:33:46.149 D/DisplayManagerService( 1813): Drop pending events for gone uid 10210
07-13 09:33:46.151 I/ActivityManager( 1813): Killing 10944:com.skillsroom.mobile/u0a210 (adj 700): stop com.skillsroom.mobile due to from process:15010
07-13 09:33:46.158 I/IPCThreadState( 4459): oneway function results for code 3 on binder at 0xb400007cb4ffdc20 will be dropped but finished with status UNKNOWN_TRANSACTION
07-13 09:33:46.158 W/MiPicks-ProcessObserverV10(21977): onProcessDied:pid = 10944,died-uid=10210
07-13 09:33:46.161 I/mtkpower_client( 1813): [Legacy][PowerHal_Wrap_notifyAppState] com.skillsroom.mobile/com.skillsroom.mobile pid=10944 state:3
07-13 09:33:46.162 I/libPowerHal( 1059): [perfNotifyAppState] pack:com.skillsroom.mobile, act:com.skillsroom.mobile, state:3, pid:10944, uid:10210, fps:-1
07-13 09:33:46.162 I/libPowerHal( 1059): [perfNotifyAppState] pack:com.skillsroom.mobile, pid:10944, STATE_DEAD
07-13 09:33:46.162 D/RilUtility( 1059): notify_rild_crash_pid_set certPid:-1, crash:10944, scn:0x0
07-13 09:33:46.166 W/ActivityTaskManager( 1813): Force removing ActivityRecord{a574059 u0 com.skillsroom.mobile/.MainActivity t5362 f}}: app died, no saved state
07-13 09:33:46.168 D/C2MtkBufferManager( 1041): over 5000ms not request from VCodec but callback hooked, slow BM Cc fetch thread
07-13 09:33:46.170 W/UsageStatsService( 1813): Unexpected activity event reported! (com.skillsroom.mobile/com.skillsroom.mobile.MainActivity event : 23 instanceId : 145556735)
07-13 09:33:46.173 W/InputManager-JNI( 1813): Input channel object 'f84f54a com.skillsroom.mobile/com.skillsroom.mobile.MainActivity (client)' was disposed without first being removed with the input manager!
07-13 09:33:46.182 D/MiuiFastConnectService(14536): handleMessage: MSG_START_BLE_SCAN mode: 0
07-13 09:33:46.184 D/BluetoothAdapter(14536): isLeEnabled(): ON
07-13 09:33:46.189 D/C2MtkBufferManager( 1041): over 5000ms not request from VCodec but callback hooked, slow BM Cc fetch thread
07-13 09:33:46.193 I/bt_stack(29492): [INFO:le_scanning_manager.cc(155)] RegisterScanner in shim layer
07-13 09:33:46.194 D/BluetoothLeScanner(14536): onScannerRegistered() - status=0 scannerId=2 mScannerId=0
07-13 09:33:46.194 E/WifiStandalone( 1305): conditional wait timedout
07-13 09:33:46.194 E/WifiStandalone( 1305): write_to_file write kernel_log error, errno = 9(Bad file descriptor)
07-13 09:33:46.203 D/WindowManager( 1813): setParent old=ActivityRecord{a574059 u0 com.skillsroom.mobile/.MainActivity t5362 f}},new=null,this window=Window{f84f54a u0 com.skillsroom.mobile/com.skillsroom.mobile.MainActivity},callers=com.android.server.wm.WindowContainer.removeChild:831 com.android.server.wm.ActivityRecord.removeChild:5163 com.android.server.wm.ActivityRecord.removeChild:458 com.android.server.wm.WindowContainer.removeImmediately:889 com.android.server.wm.WindowState.removeImmediately:2490 com.android.server.wm.WindowState.removeIfPossible:2662 
07-13 09:33:46.206 I/AppScanStats(29492): BLE_SCAN_STATE_CHANGED[2]reportBleScanStarted=false
07-13 09:33:46.207 D/ActivityAttributionService(29492): notifyActivityAttributionInfo UID=1002 packageName=com.android.bluetooth deviceAddress=no_active_device_address
07-13 09:33:46.207 I/BtGatt.ScanManager(29492): msg.what = MSG_RECORD_CALLER, msg.arg1 = None
07-13 09:33:46.207 I/BtGatt.ScanManager(29492): msg.what = MSG_START_BLE_SCAN, msg.arg1 = None
07-13 09:33:46.207 I/bt_btif (29492): get_profile_interface: get_profile_interface: id = activity_attribution
07-13 09:33:46.207 E/bt_stack(29492): [ERROR:com_android_bluetooth_btservice_ActivityAttribution.cpp(172)] Failed to get ActivityAttribution Interface
07-13 09:33:46.208 D/connsyslogger( 1516): SD_LOG_ROOT is /data/debuglogger/connsyslog/fw.
07-13 09:33:46.208 D/connsyslogger( 1516): systemReady:1
07-13 09:33:46.209 I/bt_stack(29492): [INFO:le_scanning_manager.cc(268)] ScanFilterEnable in shim layer
07-13 09:33:46.209 D/C2MtkBufferManager( 1041): over 5000ms not request from VCodec but callback hooked, slow BM Cc fetch thread
07-13 09:33:46.210 D/BtGatt.ScanManager(29492): configureScanFilters rssiThreshold: -60, 15
07-13 09:33:46.213 W/InputManager-JNI( 1813): Input channel object '370416c com.skillsroom.mobile/com.skillsroom.mobile.MainActivity (client)' was disposed without first being removed with the input manager!
07-13 09:33:46.213 D/WindowManager( 1813): setParent old=Window{370416c u0 com.skillsroom.mobile/com.skillsroom.mobile.MainActivity},new=null,this window=Window{615fffa u0 PopupWindow:2b6108f},callers=com.android.server.wm.WindowContainer.removeChild:831 com.android.server.wm.WindowContainer.removeImmediately:889 com.android.server.wm.WindowState.removeImmediately:2490 com.android.server.wm.WindowContainer.removeImmediately:865 com.android.server.wm.WindowState.removeImmediately:2490 com.android.server.wm.WindowState.removeIfPossible:2662 
07-13 09:33:46.214 W/InputManager-JNI( 1813): Input channel object '615fffa PopupWindow:2b6108f (client)' was disposed without first being removed with the input manager!
07-13 09:33:46.223 D/WindowManager( 1813): setParent old=ActivityRecord{a574059 u0 com.skillsroom.mobile/.MainActivity t5362 f}},new=null,this window=Window{370416c u0 com.skillsroom.mobile/com.skillsroom.mobile.MainActivity},callers=com.android.server.wm.WindowContainer.removeChild:831 com.android.server.wm.ActivityRecord.removeChild:5163 com.android.server.wm.ActivityRecord.removeChild:458 com.android.server.wm.WindowContainer.removeImmediately:889 com.android.server.wm.WindowState.removeImmediately:2490 com.android.server.wm.WindowState.removeIfPossible:2662 
07-13 09:33:46.230 D/C2MtkBufferManager( 1041): over 5000ms not request from VCodec but callback hooked, slow BM Cc fetch thread
07-13 09:33:46.230 I/BufferQueueDebug( 1133): [f84f54a com.skillsroom.mobile/com.skillsroom.mobile.MainActivity#78368](this:0xb400007855aefa30,id:-1,api:0,p:-1,c:1133) onDestructor()
07-13 09:33:46.234 D/WindowManager( 1813): setParent old=Task{a97b41e #5362 type=standard A=10210:com.skillsroom.mobile},new=null,this window=ActivityRecord{a574059 u0 com.skillsroom.mobile/.MainActivity t5362 f}},callers=com.android.server.wm.WindowContainer.removeChild:831 com.android.server.wm.TaskFragment.removeChild:3100 com.android.server.wm.Task.removeChild:1815 com.android.server.wm.Task.removeChild:1795 com.android.server.wm.WindowContainer.removeImmediately:889 com.android.server.wm.WindowToken.removeImmediately:376 
07-13 09:33:46.236 I/bt_stack(29492): [INFO:le_scanning_manager.cc(204)] ScanFilterParamSetup in shim layer
07-13 09:33:46.237 I/bt_stack(29492): [INFO:le_scanning_manager.cc(168)] Scan in shim layer stopped
07-13 09:33:46.238 I/bluetooth(29492): unregister_client: Client unregistered
07-13 09:33:46.238 E/BufferQueueDebug( 1133): [Task=5362#78401](this:0xb400007855c43a30,id:-1,api:0,p:-1,c:-1) id info cannot be read from 'Task=5362#78401'
07-13 09:33:46.238 I/bluetooth(29492): unregister_client: Cancelled address rotation alarm
07-13 09:33:46.238 I/bt_stack(29492): [INFO:le_scanning_manager.cc(346)] SetScanParameters in shim layer
07-13 09:33:46.238 I/BufferQueueDebug( 1133): [Task=5362#78401](this:0xb400007855c43a30,id:-1,api:0,p:-1,c:-1) BufferQueue core=(1133:/system/bin/surfaceflinger)
07-13 09:33:46.238 I/bt_stack(29492): [INFO:le_scanning_manager.cc(346)] SetScanParameters in shim layer
07-13 09:33:46.238 I/bt_stack(29492): [INFO:le_scanning_manager.cc(168)] Scan in shim layer started
07-13 09:33:46.239 I/bluetooth(29492): stop_scan: Scanning already stopped, return!
07-13 09:33:46.239 I/bluetooth(29492): register_client: Scheduled address rotation for first client registered
07-13 09:33:46.239 I/bluetooth(29492): register_client: Client registered
07-13 09:33:46.239 D/mtk.hal.bt@1.1-impl( 1032): BtHostDebugInfo
07-13 09:33:46.239 D/[BT]    ( 1032): mtk_bt_op: BT_VND_OP_SET_BTHOST
07-13 09:33:46.241 I/BufferQueueDebug( 1133): [615fffa PopupWindow:2b6108f#78400](this:0xb400007855c3ba30,id:-1,api:0,p:-1,c:1133) onDestructor()
07-13 09:33:46.242 D/mtk.hal.bt@1.1-impl( 1032): BtHostDebugInfo
07-13 09:33:46.242 D/[BT]    ( 1032): mtk_bt_op: BT_VND_OP_SET_BTHOST
07-13 09:33:46.242 D/WindowManager( 1813): setParent old=DefaultTaskDisplayArea@53641789,new=null,this window=Task{a97b41e #5362 type=standard A=10210:com.skillsroom.mobile},callers=com.android.server.wm.WindowContainer.removeChild:831 com.android.server.wm.TaskDisplayArea.removeChildTask:359 com.android.server.wm.TaskDisplayArea.removeChild:350 com.android.server.wm.WindowContainer.removeImmediately:889 com.android.server.wm.TaskFragment.removeImmediately:3184 com.android.server.wm.Task.removeImmediately:3213 
07-13 09:33:46.245 D/MiuiMultiWindowUtils( 1813): DeviceLevel.IS_MIUI_LITE_VERSION 2.0 not support miui multiWindowgale
07-13 09:33:46.247 D/MiuiMultiWindowUtils( 1813): DeviceLevel.IS_MIUI_LITE_VERSION 2.0 not support miui multiWindowgale
07-13 09:33:46.250 D/C2MtkBufferManager( 1041): over 5000ms not request from VCodec but callback hooked, slow BM Cc fetch thread
07-13 09:33:46.252 I/BufferQueueDebug( 1133): [370416c com.skillsroom.mobile/com.skillsroom.mobile.MainActivity#78298](this:0xb40000785b3b3a30,id:-1,api:0,p:-1,c:1133) onDestructor()
07-13 09:33:46.253 W/ActivityTaskManager( 1813): Can't find TaskDisplayArea to determine support for multi window. Task id=5362 attached=false
07-13 09:33:46.262 I/MiuiNetworkPolicy( 1813): updateUidState uid = 10265, uidState = 19
07-13 09:33:46.262 D/UidObserver( 7233): onUidIdle uid=10203 uidstate=100
07-13 09:33:46.263 D/MiuiFullScreenTaskRepository( 2459): removeFullScreenTask taskId=5362, topActivity=null
07-13 09:33:46.264 W/libprocessgroup( 1813): Failed to apply Unfrozen process profile: Success
07-13 09:33:46.271 D/C2MtkBufferManager( 1041): over 5000ms not request from VCodec but callback hooked, slow BM Cc fetch thread
07-13 09:33:46.274 I/BufferQueueDebug( 1133): [ActivityRecord{a574059 u0 com.skillsroom.mobile/.MainActivity t5362}#78281](this:0xb400007855af2a30,id:-1,api:0,p:-1,c:1133) onDestructor()
07-13 09:33:46.275 I/BufferQueueDebug( 1133): [Task=5362#78401](this:0xb400007855c43a30,id:-1,api:0,p:-1,c:1133) onDestructor()
07-13 09:33:46.275 I/AppsFilter( 1813): interaction: PackageSetting{84376c0 com.android.microdroid.empty_payload/10390} -> PackageSetting{6350ae4 com.skillsroom.mobile/10210} BLOCKED
07-13 09:33:46.275 I/AppsFilter( 1813): interaction: PackageSetting{2774b3e com.fido.asm/10367} -> PackageSetting{6350ae4 com.skillsroom.mobile/10210} BLOCKED
07-13 09:33:46.281 D/RecentsModel( 2470): onTaskStackChangedBackground
07-13 09:33:46.283 D/RecentsModel( 2470): onTaskStackChangedBackground    MSG_TASK_STACK_CHANGE
07-13 09:33:46.283 D/RecentsModel( 2470): preloadRecents
07-13 09:33:46.283 W/RecentsModel( 2470): getRunningTask
07-13 09:33:46.284 D/EventBus( 2470): No subscribers registered for event class com.miui.home.recents.messages.RecentTasksChangedEvent
07-13 09:33:46.284 D/EventBus( 2470): No subscribers registered for event class org.greenrobot.eventbus.NoSubscriberEvent
07-13 09:33:46.290 W/system_server( 1813): Long monitor contention with owner binder:1813_3 (1924) at void com.android.server.am.ActivityManagerService.forceStopPackage(java.lang.String, int, int, java.lang.String)(ActivityManagerService.java:4153) waiters=0 in java.util.List com.android.server.am.ProcessManagerService.getRunningProcessInfo(int, int, java.lang.String, java.lang.String, int) for 119ms
07-13 09:33:46.291 D/C2MtkBufferManager( 1041): over 5000ms not request from VCodec but callback hooked, slow BM Cc fetch thread
07-13 09:33:46.295 W/RecentsModel( 2470): getRunningTask   taskInfo=TaskInfo{userId=0 taskId=2 displayId=0 isRunning=true baseIntent=Intent { act=android.intent.action.MAIN cat=[android.intent.category.HOME] flg=0x10000100 cmp=com.miui.home/.launcher.Launcher } baseActivity=ComponentInfo{com.miui.home/com.miui.home.launcher.Launcher} topActivity=ComponentInfo{com.miui.home/com.miui.home.launcher.Launcher} origActivity=null realActivity=ComponentInfo{com.miui.home/com.miui.home.launcher.Launcher} numActivities=1 lastActiveTime=693225944 supportsSplitScreenMultiWindow=true supportsMultiWindow=true resizeMode=2 isResizeable=true minWidth=-1 minHeight=-1 defaultMinSize=200 token=WCT{android.window.IWindowContainerToken$Stub$Proxy@aedefd3} topActivityType=2 pictureInPictureParams=null shouldDockBigOverlays=false launchIntoPipHostTaskId=-1 lastParentTaskIdBeforePip=-1 displayCutoutSafeInsets=null topActivityInfo=ActivityInfo{6939710 com.miui.home.launcher.Launcher} launchCookies=[] positionInParent=Point(0, 0) parentTaskId=-1 isFocused=true isVisible=true isVisibleRequested=true isSleeping=false topActivityInSizeCompat=false topActivityEligibleForLetterboxEducation= false topActivityLetterboxed= false isFromDoubleTap= false topActivityLetterboxVerticalPosition= -1 topActivityLetterboxHorizontalPosition= -1 topActivityLetterboxWidth=-1 topActivityLetterboxHeight=-1 locusId=null displayAreaFeatureId=1 cameraCompatControlState=hidden mIsCastMode=false mTopActivityMediaSize=null mTopActivityRecordName=ActivityRecord{8061640 u0 com.miui.home/.launcher.Launcher t2} mTopActivityOrientation=1 mTopActivityWindowIsNowVisible=false isTranslucent=false isEmbedded=false shouldBeVisible=true mBehindAppLockPkg=null mOriginatingUid=0}
07-13 09:33:46.295 W/RecentsModel( 2470): getTaskInfoIgnoreHomeAndFreeform   taskInfo=ComponentInfo{com.miui.home/com.miui.home.launcher.Launcher}
07-13 09:33:46.297 E/ActivityManagerWrapper( 2470): get all recent tasks force including 2
07-13 09:33:46.312 D/C2MtkBufferManager( 1041): over 5000ms not request from VCodec but callback hooked, slow BM Cc fetch thread
07-13 09:33:46.316 I/adbd    (21521): adbd service requested 'shell,v2,raw:am start -n com.skillsroom.mobile/.MainActivity'
07-13 09:33:46.319 D/CarrierSvcBindHelper( 2457): onHandleForceStop: [com.skillsroom.mobile]
07-13 09:33:46.319 E/ActivityManagerWrapper( 2470): getRecentTasks: size=9
07-13 09:33:46.320 E/ActivityManagerWrapper( 2470): getRecentTasks: mainTaskId=5362   userId=0   windowMode=1   baseIntent=Intent { act=null flag=268435456 cmp=ComponentInfo{com.skillsroom.mobile/com.skillsroom.mobile.MainActivity} }
07-13 09:33:46.320 E/ActivityManagerWrapper( 2470): getRecentTasks: mainTaskId=5341   userId=0   windowMode=1   baseIntent=Intent { act=android.intent.action.MAIN flag=270532608 cmp=ComponentInfo{com.whatsapp.w4b/com.whatsapp.Main} }
07-13 09:33:46.320 E/ActivityManagerWrapper( 2470): getRecentTasks: mainTaskId=5344   userId=0   windowMode=1   baseIntent=Intent { act=android.intent.action.MAIN flag=270532608 cmp=ComponentInfo{com.facebook.lite/com.facebook.lite.MainActivity} }
07-13 09:33:46.323 D/CarrierSvcBindHelper( 2457): No carrier app for: 0
07-13 09:33:46.323 D/CarrierSvcBindHelper( 2457): No carrier app for: 1
07-13 09:33:46.323 E/ActivityManagerWrapper( 2470): getRecentTasks: mainTaskId=5336   userId=0   windowMode=1   baseIntent=Intent { act=android.intent.action.MAIN flag=270532608 cmp=ComponentInfo{com.google.android.dialer/com.google.android.dialer.extensions.GoogleDialtactsActivity} }
07-13 09:33:46.325 E/ActivityManagerWrapper( 2470): getRecentTasks: mainTaskId=5335   userId=0   windowMode=1   baseIntent=Intent { act=android.intent.action.MAIN flag=270532608 cmp=ComponentInfo{com.shaiban.audioplayer.mplayer/com.shaiban.audioplayer.mplayer.app.navigation.NavigatingActivity} }
07-13 09:33:46.325 E/ActivityManagerWrapper( 2470): getRecentTasks: mainTaskId=5287   userId=0   windowMode=1   baseIntent=Intent { act=android.intent.action.MAIN flag=270532608 cmp=ComponentInfo{ng.mtn.nextgen/ng.mtn.nextgen.MainActivity} }
07-13 09:33:46.325 E/ActivityManagerWrapper( 2470): getRecentTasks: mainTaskId=5273   userId=0   windowMode=1   baseIntent=Intent { act=android.settings.APPLICATION_DEVELOPMENT_SETTINGS flag=268468224 cmp=ComponentInfo{com.android.settings/com.android.settings.Settings$DevelopmentSettingsDashboardActivity} }
07-13 09:33:46.325 E/ActivityManagerWrapper( 2470): getRecentTasks: mainTaskId=5246   userId=0   windowMode=1   baseIntent=Intent { act=android.intent.action.MAIN flag=270532608 cmp=ComponentInfo{cn.xender/cn.xender.ui.activity.SplashActivity} }
07-13 09:33:46.325 E/ActivityManagerWrapper( 2470): getRecentTasks: mainTaskId=5239   userId=0   windowMode=1   baseIntent=Intent { act=android.intent.action.MAIN flag=270532608 cmp=ComponentInfo{com.android.camera/com.android.camera.Camera} }
07-13 09:33:46.332 D/C2MtkBufferManager( 1041): over 5000ms not request from VCodec but callback hooked, slow BM Cc fetch thread
07-13 09:33:46.353 D/C2MtkBufferManager( 1041): over 5000ms not request from VCodec but callback hooked, slow BM Cc fetch thread
07-13 09:33:46.367 W/ActivityTaskManager( 1813): callingPackage for (uid=2000, pid=15015) has no WPC
07-13 09:33:46.373 D/C2MtkBufferManager( 1041): over 5000ms not request from VCodec but callback hooked, slow BM Cc fetch thread
07-13 09:33:46.381 I/bt_shim_scanner(29492): handle_remote_properties: handle_remote_properties Update device_type=0x3 addr_type=0x1
07-13 09:33:46.382 D/ActivityManager( 1813): getProcessesInErrorState callingUid=10288, CallingPid=19459
07-13 09:33:46.382 D/ActivityManager( 1813): getProcessesInErrorState callingUid=10279, CallingPid=443
07-13 09:33:46.384 D/WindowManager( 1813): Collecting in transition 6399: ActivityRecord{d47b0f u0 com.skillsroom.mobile/.MainActivity init visibleRequested:false
07-13 09:33:46.385 D/MiuiFreeFormManagerService( 1813): activeOrFullscreenFreeformTaskIfNeed startDefaultAr:false
07-13 09:33:46.388 I/PowerHalWrapper( 1813): PowerHalWrapper.getInstance 
07-13 09:33:46.388 D/PerfMTKStubImpl( 1813): initBoostParamByDevice
07-13 09:33:46.390 D/OneHandedController( 2459): stopOneHanded state is 0
07-13 09:33:46.392 E/BufferQueueDebug( 1133): [Task=5363#78402](this:0xb400007855c46a30,id:-1,api:0,p:-1,c:-1) id info cannot be read from 'Task=5363#78402'
07-13 09:33:46.392 I/BufferQueueDebug( 1133): [Task=5363#78402](this:0xb400007855c46a30,id:-1,api:0,p:-1,c:-1) BufferQueue core=(1133:/system/bin/surfaceflinger)
07-13 09:33:46.394 D/C2MtkBufferManager( 1041): over 5000ms not request from VCodec but callback hooked, slow BM Cc fetch thread
07-13 09:33:46.395 D/WindowManager( 1813): setLockTaskAuth: task=Task{491279c #5363 type=standard A=10210:com.skillsroom.mobile} mLockTaskAuth=LOCK_TASK_AUTH_PINNABLE
07-13 09:33:46.395 D/WindowManager( 1813): Collecting in transition 6399: Task{491279c #5363 type=standard A=10210:com.skillsroom.mobile} init visibleRequested:false
07-13 09:33:46.398 D/CompatibilityChangeReporter( 1813): Compat change id reported: 184838306; UID 10210; state: DISABLED
07-13 09:33:46.399 I/hwcomposer( 1039): [HWCDisplay] [Display_0 (type:1)] fps:8.228497,dur:1093.76,max:744.45,min:9.40  
07-13 09:33:46.400 D/CompatibilityChangeReporter( 1813): Compat change id reported: 185004937; UID 10210; state: DISABLED
07-13 09:33:46.400 E/BufferQueueDebug( 1133): [ActivityRecord{d47b0f u0 com.skillsroom.mobile/.MainActivity t5363}#78403](this:0xb4000078558e9a30,id:-1,api:0,p:-1,c:-1) id info cannot be read from 'ActivityRecord{d47b0f u0 com.skillsroom.mobile/.MainActivity t5363}#78403'
07-13 09:33:46.401 I/BufferQueueDebug( 1133): [ActivityRecord{d47b0f u0 com.skillsroom.mobile/.MainActivity t5363}#78403](this:0xb4000078558e9a30,id:-1,api:0,p:-1,c:-1) BufferQueue core=(1133:/system/bin/surfaceflinger)
07-13 09:33:46.402 D/WindowManager( 1813): setLockTaskAuth: task=Task{491279c #5363 type=standard A=10210:com.skillsroom.mobile} mLockTaskAuth=LOCK_TASK_AUTH_PINNABLE
07-13 09:33:46.403 D/MiuiFreeFormManagerService( 1813): onStartActivityInner as = Task{491279c #5363 type=standard A=10210:com.skillsroom.mobile} op = null
07-13 09:33:46.410 I/mtkpower@impl( 1059): [setMode] type:5, enabled:1
07-13 09:33:46.411 D/ActivityTaskManager( 1813): Task#startActivityLocked isOrhasTask=true newTask=true
07-13 09:33:46.412 I/libPowerHal( 1059): [perfLockAcq] idx:3 hdl:246616 hint:11 pid:1059 duration:30000 lock_user:mtkpower@1.0-se => ret_hdl:246616
07-13 09:33:46.412 I/ThermalBreakConfigReader( 1059): [getTargetfreqinfo] [getTargetfreqinfo] hint get target result freq:boost:1 cpu0:1800000 cpu6:2000000 cpumask:ff
07-13 09:33:46.413 I/ExtendedPerfBoost( 1059): [thermalbreak_verification] needbreak curr breakmode 1, scence id 0, set: boost:1 cpu0:1800000 cpu6:2000000 cpumask:ff
07-13 09:33:46.413 I/ExtendedPerfBoost( 1059): [triggerList_add] [triggerList_add] come into triggerList_add
07-13 09:33:46.413 I/ExtendedPerfBoost( 1059): [triggerList_add] get item from freelist 0x76b7cb7ab8
07-13 09:33:46.413 I/ExtendedPerfBoost( 1059): [triggerList_add] init new item prio:2, duration:3000, param:boost:1 cpu0:1800000 cpu6:2000000 cpumask:ff
07-13 09:33:46.413 I/ExtendedPerfBoost( 1059): [triggerList_add] add item prio in empty list
07-13 09:33:46.413 I/ExtendedPerfBoost( 1059): [trig_thermalbreak] trigger one node
07-13 09:33:46.413 I/ExtendedUtils( 1059): [timer_sampling_set] come in timer_sampling_set, duration :3000
07-13 09:33:46.413 I/ExtendedUtils( 1059): [settimer] come in settimer, time_now :624129795, time_end: 624132795
07-13 09:33:46.413 I/ExtendedPerfBoost( 1059): [setThermalBreak] [setThermalBreak] : boost:1 cpu0:1800000 cpu6:2000000 cpumask:ff
07-13 09:33:46.414 D/C2MtkBufferManager( 1041): over 5000ms not request from VCodec but callback hooked, slow BM Cc fetch thread
07-13 09:33:46.414 I/libPowerHal( 1059): LAUNCH: cpu_ctrl set cpu freq: 1800000 -1 2000000 -1
07-13 09:33:46.415 I/libPowerHal( 1059): [PE] LAUNCH update cmd:1000000, param:0
07-13 09:33:46.415 I/libPowerHal( 1059): [PE] LAUNCH update cmd:1408300, param:100
07-13 09:33:46.415 I/libPowerHal( 1059): [PE] LAUNCH update cmd:1000000 param:0
07-13 09:33:46.418 D/CompatibilityChangeReporter( 1813): Compat change id reported: 205907456; UID 10210; state: ENABLED
07-13 09:33:46.420 I/PowerHalWrapper( 1813): amsBoostNotify pid:2470,activity:com.miui.home.launcher.Launcher, package:com.miui.home, mProcessCreatePackcom.skillsroom.mobile 
07-13 09:33:46.420 I/PowerHalWrapper( 1813): state: 0 
07-13 09:33:46.421 I/mtkpower_client( 1813): [Legacy][PowerHal_Wrap_notifyAppState] com.miui.home/com.miui.home.launcher.Launcher pid=2470 state:0
07-13 09:33:46.421 I/libPowerHal( 1059): [perfNotifyAppState] pack:com.miui.home, act:com.miui.home.launcher.Launcher, state:0, pid:2470, uid:10166, fps:-1
07-13 09:33:46.422 I/PowerHalWrapper( 1813): amsBoostNotify AMS_BOOST_PROCESS_CREATE_BOOST:false 
07-13 09:33:46.425 I/PowerHalWrapper( 1813): <amsBoostResume> last:com.miui.home, next:com.skillsroom.mobile 
07-13 09:33:46.426 W/ServiceManagerCppClient( 1813): Failed to get isDeclared for vendor.mediatek.hardware.mtkpower.IMtkPowerService/default: Status(-1, EX_SECURITY): 'SELinux denied.'
07-13 09:33:46.426 I/mtkpower_client( 1813): IMtkPowerService_isDeclared 0
07-13 09:33:46.427 W/ServiceManagerCppClient( 1813): Failed to get isDeclared for vendor.mediatek.hardware.mtkpower.IMtkPowerService/default: Status(-1, EX_SECURITY): 'SELinux denied.'
07-13 09:33:46.427 I/mtkpower_client( 1813): IMtkPowerService_isDeclared 0
07-13 09:33:46.429 D/WindowManager( 1813): Collecting in transition 6399: ActivityRecord{d47b0f u0 com.skillsroom.mobile/.MainActivity t5363} init visibleRequested:false
07-13 09:33:46.429 D/WindowManager( 1813): Requesting StartTransition: TransitionRecord{df12d7a id=6399 type=OPEN flags=0x0}
07-13 09:33:46.430 I/libPowerHal( 1059): [perfLockAcq] idx:5 hdl:246617 hint:22 pid:1059 duration:10000 lock_user:mtkpower@1.0-se => ret_hdl:246617
07-13 09:33:46.430 I/ActivityTaskManager( 1813): START u0 {flg=0x10000000 cmp=com.skillsroom.mobile/.MainActivity} with LAUNCH_SINGLE_TASK from uid 2000 (BAL_ALLOW_PERMISSION) result code=0
07-13 09:33:46.431 W/ActivityTaskManager( 1813): getTaskSnapshot: taskId=5362 not found
07-13 09:33:46.432 I/SoScUtils( 2459): monitorTransitionRequest mRequestOpenTransition:null mRequestOpenTriggerTask:-1 mRequestCloseTransition:null mRequestCloseTriggerTask:-1 mRequestCloseStageType:-1
07-13 09:33:46.433 I/libPowerHal( 1059): [perfLockRel] hdl:246612, idx:-1
07-13 09:33:46.433 W/ActivityManager( 1813): ProcessRecord{7b2a9e7 0:com.skillsroom.mobile/u0a210} is attached to a previous process 10944
07-13 09:33:46.434 D/C2MtkBufferManager( 1041): over 5000ms not request from VCodec but callback hooked, slow BM Cc fetch thread
07-13 09:33:46.435 D/TaskStackChangeListeners( 2470): onTaskDescriptionChanged =  taskId = 5363
07-13 09:33:46.437 I/PowerHalWrapper( 1813): amsBoostProcessCreate package:com.skillsroom.mobile 
07-13 09:33:46.438 W/ServiceManagerCppClient( 1813): Failed to get isDeclared for vendor.mediatek.hardware.mtkpower.IMtkPowerService/default: Status(-1, EX_SECURITY): 'SELinux denied.'
07-13 09:33:46.438 I/mtkpower_client( 1813): IMtkPowerService_isDeclared 0
07-13 09:33:46.439 W/ServiceManagerCppClient( 1813): Failed to get isDeclared for vendor.mediatek.hardware.mtkpower.IMtkPowerService/default: Status(-1, EX_SECURITY): 'SELinux denied.'
07-13 09:33:46.439 I/FocusedNotifPromptContr( 2459): onTopActivityMayChanged: topActivity=com.skillsroom.mobile
07-13 09:33:46.440 I/mtkpower_client( 1813): IMtkPowerService_isDeclared 0
07-13 09:33:46.440 I/FocusedNotifPromptContr( 2459): topActivityMayChanged: topActivity=com.skillsroom.mobile
07-13 09:33:46.441 I/libPowerHal( 1059): [perfLockAcq] idx:6 hdl:246618 hint:21 pid:1059 duration:10000 lock_user:mtkpower@1.0-se => ret_hdl:246618
07-13 09:33:46.442 D/KeyguardEditorHelper( 2459): onTopActivityMayChanged, topActivity=ComponentInfo{com.skillsroom.mobile/com.skillsroom.mobile.MainActivity}; mState=IDEL
07-13 09:33:46.442 D/WindowManager( 1813): Set transition=TransitionRecord{df12d7a id=6399 type=OPEN flags=0x0}, ready=false, SyncId=6399 used=true, override=false, defer=0, states=Display{#0 state=ON size=720x1600 ROTATION_0}:false
07-13 09:33:46.443 D/OneHandedController( 2459): stopOneHanded state is 0
07-13 09:33:46.444 D/CompatibilityChangeReporter( 1813): Compat change id reported: 135634846; UID 10210; state: DISABLED
07-13 09:33:46.444 D/CompatibilityChangeReporter( 1813): Compat change id reported: 177438394; UID 10210; state: DISABLED
07-13 09:33:46.444 D/CompatibilityChangeReporter( 1813): Compat change id reported: 135772972; UID 10210; state: DISABLED
07-13 09:33:46.444 D/CompatibilityChangeReporter( 1813): Compat change id reported: 135754954; UID 10210; state: ENABLED
07-13 09:33:46.444 I/libPowerHal( 1059): [PE] MTKPOWER_HINT_PROCESS_CREATE update cmd:2020000, param:15
07-13 09:33:46.444 D/OneHandedController( 2459): stopOneHanded state is 0
07-13 09:33:46.444 I/libPowerHal( 1059): [PE] MTKPOWER_HINT_PROCESS_CREATE update cmd:1410000, param:1
07-13 09:33:46.445 I/libPowerHal( 1059): [perfLockRel] hdl:246275, idx:-1
07-13 09:33:46.445 D/RecentsModel( 2470): onTaskStackChangedBackground
07-13 09:33:46.446 D/EventBus( 2470): No subscribers registered for event class com.miui.home.recents.messages.RecentTasksChangedEvent
07-13 09:33:46.446 D/RecentsModel( 2470): onTaskStackChangedBackground    MSG_TASK_STACK_CHANGE
07-13 09:33:46.446 D/RecentsModel( 2470): preloadRecents
07-13 09:33:46.446 D/EventBus( 2470): No subscribers registered for event class org.greenrobot.eventbus.NoSubscriberEvent
07-13 09:33:46.446 W/RecentsModel( 2470): getRunningTask
07-13 09:33:46.446 D/RecentsModel( 2470): onTaskStackChangedBackground
07-13 09:33:46.446 D/EventBus( 2470): No subscribers registered for event class com.miui.home.recents.messages.RecentTasksChangedEvent
07-13 09:33:46.446 D/EventBus( 2470): No subscribers registered for event class org.greenrobot.eventbus.NoSubscriberEvent
07-13 09:33:46.448 W/RecentsModel( 2470): getRunningTask   taskInfo=TaskInfo{userId=0 taskId=2 displayId=0 isRunning=true baseIntent=Intent { act=android.intent.action.MAIN cat=[android.intent.category.HOME] flg=0x10000100 cmp=com.miui.home/.launcher.Launcher } baseActivity=ComponentInfo{com.miui.home/com.miui.home.launcher.Launcher} topActivity=ComponentInfo{com.miui.home/com.miui.home.launcher.Launcher} origActivity=null realActivity=ComponentInfo{com.miui.home/com.miui.home.launcher.Launcher} numActivities=1 lastActiveTime=693226104 supportsSplitScreenMultiWindow=true supportsMultiWindow=true resizeMode=2 isResizeable=true minWidth=-1 minHeight=-1 defaultMinSize=200 token=WCT{android.window.IWindowContainerToken$Stub$Proxy@764ac0e} topActivityType=2 pictureInPictureParams=null shouldDockBigOverlays=false launchIntoPipHostTaskId=-1 lastParentTaskIdBeforePip=-1 displayCutoutSafeInsets=null topActivityInfo=ActivityInfo{31db62f com.miui.home.launcher.Launcher} launchCookies=[] positionInParent=Point(0, 0) parentTaskId=-1 isFocused=true isVisible=true isVisibleRequested=true isSleeping=false topActivityInSizeCompat=false topActivityEligibleForLetterboxEducation= false topActivityLetterboxed= false isFromDoubleTap= false topActivityLetterboxVerticalPosition= -1 topActivityLetterboxHorizontalPosition= -1 topActivityLetterboxWidth=-1 topActivityLetterboxHeight=-1 locusId=null displayAreaFeatureId=1 cameraCompatControlState=hidden mIsCastMode=false mTopActivityMediaSize=null mTopActivityRecordName=ActivityRecord{8061640 u0 com.miui.home/.launcher.Launcher t2} mTopActivityOrientation=1 mTopActivityWindowIsNowVisible=false isTranslucent=false isEmbedded=false shouldBeVisible=true mBehindAppLockPkg=null mOriginatingUid=0}
07-13 09:33:46.448 W/RecentsModel( 2470): getTaskInfoIgnoreHomeAndFreeform   taskInfo=ComponentInfo{com.miui.home/com.miui.home.launcher.Launcher}
07-13 09:33:46.448 E/ActivityManagerWrapper( 2470): get all recent tasks force including 2
07-13 09:33:46.451 D/SurfaceFlinger( 1133): [SF client] NEW(0xb400007865d45f80) for (2459:com.android.systemui)
07-13 09:33:46.452 I/gralloc4( 1133): @set_metadata: update dataspace from GM (0x00000000 -> 0x08010000)
07-13 09:33:46.455 D/C2MtkBufferManager( 1041): over 5000ms not request from VCodec but callback hooked, slow BM Cc fetch thread
07-13 09:33:46.456 E/ActivityManagerWrapper( 2470): getRecentTasks: size=9
07-13 09:33:46.456 E/ActivityManagerWrapper( 2470): getRecentTasks: mainTaskId=5363   userId=0   windowMode=1   baseIntent=Intent { act=null flag=268435456 cmp=ComponentInfo{com.skillsroom.mobile/com.skillsroom.mobile.MainActivity} }
07-13 09:33:46.456 E/ActivityManagerWrapper( 2470): getRecentTasks: mainTaskId=5341   userId=0   windowMode=1   baseIntent=Intent { act=android.intent.action.MAIN flag=270532608 cmp=ComponentInfo{com.whatsapp.w4b/com.whatsapp.Main} }
07-13 09:33:46.456 E/ActivityManagerWrapper( 2470): getRecentTasks: mainTaskId=5344   userId=0   windowMode=1   baseIntent=Intent { act=android.intent.action.MAIN flag=270532608 cmp=ComponentInfo{com.facebook.lite/com.facebook.lite.MainActivity} }
07-13 09:33:46.456 E/ActivityManagerWrapper( 2470): getRecentTasks: mainTaskId=5336   userId=0   windowMode=1   baseIntent=Intent { act=android.intent.action.MAIN flag=270532608 cmp=ComponentInfo{com.google.android.dialer/com.google.android.dialer.extensions.GoogleDialtactsActivity} }
07-13 09:33:46.456 E/ActivityManagerWrapper( 2470): getRecentTasks: mainTaskId=5335   userId=0   windowMode=1   baseIntent=Intent { act=android.intent.action.MAIN flag=270532608 cmp=ComponentInfo{com.shaiban.audioplayer.mplayer/com.shaiban.audioplayer.mplayer.app.navigation.NavigatingActivity} }
07-13 09:33:46.456 E/ActivityManagerWrapper( 2470): getRecentTasks: mainTaskId=5287   userId=0   windowMode=1   baseIntent=Intent { act=android.intent.action.MAIN flag=270532608 cmp=ComponentInfo{ng.mtn.nextgen/ng.mtn.nextgen.MainActivity} }
07-13 09:33:46.456 E/ActivityManagerWrapper( 2470): getRecentTasks: mainTaskId=5273   userId=0   windowMode=1   baseIntent=Intent { act=android.settings.APPLICATION_DEVELOPMENT_SETTINGS flag=268468224 cmp=ComponentInfo{com.android.settings/com.android.settings.Settings$DevelopmentSettingsDashboardActivity} }
07-13 09:33:46.456 E/ActivityManagerWrapper( 2470): getRecentTasks: mainTaskId=5246   userId=0   windowMode=1   baseIntent=Intent { act=android.intent.action.MAIN flag=270532608 cmp=ComponentInfo{cn.xender/cn.xender.ui.activity.SplashActivity} }
07-13 09:33:46.456 E/ActivityManagerWrapper( 2470): getRecentTasks: mainTaskId=5239   userId=0   windowMode=1   baseIntent=Intent { act=android.intent.action.MAIN flag=270532608 cmp=ComponentInfo{com.android.camera/com.android.camera.Camera} }
07-13 09:33:46.457 D/SurfaceFlinger( 1133): [SF client] REMOVE (0xb4000078559c8a80) for (10944:com.skillsroom.mobile)
07-13 09:33:46.457 D/SurfaceFlinger( 1133): [SF client] REMOVE (0xb400007865d4cb80) for (10944:com.skillsroom.mobile)
07-13 09:33:46.458 D/SurfaceFlinger( 1133): [SF client] REMOVE (0xb40000786c255300) for (10944:com.skillsroom.mobile)
07-13 09:33:46.458 D/SurfaceFlinger( 1133): [SF client] REMOVE (0xb40000788a553980) for (10944:com.skillsroom.mobile)
07-13 09:33:46.458 D/SurfaceFlinger( 1133): [SF client] REMOVE (0xb400007865d4c380) for (10944:com.skillsroom.mobile)
07-13 09:33:46.458 D/SurfaceFlinger( 1133): [SF client] REMOVE (0xb400007865d45d00) for (10944:com.skillsroom.mobile)
07-13 09:33:46.458 D/SurfaceFlinger( 1133): [SF client] REMOVE (0xb4000078559c8700) for (10944:com.skillsroom.mobile)
07-13 09:33:46.458 D/SurfaceFlinger( 1133): [SF client] REMOVE (0xb40000786c921480) for (10944:com.skillsroom.mobile)
07-13 09:33:46.458 D/SurfaceFlinger( 1133): [SF client] REMOVE (0xb40000788a952980) for (10944:com.skillsroom.mobile)
07-13 09:33:46.458 D/SurfaceFlinger( 1133): [SF client] REMOVE (0xb4000078559c8d80) for (10944:com.skillsroom.mobile)
07-13 09:33:46.459 I/adbd    (21521): Remote process closed the socket (on MSG_PEEK)
07-13 09:33:46.461 W/libc    ( 2459): Access denied finding property "ro.vendor.display.iris_x7.support"
07-13 09:33:46.462 D/Launcher.Lifecycle( 2470): onPause:UserHandle{0},63f4ca8,true
07-13 09:33:46.463 D/Launcher_UnlockAnimationStateMachine( 2470): onPause = IDLE
07-13 09:33:46.463 W/ActivityManager( 1813): setHasOverlayUi called on unknown pid: 10944
07-13 09:33:46.463 E/BpTransactionCompletedListener( 1133): Failed to transact (-32)
07-13 09:33:46.463 I/BufferQueueDebug( 1133): [com.skillsroom.mobile/com.skillsroom.mobile.MainActivity#78331](this:0xb4000078559a6a30,id:-1,api:0,p:-1,c:1133) onDestructor()
07-13 09:33:46.463 D/Launcher_UnlockAnimationStateMachine( 2470): setState:PAUSE_WAIT
07-13 09:33:46.463 W/libprocessgroup( 1813): SetCgroup::ExecuteForProcess: failed to open /dev/blkio//cgroup.procs: No such file or directory
07-13 09:33:46.463 D/CompatibilityChangeReporter( 1813): Compat change id reported: 143937733; UID 10210; state: ENABLED
07-13 09:33:46.464 D/VRI[mobile]( 2459): hardware acceleration = true, forceHwAccelerated = false
07-13 09:33:46.465 I/BufferQueueDebug( 1133): [PopupWindow:9d16b36#78378](this:0xb400007855b05a30,id:-1,api:0,p:-1,c:1133) onDestructor()
07-13 09:33:46.465 E/BpTransactionCompletedListener( 1133): Failed to transact (-32)
07-13 09:33:46.468 E/BufferQueueDebug( 1133): [480e721 Splash Screen com.skillsroom.mobile#78404](this:0xb4000078558f3a30,id:-1,api:0,p:-1,c:-1) id info cannot be read from '480e721 Splash Screen com.skillsroom.mobile#78404'
07-13 09:33:46.468 I/BufferQueueDebug( 1133): [480e721 Splash Screen com.skillsroom.mobile#78404](this:0xb4000078558f3a30,id:-1,api:0,p:-1,c:-1) BufferQueue core=(1133:/system/bin/surfaceflinger)
07-13 09:33:46.476 D/C2MtkBufferManager( 1041): over 5000ms not request from VCodec but callback hooked, slow BM Cc fetch thread
07-13 09:33:46.478 D/LauncherAssistantCompatGoogle( 2470): onPause com.google.android.libraries.gsa.launcherclient.LauncherClient@80e5266
07-13 09:33:46.478 D/Zygote  ( 1023): Forked child process 15018
07-13 09:33:46.480 I/Zygote  ( 1023): Process 10944 exited due to signal 9 (Killed)
07-13 09:33:46.481 I/ActivityManager( 1813): Start proc 15018:com.skillsroom.mobile/u0a210 for next-top-activity {com.skillsroom.mobile/com.skillsroom.mobile.MainActivity} caller=com.android.shell
07-13 09:33:46.483 D/TaskSnapshot_Helper( 2459): app is not pre-defined.
07-13 09:33:46.486 I/BpBinder( 1133): onLastStrongRef automatically unlinking death recipients: 
07-13 09:33:46.489 E/Zygote  (15018): process_name_ptr:15018 com.skillsroom.mobile
07-13 09:33:46.493 W/libprocessgroup( 1813): SetCgroup::ExecuteForProcess: failed to open /dev/blkio//cgroup.procs: No such file or directory
07-13 09:33:46.495 W/Activity( 2470): PerfMonitor: Slow Operation: Activity com.miui.home/.launcher.Launcher onPause took 51ms
07-13 09:33:46.496 D/CoreBackPreview( 1813): Window{480e721 u0 Splash Screen com.skillsroom.mobile}: Setting back callback OnBackInvokedCallbackInfo{mCallback=android.window.IOnBackInvokedCallback$Stub$Proxy@4f699a0, mPriority=0, mIsAnimationCallback=false}
07-13 09:33:46.496 D/C2MtkBufferManager( 1041): over 5000ms not request from VCodec but callback hooked, slow BM Cc fetch thread
07-13 09:33:46.496 I/SmartPower: com.google.android.gms/10157(8414)( 1813): idle->background(38843ms) R(add to whitelist) adj=0.
07-13 09:33:46.497 E/BufferQueueDebug( 1133): [Splash Screen com.skillsroom.mobile#78405](this:0xb4000078559f0a30,id:-1,api:0,p:-1,c:-1) id info cannot be read from 'Splash Screen com.skillsroom.mobile#78405'
07-13 09:33:46.498 I/BufferQueueDebug( 1133): [Splash Screen com.skillsroom.mobile#78405](this:0xb4000078559f0a30,id:-1,api:0,p:-1,c:-1) BufferQueue core=(1133:/system/bin/surfaceflinger)
07-13 09:33:46.499 D/BoundBrokerSvc( 8414): onBind: Intent { act=com.google.android.gms.measurement.START pkg=com.google.android.gms }
07-13 09:33:46.500 D/BoundBrokerSvc( 8414): Loading bound service for intent: Intent { act=com.google.android.gms.measurement.START pkg=com.google.android.gms }
07-13 09:33:46.502 I/bzak    (12903): onPause
07-13 09:33:46.504 W/libprocessgroup( 1813): SetCgroup::ExecuteForProcess: failed to open /dev/blkio//cgroup.procs: No such file or directory
07-13 09:33:46.507 D/BufferQueueConsumer( 2459): [](id:99b00000b2f,api:0,p:-1,c:2459) connect: controlledByApp=false
07-13 09:33:46.510 I/illsroom.mobile(15018): Late-enabling -Xcheck:jni
07-13 09:33:46.515 E/OpenGLRenderer( 2459): Unable to match the desired swap behavior.
07-13 09:33:46.516 D/WindowManager( 1813): Collecting in transition 6399: ActivityRecord{d47b0f u0 com.skillsroom.mobile/.MainActivity t5363} init visibleRequested:false
07-13 09:33:46.517 D/C2MtkBufferManager( 1041): over 5000ms not request from VCodec but callback hooked, slow BM Cc fetch thread
07-13 09:33:46.517 D/WindowManager( 1813): Collecting in transition 6399: ActivityRecord{8061640 u0 com.miui.home/.launcher.Launcher t2} init visibleRequested:true
07-13 09:33:46.517 D/WindowManager( 1813): Collecting in transition 6399: WallpaperWindowToken{687d1fc token=android.os.Binder@4ebd2ef} init visibleRequested:true
07-13 09:33:46.517 D/WindowManager( 1813): Collecting in transition 6399: WallpaperWindowToken{a88fd32 token=android.os.BinderProxy@a12713d} init visibleRequested:true
07-13 09:33:46.525 D/WindowManager( 1813): wms.Focus not requested for window=Window{52dece7 u0 com.miui.home/com.miui.home.launcher.Launcher} because it has no surface or is not focusable.
07-13 09:33:46.527 D/RecentsModel( 2470): onTaskStackChangedBackground    MSG_TASK_STACK_CHANGE
07-13 09:33:46.527 D/RecentsModel( 2470): preloadRecents
07-13 09:33:46.527 W/RecentsModel( 2470): getRunningTask
07-13 09:33:46.531 D/SchedBoost( 1813): com.mi.globalminusscreen boosting, skip reset priority
07-13 09:33:46.533 D/VRI[mobile]( 2459): vri.reportNextDraw android.view.ViewRootImpl.performTraversals:4402 android.view.ViewRootImpl.doTraversal:3018 android.view.ViewRootImpl$TraversalRunnable.run:10526 android.view.Choreographer$CallbackRecord.run:1682 android.view.Choreographer$CallbackRecord.run:1691 
07-13 09:33:46.533 D/VRI[mobile]( 2459): vri.Setup new sync=wmsSync-VRI[mobile]#51
07-13 09:33:46.533 I/MiuiNetworkPolicy( 1813): updateUidState uid = 10210, uidState = 19
07-13 09:33:46.534 W/RecentsModel( 2470): getRunningTask   taskInfo=TaskInfo{userId=0 taskId=2 displayId=0 isRunning=true baseIntent=Intent { act=android.intent.action.MAIN cat=[android.intent.category.HOME] flg=0x10000100 cmp=com.miui.home/.launcher.Launcher } baseActivity=ComponentInfo{com.miui.home/com.miui.home.launcher.Launcher} topActivity=ComponentInfo{com.miui.home/com.miui.home.launcher.Launcher} origActivity=null realActivity=ComponentInfo{com.miui.home/com.miui.home.launcher.Launcher} numActivities=1 lastActiveTime=693226186 supportsSplitScreenMultiWindow=true supportsMultiWindow=true resizeMode=2 isResizeable=true minWidth=-1 minHeight=-1 defaultMinSize=200 token=WCT{android.window.IWindowContainerToken$Stub$Proxy@ee198e9} topActivityType=2 pictureInPictureParams=null shouldDockBigOverlays=false launchIntoPipHostTaskId=-1 lastParentTaskIdBeforePip=-1 displayCutoutSafeInsets=Rect(0, 68 - 0, 0) topActivityInfo=ActivityInfo{fdb496e com.miui.home.launcher.Launcher} launchCookies=[] positionInParent=Point(0, 0) parentTaskId=-1 isFocused=true isVisible=true isVisibleRequested=false isSleeping=false topActivityInSizeCompat=false topActivityEligibleForLetterboxEducation= false topActivityLetterboxed= false isFromDoubleTap= false topActivityLetterboxVerticalPosition= -1 topActivityLetterboxHorizontalPosition= -1 topActivityLetterboxWidth=-1 topActivityLetterboxHeight=-1 locusId=null displayAreaFeatureId=1 cameraCompatControlState=hidden mIsCastMode=false mTopActivityMediaSize=null mTopActivityRecordName=ActivityRecord{8061640 u0 com.miui.home/.launcher.Launcher t2} mTopActivityOrientation=-2 mTopActivityWindowIsNowVisible=false isTranslucent=true isEmbedded=false shouldBeVisible=false mBehindAppLockPkg=null mOriginatingUid=0}
07-13 09:33:46.534 W/RecentsModel( 2470): getTaskInfoIgnoreHomeAndFreeform   taskInfo=ComponentInfo{com.miui.home/com.miui.home.launcher.Launcher}
07-13 09:33:46.535 E/ActivityManagerWrapper( 2470): get all recent tasks force including 2
07-13 09:33:46.537 D/C2MtkBufferManager( 1041): over 5000ms not request from VCodec but callback hooked, slow BM Cc fetch thread
07-13 09:33:46.538 W/libprocessgroup( 1813): SetCgroup::ExecuteForProcess: failed to open /dev/blkio//cgroup.procs: No such file or directory
07-13 09:33:46.538 D/OpenGLRenderer( 2459): makeCurrent grContext:0xb400007c8cc6f720 reset mTextureAvailable
07-13 09:33:46.545 E/ActivityManagerWrapper( 2470): getRecentTasks: size=9
07-13 09:33:46.545 E/ActivityManagerWrapper( 2470): getRecentTasks: mainTaskId=5363   userId=0   windowMode=1   baseIntent=Intent { act=null flag=268435456 cmp=ComponentInfo{com.skillsroom.mobile/com.skillsroom.mobile.MainActivity} }
07-13 09:33:46.545 E/ActivityManagerWrapper( 2470): getRecentTasks: mainTaskId=5341   userId=0   windowMode=1   baseIntent=Intent { act=android.intent.action.MAIN flag=270532608 cmp=ComponentInfo{com.whatsapp.w4b/com.whatsapp.Main} }
07-13 09:33:46.545 E/ActivityManagerWrapper( 2470): getRecentTasks: mainTaskId=5344   userId=0   windowMode=1   baseIntent=Intent { act=android.intent.action.MAIN flag=270532608 cmp=ComponentInfo{com.facebook.lite/com.facebook.lite.MainActivity} }
07-13 09:33:46.545 E/ActivityManagerWrapper( 2470): getRecentTasks: mainTaskId=5336   userId=0   windowMode=1   baseIntent=Intent { act=android.intent.action.MAIN flag=270532608 cmp=ComponentInfo{com.google.android.dialer/com.google.android.dialer.extensions.GoogleDialtactsActivity} }
07-13 09:33:46.545 E/ActivityManagerWrapper( 2470): getRecentTasks: mainTaskId=5335   userId=0   windowMode=1   baseIntent=Intent { act=android.intent.action.MAIN flag=270532608 cmp=ComponentInfo{com.shaiban.audioplayer.mplayer/com.shaiban.audioplayer.mplayer.app.navigation.NavigatingActivity} }
07-13 09:33:46.545 E/ActivityManagerWrapper( 2470): getRecentTasks: mainTaskId=5287   userId=0   windowMode=1   baseIntent=Intent { act=android.intent.action.MAIN flag=270532608 cmp=ComponentInfo{ng.mtn.nextgen/ng.mtn.nextgen.MainActivity} }
07-13 09:33:46.545 E/ActivityManagerWrapper( 2470): getRecentTasks: mainTaskId=5273   userId=0   windowMode=1   baseIntent=Intent { act=android.settings.APPLICATION_DEVELOPMENT_SETTINGS flag=268468224 cmp=ComponentInfo{com.android.settings/com.android.settings.Settings$DevelopmentSettingsDashboardActivity} }
07-13 09:33:46.545 E/ActivityManagerWrapper( 2470): getRecentTasks: mainTaskId=5246   userId=0   windowMode=1   baseIntent=Intent { act=android.intent.action.MAIN flag=270532608 cmp=ComponentInfo{cn.xender/cn.xender.ui.activity.SplashActivity} }
07-13 09:33:46.546 E/ActivityManagerWrapper( 2470): getRecentTasks: mainTaskId=5239   userId=0   windowMode=1   baseIntent=Intent { act=android.intent.action.MAIN flag=270532608 cmp=ComponentInfo{com.android.camera/com.android.camera.Camera} }
07-13 09:33:46.555 D/BLASTBufferQueue( 2459): [VRI[mobile]#2770](f:0,a:1) acquireNextBufferLocked size=720x1600 mFrameNumber=1 applyTransaction=true mTimestamp=624129935718507(auto) mPendingTransactions.size=0 graphicBufferId=10561324610802 transform=0
07-13 09:33:46.557 D/VRI[mobile]( 2459): vri.reportDrawFinished
07-13 09:33:46.557 D/C2MtkBufferManager( 1041): over 5000ms not request from VCodec but callback hooked, slow BM Cc fetch thread
