07-13 09:33:56.104 I/gralloc4( 2459): @set_metadata: update dataspace from GM (0x00000000 -> 0x08010000)
07-13 09:33:56.106 D/TelephonyManager( 2457): requestModemActivityInfo: Sending result to app: ModemActivityInfo{ mTimestamp=693235757 mSleepTimeMs=291187538 mIdleTimeMs=83006978 mActivityStatsTechSpecificInfo=[{mRat=UNKNOWN,mFrequencyRange=UNKNOWN,mTxTimeMs[]=[99490, 859413, 16500357, 16842181, 35573424],mRxTimeMs=320769422}]}
07-13 09:33:56.122 D/C2MtkBufferManager( 1041): over 5000ms not request from VCodec but callback hooked, slow BM Cc fetch thread
07-13 09:33:56.122 I/BufferQueueProducer( 1133): [StatusBar#98](this:0xb400007865c71a30,id:-1,api:0,p:-1,c:1133) queueBuffer: fps=0.49 dur=2033.20 max=2033.20 min=2033.20
07-13 09:33:56.127 I/hwcomposer( 1039): [HWCDisplay] [Display_0 (type:1)] fps:0.659402,dur:3033.05,max:2033.55,min:999.50  
07-13 09:33:56.142 D/C2MtkBufferManager( 1041): over 5000ms not request from VCodec but callback hooked, slow BM Cc fetch thread
07-13 09:33:56.163 D/C2MtkBufferManager( 1041): over 5000ms not request from VCodec but callback hooked, slow BM Cc fetch thread
07-13 09:33:56.166 D/UidObserver( 7233): onUidIdle uid=10203 uidstate=100
07-13 09:33:56.184 D/C2MtkBufferManager( 1041): over 5000ms not request from VCodec but callback hooked, slow BM Cc fetch thread
07-13 09:33:56.204 D/C2MtkBufferManager( 1041): over 5000ms not request from VCodec but callback hooked, slow BM Cc fetch thread
07-13 09:33:56.211 D/connsyslogger( 1516): SD_LOG_ROOT is /data/debuglogger/connsyslog/fw.
07-13 09:33:56.211 D/connsyslogger( 1516): systemReady:1
07-13 09:33:56.225 D/C2MtkBufferManager( 1041): over 5000ms not request from VCodec but callback hooked, slow BM Cc fetch thread
07-13 09:33:56.245 D/C2MtkBufferManager( 1041): over 5000ms not request from VCodec but callback hooked, slow BM Cc fetch thread
07-13 09:33:56.266 D/C2MtkBufferManager( 1041): over 5000ms not request from VCodec but callback hooked, slow BM Cc fetch thread
07-13 09:33:56.287 D/C2MtkBufferManager( 1041): over 5000ms not request from VCodec but callback hooked, slow BM Cc fetch thread
07-13 09:33:56.307 D/C2MtkBufferManager( 1041): over 5000ms not request from VCodec but callback hooked, slow BM Cc fetch thread
07-13 09:33:56.328 D/C2MtkBufferManager( 1041): over 5000ms not request from VCodec but callback hooked, slow BM Cc fetch thread
07-13 09:33:56.336 D/UidObserver( 7233): onUidIdle uid=10100 uidstate=100
07-13 09:33:56.348 D/C2MtkBufferManager( 1041): over 5000ms not request from VCodec but callback hooked, slow BM Cc fetch thread
07-13 09:33:56.369 D/C2MtkBufferManager( 1041): over 5000ms not request from VCodec but callback hooked, slow BM Cc fetch thread
07-13 09:33:56.390 D/C2MtkBufferManager( 1041): over 5000ms not request from VCodec but callback hooked, slow BM Cc fetch thread
07-13 09:33:56.411 D/C2MtkBufferManager( 1041): over 5000ms not request from VCodec but callback hooked, slow BM Cc fetch thread
07-13 09:33:56.427 D/ActivityManager( 1813): getProcessesInErrorState callingUid=10288, CallingPid=19459
07-13 09:33:56.427 D/ActivityManager( 1813): getProcessesInErrorState callingUid=10279, CallingPid=443
07-13 09:33:56.431 W/Settings( 2457): Setting airplane_mode_on has moved from android.provider.Settings.System to android.provider.Settings.Global, returning read-only value.
07-13 09:33:56.432 D/C2MtkBufferManager( 1041): over 5000ms not request from VCodec but callback hooked, slow BM Cc fetch thread
07-13 09:33:56.439 D/MobileStatusTracker(1)( 2459): onSignalStrengthsChanged signalStrength=SignalStrength:{mCdma=CellSignalStrengthCdma: cdmaDbm=2147483647 cdmaEcio=2147483647 evdoDbm=2147483647 evdoEcio=2147483647 evdoSnr=2147483647 miuiLevel=0 mOptimizedLevel=0 level=0,mGsm=CellSignalStrengthGsm: rssi=2147483647 ber=2147483647 mTa=2147483647 miuiLevel=0 isNtnMode=false mLevel=0,mWcdma=CellSignalStrengthWcdma: ss=2147483647 ber=2147483647 rscp=2147483647 ecno=2147483647 miuiLevel=0 mOptimizedLevel=0 level=0,mTdscdma=CellSignalStrengthTdscdma: rssi=2147483647 ber=2147483647 rscp=2147483647 miuiLevel=0 mOptimizedLevel=0 level=0,mLte=CellSignalStrengthLte: rssi=-91 rsrp=-101 rsrq=-11 rssnr=14 cqiTableIndex=2147483647 cqi=0 ta=0 miuiLevel=4 mOptimizedLevel=0 level=3 parametersUseForLevel=0,mNr=CellSignalStrengthNr:{ csiRsrp = 2147483647 csiRsrq = 2147483647 csiCqiTableIndex = 2147483647 csiCqiReport = [] ssRsrp = 2147483647 ssRsrq = 2147483647 ssSinr = 2147483647 miuiLevel = 0 mOptimizedLevel = 0 level = 0 parametersUseForLevel = 0 timingAdvance = 2147483647 },primary=CellSignalStrengthLte,mNrAsPrimaryInNrNsa=false}
07-13 09:33:56.439 D/NetworkController.MobileSignalController(1)( 2459): update5GConnectState: false
07-13 09:33:56.439 D/NetworkController.MobileSignalController(1)( 2459): ss use aosp level not 0, 4
07-13 09:33:56.452 D/C2MtkBufferManager( 1041): over 5000ms not request from VCodec but callback hooked, slow BM Cc fetch thread
07-13 09:33:56.463 W/Settings( 2457): Setting airplane_mode_on has moved from android.provider.Settings.System to android.provider.Settings.Global, returning read-only value.
07-13 09:33:56.467 D/MobileStatusTracker(5)( 2459): onSignalStrengthsChanged signalStrength=SignalStrength:{mCdma=CellSignalStrengthCdma: cdmaDbm=2147483647 cdmaEcio=2147483647 evdoDbm=2147483647 evdoEcio=2147483647 evdoSnr=2147483647 miuiLevel=0 mOptimizedLevel=0 level=0,mGsm=CellSignalStrengthGsm: rssi=2147483647 ber=2147483647 mTa=2147483647 miuiLevel=0 isNtnMode=false mLevel=0,mWcdma=CellSignalStrengthWcdma: ss=2147483647 ber=2147483647 rscp=2147483647 ecno=2147483647 miuiLevel=0 mOptimizedLevel=0 level=0,mTdscdma=CellSignalStrengthTdscdma: rssi=2147483647 ber=2147483647 rscp=2147483647 miuiLevel=0 mOptimizedLevel=0 level=0,mLte=CellSignalStrengthLte: rssi=-73 rsrp=-95 rsrq=-20 rssnr=20 cqiTableIndex=2147483647 cqi=0 ta=0 miuiLevel=5 mOptimizedLevel=0 level=4 parametersUseForLevel=0,mNr=CellSignalStrengthNr:{ csiRsrp = 2147483647 csiRsrq = 2147483647 csiCqiTableIndex = 2147483647 csiCqiReport = [] ssRsrp = 2147483647 ssRsrq = 2147483647 ssSinr = 2147483647 miuiLevel = 0 mOptimizedLevel = 0 level = 0 parametersUseForLevel = 0 timingAdvance = 2147483647 },primary=CellSignalStrengthLte,mNrAsPrimaryInNrNsa=false}
07-13 09:33:56.467 D/NetworkController.MobileSignalController(5)( 2459): update5GConnectState: false
07-13 09:33:56.468 D/NetworkController.MobileSignalController(5)( 2459): ss use aosp level not 0, 5
07-13 09:33:56.473 D/C2MtkBufferManager( 1041): over 5000ms not request from VCodec but callback hooked, slow BM Cc fetch thread
07-13 09:33:56.494 D/C2MtkBufferManager( 1041): over 5000ms not request from VCodec but callback hooked, slow BM Cc fetch thread
07-13 09:33:56.514 D/C2MtkBufferManager( 1041): over 5000ms not request from VCodec but callback hooked, slow BM Cc fetch thread
07-13 09:33:56.535 D/C2MtkBufferManager( 1041): over 5000ms not request from VCodec but callback hooked, slow BM Cc fetch thread
07-13 09:33:56.556 D/C2MtkBufferManager( 1041): over 5000ms not request from VCodec but callback hooked, slow BM Cc fetch thread
07-13 09:33:56.576 D/C2MtkBufferManager( 1041): over 5000ms not request from VCodec but callback hooked, slow BM Cc fetch thread
07-13 09:33:56.597 D/C2MtkBufferManager( 1041): over 5000ms not request from VCodec but callback hooked, slow BM Cc fetch thread
07-13 09:33:56.618 D/C2MtkBufferManager( 1041): over 5000ms not request from VCodec but callback hooked, slow BM Cc fetch thread
07-13 09:33:56.638 D/C2MtkBufferManager( 1041): over 5000ms not request from VCodec but callback hooked, slow BM Cc fetch thread
07-13 09:33:56.659 D/C2MtkBufferManager( 1041): over 5000ms not request from VCodec but callback hooked, slow BM Cc fetch thread
07-13 09:33:56.680 D/C2MtkBufferManager( 1041): over 5000ms not request from VCodec but callback hooked, slow BM Cc fetch thread
07-13 09:33:56.685 D/SurfaceFlinger( 1133): [SF client] REMOVE (0xb40000786cd4c200) for (15018:com.skillsroom.mobile)
07-13 09:33:56.690 I/libPerfCtl( 1059): xgfGetFPS pid:2459 fps:-1
07-13 09:33:56.691 I/libPerfCtl( 1059): xgfGetFPS pid:2470 fps:-1
07-13 09:33:56.691 I/libPerfCtl( 1059): xgfGetFPS pid:15018 fps:-1
07-13 09:33:56.700 D/C2MtkBufferManager( 1041): over 5000ms not request from VCodec but callback hooked, slow BM Cc fetch thread
07-13 09:33:56.721 D/C2MtkBufferManager( 1041): over 5000ms not request from VCodec but callback hooked, slow BM Cc fetch thread
07-13 09:33:56.741 D/C2MtkBufferManager( 1041): over 5000ms not request from VCodec but callback hooked, slow BM Cc fetch thread
07-13 09:33:56.762 D/C2MtkBufferManager( 1041): over 5000ms not request from VCodec but callback hooked, slow BM Cc fetch thread
07-13 09:33:56.783 D/C2MtkBufferManager( 1041): over 5000ms not request from VCodec but callback hooked, slow BM Cc fetch thread
07-13 09:33:56.803 D/C2MtkBufferManager( 1041): over 5000ms not request from VCodec but callback hooked, slow BM Cc fetch thread
07-13 09:33:56.809 D/power@timer( 1059): [mtkPowerTimer] visRead:0
07-13 09:33:56.824 D/C2MtkBufferManager( 1041): over 5000ms not request from VCodec but callback hooked, slow BM Cc fetch thread
07-13 09:33:56.844 D/C2MtkBufferManager( 1041): over 5000ms not request from VCodec but callback hooked, slow BM Cc fetch thread
07-13 09:33:56.844 W/C2BqBuffer( 1041): last successful dequeue was 92888109026 us ago, 0 consecutive failures
07-13 09:33:56.865 D/C2MtkBufferManager( 1041): over 5000ms not request from VCodec but callback hooked, slow BM Cc fetch thread
07-13 09:33:56.885 D/C2MtkBufferManager( 1041): over 5000ms not request from VCodec but callback hooked, slow BM Cc fetch thread
07-13 09:33:56.906 D/C2MtkBufferManager( 1041): over 5000ms not request from VCodec but callback hooked, slow BM Cc fetch thread
07-13 09:33:56.906 D/UidObserver( 7233): onUidIdle uid=10131 uidstate=100
07-13 09:33:56.927 D/C2MtkBufferManager( 1041): over 5000ms not request from VCodec but callback hooked, slow BM Cc fetch thread
07-13 09:33:56.929 D/ActivityManager( 1813): getProcessesInErrorState callingUid=10279, CallingPid=443
07-13 09:33:56.929 D/ActivityManager( 1813): getProcessesInErrorState callingUid=10288, CallingPid=19459
07-13 09:33:56.947 D/C2MtkBufferManager( 1041): over 5000ms not request from VCodec but callback hooked, slow BM Cc fetch thread
07-13 09:33:56.967 D/C2MtkBufferManager( 1041): over 5000ms not request from VCodec but callback hooked, slow BM Cc fetch thread
07-13 09:33:56.988 D/C2MtkBufferManager( 1041): over 5000ms not request from VCodec but callback hooked, slow BM Cc fetch thread
07-13 09:33:57.009 D/C2MtkBufferManager( 1041): over 5000ms not request from VCodec but callback hooked, slow BM Cc fetch thread
07-13 09:33:57.029 D/C2MtkBufferManager( 1041): over 5000ms not request from VCodec but callback hooked, slow BM Cc fetch thread
07-13 09:33:57.050 D/C2MtkBufferManager( 1041): over 5000ms not request from VCodec but callback hooked, slow BM Cc fetch thread
07-13 09:33:57.071 D/C2MtkBufferManager( 1041): over 5000ms not request from VCodec but callback hooked, slow BM Cc fetch thread
07-13 09:33:57.080 D/NetworkController.MobileSignalController(1)( 2459): notifyListeners: mFeatureRelayData=false
07-13 09:33:57.091 D/C2MtkBufferManager( 1041): over 5000ms not request from VCodec but callback hooked, slow BM Cc fetch thread
07-13 09:33:57.103 I/gralloc4( 2459): @set_metadata: update dataspace from GM (0x00000000 -> 0x08010000)
07-13 09:33:57.112 D/C2MtkBufferManager( 1041): over 5000ms not request from VCodec but callback hooked, slow BM Cc fetch thread
07-13 09:33:57.126 W/adbd    (21521): timeout expired while flushing socket, closing
07-13 09:33:57.132 D/C2MtkBufferManager( 1041): over 5000ms not request from VCodec but callback hooked, slow BM Cc fetch thread
07-13 09:33:57.146 D/ServiceStateProvider( 2457): subId=5
07-13 09:33:57.152 W/ContextImpl( 1813): Calling a method in the system process without a qualified user: android.app.ContextImpl.sendBroadcastMultiplePermissions:1281 android.content.Context.sendBroadcastMultiplePermissions:2487 com.android.server.TelephonyRegistry.broadcastServiceStateChanged:3616 com.android.server.TelephonyRegistry.notifyServiceStateForPhoneId:1778 com.android.internal.telephony.ITelephonyRegistry$Stub.onTransact:534 
07-13 09:33:57.153 D/C2MtkBufferManager( 1041): over 5000ms not request from VCodec but callback hooked, slow BM Cc fetch thread
07-13 09:33:57.151 D/MobileStatusTracker(5)( 2459): onServiceStateChanged state={mVoiceRegState=0(IN_SERVICE), mDataRegState=0(IN_SERVICE), mChannelNumber=1873, duplexMode()=1, mCellBandwidths=[10000], mOperatorAlphaLong=Airtel Nigeria, mOperatorAlphaShort=Airtel Nigeria, isManualNetworkSelection=false(automatic), getRilVoiceRadioTechnology=14(LTE), getRilDataRadioTechnology=14(LTE), mCssIndicator=unsupported, mNetworkId=-1, mSystemId=-1, mCdmaRoamingIndicator=-1, mCdmaDefaultRoamingIndicator=-1, mIsEmergencyOnly=false, isUsingCarrierAggregation=false, mArfcnRsrpBoost=0, mNetworkRegistrationInfos=[NetworkRegistrationInfo{ domain=PS transportType=WLAN registrationState=NOT_REG_OR_SEARCHING networkRegistrationState=NOT_REG_OR_SEARCHING roamingType=NOT_ROAMING accessNetworkTechnology=UNKNOWN rejectCause=0 emergencyEnabled=false availableServices=[] cellIdentity=null voiceSpecificInfo=null dataSpecificInfo=android.telephony.DataSpecificRegistrationInfo :{ maxDataCalls = 0 isDcNrRestricted = false isNrAvailable = false isEnDcAvailable = false mLteAttachResultType = 0 mLteAttachExtraInfo = 0 LteVopsSupportInfo :  mVopsSupport = 1 mEmcBearerSupport = 1 } nrState=**** rRplmn=null isUsingCarrierAggregation=false}, NetworkRegistrationInfo{ domain=CS transportType=WWAN registrationState=HOME networkRegistrationState=HOME roamingType=NOT_ROAMING accessNetworkTechnology=LTE rejectCause=0 emergencyEnabled=false availableServices=[VOICE,SMS,VIDEO] cellIdentity=CellIdentityLte:{ mBandwidth=10000 mMcc=621 mMnc=20 mAlphaLong=Airtel Nigeria mAlphaShort=Airtel Nigeria mAdditionalPlmns={} mCsgInfo=null} voiceSpecificInfo=VoiceSpecificRegistrationInfo { mCssSupported=false mRoamingIndicator=0 mSystemIsInPrl=0 mDefaultRoamingIndicator=0} dataSpecificInfo=null nrState=**** rRplmn=62120 isUsingCarrierAggregation=false}, NetworkRegistrationInfo{ domain=PS transportType=WWAN registrationState=HOME networkRegistrationState=HOME roamingType=NOT_ROAMING accessNetworkTechnology=LTE rejectCause=0 emergencyEnabled=false availableServices=[DATA] cellIdentity=CellIdentityLte:{ mBandwidth=10000 mMcc=621 mMnc=20 mAlphaLong=Airtel Nigeria mAlphaShort=Airtel Nigeria mAdditionalPlmns={} mCsgInfo=null} voiceSpecificInfo=null dataSpecificInfo=android.telephony.DataSpecificRegistrationInfo :{ maxDataCalls = 16 isDcNrRestricted = false isNrAvailable = false isEnDcAvailable = false mLteAttachResultType = 0 mLteAttachExtraInfo = 0 LteVopsSupportInfo :  mVopsSupport = 3 mEmcBearerSupport = 3 } nrState=**** rRplmn=62120 isUsingCarrierAggregation=false}], mNrFrequencyRange=0, mOperatorAlphaLongRaw=Airtel Nigeria, mOperatorAlphaShortRaw=Airtel Nigeria, mIsDataRoamingFromRegistration=false, mIsIwlanPreferred=false}
07-13 09:33:57.157 W/ContextImpl( 1813): Calling a method in the system process without a qualified user: android.app.ContextImpl.sendBroadcastMultiplePermissions:1314 com.android.server.TelephonyRegistry.broadcastServiceStateChanged:3621 com.android.server.TelephonyRegistry.notifyServiceStateForPhoneId:1778 com.android.internal.telephony.ITelephonyRegistry$Stub.onTransact:534 android.os.Binder.execTransactInternal:1351 
07-13 09:33:57.157 D/NetworkController.MobileSignalController(5)( 2459): update5GConnectState: false
07-13 09:33:57.157 D/NetworkController.MobileSignalController(5)( 2459): ss use aosp level not 0, 5
07-13 09:33:57.164 W/ContextImpl( 1813): Calling a method in the system process without a qualified user: android.app.ContextImpl.sendBroadcastMultiplePermissions:1314 com.android.server.TelephonyRegistry.broadcastServiceStateChanged:3630 com.android.server.TelephonyRegistry.notifyServiceStateForPhoneId:1778 com.android.internal.telephony.ITelephonyRegistry$Stub.onTransact:534 android.os.Binder.execTransactInternal:1351 
07-13 09:33:57.166 D/MiuiCarrierTextController( 2459): updateCarrierText: MTN - NG | Airtel NG
07-13 09:33:57.167 W/ContextImpl( 1813): Calling a method in the system process without a qualified user: android.app.ContextImpl.sendBroadcastMultiplePermissions:1314 com.android.server.TelephonyRegistry.broadcastServiceStateChanged:3636 com.android.server.TelephonyRegistry.notifyServiceStateForPhoneId:1778 com.android.internal.telephony.ITelephonyRegistry$Stub.onTransact:534 android.os.Binder.execTransactInternal:1351 
07-13 09:33:57.171 D/CompatibilityChangeReporter( 1813): Compat change id reported: 135634846; UID 10249; state: DISABLED
07-13 09:33:57.172 D/CompatibilityChangeReporter( 1813): Compat change id reported: 177438394; UID 10249; state: DISABLED
07-13 09:33:57.173 D/CompatibilityChangeReporter( 1813): Compat change id reported: 135772972; UID 10249; state: DISABLED
07-13 09:33:57.174 D/C2MtkBufferManager( 1041): over 5000ms not request from VCodec but callback hooked, slow BM Cc fetch thread
07-13 09:33:57.174 D/CompatibilityChangeReporter( 1813): Compat change id reported: 135754954; UID 10249; state: ENABLED
07-13 09:33:57.175 D/CompatibilityChangeReporter( 1813): Compat change id reported: 143937733; UID 10249; state: ENABLED
07-13 09:33:57.191 D/Zygote  ( 1023): Forked child process 15193
07-13 09:33:57.193 I/ActivityManager( 1813): Start proc 15193:com.google.android.cellbroadcastreceiver/u0a249 for broadcast {com.google.android.cellbroadcastreceiver/com.android.cellbroadcastreceiver.CellBroadcastReceiver} caller=android
07-13 09:33:57.194 D/C2MtkBufferManager( 1041): over 5000ms not request from VCodec but callback hooked, slow BM Cc fetch thread
07-13 09:33:57.202 E/Zygote  (15193): process_name_ptr:15193 com.google.android.cellbroadcastreceiver
07-13 09:33:57.213 I/oadcastreceiver(15193): Using generational CollectorTypeCC GC.
07-13 09:33:57.215 D/C2MtkBufferManager( 1041): over 5000ms not request from VCodec but callback hooked, slow BM Cc fetch thread
07-13 09:33:57.225 D/nativeloader(15193): Load libframework-connectivity-tiramisu-jni.so using APEX ns com_android_tethering for caller /apex/com.android.tethering/javalib/framework-connectivity-t.jar: ok
07-13 09:33:57.232 I/MessageMonitor(15193): Load libmiui_runtime
07-13 09:33:57.235 D/C2MtkBufferManager( 1041): over 5000ms not request from VCodec but callback hooked, slow BM Cc fetch thread
07-13 09:33:57.240 D/SymlinkUtils( 1813): attachApplication file op go pass: 1 ms
07-13 09:33:57.244 I/SmartPower: com.google.android.cellbroadcastreceiver/10249(15193)( 1813): died->background(8604ms) R(process start ) adj=-10000.
07-13 09:33:57.251 D/CompatibilityChangeReporter( 1813): Compat change id reported: 168419799; UID 10249; state: DISABLED
07-13 09:33:57.252 D/CompatibilityChangeReporter( 1813): Compat change id reported: 273564678; UID 10249; state: DISABLED
07-13 09:33:57.256 D/C2MtkBufferManager( 1041): over 5000ms not request from VCodec but callback hooked, slow BM Cc fetch thread
07-13 09:33:57.258 D/CompatibilityChangeReporter( 1813): Compat change id reported: 265195908; UID 10249; state: ENABLED
07-13 09:33:57.261 I/MiuiNetworkPolicy( 1813): updateUidState uid = 10249, uidState = 11
07-13 09:33:57.263 D/CompatibilityChangeReporter(15193): Compat change id reported: 171979766; UID 10249; state: ENABLED
07-13 09:33:57.263 D/CompatibilityChangeReporter(15193): Compat change id reported: 242716250; UID 10249; state: ENABLED
07-13 09:33:57.274 D/CompatibilityChangeReporter( 1813): Compat change id reported: 170503758; UID 10249; state: ENABLED
07-13 09:33:57.276 D/C2MtkBufferManager( 1041): over 5000ms not request from VCodec but callback hooked, slow BM Cc fetch thread
07-13 09:33:57.297 D/C2MtkBufferManager( 1041): over 5000ms not request from VCodec but callback hooked, slow BM Cc fetch thread
07-13 09:33:57.303 D/nativeloader(15193): Configuring clns-shared-4 for other apk /apex/com.android.cellbroadcast/priv-app/GoogleCellBroadcastApp@370549020/GoogleCellBroadcastApp.apk. target_sdk_version=37, uses_libraries=, library_path=/apex/com.android.cellbroadcast/priv-app/GoogleCellBroadcastApp@370549020/lib/arm64:/system/lib64:/system_ext/lib64, permitted_path=/data:/mnt/expand:/data/user_de/0/com.google.android.cellbroadcastreceiver:/apex/com.android.cellbroadcast/priv-app/GoogleCellBroadcastApp@370549020:/system/lib64:/system_ext/lib64
07-13 09:33:57.308 D/nativeloader(15193): InitApexLibraries:
07-13 09:33:57.308 D/nativeloader(15193):   com_android_adservices: libhpke_jni.so:libtflite_support_classifiers_native.so
07-13 09:33:57.308 D/nativeloader(15193):   com_android_appsearch: libappsearchservice.so:libicing_anywhere.so
07-13 09:33:57.308 D/nativeloader(15193):   com_android_art: libartservice.so
07-13 09:33:57.308 D/nativeloader(15193):   com_android_btservices: libbluetooth_jni.so
07-13 09:33:57.308 D/nativeloader(15193):   com_android_conscrypt: libjavacrypto.so
07-13 09:33:57.308 D/nativeloader(15193):   com_android_mediaprovider: libpdfclient.so
07-13 09:33:57.308 D/nativeloader(15193):   com_android_ondevicepersonalization: libfcp_cpp_dep_jni.so:libfcp_hpke_jni.so
07-13 09:33:57.308 D/nativeloader(15193):   com_android_os_statsd: libstats_jni.so
07-13 09:33:57.308 D/nativeloader(15193):   com_android_tethering: libandroid_net_connectivity_com_android_net_module_util_jni.so:libandroid_net_connectivity_com_android_net_module_util_jni_CommonConnectivityJni.so:libcrypto_httpengine.so:libframework-connectivity-jni.so:libframework-connectivity-tiramisu-jni.so:libhttpengine.so:libservice-connectivity.so:libservice-thread-jni.so
07-13 09:33:57.308 D/nativeloader(15193):   com_android_uwb: libuwb_uci_jni_rust.so
07-13 09:33:57.308 D/nativeloader(15193):   com_android_virt: libvirtualizationservice_jni.so:libvirtualmachine_jni.so
07-13 09:33:57.317 D/C2MtkBufferManager( 1041): over 5000ms not request from VCodec but callback hooked, slow BM Cc fetch thread
07-13 09:33:57.338 D/C2MtkBufferManager( 1041): over 5000ms not request from VCodec but callback hooked, slow BM Cc fetch thread
07-13 09:33:57.343 D/nativeloader(15193): Load libframework-connectivity-jni.so using APEX ns com_android_tethering for caller /apex/com.android.tethering/javalib/framework-connectivity.jar: ok
07-13 09:33:57.347 V/GraphicsEnvironment(15193): Currently set values for:
07-13 09:33:57.348 V/GraphicsEnvironment(15193):   angle_gl_driver_selection_pkgs=[]
07-13 09:33:57.348 V/GraphicsEnvironment(15193):   angle_gl_driver_selection_values=[]
07-13 09:33:57.348 V/GraphicsEnvironment(15193): ANGLE GameManagerService for com.google.android.cellbroadcastreceiver: false
07-13 09:33:57.348 V/GraphicsEnvironment(15193): com.google.android.cellbroadcastreceiver is not listed in per-application setting
07-13 09:33:57.349 V/GraphicsEnvironment(15193): Neither updatable production driver nor prerelease driver is supported.
07-13 09:33:57.353 I/ForceDarkHelperStubImpl(15193): initialize for com.google.android.cellbroadcastreceiver , ForceDarkOrigin
07-13 09:33:57.357 D/nativeloader(15193): Load libforcedarkimpl.so using system ns (caller=/system_ext/framework/miui-framework.jar): ok
07-13 09:33:57.358 D/OpenGLRenderer(15193): JNI_OnLoad success
07-13 09:33:57.358 I/MiuiForceDarkConfig(15193): setConfig density:2.000000, mainRule:0, secondaryRule:0, tertiaryRule:0
07-13 09:33:57.358 D/C2MtkBufferManager( 1041): over 5000ms not request from VCodec but callback hooked, slow BM Cc fetch thread
07-13 09:33:57.367 I/ClipboardServiceI( 1813): checkProviderWakePathForClipboard: primaryClip is null
07-13 09:33:57.376 I/ActivityManager( 1813): Flag disabled. Ignoring finishAttachApplication from uid: 10249. pid: 15193
07-13 09:33:57.379 D/C2MtkBufferManager( 1041): over 5000ms not request from VCodec but callback hooked, slow BM Cc fetch thread
07-13 09:33:57.380 D/CellBroadcastReceiver(15193): onReceive Intent { act=android.intent.action.SERVICE_STATE flg=0x1000010 cmp=com.google.android.cellbroadcastreceiver/com.android.cellbroadcastreceiver.CellBroadcastReceiver (has extras) }
07-13 09:33:57.391 D/CellBroadcastReceiver(15193): onServiceStateChanged, ss: 0
07-13 09:33:57.392 D/CellBroadcastReceiver(15193): networkOperator: 62130
07-13 09:33:57.397 D/CellBroadcastReceiver(15193): update supported roaming operator as 
07-13 09:33:57.399 D/C2MtkBufferManager( 1041): over 5000ms not request from VCodec but callback hooked, slow BM Cc fetch thread
07-13 09:33:57.403 I/MiuiNetworkPolicy( 1813): updateUidState uid = 10249, uidState = 19
07-13 09:33:57.420 D/C2MtkBufferManager( 1041): over 5000ms not request from VCodec but callback hooked, slow BM Cc fetch thread
07-13 09:33:57.432 D/ActivityManager( 1813): getProcessesInErrorState callingUid=10279, CallingPid=443
07-13 09:33:57.432 D/ActivityManager( 1813): getProcessesInErrorState callingUid=10288, CallingPid=19459
07-13 09:33:57.440 D/C2MtkBufferManager( 1041): over 5000ms not request from VCodec but callback hooked, slow BM Cc fetch thread
07-13 09:33:57.461 D/C2MtkBufferManager( 1041): over 5000ms not request from VCodec but callback hooked, slow BM Cc fetch thread
07-13 09:33:57.482 D/C2MtkBufferManager( 1041): over 5000ms not request from VCodec but callback hooked, slow BM Cc fetch thread
07-13 09:33:57.503 D/C2MtkBufferManager( 1041): over 5000ms not request from VCodec but callback hooked, slow BM Cc fetch thread
07-13 09:33:57.523 D/C2MtkBufferManager( 1041): over 5000ms not request from VCodec but callback hooked, slow BM Cc fetch thread
07-13 09:33:57.544 D/C2MtkBufferManager( 1041): over 5000ms not request from VCodec but callback hooked, slow BM Cc fetch thread
07-13 09:33:57.565 D/C2MtkBufferManager( 1041): over 5000ms not request from VCodec but callback hooked, slow BM Cc fetch thread
07-13 09:33:57.576 D/ULogGuard( 1314): Monitoring: 16 threads, 0 requests, 0 time-bombs; 2 guards. ResetFlags = 0x7
07-13 09:33:57.586 D/C2MtkBufferManager( 1041): over 5000ms not request from VCodec but callback hooked, slow BM Cc fetch thread
07-13 09:33:57.606 D/C2MtkBufferManager( 1041): over 5000ms not request from VCodec but callback hooked, slow BM Cc fetch thread
07-13 09:33:57.609 D/ccci_mdinit( 1136): (1):monitor_time_update_thread round:72277 ########
07-13 09:33:57.627 D/C2MtkBufferManager( 1041): over 5000ms not request from VCodec but callback hooked, slow BM Cc fetch thread
07-13 09:33:57.647 D/C2MtkBufferManager( 1041): over 5000ms not request from VCodec but callback hooked, slow BM Cc fetch thread
07-13 09:33:57.668 D/C2MtkBufferManager( 1041): over 5000ms not request from VCodec but callback hooked, slow BM Cc fetch thread
07-13 09:33:57.689 D/C2MtkBufferManager( 1041): over 5000ms not request from VCodec but callback hooked, slow BM Cc fetch thread
07-13 09:33:57.691 I/libPerfCtl( 1059): xgfGetFPS pid:2459 fps:-1
07-13 09:33:57.691 I/libPerfCtl( 1059): xgfGetFPS pid:15018 fps:-1
07-13 09:33:57.709 D/C2MtkBufferManager( 1041): over 5000ms not request from VCodec but callback hooked, slow BM Cc fetch thread
07-13 09:33:57.730 D/C2MtkBufferManager( 1041): over 5000ms not request from VCodec but callback hooked, slow BM Cc fetch thread
07-13 09:33:57.733 W/Settings( 2457): Setting airplane_mode_on has moved from android.provider.Settings.System to android.provider.Settings.Global, returning read-only value.
07-13 09:33:57.741 D/MobileStatusTracker(5)( 2459): onSignalStrengthsChanged signalStrength=SignalStrength:{mCdma=CellSignalStrengthCdma: cdmaDbm=2147483647 cdmaEcio=2147483647 evdoDbm=2147483647 evdoEcio=2147483647 evdoSnr=2147483647 miuiLevel=0 mOptimizedLevel=0 level=0,mGsm=CellSignalStrengthGsm: rssi=2147483647 ber=2147483647 mTa=2147483647 miuiLevel=0 isNtnMode=false mLevel=0,mWcdma=CellSignalStrengthWcdma: ss=2147483647 ber=2147483647 rscp=2147483647 ecno=2147483647 miuiLevel=0 mOptimizedLevel=0 level=0,mTdscdma=CellSignalStrengthTdscdma: rssi=2147483647 ber=2147483647 rscp=2147483647 miuiLevel=0 mOptimizedLevel=0 level=0,mLte=CellSignalStrengthLte: rssi=-71 rsrp=-83 rsrq=-13 rssnr=18 cqiTableIndex=2147483647 cqi=0 ta=0 miuiLevel=5 mOptimizedLevel=0 level=4 parametersUseForLevel=0,mNr=CellSignalStrengthNr:{ csiRsrp = 2147483647 csiRsrq = 2147483647 csiCqiTableIndex = 2147483647 csiCqiReport = [] ssRsrp = 2147483647 ssRsrq = 2147483647 ssSinr = 2147483647 miuiLevel = 0 mOptimizedLevel = 0 level = 0 parametersUseForLevel = 0 timingAdvance = 2147483647 },primary=CellSignalStrengthLte,mNrAsPrimaryInNrNsa=false}
07-13 09:33:57.743 D/NetworkController.MobileSignalController(5)( 2459): update5GConnectState: false
07-13 09:33:57.743 D/NetworkController.MobileSignalController(5)( 2459): ss use aosp level not 0, 5
07-13 09:33:57.751 D/C2MtkBufferManager( 1041): over 5000ms not request from VCodec but callback hooked, slow BM Cc fetch thread
07-13 09:33:57.758 D/UidObserver( 7233): onUidIdle uid=10203 uidstate=100
07-13 09:33:57.771 D/C2MtkBufferManager( 1041): over 5000ms not request from VCodec but callback hooked, slow BM Cc fetch thread
07-13 09:33:57.792 D/C2MtkBufferManager( 1041): over 5000ms not request from VCodec but callback hooked, slow BM Cc fetch thread
07-13 09:33:57.813 D/C2MtkBufferManager( 1041): over 5000ms not request from VCodec but callback hooked, slow BM Cc fetch thread
07-13 09:33:57.833 D/C2MtkBufferManager( 1041): over 5000ms not request from VCodec but callback hooked, slow BM Cc fetch thread
07-13 09:33:57.854 D/C2MtkBufferManager( 1041): over 5000ms not request from VCodec but callback hooked, slow BM Cc fetch thread
07-13 09:33:57.875 D/C2MtkBufferManager( 1041): over 5000ms not request from VCodec but callback hooked, slow BM Cc fetch thread
07-13 09:33:57.895 D/C2MtkBufferManager( 1041): over 5000ms not request from VCodec but callback hooked, slow BM Cc fetch thread
07-13 09:33:57.916 D/C2MtkBufferManager( 1041): over 5000ms not request from VCodec but callback hooked, slow BM Cc fetch thread
07-13 09:33:57.933 D/ActivityManager( 1813): getProcessesInErrorState callingUid=10279, CallingPid=443
07-13 09:33:57.935 D/ActivityManager( 1813): getProcessesInErrorState callingUid=10288, CallingPid=19459
07-13 09:33:57.937 D/C2MtkBufferManager( 1041): over 5000ms not request from VCodec but callback hooked, slow BM Cc fetch thread
07-13 09:33:57.957 D/C2MtkBufferManager( 1041): over 5000ms not request from VCodec but callback hooked, slow BM Cc fetch thread
07-13 09:33:57.978 D/C2MtkBufferManager( 1041): over 5000ms not request from VCodec but callback hooked, slow BM Cc fetch thread
07-13 09:33:57.998 D/C2MtkBufferManager( 1041): over 5000ms not request from VCodec but callback hooked, slow BM Cc fetch thread
07-13 09:33:58.019 D/C2MtkBufferManager( 1041): over 5000ms not request from VCodec but callback hooked, slow BM Cc fetch thread
07-13 09:33:58.040 D/C2MtkBufferManager( 1041): over 5000ms not request from VCodec but callback hooked, slow BM Cc fetch thread
07-13 09:33:58.061 D/C2MtkBufferManager( 1041): over 5000ms not request from VCodec but callback hooked, slow BM Cc fetch thread
07-13 09:33:58.081 D/C2MtkBufferManager( 1041): over 5000ms not request from VCodec but callback hooked, slow BM Cc fetch thread
07-13 09:33:58.102 D/C2MtkBufferManager( 1041): over 5000ms not request from VCodec but callback hooked, slow BM Cc fetch thread
07-13 09:33:58.123 D/C2MtkBufferManager( 1041): over 5000ms not request from VCodec but callback hooked, slow BM Cc fetch thread
07-13 09:33:58.144 D/C2MtkBufferManager( 1041): over 5000ms not request from VCodec but callback hooked, slow BM Cc fetch thread
07-13 09:33:58.164 D/C2MtkBufferManager( 1041): over 5000ms not request from VCodec but callback hooked, slow BM Cc fetch thread
07-13 09:33:58.185 D/C2MtkBufferManager( 1041): over 5000ms not request from VCodec but callback hooked, slow BM Cc fetch thread
07-13 09:33:58.206 D/C2MtkBufferManager( 1041): over 5000ms not request from VCodec but callback hooked, slow BM Cc fetch thread
07-13 09:33:58.211 D/connsyslogger( 1516): SD_LOG_ROOT is /data/debuglogger/connsyslog/fw.
07-13 09:33:58.211 D/connsyslogger( 1516): systemReady:1
07-13 09:33:58.227 D/C2MtkBufferManager( 1041): over 5000ms not request from VCodec but callback hooked, slow BM Cc fetch thread
07-13 09:33:58.247 D/C2MtkBufferManager( 1041): over 5000ms not request from VCodec but callback hooked, slow BM Cc fetch thread
07-13 09:33:58.268 D/C2MtkBufferManager( 1041): over 5000ms not request from VCodec but callback hooked, slow BM Cc fetch thread
07-13 09:33:58.289 D/C2MtkBufferManager( 1041): over 5000ms not request from VCodec but callback hooked, slow BM Cc fetch thread
07-13 09:33:58.290 D/[BT]    ( 1032): mtk_bt_op: BT_VND_OP_LPM_WAKE_SET_STATE
07-13 09:33:58.309 D/C2MtkBufferManager( 1041): over 5000ms not request from VCodec but callback hooked, slow BM Cc fetch thread
07-13 09:33:58.327 D/MediaCodec(19459): [mId: 2] audio-debug Stats over last 5005ms:
07-13 09:33:58.327 D/MediaCodec(19459): [mId: 2] audio-debug Qinput: 0, DQinput: 0 success out of 5 tries
07-13 09:33:58.327 D/MediaCodec(19459): [mId: 2] audio-debug Render: 0, Drop: 0, DQoutput: 0 success out of 0 tries
07-13 09:33:58.330 D/C2MtkBufferManager( 1041): over 5000ms not request from VCodec but callback hooked, slow BM Cc fetch thread
07-13 09:33:58.351 D/UidObserver( 7233): onUidIdle uid=10168 uidstate=100
07-13 09:33:58.352 D/C2MtkBufferManager( 1041): over 5000ms not request from VCodec but callback hooked, slow BM Cc fetch thread
07-13 09:33:58.372 D/C2MtkBufferManager( 1041): over 5000ms not request from VCodec but callback hooked, slow BM Cc fetch thread
07-13 09:33:58.377 D/MediaCodec(19459): [mId: 6] audio-debug Stats over last 5006ms:
07-13 09:33:58.377 D/MediaCodec(19459): [mId: 6] audio-debug Qinput: 0, DQinput: 0 success out of 5 tries
07-13 09:33:58.377 D/MediaCodec(19459): [mId: 6] audio-debug Render: 0, Drop: 0, DQoutput: 0 success out of 0 tries
07-13 09:33:58.393 D/C2MtkBufferManager( 1041): over 5000ms not request from VCodec but callback hooked, slow BM Cc fetch thread
07-13 09:33:58.415 D/C2MtkBufferManager( 1041): over 5000ms not request from VCodec but callback hooked, slow BM Cc fetch thread
07-13 09:33:58.436 D/C2MtkBufferManager( 1041): over 5000ms not request from VCodec but callback hooked, slow BM Cc fetch thread
07-13 09:33:58.436 D/ActivityManager( 1813): getProcessesInErrorState callingUid=10279, CallingPid=443
07-13 09:33:58.437 D/ActivityManager( 1813): getProcessesInErrorState callingUid=10288, CallingPid=19459
07-13 09:33:58.456 D/C2MtkBufferManager( 1041): over 5000ms not request from VCodec but callback hooked, slow BM Cc fetch thread
07-13 09:33:58.477 D/C2MtkBufferManager( 1041): over 5000ms not request from VCodec but callback hooked, slow BM Cc fetch thread
07-13 09:33:58.498 D/C2MtkBufferManager( 1041): over 5000ms not request from VCodec but callback hooked, slow BM Cc fetch thread
07-13 09:33:58.519 D/C2MtkBufferManager( 1041): over 5000ms not request from VCodec but callback hooked, slow BM Cc fetch thread
07-13 09:33:58.539 D/C2MtkBufferManager( 1041): over 5000ms not request from VCodec but callback hooked, slow BM Cc fetch thread
07-13 09:33:58.560 D/C2MtkBufferManager( 1041): over 5000ms not request from VCodec but callback hooked, slow BM Cc fetch thread
07-13 09:33:58.581 D/C2MtkBufferManager( 1041): over 5000ms not request from VCodec but callback hooked, slow BM Cc fetch thread
07-13 09:33:58.601 D/C2MtkBufferManager( 1041): over 5000ms not request from VCodec but callback hooked, slow BM Cc fetch thread
07-13 09:33:58.622 D/C2MtkBufferManager( 1041): over 5000ms not request from VCodec but callback hooked, slow BM Cc fetch thread
07-13 09:33:58.643 D/C2MtkBufferManager( 1041): over 5000ms not request from VCodec but callback hooked, slow BM Cc fetch thread
07-13 09:33:58.663 D/C2MtkBufferManager( 1041): over 5000ms not request from VCodec but callback hooked, slow BM Cc fetch thread
07-13 09:33:58.684 D/C2MtkBufferManager( 1041): over 5000ms not request from VCodec but callback hooked, slow BM Cc fetch thread
07-13 09:33:58.691 I/libPerfCtl( 1059): xgfGetFPS pid:2459 fps:-1
07-13 09:33:58.691 I/libPerfCtl( 1059): xgfGetFPS pid:15018 fps:-1
07-13 09:33:58.705 D/C2MtkBufferManager( 1041): over 5000ms not request from VCodec but callback hooked, slow BM Cc fetch thread
07-13 09:33:58.725 D/C2MtkBufferManager( 1041): over 5000ms not request from VCodec but callback hooked, slow BM Cc fetch thread
07-13 09:33:58.747 D/C2MtkBufferManager( 1041): over 5000ms not request from VCodec but callback hooked, slow BM Cc fetch thread
07-13 09:33:58.768 D/C2MtkBufferManager( 1041): over 5000ms not request from VCodec but callback hooked, slow BM Cc fetch thread
07-13 09:33:58.788 D/C2MtkBufferManager( 1041): over 5000ms not request from VCodec but callback hooked, slow BM Cc fetch thread
07-13 09:33:58.809 D/C2MtkBufferManager( 1041): over 5000ms not request from VCodec but callback hooked, slow BM Cc fetch thread
07-13 09:33:58.830 D/C2MtkBufferManager( 1041): over 5000ms not request from VCodec but callback hooked, slow BM Cc fetch thread
07-13 09:33:58.850 D/C2MtkBufferManager( 1041): over 5000ms not request from VCodec but callback hooked, slow BM Cc fetch thread
07-13 09:33:58.871 D/C2MtkBufferManager( 1041): over 5000ms not request from VCodec but callback hooked, slow BM Cc fetch thread
07-13 09:33:58.878 D/MiuiNearbyService(14536): handleMessage: what: 105
07-13 09:33:58.880 W/System.err(14536): android.content.pm.PackageManager$NameNotFoundException: com.xiaomi.mi_connect_service
07-13 09:33:58.880 W/System.err(14536): 	at android.app.ApplicationPackageManager.getPackageInfoAsUser(ApplicationPackageManager.java:259)
07-13 09:33:58.880 W/System.err(14536): 	at android.app.ApplicationPackageManager.getPackageInfo(ApplicationPackageManager.java:219)
07-13 09:33:58.880 W/System.err(14536): 	at android.app.ApplicationPackageManager.getPackageInfo(ApplicationPackageManager.java:213)
07-13 09:33:58.881 W/System.err(14536): 	at com.android.bluetooth.ble.app.MiuiNearbyService.checkLyraServicesAddedToPMS(MiuiNearbyService.java:13)
07-13 09:33:58.881 W/System.err(14536): 	at com.android.bluetooth.ble.app.MiuiNearbyService.access$900(MiuiNearbyService.java:1)
07-13 09:33:58.881 W/System.err(14536): 	at com.android.bluetooth.ble.app.W3.handleMessage(MiuiNearbyService.java:57)
07-13 09:33:58.881 W/System.err(14536): 	at android.os.Handler.dispatchMessage(Handler.java:106)
07-13 09:33:58.881 W/System.err(14536): 	at android.os.Looper.loopOnce(Looper.java:222)
07-13 09:33:58.881 W/System.err(14536): 	at android.os.Looper.loop(Looper.java:314)
07-13 09:33:58.881 W/System.err(14536): 	at android.os.HandlerThread.run(HandlerThread.java:67)
07-13 09:33:58.881 D/MiuiNearbyService(14536): not found lyra service, continue to check
07-13 09:33:58.892 D/C2MtkBufferManager( 1041): over 5000ms not request from VCodec but callback hooked, slow BM Cc fetch thread
07-13 09:33:58.913 D/C2MtkBufferManager( 1041): over 5000ms not request from VCodec but callback hooked, slow BM Cc fetch thread
07-13 09:33:58.933 D/C2MtkBufferManager( 1041): over 5000ms not request from VCodec but callback hooked, slow BM Cc fetch thread
07-13 09:33:58.939 D/ActivityManager( 1813): getProcessesInErrorState callingUid=10279, CallingPid=443
07-13 09:33:58.940 D/ActivityManager( 1813): getProcessesInErrorState callingUid=10288, CallingPid=19459
07-13 09:33:58.954 D/C2MtkBufferManager( 1041): over 5000ms not request from VCodec but callback hooked, slow BM Cc fetch thread
07-13 09:33:58.975 D/C2MtkBufferManager( 1041): over 5000ms not request from VCodec but callback hooked, slow BM Cc fetch thread
07-13 09:33:58.995 D/C2MtkBufferManager( 1041): over 5000ms not request from VCodec but callback hooked, slow BM Cc fetch thread
07-13 09:33:59.002 W/Settings( 2457): Setting airplane_mode_on has moved from android.provider.Settings.System to android.provider.Settings.Global, returning read-only value.
07-13 09:33:59.007 D/MobileStatusTracker(1)( 2459): onSignalStrengthsChanged signalStrength=SignalStrength:{mCdma=CellSignalStrengthCdma: cdmaDbm=2147483647 cdmaEcio=2147483647 evdoDbm=2147483647 evdoEcio=2147483647 evdoSnr=2147483647 miuiLevel=0 mOptimizedLevel=0 level=0,mGsm=CellSignalStrengthGsm: rssi=2147483647 ber=2147483647 mTa=2147483647 miuiLevel=0 isNtnMode=false mLevel=0,mWcdma=CellSignalStrengthWcdma: ss=2147483647 ber=2147483647 rscp=2147483647 ecno=2147483647 miuiLevel=0 mOptimizedLevel=0 level=0,mTdscdma=CellSignalStrengthTdscdma: rssi=2147483647 ber=2147483647 rscp=2147483647 miuiLevel=0 mOptimizedLevel=0 level=0,mLte=CellSignalStrengthLte: rssi=-91 rsrp=-102 rsrq=-11 rssnr=14 cqiTableIndex=2147483647 cqi=0 ta=0 miuiLevel=4 mOptimizedLevel=0 level=3 parametersUseForLevel=0,mNr=CellSignalStrengthNr:{ csiRsrp = 2147483647 csiRsrq = 2147483647 csiCqiTableIndex = 2147483647 csiCqiReport = [] ssRsrp = 2147483647 ssRsrq = 2147483647 ssSinr = 2147483647 miuiLevel = 0 mOptimizedLevel = 0 level = 0 parametersUseForLevel = 0 timingAdvance = 2147483647 },primary=CellSignalStrengthLte,mNrAsPrimaryInNrNsa=false}
07-13 09:33:59.007 D/NetworkController.MobileSignalController(1)( 2459): update5GConnectState: false
07-13 09:33:59.008 D/NetworkController.MobileSignalController(1)( 2459): ss use aosp level not 0, 4
07-13 09:33:59.016 D/C2MtkBufferManager( 1041): over 5000ms not request from VCodec but callback hooked, slow BM Cc fetch thread
07-13 09:33:59.036 D/C2MtkBufferManager( 1041): over 5000ms not request from VCodec but callback hooked, slow BM Cc fetch thread
07-13 09:33:59.057 D/C2MtkBufferManager( 1041): over 5000ms not request from VCodec but callback hooked, slow BM Cc fetch thread
07-13 09:33:59.078 D/C2MtkBufferManager( 1041): over 5000ms not request from VCodec but callback hooked, slow BM Cc fetch thread
07-13 09:33:59.098 D/C2MtkBufferManager( 1041): over 5000ms not request from VCodec but callback hooked, slow BM Cc fetch thread
07-13 09:33:59.119 D/C2MtkBufferManager( 1041): over 5000ms not request from VCodec but callback hooked, slow BM Cc fetch thread
07-13 09:33:59.140 D/C2MtkBufferManager( 1041): over 5000ms not request from VCodec but callback hooked, slow BM Cc fetch thread
07-13 09:33:59.161 D/C2MtkBufferManager( 1041): over 5000ms not request from VCodec but callback hooked, slow BM Cc fetch thread
07-13 09:33:59.182 D/C2MtkBufferManager( 1041): over 5000ms not request from VCodec but callback hooked, slow BM Cc fetch thread
07-13 09:33:59.202 D/C2MtkBufferManager( 1041): over 5000ms not request from VCodec but callback hooked, slow BM Cc fetch thread
07-13 09:33:59.223 D/C2MtkBufferManager( 1041): over 5000ms not request from VCodec but callback hooked, slow BM Cc fetch thread
07-13 09:33:59.241 I/ClipboardServiceI( 1813): checkProviderWakePathForClipboard: primaryClip is null
07-13 09:33:59.243 D/CompatibilityChangeReporter( 1813): Compat change id reported: 135634846; UID 10157; state: DISABLED
07-13 09:33:59.243 D/C2MtkBufferManager( 1041): over 5000ms not request from VCodec but callback hooked, slow BM Cc fetch thread
07-13 09:33:59.243 D/CompatibilityChangeReporter( 1813): Compat change id reported: 177438394; UID 10157; state: DISABLED
07-13 09:33:59.244 D/CompatibilityChangeReporter( 1813): Compat change id reported: 135772972; UID 10157; state: DISABLED
07-13 09:33:59.244 D/CompatibilityChangeReporter( 1813): Compat change id reported: 135754954; UID 10157; state: ENABLED
07-13 09:33:59.246 D/CompatibilityChangeReporter( 1813): Compat change id reported: 143937733; UID 10157; state: ENABLED
07-13 09:33:59.262 D/Zygote  ( 1023): Forked child process 15209
07-13 09:33:59.264 D/C2MtkBufferManager( 1041): over 5000ms not request from VCodec but callback hooked, slow BM Cc fetch thread
07-13 09:33:59.264 I/ActivityManager( 1813): Start proc 15209:com.google.process.gservices/u0a157 for content provider {com.google.android.gsf/com.google.android.gsf.gservices.GservicesProvider} caller=com.google.android.googlequicksearchbox
07-13 09:33:59.270 E/Zygote  (15209): process_name_ptr:15209 com.google.process.gservices
07-13 09:33:59.281 I/ocess.gservices(15209): Using generational CollectorTypeCC GC.
07-13 09:33:59.284 D/C2MtkBufferManager( 1041): over 5000ms not request from VCodec but callback hooked, slow BM Cc fetch thread
07-13 09:33:59.292 D/nativeloader(15209): Load libframework-connectivity-tiramisu-jni.so using APEX ns com_android_tethering for caller /apex/com.android.tethering/javalib/framework-connectivity-t.jar: ok
07-13 09:33:59.299 I/MessageMonitor(15209): Load libmiui_runtime
07-13 09:33:59.305 D/C2MtkBufferManager( 1041): over 5000ms not request from VCodec but callback hooked, slow BM Cc fetch thread
07-13 09:33:59.305 D/SymlinkUtils( 1813): attachApplication file op go pass: 1 ms
07-13 09:33:59.306 I/SmartPower: com.google.process.gservices/10157(15209)( 1813): died->background(32257ms) R(process start ) adj=-10000.
07-13 09:33:59.311 D/CompatibilityChangeReporter( 1813): Compat change id reported: 168419799; UID 10157; state: DISABLED
07-13 09:33:59.311 D/CompatibilityChangeReporter( 1813): Compat change id reported: 273564678; UID 10157; state: DISABLED
07-13 09:33:59.317 D/CompatibilityChangeReporter(15209): Compat change id reported: 171979766; UID 10157; state: ENABLED
07-13 09:33:59.318 D/CompatibilityChangeReporter(15209): Compat change id reported: 242716250; UID 10157; state: ENABLED
07-13 09:33:59.325 D/C2MtkBufferManager( 1041): over 5000ms not request from VCodec but callback hooked, slow BM Cc fetch thread
07-13 09:33:59.327 D/CompatibilityChangeReporter( 1813): Compat change id reported: 170503758; UID 10157; state: ENABLED
07-13 09:33:59.346 D/C2MtkBufferManager( 1041): over 5000ms not request from VCodec but callback hooked, slow BM Cc fetch thread
07-13 09:33:59.353 D/nativeloader(15209): Configuring clns-shared-4 for other apk /system/framework/org.apache.http.legacy.jar. target_sdk_version=34, uses_libraries=ALL, library_path=/system_ext/priv-app/GoogleServicesFramework/lib/arm64:/system_ext/priv-app/GoogleServicesFramework/GoogleServicesFramework.apk!/lib/arm64-v8a:/system/lib64:/system_ext/lib64, permitted_path=/data:/mnt/expand:/data/user/0/com.google.android.gsf:/system_ext/priv-app/GoogleServicesFramework:/system/lib64:/system_ext/lib64
07-13 09:33:59.353 D/nativeloader(15209): Extending system_exposed_libraries: libapuwareapusys.mtk.so:libapuwareapusys_v2.mtk.so:libapuwarexrp.mtk.so:libapuwarexrp_v2.mtk.so:libapuwareutils.mtk.so:libapuwareutils_v2.mtk.so:libapuwarehmp.mtk.so:libmcv_runtime_usdk.mtk.so:libneuron_graph_delegate.mtk.so:libneuronusdk_adapter.mtk.so:libtflite_mtk.mtk.so:libarmnn_ndk.mtk.so:libcmdl_ndk.mtk.so:libnir_neon_driver_ndk.mtk.so:libmvpu_runtime.mtk.so:libmvpu_runtime_pub.mtk.so:libmvpu_engine_pub.mtk.so:libmvpu_pattern_pub.mtk.so:libmvpuop_mtk_cv.mtk.so:libmvpuop_mtk_nn.mtk.so:libmvpu_runtime_25.mtk.so:libmvpu_runtime_25_pub.mtk.so:libmvpu_engine_25_pub.mtk.so:libmvpu_pattern_25_pub.mtk.so:libmvpuop25_mtk_cv.mtk.so:libmvpuop25_mtk_nn.mtk.so:libmvpu_config.mtk.so:libteeservice_client.trustonic.so:libmisys_jni.xiaomi.so
07-13 09:33:59.367 D/C2MtkBufferManager( 1041): over 5000ms not request from VCodec but callback hooked, slow BM Cc fetch thread
07-13 09:33:59.372 D/nativeloader(15209): Configuring clns-shared-5 for other apk /system_ext/priv-app/GoogleServicesFramework/GoogleServicesFramework.apk. target_sdk_version=34, uses_libraries=, library_path=/system_ext/priv-app/GoogleServicesFramework/lib/arm64:/system_ext/priv-app/GoogleServicesFramework/GoogleServicesFramework.apk!/lib/arm64-v8a:/system/lib64:/system_ext/lib64, permitted_path=/data:/mnt/expand:/data/user/0/com.google.android.gsf:/system_ext/priv-app/GoogleServicesFramework:/system/lib64:/system_ext/lib64
07-13 09:33:59.387 D/C2MtkBufferManager( 1041): over 5000ms not request from VCodec but callback hooked, slow BM Cc fetch thread
07-13 09:33:59.405 D/nativeloader(15209): Load libframework-connectivity-jni.so using APEX ns com_android_tethering for caller /apex/com.android.tethering/javalib/framework-connectivity.jar: ok
07-13 09:33:59.408 D/C2MtkBufferManager( 1041): over 5000ms not request from VCodec but callback hooked, slow BM Cc fetch thread
07-13 09:33:59.412 V/GraphicsEnvironment(15209): Currently set values for:
07-13 09:33:59.412 V/GraphicsEnvironment(15209):   angle_gl_driver_selection_pkgs=[]
07-13 09:33:59.412 V/GraphicsEnvironment(15209):   angle_gl_driver_selection_values=[]
07-13 09:33:59.413 V/GraphicsEnvironment(15209): ANGLE GameManagerService for com.google.android.gsf: false
07-13 09:33:59.413 V/GraphicsEnvironment(15209): com.google.android.gsf is not listed in per-application setting
07-13 09:33:59.413 V/GraphicsEnvironment(15209): Neither updatable production driver nor prerelease driver is supported.
07-13 09:33:59.416 I/ForceDarkHelperStubImpl(15209): initialize for com.google.android.gsf , ForceDarkOrigin
07-13 09:33:59.421 D/nativeloader(15209): Load libforcedarkimpl.so using system ns (caller=/system_ext/framework/miui-framework.jar): ok
07-13 09:33:59.421 D/OpenGLRenderer(15209): JNI_OnLoad success
07-13 09:33:59.422 I/MiuiForceDarkConfig(15209): setConfig density:2.000000, mainRule:0, secondaryRule:0, tertiaryRule:0
07-13 09:33:59.428 D/C2MtkBufferManager( 1041): over 5000ms not request from VCodec but callback hooked, slow BM Cc fetch thread
07-13 09:33:59.441 D/ActivityManager( 1813): getProcessesInErrorState callingUid=10279, CallingPid=443
07-13 09:33:59.442 D/ActivityManager( 1813): getProcessesInErrorState callingUid=10288, CallingPid=19459
07-13 09:33:59.444 I/GservicesProvider(15209): Gservices pushing to system: true; secure/global: true
07-13 09:33:59.446 I/ClipboardServiceI( 1813): checkProviderWakePathForClipboard: primaryClip is null
07-13 09:33:59.449 D/C2MtkBufferManager( 1041): over 5000ms not request from VCodec but callback hooked, slow BM Cc fetch thread
