07-13 09:33:46.558 W/WindowManager( 1813): finishDrawingWindow: Window{480e721 u0 Splash Screen com.skillsroom.mobile} mDrawState=DRAW_PENDING
07-13 09:33:46.561 E/surfaceflinger( 1133): == MALI DEBUG ===eglp_winsys_populate_image_templates ==12288
07-13 09:33:46.562 D/WindowManager( 1813): Set transition=TransitionRecord{df12d7a id=6399 type=OPEN flags=0x0}, ready=true, SyncId=6399 
07-13 09:33:46.564 I/gralloc4( 1133): @set_metadata: update dataspace from GM (0x08010000 -> 0x00000000)
07-13 09:33:46.564 I/SmartPower: com.skillsroom.mobile/10210(0)( 1813): died->visible(420ms) R(become visible) adj=-10000.
07-13 09:33:46.565 W/WindowManager( 1813): real show surface Splash Screen com.skillsroom.mobile sc:Surface(name=Splash Screen com.skillsroom.mobile#78405)/@0xcab591e
07-13 09:33:46.566 D/WindowManager( 1813): Final targets: [Task{491279c #5363 type=standard A=10210:com.skillsroom.mobile}, Task{7bcbbf5 #1 type=home}]
07-13 09:33:46.567 W/dpam    (12903): measuring already stopped.
07-13 09:33:46.567 E/BufferQueueDebug( 1133): [Transition Root: Task=5363#78406](this:0xb40000785b5caa30,id:-1,api:0,p:-1,c:-1) id info cannot be read from 'Transition Root: Task=5363#78406'
07-13 09:33:46.568 I/BufferQueueDebug( 1133): [Transition Root: Task=5363#78406](this:0xb40000785b5caa30,id:-1,api:0,p:-1,c:-1) BufferQueue core=(1133:/system/bin/surfaceflinger)
07-13 09:33:46.573 D/WindowManager( 1813): Calling onTransitionReady info={id=6399 t=OPEN f=0x0 trk=0 r=[0@Point(0, 0)] c=[{WCT{RemoteToken{5423215 Task{491279c #5363 type=standard A=10210:com.skillsroom.mobile}}} m=OPEN f=NONE leash=Surface(name=Task=5363#78402)/@0x55045ff sb=Rect(0, 0 - 720, 1600) eb=Rect(0, 0 - 720, 1600) d=0},{WCT{RemoteToken{5d85da0 Task{7bcbbf5 #1 type=home}}} m=TO_BACK f=SHOW_WALLPAPER leash=Surface(name=Task=1#46)/@0xe9715d2 sb=Rect(0, 0 - 720, 1600) eb=Rect(0, 0 - 720, 1600) d=0}] noAni=[false] mk=[true]}, mToken=Token{9afe92a TransitionRecord{df12d7a id=6399 type=OPEN flags=0x0}}
07-13 09:33:46.576 D/MI-SF   ( 1133): updateScene: module = 268 (Unknown), value = 1, pkg = perf_interaction
07-13 09:33:46.576 D/SurfaceFlinger( 1133): setDesiredDisplayModeSpecs: defaultMode：1 primaryRangesMin:0.000000 primaryRangesMax:90.000000appRequestRangesMin:0.000000 appRequestRangesMax:90.000000
07-13 09:33:46.577 I/BLASTSyncEngine( 1813): finishNow: after onTransactionReady, mSyncId=6399
07-13 09:33:46.578 D/C2MtkBufferManager( 1041): over 5000ms not request from VCodec but callback hooked, slow BM Cc fetch thread
07-13 09:33:46.578 I/illsroom.mobile(15018): Using generational CollectorTypeCC GC.
07-13 09:33:46.579 I/RefreshRateSelector( 1133): Display 0 policy changed
07-13 09:33:46.579 I/RefreshRateSelector( 1133): Previous: {defaultModeId=1, allowGroupSwitching=false, primaryRanges={physical=[0.00 Hz, inf Hz], render=[0.00 Hz, 90.00 Hz]}, appRequestRanges={physical=[0.00 Hz, inf Hz], render=[0.00 Hz, 90.00 Hz]}}
07-13 09:33:46.579 I/RefreshRateSelector( 1133): Current:  DisplayManagerPolicy{defaultModeId=1, allowGroupSwitching=false, primaryRanges={physical=[0.00 Hz, inf Hz], render=[0.00 Hz, 90.00 Hz]}, appRequestRanges={physical=[0.00 Hz, inf Hz], render=[0.00 Hz, 90.00 Hz]}}
07-13 09:33:46.579 I/RefreshRateSelector( 1133): 30 mode changes were performed under the previous policy
07-13 09:33:46.580 I/DisplayModeDirectorImpl( 1813): onDesiredDisplayModeSpecsChanged:baseModeId=1 allowGroupSwitching=false primary=physical: (0.0 Infinity) render:  (0.0 90.0) appRequest=physical: (0.0 Infinity) render:  (0.0 90.0) noVotes=true
07-13 09:33:46.581 I/bzak    (12903): onStop
07-13 09:33:46.581 E/BufferQueueDebug( 1133): [d19f86e ActivityRecordInputSink com.skillsroom.mobile/.MainActivity#78407](this:0xb400007855a35a30,id:-1,api:0,p:-1,c:-1) id info cannot be read from 'd19f86e ActivityRecordInputSink com.skillsroom.mobile/.MainActivity#78407'
07-13 09:33:46.581 I/BufferQueueDebug( 1133): [d19f86e ActivityRecordInputSink com.skillsroom.mobile/.MainActivity#78407](this:0xb400007855a35a30,id:-1,api:0,p:-1,c:-1) BufferQueue core=(1133:/system/bin/surfaceflinger)
07-13 09:33:46.583 D/MiuiFreeformAnimation( 2459): startAnimation change: {WCT{android.window.IWindowContainerToken$Stub$Proxy@bd969bf} m=OPEN f=NONE leash=Surface(name=Task=5363#78402)/@0x5e14660 sb=Rect(0, 0 - 720, 1600) eb=Rect(0, 0 - 720, 1600) d=0} info.getType(): 1
07-13 09:33:46.584 I/MiuiFreeformAnimation( 2459): isLaunchWidgetPicker=false,taskInfo.getWindowingMode()=1, taskInfo.getActivityType()=1
07-13 09:33:46.584 D/MiuiFreeFormManager( 2459):  isSplitRootTask taskId=5363
07-13 09:33:46.585 I/DisplayModeDirectorImpl( 1813): onDesiredDisplayModeSpecsChanged:baseModeId=2 allowGroupSwitching=false primary=physical: (0.0 Infinity) render:  (0.0 90.0) appRequest=physical: (0.0 Infinity) render:  (0.0 90.0) noVotes=false
07-13 09:33:46.585 D/MiuiFreeformAnimation( 2459): startAnimation change: {WCT{android.window.IWindowContainerToken$Stub$Proxy@284688c} m=TO_BACK f=SHOW_WALLPAPER leash=Surface(name=Task=1#46)/@0x29c6719 sb=Rect(0, 0 - 720, 1600) eb=Rect(0, 0 - 720, 1600) d=0} info.getType(): 1
07-13 09:33:46.585 W/MiuiTaskTransitionHandler( 2459): Receive an unknown transition, token=android.os.BinderProxy@e66a0a6, type=1
07-13 09:33:46.589 D/SurfaceFlinger( 1133): setDesiredDisplayModeSpecs: defaultMode：1 primaryRangesMin:0.000000 primaryRangesMax:90.000000appRequestRangesMin:0.000000 appRequestRangesMax:90.000000
07-13 09:33:46.589 D/WindowManager( 1813): wms.Focus not requested for window=Window{52dece7 u0 com.miui.home/com.miui.home.launcher.Launcher} because it has no surface or is not focusable.
07-13 09:33:46.589 I/RefreshRateSelector( 1133): Display 0 policy changed
07-13 09:33:46.589 I/RefreshRateSelector( 1133): Previous: {defaultModeId=1, allowGroupSwitching=false, primaryRanges={physical=[0.00 Hz, inf Hz], render=[0.00 Hz, 90.00 Hz]}, appRequestRanges={physical=[0.00 Hz, inf Hz], render=[0.00 Hz, 90.00 Hz]}}
07-13 09:33:46.589 I/RefreshRateSelector( 1133): Current:  DisplayManagerPolicy{defaultModeId=1, allowGroupSwitching=false, primaryRanges={physical=[0.00 Hz, inf Hz], render=[0.00 Hz, 90.00 Hz]}, appRequestRanges={physical=[0.00 Hz, inf Hz], render=[0.00 Hz, 90.00 Hz]}}
07-13 09:33:46.589 I/RefreshRateSelector( 1133): 0 mode changes were performed under the previous policy
07-13 09:33:46.595 D/TransitionAnimationHelper( 2459):  load default animation  type = 1 enter = false animAttr = 19 isTask = true translucent = false
07-13 09:33:46.595 D/TransitionAnimationHelper( 2459):  load default animation  type = 1 enter = true animAttr = 18 isTask = true translucent = false
07-13 09:33:46.598 D/C2MtkBufferManager( 1041): over 5000ms not request from VCodec but callback hooked, slow BM Cc fetch thread
07-13 09:33:46.601 D/WindowManager( 1813): wms.Focus not requested for window=Window{52dece7 u0 com.miui.home/com.miui.home.launcher.Launcher} because it has no surface or is not focusable.
07-13 09:33:46.601 D/ShellTransitions( 2459): speed ui!!!!!!!!!!!
07-13 09:33:46.602 I/adbd    (21521): jdwp connection from 15018
07-13 09:33:46.603 I/gralloc4( 2459): @set_metadata: update dataspace from GM (0x00000000 -> 0x08010000)
07-13 09:33:46.605 D/MiuiFullScreenTaskRepository( 2459): addOrUpdateFullScreenTaskInfo taskId=5363, topActivity=ComponentInfo{com.skillsroom.mobile/com.skillsroom.mobile.MainActivity}
07-13 09:33:46.606 E/onWindowDecorRectChanged( 2459): start size:1
07-13 09:33:46.606 E/onWindowDecorRectChanged( 2459): windowDecorRects: Rect(298, 8 - 422, 88)
07-13 09:33:46.610 I/gralloc4( 1133): @set_metadata: update dataspace from GM (0x00000000 -> 0x08010000)
07-13 09:33:46.611 I/gralloc4( 2459): @set_metadata: update dataspace from GM (0x00000000 -> 0x08010000)
07-13 09:33:46.615 D/Launcher.Lifecycle( 2470): onWindowFocusChanged:false,UserHandle{0},63f4ca8,true
07-13 09:33:46.618 I/BufferQueueProducer( 1133): [NavigationBar0#77076](this:0xb4000078557c9a30,id:-1,api:0,p:-1,c:1133) queueBuffer: fps=0.62 dur=51834.26 max=51384.69 min=8.68
07-13 09:33:46.619 I/gralloc4( 2459): @set_metadata: update dataspace from GM (0x00000000 -> 0x08010000)
07-13 09:33:46.619 D/C2MtkBufferManager( 1041): over 5000ms not request from VCodec but callback hooked, slow BM Cc fetch thread
07-13 09:33:46.620 D/RecentsModel( 2470): onTaskStackChangedBackground
07-13 09:33:46.621 D/RecentsModel( 2470): onTaskStackChangedBackground
07-13 09:33:46.621 D/EventBus( 2470): No subscribers registered for event class com.miui.home.recents.messages.RecentTasksChangedEvent
07-13 09:33:46.621 D/EventBus( 2470): No subscribers registered for event class org.greenrobot.eventbus.NoSubscriberEvent
07-13 09:33:46.622 D/RecentsModel( 2470): onTaskStackChangedBackground    MSG_TASK_STACK_CHANGE
07-13 09:33:46.622 D/RecentsModel( 2470): preloadRecents
07-13 09:33:46.622 W/RecentsModel( 2470): getRunningTask
07-13 09:33:46.627 W/RecentsModel( 2470): getRunningTask   taskInfo=TaskInfo{userId=0 taskId=2 displayId=0 isRunning=true baseIntent=Intent { act=android.intent.action.MAIN cat=[android.intent.category.HOME] flg=0x10000100 cmp=com.miui.home/.launcher.Launcher } baseActivity=ComponentInfo{com.miui.home/com.miui.home.launcher.Launcher} topActivity=ComponentInfo{com.miui.home/com.miui.home.launcher.Launcher} origActivity=null realActivity=ComponentInfo{com.miui.home/com.miui.home.launcher.Launcher} numActivities=1 lastActiveTime=693226280 supportsSplitScreenMultiWindow=true supportsMultiWindow=true resizeMode=2 isResizeable=true minWidth=-1 minHeight=-1 defaultMinSize=200 token=WCT{android.window.IWindowContainerToken$Stub$Proxy@9d1f80f} topActivityType=2 pictureInPictureParams=null shouldDockBigOverlays=false launchIntoPipHostTaskId=-1 lastParentTaskIdBeforePip=-1 displayCutoutSafeInsets=Rect(0, 68 - 0, 0) topActivityInfo=ActivityInfo{295609c com.miui.home.launcher.Launcher} launchCookies=[] positionInParent=Point(0, 0) parentTaskId=-1 isFocused=true isVisible=true isVisibleRequested=false isSleeping=false topActivityInSizeCompat=false topActivityEligibleForLetterboxEducation= false topActivityLetterboxed= false isFromDoubleTap= false topActivityLetterboxVerticalPosition= -1 topActivityLetterboxHorizontalPosition= -1 topActivityLetterboxWidth=-1 topActivityLetterboxHeight=-1 locusId=null displayAreaFeatureId=1 cameraCompatControlState=hidden mIsCastMode=false mTopActivityMediaSize=null mTopActivityRecordName=ActivityRecord{8061640 u0 com.miui.home/.launcher.Launcher t2} mTopActivityOrientation=-2 mTopActivityWindowIsNowVisible=false isTranslucent=true isEmbedded=false shouldBeVisible=false mBehindAppLockPkg=null mOriginatingUid=0}
07-13 09:33:46.627 W/RecentsModel( 2470): getTaskInfoIgnoreHomeAndFreeform   taskInfo=ComponentInfo{com.miui.home/com.miui.home.launcher.Launcher}
07-13 09:33:46.628 I/gralloc4( 2459): @set_metadata: update dataspace from GM (0x00000000 -> 0x08010000)
07-13 09:33:46.630 E/ActivityManagerWrapper( 2470): get all recent tasks force including 2
07-13 09:33:46.637 I/gralloc4( 2459): @set_metadata: update dataspace from GM (0x00000000 -> 0x08010000)
07-13 09:33:46.639 D/C2MtkBufferManager( 1041): over 5000ms not request from VCodec but callback hooked, slow BM Cc fetch thread
07-13 09:33:46.641 D/nativeloader(15018): Load libframework-connectivity-tiramisu-jni.so using APEX ns com_android_tethering for caller /apex/com.android.tethering/javalib/framework-connectivity-t.jar: ok
07-13 09:33:46.643 I/FocusedNotifPromptContr( 2459): onTopActivityMayChanged: topActivity=com.miui.home
07-13 09:33:46.643 I/FocusedNotifPromptContr( 2459): topActivityMayChanged: topActivity=com.miui.home
07-13 09:33:46.643 D/KeyguardEditorHelper( 2459): onTopActivityMayChanged, topActivity=ComponentInfo{com.miui.home/com.miui.home.launcher.Launcher}; mState=IDEL
07-13 09:33:46.644 E/ActivityManagerWrapper( 2470): getRecentTasks: size=9
07-13 09:33:46.644 E/ActivityManagerWrapper( 2470): getRecentTasks: mainTaskId=5363   userId=0   windowMode=1   baseIntent=Intent { act=null flag=268435456 cmp=ComponentInfo{com.skillsroom.mobile/com.skillsroom.mobile.MainActivity} }
07-13 09:33:46.644 E/ActivityManagerWrapper( 2470): getRecentTasks: mainTaskId=5341   userId=0   windowMode=1   baseIntent=Intent { act=android.intent.action.MAIN flag=270532608 cmp=ComponentInfo{com.whatsapp.w4b/com.whatsapp.Main} }
07-13 09:33:46.644 E/ActivityManagerWrapper( 2470): getRecentTasks: mainTaskId=5344   userId=0   windowMode=1   baseIntent=Intent { act=android.intent.action.MAIN flag=270532608 cmp=ComponentInfo{com.facebook.lite/com.facebook.lite.MainActivity} }
07-13 09:33:46.644 E/ActivityManagerWrapper( 2470): getRecentTasks: mainTaskId=5336   userId=0   windowMode=1   baseIntent=Intent { act=android.intent.action.MAIN flag=270532608 cmp=ComponentInfo{com.google.android.dialer/com.google.android.dialer.extensions.GoogleDialtactsActivity} }
07-13 09:33:46.644 E/ActivityManagerWrapper( 2470): getRecentTasks: mainTaskId=5335   userId=0   windowMode=1   baseIntent=Intent { act=android.intent.action.MAIN flag=270532608 cmp=ComponentInfo{com.shaiban.audioplayer.mplayer/com.shaiban.audioplayer.mplayer.app.navigation.NavigatingActivity} }
07-13 09:33:46.644 E/ActivityManagerWrapper( 2470): getRecentTasks: mainTaskId=5287   userId=0   windowMode=1   baseIntent=Intent { act=android.intent.action.MAIN flag=270532608 cmp=ComponentInfo{ng.mtn.nextgen/ng.mtn.nextgen.MainActivity} }
07-13 09:33:46.644 E/ActivityManagerWrapper( 2470): getRecentTasks: mainTaskId=5273   userId=0   windowMode=1   baseIntent=Intent { act=android.settings.APPLICATION_DEVELOPMENT_SETTINGS flag=268468224 cmp=ComponentInfo{com.android.settings/com.android.settings.Settings$DevelopmentSettingsDashboardActivity} }
07-13 09:33:46.644 E/ActivityManagerWrapper( 2470): getRecentTasks: mainTaskId=5246   userId=0   windowMode=1   baseIntent=Intent { act=android.intent.action.MAIN flag=270532608 cmp=ComponentInfo{cn.xender/cn.xender.ui.activity.SplashActivity} }
07-13 09:33:46.644 E/ActivityManagerWrapper( 2470): getRecentTasks: mainTaskId=5239   userId=0   windowMode=1   baseIntent=Intent { act=android.intent.action.MAIN flag=270532608 cmp=ComponentInfo{com.android.camera/com.android.camera.Camera} }
07-13 09:33:46.648 I/gralloc4( 2459): @set_metadata: update dataspace from GM (0x00000000 -> 0x08010000)
07-13 09:33:46.657 I/gralloc4( 2459): @set_metadata: update dataspace from GM (0x00000000 -> 0x08010000)
07-13 09:33:46.660 D/C2MtkBufferManager( 1041): over 5000ms not request from VCodec but callback hooked, slow BM Cc fetch thread
07-13 09:33:46.664 I/gralloc4( 2459): @set_metadata: update dataspace from GM (0x00000000 -> 0x08010000)
07-13 09:33:46.666 I/BufferQueueProducer( 1133): [FramebufferSurface](this:0xb40000793ab518d0,id:-1,api:1,p:1133,c:1133) queueBuffer: fps=0.57 dur=50927.14 max=50605.19 min=9.86
07-13 09:33:46.669 I/MI-SF   ( 1133): surfaceflinger setAffinity mode=1
07-13 09:33:46.669 I/MI-SF   ( 1133): surfaceflinger setreAffinity reTid=1349
07-13 09:33:46.674 I/gralloc4( 2459): @set_metadata: update dataspace from GM (0x00000000 -> 0x08010000)
07-13 09:33:46.681 D/C2MtkBufferManager( 1041): over 5000ms not request from VCodec but callback hooked, slow BM Cc fetch thread
07-13 09:33:46.684 I/gralloc4( 2459): @set_metadata: update dataspace from GM (0x00000000 -> 0x08010000)
07-13 09:33:46.688 I/libPerfCtl( 1059): xgfGetFPS pid:2459 fps:55
07-13 09:33:46.691 I/MessageMonitor(15018): Load libmiui_runtime
07-13 09:33:46.694 E/surfaceflinger( 1133): == MALI DEBUG ===eglp_winsys_populate_image_templates ==12288
07-13 09:33:46.694 I/gralloc4( 2459): @set_metadata: update dataspace from GM (0x00000000 -> 0x08010000)
07-13 09:33:46.699 I/BufferQueueProducer( 1133): [com.miui.home/com.miui.home.launcher.Launcher#78374](this:0xb400007855afea30,id:-1,api:0,p:-1,c:1133) queueBuffer: fps=0.02 dur=46478.55 max=46478.55 min=46478.55
07-13 09:33:46.700 I/gralloc4( 1133): @set_metadata: update dataspace from GM (0x08010000 -> 0x00000000)
07-13 09:33:46.701 D/C2MtkBufferManager( 1041): over 5000ms not request from VCodec but callback hooked, slow BM Cc fetch thread
07-13 09:33:46.703 I/gralloc4( 2459): @set_metadata: update dataspace from GM (0x00000000 -> 0x08010000)
07-13 09:33:46.714 I/gralloc4( 2459): @set_metadata: update dataspace from GM (0x00000000 -> 0x08010000)
07-13 09:33:46.723 D/C2MtkBufferManager( 1041): over 5000ms not request from VCodec but callback hooked, slow BM Cc fetch thread
07-13 09:33:46.724 D/SymlinkUtils( 1813): attachApplication file op go pass: 1 ms
07-13 09:33:46.726 I/gralloc4( 2459): @set_metadata: update dataspace from GM (0x00000000 -> 0x08010000)
07-13 09:33:46.736 I/gralloc4( 2459): @set_metadata: update dataspace from GM (0x00000000 -> 0x08010000)
07-13 09:33:46.743 D/MiuiFullScreenTaskRepository( 2459): addOrUpdateFullScreenTaskInfo taskId=5363, topActivity=ComponentInfo{com.skillsroom.mobile/com.skillsroom.mobile.MainActivity}
07-13 09:33:46.744 D/C2MtkBufferManager( 1041): over 5000ms not request from VCodec but callback hooked, slow BM Cc fetch thread
07-13 09:33:46.745 I/gralloc4( 2459): @set_metadata: update dataspace from GM (0x00000000 -> 0x08010000)
07-13 09:33:46.750 D/StatusBarController( 2470): handleMessage: flag 800000  disable false
07-13 09:33:46.755 I/gralloc4( 2459): @set_metadata: update dataspace from GM (0x00000000 -> 0x08010000)
07-13 09:33:46.763 I/gralloc4( 2459): @set_metadata: update dataspace from GM (0x00000000 -> 0x08010000)
07-13 09:33:46.765 E/surfaceflinger( 1133): == MALI DEBUG ===eglp_winsys_populate_image_templates ==12288
07-13 09:33:46.765 D/C2MtkBufferManager( 1041): over 5000ms not request from VCodec but callback hooked, slow BM Cc fetch thread
07-13 09:33:46.766 D/CentralSurfaces( 2459): Received new disable state: Old: enaihbCrso.qingr | New: enaihbcrso.qingr (changed: c.)
07-13 09:33:46.767 D/CollapsedStatusBarFragment( 2459): adjustDisableFlags: ShadeExpansionState = 0 mHideIconsForBouncer = false mWereIconsJustHidden = false, mWakeUpCoordinator.getNotificationsFullyHidden = false, mIsExpanded = false, mBypassController.getBypassEnabled = false, mStatusBarStateController.getState() = 0, mKeyguardStateController.isKeyguardGoingAway() = false, mHeadsUpManager.hasPinnedHeadsUp = false, mControlPanelExpand = false
07-13 09:33:46.769 D/Launcher_WallpaperUtils( 2470): changeStatusBarMode:false
07-13 09:33:46.770 W/WindowManager( 1813): Changing focus from Window{52dece7 u0 com.miui.home/com.miui.home.launcher.Launcher} to null displayId=0 Callers=com.android.server.wm.RootWindowContainer.updateFocusedWindowLocked:541 com.android.server.wm.WindowManagerService.updateFocusedWindowLocked:6840 com.android.server.wm.ActivityTaskManagerService.setLastResumedActivityUncheckLocked:5521 com.android.server.wm.ActivityTaskSupervisor.updateTopResumedActivityIfNeeded:2530 
07-13 09:33:46.773 I/WindowManager( 1813): cancelAnimation removed leash : Surface(name=Surface(name=d59f9dd NavigationBar0#77073)/@0xd8156d9 - animation-leash of insets_animation#78392)/@0xe33aad0
07-13 09:33:46.774 I/gralloc4( 1133): @set_metadata: update dataspace from GM (0x08010000 -> 0x00000000)
07-13 09:33:46.775 E/BufferQueueDebug( 1133): [Surface(name=d59f9dd NavigationBar0#77073)/@0xd8156d9 - animation-leash of insets_animation#78408](this:0xb40000785b5cda30,id:-1,api:0,p:-1,c:-1) id info cannot be read from 'Surface(name=d59f9dd NavigationBar0#77073)/@0xd8156d9 - animation-leash of insets_animation#78408'
07-13 09:33:46.775 I/BufferQueueDebug( 1133): [Surface(name=d59f9dd NavigationBar0#77073)/@0xd8156d9 - animation-leash of insets_animation#78408](this:0xb40000785b5cda30,id:-1,api:0,p:-1,c:-1) BufferQueue core=(1133:/system/bin/surfaceflinger)
07-13 09:33:46.776 I/WindowManager( 1813): cancelAnimation removed leash : Surface(name=Surface(name=5a869db StatusBar#93)/@0xba1daa7 - animation-leash of insets_animation#78393)/@0x36e45ce
07-13 09:33:46.777 E/BufferQueueDebug( 1133): [Surface(name=5a869db StatusBar#93)/@0xba1daa7 - animation-leash of insets_animation#78409](this:0xb4000078559a6a30,id:-1,api:0,p:-1,c:-1) id info cannot be read from 'Surface(name=5a869db StatusBar#93)/@0xba1daa7 - animation-leash of insets_animation#78409'
07-13 09:33:46.777 I/BufferQueueDebug( 1133): [Surface(name=5a869db StatusBar#93)/@0xba1daa7 - animation-leash of insets_animation#78409](this:0xb4000078559a6a30,id:-1,api:0,p:-1,c:-1) BufferQueue core=(1133:/system/bin/surfaceflinger)
07-13 09:33:46.779 D/WindowManager( 1813): wms.Input focus has changed to null display=0 updateInputWindows = true
07-13 09:33:46.780 I/MultiSenceManagerInternalStub( 1813): getInstance
07-13 09:33:46.781 I/PowerHalWrapper( 1813): amsBoostNotify pid:15018,activity:com.skillsroom.mobile.MainActivity, package:com.skillsroom.mobile, mProcessCreatePackcom.skillsroom.mobile 
07-13 09:33:46.781 I/PowerHalWrapper( 1813): state: 1 
07-13 09:33:46.782 I/mtkpower_client( 1813): [Legacy][PowerHal_Wrap_notifyAppState] com.skillsroom.mobile/com.skillsroom.mobile.MainActivity pid=15018 state:1
07-13 09:33:46.783 I/libPowerHal( 1059): [perfNotifyAppState] pack:com.skillsroom.mobile, act:com.skillsroom.mobile.MainActivity, state:1, pid:15018, uid:10210, fps:-1
07-13 09:33:46.783 I/libPowerHal( 1059): [perfNotifyAppState] foreground:com.skillsroom.mobile, pid:15018, uid:10210
07-13 09:33:46.784 I/PowerHalWrapper( 1813): amsBoostNotify AMS_BOOST_PROCESS_CREATE_BOOST:true 
07-13 09:33:46.786 D/C2MtkBufferManager( 1041): over 5000ms not request from VCodec but callback hooked, slow BM Cc fetch thread
07-13 09:33:46.787 I/UxUtility( 1059): notifyForegroundApp pack:com.skillsroom.mobile, uid:10210
07-13 09:33:46.787 I/TouchUtility( 1059): notifyAppState error = NULL
07-13 09:33:46.787 I/mtkpower@impl( 1059): [notifyAppState] pc:1, com.miui.home => com.skillsroom.mobile
07-13 09:33:46.788 W/ActivityManager( 1813): Slow operation: 54ms so far, now at finishAttachApplicationInner: after mServices.attachApplicationLocked
07-13 09:33:46.788 W/ActivityManager( 1813): Slow operation: 54ms so far, now at finishAttachApplicationInner: after dispatching broadcasts
07-13 09:33:46.789 D/ActivityManager( 1813): mediaResourceManagerBinder get success
07-13 09:33:46.797 I/MiuiNetworkPolicy( 1813): updateUidState uid = 10210, uidState = 2
07-13 09:33:46.800 D/isUidValid( 1813): uid = 10210
07-13 09:33:46.804 D/CompatibilityChangeReporter(15018): Compat change id reported: 171979766; UID 10210; state: ENABLED
07-13 09:33:46.805 D/Aurogon ( 1813):  uid = 10210 switch to FG
07-13 09:33:46.805 W/MiPicks-ProcessObserverV10(21977): onForegroundActivitiesChanged:pid = 15018,activity-uid=10210,foregroundActivities=true
07-13 09:33:46.806 D/PMonitor( 4459):  onForegroundActivitiesChanged:pid = 15018,activity-uid=10210,foregroundActivities=true
07-13 09:33:46.807 D/ResourceManagerService( 1289): update package name: com.skillsroom.mobile
07-13 09:33:46.807 D/C2MtkBufferManager( 1041): over 5000ms not request from VCodec but callback hooked, slow BM Cc fetch thread
07-13 09:33:46.808 D/CompatibilityChangeReporter(15018): Compat change id reported: 242716250; UID 10210; state: ENABLED
07-13 09:33:46.817 D/AppObserver( 2470): ForegroundInfo{mForegroundPackageName='com.skillsroom.mobile', mForegroundUid=10210, mForegroundPid=15018, mLastForegroundPackageName='com.miui.home', mLastForegroundUid=10166, mLastForegroundPid=2470, mMultiWindowForegroundPackageName='com.skillsroom.mobile', mMultiWindowForegroundUid=10210, mFlags=1}
07-13 09:33:46.821 D/MiuiMultiWindowUtils( 1813): DeviceLevel.IS_MIUI_LITE_VERSION 2.0 not support miui multiWindowgale
07-13 09:33:46.822 D/MiuiFullScreenTaskRepository( 2459): removeFocusedTask displayId=0
07-13 09:33:46.823 D/MiuiFullScreenTaskRepository( 2459): addOrUpdateFullScreenTaskInfo taskId=1, topActivity=ComponentInfo{com.miui.home/com.miui.home.launcher.Launcher}
07-13 09:33:46.823 D/PerfEngineController( 7233): ForegroundInfo{mForegroundPackageName='com.skillsroom.mobile', mForegroundUid=10210, mForegroundPid=15018, mLastForegroundPackageName='com.miui.home', mLastForegroundUid=10166, mLastForegroundPid=2470, mMultiWindowForegroundPackageName='com.skillsroom.mobile', mMultiWindowForegroundUid=10210, mFlags=1}
07-13 09:33:46.824 I/MiuiWallpaper-MiuiWallpaperManagerService( 2200): receive broadcast action = android.intent.action.PACKAGE_RESTARTED
07-13 09:33:46.827 D/t1      ( 5491): myUserId = 0	currentUserId0
07-13 09:33:46.827 D/C2MtkBufferManager( 1041): over 5000ms not request from VCodec but callback hooked, slow BM Cc fetch thread
07-13 09:33:46.827 W/C2BqBuffer( 1041): last successful dequeue was 92878092097 us ago, 0 consecutive failures
07-13 09:33:46.834 D/MiuiFullScreenTaskRepository( 2459): setFocusedTask taskId=5363, displayId=0, topActivity=ComponentInfo{com.skillsroom.mobile/com.skillsroom.mobile.MainActivity}
07-13 09:33:46.835 D/MiuiFullScreenTaskRepository( 2459): addOrUpdateFullScreenTaskInfo taskId=5363, topActivity=ComponentInfo{com.skillsroom.mobile/com.skillsroom.mobile.MainActivity}
07-13 09:33:46.836 D/MiuiDesktopModeController( 2459): onFocusTaskChanged newFocus: TaskInfo{userId=0 taskId=5363 displayId=0 isRunning=true baseIntent=Intent { flg=0x10000000 cmp=com.skillsroom.mobile/.MainActivity } baseActivity=ComponentInfo{com.skillsroom.mobile/com.skillsroom.mobile.MainActivity} topActivity=ComponentInfo{com.skillsroom.mobile/com.skillsroom.mobile.MainActivity} origActivity=null realActivity=ComponentInfo{com.skillsroom.mobile/com.skillsroom.mobile.MainActivity} numActivities=1 lastActiveTime=693226412 supportsSplitScreenMultiWindow=true supportsMultiWindow=true resizeMode=1 isResizeable=true minWidth=-1 minHeight=-1 defaultMinSize=200 token=WCT{android.window.IWindowContainerToken$Stub$Proxy@b2ad253} topActivityType=1 pictureInPictureParams=null shouldDockBigOverlays=false launchIntoPipHostTaskId=-1 lastParentTaskIdBeforePip=-1 displayCutoutSafeInsets=Rect(0, 68 - 0, 0) topActivityInfo=ActivityInfo{c830790 com.skillsroom.mobile.MainActivity} launchCookies=[] positionInParent=Point(0, 0) parentTaskId=-1 isFocused=true isVisible=true isVisibleRequested=true isSleeping=false topActivityInSizeCompat=false topActivityEligibleForLetterboxEducation= false topActivityLetterboxed= false isFromDoubleTap= false topActivityLetterboxVerticalPosition= -1 topActivityLetterboxHorizontalPosition= -1 topActivityLetterboxWidth=-1 topActivityLetterboxHeight=-1 locusId=null displayAreaFeatureId=1 cameraCompatControlState=hidden mIsCastMode=false mTopActivityMediaSize=null mTopActivityRecordName=ActivityRecord{d47b0f u0 com.skillsroom.mobile/.MainActivity t5363} mTopActivityOrientation=1 mTopActivityWindowIsNowVisible=false isTranslucent=false isEmbedded=false shouldBeVisible=true mBehindAppLockPkg=null mOriginatingUid=0}
07-13 09:33:46.836 D/MiuiFreeformModeController( 2459): onFocusTaskChanged taskInfo: TaskInfo{userId=0 taskId=5363 displayId=0 isRunning=true baseIntent=Intent { flg=0x10000000 cmp=com.skillsroom.mobile/.MainActivity } baseActivity=ComponentInfo{com.skillsroom.mobile/com.skillsroom.mobile.MainActivity} topActivity=ComponentInfo{com.skillsroom.mobile/com.skillsroom.mobile.MainActivity} origActivity=null realActivity=ComponentInfo{com.skillsroom.mobile/com.skillsroom.mobile.MainActivity} numActivities=1 lastActiveTime=693226412 supportsSplitScreenMultiWindow=true supportsMultiWindow=true resizeMode=1 isResizeable=true minWidth=-1 minHeight=-1 defaultMinSize=200 token=WCT{android.window.IWindowContainerToken$Stub$Proxy@b2ad253} topActivityType=1 pictureInPictureParams=null shouldDockBigOverlays=false launchIntoPipHostTaskId=-1 lastParentTaskIdBeforePip=-1 displayCutoutSafeInsets=Rect(0, 68 - 0, 0) topActivityInfo=ActivityInfo{c830790 com.skillsroom.mobile.MainActivity} launchCookies=[] positionInParent=Point(0, 0) parentTaskId=-1 isFocused=true isVisible=true isVisibleRequested=true isSleeping=false topActivityInSizeCompat=false topActivityEligibleForLetterboxEducation= false topActivityLetterboxed= false isFromDoubleTap= false topActivityLetterboxVerticalPosition= -1 topActivityLetterboxHorizontalPosition= -1 topActivityLetterboxWidth=-1 topActivityLetterboxHeight=-1 locusId=null displayAreaFeatureId=1 cameraCompatControlState=hidden mIsCastMode=false mTopActivityMediaSize=null mTopActivityRecordName=ActivityRecord{d47b0f u0 com.skillsroom.mobile/.MainActivity t5363} mTopActivityOrientation=1 mTopActivityWindowIsNowVisible=false isTranslucent=false isEmbedded=false shouldBeVisible=true mBehindAppLockPkg=null mOriginatingUid=0}
07-13 09:33:46.837 I/gralloc4( 2459): @set_metadata: update dataspace from GM (0x00000000 -> 0x08010000)
07-13 09:33:46.843 I/gralloc4( 2459): @set_metadata: update dataspace from GM (0x00000000 -> 0x08010000)
07-13 09:33:46.846 E/onWindowDecorRectChanged( 2459): start size:0
07-13 09:33:46.846 E/onWindowDecorRectChanged( 2459): start size:1
07-13 09:33:46.846 E/onWindowDecorRectChanged( 2459): windowDecorRects: Rect(298, 8 - 422, 88)
07-13 09:33:46.848 D/C2MtkBufferManager( 1041): over 5000ms not request from VCodec but callback hooked, slow BM Cc fetch thread
07-13 09:33:46.848 D/ResourceManagerService( 1289): packageName: com.skillsroom.mobile, uid : 10210, hashCode : 176657829
07-13 09:33:46.848 D/ResourceManagerService( 1289): ResourceManagerService::setCodecsVppMode
07-13 09:33:46.849 D/ResourceManagerService( 1289): all codecs setVppMode return fail
07-13 09:33:46.850 D/CompatibilityChangeReporter( 1813): Compat change id reported: 170503758; UID 10210; state: ENABLED
07-13 09:33:46.851 I/BufferQueueDebug( 1133): [Surface(name=d59f9dd NavigationBar0#77073)/@0xd8156d9 - animation-leash of insets_animation#78392](this:0xb400007855878a30,id:-1,api:0,p:-1,c:1133) onDestructor()
07-13 09:33:46.851 I/BufferQueueDebug( 1133): [Surface(name=5a869db StatusBar#93)/@0xba1daa7 - animation-leash of insets_animation#78393](this:0xb4000078558cfa30,id:-1,api:0,p:-1,c:1133) onDestructor()
07-13 09:33:46.853 I/gralloc4( 2459): @set_metadata: update dataspace from GM (0x00000000 -> 0x08010000)
07-13 09:33:46.860 I/gralloc4( 2459): @set_metadata: update dataspace from GM (0x00000000 -> 0x08010000)
07-13 09:33:46.866 D/Launcher_UnlockAnimationStateMachine( 2470): mResetIdleStateRunnable
07-13 09:33:46.868 I/gralloc4( 2459): @set_metadata: update dataspace from GM (0x00000000 -> 0x08010000)
07-13 09:33:46.870 D/C2MtkBufferManager( 1041): over 5000ms not request from VCodec but callback hooked, slow BM Cc fetch thread
07-13 09:33:46.879 I/gralloc4( 2459): @set_metadata: update dataspace from GM (0x00000000 -> 0x08010000)
07-13 09:33:46.887 I/AutoStartManagerServiceStubImpl( 1813): MIUILOG- Reject service :Intent { act=android.content.SyncAdapter cmp=com.google.android.calendar/com.google.android.apps.calendar.vagabond.tasks.impl.sync.PlatformSync$SyncService (has extras) } userId : 0 uid : 10178
07-13 09:33:46.887 E/SyncManager( 1813): Bind attempt failed - target: ComponentInfo{com.google.android.calendar/com.google.android.apps.calendar.vagabond.tasks.impl.sync.PlatformSync$SyncService}
07-13 09:33:46.887 D/ActivityManager( 1813): getProcessesInErrorState callingUid=10279, CallingPid=443
07-13 09:33:46.890 D/C2MtkBufferManager( 1041): over 5000ms not request from VCodec but callback hooked, slow BM Cc fetch thread
07-13 09:33:46.892 I/gralloc4( 2459): @set_metadata: update dataspace from GM (0x00000000 -> 0x08010000)
07-13 09:33:46.892 D/ActivityManager( 1813): getProcessesInErrorState callingUid=10288, CallingPid=19459
07-13 09:33:46.899 W/FirebaseRemoteConfig(21977): No value of type 'FirebaseRemoteConfigValue' exists for parameter key 'c_window_and_activity_config'.
07-13 09:33:46.901 I/gralloc4( 2459): @set_metadata: update dataspace from GM (0x00000000 -> 0x08010000)
07-13 09:33:46.901 D/CompatibilityChangeReporter( 1813): Compat change id reported: 271850009; UID 10281; state: ENABLED
07-13 09:33:46.907 D/CompatibilityChangeReporter( 1813): Compat change id reported: 135634846; UID 10281; state: DISABLED
07-13 09:33:46.907 D/CompatibilityChangeReporter( 1813): Compat change id reported: 177438394; UID 10281; state: DISABLED
07-13 09:33:46.909 D/CompatibilityChangeReporter( 1813): Compat change id reported: 135772972; UID 10281; state: DISABLED
07-13 09:33:46.909 D/CompatibilityChangeReporter( 1813): Compat change id reported: 135754954; UID 10281; state: ENABLED
07-13 09:33:46.910 D/CompatibilityChangeReporter( 1813): Compat change id reported: 143937733; UID 10281; state: ENABLED
07-13 09:33:46.911 D/C2MtkBufferManager( 1041): over 5000ms not request from VCodec but callback hooked, slow BM Cc fetch thread
07-13 09:33:46.912 I/gralloc4( 2459): @set_metadata: update dataspace from GM (0x00000000 -> 0x08010000)
07-13 09:33:46.924 I/gralloc4( 2459): @set_metadata: update dataspace from GM (0x00000000 -> 0x08010000)
07-13 09:33:46.926 I/MMKV    (21977): <MMKV.cpp:1189::sync> MMKV::sync, SyncFlag = 1
07-13 09:33:46.929 D/Zygote  ( 1023): Forked child process 15036
07-13 09:33:46.931 I/bt_shim_scanner(29492): handle_remote_properties: handle_remote_properties Update device_type=0x3 addr_type=0x1
07-13 09:33:46.931 D/C2MtkBufferManager( 1041): over 5000ms not request from VCodec but callback hooked, slow BM Cc fetch thread
07-13 09:33:46.934 I/ActivityManager( 1813): Start proc 15036:com.whatsapp.w4b/u0a281 for service {com.whatsapp.w4b/androidx.work.impl.background.systemjob.SystemJobService} caller=android
07-13 09:33:46.935 I/gralloc4( 2459): @set_metadata: update dataspace from GM (0x00000000 -> 0x08010000)
07-13 09:33:46.938 I/SettingsProvider( 1813): refresh rate settings changed, name:miui_refresh_rate,value:60,pkg:com.miui.powerkeeper
07-13 09:33:46.945 I/gralloc4( 2459): @set_metadata: update dataspace from GM (0x00000000 -> 0x08010000)
07-13 09:33:46.949 E/Zygote  (15036): process_name_ptr:15036 com.whatsapp.w4b
07-13 09:33:46.952 D/C2MtkBufferManager( 1041): over 5000ms not request from VCodec but callback hooked, slow BM Cc fetch thread
07-13 09:33:46.956 I/gralloc4( 2459): @set_metadata: update dataspace from GM (0x00000000 -> 0x08010000)
07-13 09:33:46.968 I/gralloc4( 2459): @set_metadata: update dataspace from GM (0x00000000 -> 0x08010000)
07-13 09:33:46.967 I/om.whatsapp.w4b(15036): Using generational CollectorTypeCC GC.
07-13 09:33:46.972 D/C2MtkBufferManager( 1041): over 5000ms not request from VCodec but callback hooked, slow BM Cc fetch thread
07-13 09:33:46.980 I/gralloc4( 2459): @set_metadata: update dataspace from GM (0x00000000 -> 0x08010000)
07-13 09:33:46.983 D/nativeloader(15036): Load libframework-connectivity-tiramisu-jni.so using APEX ns com_android_tethering for caller /apex/com.android.tethering/javalib/framework-connectivity-t.jar: ok
07-13 09:33:46.989 I/gralloc4( 2459): @set_metadata: update dataspace from GM (0x00000000 -> 0x08010000)
07-13 09:33:46.992 I/MessageMonitor(15036): Load libmiui_runtime
07-13 09:33:46.993 D/C2MtkBufferManager( 1041): over 5000ms not request from VCodec but callback hooked, slow BM Cc fetch thread
07-13 09:33:47.001 I/gralloc4( 2459): @set_metadata: update dataspace from GM (0x00000000 -> 0x08010000)
07-13 09:33:47.001 D/SymlinkUtils( 1813): attachApplication file op go pass: 1 ms
07-13 09:33:47.002 I/SmartPower: com.whatsapp.w4b/10281(15036)( 1813): died->background(49413ms) R(process start ) adj=-10000.
07-13 09:33:47.004 D/CompatibilityChangeReporter( 1813): Compat change id reported: 168419799; UID 10281; state: DISABLED
07-13 09:33:47.004 D/CompatibilityChangeReporter( 1813): Compat change id reported: 273564678; UID 10281; state: DISABLED
07-13 09:33:47.009 D/CompatibilityChangeReporter( 1813): Compat change id reported: 265195908; UID 10281; state: ENABLED
07-13 09:33:47.011 I/gralloc4( 2459): @set_metadata: update dataspace from GM (0x00000000 -> 0x08010000)
07-13 09:33:47.012 I/MiuiNetworkPolicy( 1813): updateUidState uid = 10281, uidState = 8
07-13 09:33:47.014 D/C2MtkBufferManager( 1041): over 5000ms not request from VCodec but callback hooked, slow BM Cc fetch thread
07-13 09:33:47.014 D/CompatibilityChangeReporter(15036): Compat change id reported: 171979766; UID 10281; state: ENABLED
07-13 09:33:47.014 D/CompatibilityChangeReporter(15036): Compat change id reported: 242716250; UID 10281; state: ENABLED
07-13 09:33:47.023 I/gralloc4( 2459): @set_metadata: update dataspace from GM (0x00000000 -> 0x08010000)
07-13 09:33:47.024 D/CompatibilityChangeReporter( 1813): Compat change id reported: 170503758; UID 10281; state: ENABLED
07-13 09:33:47.033 I/gralloc4( 2459): @set_metadata: update dataspace from GM (0x00000000 -> 0x08010000)
07-13 09:33:47.035 D/C2MtkBufferManager( 1041): over 5000ms not request from VCodec but callback hooked, slow BM Cc fetch thread
07-13 09:33:47.045 I/gralloc4( 2459): @set_metadata: update dataspace from GM (0x00000000 -> 0x08010000)
07-13 09:33:47.039 W/sensors@2.0-ser( 1046): type=1400 audit(0.0:608872): avc:  denied  { read } for  name="current_now" dev="sysfs" ino=36938 scontext=u:r:mtk_hal_sensors:s0 tcontext=u:object_r:sysfs_usb_supply:s0 tclass=file permissive=0
07-13 09:33:47.048 D/nativeloader(15036): Configuring clns-4 for other apk /system/framework/org.apache.http.legacy.jar. target_sdk_version=36, uses_libraries=ALL, library_path=/data/app/~~HtXuCatbu9Ju0hzw9If0MQ==/com.whatsapp.w4b-1-xurdMqiNsIXaCL8J90cg==/lib/arm64:/data/app/~~HtXuCatbu9Ju0hzw9If0MQ==/com.whatsapp.w4b-1-xurdMqiNsIXaCL8J90cg==/base.apk!/lib/arm64-v8a:/data/app/~~HtXuCatbu9Ju0hzw9If0MQ==/com.whatsapp.w4b-1-xurdMqiNsIXaCL8J90cg==/split_config.arm64_v8a.apk!/lib/arm64-v8a:/data/app/~~HtXuCatbu9Ju0hzw9If0MQ==/com.whatsapp.w4b-1-xurdMqiNsIXaCL8J90cg==/split_config.xhdpi.apk!/lib/arm64-v8a, permitted_path=/data:/mnt/expand:/data/user/0/com.whatsapp.w4b
07-13 09:33:47.048 D/nativeloader(15036): Extending system_exposed_libraries: libapuwareapusys.mtk.so:libapuwareapusys_v2.mtk.so:libapuwarexrp.mtk.so:libapuwarexrp_v2.mtk.so:libapuwareutils.mtk.so:libapuwareutils_v2.mtk.so:libapuwarehmp.mtk.so:libmcv_runtime_usdk.mtk.so:libneuron_graph_delegate.mtk.so:libneuronusdk_adapter.mtk.so:libtflite_mtk.mtk.so:libarmnn_ndk.mtk.so:libcmdl_ndk.mtk.so:libnir_neon_driver_ndk.mtk.so:libmvpu_runtime.mtk.so:libmvpu_runtime_pub.mtk.so:libmvpu_engine_pub.mtk.so:libmvpu_pattern_pub.mtk.so:libmvpuop_mtk_cv.mtk.so:libmvpuop_mtk_nn.mtk.so:libmvpu_runtime_25.mtk.so:libmvpu_runtime_25_pub.mtk.so:libmvpu_engine_25_pub.mtk.so:libmvpu_pattern_25_pub.mtk.so:libmvpuop25_mtk_cv.mtk.so:libmvpuop25_mtk_nn.mtk.so:libmvpu_config.mtk.so:libteeservice_client.trustonic.so:libmisys_jni.xiaomi.so
07-13 09:33:47.055 E/PowerKeeper.Thermal( 7233): ProcessInfo java.lang.NumberFormatException: For input string: "CPU usage from 314970ms to 14674ms ago (2026-07-13 09"
07-13 09:33:47.056 D/C2MtkBufferManager( 1041): over 5000ms not request from VCodec but callback hooked, slow BM Cc fetch thread
07-13 09:33:47.056 I/gralloc4( 2459): @set_metadata: update dataspace from GM (0x00000000 -> 0x08010000)
07-13 09:33:47.067 I/gralloc4( 2459): @set_metadata: update dataspace from GM (0x00000000 -> 0x08010000)
07-13 09:33:47.073 I/BufferQueueProducer( 1133): [StatusBar#98](this:0xb400007865c71a30,id:-1,api:0,p:-1,c:1133) queueBuffer: fps=30.73 dur=1008.87 max=553.99 min=10.58
07-13 09:33:47.076 D/C2MtkBufferManager( 1041): over 5000ms not request from VCodec but callback hooked, slow BM Cc fetch thread
07-13 09:33:47.079 I/gralloc4( 2459): @set_metadata: update dataspace from GM (0x00000000 -> 0x08010000)
07-13 09:33:47.075 W/ThermalCollecto( 7233): type=1400 audit(0.0:608873): avc:  denied  { read } for  name="charge_counter" dev="sysfs" ino=36942 scontext=u:r:system_app:s0 tcontext=u:object_r:sysfs_batteryinfo:s0 tclass=file permissive=0
07-13 09:33:47.089 I/gralloc4( 2459): @set_metadata: update dataspace from GM (0x00000000 -> 0x08010000)
07-13 09:33:47.096 D/C2MtkBufferManager( 1041): over 5000ms not request from VCodec but callback hooked, slow BM Cc fetch thread
07-13 09:33:47.117 D/C2MtkBufferManager( 1041): over 5000ms not request from VCodec but callback hooked, slow BM Cc fetch thread
07-13 09:33:47.129 E/SurfaceComposerClient( 2459): SurfaceComposerClient::Transaction::setAlpha: invalid alpha 1.000021, clamping
07-13 09:33:47.137 D/C2MtkBufferManager( 1041): over 5000ms not request from VCodec but callback hooked, slow BM Cc fetch thread
07-13 09:33:47.140 E/SurfaceComposerClient( 2459): SurfaceComposerClient::Transaction::setAlpha: invalid alpha 1.000044, clamping
07-13 09:33:47.151 E/SurfaceComposerClient( 2459): SurfaceComposerClient::Transaction::setAlpha: invalid alpha 1.000058, clamping
07-13 09:33:47.158 D/C2MtkBufferManager( 1041): over 5000ms not request from VCodec but callback hooked, slow BM Cc fetch thread
07-13 09:33:47.162 E/SurfaceComposerClient( 2459): SurfaceComposerClient::Transaction::setAlpha: invalid alpha 1.000064, clamping
07-13 09:33:47.163 E/SurfaceComposerClient( 2459): SurfaceComposerClient::Transaction::setAlpha: invalid alpha 1.000064, clamping
07-13 09:33:47.163 D/SoScUtils( 2459): monitorTransitionFinished transition:android.os.BinderProxy@e66a0a6 transaction: android.view.SurfaceControl$Transaction@9784889 mRequestCloseTransition:null mRequestOpenTransition:null mStartTransition:null mRequestOpenTriggerTask:-1 mRequestCloseTriggerTask:-1 mOrientationTransition: null mMainStartingTask:-1 mSideStartingTask:-1
07-13 09:33:47.166 D/MI-SF   ( 1133): updateScene: module = 268 (Unknown), value = 0, pkg = perf_interaction
07-13 09:33:47.166 I/DisplayModeDirectorImpl( 1813): onDesiredDisplayModeSpecsChanged:baseModeId=2 allowGroupSwitching=false primary=physical: (0.0 Infinity) render:  (0.0 60.0) appRequest=physical: (0.0 Infinity) render:  (0.0 60.0) noVotes=false
07-13 09:33:47.176 I/MiuiWallpaper-ImageWallpaper( 2200): onVisibilityChanged, visible = false
07-13 09:33:47.179 D/C2MtkBufferManager( 1041): over 5000ms not request from VCodec but callback hooked, slow BM Cc fetch thread
07-13 09:33:47.185 I/gralloc4( 1133): @set_metadata: update dataspace from GM (0x00000000 -> 0x08010000)
07-13 09:33:47.186 I/MiuiWallpaper-MiuiKeyguardPictorialWallpaper( 2200): onVisibilityChanged, visible = false
07-13 09:33:47.186 D/MiuiFullScreenTaskRepository( 2459): addOrUpdateFullScreenTaskInfo taskId=1, topActivity=ComponentInfo{com.miui.home/com.miui.home.launcher.Launcher}
07-13 09:33:47.190 I/MI-SF   ( 1133): surfaceflinger setAffinity mode=0
07-13 09:33:47.191 D/SurfaceFlinger( 1133): setDesiredDisplayModeSpecs: defaultMode：1 primaryRangesMin:0.000000 primaryRangesMax:60.000000appRequestRangesMin:0.000000 appRequestRangesMax:60.000000
07-13 09:33:47.192 I/RefreshRateSelector( 1133): Display 0 policy changed
07-13 09:33:47.192 I/RefreshRateSelector( 1133): Previous: {defaultModeId=1, allowGroupSwitching=false, primaryRanges={physical=[0.00 Hz, inf Hz], render=[0.00 Hz, 90.00 Hz]}, appRequestRanges={physical=[0.00 Hz, inf Hz], render=[0.00 Hz, 90.00 Hz]}}
07-13 09:33:47.192 I/RefreshRateSelector( 1133): Current:  DisplayManagerPolicy{defaultModeId=1, allowGroupSwitching=false, primaryRanges={physical=[0.00 Hz, inf Hz], render=[0.00 Hz, 60.00 Hz]}, appRequestRanges={physical=[0.00 Hz, inf Hz], render=[0.00 Hz, 60.00 Hz]}}
07-13 09:33:47.192 I/RefreshRateSelector( 1133): 0 mode changes were performed under the previous policy
07-13 09:33:47.192 D/SurfaceFlinger( 1133): MtkOverrideDuration: update vsync 60
07-13 09:33:47.192 E/SurfaceFlinger( 1133): MtkDuration override mode is disabled
07-13 09:33:47.192 D/SurfaceFlinger( 1133): MtkOverrideDuration: reset override duration
07-13 09:33:47.196 I/BufferQueueDebug( 1133): [1cd004b ActivityRecordInputSink com.miui.home/.launcher.Launcher#78381](this:0xb400007855b08a30,id:-1,api:0,p:-1,c:1133) onDestructor()
07-13 09:33:47.196 I/BufferQueueDebug( 1133): [Transition Root: Task=5363#78406](this:0xb40000785b5caa30,id:-1,api:0,p:-1,c:1133) onDestructor()
07-13 09:33:47.198 I/hwcomposer( 1039): [HWC] (0) displaySetActiveConfig config:0  
07-13 09:33:47.200 I/gralloc4( 2459): @set_metadata: update dataspace from GM (0x00000000 -> 0x08010000)
07-13 09:33:47.200 D/C2MtkBufferManager( 1041): over 5000ms not request from VCodec but callback hooked, slow BM Cc fetch thread
07-13 09:33:47.213 I/GED     (12903): ged_boost_gpu_freq, level 100, eOrigin 2, final_idx 31, oppidx_max 31, oppidx_min 0
07-13 09:33:47.220 I/DisplayDeviceRepository( 1813): Display device changed: DisplayDeviceInfo{"Built-in Screen": uniqueId="local:0", 720 x 1600, modeId 1, renderFrameRate 60.0, defaultModeId 2, supportedModes [{id=1, width=720, height=1600, fps=60.0, alternativeRefreshRates=[90.0], supportedHdrTypes=[]}, {id=2, width=720, height=1600, fps=90.0, alternativeRefreshRates=[60.0], supportedHdrTypes=[]}], colorMode 0, supportedColorModes [0], hdrCapabilities HdrCapabilities{mSupportedHdrTypes=[], mMaxLuminance=500.0, mMaxAverageLuminance=500.0, mMinLuminance=0.0}, allmSupported false, gameContentTypeSupported false, density 320, 260.105 x 260.112 dpi, appVsyncOff 5400001, presDeadline 28600000, cutout DisplayCutout{insets=Rect(0, 68 - 0, 0) waterfall=Insets{left=0, top=0, right=0, bottom=0} boundingRect={Bounds=[Rect(0, 0 - 0, 0), Rect(320, 0 - 400, 68), Rect(0, 0 - 0, 0), Rect(0, 0 - 0, 0)]} cutoutPathParserInfo={CutoutPathParserInfo{displayWidth=720 displayHeight=1600 physicalDisplayWidth=720 physicalDisplayHeight=1600 density={2.0} cutoutSpec={M 0,0 H -40 V 68 H 40 V 0 H 0 Z} rotation={0} scale={1.0} physicalPixelDisplaySizeRatio={1.0}}}}, touch INTERNAL, rotation 0, type INTERNAL, address {port=0}, deviceProductInfo null, state ON, committedState ON, frameRateOverride , brightnessMinimum 0.0, brightnessMaximum 1.0, brightnessDefault 0.14956012, hdrSdrRatio NaN, roundedCorners RoundedCorners{[RoundedCorner{position=TopLeft, radius=66, center=Point(66, 66)}, RoundedCorner{position=TopRight, radius=66, center=Point(654, 66)}, RoundedCorner{position=BottomRight, radius=66, center=Point(654, 1534)}, RoundedCorner{position=BottomLeft, radius=66, center=Point(66, 1534)}]}, FLAG_ALLOWED_TO_BE_DEFAULT_DISPLAY, FLAG_ROTATES_WITH_CONTENT, FLAG_SECURE, FLAG_SUPPORTS_PROTECTED_BUFFERS, FLAG_TRUSTED, installOrientation 0, displayShape DisplayShape{ spec=2134893525 displayWidth=720 displayHeight=1600 physicalPixelDisplaySizeRatio=1.0 rotation=0 offsetX=0 offsetY=0 scale=1.0}}
07-13 09:33:47.221 D/C2MtkBufferManager( 1041): over 5000ms not request from VCodec but callback hooked, slow BM Cc fetch thread
07-13 09:33:47.234 D/CompatibilityChangeReporter( 1813): Compat change id reported: 170503758; UID 10157; state: ENABLED
07-13 09:33:47.234 V/AutoDensityController( 2459): on display changed 0 context dpi:296 origin dpi:320 target dpi:296
07-13 09:33:47.237 I/SmartPower: com.miui.home/10166(2470)( 1813): visible->invisible(51706ms) R(become invisible) adj=100.
07-13 09:33:47.237 I/SmartPower: com.miui.home/10166(2470)( 1813): invisible->background(0ms) R(become background) adj=100.
07-13 09:33:47.241 I/BtGatt.ScanManager(29492): msg.what = MSG_SCREEN_ON, msg.arg1 = None
07-13 09:33:47.242 D/C2MtkBufferManager( 1041): over 5000ms not request from VCodec but callback hooked, slow BM Cc fetch thread
07-13 09:33:47.262 D/C2MtkBufferManager( 1041): over 5000ms not request from VCodec but callback hooked, slow BM Cc fetch thread
07-13 09:33:47.267 I/gralloc4( 2459): @set_metadata: update dataspace from GM (0x00000000 -> 0x08010000)
07-13 09:33:47.269 D/BLASTBufferQueue(12903): [VRI[GoogleDiscoverWindow]#0](f:0,a:1) destructor()
07-13 09:33:47.269 I/BpBinder( 1133): onLastStrongRef automatically unlinking death recipients: 
07-13 09:33:47.271 D/BufferQueueConsumer(12903): [VRI[GoogleDiscoverWindow]#0(BLAST Consumer)0](id:326700000000,api:0,p:-1,c:12903) disconnect
07-13 09:33:47.276 I/gralloc4( 2459): @set_metadata: update dataspace from GM (0x00000000 -> 0x08010000)
07-13 09:33:47.283 D/C2MtkBufferManager( 1041): over 5000ms not request from VCodec but callback hooked, slow BM Cc fetch thread
07-13 09:33:47.284 I/GED     ( 2470): ged_boost_gpu_freq, level 100, eOrigin 2, final_idx 31, oppidx_max 31, oppidx_min 0
07-13 09:33:47.293 I/gralloc4( 2459): @set_metadata: update dataspace from GM (0x00000000 -> 0x08010000)
07-13 09:33:47.297 D/UiModeManager( 1813): updateConfigurationLocked: mDockState=0; mCarMode=false; mCar=false; mPowerSave=false; mComputedNightMode=false; mNightMode=0; uiMode=28
07-13 09:33:47.303 I/PowerSaveService( 5491): onReceive: android.intent.action.BATTERY_CHANGED
07-13 09:33:47.304 D/PowerCheckerService( 7233): onBatteryChanged, mBatteryLevel = 79, status = 2, level = 79, plug = 2, scale = 100
07-13 09:33:47.304 D/PowerKeeper.FrozenApp( 7233): onBatteryChanged plug=true mBatteryPlugged=2
07-13 09:33:47.304 D/C2MtkBufferManager( 1041): over 5000ms not request from VCodec but callback hooked, slow BM Cc fetch thread
07-13 09:33:47.305 D/PowerKeeper.Thermal( 7233): mBatteryTemperature: 37
07-13 09:33:47.308 I/PowerNoticeUI( 5491): handleBatteryChanged oldPlugType 2 mPlugType 2 oldBatteryLevel 79 mBatteryLevel 79 temperature 379
07-13 09:33:47.308 I/ChargerBatteryIntelligenceReceiver( 5491): onBatteryChanged temperature：37,plugType:2
07-13 09:33:47.311 D/BLASTBufferQueue( 2470): [VRI[Launcher]#1323](f:0,a:1) destructor()
07-13 09:33:47.311 I/BpBinder( 1133): onLastStrongRef automatically unlinking death recipients: 
07-13 09:33:47.311 D/BufferQueueConsumer( 2470): [VRI[Launcher]#1323(BLAST Consumer)1323](id:9a60000052c,api:0,p:-1,c:2470) disconnect
07-13 09:33:47.312 I/gralloc4( 2459): @set_metadata: update dataspace from GM (0x00000000 -> 0x08010000)
07-13 09:33:47.315 W/Launcher( 2470): onDisplayChanged: newRotation=0, mCurrentRotation=0
07-13 09:33:47.323 I/lowmemorykiller(  475): Kill 'com.facebook.system' (13740), uid 10101, oom_score_adj 935 to free 65356kB rss, 40552kB swap; reason: device is in direct reclaim and thrashing (36%)
07-13 09:33:47.325 D/C2MtkBufferManager( 1041): over 5000ms not request from VCodec but callback hooked, slow BM Cc fetch thread
