--------- beginning of main
07-13 10:03:11.833 I/MiuiNetworkPolicy( 1813): updateUidState uid = 10317, uidState = 11
07-13 10:03:11.834 I/MiuiNetworkPolicy( 1813): updateUidState uid = 10100, uidState = 10
07-13 10:03:11.845 D/C2MtkBufferManager( 1041): over 5000ms not request from VCodec but callback hooked, slow BM Cc fetch thread
07-13 10:03:11.865 D/C2MtkBufferManager( 1041): over 5000ms not request from VCodec but callback hooked, slow BM Cc fetch thread
07-13 10:03:11.878 W/FrscLanguagePack( 3414): FRSC English string not found for ID #0x7f13022d
07-13 10:03:11.886 D/C2MtkBufferManager( 1041): over 5000ms not request from VCodec but callback hooked, slow BM Cc fetch thread
07-13 10:03:11.906 D/C2MtkBufferManager( 1041): over 5000ms not request from VCodec but callback hooked, slow BM Cc fetch thread
07-13 10:03:11.927 D/C2MtkBufferManager( 1041): over 5000ms not request from VCodec but callback hooked, slow BM Cc fetch thread
07-13 10:03:11.947 D/C2MtkBufferManager( 1041): over 5000ms not request from VCodec but callback hooked, slow BM Cc fetch thread
07-13 10:03:11.952 I/geyw    (10100): (REDACTED) Writing data for these Geller corpora: %s
07-13 10:03:11.953 I/geyw    (10100): (REDACTED) Writing metadata key: %s, corpus: %s
07-13 10:03:11.955 I/geyw    (10100): (REDACTED) Writing metadata key: %s, corpus: %s
07-13 10:03:11.956 I/M-ProMotion( 3414): M-ProMotion is disabled
07-13 10:03:11.957 I/adbd    (21521): adbd service requested 'shell,v2,raw:am force-stop com.skillsroom.mobile'
07-13 10:03:11.968 D/C2MtkBufferManager( 1041): over 5000ms not request from VCodec but callback hooked, slow BM Cc fetch thread
07-13 10:03:11.969 I/geyw    (10100): (REDACTED) Writing data for these Geller corpora: %s
--------- beginning of system
07-13 10:03:11.974 D/FramePredict( 3414): FramePredict init: true
07-13 10:03:11.988 D/ProfileInstaller( 3430): Installing profile for com.google.android.gsf
07-13 10:03:11.989 D/C2MtkBufferManager( 1041): over 5000ms not request from VCodec but callback hooked, slow BM Cc fetch thread
07-13 10:03:12.003 I/SmartPower: com.google.android.gms/10157(8414)( 1813): idle->background(2528ms) R(service create com.google.android.gms/.chimera.GmsIntentOperationService) adj=0.
07-13 10:03:12.005 I/geyw    (10100): (REDACTED) Wrote %d elements for corpus %s
07-13 10:03:12.007 I/geyw    (10100): (REDACTED) Writing metadata key: %s, corpus: %s
07-13 10:03:12.009 I/geyw    (10100): (REDACTED) Writing metadata key: %s, corpus: %s
07-13 10:03:12.009 D/C2MtkBufferManager( 1041): over 5000ms not request from VCodec but callback hooked, slow BM Cc fetch thread
07-13 10:03:12.015 I/geyw    (10100): (REDACTED) Writing data for these Geller corpora: %s
07-13 10:03:12.016 I/geyw    (10100): (REDACTED) Writing metadata key: %s, corpus: %s
07-13 10:03:12.018 I/geyw    (10100): (REDACTED) Writing metadata key: %s, corpus: %s
07-13 10:03:12.024 W/geve    (10100): Upload permissions denied for Corpus HULK_ONDEVICE_PERSONALIZATION
07-13 10:03:12.024 W/geve    (10100): Upload permissions denied for Corpus GELLER_CONFIG
07-13 10:03:12.024 W/geve    (10100): Upload permissions denied for Corpus PRIVACY_SETTINGS
07-13 10:03:12.029 I/ActivityManager( 1813): Force stopping com.skillsroom.mobile appid=10210 user=0: from process:4217
07-13 10:03:12.030 D/C2MtkBufferManager( 1041): over 5000ms not request from VCodec but callback hooked, slow BM Cc fetch thread
07-13 10:03:12.035 I/WindowManager( 1813):   Force removing ActivityRecord{b8cb564 u0 com.skillsroom.mobile/.MainActivity t5365}
07-13 10:03:12.041 E/ActionQueryTaskListener( 3414): 1 onTaskComplete [true,false,] BACKGROUND modules: [executorch] actions: [LOAD=[executorch],COMPLETE_SUCCESS=[executorch]]
07-13 10:03:12.044 W/SoLoader[NativeDeps]( 3414): Couldn't find libdynamic_executorch.so in native deps file
07-13 10:03:12.045 W/SoLoader[NativeDeps]( 3414): Falling back to custom ELF parsing when loading libdynamic_executorch.so, this can be slow
07-13 10:03:12.051 D/C2MtkBufferManager( 1041): over 5000ms not request from VCodec but callback hooked, slow BM Cc fetch thread
07-13 10:03:12.061 D/nativeloader( 3414): Load /data/app/~~IYtesFpg7dPcq8iJX6pUMQ==/com.instagram.android-yJZMvYX1Z41BCbe4QFYKng==/lib/arm64/libc++_shared.so using class loader ns clns-5 (caller=/data/app/~~IYtesFpg7dPcq8iJX6pUMQ==/com.instagram.android-yJZMvYX1Z41BCbe4QFYKng==/base.apk!classes11.dex): ok
07-13 10:03:12.059 W/SWPool3_t1of1( 3414): type=1400 audit(0.0:610363): avc:  granted  { execute } for  path="/data/data/com.instagram.android/modules/executorch_d2a6db9a302ba49c4b0e72965bc0178ac7bc87fcecd553702e61843aa60b565d/lib-compressed/arm64-v8a/968419384/asset-libs/libdynamic_executorch.so" dev="dm-48" ino=463850 scontext=u:r:untrusted_app:s0:c61,c257,c512,c768 tcontext=u:object_r:app_data_file:s0:c61,c257,c512,c768 tclass=file app=com.instagram.android
07-13 10:03:12.070 W/libc    ( 3414): Access denied finding property "ro.hardware.chipname"
07-13 10:03:12.071 D/C2MtkBufferManager( 1041): over 5000ms not request from VCodec but callback hooked, slow BM Cc fetch thread
07-13 10:03:12.088 D/WindowManager( 1813): setParent old=Task{985e3cd #5365 type=standard A=10210:com.skillsroom.mobile},new=null,this window=ActivityRecord{b8cb564 u0 com.skillsroom.mobile/.MainActivity t5365 f}},callers=com.android.server.wm.WindowContainer.removeChild:831 com.android.server.wm.TaskFragment.removeChild:3100 com.android.server.wm.Task.removeChild:1815 com.android.server.wm.Task.removeChild:1795 com.android.server.wm.WindowContainer.removeImmediately:889 com.android.server.wm.WindowToken.removeImmediately:376 
07-13 10:03:12.092 D/C2MtkBufferManager( 1041): over 5000ms not request from VCodec but callback hooked, slow BM Cc fetch thread
07-13 10:03:12.102 I/Tethering( 2392): [BpfCoordinator] onAlertReached
07-13 10:03:12.112 D/C2MtkBufferManager( 1041): over 5000ms not request from VCodec but callback hooked, slow BM Cc fetch thread
07-13 10:03:12.118 E/BufferQueueDebug( 1133): [Task=5365#78705](this:0xb40000785b3cca30,id:-1,api:0,p:-1,c:-1) id info cannot be read from 'Task=5365#78705'
07-13 10:03:12.119 I/BufferQueueDebug( 1133): [Task=5365#78705](this:0xb40000785b3cca30,id:-1,api:0,p:-1,c:-1) BufferQueue core=(1133:/system/bin/surfaceflinger)
07-13 10:03:12.120 D/nativeloader( 3414): Load /data/data/com.instagram.android/modules/executorch_d2a6db9a302ba49c4b0e72965bc0178ac7bc87fcecd553702e61843aa60b565d/lib-compressed/arm64-v8a/968419384/asset-libs/libdynamic_executorch.so using class loader ns clns-5 (caller=/data/app/~~IYtesFpg7dPcq8iJX6pUMQ==/com.instagram.android-yJZMvYX1Z41BCbe4QFYKng==/base.apk!classes11.dex): ok
07-13 10:03:12.133 D/C2MtkBufferManager( 1041): over 5000ms not request from VCodec but callback hooked, slow BM Cc fetch thread
07-13 10:03:12.134 D/WindowManager( 1813): setParent old=DefaultTaskDisplayArea@53641789,new=null,this window=Task{985e3cd #5365 type=standard A=10210:com.skillsroom.mobile},callers=com.android.server.wm.WindowContainer.removeChild:831 com.android.server.wm.TaskDisplayArea.removeChildTask:359 com.android.server.wm.TaskDisplayArea.removeChild:350 com.android.server.wm.WindowContainer.removeImmediately:889 com.android.server.wm.TaskFragment.removeImmediately:3184 com.android.server.wm.Task.removeImmediately:3213 
07-13 10:03:12.141 D/MiuiMultiWindowUtils( 1813): DeviceLevel.IS_MIUI_LITE_VERSION 2.0 not support miui multiWindowgale
07-13 10:03:12.152 D/MiuiMultiWindowUtils( 1813): DeviceLevel.IS_MIUI_LITE_VERSION 2.0 not support miui multiWindowgale
07-13 10:03:12.153 D/C2MtkBufferManager( 1041): over 5000ms not request from VCodec but callback hooked, slow BM Cc fetch thread
07-13 10:03:12.165 D/ActivityManager( 1813): getProcessesInErrorState callingUid=10288, CallingPid=19459
07-13 10:03:12.174 D/CompatibilityChangeReporter( 1813): Compat change id reported: 197654537; UID 1000; state: ENABLED
07-13 10:03:12.174 D/C2MtkBufferManager( 1041): over 5000ms not request from VCodec but callback hooked, slow BM Cc fetch thread
07-13 10:03:12.178 I/AS.AudioService( 1813): getMode, get current owner's mode
07-13 10:03:12.178 I/AS.AudioService( 1813): getMode, currentModeHandler is null
07-13 10:03:12.179 W/libprocessgroup( 1813): Failed to apply Frozen process profile: Success
07-13 10:03:12.188 W/ActivityTaskManager( 1813): Can't find TaskDisplayArea to determine support for multi window. Task id=5365 attached=false
07-13 10:03:12.189 W/libprocessgroup( 1813): Failed to apply Unfrozen process profile: Success
07-13 10:03:12.195 I/hwcomposer( 1039): [HWCDisplay] [Display_0 (type:1)] fps:0.131847,dur:7584.56,max:7584.56,min:7584.56  
07-13 10:03:12.195 D/C2MtkBufferManager( 1041): over 5000ms not request from VCodec but callback hooked, slow BM Cc fetch thread
07-13 10:03:12.204 D/MiuiFullScreenTaskRepository( 2459): removeFullScreenTask taskId=5365, topActivity=null
07-13 10:03:12.209 W/SurfaceFlingerInspector( 1133): Slow frame composition: Primary display prepareFrame took 61 ms
07-13 10:03:12.216 D/C2MtkBufferManager( 1041): over 5000ms not request from VCodec but callback hooked, slow BM Cc fetch thread
07-13 10:03:12.217 D/SurfaceFlinger( 1133): MtkOverrideDuration: update vsync 90
07-13 10:03:12.217 E/SurfaceFlinger( 1133): MtkDuration override mode is disabled
07-13 10:03:12.217 D/SurfaceFlinger( 1133): MtkOverrideDuration: reset override duration
07-13 10:03:12.218 I/hwcomposer( 1039): [HWC] (0) displaySetActiveConfig config:1  
07-13 10:03:12.221 D/RecentsModel( 2470): onTaskStackChangedBackground
07-13 10:03:12.227 D/EventBus( 2470): No subscribers registered for event class com.miui.home.recents.messages.RecentTasksChangedEvent
07-13 10:03:12.227 D/EventBus( 2470): No subscribers registered for event class org.greenrobot.eventbus.NoSubscriberEvent
07-13 10:03:12.228 D/RecentsModel( 2470): onTaskStackChangedBackground    MSG_TASK_STACK_CHANGE
07-13 10:03:12.228 D/RecentsModel( 2470): preloadRecents
07-13 10:03:12.228 W/RecentsModel( 2470): getRunningTask
07-13 10:03:12.229 I/BufferQueueDebug( 1133): [Task=5365#78705](this:0xb40000785b3cca30,id:-1,api:0,p:-1,c:1133) onDestructor()
07-13 10:03:12.230 I/BufferQueueDebug( 1133): [ActivityRecord{b8cb564 u0 com.skillsroom.mobile/.MainActivity t5365}#78516](this:0xb40000785b4c5a30,id:-1,api:0,p:-1,c:1133) onDestructor()
07-13 10:03:12.236 D/C2MtkBufferManager( 1041): over 5000ms not request from VCodec but callback hooked, slow BM Cc fetch thread
07-13 10:03:12.242 I/AppsFilter( 1813): interaction: PackageSetting{84376c0 com.android.microdroid.empty_payload/10390} -> PackageSetting{4eefabc com.skillsroom.mobile/10210} BLOCKED
07-13 10:03:12.242 I/AppsFilter( 1813): interaction: PackageSetting{2774b3e com.fido.asm/10367} -> PackageSetting{4eefabc com.skillsroom.mobile/10210} BLOCKED
07-13 10:03:12.248 W/system_server( 1813): PerfMonitor async binderTransact :  time=228ms interface=android.app.IActivityManager code=61
07-13 10:03:12.248 W/system_server( 1813): Long monitor contention with owner binder:1813_F (3464) at void com.android.server.am.ActivityManagerService.forceStopPackage(java.lang.String, int, int, java.lang.String)(ActivityManagerService.java:4153) waiters=1 in java.lang.String com.android.server.am.ActivityManagerService.getTagForIntentSender(android.content.IIntentSender, java.lang.String) for 223ms
07-13 10:03:12.249 W/BpBinder( 4217): Slow Binder: BpBinder transact took 249 ms, interface=android.app.IActivityManager, code=1598246212 oneway=false
07-13 10:03:12.252 W/BpBinder( 8414): Slow Binder: BpBinder transact took 228 ms, interface=android.app.IAlarmManager, code=1 oneway=false
07-13 10:03:12.257 D/C2MtkBufferManager( 1041): over 5000ms not request from VCodec but callback hooked, slow BM Cc fetch thread
07-13 10:03:12.258 W/BpBinder(10100): Slow Binder: BpBinder transact took 225 ms, interface=android.app.IActivityManager, code=37 oneway=false
07-13 10:03:12.260 W/RecentsModel( 2470): getRunningTask   taskInfo=TaskInfo{userId=0 taskId=5341 displayId=0 isRunning=true baseIntent=Intent { act=android.intent.action.MAIN cat=[android.intent.category.LAUNCHER] flg=0x10200000 cmp=com.whatsapp.w4b/com.whatsapp.Main } baseActivity=ComponentInfo{com.whatsapp.w4b/com.whatsapp.home.ui.HomeActivity} topActivity=ComponentInfo{com.whatsapp.w4b/com.whatsapp.Conversation} origActivity=null realActivity=ComponentInfo{com.whatsapp.w4b/com.whatsapp.Main} numActivities=2 lastActiveTime=694991898 supportsSplitScreenMultiWindow=true supportsMultiWindow=true resizeMode=1 isResizeable=true minWidth=-1 minHeight=-1 defaultMinSize=200 token=WCT{android.window.IWindowContainerToken$Stub$Proxy@b5b0617} topActivityType=1 pictureInPictureParams=null shouldDockBigOverlays=false launchIntoPipHostTaskId=-1 lastParentTaskIdBeforePip=-1 displayCutoutSafeInsets=Rect(0, 68 - 0, 0) topActivityInfo=ActivityInfo{e66ca04 com.whatsapp.Conversation} launchCookies=[] positionInParent=Point(0, 0) parentTaskId=-1 isFocused=true isVisible=true isVisibleRequested=true isSleeping=false topActivityInSizeCompat=false topActivityEligibleForLetterboxEducation= false topActivityLetterboxed= false isFromDoubleTap= false topActivityLetterboxVerticalPosition= -1 topActivityLetterboxHorizontalPosition= -1 topActivityLetterboxWidth=-1 topActivityLetterboxHeight=-1 locusId=null displayAreaFeatureId=1 cameraCompatControlState=hidden mIsCastMode=false mTopActivityMediaSize=null mTopActivityRecordName=ActivityRecord{dfd941a u0 com.whatsapp.w4b/com.whatsapp.Conversation t5341} mTopActivityOrientation=-1 mTopActivityWindowIsNowVisible=true isTranslucent=false isEmbedded=false shouldBeVisible=true mBehindAppLockPkg=null mOriginatingUid=0}
07-13 10:03:12.261 W/RecentsModel( 2470): getTaskInfoIgnoreHomeAndFreeform   taskInfo=ComponentInfo{com.whatsapp.w4b/com.whatsapp.home.ui.HomeActivity}
07-13 10:03:12.263 I/SmartPower: com.facebook.services/10100(32370)( 1813): background->idle(4000ms) R(service start com.facebook.services/com.facebook.oxygen.services.fbns.PreloadedFbnsService) adj=500.
07-13 10:03:12.263 E/ActivityManagerWrapper( 2470): get all recent tasks force including 5341
07-13 10:03:12.277 D/C2MtkBufferManager( 1041): over 5000ms not request from VCodec but callback hooked, slow BM Cc fetch thread
07-13 10:03:12.282 I/adbd    (21521): adbd service requested 'shell,v2,raw:am start -n com.skillsroom.mobile/.MainActivity'
07-13 10:03:12.288 D/ActivityManager( 1813): getProcessesInErrorState callingUid=10279, CallingPid=443
07-13 10:03:12.291 I/GmscoreIpa( 8414): Starting mediastore instant index [CONTEXT service_id=255 ]
07-13 10:03:12.291 E/ActivityManagerWrapper( 2470): getRecentTasks: size=9
07-13 10:03:12.292 E/ActivityManagerWrapper( 2470): getRecentTasks: mainTaskId=5341   userId=0   windowMode=1   baseIntent=Intent { act=android.intent.action.MAIN flag=270532608 cmp=ComponentInfo{com.whatsapp.w4b/com.whatsapp.Main} }
07-13 10:03:12.295 E/ActivityManagerWrapper( 2470): getRecentTasks: mainTaskId=5365   userId=0   windowMode=1   baseIntent=Intent { act=null flag=268435456 cmp=ComponentInfo{com.skillsroom.mobile/com.skillsroom.mobile.MainActivity} }
07-13 10:03:12.295 D/CarrierSvcBindHelper( 2457): onHandleForceStop: [com.skillsroom.mobile]
07-13 10:03:12.295 E/ActivityManagerWrapper( 2470): getRecentTasks: mainTaskId=5344   userId=0   windowMode=1   baseIntent=Intent { act=android.intent.action.MAIN flag=270532608 cmp=ComponentInfo{com.facebook.lite/com.facebook.lite.MainActivity} }
07-13 10:03:12.295 E/ActivityManagerWrapper( 2470): getRecentTasks: mainTaskId=5336   userId=0   windowMode=1   baseIntent=Intent { act=android.intent.action.MAIN flag=270532608 cmp=ComponentInfo{com.google.android.dialer/com.google.android.dialer.extensions.GoogleDialtactsActivity} }
07-13 10:03:12.295 E/ActivityManagerWrapper( 2470): getRecentTasks: mainTaskId=5335   userId=0   windowMode=1   baseIntent=Intent { act=android.intent.action.MAIN flag=270532608 cmp=ComponentInfo{com.shaiban.audioplayer.mplayer/com.shaiban.audioplayer.mplayer.app.navigation.NavigatingActivity} }
07-13 10:03:12.296 E/ActivityManagerWrapper( 2470): getRecentTasks: mainTaskId=5287   userId=0   windowMode=1   baseIntent=Intent { act=android.intent.action.MAIN flag=270532608 cmp=ComponentInfo{ng.mtn.nextgen/ng.mtn.nextgen.MainActivity} }
07-13 10:03:12.296 E/ActivityManagerWrapper( 2470): getRecentTasks: mainTaskId=5273   userId=0   windowMode=1   baseIntent=Intent { act=android.settings.APPLICATION_DEVELOPMENT_SETTINGS flag=268468224 cmp=ComponentInfo{com.android.settings/com.android.settings.Settings$DevelopmentSettingsDashboardActivity} }
07-13 10:03:12.297 E/ActivityManagerWrapper( 2470): getRecentTasks: mainTaskId=5246   userId=0   windowMode=1   baseIntent=Intent { act=android.intent.action.MAIN flag=270532608 cmp=ComponentInfo{cn.xender/cn.xender.ui.activity.SplashActivity} }
07-13 10:03:12.297 E/ActivityManagerWrapper( 2470): getRecentTasks: mainTaskId=5239   userId=0   windowMode=1   baseIntent=Intent { act=android.intent.action.MAIN flag=270532608 cmp=ComponentInfo{com.android.camera/com.android.camera.Camera} }
07-13 10:03:12.298 D/C2MtkBufferManager( 1041): over 5000ms not request from VCodec but callback hooked, slow BM Cc fetch thread
07-13 10:03:12.301 D/CarrierSvcBindHelper( 2457): No carrier app for: 0
07-13 10:03:12.302 D/CarrierSvcBindHelper( 2457): No carrier app for: 1
07-13 10:03:12.318 D/C2MtkBufferManager( 1041): over 5000ms not request from VCodec but callback hooked, slow BM Cc fetch thread
07-13 10:03:12.338 D/C2MtkBufferManager( 1041): over 5000ms not request from VCodec but callback hooked, slow BM Cc fetch thread
07-13 10:03:12.359 D/C2MtkBufferManager( 1041): over 5000ms not request from VCodec but callback hooked, slow BM Cc fetch thread
07-13 10:03:12.369 I/ClipboardServiceI( 1813): checkProviderWakePathForClipboard: primaryClip is null
07-13 10:03:12.371 I/lowmemorykiller(  475): Kill 'com.milink.service' (2640), uid 10203, oom_score_adj 955 to free 42988kB rss, 45040kB swap; reason: device is in direct reclaim and thrashing (32%)
07-13 10:03:12.374 E/SlowAppComponent( 3414): 0ms: IgPushSdkFbnsReceiverShim instantiating…
07-13 10:03:12.374 E/SlowAppComponent( 3414): Main thread was blocked for 26ms in the background starting with IgPushSdkFbnsReceiverShim
07-13 10:03:12.378 W/ActivityTaskManager( 1813): callingPackage for (uid=2000, pid=4225) has no WPC
07-13 10:03:12.380 D/C2MtkBufferManager( 1041): over 5000ms not request from VCodec but callback hooked, slow BM Cc fetch thread
07-13 10:03:12.397 I/libprocessgroup( 1813): Successfully killed process cgroup uid 10203 pid 2640 in 0ms
07-13 10:03:12.400 D/C2MtkBufferManager( 1041): over 5000ms not request from VCodec but callback hooked, slow BM Cc fetch thread
07-13 10:03:12.417 I/lowmemorykiller(  475): Kill 'com.android.settings' (2282), uid 1000, oom_score_adj 955 to free 33480kB rss, 83192kB swap; reason: cw
07-13 10:03:12.421 D/C2MtkBufferManager( 1041): over 5000ms not request from VCodec but callback hooked, slow BM Cc fetch thread
07-13 10:03:12.421 I/Zygote  ( 1023): Process 2640 exited due to signal 9 (Killed)
07-13 10:03:12.422 I/libprocessgroup( 1813): Successfully killed process cgroup uid 1000 pid 2282 in 0ms
07-13 10:03:12.441 I/ActivityManager( 1813): Process com.milink.service (pid 2640) has died: cch+55 CEM 
07-13 10:03:12.441 D/C2MtkBufferManager( 1041): over 5000ms not request from VCodec but callback hooked, slow BM Cc fetch thread
07-13 10:03:12.451 I/geve    (10100): (REDACTED) Starting batch sync for corpora: %s
07-13 10:03:12.454 W/geve    (10100): Upload permissions denied for Corpus GELLER_CONFIG
07-13 10:03:12.454 W/geve    (10100): Upload permissions denied for Corpus PRIVACY_SETTINGS
07-13 10:03:12.456 W/geve    (10100): Upload permissions denied for Corpus HULK_ONDEVICE_PERSONALIZATION
07-13 10:03:12.460 D/ActivityManager( 1813): getProcessesInErrorState callingUid=10283, CallingPid=30569
07-13 10:03:12.462 D/C2MtkBufferManager( 1041): over 5000ms not request from VCodec but callback hooked, slow BM Cc fetch thread
07-13 10:03:12.465 E/ProcessManager( 1813): error write exception log
07-13 10:03:12.470 D/WindowManager( 1813): Collecting in transition 6432: ActivityRecord{76569d8 u0 com.skillsroom.mobile/.MainActivity init visibleRequested:false
07-13 10:03:12.477 D/MiuiFreeFormManagerService( 1813): activeOrFullscreenFreeformTaskIfNeed startDefaultAr:false
07-13 10:03:12.480 I/PowerHalWrapper( 1813): PowerHalWrapper.getInstance 
07-13 10:03:12.480 D/PerfMTKStubImpl( 1813): initBoostParamByDevice
07-13 10:03:12.482 D/C2MtkBufferManager( 1041): over 5000ms not request from VCodec but callback hooked, slow BM Cc fetch thread
07-13 10:03:12.483 D/OneHandedController( 2459): stopOneHanded state is 0
07-13 10:03:12.484 I/libprocessgroup( 1813): Successfully killed process cgroup uid 10203 pid 2640 in 0ms
07-13 10:03:12.484 I/Zygote  ( 1023): Process 2282 exited due to signal 9 (Killed)
07-13 10:03:12.488 E/BufferQueueDebug( 1133): [Task=5366#78706](this:0xb4000078559cba30,id:-1,api:0,p:-1,c:-1) id info cannot be read from 'Task=5366#78706'
07-13 10:03:12.489 I/BufferQueueDebug( 1133): [Task=5366#78706](this:0xb4000078559cba30,id:-1,api:0,p:-1,c:-1) BufferQueue core=(1133:/system/bin/surfaceflinger)
07-13 10:03:12.489 I/geyw    (10100): (REDACTED) Setting isLegacySQLite mode to %s.
07-13 10:03:12.494 D/WindowManager( 1813): setLockTaskAuth: task=Task{9ea9d97 #5366 type=standard A=10210:com.skillsroom.mobile} mLockTaskAuth=LOCK_TASK_AUTH_PINNABLE
07-13 10:03:12.495 D/WindowManager( 1813): Collecting in transition 6432: Task{9ea9d97 #5366 type=standard A=10210:com.skillsroom.mobile} init visibleRequested:false
07-13 10:03:12.498 I/geve    (10100): (REDACTED) The syncToken for corpus %s is %s and the syncRequestReason is %s
07-13 10:03:12.499 I/geve    (10100): (REDACTED) The syncToken for corpus %s is %s and the syncRequestReason is %s
07-13 10:03:12.500 I/geve    (10100): (REDACTED) The syncToken for corpus %s is %s and the syncRequestReason is %s
07-13 10:03:12.502 D/CompatibilityChangeReporter( 1813): Compat change id reported: 184838306; UID 10210; state: DISABLED
07-13 10:03:12.503 D/CompatibilityChangeReporter( 1813): Compat change id reported: 185004937; UID 10210; state: DISABLED
07-13 10:03:12.503 D/C2MtkBufferManager( 1041): over 5000ms not request from VCodec but callback hooked, slow BM Cc fetch thread
07-13 10:03:12.504 E/BufferQueueDebug( 1133): [ActivityRecord{76569d8 u0 com.skillsroom.mobile/.MainActivity t5366}#78707](this:0xb4000078559e2a30,id:-1,api:0,p:-1,c:-1) id info cannot be read from 'ActivityRecord{76569d8 u0 com.skillsroom.mobile/.MainActivity t5366}#78707'
07-13 10:03:12.505 I/BufferQueueDebug( 1133): [ActivityRecord{76569d8 u0 com.skillsroom.mobile/.MainActivity t5366}#78707](this:0xb4000078559e2a30,id:-1,api:0,p:-1,c:-1) BufferQueue core=(1133:/system/bin/surfaceflinger)
07-13 10:03:12.507 D/WindowManager( 1813): setLockTaskAuth: task=Task{9ea9d97 #5366 type=standard A=10210:com.skillsroom.mobile} mLockTaskAuth=LOCK_TASK_AUTH_PINNABLE
07-13 10:03:12.508 D/MiuiFreeFormManagerService( 1813): onStartActivityInner as = Task{9ea9d97 #5366 type=standard A=10210:com.skillsroom.mobile} op = null
07-13 10:03:12.519 D/ActivityTaskManager( 1813): Task#startActivityLocked isOrhasTask=true newTask=true
07-13 10:03:12.519 I/mtkpower@impl( 1059): [setMode] type:5, enabled:1
07-13 10:03:12.523 I/libPowerHal( 1059): [perfLockAcq] idx:3 hdl:247173 hint:11 pid:1059 duration:30000 lock_user:mtkpower@1.0-se => ret_hdl:247173
07-13 10:03:12.523 I/ThermalBreakConfigReader( 1059): [getTargetfreqinfo] [getTargetfreqinfo] hint get target result freq:boost:1 cpu0:1800000 cpu6:2000000 cpumask:ff
07-13 10:03:12.524 I/ExtendedPerfBoost( 1059): [thermalbreak_verification] needbreak curr breakmode 1, scence id 0, set: boost:1 cpu0:1800000 cpu6:2000000 cpumask:ff
07-13 10:03:12.524 I/ExtendedPerfBoost( 1059): [triggerList_add] [triggerList_add] come into triggerList_add
07-13 10:03:12.524 I/ExtendedPerfBoost( 1059): [triggerList_add] get item from freelist 0x76b7cb7ab8
07-13 10:03:12.524 I/ExtendedPerfBoost( 1059): [triggerList_add] init new item prio:2, duration:3000, param:boost:1 cpu0:1800000 cpu6:2000000 cpumask:ff
07-13 10:03:12.524 I/ExtendedPerfBoost( 1059): [triggerList_add] add item prio in empty list
07-13 10:03:12.524 I/ExtendedPerfBoost( 1059): [trig_thermalbreak] trigger one node
07-13 10:03:12.524 I/ExtendedUtils( 1059): [timer_sampling_set] come in timer_sampling_set, duration :3000
07-13 10:03:12.524 I/ExtendedUtils( 1059): [settimer] come in settimer, time_now :625895905, time_end: 625898905
07-13 10:03:12.524 I/ExtendedPerfBoost( 1059): [setThermalBreak] [setThermalBreak] : boost:1 cpu0:1800000 cpu6:2000000 cpumask:ff
07-13 10:03:12.524 D/C2MtkBufferManager( 1041): over 5000ms not request from VCodec but callback hooked, slow BM Cc fetch thread
07-13 10:03:12.525 D/CompatibilityChangeReporter( 1813): Compat change id reported: 205907456; UID 10210; state: ENABLED
07-13 10:03:12.526 I/libPowerHal( 1059): LAUNCH: cpu_ctrl set cpu freq: 1800000 -1 2000000 -1
07-13 10:03:12.527 I/libPowerHal( 1059): [PE] LAUNCH update cmd:1000000, param:0
07-13 10:03:12.528 I/PowerHalWrapper( 1813): amsBoostNotify pid:26385,activity:com.whatsapp.Conversation, package:com.whatsapp.w4b, mProcessCreatePackcom.whatsapp.w4b 
07-13 10:03:12.528 I/libPowerHal( 1059): [PE] LAUNCH update cmd:1408300, param:100
07-13 10:03:12.528 I/libPowerHal( 1059): [PE] LAUNCH update cmd:1000000 param:0
07-13 10:03:12.528 I/PowerHalWrapper( 1813): state: 0 
07-13 10:03:12.540 I/mtkpower_client( 1813): [Legacy][PowerHal_Wrap_notifyAppState] com.whatsapp.w4b/com.whatsapp.Conversation pid=26385 state:0
07-13 10:03:12.544 D/C2MtkBufferManager( 1041): over 5000ms not request from VCodec but callback hooked, slow BM Cc fetch thread
07-13 10:03:12.545 I/PowerHalWrapper( 1813): amsBoostNotify AMS_BOOST_PROCESS_CREATE_BOOST:false 
07-13 10:03:12.548 I/libPowerHal( 1059): [perfNotifyAppState] pack:com.whatsapp.w4b, act:com.whatsapp.Conversation, state:0, pid:26385, uid:10281, fps:-1
07-13 10:03:12.549 I/PowerHalWrapper( 1813): <amsBoostResume> last:com.whatsapp.w4b, next:com.skillsroom.mobile 
07-13 10:03:12.550 W/ServiceManagerCppClient( 1813): Failed to get isDeclared for vendor.mediatek.hardware.mtkpower.IMtkPowerService/default: Status(-1, EX_SECURITY): 'SELinux denied.'
07-13 10:03:12.551 I/mtkpower_client( 1813): IMtkPowerService_isDeclared 0
07-13 10:03:12.551 W/ServiceManagerCppClient( 1813): Failed to get isDeclared for vendor.mediatek.hardware.mtkpower.IMtkPowerService/default: Status(-1, EX_SECURITY): 'SELinux denied.'
07-13 10:03:12.551 I/mtkpower_client( 1813): IMtkPowerService_isDeclared 0
07-13 10:03:12.552 I/libPowerHal( 1059): [perfLockAcq] idx:5 hdl:247174 hint:22 pid:1059 duration:10000 lock_user:mtkpower@1.0-se => ret_hdl:247174
07-13 10:03:12.553 D/WindowManager( 1813): Collecting in transition 6432: ActivityRecord{76569d8 u0 com.skillsroom.mobile/.MainActivity t5366} init visibleRequested:false
07-13 10:03:12.553 D/WindowManager( 1813): Requesting StartTransition: TransitionRecord{6b17c33 id=6432 type=OPEN flags=0x0}
07-13 10:03:12.554 I/ActivityTaskManager( 1813): START u0 {flg=0x10000000 cmp=com.skillsroom.mobile/.MainActivity} with LAUNCH_SINGLE_TASK from uid 2000 (BAL_ALLOW_PERMISSION) result code=0
07-13 10:03:12.558 I/IPCThreadState( 4459): oneway function results for code 3 on binder at 0xb400007cb4ffdc20 will be dropped but finished with status UNKNOWN_TRANSACTION
07-13 10:03:12.559 W/BpBinder( 4225): Slow Binder: BpBinder transact took 214 ms, interface=android.app.IActivityManager, code=1598246212 oneway=false
07-13 10:03:12.559 W/MiPicks-ProcessObserverV10(21977): onProcessDied:pid = 2640,died-uid=10203
07-13 10:03:12.562 I/FocusedNotifPromptContr( 2459): onTopActivityMayChanged: topActivity=com.skillsroom.mobile
07-13 10:03:12.562 I/FocusedNotifPromptContr( 2459): topActivityMayChanged: topActivity=com.skillsroom.mobile
07-13 10:03:12.563 D/TaskStackChangeListeners( 2470): onTaskDescriptionChanged =  taskId = 5366
07-13 10:03:12.564 I/libPowerHal( 1059): [perfLockRel] hdl:247172, idx:-1
07-13 10:03:12.564 D/ULogGuard( 1314): Monitoring: 16 threads, 0 requests, 0 time-bombs; 2 guards. ResetFlags = 0x7
07-13 10:03:12.564 D/UidObserver( 7233): onUidGone entry uid = 10203
07-13 10:03:12.565 D/C2MtkBufferManager( 1041): over 5000ms not request from VCodec but callback hooked, slow BM Cc fetch thread
07-13 10:03:12.565 I/mtkpower_client( 1813): [Legacy][PowerHal_Wrap_notifyAppState] com.milink.service/com.milink.service pid=2640 state:3
07-13 10:03:12.565 D/KeyguardEditorHelper( 2459): onTopActivityMayChanged, topActivity=ComponentInfo{com.skillsroom.mobile/com.skillsroom.mobile.MainActivity}; mState=IDEL
07-13 10:03:12.566 I/SoScUtils( 2459): monitorTransitionRequest mRequestOpenTransition:null mRequestOpenTriggerTask:-1 mRequestCloseTransition:null mRequestCloseTriggerTask:-1 mRequestCloseStageType:-1
07-13 10:03:12.567 I/MiuiNetworkPolicy( 1813): removeUidState uid = 10203
07-13 10:03:12.567 I/libPowerHal( 1059): [perfNotifyAppState] pack:com.milink.service, act:com.milink.service, state:3, pid:2640, uid:10203, fps:-1
07-13 10:03:12.568 I/libPowerHal( 1059): [perfNotifyAppState] pack:com.milink.service, pid:2640, STATE_DEAD
07-13 10:03:12.568 D/RilUtility( 1059): notify_rild_crash_pid_set certPid:-1, crash:2640, scn:0x0
07-13 10:03:12.575 W/system_server( 1813): Long monitor contention with owner binder:1813_10 (3481) at void com.android.server.am.ActivityManagerService$AppDeathRecipient.binderDied()(ActivityManagerService.java:1691) waiters=0 in int com.android.server.am.ActivityManagerService.getMemoryTrimLevel() for 161ms
07-13 10:03:12.576 W/system_server( 1813): Long monitor contention with owner binder:1813_10 (3481) at void com.android.server.am.ActivityManagerService$AppDeathRecipient.binderDied()(ActivityManagerService.java:1691) waiters=1 in void com.android.server.am.ContentProviderHelper.handleProviderRemoval(com.android.server.am.ContentProviderConnection, boolean, boolean) for 142ms
07-13 10:03:12.582 D/SurfaceFlinger( 1133): [SF client] NEW(0xb40000788a952980) for (2459:com.android.systemui)
07-13 10:03:12.582 D/WindowManager( 1813): Set transition=TransitionRecord{6b17c33 id=6432 type=OPEN flags=0x0}, ready=false, SyncId=6432 used=true, override=false, defer=0, states=Display{#0 state=ON size=720x1600 ROTATION_0}:false
07-13 10:03:12.583 D/OneHandedController( 2459): stopOneHanded state is 0
07-13 10:03:12.584 D/OneHandedController( 2459): stopOneHanded state is 0
07-13 10:03:12.585 W/libprocessgroup( 1813): SetCgroup::ExecuteForProcess: failed to open /dev/blkio//cgroup.procs: No such file or directory
07-13 10:03:12.585 D/C2MtkBufferManager( 1041): over 5000ms not request from VCodec but callback hooked, slow BM Cc fetch thread
07-13 10:03:12.587 I/ActivityManager( 1813): Process com.android.settings (pid 2282) has died: cch+55 CEM 
07-13 10:03:12.587 I/libprocessgroup( 1813): Successfully killed process cgroup uid 1000 pid 2282 in 0ms
07-13 10:03:12.588 E/ProcessManager( 1813): error write exception log
07-13 10:03:12.593 I/mtkpower_client( 1813): [Legacy][PowerHal_Wrap_notifyAppState] com.android.settings/com.android.settings pid=2282 state:3
07-13 10:03:12.593 I/libPowerHal( 1059): [perfNotifyAppState] pack:com.android.settings, act:com.android.settings, state:3, pid:2282, uid:1000, fps:-1
07-13 10:03:12.593 I/libPowerHal( 1059): [perfNotifyAppState] pack:com.android.settings, pid:2282, STATE_DEAD
07-13 10:03:12.594 D/RilUtility( 1059): notify_rild_crash_pid_set certPid:-1, crash:2282, scn:0x0
07-13 10:03:12.601 I/PowerHalWrapper( 1813): amsBoostProcessCreate package:com.skillsroom.mobile 
07-13 10:03:12.603 W/ServiceManagerCppClient( 1813): Failed to get isDeclared for vendor.mediatek.hardware.mtkpower.IMtkPowerService/default: Status(-1, EX_SECURITY): 'SELinux denied.'
07-13 10:03:12.603 I/mtkpower_client( 1813): IMtkPowerService_isDeclared 0
07-13 10:03:12.603 W/ServiceManagerCppClient( 1813): Failed to get isDeclared for vendor.mediatek.hardware.mtkpower.IMtkPowerService/default: Status(-1, EX_SECURITY): 'SELinux denied.'
07-13 10:03:12.603 I/mtkpower_client( 1813): IMtkPowerService_isDeclared 0
07-13 10:03:12.605 I/libPowerHal( 1059): [perfLockAcq] idx:6 hdl:247175 hint:21 pid:1059 duration:10000 lock_user:mtkpower@1.0-se => ret_hdl:247175
07-13 10:03:12.606 D/C2MtkBufferManager( 1041): over 5000ms not request from VCodec but callback hooked, slow BM Cc fetch thread
07-13 10:03:12.607 I/libPowerHal( 1059): [PE] MTKPOWER_HINT_PROCESS_CREATE update cmd:2020000, param:15
07-13 10:03:12.608 I/libPowerHal( 1059): [PE] MTKPOWER_HINT_PROCESS_CREATE update cmd:1410000, param:1
07-13 10:03:12.608 W/Settings( 2457): Setting airplane_mode_on has moved from android.provider.Settings.System to android.provider.Settings.Global, returning read-only value.
07-13 10:03:12.608 I/libPowerHal( 1059): [perfLockRel] hdl:247029, idx:-1
07-13 10:03:12.611 W/sensors@2.0-ser( 1046): type=1400 audit(0.0:610364): avc:  denied  { read } for  name="current_now" dev="sysfs" ino=36938 scontext=u:r:mtk_hal_sensors:s0 tcontext=u:object_r:sysfs_usb_supply:s0 tclass=file permissive=0
07-13 10:03:12.619 D/CompatibilityChangeReporter( 1813): Compat change id reported: 135634846; UID 10210; state: DISABLED
07-13 10:03:12.619 D/CompatibilityChangeReporter( 1813): Compat change id reported: 177438394; UID 10210; state: DISABLED
07-13 10:03:12.619 D/CompatibilityChangeReporter( 1813): Compat change id reported: 135772972; UID 10210; state: DISABLED
07-13 10:03:12.619 D/CompatibilityChangeReporter( 1813): Compat change id reported: 135754954; UID 10210; state: ENABLED
07-13 10:03:12.619 D/CompatibilityChangeReporter( 1813): Compat change id reported: 143937733; UID 10210; state: ENABLED
07-13 10:03:12.620 D/RecentsModel( 2470): onTaskStackChangedBackground
07-13 10:03:12.620 D/EventBus( 2470): No subscribers registered for event class com.miui.home.recents.messages.RecentTasksChangedEvent
07-13 10:03:12.621 D/RecentsModel( 2470): onTaskStackChangedBackground    MSG_TASK_STACK_CHANGE
07-13 10:03:12.621 D/RecentsModel( 2470): preloadRecents
07-13 10:03:12.621 D/EventBus( 2470): No subscribers registered for event class org.greenrobot.eventbus.NoSubscriberEvent
07-13 10:03:12.621 W/RecentsModel( 2470): getRunningTask
07-13 10:03:12.621 D/RecentsModel( 2470): onTaskStackChangedBackground
07-13 10:03:12.621 D/EventBus( 2470): No subscribers registered for event class com.miui.home.recents.messages.RecentTasksChangedEvent
07-13 10:03:12.621 D/EventBus( 2470): No subscribers registered for event class org.greenrobot.eventbus.NoSubscriberEvent
07-13 10:03:12.625 W/RecentsModel( 2470): getRunningTask   taskInfo=TaskInfo{userId=0 taskId=5341 displayId=0 isRunning=true baseIntent=Intent { act=android.intent.action.MAIN cat=[android.intent.category.LAUNCHER] flg=0x10200000 cmp=com.whatsapp.w4b/com.whatsapp.Main } baseActivity=ComponentInfo{com.whatsapp.w4b/com.whatsapp.home.ui.HomeActivity} topActivity=ComponentInfo{com.whatsapp.w4b/com.whatsapp.Conversation} origActivity=null realActivity=ComponentInfo{com.whatsapp.w4b/com.whatsapp.Main} numActivities=2 lastActiveTime=694992279 supportsSplitScreenMultiWindow=true supportsMultiWindow=true resizeMode=1 isResizeable=true minWidth=-1 minHeight=-1 defaultMinSize=200 token=WCT{android.window.IWindowContainerToken$Stub$Proxy@6696bed} topActivityType=1 pictureInPictureParams=null shouldDockBigOverlays=false launchIntoPipHostTaskId=-1 lastParentTaskIdBeforePip=-1 displayCutoutSafeInsets=Rect(0, 68 - 0, 0) topActivityInfo=ActivityInfo{135a22 com.whatsapp.Conversation} launchCookies=[] positionInParent=Point(0, 0) parentTaskId=-1 isFocused=true isVisible=true isVisibleRequested=true isSleeping=false topActivityInSizeCompat=false topActivityEligibleForLetterboxEducation= false topActivityLetterboxed= false isFromDoubleTap= false topActivityLetterboxVerticalPosition= -1 topActivityLetterboxHorizontalPosition= -1 topActivityLetterboxWidth=-1 topActivityLetterboxHeight=-1 locusId=null displayAreaFeatureId=1 cameraCompatControlState=hidden mIsCastMode=false mTopActivityMediaSize=null mTopActivityRecordName=ActivityRecord{dfd941a u0 com.whatsapp.w4b/com.whatsapp.Conversation t5341} mTopActivityOrientation=-1 mTopActivityWindowIsNowVisible=true isTranslucent=false isEmbedded=false shouldBeVisible=true mBehindAppLockPkg=null mOriginatingUid=0}
07-13 10:03:12.625 W/RecentsModel( 2470): getTaskInfoIgnoreHomeAndFreeform   taskInfo=ComponentInfo{com.whatsapp.w4b/com.whatsapp.home.ui.HomeActivity}
07-13 10:03:12.625 E/ActivityManagerWrapper( 2470): get all recent tasks force including 5341
07-13 10:03:12.626 D/C2MtkBufferManager( 1041): over 5000ms not request from VCodec but callback hooked, slow BM Cc fetch thread
07-13 10:03:12.628 W/libc    ( 2459): Access denied finding property "ro.vendor.display.iris_x7.support"
07-13 10:03:12.630 W/BpBinder( 3414): Slow Binder: BpBinder transact took 216 ms, interface=android.app.job.IJobScheduler, code=2 oneway=false
07-13 10:03:12.634 D/TaskSnapshot_Helper( 2459): app is not pre-defined.
07-13 10:03:12.634 D/MobileStatusTracker(5)( 2459): onSignalStrengthsChanged signalStrength=SignalStrength:{mCdma=CellSignalStrengthCdma: cdmaDbm=2147483647 cdmaEcio=2147483647 evdoDbm=2147483647 evdoEcio=2147483647 evdoSnr=2147483647 miuiLevel=0 mOptimizedLevel=0 level=0,mGsm=CellSignalStrengthGsm: rssi=2147483647 ber=2147483647 mTa=2147483647 miuiLevel=0 isNtnMode=false mLevel=0,mWcdma=CellSignalStrengthWcdma: ss=2147483647 ber=2147483647 rscp=2147483647 ecno=2147483647 miuiLevel=0 mOptimizedLevel=0 level=0,mTdscdma=CellSignalStrengthTdscdma: rssi=2147483647 ber=2147483647 rscp=2147483647 miuiLevel=0 mOptimizedLevel=0 level=0,mLte=CellSignalStrengthLte: rssi=-71 rsrp=-83 rsrq=-12 rssnr=19 cqiTableIndex=2147483647 cqi=0 ta=0 miuiLevel=5 mOptimizedLevel=0 level=4 parametersUseForLevel=0,mNr=CellSignalStrengthNr:{ csiRsrp = 2147483647 csiRsrq = 2147483647 csiCqiTableIndex = 2147483647 csiCqiReport = [] ssRsrp = 2147483647 ssRsrq = 2147483647 ssSinr = 2147483647 miuiLevel = 0 mOptimizedLevel = 0 level = 0 parametersUseForLevel = 0 timingAdvance = 2147483647 },primary=CellSignalStrengthLte,mNrAsPrimaryInNrNsa=false}
07-13 10:03:12.634 D/NetworkController.MobileSignalController(5)( 2459): update5GConnectState: false
07-13 10:03:12.634 D/NetworkController.MobileSignalController(5)( 2459): ss use aosp level not 0, 5
07-13 10:03:12.635 D/DisplayManagerService( 1813): Drop pending events for gone uid 10203
07-13 10:03:12.636 D/VRI[mobile]( 2459): hardware acceleration = true, forceHwAccelerated = false
07-13 10:03:12.637 D/TrafficManageService( 5491): onReceive: intent.action = com.android.server.action.NETWORK_STATS_UPDATED
07-13 10:03:12.642 W/libprocessgroup( 1813): SetCgroup::ExecuteForProcess: failed to open /dev/blkio//cgroup.procs: No such file or directory
07-13 10:03:12.643 W/MiPicks-ProcessObserverV10(21977): onProcessDied:pid = 2282,died-uid=1000
07-13 10:03:12.644 I/IPCThreadState( 4459): oneway function results for code 3 on binder at 0xb400007cb4ffdc20 will be dropped but finished with status UNKNOWN_TRANSACTION
07-13 10:03:12.644 I/MiuiNetworkPolicy( 1813): updateUidState uid = 10317, uidState = 8
07-13 10:03:12.644 I/MiuiNetworkPolicy( 1813): updateUidState uid = 10100, uidState = 8
07-13 10:03:12.644 E/SlowAppComponent( 3414): 0ms: IgPushRegistrationService instantiating…
07-13 10:03:12.644 E/ActivityManagerWrapper( 2470): getRecentTasks: size=9
07-13 10:03:12.644 E/ActivityManagerWrapper( 2470): getRecentTasks: mainTaskId=5366   userId=0   windowMode=1   baseIntent=Intent { act=null flag=268435456 cmp=ComponentInfo{com.skillsroom.mobile/com.skillsroom.mobile.MainActivity} }
07-13 10:03:12.644 E/ActivityManagerWrapper( 2470): getRecentTasks: mainTaskId=5341   userId=0   windowMode=1   baseIntent=Intent { act=android.intent.action.MAIN flag=270532608 cmp=ComponentInfo{com.whatsapp.w4b/com.whatsapp.Main} }
07-13 10:03:12.644 E/ActivityManagerWrapper( 2470): getRecentTasks: mainTaskId=5344   userId=0   windowMode=1   baseIntent=Intent { act=android.intent.action.MAIN flag=270532608 cmp=ComponentInfo{com.facebook.lite/com.facebook.lite.MainActivity} }
07-13 10:03:12.644 E/ActivityManagerWrapper( 2470): getRecentTasks: mainTaskId=5336   userId=0   windowMode=1   baseIntent=Intent { act=android.intent.action.MAIN flag=270532608 cmp=ComponentInfo{com.google.android.dialer/com.google.android.dialer.extensions.GoogleDialtactsActivity} }
07-13 10:03:12.644 E/ActivityManagerWrapper( 2470): getRecentTasks: mainTaskId=5335   userId=0   windowMode=1   baseIntent=Intent { act=android.intent.action.MAIN flag=270532608 cmp=ComponentInfo{com.shaiban.audioplayer.mplayer/com.shaiban.audioplayer.mplayer.app.navigation.NavigatingActivity} }
07-13 10:03:12.644 E/ActivityManagerWrapper( 2470): getRecentTasks: mainTaskId=5287   userId=0   windowMode=1   baseIntent=Intent { act=android.intent.action.MAIN flag=270532608 cmp=ComponentInfo{ng.mtn.nextgen/ng.mtn.nextgen.MainActivity} }
07-13 10:03:12.644 E/ActivityManagerWrapper( 2470): getRecentTasks: mainTaskId=5273   userId=0   windowMode=1   baseIntent=Intent { act=android.settings.APPLICATION_DEVELOPMENT_SETTINGS flag=268468224 cmp=ComponentInfo{com.android.settings/com.android.settings.Settings$DevelopmentSettingsDashboardActivity} }
07-13 10:03:12.644 E/ActivityManagerWrapper( 2470): getRecentTasks: mainTaskId=5246   userId=0   windowMode=1   baseIntent=Intent { act=android.intent.action.MAIN flag=270532608 cmp=ComponentInfo{cn.xender/cn.xender.ui.activity.SplashActivity} }
07-13 10:03:12.644 E/ActivityManagerWrapper( 2470): getRecentTasks: mainTaskId=5239   userId=0   windowMode=1   baseIntent=Intent { act=android.intent.action.MAIN flag=270532608 cmp=ComponentInfo{com.android.camera/com.android.camera.Camera} }
07-13 10:03:12.645 E/SlowAppComponent( 3414): Main thread was blocked for 21ms in the background starting with IgPushRegistrationService
07-13 10:03:12.647 D/C2MtkBufferManager( 1041): over 5000ms not request from VCodec but callback hooked, slow BM Cc fetch thread
07-13 10:03:12.648 E/BufferQueueDebug( 1133): [372f908 Splash Screen com.skillsroom.mobile#78708](this:0xb4000078559fda30,id:-1,api:0,p:-1,c:-1) id info cannot be read from '372f908 Splash Screen com.skillsroom.mobile#78708'
07-13 10:03:12.648 I/BufferQueueDebug( 1133): [372f908 Splash Screen com.skillsroom.mobile#78708](this:0xb4000078559fda30,id:-1,api:0,p:-1,c:-1) BufferQueue core=(1133:/system/bin/surfaceflinger)
07-13 10:03:12.652 D/TrafficManageService-TrafficSimManager( 5491): notifyByNetChange_time: return
07-13 10:03:12.653 D/Zygote  ( 1023): Forked child process 4243
07-13 10:03:12.653 W/ActivityManager( 1813): Slow operation: 52ms so far, now at startProcess: returned from zygote!
07-13 10:03:12.654 W/ActivityManager( 1813): Slow operation: 52ms so far, now at startProcess: done updating battery stats
07-13 10:03:12.655 W/ActivityManager( 1813): Slow operation: 53ms so far, now at startProcess: building log message
07-13 10:03:12.655 I/ActivityManager( 1813): Start proc 4243:com.skillsroom.mobile/u0a210 for next-top-activity {com.skillsroom.mobile/com.skillsroom.mobile.MainActivity} caller=com.android.shell
07-13 10:03:12.655 W/ActivityManager( 1813): Slow operation: 53ms so far, now at startProcess: starting to update pids map
07-13 10:03:12.655 W/ActivityManager( 1813): Slow operation: 54ms so far, now at startProcess: done updating pids map
07-13 10:03:12.668 D/C2MtkBufferManager( 1041): over 5000ms not request from VCodec but callback hooked, slow BM Cc fetch thread
07-13 10:03:12.670 I/BpBinder( 1133): onLastStrongRef automatically unlinking death recipients: 
07-13 10:03:12.677 D/RecentsModel( 2470): onTaskStackChangedBackground    MSG_TASK_STACK_CHANGE
07-13 10:03:12.677 D/RecentsModel( 2470): preloadRecents
07-13 10:03:12.677 W/RecentsModel( 2470): getRunningTask
07-13 10:03:12.681 W/RecentsModel( 2470): getRunningTask   taskInfo=TaskInfo{userId=0 taskId=5341 displayId=0 isRunning=true baseIntent=Intent { act=android.intent.action.MAIN cat=[android.intent.category.LAUNCHER] flg=0x10200000 cmp=com.whatsapp.w4b/com.whatsapp.Main } baseActivity=ComponentInfo{com.whatsapp.w4b/com.whatsapp.home.ui.HomeActivity} topActivity=ComponentInfo{com.whatsapp.w4b/com.whatsapp.Conversation} origActivity=null realActivity=ComponentInfo{com.whatsapp.w4b/com.whatsapp.Main} numActivities=2 lastActiveTime=694992336 supportsSplitScreenMultiWindow=true supportsMultiWindow=true resizeMode=1 isResizeable=true minWidth=-1 minHeight=-1 defaultMinSize=200 token=WCT{android.window.IWindowContainerToken$Stub$Proxy@d7dd9e9} topActivityType=1 pictureInPictureParams=null shouldDockBigOverlays=false launchIntoPipHostTaskId=-1 lastParentTaskIdBeforePip=-1 displayCutoutSafeInsets=Rect(0, 68 - 0, 0) topActivityInfo=ActivityInfo{a30f66e com.whatsapp.Conversation} launchCookies=[] positionInParent=Point(0, 0) parentTaskId=-1 isFocused=true isVisible=true isVisibleRequested=true isSleeping=false topActivityInSizeCompat=false topActivityEligibleForLetterboxEducation= false topActivityLetterboxed= false isFromDoubleTap= false topActivityLetterboxVerticalPosition= -1 topActivityLetterboxHorizontalPosition= -1 topActivityLetterboxWidth=-1 topActivityLetterboxHeight=-1 locusId=null displayAreaFeatureId=1 cameraCompatControlState=hidden mIsCastMode=false mTopActivityMediaSize=null mTopActivityRecordName=ActivityRecord{dfd941a u0 com.whatsapp.w4b/com.whatsapp.Conversation t5341} mTopActivityOrientation=-1 mTopActivityWindowIsNowVisible=true isTranslucent=false isEmbedded=false shouldBeVisible=true mBehindAppLockPkg=null mOriginatingUid=0}
07-13 10:03:12.681 W/RecentsModel( 2470): getTaskInfoIgnoreHomeAndFreeform   taskInfo=ComponentInfo{com.whatsapp.w4b/com.whatsapp.home.ui.HomeActivity}
07-13 10:03:12.682 E/ActivityManagerWrapper( 2470): get all recent tasks force including 5341
07-13 10:03:12.684 I/lowmemorykiller(  475): Kill 'com.google.android.cellbroadcastreceiver' (2714), uid 10249, oom_score_adj 945 to free 39156kB rss, 43140kB swap; reason: cw
07-13 10:03:12.686 E/ActivityManagerWrapper( 2470): getRecentTasks: size=9
07-13 10:03:12.686 E/ActivityManagerWrapper( 2470): getRecentTasks: mainTaskId=5366   userId=0   windowMode=1   baseIntent=Intent { act=null flag=268435456 cmp=ComponentInfo{com.skillsroom.mobile/com.skillsroom.mobile.MainActivity} }
07-13 10:03:12.686 E/ActivityManagerWrapper( 2470): getRecentTasks: mainTaskId=5341   userId=0   windowMode=1   baseIntent=Intent { act=android.intent.action.MAIN flag=270532608 cmp=ComponentInfo{com.whatsapp.w4b/com.whatsapp.Main} }
07-13 10:03:12.686 E/ActivityManagerWrapper( 2470): getRecentTasks: mainTaskId=5344   userId=0   windowMode=1   baseIntent=Intent { act=android.intent.action.MAIN flag=270532608 cmp=ComponentInfo{com.facebook.lite/com.facebook.lite.MainActivity} }
07-13 10:03:12.686 E/ActivityManagerWrapper( 2470): getRecentTasks: mainTaskId=5336   userId=0   windowMode=1   baseIntent=Intent { act=android.intent.action.MAIN flag=270532608 cmp=ComponentInfo{com.google.android.dialer/com.google.android.dialer.extensions.GoogleDialtactsActivity} }
07-13 10:03:12.686 E/ActivityManagerWrapper( 2470): getRecentTasks: mainTaskId=5335   userId=0   windowMode=1   baseIntent=Intent { act=android.intent.action.MAIN flag=270532608 cmp=ComponentInfo{com.shaiban.audioplayer.mplayer/com.shaiban.audioplayer.mplayer.app.navigation.NavigatingActivity} }
07-13 10:03:12.686 E/ActivityManagerWrapper( 2470): getRecentTasks: mainTaskId=5287   userId=0   windowMode=1   baseIntent=Intent { act=android.intent.action.MAIN flag=270532608 cmp=ComponentInfo{ng.mtn.nextgen/ng.mtn.nextgen.MainActivity} }
07-13 10:03:12.686 E/ActivityManagerWrapper( 2470): getRecentTasks: mainTaskId=5273   userId=0   windowMode=1   baseIntent=Intent { act=android.settings.APPLICATION_DEVELOPMENT_SETTINGS flag=268468224 cmp=ComponentInfo{com.android.settings/com.android.settings.Settings$DevelopmentSettingsDashboardActivity} }
07-13 10:03:12.686 E/ActivityManagerWrapper( 2470): getRecentTasks: mainTaskId=5246   userId=0   windowMode=1   baseIntent=Intent { act=android.intent.action.MAIN flag=270532608 cmp=ComponentInfo{cn.xender/cn.xender.ui.activity.SplashActivity} }
07-13 10:03:12.686 E/ActivityManagerWrapper( 2470): getRecentTasks: mainTaskId=5239   userId=0   windowMode=1   baseIntent=Intent { act=android.intent.action.MAIN flag=270532608 cmp=ComponentInfo{com.android.camera/com.android.camera.Camera} }
07-13 10:03:12.688 D/C2MtkBufferManager( 1041): over 5000ms not request from VCodec but callback hooked, slow BM Cc fetch thread
07-13 10:03:12.691 I/libprocessgroup( 1813): Successfully killed process cgroup uid 10249 pid 2714 in 6ms
07-13 10:03:12.691 D/ActivityManager( 1813): getProcessesInErrorState callingUid=10288, CallingPid=19459
07-13 10:03:12.698 E/Zygote  ( 4243): process_name_ptr:4243 com.skillsroom.mobile
07-13 10:03:12.706 I/Zygote  ( 1023): Process 2714 exited due to signal 9 (Killed)
07-13 10:03:12.706 I/ActivityManager( 1813): Process com.google.android.cellbroadcastreceiver (pid 2714) has died: cch+45 CEM 
07-13 10:03:12.707 E/ProcessManager( 1813): error write exception log
07-13 10:03:12.707 I/lowmemorykiller(  475): Kill 'com.miui.screenrecorder' (2352), uid 1000, oom_score_adj 945 to free 37168kB rss, 42388kB swap; reason: cw
07-13 10:03:12.707 W/MiPicks-ProcessObserverV10(21977): onProcessDied:pid = 2714,died-uid=10249
07-13 10:03:12.707 I/IPCThreadState( 4459): oneway function results for code 3 on binder at 0xb400007cb4ffdc20 will be dropped but finished with status UNKNOWN_TRANSACTION
07-13 10:03:12.708 D/C2MtkBufferManager( 1041): over 5000ms not request from VCodec but callback hooked, slow BM Cc fetch thread
07-13 10:03:12.709 I/libprocessgroup( 1813): Successfully killed process cgroup uid 10249 pid 2714 in 0ms
