07-13 10:03:13.373 D/C2MtkBufferManager( 1041): over 5000ms not request from VCodec but callback hooked, slow BM Cc fetch thread
07-13 10:03:13.378 I/ClipboardServiceI( 1813): checkProviderWakePathForClipboard: primaryClip is null
07-13 10:03:13.378 I/SmartPower: com.google.process.gservices/10157(2875)( 1813): idle->background(112471ms) R(content provider start ContentProviderRecord{ca1e5e7 u0 com.google.android.gsf/.gservices.GservicesProvider}) adj=935.
07-13 10:03:13.382 I/MiuiNetworkPolicy( 1813): updateUidState uid = 10317, uidState = 19
07-13 10:03:13.388 I/lowmemorykiller(  475): Kill 'com.google.android.apps.playconsole' (3284), uid 10424, oom_score_adj 935 to free 72068kB rss, 39988kB swap; reason: cw
07-13 10:03:13.388 I/Zygote  ( 1023): Process 2875 exited due to signal 9 (Killed)
07-13 10:03:13.389 I/libprocessgroup( 1813): Successfully killed process cgroup uid 10157 pid 2875 in 46ms
07-13 10:03:13.391 W/FirebaseRemoteConfig(21977): No value of type 'FirebaseRemoteConfigValue' exists for parameter key 'c_window_and_activity_config'.
07-13 10:03:13.394 D/C2MtkBufferManager( 1041): over 5000ms not request from VCodec but callback hooked, slow BM Cc fetch thread
07-13 10:03:13.395 I/ActivityManager( 1813): Process com.google.process.gservices (pid 2875) has died: cch+35 CEM 
07-13 10:03:13.398 W/JobScheduler( 1813): Job didn't exist in JobStore: 
07-13 10:03:13.399 E/ProcessManager( 1813): error write exception log
07-13 10:03:13.400 I/IPCThreadState( 4459): oneway function results for code 3 on binder at 0xb400007cb4ffdc20 will be dropped but finished with status UNKNOWN_TRANSACTION
07-13 10:03:13.401 I/mtkpower_client( 1813): [Legacy][PowerHal_Wrap_notifyAppState] com.google.android.gsf/com.google.android.gsf pid=2875 state:3
07-13 10:03:13.405 I/libPowerHal( 1059): [perfNotifyAppState] pack:com.google.android.gsf, act:com.google.android.gsf, state:3, pid:2875, uid:10157, fps:-1
07-13 10:03:13.405 I/libPowerHal( 1059): [perfNotifyAppState] pack:com.google.android.gsf, pid:2875, STATE_DEAD
07-13 10:03:13.405 D/RilUtility( 1059): notify_rild_crash_pid_set certPid:-1, crash:2875, scn:0x0
07-13 10:03:13.411 I/MMKV    (21977): <MMKV.cpp:1189::sync> MMKV::sync, SyncFlag = 1
07-13 10:03:13.412 D/CompatibilityChangeReporter( 1813): Compat change id reported: 253665015; UID 1000; state: ENABLED
07-13 10:03:13.412 D/CompatibilityChangeReporter( 1813): Compat change id reported: 253665015; UID 1000; state: DISABLED
07-13 10:03:13.414 D/C2MtkBufferManager( 1041): over 5000ms not request from VCodec but callback hooked, slow BM Cc fetch thread
07-13 10:03:13.416 D/CompatibilityChangeReporter( 1813): Compat change id reported: 194532703; UID 1000; state: ENABLED
07-13 10:03:13.433 I/MiuiNetworkPolicy( 1813): updateUidState uid = 10317, uidState = 11
07-13 10:03:13.434 W/JobScheduler( 1813): Job didn't exist in JobStore: 
07-13 10:03:13.434 I/libprocessgroup( 1813): Successfully killed process cgroup uid 10424 pid 3284 in 44ms
07-13 10:03:13.435 D/C2MtkBufferManager( 1041): over 5000ms not request from VCodec but callback hooked, slow BM Cc fetch thread
07-13 10:03:13.437 W/MiPicks-ProcessObserverV10(21977): onProcessDied:pid = 2875,died-uid=10157
07-13 10:03:13.440 W/JobScheduler( 1813): Job didn't exist in JobStore: 
07-13 10:03:13.453 I/ActivityThread( 3372): Removing dead content provider:android.content.ContentProviderProxy@63706ac
07-13 10:03:13.456 D/C2MtkBufferManager( 1041): over 5000ms not request from VCodec but callback hooked, slow BM Cc fetch thread
07-13 10:03:13.460 D/CompatibilityChangeReporter( 1813): Compat change id reported: 135634846; UID 10203; state: DISABLED
07-13 10:03:13.460 D/CompatibilityChangeReporter( 1813): Compat change id reported: 177438394; UID 10203; state: DISABLED
07-13 10:03:13.460 D/CompatibilityChangeReporter( 1813): Compat change id reported: 135772972; UID 10203; state: DISABLED
07-13 10:03:13.460 D/CompatibilityChangeReporter( 1813): Compat change id reported: 135754954; UID 10203; state: ENABLED
07-13 10:03:13.461 D/CompatibilityChangeReporter( 1813): Compat change id reported: 143937733; UID 10203; state: ENABLED
07-13 10:03:13.476 D/C2MtkBufferManager( 1041): over 5000ms not request from VCodec but callback hooked, slow BM Cc fetch thread
07-13 10:03:13.480 W/JobScheduler( 1813): Job didn't exist in JobStore: 
07-13 10:03:13.489 D/Zygote  ( 1023): Forked child process 4275
07-13 10:03:13.490 I/lowmemorykiller(  475): Kill 'com.google.process.gapps' (3430), uid 10157, oom_score_adj 935 to free 49556kB rss, 41108kB swap; reason: cw
07-13 10:03:13.495 I/ActivityManager( 1813): Start proc 4275:com.milink.service/u0a203 for service {com.milink.service/com.milink.ui.service.MiLinkTileService} caller=com.android.systemui
07-13 10:03:13.497 I/ActivityManager( 1813): Process com.google.android.apps.playconsole (pid 3284) has died: cch+35 CEM 
07-13 10:03:13.497 D/C2MtkBufferManager( 1041): over 5000ms not request from VCodec but callback hooked, slow BM Cc fetch thread
07-13 10:03:13.497 I/Zygote  ( 1023): Process 3284 exited due to signal 9 (Killed)
07-13 10:03:13.499 E/ProcessManager( 1813): error write exception log
07-13 10:03:13.499 I/SettingsProvider( 1813): refresh rate settings changed, name:miui_refresh_rate,value:60,pkg:com.miui.powerkeeper
07-13 10:03:13.500 W/MiPicks-ProcessObserverV10(21977): onProcessDied:pid = 3284,died-uid=10424
07-13 10:03:13.501 D/DisplayManagerService( 1813): Drop pending events for gone uid 10424
07-13 10:03:13.501 D/UidObserver( 7233): onUidGone entry uid = 10424
07-13 10:03:13.502 I/MiuiNetworkPolicy( 1813): removeUidState uid = 10424
07-13 10:03:13.505 I/IPCThreadState( 4459): oneway function results for code 3 on binder at 0xb400007cb4ffdc20 will be dropped but finished with status UNKNOWN_TRANSACTION
07-13 10:03:13.511 I/mtkpower_client( 1813): [Legacy][PowerHal_Wrap_notifyAppState] com.google.android.apps.playconsole/com.google.android.apps.playconsole pid=3284 state:3
07-13 10:03:13.511 I/libPowerHal( 1059): [perfNotifyAppState] pack:com.google.android.apps.playconsole, act:com.google.android.apps.playconsole, state:3, pid:3284, uid:10424, fps:-1
07-13 10:03:13.511 I/libPowerHal( 1059): [perfNotifyAppState] pack:com.google.android.apps.playconsole, pid:3284, STATE_DEAD
07-13 10:03:13.511 D/RilUtility( 1059): notify_rild_crash_pid_set certPid:-1, crash:3284, scn:0x0
07-13 10:03:13.517 D/C2MtkBufferManager( 1041): over 5000ms not request from VCodec but callback hooked, slow BM Cc fetch thread
07-13 10:03:13.519 I/geve    (10100): (REDACTED) Starting batch sync for corpora: %s
07-13 10:03:13.522 V/ClearcutMetricXmitter( 3372): Transmission is done.
07-13 10:03:13.529 I/libprocessgroup( 1813): Successfully killed process cgroup uid 10157 pid 2875 in 0ms
07-13 10:03:13.530 I/libprocessgroup( 1813): Successfully killed process cgroup uid 10424 pid 3284 in 0ms
07-13 10:03:13.532 I/MiuiNetworkPolicy( 1813): updateUidState uid = 10203, uidState = 19
07-13 10:03:13.532 E/Zygote  ( 4275): process_name_ptr:4275 com.milink.service
07-13 10:03:13.535 W/geve    (10100): Upload permissions denied for Corpus PRIVACY_SETTINGS
07-13 10:03:13.536 W/geve    (10100): Upload permissions denied for Corpus GELLER_CONFIG
07-13 10:03:13.537 W/geve    (10100): Upload permissions denied for Corpus HULK_ONDEVICE_PERSONALIZATION
07-13 10:03:13.538 D/C2MtkBufferManager( 1041): over 5000ms not request from VCodec but callback hooked, slow BM Cc fetch thread
07-13 10:03:13.544 I/libprocessgroup( 1813): Successfully killed process cgroup uid 10157 pid 3430 in 0ms
07-13 10:03:13.546 D/CompatibilityChangeReporter( 1813): Compat change id reported: 161145287; UID 1000; state: ENABLED
07-13 10:03:13.549 D/CompatibilityChangeReporter( 1813): Compat change id reported: 161145287; UID 1000; state: DISABLED
07-13 10:03:13.559 D/C2MtkBufferManager( 1041): over 5000ms not request from VCodec but callback hooked, slow BM Cc fetch thread
07-13 10:03:13.567 I/Zygote  ( 1023): Process 3430 exited due to signal 9 (Killed)
07-13 10:03:13.571 I/ActivityManager( 1813): Process com.google.process.gapps (pid 3430) has died: cch+25 CEM 
07-13 10:03:13.573 E/ProcessManager( 1813): error write exception log
07-13 10:03:13.575 I/.milink.service( 4275): Using generational CollectorTypeCC GC.
07-13 10:03:13.577 W/MiPicks-ProcessObserverV10(21977): onProcessDied:pid = 3430,died-uid=10157
07-13 10:03:13.578 I/IPCThreadState( 4459): oneway function results for code 3 on binder at 0xb400007cb4ffdc20 will be dropped but finished with status UNKNOWN_TRANSACTION
07-13 10:03:13.579 D/C2MtkBufferManager( 1041): over 5000ms not request from VCodec but callback hooked, slow BM Cc fetch thread
07-13 10:03:13.579 I/libprocessgroup( 1813): Successfully killed process cgroup uid 10157 pid 3430 in 0ms
07-13 10:03:13.580 I/mtkpower_client( 1813): [Legacy][PowerHal_Wrap_notifyAppState] com.google.android.gsf/com.google.android.gsf pid=3430 state:3
07-13 10:03:13.582 I/libPowerHal( 1059): [perfNotifyAppState] pack:com.google.android.gsf, act:com.google.android.gsf, state:3, pid:3430, uid:10157, fps:-1
07-13 10:03:13.582 I/libPowerHal( 1059): [perfNotifyAppState] pack:com.google.android.gsf, pid:3430, STATE_DEAD
07-13 10:03:13.582 D/RilUtility( 1059): notify_rild_crash_pid_set certPid:-1, crash:3430, scn:0x0
07-13 10:03:13.600 W/Settings( 2457): Setting airplane_mode_on has moved from android.provider.Settings.System to android.provider.Settings.Global, returning read-only value.
07-13 10:03:13.601 W/JobScheduler( 1813): Job didn't exist in JobStore: 
07-13 10:03:13.604 D/C2MtkBufferManager( 1041): over 5000ms not request from VCodec but callback hooked, slow BM Cc fetch thread
07-13 10:03:13.607 D/MobileStatusTracker(1)( 2459): onSignalStrengthsChanged signalStrength=SignalStrength:{mCdma=CellSignalStrengthCdma: cdmaDbm=2147483647 cdmaEcio=2147483647 evdoDbm=2147483647 evdoEcio=2147483647 evdoSnr=2147483647 miuiLevel=0 mOptimizedLevel=0 level=0,mGsm=CellSignalStrengthGsm: rssi=2147483647 ber=2147483647 mTa=2147483647 miuiLevel=0 isNtnMode=false mLevel=0,mWcdma=CellSignalStrengthWcdma: ss=2147483647 ber=2147483647 rscp=2147483647 ecno=2147483647 miuiLevel=0 mOptimizedLevel=0 level=0,mTdscdma=CellSignalStrengthTdscdma: rssi=2147483647 ber=2147483647 rscp=2147483647 miuiLevel=0 mOptimizedLevel=0 level=0,mLte=CellSignalStrengthLte: rssi=-91 rsrp=-102 rsrq=-13 rssnr=12 cqiTableIndex=2147483647 cqi=0 ta=0 miuiLevel=4 mOptimizedLevel=0 level=3 parametersUseForLevel=0,mNr=CellSignalStrengthNr:{ csiRsrp = 2147483647 csiRsrq = 2147483647 csiCqiTableIndex = 2147483647 csiCqiReport = [] ssRsrp = 2147483647 ssRsrq = 2147483647 ssSinr = 2147483647 miuiLevel = 0 mOptimizedLevel = 0 level = 0 parametersUseForLevel = 0 timingAdvance = 2147483647 },primary=CellSignalStrengthLte,mNrAsPrimaryInNrNsa=false}
07-13 10:03:13.608 D/NetworkController.MobileSignalController(1)( 2459): update5GConnectState: false
07-13 10:03:13.608 D/NetworkController.MobileSignalController(1)( 2459): ss use aosp level not 0, 4
07-13 10:03:13.608 I/geyw    (10100): (REDACTED) Setting isLegacySQLite mode to %s.
07-13 10:03:13.617 D/nativeloader( 4275): Load libframework-connectivity-tiramisu-jni.so using APEX ns com_android_tethering for caller /apex/com.android.tethering/javalib/framework-connectivity-t.jar: ok
07-13 10:03:13.626 D/C2MtkBufferManager( 1041): over 5000ms not request from VCodec but callback hooked, slow BM Cc fetch thread
07-13 10:03:13.632 I/MessageMonitor( 4275): Load libmiui_runtime
07-13 10:03:13.645 D/SymlinkUtils( 1813): attachApplication file op go pass: 1 ms
07-13 10:03:13.645 I/SmartPower: com.milink.service/10203(4275)( 1813): died->background(1208ms) R(process start ) adj=-10000.
07-13 10:03:13.647 D/C2MtkBufferManager( 1041): over 5000ms not request from VCodec but callback hooked, slow BM Cc fetch thread
07-13 10:03:13.654 D/CompatibilityChangeReporter( 1813): Compat change id reported: 168419799; UID 10203; state: DISABLED
07-13 10:03:13.654 D/CompatibilityChangeReporter( 1813): Compat change id reported: 273564678; UID 10203; state: DISABLED
07-13 10:03:13.655 I/geve    (10100): (REDACTED) The syncToken for corpus %s is %s and the syncRequestReason is %s
07-13 10:03:13.656 I/geve    (10100): (REDACTED) The syncToken for corpus %s is %s and the syncRequestReason is %s
07-13 10:03:13.658 I/MiuiNetworkPolicy( 1813): updateUidState uid = 10203, uidState = 10
07-13 10:03:13.665 I/geve    (10100): (REDACTED) The syncToken for corpus %s is %s and the syncRequestReason is %s
07-13 10:03:13.667 D/C2MtkBufferManager( 1041): over 5000ms not request from VCodec but callback hooked, slow BM Cc fetch thread
07-13 10:03:13.678 D/CompatibilityChangeReporter( 4275): Compat change id reported: 171979766; UID 10203; state: ENABLED
07-13 10:03:13.678 D/CompatibilityChangeReporter( 4275): Compat change id reported: 242716250; UID 10203; state: DISABLED
07-13 10:03:13.688 D/C2MtkBufferManager( 1041): over 5000ms not request from VCodec but callback hooked, slow BM Cc fetch thread
07-13 10:03:13.691 D/CompatibilityChangeReporter( 1813): Compat change id reported: 170503758; UID 10203; state: ENABLED
07-13 10:03:13.697 D/ActivityManager( 1813): getProcessesInErrorState callingUid=10288, CallingPid=19459
07-13 10:03:13.708 D/C2MtkBufferManager( 1041): over 5000ms not request from VCodec but callback hooked, slow BM Cc fetch thread
07-13 10:03:13.708 I/iui.powerkeeper( 7233): Background young concurrent copying GC freed 2738KB AllocSpace bytes, 154(3080KB) LOS objects, 45% free, 6744KB/12MB, paused 199us,134us total 106.628ms
07-13 10:03:13.728 D/C2MtkBufferManager( 1041): over 5000ms not request from VCodec but callback hooked, slow BM Cc fetch thread
07-13 10:03:13.731 D/BufferPoolAccessor2.0( 1404): evictor expired: 1, evicted: 0
07-13 10:03:13.734 I/ClipboardServiceI( 1813): checkProviderWakePathForClipboard: primaryClip is null
07-13 10:03:13.745 D/CompatibilityChangeReporter( 1813): Compat change id reported: 135634846; UID 10265; state: DISABLED
07-13 10:03:13.745 D/CompatibilityChangeReporter( 1813): Compat change id reported: 177438394; UID 10265; state: DISABLED
07-13 10:03:13.745 D/CompatibilityChangeReporter( 1813): Compat change id reported: 135772972; UID 10265; state: DISABLED
07-13 10:03:13.746 D/CompatibilityChangeReporter( 1813): Compat change id reported: 135754954; UID 10265; state: ENABLED
07-13 10:03:13.747 D/CompatibilityChangeReporter( 1813): Compat change id reported: 143937733; UID 10265; state: ENABLED
07-13 10:03:13.749 D/C2MtkBufferManager( 1041): over 5000ms not request from VCodec but callback hooked, slow BM Cc fetch thread
07-13 10:03:13.761 I/thermal_repeater( 1331): [recvMdThermalInfo] ret=24, strLen=127,  3, 43, 4, 196, 32767, 0
07-13 10:03:13.763 I/ClipboardServiceI( 1813): checkProviderWakePathForClipboard: primaryClip is null
07-13 10:03:13.764 W/libprocessgroup( 1813): SetCgroup::ExecuteForProcess: failed to open /dev/blkio//cgroup.procs: No such file or directory
07-13 10:03:13.765 I/SmartPower: android.process.acore/10078(16169)( 1813): idle->background(7538ms) R(content provider start ContentProviderRecord{7f1a4a9 u0 com.android.providers.contacts/.ContactsProvider2}) adj=100.
07-13 10:03:13.766 I/MiuiNetworkPolicy( 1813): updateUidState uid = 10078, uidState = 5
07-13 10:03:13.769 D/Zygote  ( 1023): Forked child process 4293
07-13 10:03:13.769 I/lowmemorykiller(  475): Kill 'com.google.android.apps.turbo:aab' (3373), uid 10171, oom_score_adj 925 to free 56856kB rss, 40312kB swap; reason: cw
07-13 10:03:13.773 D/C2MtkBufferManager( 1041): over 5000ms not request from VCodec but callback hooked, slow BM Cc fetch thread
07-13 10:03:13.774 I/ActivityManager( 1813): Start proc 4293:com.facebook.katana/u0a265 for content provider {com.facebook.katana/com.facebook.katana.liteprovider.usdid.UsdidValuesProvider} caller=com.instagram.android
07-13 10:03:13.779 D/nativeloader( 4275): InitLlndkLibrariesProduct: libEGL.so:libGLESv1_CM.so:libGLESv2.so:libGLESv3.so:libRS.so:libandroid_net.so:libbinder_ndk.so:libc.so:libcgrouprc.so:libclang_rt.asan-aarch64-android.so:libclang_rt.asan-arm-android.so:libclang_rt.hwasan-aarch64-android.so:libcom.android.tethering.connectivity_native.so:libdl.so:libft2.so:liblog.so:libm.so:libmediandk.so:libnativewindow.so:libneuralnetworks.so:libselinux.so:libsync.so:libvndksupport.so:libvulkan.so
07-13 10:03:13.780 D/nativeloader( 4275): Configuring product-clns-4 for unbundled product apk /product/app/MiLinkGlobal/MiLinkGlobal.apk. target_sdk_version=33, uses_libraries=, library_path=/product/app/MiLinkGlobal/lib/arm64:/product/app/MiLinkGlobal/MiLinkGlobal.apk!/lib/arm64-v8a:/product/lib64:/system/product/lib64, permitted_path=/data:/mnt/expand:/data/user/0/com.milink.service:/product/lib64:/system/product/lib64
07-13 10:03:13.787 D/nativeloader( 4275): InitVndkspLibrariesProduct: android.hardware.common-V2-ndk.so:android.hardware.common.fmq-V1-ndk.so:android.hardware.graphics.allocator-V2-ndk.so:android.hardware.graphics.common-V4-ndk.so:android.hardware.graphics.common@1.0.so:android.hardware.graphics.common@1.1.so:android.hardware.graphics.common@1.2.so:android.hardware.graphics.composer3-V1-ndk.so:android.hardware.graphics.mapper@2.0.so:android.hardware.graphics.mapper@2.1.so:android.hardware.graphics.mapper@3.0.so:android.hardware.graphics.mapper@4.0.so:android.hardware.renderscript@1.0.so:android.hidl.memory.token@1.0.so:android.hidl.memory@1.0-impl.so:android.hidl.memory@1.0.so:android.hidl.safe_union@1.0.so:libRSCpuRef.so:libRSDriver.so:libRS_internal.so:libbase.so:libbcinfo.so:libblas.so:libc++.so:libcompiler_rt.so:libcutils.so:libdmabufheap.so:libgralloctypes.so:libhardware.so:libhidlbase.so:libhidlmemory.so:libion.so:libjsoncpp.so:liblzma.so:libprocessgroup.so:libunwindstack.so:libutils.so:libutilscallstack.so:libz.so
07-13 10:03:13.788 D/CompatibilityChangeReporter( 1813): Compat change id reported: 218533173; UID 10210; state: ENABLED
07-13 10:03:13.783 W/ThermalCollecto( 7233): type=1400 audit(0.0:610365): avc:  denied  { read } for  name="charge_counter" dev="sysfs" ino=36942 scontext=u:r:system_app:s0 tcontext=u:object_r:sysfs_batteryinfo:s0 tclass=file permissive=0
07-13 10:03:13.788 E/ThermalInfoUtils( 7233): getCurrentCapacity Exceptionjava.io.FileNotFoundException: /sys/class/power_supply/battery/charge_counter: open failed: EACCES (Permission denied)
07-13 10:03:13.789 D/CompatibilityChangeReporter( 1813): Compat change id reported: 262645982; UID 10210; state: ENABLED
07-13 10:03:13.793 D/C2MtkBufferManager( 1041): over 5000ms not request from VCodec but callback hooked, slow BM Cc fetch thread
07-13 10:03:13.794 D/ActivityManager( 1813): getProcessesInErrorState callingUid=10279, CallingPid=443
07-13 10:03:13.795 D/CompatibilityChangeReporter( 1813): Compat change id reported: 265195908; UID 10203; state: ENABLED
07-13 10:03:13.797 I/FSA2_GmsContactsSyncAdapter( 8414): @onPerformSync
07-13 10:03:13.798 E/Zygote  ( 4293): process_name_ptr:4293 com.facebook.katana
07-13 10:03:13.800 I/libprocessgroup( 1813): Successfully killed process cgroup uid 10171 pid 3373 in 24ms
07-13 10:03:13.814 D/C2MtkBufferManager( 1041): over 5000ms not request from VCodec but callback hooked, slow BM Cc fetch thread
07-13 10:03:13.817 D/connsyslogger( 1516): SD_LOG_ROOT is /data/debuglogger/connsyslog/fw.
07-13 10:03:13.817 D/connsyslogger( 1516): systemReady:1
07-13 10:03:13.819 D/SoScUtils( 2459): monitorTransitionFinished transition:android.os.BinderProxy@ec500fd transaction: android.view.SurfaceControl$Transaction@968520 mRequestCloseTransition:null mRequestOpenTransition:null mStartTransition:null mRequestOpenTriggerTask:-1 mRequestCloseTriggerTask:-1 mOrientationTransition: null mMainStartingTask:-1 mSideStartingTask:-1
07-13 10:03:13.820 I/facebook.katana( 4293): Using generational CollectorTypeCC GC.
07-13 10:03:13.833 D/MI-SF   ( 1133): updateScene: module = 268 (Unknown), value = 0, pkg = perf_interaction
07-13 10:03:13.834 I/DisplayModeDirectorImpl( 1813): onDesiredDisplayModeSpecsChanged:baseModeId=2 allowGroupSwitching=false primary=physical: (0.0 Infinity) render:  (0.0 60.0) appRequest=physical: (0.0 Infinity) render:  (0.0 60.0) noVotes=false
07-13 10:03:13.837 D/C2MtkBufferManager( 1041): over 5000ms not request from VCodec but callback hooked, slow BM Cc fetch thread
07-13 10:03:13.839 D/nativeloader( 4293): Load libframework-connectivity-tiramisu-jni.so using APEX ns com_android_tethering for caller /apex/com.android.tethering/javalib/framework-connectivity-t.jar: ok
07-13 10:03:13.840 I/MI-SF   ( 1133): surfaceflinger setAffinity mode=0
07-13 10:03:13.845 D/MiuiFullScreenTaskRepository( 2459): addOrUpdateFullScreenTaskInfo taskId=5341, topActivity=ComponentInfo{com.whatsapp.w4b/com.whatsapp.Conversation}
07-13 10:03:13.847 I/BufferQueueDebug( 1133): [Transition Root: Task=5366#78710](this:0xb40000786c9f0a30,id:-1,api:0,p:-1,c:1133) onDestructor()
07-13 10:03:13.851 D/PowerCheckerService( 7233): onBatteryChanged, mBatteryLevel = 81, status = 2, level = 81, plug = 2, scale = 100
07-13 10:03:13.851 D/PowerKeeper.FrozenApp( 7233): onBatteryChanged plug=true mBatteryPlugged=2
07-13 10:03:13.852 I/PowerSaveService( 5491): onReceive: android.intent.action.BATTERY_CHANGED
07-13 10:03:13.854 D/SurfaceFlinger( 1133): setDesiredDisplayModeSpecs: defaultMode：1 primaryRangesMin:0.000000 primaryRangesMax:60.000000appRequestRangesMin:0.000000 appRequestRangesMax:60.000000
07-13 10:03:13.854 I/RefreshRateSelector( 1133): Display 0 policy changed
07-13 10:03:13.854 I/RefreshRateSelector( 1133): Previous: {defaultModeId=1, allowGroupSwitching=false, primaryRanges={physical=[0.00 Hz, inf Hz], render=[0.00 Hz, 90.00 Hz]}, appRequestRanges={physical=[0.00 Hz, inf Hz], render=[0.00 Hz, 90.00 Hz]}}
07-13 10:03:13.854 I/RefreshRateSelector( 1133): Current:  DisplayManagerPolicy{defaultModeId=1, allowGroupSwitching=false, primaryRanges={physical=[0.00 Hz, inf Hz], render=[0.00 Hz, 60.00 Hz]}, appRequestRanges={physical=[0.00 Hz, inf Hz], render=[0.00 Hz, 60.00 Hz]}}
07-13 10:03:13.854 I/RefreshRateSelector( 1133): 0 mode changes were performed under the previous policy
07-13 10:03:13.855 D/SurfaceFlinger( 1133): MtkOverrideDuration: update vsync 60
07-13 10:03:13.855 E/SurfaceFlinger( 1133): MtkDuration override mode is disabled
07-13 10:03:13.855 D/SurfaceFlinger( 1133): MtkOverrideDuration: reset override duration
07-13 10:03:13.855 D/PowerKeeper.Thermal( 7233): mBatteryTemperature: 37
07-13 10:03:13.858 D/C2MtkBufferManager( 1041): over 5000ms not request from VCodec but callback hooked, slow BM Cc fetch thread
07-13 10:03:13.858 I/BufferQueueDebug( 1133): [aa80b2f ActivityRecordInputSink com.whatsapp.w4b/com.whatsapp.Conversation#78699](this:0xb40000785b58ba30,id:-1,api:0,p:-1,c:1133) onDestructor()
07-13 10:03:13.859 I/hwcomposer( 1039): [HWC] (0) displaySetActiveConfig config:0  
07-13 10:03:13.859 D/UiModeManager( 1813): updateConfigurationLocked: mDockState=0; mCarMode=false; mCar=false; mPowerSave=false; mComputedNightMode=false; mNightMode=0; uiMode=28
07-13 10:03:13.860 I/MessageMonitor( 4293): Load libmiui_runtime
07-13 10:03:13.865 I/ActivityManager( 1813): Process com.google.android.apps.turbo:aab (pid 3373) has died: cch+25 CEM 
07-13 10:03:13.866 I/Zygote  ( 1023): Process 3373 exited due to signal 9 (Killed)
07-13 10:03:13.867 I/libprocessgroup( 1813): Successfully killed process cgroup uid 10171 pid 3373 in 0ms
07-13 10:03:13.867 I/lowmemorykiller(  475): Kill 'com.android.chrome' (3475), uid 10179, oom_score_adj 915 to free 68468kB rss, 39980kB swap; reason: cw
07-13 10:03:13.869 I/system_server( 1813): Background young concurrent copying GC freed 17MB AllocSpace bytes, 41(800KB) LOS objects, 9% free, 139MB/154MB, paused 2.867ms,798us total 477.194ms
07-13 10:03:13.870 E/ProcessManager( 1813): error write exception log
07-13 10:03:13.873 I/libPowerHal( 1059): [perfNotifyAppState] pack:com.google.android.apps.turbo, act:com.google.android.apps.turbo, state:3, pid:3373, uid:10171, fps:-1
07-13 10:03:13.873 I/libPowerHal( 1059): [perfNotifyAppState] pack:com.google.android.apps.turbo, pid:3373, STATE_DEAD
07-13 10:03:13.873 D/RilUtility( 1059): notify_rild_crash_pid_set certPid:-1, crash:3373, scn:0x0
07-13 10:03:13.875 I/libprocessgroup( 1813): Successfully killed process cgroup uid 10179 pid 3475 in 5ms
07-13 10:03:13.875 D/SymlinkUtils( 1813): attachApplication file op go pass: 4 ms
07-13 10:03:13.875 E/system_server( 1813): == MALI DEBUG ===eglp_winsys_populate_image_templates ==12288
07-13 10:03:13.875 I/mtkpower_client( 1813): [Legacy][PowerHal_Wrap_notifyAppState] com.google.android.apps.turbo/com.google.android.apps.turbo pid=3373 state:3
07-13 10:03:13.876 I/PowerNoticeUI( 5491): handleBatteryChanged oldPlugType 2 mPlugType 2 oldBatteryLevel 81 mBatteryLevel 81 temperature 376
07-13 10:03:13.878 W/System  ( 1813): A resource failed to call release. 
07-13 10:03:13.878 D/C2MtkBufferManager( 1041): over 5000ms not request from VCodec but callback hooked, slow BM Cc fetch thread
07-13 10:03:13.878 I/ChargerBatteryIntelligenceReceiver( 5491): onBatteryChanged temperature：37,plugType:2
07-13 10:03:13.880 I/GED     ( 1813): ged_boost_gpu_freq, level 100, eOrigin 2, final_idx 31, oppidx_max 31, oppidx_min 0
07-13 10:03:13.884 I/SmartPower: com.facebook.katana/10265(4293)( 1813): died->background(940ms) R(process start ) adj=-10000.
07-13 10:03:13.889 I/GED     (26385): ged_boost_gpu_freq, level 100, eOrigin 2, final_idx 31, oppidx_max 31, oppidx_min 0
07-13 10:03:13.890 D/CompatibilityChangeReporter( 1813): Compat change id reported: 168419799; UID 10265; state: DISABLED
07-13 10:03:13.891 D/CompatibilityChangeReporter( 1813): Compat change id reported: 273564678; UID 10265; state: DISABLED
07-13 10:03:13.892 I/DisplayDeviceRepository( 1813): Display device changed: DisplayDeviceInfo{"Built-in Screen": uniqueId="local:0", 720 x 1600, modeId 1, renderFrameRate 60.0, defaultModeId 2, supportedModes [{id=1, width=720, height=1600, fps=60.0, alternativeRefreshRates=[90.0], supportedHdrTypes=[]}, {id=2, width=720, height=1600, fps=90.0, alternativeRefreshRates=[60.0], supportedHdrTypes=[]}], colorMode 0, supportedColorModes [0], hdrCapabilities HdrCapabilities{mSupportedHdrTypes=[], mMaxLuminance=500.0, mMaxAverageLuminance=500.0, mMinLuminance=0.0}, allmSupported false, gameContentTypeSupported false, density 320, 260.105 x 260.112 dpi, appVsyncOff 5400001, presDeadline 28600000, cutout DisplayCutout{insets=Rect(0, 68 - 0, 0) waterfall=Insets{left=0, top=0, right=0, bottom=0} boundingRect={Bounds=[Rect(0, 0 - 0, 0), Rect(320, 0 - 400, 68), Rect(0, 0 - 0, 0), Rect(0, 0 - 0, 0)]} cutoutPathParserInfo={CutoutPathParserInfo{displayWidth=720 displayHeight=1600 physicalDisplayWidth=720 physicalDisplayHeight=1600 density={2.0} cutoutSpec={M 0,0 H -40 V 68 H 40 V 0 H 0 Z} rotation={0} scale={1.0} physicalPixelDisplaySizeRatio={1.0}}}}, touch INTERNAL, rotation 0, type INTERNAL, address {port=0}, deviceProductInfo null, state ON, committedState ON, frameRateOverride , brightnessMinimum 0.0, brightnessMaximum 1.0, brightnessDefault 0.14956012, hdrSdrRatio NaN, roundedCorners RoundedCorners{[RoundedCorner{position=TopLeft, radius=66, center=Point(66, 66)}, RoundedCorner{position=TopRight, radius=66, center=Point(654, 66)}, RoundedCorner{position=BottomRight, radius=66, center=Point(654, 1534)}, RoundedCorner{position=BottomLeft, radius=66, center=Point(66, 1534)}]}, FLAG_ALLOWED_TO_BE_DEFAULT_DISPLAY, FLAG_ROTATES_WITH_CONTENT, FLAG_SECURE, FLAG_SUPPORTS_PROTECTED_BUFFERS, FLAG_TRUSTED, installOrientation 0, displayShape DisplayShape{ spec=2134893525 displayWidth=720 displayHeight=1600 physicalPixelDisplaySizeRatio=1.0 rotation=0 offsetX=0 offsetY=0 scale=1.0}}
07-13 10:03:13.898 D/CompatibilityChangeReporter( 1813): Compat change id reported: 265195908; UID 10265; state: ENABLED
07-13 10:03:13.898 W/MiPicks-ProcessObserverV10(21977): onProcessDied:pid = 3373,died-uid=10171
07-13 10:03:13.899 D/C2MtkBufferManager( 1041): over 5000ms not request from VCodec but callback hooked, slow BM Cc fetch thread
07-13 10:03:13.900 D/UidObserver( 7233): onUidGone entry uid = 10171
07-13 10:03:13.905 I/libPerfCtl( 1059): xgfGetFPS pid:2459 fps:30
07-13 10:03:13.905 I/libPerfCtl( 1059): xgfGetFPS pid:26385 fps:47
07-13 10:03:13.912 I/SmartPower: com.whatsapp.w4b/10281(26385)( 1813): visible->invisible(244726ms) R(become invisible) adj=200.
07-13 10:03:13.912 I/SmartPower: com.whatsapp.w4b/10281(26385)( 1813): invisible->background(1ms) R(become background) adj=200.
07-13 10:03:13.919 I/IPCThreadState( 4459): oneway function results for code 3 on binder at 0xb400007cb4ffdc20 will be dropped but finished with status UNKNOWN_TRANSACTION
07-13 10:03:13.919 D/C2MtkBufferManager( 1041): over 5000ms not request from VCodec but callback hooked, slow BM Cc fetch thread
07-13 10:03:13.921 D/DisplayManagerService( 1813): Drop pending events for gone uid 10171
07-13 10:03:13.921 D/CompatibilityChangeReporter( 4293): Compat change id reported: 171979766; UID 10265; state: ENABLED
07-13 10:03:13.922 D/CompatibilityChangeReporter( 4293): Compat change id reported: 242716250; UID 10265; state: ENABLED
07-13 10:03:13.923 D/BLASTBufferQueue(26385): [VRI[Conversation]#5](f:0,a:1) destructor()
07-13 10:03:13.924 I/BpBinder( 1133): onLastStrongRef automatically unlinking death recipients: 
07-13 10:03:13.926 D/BufferQueueConsumer(26385): [VRI[Conversation]#5(BLAST Consumer)5](id:671100000007,api:0,p:-1,c:26385) disconnect
07-13 10:03:13.927 I/MiuiNetworkPolicy( 1813): removeUidState uid = 10171
07-13 10:03:13.927 I/MiuiNetworkPolicy( 1813): updateUidState uid = 10265, uidState = 19
07-13 10:03:13.927 I/MiuiNetworkPolicy( 1813): updateUidState uid = 10265, uidState = 11
07-13 10:03:13.940 D/C2MtkBufferManager( 1041): over 5000ms not request from VCodec but callback hooked, slow BM Cc fetch thread
07-13 10:03:13.941 I/BtGatt.ScanManager(29492): msg.what = MSG_SCREEN_ON, msg.arg1 = None
07-13 10:03:13.944 V/AutoDensityController( 2459): on display changed 0 context dpi:296 origin dpi:320 target dpi:296
07-13 10:03:13.944 D/nativeloader( 4275): Load libframework-connectivity-jni.so using APEX ns com_android_tethering for caller /apex/com.android.tethering/javalib/framework-connectivity.jar: ok
07-13 10:03:13.947 I/ActivityManager( 1813): Process com.android.chrome (pid 3475) has died: cch+15 CEM 
07-13 10:03:13.948 E/ProcessManager( 1813): error write exception log
07-13 10:03:13.949 I/Zygote  ( 1023): Process 3475 exited due to signal 9 (Killed)
07-13 10:03:13.949 I/libprocessgroup( 1813): Successfully killed process cgroup uid 10179 pid 3475 in 0ms
07-13 10:03:13.951 D/CompatibilityChangeReporter( 1813): Compat change id reported: 170503758; UID 10265; state: ENABLED
07-13 10:03:13.953 I/IPCThreadState( 4459): oneway function results for code 3 on binder at 0xb400007cb4ffdc20 will be dropped but finished with status UNKNOWN_TRANSACTION
07-13 10:03:13.953 W/MiPicks-ProcessObserverV10(21977): onProcessDied:pid = 3475,died-uid=10179
07-13 10:03:13.955 D/DisplayManagerService( 1813): Drop pending events for gone uid 10179
07-13 10:03:13.955 I/MiuiNetworkPolicy( 1813): removeUidState uid = 10179
07-13 10:03:13.958 D/UidObserver( 7233): onUidGone entry uid = 10179
07-13 10:03:13.962 D/C2MtkBufferManager( 1041): over 5000ms not request from VCodec but callback hooked, slow BM Cc fetch thread
07-13 10:03:13.965 V/GraphicsEnvironment( 4275): Currently set values for:
07-13 10:03:13.965 V/GraphicsEnvironment( 4275):   angle_gl_driver_selection_pkgs=[]
07-13 10:03:13.965 V/GraphicsEnvironment( 4275):   angle_gl_driver_selection_values=[]
07-13 10:03:13.966 V/GraphicsEnvironment( 4275): ANGLE GameManagerService for com.milink.service: false
07-13 10:03:13.966 V/GraphicsEnvironment( 4275): com.milink.service is not listed in per-application setting
07-13 10:03:13.966 V/GraphicsEnvironment( 4275): Neither updatable production driver nor prerelease driver is supported.
07-13 10:03:13.970 I/mtkpower_client( 1813): [Legacy][PowerHal_Wrap_notifyAppState] com.android.chrome/com.android.chrome pid=3475 state:3
07-13 10:03:13.970 I/libPowerHal( 1059): [perfNotifyAppState] pack:com.android.chrome, act:com.android.chrome, state:3, pid:3475, uid:10179, fps:-1
07-13 10:03:13.970 I/libPowerHal( 1059): [perfNotifyAppState] pack:com.android.chrome, pid:3475, STATE_DEAD
07-13 10:03:13.970 D/RilUtility( 1059): notify_rild_crash_pid_set certPid:-1, crash:3475, scn:0x0
07-13 10:03:13.975 W/Launcher( 2470): onDisplayChanged: newRotation=0, mCurrentRotation=0
07-13 10:03:13.981 I/ForceDarkHelperStubImpl( 4275): initialize for com.milink.service , ForceDarkOrigin
07-13 10:03:13.982 D/C2MtkBufferManager( 1041): over 5000ms not request from VCodec but callback hooked, slow BM Cc fetch thread
07-13 10:03:13.985 W/FSA2_ContactsSyncAdapter( 8414): @onPerformSync Sync started
07-13 10:03:14.003 D/C2MtkBufferManager( 1041): over 5000ms not request from VCodec but callback hooked, slow BM Cc fetch thread
07-13 10:03:14.010 D/nativeloader( 4293): Configuring clns-4 for other apk /system/framework/org.apache.http.legacy.jar. target_sdk_version=36, uses_libraries=ALL, library_path=/data/app/~~0Do3nKB7oKzSnG9YsFiL1Q==/com.facebook.katana-bcicghKI6OMyW8FGFwgEXA==/lib/arm64:/data/app/~~0Do3nKB7oKzSnG9YsFiL1Q==/com.facebook.katana-bcicghKI6OMyW8FGFwgEXA==/base.apk!/lib/arm64-v8a, permitted_path=/data:/mnt/expand:/data/user/0/com.facebook.katana
07-13 10:03:14.010 D/nativeloader( 4293): Extending system_exposed_libraries: libapuwareapusys.mtk.so:libapuwareapusys_v2.mtk.so:libapuwarexrp.mtk.so:libapuwarexrp_v2.mtk.so:libapuwareutils.mtk.so:libapuwareutils_v2.mtk.so:libapuwarehmp.mtk.so:libmcv_runtime_usdk.mtk.so:libneuron_graph_delegate.mtk.so:libneuronusdk_adapter.mtk.so:libtflite_mtk.mtk.so:libarmnn_ndk.mtk.so:libcmdl_ndk.mtk.so:libnir_neon_driver_ndk.mtk.so:libmvpu_runtime.mtk.so:libmvpu_runtime_pub.mtk.so:libmvpu_engine_pub.mtk.so:libmvpu_pattern_pub.mtk.so:libmvpuop_mtk_cv.mtk.so:libmvpuop_mtk_nn.mtk.so:libmvpu_runtime_25.mtk.so:libmvpu_runtime_25_pub.mtk.so:libmvpu_engine_25_pub.mtk.so:libmvpu_pattern_25_pub.mtk.so:libmvpuop25_mtk_cv.mtk.so:libmvpuop25_mtk_nn.mtk.so:libmvpu_config.mtk.so:libteeservice_client.trustonic.so:libmisys_jni.xiaomi.so
07-13 10:03:14.024 D/C2MtkBufferManager( 1041): over 5000ms not request from VCodec but callback hooked, slow BM Cc fetch thread
07-13 10:03:14.029 D/nativeloader( 4275): Load libforcedarkimpl.so using system ns (caller=/system_ext/framework/miui-framework.jar): ok
07-13 10:03:14.029 D/OpenGLRenderer( 4275): JNI_OnLoad success
07-13 10:03:14.029 I/MiuiForceDarkConfig( 4275): setConfig density:2.000000, mainRule:0, secondaryRule:0, tertiaryRule:0
07-13 10:03:14.043 D/CompatibilityChangeReporter( 1813): Compat change id reported: 201794303; UID 10157; state: ENABLED
07-13 10:03:14.044 D/CompatibilityChangeReporter( 1813): Compat change id reported: 207133734; UID 10157; state: ENABLED
07-13 10:03:14.044 D/C2MtkBufferManager( 1041): over 5000ms not request from VCodec but callback hooked, slow BM Cc fetch thread
07-13 10:03:14.064 D/C2MtkBufferManager( 1041): over 5000ms not request from VCodec but callback hooked, slow BM Cc fetch thread
07-13 10:03:14.069 W/ChimeraUtils( 8414): Module com.google.android.gms.people missing resource null(0)
07-13 10:03:14.074 W/miuix-app-comp( 4275): enableComponentArch true, com.milink.service
07-13 10:03:14.085 D/C2MtkBufferManager( 1041): over 5000ms not request from VCodec but callback hooked, slow BM Cc fetch thread
07-13 10:03:14.105 D/C2MtkBufferManager( 1041): over 5000ms not request from VCodec but callback hooked, slow BM Cc fetch thread
07-13 10:03:14.118 W/ComponentDiscovery( 4275): Class com.google.firebase.dynamicloading.DynamicLoadingRegistrar is not an found.
07-13 10:03:14.125 D/C2MtkBufferManager( 1041): over 5000ms not request from VCodec but callback hooked, slow BM Cc fetch thread
07-13 10:03:14.129 D/CompatibilityChangeReporter( 4275): Compat change id reported: 183155436; UID 10203; state: ENABLED
07-13 10:03:14.130 I/FirebaseApp( 4275): Device unlocked: initializing all Firebase APIs for app [DEFAULT]
07-13 10:03:14.135 I/ContactsProvider(16169): Contacts query: CPID=8414, CallingPackage = com.google.android.gms User=0
07-13 10:03:14.143 I/FirebaseInitProvider( 4275): FirebaseApp initialization successful
07-13 10:03:14.144 I/ContactsProvider(16169): Contacts query: access CPID=8414, CallingPackage = com.google.android.gms User=0
07-13 10:03:14.146 D/C2MtkBufferManager( 1041): over 5000ms not request from VCodec but callback hooked, slow BM Cc fetch thread
07-13 10:03:14.147 I/ContactsProvider(16169): querylocal match: 10000
07-13 10:03:14.153 I/ContactsProvider(16169): return querylocal
07-13 10:03:14.153 I/ContactsProvider(16169): query return 4 queryDirectoryIfNecessary 
07-13 10:03:14.154 I/ContactsProvider(16169): query return 5 finally 
07-13 10:03:14.155 I/ClipboardServiceI( 1813): checkProviderWakePathForClipboard: primaryClip is null
07-13 10:03:14.160 D/nativeloader( 4243): Configuring clns-4 for other apk /data/app/~~YLnmsdzZwEre--bK2d7z9w==/com.skillsroom.mobile-f9Bv9at9m-3mkcSkMrJiDw==/base.apk. target_sdk_version=36, uses_libraries=, library_path=/data/app/~~YLnmsdzZwEre--bK2d7z9w==/com.skillsroom.mobile-f9Bv9at9m-3mkcSkMrJiDw==/lib/arm64:/data/app/~~YLnmsdzZwEre--bK2d7z9w==/com.skillsroom.mobile-f9Bv9at9m-3mkcSkMrJiDw==/base.apk!/lib/arm64-v8a, permitted_path=/data:/mnt/expand:/data/user/0/com.skillsroom.mobile
07-13 10:03:14.160 I/IDM-CPPSDK-StartupInit( 4275): create: PID =4275
07-13 10:03:14.160 I/IDM-CPPSDK-StartupInit( 4275): create: TID =4275
07-13 10:03:14.166 D/C2MtkBufferManager( 1041): over 5000ms not request from VCodec but callback hooked, slow BM Cc fetch thread
07-13 10:03:14.174 W/.milink.service( 4275): Unsupported class loader: java.lang.Class<com.google.android.gms.dynamite.h>
07-13 10:03:14.179 W/.milink.service( 4275): Unsupported class loader: java.lang.Class<com.google.android.gms.dynamite.h>
07-13 10:03:14.179 W/.milink.service( 4275): Unsupported class loader: java.lang.Class<com.google.android.gms.dynamite.h>
07-13 10:03:14.182 D/nativeloader( 4243): Load libframework-connectivity-jni.so using APEX ns com_android_tethering for caller /apex/com.android.tethering/javalib/framework-connectivity.jar: ok
07-13 10:03:14.183 D/AutoDensity( 4275): autodensity debugEnable = 
07-13 10:03:14.186 D/C2MtkBufferManager( 1041): over 5000ms not request from VCodec but callback hooked, slow BM Cc fetch thread
07-13 10:03:14.192 I/DynamiteModule( 4275): Considering local module com.google.android.gms.measurement.dynamite:46 and remote module com.google.android.gms.measurement.dynamite:196
07-13 10:03:14.193 I/DynamiteModule( 4275): Selected remote version of com.google.android.gms.measurement.dynamite, version >= 196
07-13 10:03:14.193 V/DynamiteModule( 4275): Dynamite loader version >= 2, using loadModule2NoCrashUtils
07-13 10:03:14.194 V/GraphicsEnvironment( 4243): Currently set values for:
07-13 10:03:14.194 I/ClipboardServiceI( 1813): checkProviderWakePathForClipboard: primaryClip is null
07-13 10:03:14.194 V/GraphicsEnvironment( 4243):   angle_gl_driver_selection_pkgs=[]
07-13 10:03:14.194 V/GraphicsEnvironment( 4243):   angle_gl_driver_selection_values=[]
07-13 10:03:14.195 V/GraphicsEnvironment( 4243): ANGLE GameManagerService for com.skillsroom.mobile: false
07-13 10:03:14.195 V/GraphicsEnvironment( 4243): com.skillsroom.mobile is not listed in per-application setting
07-13 10:03:14.195 V/GraphicsEnvironment( 4243): Neither updatable production driver nor prerelease driver is supported.
07-13 10:03:14.201 D/ActivityManager( 1813): getProcessesInErrorState callingUid=10288, CallingPid=19459
07-13 10:03:14.207 D/C2MtkBufferManager( 1041): over 5000ms not request from VCodec but callback hooked, slow BM Cc fetch thread
07-13 10:03:14.207 I/ML::MiLinkApplication( 4275): com.milink.service:4275 onCreate
07-13 10:03:14.211 I/MiPlayQuickCpuInfo( 4275): mtk cpu is MT6769V/CZ
07-13 10:03:14.212 I/MiPlayQuickCpuInfo( 4275): getCpuName=MT6769V/CZ
07-13 10:03:14.212 I/MiPlayQuickCpuInfo( 4275): cpuinfo MT6769V/CZ
07-13 10:03:14.212 D/MiPlayQuickStat( 4275): stat event : 4
07-13 10:03:14.213 D/ForceDarkAppConfigProvider( 1813): cloudConfigVersion: -1   localConfigVersion:20240119
07-13 10:03:14.213 I/UiModeManager( 1813): systemserver package:com.skillsroom.mobile null
07-13 10:03:14.213 I/ML::MiuiSdk( 4275): get vendor: 
07-13 10:03:14.213 I/ML::SystemProperty( 4275): SystemProperties.getInt ro.miui.ui.version.code=816
07-13 10:03:14.213 I/ML::MiuiSdk( 4275): MiuiVersionCode: 816
07-13 10:03:14.213 I/ForceDarkHelperStubImpl( 4243): initialize for com.skillsroom.mobile , ForceDarkAppConfig: null
07-13 10:03:14.213 D/CompatibilityChangeReporter( 1813): Compat change id reported: 161145287; UID 10203; state: DISABLED
07-13 10:03:14.215 I/ML::PrivacyUtils( 4275): get user experience: 1
07-13 10:03:14.215 D/nativeloader( 4243): Load libforcedarkimpl.so using system ns (caller=/system_ext/framework/miui-framework.jar): ok
07-13 10:03:14.216 D/OpenGLRenderer( 4243): JNI_OnLoad success
07-13 10:03:14.216 I/MiuiForceDarkConfig( 4243): setConfig density:2.000000, mainRule:0, secondaryRule:0, tertiaryRule:0
07-13 10:03:14.216 I/People_AppSearchUtilities( 8414): Using PlatformStorage API
07-13 10:03:14.217 I/ML::PrivacyUtils( 4275): get setting privacy: 1
07-13 10:03:14.221 I/ML::FirebaseImpl( 4275): cn&global stat condition: mainSpace=true, monkey=false
07-13 10:03:14.226 W/System  ( 4275): ClassLoader referenced unknown path: 
07-13 10:03:14.227 I/ML::FirebaseImpl( 4275): global stat condition: local=false, remote=false, experience=true, setting=true
07-13 10:03:14.227 D/C2MtkBufferManager( 1041): over 5000ms not request from VCodec but callback hooked, slow BM Cc fetch thread
07-13 10:03:14.227 I/ML::FirebaseImpl( 4275): Firebase init ignore
07-13 10:03:14.228 D/CompatibilityChangeReporter( 4243): Compat change id reported: 183155436; UID 10210; state: ENABLED
07-13 10:03:14.232 D/nativeloader( 4275): Configuring clns-5 for other apk . target_sdk_version=37, uses_libraries=, library_path=/data/app/~~cSclh6TyXFYukZNDYnHngw==/com.google.android.gms-ljlvoSCsNNYZN8qp-8KPsw==/lib/arm64:/data/app/~~cSclh6TyXFYukZNDYnHngw==/com.google.android.gms-ljlvoSCsNNYZN8qp-8KPsw==/base.apk!/lib/arm64-v8a, permitted_path=/data:/mnt/expand:/data/user/0/com.google.android.gms
07-13 10:03:14.238 I/ML-DP   ( 4275): 12.5.0.2-12050002/castGlobalrelease/2969683/1/12/24, 10:37:23 AM
07-13 10:03:14.238 I/ML-DP   ( 4275): release-keys:true:10203:4275
07-13 10:03:14.240 I/ML::MiLinkApplication( 4275): privacy operate: agree=0, agreeReport=0, revoke=0, revokeReport=0
07-13 10:03:14.240 I/CpgSchemaBuilder( 8414): Creating session
07-13 10:03:14.244 I/ActivityManager( 1813): Flag disabled. Ignoring finishAttachApplication from uid: 10203. pid: 4275
07-13 10:03:14.245 W/FirebaseApp( 4243): Default FirebaseApp failed to initialize because no default options were found. This usually means that com.google.gms:google-services was not applied to your gradle project.
07-13 10:03:14.245 I/FirebaseInitProvider( 4243): FirebaseApp initialization unsuccessful
07-13 10:03:14.248 D/C2MtkBufferManager( 1041): over 5000ms not request from VCodec but callback hooked, slow BM Cc fetch thread
07-13 10:03:14.255 I/ML::MirrorCastManager( 4275): observe mirrorCastState
07-13 10:03:14.258 I/ML::MiLinkTileService( 4275): onCreate
07-13 10:03:14.263 E/vold    (  491): Failed to find mounted volume for /storage/0669-140F/Android/data/com.milink.service/files/
07-13 10:03:14.263 D/CompatibilityChangeReporter( 1813): Compat change id reported: 261072174; UID 10203; state: DISABLED
07-13 10:03:14.268 D/C2MtkBufferManager( 1041): over 5000ms not request from VCodec but callback hooked, slow BM Cc fetch thread
07-13 10:03:14.274 W/ContextImpl( 4275): Failed to ensure /storage/0669-140F/Android/data/com.milink.service/files: android.os.ServiceSpecificException:  (code -22)
07-13 10:03:14.276 D/nativeloader( 4293): Configuring clns-5 for other apk /data/app/~~0Do3nKB7oKzSnG9YsFiL1Q==/com.facebook.katana-bcicghKI6OMyW8FGFwgEXA==/base.apk. target_sdk_version=36, uses_libraries=, library_path=/data/app/~~0Do3nKB7oKzSnG9YsFiL1Q==/com.facebook.katana-bcicghKI6OMyW8FGFwgEXA==/lib/arm64:/data/app/~~0Do3nKB7oKzSnG9YsFiL1Q==/com.facebook.katana-bcicghKI6OMyW8FGFwgEXA==/base.apk!/lib/arm64-v8a, permitted_path=/data:/mnt/expand:/data/user/0/com.facebook.katana
07-13 10:03:14.281 I/ML::MiLinkServerService( 4275): MiLinkServerService remove all scan
07-13 10:03:14.289 D/C2MtkBufferManager( 1041): over 5000ms not request from VCodec but callback hooked, slow BM Cc fetch thread
07-13 10:03:14.294 I/ML::ProtocolManager( 4275): support miplay: false
07-13 10:03:14.297 D/ActivityManager( 1813): getProcessesInErrorState callingUid=10279, CallingPid=443
07-13 10:03:14.297 I/ML::MiLinkServerService( 4275): updateSystemProjectionBlackList
07-13 10:03:14.298 D/ML::MiLinkServerService( 4275): MiLinkServerService onBind
07-13 10:03:14.301 I/MiuiNetworkPolicy( 1813): updateUidState uid = 10203, uidState = 19
07-13 10:03:14.304 W/SoLoader( 4243): Initializing SoLoader: 0
07-13 10:03:14.308 W/SoLoader( 4243): Recording new base apk path: /data/app/~~YLnmsdzZwEre--bK2d7z9w==/com.skillsroom.mobile-f9Bv9at9m-3mkcSkMrJiDw==/base.apk
07-13 10:03:14.308 W/SoLoader( 4243): Previously recorded 0 base apk paths.
07-13 10:03:14.309 I/ML::MiLinkTileService( 4275): onServiceConnected
07-13 10:03:14.309 D/C2MtkBufferManager( 1041): over 5000ms not request from VCodec but callback hooked, slow BM Cc fetch thread
07-13 10:03:14.311 I/SoLoader( 4243): Preparing SO source: DirectorySoSource[root = /vendor/lib64 flags = 2]
07-13 10:03:14.311 I/SoLoader( 4243): Preparing SO source: DirectorySoSource[root = /system/lib64 flags = 2]
07-13 10:03:14.312 I/SoLoader( 4243): Preparing SO source: DirectApkSoSource[root = [/data/app/~~YLnmsdzZwEre--bK2d7z9w==/com.skillsroom.mobile-f9Bv9at9m-3mkcSkMrJiDw==/base.apk!/lib/arm64-v8a]]
07-13 10:03:14.330 D/C2MtkBufferManager( 1041): over 5000ms not request from VCodec but callback hooked, slow BM Cc fetch thread
07-13 10:03:14.350 D/C2MtkBufferManager( 1041): over 5000ms not request from VCodec but callback hooked, slow BM Cc fetch thread
07-13 10:03:14.370 D/C2MtkBufferManager( 1041): over 5000ms not request from VCodec but callback hooked, slow BM Cc fetch thread
07-13 10:03:14.391 D/C2MtkBufferManager( 1041): over 5000ms not request from VCodec but callback hooked, slow BM Cc fetch thread
07-13 10:03:14.411 D/C2MtkBufferManager( 1041): over 5000ms not request from VCodec but callback hooked, slow BM Cc fetch thread
07-13 10:03:14.432 D/C2MtkBufferManager( 1041): over 5000ms not request from VCodec but callback hooked, slow BM Cc fetch thread
07-13 10:03:14.439 I/MiuiNetworkPolicy( 1813): updateUidState uid = 10317, uidState = 19
07-13 10:03:14.442 I/MiuiNetworkPolicy( 1813): updateUidState uid = 10317, uidState = 11
07-13 10:03:14.452 D/C2MtkBufferManager( 1041): over 5000ms not request from VCodec but callback hooked, slow BM Cc fetch thread
07-13 10:03:14.457 I/SoLoader( 4243): Preparing SO source: ApplicationSoSource[DirectorySoSource[root = /data/app/~~YLnmsdzZwEre--bK2d7z9w==/com.skillsroom.mobile-f9Bv9at9m-3mkcSkMrJiDw==/lib/arm64 flags = 0]]
07-13 10:03:14.457 I/SoLoader( 4243): init finish: 4 SO sources prepared
07-13 10:03:14.457 W/SoLoader( 4243): SoLoader initialized: 8
07-13 10:03:14.473 D/C2MtkBufferManager( 1041): over 5000ms not request from VCodec but callback hooked, slow BM Cc fetch thread
07-13 10:03:14.493 D/C2MtkBufferManager( 1041): over 5000ms not request from VCodec but callback hooked, slow BM Cc fetch thread
07-13 10:03:14.513 D/C2MtkBufferManager( 1041): over 5000ms not request from VCodec but callback hooked, slow BM Cc fetch thread
07-13 10:03:14.534 D/C2MtkBufferManager( 1041): over 5000ms not request from VCodec but callback hooked, slow BM Cc fetch thread
07-13 10:03:14.547 I/CpgSchemaBuilder( 8414): CPG schemas visible to supported apps, build skipped.
07-13 10:03:14.548 E/FbnsAIDLClientManager( 3414): Max Try reached for binding to FbnsAIDLService, threadId 1442
07-13 10:03:14.551 D/CompatibilityChangeReporter( 1813): Compat change id reported: 161145287; UID 10157; state: ENABLED
07-13 10:03:14.554 D/C2MtkBufferManager( 1041): over 5000ms not request from VCodec but callback hooked, slow BM Cc fetch thread
07-13 10:03:14.555 D/WindowManager( 1813): Update screen project privacy blacklist
07-13 10:03:14.555 W/system_server( 1813): PerfMonitor async binderTransact :  time=256ms interface=android.view.IWindowManager code=152
07-13 10:03:14.556 D/ActivityManager( 1813): getProcessesInErrorState callingUid=10283, CallingPid=30569
07-13 10:03:14.556 E/FbnsAIDLClientManager( 3414): Fbns AIDL request got RemoteException
07-13 10:03:14.556 E/FbnsAIDLClientManager( 3414): android.os.RemoteException: AIDLService is not bound
07-13 10:03:14.556 E/FbnsAIDLClientManager( 3414): 	at X.08yE.call(:381)
07-13 10:03:14.556 E/FbnsAIDLClientManager( 3414): 	at java.util.concurrent.FutureTask.run(FutureTask.java:328)
07-13 10:03:14.556 E/FbnsAIDLClientManager( 3414): 	at java.util.concurrent.ThreadPoolExecutor.runWorker(ThreadPoolExecutor.java:1100)
07-13 10:03:14.556 E/FbnsAIDLClientManager( 3414): 	at java.util.concurrent.ThreadPoolExecutor$Worker.run(ThreadPoolExecutor.java:624)
07-13 10:03:14.556 E/FbnsAIDLClientManager( 3414): 	at java.lang.Thread.run(Thread.java:1572)
07-13 10:03:14.564 I/CpgSchemaBuilder( 8414): Nested schema visibility is already hidden.{G3AttributionInfo}
07-13 10:03:14.567 W/libprocessgroup( 1813): SetCgroup::ExecuteForProcess: failed to open /dev/blkio//cgroup.procs: No such file or directory
07-13 10:03:14.567 W/Datadog (19459): [_dd.sdk_core.default]: A RUM event was detected, but no view is active. To track views automatically, try calling the RumConfiguration.Builder.useViewTrackingStrategy() method.
