07-13 10:03:16.241 W/OpenGLRenderer( 4243): Failed to initialize 101010-2 format, error = EGL_SUCCESS
07-13 10:03:16.242 D/ActivityManager( 1813): getProcessesInErrorState callingUid=10265, CallingPid=4293
07-13 10:03:16.249 W/libc    ( 4243): Access denied finding property "vendor.migl.debug"
07-13 10:03:16.250 E/libMiGL ( 4243): libmigl:This GPU version is note support Variable Shading Rate
07-13 10:03:16.252 I/BufferQueueDebug( 1133): [Surface(name=d59f9dd NavigationBar0#77073)/@0xd8156d9 - animation-leash of insets_animation#78713](this:0xb40000785b3cca30,id:-1,api:0,p:-1,c:1133) onDestructor()
07-13 10:03:16.252 I/BufferQueueDebug( 1133): [Surface(name=5a869db StatusBar#93)/@0xba1daa7 - animation-leash of insets_animation#78714](this:0xb40000785b5c4a30,id:-1,api:0,p:-1,c:1133) onDestructor()
07-13 10:03:16.253 E/libEGL  ( 4243): pre_cache appList: ,,
07-13 10:03:16.254 D/C2MtkBufferManager( 1041): over 5000ms not request from VCodec but callback hooked, slow BM Cc fetch thread
07-13 10:03:16.266 D/MI-SF   ( 1133): debug.config.media.video.dolby_vision_suports == false
07-13 10:03:16.266 D/MI-SF   ( 1133): debug.config.media.video.dolby_vision_suports == false
07-13 10:03:16.266 D/MI-SF   ( 1133): debug.config.media.video.dolby_vision_suports == false
07-13 10:03:16.266 E/HWComposer( 1133): getSupportedContentTypes: getSupportedContentTypes failed for display 0: Unsupported (8)
07-13 10:03:16.267 D/CompatibilityChangeReporter( 1813): Compat change id reported: 135634846; UID 10203; state: DISABLED
07-13 10:03:16.268 D/CompatibilityChangeReporter( 1813): Compat change id reported: 177438394; UID 10203; state: DISABLED
07-13 10:03:16.268 D/CompatibilityChangeReporter( 1813): Compat change id reported: 135772972; UID 10203; state: DISABLED
07-13 10:03:16.268 D/CompatibilityChangeReporter( 1813): Compat change id reported: 135754954; UID 10203; state: ENABLED
07-13 10:03:16.269 E/OpenGLRenderer( 4243): Unable to match the desired swap behavior.
07-13 10:03:16.269 D/CompatibilityChangeReporter( 1813): Compat change id reported: 143937733; UID 10203; state: ENABLED
07-13 10:03:16.272 D/MediaCodec(19459): [mId: 2] audio-debug Stats over last 5007ms:
07-13 10:03:16.272 D/MediaCodec(19459): [mId: 2] audio-debug Qinput: 0, DQinput: 0 success out of 5 tries
07-13 10:03:16.272 D/MediaCodec(19459): [mId: 2] audio-debug Render: 0, Drop: 0, DQoutput: 0 success out of 0 tries
07-13 10:03:16.275 D/C2MtkBufferManager( 1041): over 5000ms not request from VCodec but callback hooked, slow BM Cc fetch thread
07-13 10:03:16.278 D/Zygote  ( 1023): Forked child process 4516
07-13 10:03:16.279 I/ActivityManager( 1813): Start proc 4516:com.milink.service/u0a203 for service {com.milink.service/com.milink.ui.service.MiLinkTileService} caller=com.android.systemui
07-13 10:03:16.279 D/OpenGLRenderer( 4243): makeCurrent grContext:0xb400007d17143d40 reset mTextureAvailable
07-13 10:03:16.284 E/Zygote  ( 4516): process_name_ptr:4516 com.milink.service
07-13 10:03:16.285 D/illsroom.mobile( 4243): MiuiProcessManagerServiceStub setSchedFifo
07-13 10:03:16.285 I/MiuiProcessManagerImpl( 4243): setSchedFifo pid:4243, mode:3
07-13 10:03:16.286 D/ProcessManager( 1813): beginSchedThreads is not Enabled
07-13 10:03:16.291 W/libc    ( 4243): Access denied finding property "ro.vendor.magt.mtk_magt_support"
07-13 10:03:16.291 D/MAGT_SYNC_FRAME( 4243): MAGT Sync: MAGT is not supported. Disabling Sync.
07-13 10:03:16.295 D/C2MtkBufferManager( 1041): over 5000ms not request from VCodec but callback hooked, slow BM Cc fetch thread
07-13 10:03:16.301 D/hw-ProcessState( 4243): Binder ioctl to enable oneway spam detection failed: Invalid argument
07-13 10:03:16.302 I/.milink.service( 4516): Using generational CollectorTypeCC GC.
07-13 10:03:16.307 D/ActivityManager( 1813): getProcessesInErrorState callingUid=10279, CallingPid=443
07-13 10:03:16.309 W/libc    ( 4243): Access denied finding property "ro.vendor.display.iris_x7.support"
07-13 10:03:16.316 D/C2MtkBufferManager( 1041): over 5000ms not request from VCodec but callback hooked, slow BM Cc fetch thread
07-13 10:03:16.321 D/nativeloader( 4516): Load libframework-connectivity-tiramisu-jni.so using APEX ns com_android_tethering for caller /apex/com.android.tethering/javalib/framework-connectivity-t.jar: ok
07-13 10:03:16.336 D/C2MtkBufferManager( 1041): over 5000ms not request from VCodec but callback hooked, slow BM Cc fetch thread
07-13 10:03:16.336 I/MessageMonitor( 4516): Load libmiui_runtime
07-13 10:03:16.344 D/SymlinkUtils( 1813): attachApplication file op go pass: 1 ms
07-13 10:03:16.345 I/SmartPower: com.milink.service/10203(4516)( 1813): died->background(1087ms) R(process start ) adj=-10000.
07-13 10:03:16.349 D/CompatibilityChangeReporter( 1813): Compat change id reported: 168419799; UID 10203; state: DISABLED
07-13 10:03:16.349 D/CompatibilityChangeReporter( 1813): Compat change id reported: 273564678; UID 10203; state: DISABLED
07-13 10:03:16.350 I/lowmemorykiller(  475): Kill 'com.google.android.gms.unstable' (2817), uid 10157, oom_score_adj 800 to free 42380kB rss, 63664kB swap; reason: cw
07-13 10:03:16.356 I/MiuiNetworkPolicy( 1813): updateUidState uid = 10203, uidState = 10
07-13 10:03:16.357 D/C2MtkBufferManager( 1041): over 5000ms not request from VCodec but callback hooked, slow BM Cc fetch thread
07-13 10:03:16.357 D/CompatibilityChangeReporter( 4516): Compat change id reported: 171979766; UID 10203; state: ENABLED
07-13 10:03:16.358 D/CompatibilityChangeReporter( 4516): Compat change id reported: 242716250; UID 10203; state: DISABLED
07-13 10:03:16.359 I/libprocessgroup( 1813): Successfully killed process cgroup uid 10157 pid 2817 in 8ms
07-13 10:03:16.377 D/C2MtkBufferManager( 1041): over 5000ms not request from VCodec but callback hooked, slow BM Cc fetch thread
07-13 10:03:16.387 I/ActivityManager( 1813): Process com.google.android.gms.unstable (pid 2817) has died: svcb FGS 
07-13 10:03:16.388 I/Zygote  ( 1023): Process 2817 exited due to signal 9 (Killed)
07-13 10:03:16.389 E/ProcessManager( 1813): error write exception log
07-13 10:03:16.391 I/libprocessgroup( 1813): Successfully killed process cgroup uid 10157 pid 2817 in 0ms
07-13 10:03:16.391 W/ActivityManager( 1813): Scheduling restart of crashed service com.google.android.gms/.droidguard.DroidGuardService in 1000ms for connection
07-13 10:03:16.393 I/IPCThreadState( 4459): oneway function results for code 3 on binder at 0xb400007cb4ffdc20 will be dropped but finished with status UNKNOWN_TRANSACTION
07-13 10:03:16.393 W/MiPicks-ProcessObserverV10(21977): onProcessDied:pid = 2817,died-uid=10157
07-13 10:03:16.395 I/mtkpower_client( 1813): [Legacy][PowerHal_Wrap_notifyAppState] com.google.android.gms/com.google.android.gms pid=2817 state:3
07-13 10:03:16.396 I/libPowerHal( 1059): [perfNotifyAppState] pack:com.google.android.gms, act:com.google.android.gms, state:3, pid:2817, uid:10157, fps:-1
07-13 10:03:16.396 I/libPowerHal( 1059): [perfNotifyAppState] pack:com.google.android.gms, pid:2817, STATE_DEAD
07-13 10:03:16.396 D/RilUtility( 1059): notify_rild_crash_pid_set certPid:-1, crash:2817, scn:0x0
07-13 10:03:16.398 D/C2MtkBufferManager( 1041): over 5000ms not request from VCodec but callback hooked, slow BM Cc fetch thread
07-13 10:03:16.403 D/nativeloader( 4516): InitLlndkLibrariesProduct: libEGL.so:libGLESv1_CM.so:libGLESv2.so:libGLESv3.so:libRS.so:libandroid_net.so:libbinder_ndk.so:libc.so:libcgrouprc.so:libclang_rt.asan-aarch64-android.so:libclang_rt.asan-arm-android.so:libclang_rt.hwasan-aarch64-android.so:libcom.android.tethering.connectivity_native.so:libdl.so:libft2.so:liblog.so:libm.so:libmediandk.so:libnativewindow.so:libneuralnetworks.so:libselinux.so:libsync.so:libvndksupport.so:libvulkan.so
07-13 10:03:16.403 D/nativeloader( 4516): Configuring product-clns-4 for unbundled product apk /product/app/MiLinkGlobal/MiLinkGlobal.apk. target_sdk_version=33, uses_libraries=, library_path=/product/app/MiLinkGlobal/lib/arm64:/product/app/MiLinkGlobal/MiLinkGlobal.apk!/lib/arm64-v8a:/product/lib64:/system/product/lib64, permitted_path=/data:/mnt/expand:/data/user/0/com.milink.service:/product/lib64:/system/product/lib64
07-13 10:03:16.405 D/nativeloader( 4516): InitVndkspLibrariesProduct: android.hardware.common-V2-ndk.so:android.hardware.common.fmq-V1-ndk.so:android.hardware.graphics.allocator-V2-ndk.so:android.hardware.graphics.common-V4-ndk.so:android.hardware.graphics.common@1.0.so:android.hardware.graphics.common@1.1.so:android.hardware.graphics.common@1.2.so:android.hardware.graphics.composer3-V1-ndk.so:android.hardware.graphics.mapper@2.0.so:android.hardware.graphics.mapper@2.1.so:android.hardware.graphics.mapper@3.0.so:android.hardware.graphics.mapper@4.0.so:android.hardware.renderscript@1.0.so:android.hidl.memory.token@1.0.so:android.hidl.memory@1.0-impl.so:android.hidl.memory@1.0.so:android.hidl.safe_union@1.0.so:libRSCpuRef.so:libRSDriver.so:libRS_internal.so:libbase.so:libbcinfo.so:libblas.so:libc++.so:libcompiler_rt.so:libcutils.so:libdmabufheap.so:libgralloctypes.so:libhardware.so:libhidlbase.so:libhidlmemory.so:libion.so:libjsoncpp.so:liblzma.so:libprocessgroup.so:libunwindstack.so:libutils.so:libutilscallstack.so:libz.so
07-13 10:03:16.410 I/geyw    (10100): (REDACTED) Writing data for these Geller corpora: %s
07-13 10:03:16.412 I/geyw    (10100): (REDACTED) Writing metadata key: %s, corpus: %s
07-13 10:03:16.415 I/geyw    (10100): (REDACTED) Writing metadata key: %s, corpus: %s
07-13 10:03:16.418 D/C2MtkBufferManager( 1041): over 5000ms not request from VCodec but callback hooked, slow BM Cc fetch thread
07-13 10:03:16.424 I/geyw    (10100): (REDACTED) Writing data for these Geller corpora: %s
07-13 10:03:16.439 D/C2MtkBufferManager( 1041): over 5000ms not request from VCodec but callback hooked, slow BM Cc fetch thread
07-13 10:03:16.453 D/nativeloader( 4516): Load libframework-connectivity-jni.so using APEX ns com_android_tethering for caller /apex/com.android.tethering/javalib/framework-connectivity.jar: ok
07-13 10:03:16.458 I/geyw    (10100): (REDACTED) Wrote %d elements for corpus %s
07-13 10:03:16.459 D/C2MtkBufferManager( 1041): over 5000ms not request from VCodec but callback hooked, slow BM Cc fetch thread
07-13 10:03:16.460 I/geyw    (10100): (REDACTED) Writing metadata key: %s, corpus: %s
07-13 10:03:16.460 V/GraphicsEnvironment( 4516): Currently set values for:
07-13 10:03:16.460 V/GraphicsEnvironment( 4516):   angle_gl_driver_selection_pkgs=[]
07-13 10:03:16.460 V/GraphicsEnvironment( 4516):   angle_gl_driver_selection_values=[]
07-13 10:03:16.460 V/GraphicsEnvironment( 4516): ANGLE GameManagerService for com.milink.service: false
07-13 10:03:16.461 V/GraphicsEnvironment( 4516): com.milink.service is not listed in per-application setting
07-13 10:03:16.461 V/GraphicsEnvironment( 4516): Neither updatable production driver nor prerelease driver is supported.
07-13 10:03:16.462 I/geyw    (10100): (REDACTED) Writing metadata key: %s, corpus: %s
07-13 10:03:16.463 I/MiuiNetworkPolicy( 1813): updateUidState uid = 10317, uidState = 19
07-13 10:03:16.467 I/MiuiNetworkPolicy( 1813): updateUidState uid = 10265, uidState = 19
07-13 10:03:16.467 I/MiuiNetworkPolicy( 1813): updateUidState uid = 10317, uidState = 11
07-13 10:03:16.469 I/MiuiNetworkPolicy( 1813): updateUidState uid = 10265, uidState = 11
07-13 10:03:16.469 I/geyw    (10100): (REDACTED) Writing data for these Geller corpora: %s
07-13 10:03:16.470 I/ForceDarkHelperStubImpl( 4516): initialize for com.milink.service , ForceDarkOrigin
07-13 10:03:16.470 I/geyw    (10100): (REDACTED) Writing metadata key: %s, corpus: %s
07-13 10:03:16.473 I/geyw    (10100): (REDACTED) Writing metadata key: %s, corpus: %s
07-13 10:03:16.474 D/nativeloader( 4516): Load libforcedarkimpl.so using system ns (caller=/system_ext/framework/miui-framework.jar): ok
07-13 10:03:16.474 D/OpenGLRenderer( 4516): JNI_OnLoad success
07-13 10:03:16.475 I/MiuiForceDarkConfig( 4516): setConfig density:2.000000, mainRule:0, secondaryRule:0, tertiaryRule:0
07-13 10:03:16.477 W/geve    (10100): Upload permissions denied for Corpus HULK_ONDEVICE_PERSONALIZATION
07-13 10:03:16.477 W/geve    (10100): Upload permissions denied for Corpus PRIVACY_SETTINGS
07-13 10:03:16.478 W/geve    (10100): Upload permissions denied for Corpus GELLER_CONFIG
07-13 10:03:16.480 D/C2MtkBufferManager( 1041): over 5000ms not request from VCodec but callback hooked, slow BM Cc fetch thread
07-13 10:03:16.500 D/C2MtkBufferManager( 1041): over 5000ms not request from VCodec but callback hooked, slow BM Cc fetch thread
07-13 10:03:16.501 E/LB      ( 4243): fail to open file: No such file or directory
07-13 10:03:16.501 E/LB      ( 4243): fail to open node: No such file or directory
07-13 10:03:16.502 W/libc    ( 4243): Access denied finding property "ro.vendor.display.iris_x7.support"
07-13 10:03:16.503 D/BLASTBufferQueue( 4243): [VRI[MainActivity]#0](f:0,a:1) acquireNextBufferLocked size=720x1600 mFrameNumber=1 applyTransaction=true mTimestamp=625899883674613(auto) mPendingTransactions.size=0 graphicBufferId=18223546236928 transform=0
07-13 10:03:16.506 D/VRI[MainActivity]( 4243): vri.reportDrawFinished
07-13 10:03:16.506 E/surfaceflinger( 1133): == MALI DEBUG ===eglp_winsys_populate_image_templates ==12288
07-13 10:03:16.507 W/WindowManager( 1813): finishDrawingWindow: Window{6f2ffe5 u0 com.skillsroom.mobile/com.skillsroom.mobile.MainActivity} mDrawState=DRAW_PENDING
07-13 10:03:16.507 D/WindowManager( 1813): wms.finishDrawingLocked: mDrawState=COMMIT_DRAW_PENDING Window{6f2ffe5 u0 com.skillsroom.mobile/com.skillsroom.mobile.MainActivity} in Surface(name=com.skillsroom.mobile/com.skillsroom.mobile.MainActivity#78716)/@0xbc8b109
07-13 10:03:16.508 W/Looper  ( 4243): PerfMonitor doFrame : time=354ms vsyncFrame=0 latency=1853ms procState=-1 historyMsgCount=5 (msgIndex=1 wall=2094ms seq=3 late=46ms h=android.app.ActivityThread$H w=110) (msgIndex=2 wall=731ms seq=4 late=2166ms h=android.app.ActivityThread$H w=159)
07-13 10:03:16.509 W/miuix-app-comp( 4516): enableComponentArch true, com.milink.service
07-13 10:03:16.515 D/TaskSnapshot_Helper( 1813): shouldDelay()... Not launched by home, no delay needed.
07-13 10:03:16.516 E/BufferQueueDebug( 1133): [Surface(name=6f2ffe5 com.skillsroom.mobile/com.skillsroom.mobile.MainActivity#78715)/@0x5a4f0e - animation-leash of starting_reveal#78719](this:0xb40000785b41aa30,id:-1,api:0,p:-1,c:-1) id info cannot be read from 'Surface(name=6f2ffe5 com.skillsroom.mobile/com.skillsroom.mobile.MainActivity#78715)/@0x5a4f0e - animation-leash of starting_reveal#78719'
07-13 10:03:16.517 I/BufferQueueDebug( 1133): [Surface(name=6f2ffe5 com.skillsroom.mobile/com.skillsroom.mobile.MainActivity#78715)/@0x5a4f0e - animation-leash of starting_reveal#78719](this:0xb40000785b41aa30,id:-1,api:0,p:-1,c:-1) BufferQueue core=(1133:/system/bin/surfaceflinger)
07-13 10:03:16.520 I/gralloc4( 1133): @set_metadata: update dataspace from GM (0x08010000 -> 0x00000000)
07-13 10:03:16.520 D/C2MtkBufferManager( 1041): over 5000ms not request from VCodec but callback hooked, slow BM Cc fetch thread
07-13 10:03:16.526 I/OpenGLRenderer( 4243): Davey! duration=2202ms; Flags=1, FrameTimelineVsyncId=225341495, IntendedVsync=625897682937137, Vsync=625899532601288, InputEventId=0, HandleInputStart=625899538408151, AnimationStart=625899538439767, PerformTraversalsStart=625899539052459, DrawStart=625899651758920, FrameDeadline=625897699937137, FrameInterval=625899535757074, FrameStartTime=16663641, SyncQueued=625899660489074, SyncStart=625899661162228, IssueDrawCommandsStart=625899668530228, SwapBuffers=625899874412151, FrameCompleted=625899886581074, DequeueBufferDuration=9280615, QueueBufferDuration=1469615, GpuCompleted=625899879068382, SwapBuffersCompleted=625899886581074, DisplayPresentTime=0, CommandSubmissionCompleted=625899874412151, 
07-13 10:03:16.529 W/WindowManager( 1813): real show surface com.skillsroom.mobile/com.skillsroom.mobile.MainActivity sc:Surface(name=com.skillsroom.mobile/com.skillsroom.mobile.MainActivity#78716)/@0xbc8b109
07-13 10:03:16.536 D/View    ( 2459): [Warning] assignParent to null: this = android.widget.FrameLayout{194f95 V.E...... ......I. 0,0-720,1600}
07-13 10:03:16.536 I/gralloc4( 1133): @set_metadata: update dataspace from GM (0x00000000 -> 0x08010000)
07-13 10:03:16.541 D/C2MtkBufferManager( 1041): over 5000ms not request from VCodec but callback hooked, slow BM Cc fetch thread
07-13 10:03:16.544 W/libprocessgroup( 1813): SetCgroup::ExecuteForProcess: failed to open /dev/blkio//cgroup.procs: No such file or directory
07-13 10:03:16.552 I/ActivityTaskManager( 1813): Displayed com.skillsroom.mobile/.MainActivity for user 0: +4s160ms
07-13 10:03:16.557 W/WindowOnBackDispatcher( 2459): sendCancelIfRunning: isInProgress=falsecallback=android.view.ViewRootImpl$$ExternalSyntheticLambda23@47c8d4a
07-13 10:03:16.557 D/ActivityManager( 1813): getProcessesInErrorState callingUid=10283, CallingPid=30569
07-13 10:03:16.558 D/CoreBackPreview( 1813): Window{372f908 u0 Splash Screen com.skillsroom.mobile}: Setting back callback null
07-13 10:03:16.561 D/BLASTBufferQueue( 2459): [VRI[mobile]#2774](f:0,a:1) destructor()
07-13 10:03:16.561 I/BpBinder( 1133): onLastStrongRef automatically unlinking death recipients: 
07-13 10:03:16.561 D/BufferQueueConsumer( 2459): [VRI[mobile]#2774(BLAST Consumer)2774](id:99b00000b33,api:0,p:-1,c:2459) disconnect
07-13 10:03:16.561 D/C2MtkBufferManager( 1041): over 5000ms not request from VCodec but callback hooked, slow BM Cc fetch thread
07-13 10:03:16.566 I/geve    (10100): (REDACTED) Starting batch sync for corpora: %s
07-13 10:03:16.571 W/geve    (10100): Upload permissions denied for Corpus HULK_ONDEVICE_PERSONALIZATION
07-13 10:03:16.571 W/geve    (10100): Upload permissions denied for Corpus PRIVACY_SETTINGS
07-13 10:03:16.572 W/InputManager-JNI( 1813): Input channel object '372f908 Splash Screen com.skillsroom.mobile (client)' was disposed without first being removed with the input manager!
07-13 10:03:16.573 I/SmartPower: com.google.android.gms/10157(8414)( 1813): background->idle(4571ms) R(process died ) adj=200.
07-13 10:03:16.576 W/geve    (10100): Upload permissions denied for Corpus GELLER_CONFIG
07-13 10:03:16.581 E/BufferQueueDebug( 1133): [Surface(name=372f908 Splash Screen com.skillsroom.mobile#78708)/@0xb395d4b - animation-leash of window_animation#78720](this:0xb4000078559b7a30,id:-1,api:0,p:-1,c:-1) id info cannot be read from 'Surface(name=372f908 Splash Screen com.skillsroom.mobile#78708)/@0xb395d4b - animation-leash of window_animation#78720'
07-13 10:03:16.581 I/BufferQueueDebug( 1133): [Surface(name=372f908 Splash Screen com.skillsroom.mobile#78708)/@0xb395d4b - animation-leash of window_animation#78720](this:0xb4000078559b7a30,id:-1,api:0,p:-1,c:-1) BufferQueue core=(1133:/system/bin/surfaceflinger)
07-13 10:03:16.583 D/C2MtkBufferManager( 1041): over 5000ms not request from VCodec but callback hooked, slow BM Cc fetch thread
07-13 10:03:16.583 D/CompatibilityChangeReporter( 4243): Compat change id reported: 210923482; UID 10210; state: ENABLED
07-13 10:03:16.588 I/gralloc4( 2459): @set_metadata: update dataspace from GM (0x00000000 -> 0x08010000)
07-13 10:03:16.592 D/PerfShielderService( 1813): com.android.systemui|StatusBar|185|625896536672074|76|5|5
07-13 10:03:16.595 W/facebook.katana( 4293): JNI RegisterNativeMethods: attempt to register 0 native methods for com.facebook.traffic.nts.providers.reachability.ReachabilityV2ProviderAppLayerUpcallsImpl
07-13 10:03:16.601 W/ComponentDiscovery( 4516): Class com.google.firebase.dynamicloading.DynamicLoadingRegistrar is not an found.
07-13 10:03:16.601 I/BufferQueueProducer( 1133): [StatusBar#98](this:0xb400007865c71a30,id:-1,api:0,p:-1,c:1133) queueBuffer: fps=1.40 dur=3584.08 max=3443.27 min=22.16
07-13 10:03:16.603 D/ConnectivityService( 1813): requestNetwork for uid/pid:10265/4293 activeRequest: null callbackRequest: 77909 [NetworkRequest [ REQUEST id=77910, [ Capabilities: INTERNET&NOT_RESTRICTED&TRUSTED&NOT_VCN_MANAGED Uid: 10265 RequestorUid: 10265 RequestorPkg: com.facebook.katana UnderlyingNetworks: Null] ]] callback flags: 0 order: 2147483647 isUidTracked: false declaredMethods: AVAIL|LOST|NC|LP
07-13 10:03:16.604 D/C2MtkBufferManager( 1041): over 5000ms not request from VCodec but callback hooked, slow BM Cc fetch thread
07-13 10:03:16.604 W/MiuiPerfServiceClient( 3978): interceptAndQueuing:2459|com.android.systemui|185|76|625896536672074|Slow issue draw commands|5
07-13 10:03:16.607 D/WifiNetworkFactory( 1813): got request NetworkRequest [ REQUEST id=77910, [ Capabilities: INTERNET&NOT_RESTRICTED&TRUSTED&NOT_VCN_MANAGED Uid: 10265 RequestorUid: 10265 RequestorPkg: com.facebook.katana UnderlyingNetworks: Null] ]
07-13 10:03:16.607 I/hwcomposer( 1039): [HWCDisplay] [Display_0 (type:1)] fps:10.818436,dur:1016.78,max:515.17,min:13.96  
07-13 10:03:16.607 D/UntrustedWifiNetworkFactory( 1813): got request NetworkRequest [ REQUEST id=77910, [ Capabilities: INTERNET&NOT_RESTRICTED&TRUSTED&NOT_VCN_MANAGED Uid: 10265 RequestorUid: 10265 RequestorPkg: com.facebook.katana UnderlyingNetworks: Null] ]
07-13 10:03:16.608 D/OemPaidWifiNetworkFactory( 1813): got request NetworkRequest [ REQUEST id=77910, [ Capabilities: INTERNET&NOT_RESTRICTED&TRUSTED&NOT_VCN_MANAGED Uid: 10265 RequestorUid: 10265 RequestorPkg: com.facebook.katana UnderlyingNetworks: Null] ]
07-13 10:03:16.609 D/MultiInternetWifiNetworkFactory( 1813): got request NetworkRequest [ REQUEST id=77910, [ Capabilities: INTERNET&NOT_RESTRICTED&TRUSTED&NOT_VCN_MANAGED Uid: 10265 RequestorUid: 10265 RequestorPkg: com.facebook.katana UnderlyingNetworks: Null] ]
07-13 10:03:16.611 D/ConnectivityService( 1813): NetReassign [77910 : null → 141] [c 1] [a 1] [i 5]
07-13 10:03:16.624 I/gralloc4( 2459): @set_metadata: update dataspace from GM (0x00000000 -> 0x08010000)
07-13 10:03:16.624 D/C2MtkBufferManager( 1041): over 5000ms not request from VCodec but callback hooked, slow BM Cc fetch thread
07-13 10:03:16.626 D/SurfaceFlinger( 1133): [SF client] NEW(0xb4000078559c8900) for (4243:com.skillsroom.mobile)
07-13 10:03:16.631 D/PerfShielderService( 1813): com.android.systemui|com.android.systemui-Nav-831445295|191|625896542090613|71|3|5
07-13 10:03:16.632 D/CompatibilityChangeReporter( 4516): Compat change id reported: 183155436; UID 10203; state: ENABLED
07-13 10:03:16.633 I/FirebaseApp( 4516): Device unlocked: initializing all Firebase APIs for app [DEFAULT]
07-13 10:03:16.633 W/libc    ( 4243): Access denied finding property "ro.vendor.display.iris_x7.support"
07-13 10:03:16.634 W/MiuiPerfServiceClient( 3978): interceptAndQueuing:2459|com.android.systemui|191|71|625896542090613|Slow handle traversal|5
07-13 10:03:16.634 I/ForceDarkHelperStubImpl( 4243): setViewRootImplForceDark: false for com.skillsroom.mobile.MainActivity@a2ad8d1, reason: DarkModeEnabled
07-13 10:03:16.634 D/VRI[PopupWindow:a235c00]( 4243): hardware acceleration = true, forceHwAccelerated = false
07-13 10:03:16.635 I/BufferQueueProducer( 1133): [NavigationBar0#77076](this:0xb4000078557c9a30,id:-1,api:0,p:-1,c:1133) queueBuffer: fps=1.39 dur=3599.05 max=3466.13 min=21.98
07-13 10:03:16.639 I/PowerHalWrapper( 1813): amsBoostNotify pid:26385,activity:com.whatsapp.Conversation, package:com.whatsapp.w4b, mProcessCreatePackcom.skillsroom.mobile 
07-13 10:03:16.639 I/PowerHalWrapper( 1813): state: 0 
07-13 10:03:16.642 I/mtkpower_client( 1813): [Legacy][PowerHal_Wrap_notifyAppState] com.whatsapp.w4b/com.whatsapp.Conversation pid=26385 state:0
07-13 10:03:16.643 I/PowerHalWrapper( 1813): amsBoostNotify AMS_BOOST_PROCESS_CREATE_BOOST:true 
07-13 10:03:16.645 I/libPowerHal( 1059): [perfNotifyAppState] pack:com.whatsapp.w4b, act:com.whatsapp.Conversation, state:0, pid:26385, uid:10281, fps:-1
07-13 10:03:16.645 I/gralloc4( 2459): @set_metadata: update dataspace from GM (0x00000000 -> 0x08010000)
07-13 10:03:16.647 D/C2MtkBufferManager( 1041): over 5000ms not request from VCodec but callback hooked, slow BM Cc fetch thread
07-13 10:03:16.650 W/facebook.katana( 4293): Cleared Reference was only reachable from finalizer (only reported once)
07-13 10:03:16.651 E/BufferQueueDebug( 1133): [43e8327 PopupWindow:a235c00#78721](this:0xb4000078559c0a30,id:-1,api:0,p:-1,c:-1) id info cannot be read from '43e8327 PopupWindow:a235c00#78721'
07-13 10:03:16.651 I/BufferQueueDebug( 1133): [43e8327 PopupWindow:a235c00#78721](this:0xb4000078559c0a30,id:-1,api:0,p:-1,c:-1) BufferQueue core=(1133:/system/bin/surfaceflinger)
07-13 10:03:16.656 I/FirebaseInitProvider( 4516): FirebaseApp initialization successful
07-13 10:03:16.659 I/gralloc4( 2459): @set_metadata: update dataspace from GM (0x00000000 -> 0x08010000)
07-13 10:03:16.665 I/geyw    (10100): (REDACTED) Setting isLegacySQLite mode to %s.
07-13 10:03:16.667 D/C2MtkBufferManager( 1041): over 5000ms not request from VCodec but callback hooked, slow BM Cc fetch thread
07-13 10:03:16.670 I/IDM-CPPSDK-StartupInit( 4516): create: PID =4516
07-13 10:03:16.670 I/IDM-CPPSDK-StartupInit( 4516): create: TID =4516
07-13 10:03:16.671 I/gralloc4( 2459): @set_metadata: update dataspace from GM (0x00000000 -> 0x08010000)
07-13 10:03:16.671 D/CoreBackPreview( 1813): Window{43e8327 u0 PopupWindow:a235c00}: Setting back callback OnBackInvokedCallbackInfo{mCallback=android.window.IOnBackInvokedCallback$Stub$Proxy@6862ac3, mPriority=0, mIsAnimationCallback=false}
07-13 10:03:16.671 I/facebook.katana( 4293): CollectorTransition concurrent copying GC freed 12MB AllocSpace bytes, 52(2328KB) LOS objects, 49% free, 9920KB/19MB, paused 295us,106us total 207.394ms
07-13 10:03:16.671 I/illsroom.mobile( 4243): Compiler allocated 6282KB to compile void android.view.ViewRootImpl.performTraversals()
07-13 10:03:16.674 I/geve    (10100): (REDACTED) The syncToken for corpus %s is %s and the syncRequestReason is %s
07-13 10:03:16.676 I/geve    (10100): (REDACTED) The syncToken for corpus %s is %s and the syncRequestReason is %s
07-13 10:03:16.676 I/gralloc4( 2459): @set_metadata: update dataspace from GM (0x00000000 -> 0x08010000)
07-13 10:03:16.678 I/geve    (10100): (REDACTED) The syncToken for corpus %s is %s and the syncRequestReason is %s
07-13 10:03:16.682 I/gralloc4( 2459): @set_metadata: update dataspace from GM (0x00000000 -> 0x08010000)
07-13 10:03:16.682 I/ClipboardServiceI( 1813): checkProviderWakePathForClipboard: primaryClip is null
07-13 10:03:16.686 I/gralloc4( 2459): @set_metadata: update dataspace from GM (0x00000000 -> 0x08010000)
07-13 10:03:16.688 D/C2MtkBufferManager( 1041): over 5000ms not request from VCodec but callback hooked, slow BM Cc fetch thread
07-13 10:03:16.691 W/.milink.service( 4516): Unsupported class loader: java.lang.Class<com.google.android.gms.dynamite.h>
07-13 10:03:16.692 D/AutoDensity( 4516): autodensity debugEnable = 
07-13 10:03:16.695 I/gralloc4( 2459): @set_metadata: update dataspace from GM (0x00000000 -> 0x08010000)
07-13 10:03:16.698 I/MiuiNetworkPolicy( 1813): updateUidState uid = 10281, uidState = 10
07-13 10:03:16.702 I/gralloc4( 2459): @set_metadata: update dataspace from GM (0x00000000 -> 0x08010000)
07-13 10:03:16.704 W/fb4a.AppInitScheduler|Run( 4293): DeadlockMonitor exiting.
07-13 10:03:16.708 W/.milink.service( 4516): Unsupported class loader: java.lang.Class<com.google.android.gms.dynamite.h>
07-13 10:03:16.708 E/BufferQueueDebug( 1133): [PopupWindow:a235c00#78722](this:0xb40000785b428a30,id:-1,api:0,p:-1,c:-1) id info cannot be read from 'PopupWindow:a235c00#78722'
07-13 10:03:16.708 I/BufferQueueDebug( 1133): [PopupWindow:a235c00#78722](this:0xb40000785b428a30,id:-1,api:0,p:-1,c:-1) BufferQueue core=(1133:/system/bin/surfaceflinger)
07-13 10:03:16.709 D/C2MtkBufferManager( 1041): over 5000ms not request from VCodec but callback hooked, slow BM Cc fetch thread
07-13 10:03:16.708 W/.milink.service( 4516): Unsupported class loader: java.lang.Class<com.google.android.gms.dynamite.h>
07-13 10:03:16.710 I/gralloc4( 2459): @set_metadata: update dataspace from GM (0x00000000 -> 0x08010000)
07-13 10:03:16.713 D/ActivityManager( 1813): getProcessesInErrorState callingUid=10288, CallingPid=19459
07-13 10:03:16.716 I/gralloc4( 2459): @set_metadata: update dataspace from GM (0x00000000 -> 0x08010000)
07-13 10:03:16.718 I/ClipboardServiceI( 1813): checkProviderWakePathForClipboard: primaryClip is null
07-13 10:03:16.719 D/BufferQueueConsumer( 4243): [](id:109300000001,api:0,p:-1,c:4243) connect: controlledByApp=false
07-13 10:03:16.720 I/DynamiteModule( 4516): Considering local module com.google.android.gms.measurement.dynamite:46 and remote module com.google.android.gms.measurement.dynamite:196
07-13 10:03:16.720 I/DynamiteModule( 4516): Selected remote version of com.google.android.gms.measurement.dynamite, version >= 196
07-13 10:03:16.720 V/DynamiteModule( 4516): Dynamite loader version >= 2, using loadModule2NoCrashUtils
07-13 10:03:16.722 I/ForceDarkHelperStubImpl( 4243): setViewRootImplForceDark: false for com.skillsroom.mobile.MainActivity@a2ad8d1, reason: DarkModeEnabled
07-13 10:03:16.723 E/OpenGLRenderer( 4243): Unable to match the desired swap behavior.
07-13 10:03:16.724 I/gralloc4( 2459): @set_metadata: update dataspace from GM (0x00000000 -> 0x08010000)
07-13 10:03:16.728 W/JavaBinder( 4293): BinderProxy is being destroyed but the application did not call unlinkToDeath to unlink all of its death recipients beforehand.  Releasing leaked death recipient: X.09L
07-13 10:03:16.728 I/BpBinder( 4293): onLastStrongRef automatically unlinking death recipients: 
07-13 10:03:16.729 I/ML::MiLinkApplication( 4516): com.milink.service:4516 onCreate
07-13 10:03:16.729 D/VRI[PopupWindow:a235c00]( 4243): vri.reportNextDraw android.view.ViewRootImpl.performTraversals:4402 android.view.ViewRootImpl.doTraversal:3018 android.view.ViewRootImpl$TraversalRunnable.run:10526 android.view.Choreographer$CallbackRecord.run:1682 android.view.Choreographer$CallbackRecord.run:1691 
07-13 10:03:16.729 D/C2MtkBufferManager( 1041): over 5000ms not request from VCodec but callback hooked, slow BM Cc fetch thread
07-13 10:03:16.729 D/VRI[PopupWindow:a235c00]( 4243): vri.Setup new sync=wmsSync-VRI[PopupWindow:a235c00]#2
07-13 10:03:16.730 D/BufferQueueConsumer( 4293): [SurfaceTexture-0-4293-0](id:10c500000000,api:0,p:-1,c:4293) disconnect
07-13 10:03:16.730 W/System  ( 4293): A resource failed to call close. 
07-13 10:03:16.730 W/facebook.katana( 4293): ApkAssets: Deleting an ApkAssets object '<empty> and /data/app/~~IYtesFpg7dPcq8iJX6pUMQ==/com.instagram.android-yJZMvYX1Z41BCbe4QFYKng==/base.apk' with 1 weak references
07-13 10:03:16.730 W/facebook.katana( 4293): ApkAssets: Deleting an ApkAssets object '<empty> and /data/app/~~IYtesFpg7dPcq8iJX6pUMQ==/com.instagram.android-yJZMvYX1Z41BCbe4QFYKng==/split_config.xhdpi.apk' with 1 weak references
07-13 10:03:16.732 I/MiPlayQuickCpuInfo( 4516): mtk cpu is MT6769V/CZ
07-13 10:03:16.732 I/MiPlayQuickCpuInfo( 4516): getCpuName=MT6769V/CZ
07-13 10:03:16.732 I/MiPlayQuickCpuInfo( 4516): cpuinfo MT6769V/CZ
07-13 10:03:16.733 D/MiPlayQuickStat( 4516): stat event : 4
07-13 10:03:16.733 I/ML::MiuiSdk( 4516): get vendor: 
07-13 10:03:16.733 W/facebook.katana( 4293): ApkAssets: Deleting an ApkAssets object '<empty> and /data/app/~~IYtesFpg7dPcq8iJX6pUMQ==/com.instagram.android-yJZMvYX1Z41BCbe4QFYKng==/split_executorch.apk' with 1 weak references
07-13 10:03:16.733 I/ML::SystemProperty( 4516): SystemProperties.getInt ro.miui.ui.version.code=816
07-13 10:03:16.733 I/ML::MiuiSdk( 4516): MiuiVersionCode: 816
07-13 10:03:16.733 W/facebook.katana( 4293): ApkAssets: Deleting an ApkAssets object '<empty> and /data/app/~~IYtesFpg7dPcq8iJX6pUMQ==/com.instagram.android-yJZMvYX1Z41BCbe4QFYKng==/split_i18n_en_GB.apk' with 1 weak references
07-13 10:03:16.733 W/facebook.katana( 4293): ApkAssets: Deleting an ApkAssets object '<empty> and /data/app/~~IYtesFpg7dPcq8iJX6pUMQ==/com.instagram.android-yJZMvYX1Z41BCbe4QFYKng==/split_pytorch.apk' with 1 weak references
07-13 10:03:16.733 W/facebook.katana( 4293): ApkAssets: Deleting an ApkAssets object '<empty> and /data/app/~~IYtesFpg7dPcq8iJX6pUMQ==/com.instagram.android-yJZMvYX1Z41BCbe4QFYKng==/split_spm.apk' with 1 weak references
07-13 10:03:16.734 W/fb4a.Zey( 4293): AsyncDrawable with url https://lookaside.facebook.com/ras/v2/?id=AQACHbcaDXk4&cfg=d$2x wasn't hidden before it was GC'd. Please call setVisible(false, ___ ) in View.onDetachedFromWindow()
07-13 10:03:16.734 W/fb4a.Zey( 4293): AsyncDrawable with url https://lookaside.facebook.com/ras/v2/?id=AQABqCP73X6a&cfg=d$2x wasn't hidden before it was GC'd. Please call setVisible(false, ___ ) in View.onDetachedFromWindow()
07-13 10:03:16.736 I/ML::PrivacyUtils( 4516): get user experience: 1
07-13 10:03:16.738 I/ML::PrivacyUtils( 4516): get setting privacy: 1
07-13 10:03:16.741 W/System  ( 4516): ClassLoader referenced unknown path: 
07-13 10:03:16.742 D/nativeloader( 4516): Configuring clns-5 for other apk . target_sdk_version=37, uses_libraries=, library_path=/data/app/~~cSclh6TyXFYukZNDYnHngw==/com.google.android.gms-ljlvoSCsNNYZN8qp-8KPsw==/lib/arm64:/data/app/~~cSclh6TyXFYukZNDYnHngw==/com.google.android.gms-ljlvoSCsNNYZN8qp-8KPsw==/base.apk!/lib/arm64-v8a, permitted_path=/data:/mnt/expand:/data/user/0/com.google.android.gms
07-13 10:03:16.742 I/gralloc4( 2459): @set_metadata: update dataspace from GM (0x00000000 -> 0x08010000)
07-13 10:03:16.743 I/ML::FirebaseImpl( 4516): cn&global stat condition: mainSpace=true, monkey=false
07-13 10:03:16.744 D/ActivityManager( 1813): getProcessesInErrorState callingUid=10265, CallingPid=4293
07-13 10:03:16.745 D/OpenGLRenderer( 4243): makeCurrent grContext:0xb400007d17143d40 reset mTextureAvailable
07-13 10:03:16.748 I/ML::FirebaseImpl( 4516): global stat condition: local=false, remote=false, experience=true, setting=true
07-13 10:03:16.748 I/ML::FirebaseImpl( 4516): Firebase init ignore
07-13 10:03:16.749 D/C2MtkBufferManager( 1041): over 5000ms not request from VCodec but callback hooked, slow BM Cc fetch thread
07-13 10:03:16.758 I/GED     (26385): ged_boost_gpu_freq, level 100, eOrigin 2, final_idx 31, oppidx_max 31, oppidx_min 0
07-13 10:03:16.758 I/gralloc4( 2459): @set_metadata: update dataspace from GM (0x00000000 -> 0x08010000)
07-13 10:03:16.759 D/WindowManager( 1813): setParent old=ActivityRecord{76569d8 u0 com.skillsroom.mobile/.MainActivity t5366},new=null,this window=Window{372f908 u0 Splash Screen com.skillsroom.mobile},callers=com.android.server.wm.WindowContainer.removeChild:831 com.android.server.wm.ActivityRecord.removeChild:5163 com.android.server.wm.ActivityRecord.removeChild:458 com.android.server.wm.WindowContainer.removeImmediately:889 com.android.server.wm.WindowState.removeImmediately:2490 com.android.server.wm.WindowState.destroySurface:3581 
07-13 10:03:16.760 I/ML-DP   ( 4516): 12.5.0.2-12050002/castGlobalrelease/2969683/1/12/24, 10:37:23 AM
07-13 10:03:16.760 I/ML-DP   ( 4516): release-keys:true:10203:4516
07-13 10:03:16.762 I/ML::MiLinkApplication( 4516): privacy operate: agree=0, agreeReport=0, revoke=0, revokeReport=0
07-13 10:03:16.764 I/ActivityManager( 1813): Flag disabled. Ignoring finishAttachApplication from uid: 10203. pid: 4516
07-13 10:03:16.766 I/ML::MirrorCastManager( 4516): observe mirrorCastState
07-13 10:03:16.766 I/SmartPower: android.process.acore/10078(16169)( 1813): background->idle(3002ms) R(content provider start ContentProviderRecord{7f1a4a9 u0 com.android.providers.contacts/.ContactsProvider2}) adj=200.
07-13 10:03:16.767 I/ML::MiLinkTileService( 4516): onCreate
07-13 10:03:16.770 D/C2MtkBufferManager( 1041): over 5000ms not request from VCodec but callback hooked, slow BM Cc fetch thread
07-13 10:03:16.776 E/vold    (  491): Failed to find mounted volume for /storage/0669-140F/Android/data/com.milink.service/files/
07-13 10:03:16.779 W/ContextImpl( 4516): Failed to ensure /storage/0669-140F/Android/data/com.milink.service/files: android.os.ServiceSpecificException:  (code -22)
07-13 10:03:16.780 I/gralloc4( 2459): @set_metadata: update dataspace from GM (0x00000000 -> 0x08010000)
07-13 10:03:16.785 I/BufferQueueDebug( 1133): [Surface(name=372f908 Splash Screen com.skillsroom.mobile#78708)/@0xb395d4b - animation-leash of window_animation#78720](this:0xb4000078559b7a30,id:-1,api:0,p:-1,c:1133) onDestructor()
07-13 10:03:16.786 I/BufferQueueDebug( 1133): [372f908 Splash Screen com.skillsroom.mobile#78708](this:0xb4000078559fda30,id:-1,api:0,p:-1,c:1133) onDestructor()
07-13 10:03:16.790 I/ML::MiLinkServerService( 4516): MiLinkServerService remove all scan
07-13 10:03:16.790 D/C2MtkBufferManager( 1041): over 5000ms not request from VCodec but callback hooked, slow BM Cc fetch thread
07-13 10:03:16.791 I/gralloc4( 2459): @set_metadata: update dataspace from GM (0x00000000 -> 0x08010000)
07-13 10:03:16.797 I/ML::ProtocolManager( 4516): support miplay: false
07-13 10:03:16.798 I/ML::MiLinkServerService( 4516): updateSystemProjectionBlackList
07-13 10:03:16.799 D/ML::MiLinkServerService( 4516): MiLinkServerService onBind
07-13 10:03:16.802 I/MiuiNetworkPolicy( 1813): updateUidState uid = 10203, uidState = 19
07-13 10:03:16.809 I/ML::MiLinkTileService( 4516): onServiceConnected
07-13 10:03:16.809 I/gralloc4( 2459): @set_metadata: update dataspace from GM (0x00000000 -> 0x08010000)
07-13 10:03:16.811 D/C2MtkBufferManager( 1041): over 5000ms not request from VCodec but callback hooked, slow BM Cc fetch thread
07-13 10:03:16.811 D/ActivityManager( 1813): getProcessesInErrorState callingUid=10279, CallingPid=443
07-13 10:03:16.826 D/WindowManager( 1813): Update screen project privacy blacklist
07-13 10:03:16.831 D/C2MtkBufferManager( 1041): over 5000ms not request from VCodec but callback hooked, slow BM Cc fetch thread
07-13 10:03:16.850 I/ImeTracker(26385): com.whatsapp.w4b:c4ead7e8: onRequestHide at ORIGIN_CLIENT_HIDE_SOFT_INPUT reason HIDE_SOFT_INPUT
07-13 10:03:16.851 D/C2MtkBufferManager( 1041): over 5000ms not request from VCodec but callback hooked, slow BM Cc fetch thread
07-13 10:03:16.857 D/MirrorManager( 7233):  sendAcceptInput 0 0
07-13 10:03:16.858 D/MI-SF   ( 1133): updateScene: module = 270 (Unknown), value = 0, pkg = com.skillsroom.mobile
07-13 10:03:16.860 I/ImeTracker( 1813): com.whatsapp.w4b:c4ead7e8: onCancelled at PHASE_SERVER_SHOULD_HIDE
07-13 10:03:16.872 D/C2MtkBufferManager( 1041): over 5000ms not request from VCodec but callback hooked, slow BM Cc fetch thread
07-13 10:03:16.883 W/Activity(26385): PerfMonitor: Slow Operation: Activity com.whatsapp.w4b/com.whatsapp.Conversation onStop took 119ms
07-13 10:03:16.892 D/C2MtkBufferManager( 1041): over 5000ms not request from VCodec but callback hooked, slow BM Cc fetch thread
07-13 10:03:16.895 I/lowmemorykiller(  475): Kill 'com.milink.service' (4516), uid 10203, oom_score_adj 905 to free 92264kB rss, 41000kB swap; reason: cw
07-13 10:03:16.902 I/libprocessgroup( 1813): Successfully killed process cgroup uid 10203 pid 4516 in 6ms
07-13 10:03:16.905 I/libPerfCtl( 1059): xgfGetFPS pid:2459 fps:60
07-13 10:03:16.906 I/libPerfCtl( 1059): xgfGetFPS pid:4243 fps:-1
07-13 10:03:16.906 I/libPerfCtl( 1059): xgfGetFPS pid:26385 fps:-1
07-13 10:03:16.913 D/C2MtkBufferManager( 1041): over 5000ms not request from VCodec but callback hooked, slow BM Cc fetch thread
07-13 10:03:16.913 I/SmartPower: com.whatsapp.w4b/10281(26385)( 1813): background->idle(3001ms) R(become invisible) adj=200.
07-13 10:03:16.925 I/Zygote  ( 1023): Process 4516 exited due to signal 9 (Killed)
07-13 10:03:16.926 I/lowmemorykiller(  475): Kill 'com.xiaomi.bluetooth' (32684), uid 1002, oom_score_adj 800 to free 24564kB rss, 45144kB swap; reason: cw
07-13 10:03:16.928 I/ActivityManager( 1813): Process com.milink.service (pid 4516) has died: cch+5 CEM 
07-13 10:03:16.928 E/ProcessManager( 1813): error write exception log
07-13 10:03:16.929 I/libprocessgroup( 1813): Successfully killed process cgroup uid 10203 pid 4516 in 0ms
07-13 10:03:16.930 W/MiPicks-ProcessObserverV10(21977): onProcessDied:pid = 4516,died-uid=10203
07-13 10:03:16.930 I/IPCThreadState( 4459): oneway function results for code 3 on binder at 0xb400007cb4ffdc20 will be dropped but finished with status UNKNOWN_TRANSACTION
07-13 10:03:16.931 D/UidObserver( 7233): onUidGone entry uid = 10203
07-13 10:03:16.932 D/DisplayManagerService( 1813): Drop pending events for gone uid 10203
07-13 10:03:16.932 I/MiuiNetworkPolicy( 1813): removeUidState uid = 10203
07-13 10:03:16.932 I/libprocessgroup( 1813): Successfully killed process cgroup uid 1002 pid 32684 in 0ms
07-13 10:03:16.933 D/C2MtkBufferManager( 1041): over 5000ms not request from VCodec but callback hooked, slow BM Cc fetch thread
07-13 10:03:16.934 I/mtkpower_client( 1813): [Legacy][PowerHal_Wrap_notifyAppState] com.milink.service/com.milink.service pid=4516 state:3
07-13 10:03:16.936 I/libPowerHal( 1059): [perfNotifyAppState] pack:com.milink.service, act:com.milink.service, state:3, pid:4516, uid:10203, fps:-1
07-13 10:03:16.936 I/libPowerHal( 1059): [perfNotifyAppState] pack:com.milink.service, pid:4516, STATE_DEAD
07-13 10:03:16.936 D/RilUtility( 1059): notify_rild_crash_pid_set certPid:-1, crash:4516, scn:0x0
07-13 10:03:16.954 I/Zygote  ( 1023): Process 32684 exited due to signal 9 (Killed)
07-13 10:03:16.955 I/ActivityManager( 1813): Process com.xiaomi.bluetooth (pid 32684) has died: svcb SVC 
07-13 10:03:16.955 D/C2MtkBufferManager( 1041): over 5000ms not request from VCodec but callback hooked, slow BM Cc fetch thread
07-13 10:03:16.955 E/ProcessManager( 1813): error write exception log
07-13 10:03:16.958 W/ActivityManager( 1813): Scheduling restart of crashed service com.xiaomi.bluetooth/.mma.MiuiMMAService in 10434ms for start-requested
07-13 10:03:16.959 I/GED     (26385): ged_boost_gpu_freq, level 100, eOrigin 2, final_idx 31, oppidx_max 31, oppidx_min 0
07-13 10:03:16.958 W/ActivityManager( 1813): Scheduling restart of crashed service com.xiaomi.bluetooth/com.android.bluetooth.ble.app.MiuiNearbyServiceV2 in 20433ms for start-requested
07-13 10:03:16.959 I/libprocessgroup( 1813): Successfully killed process cgroup uid 1002 pid 32684 in 0ms
07-13 10:03:16.962 W/ActivityManager( 1813): Scheduling restart of crashed service com.xiaomi.bluetooth/com.android.bluetooth.ble.app.MiuiBleAppService in 30432ms for start-requested
07-13 10:03:16.963 W/ActivityManager( 1813): Scheduling restart of crashed service com.xiaomi.bluetooth/com.android.bluetooth.ble.app.MiuiNearbyService in 40429ms for start-requested
07-13 10:03:16.963 W/ActivityManager( 1813): Scheduling restart of crashed service com.xiaomi.bluetooth/com.android.bluetooth.ble.app.MiuiFastConnectService in 50428ms for start-requested
07-13 10:03:16.963 W/ActivityManager( 1813): Scheduling restart of crashed service com.xiaomi.bluetooth/com.android.bluetooth.ble.app.plugin.MiuiPluginService in 60428ms for start-requested
07-13 10:03:16.964 I/IPCThreadState( 4459): oneway function results for code 3 on binder at 0xb400007cb4ffdc20 will be dropped but finished with status UNKNOWN_TRANSACTION
07-13 10:03:16.965 W/MiPicks-ProcessObserverV10(21977): onProcessDied:pid = 32684,died-uid=1002
07-13 10:03:16.967 I/mtkpower_client( 1813): [Legacy][PowerHal_Wrap_notifyAppState] com.xiaomi.bluetooth/com.xiaomi.bluetooth pid=32684 state:3
07-13 10:03:16.969 I/libPowerHal( 1059): [perfNotifyAppState] pack:com.xiaomi.bluetooth, act:com.xiaomi.bluetooth, state:3, pid:32684, uid:1002, fps:-1
07-13 10:03:16.969 I/libPowerHal( 1059): [perfNotifyAppState] pack:com.xiaomi.bluetooth, pid:32684, STATE_DEAD
07-13 10:03:16.969 D/AudioFlinger_Threads( 1117): updateWakeLockUids_l AudioOut_D uids:
07-13 10:03:16.969 D/RilUtility( 1059): notify_rild_crash_pid_set certPid:-1, crash:32684, scn:0x0
07-13 10:03:16.975 D/C2MtkBufferManager( 1041): over 5000ms not request from VCodec but callback hooked, slow BM Cc fetch thread
07-13 10:03:16.979 W/AudioFlinger::EffectHandle( 1117): disconnect Effect handle 0xb400007035808440 disconnected after thread destruction
07-13 10:03:16.983 W/MiPicks-ProcessObserverV10(21977): onForegroundActivitiesChanged:pid = 26385,activity-uid=10281,foregroundActivities=false
07-13 10:03:16.983 D/Aurogon ( 1813):  uid = 10281 switch to BG
07-13 10:03:16.983 D/PMonitor( 4459):  onForegroundActivitiesChanged:pid = 26385,activity-uid=10281,foregroundActivities=false
07-13 10:03:16.986 D/isUidValid( 1813): uid = 10281
07-13 10:03:16.990 I/AudioEffect( 1117): controlStatusChanged 0xb400007038523800 control 1 callback 0x0
07-13 10:03:16.990 W/AudioFlinger::EffectHandle( 1117): disconnect Effect handle 0xb400007008cd21c0 disconnected after thread destruction
07-13 10:03:16.996 D/C2MtkBufferManager( 1041): over 5000ms not request from VCodec but callback hooked, slow BM Cc fetch thread
07-13 10:03:17.002 I/BufferQueueDebug( 1133): [com.whatsapp.w4b/com.whatsapp.Conversation#78702](this:0xb400007855901a30,id:-1,api:0,p:-1,c:1133) onDestructor()
07-13 10:03:17.013 I/AppScanStats(29492): BLE_SCAN_RESULT_RECEIVED[2]reportBleScanResults=0
07-13 10:03:17.014 I/AppScanStats(29492): BLE_SCAN_STATE_CHANGED[2]reportBleScanStopped=false
07-13 10:03:17.016 D/C2MtkBufferManager( 1041): over 5000ms not request from VCodec but callback hooked, slow BM Cc fetch thread
07-13 10:03:17.016 I/BtGatt.ScanManager(29492): msg.what = MSG_STOP_BLE_SCAN, msg.arg1 = None
07-13 10:03:17.017 D/ActivityAttributionService(29492): notifyActivityAttributionInfo UID=1002 packageName=com.android.bluetooth deviceAddress=no_active_device_address
07-13 10:03:17.036 D/C2MtkBufferManager( 1041): over 5000ms not request from VCodec but callback hooked, slow BM Cc fetch thread
07-13 10:03:17.044 I/bt_btif (29492): get_profile_interface: get_profile_interface: id = activity_attribution
07-13 10:03:17.046 D/BLASTBufferQueue( 4243): [VRI[PopupWindow:a235c00]#1](f:0,a:1) acquireNextBufferLocked size=720x50 mFrameNumber=1 applyTransaction=true mTimestamp=625900427472459(auto) mPendingTransactions.size=0 graphicBufferId=18223546236937 transform=0
07-13 10:03:17.047 E/surfaceflinger( 1133): == MALI DEBUG ===eglp_winsys_populate_image_templates ==12288
07-13 10:03:17.047 D/VRI[PopupWindow:a235c00]( 4243): vri.reportDrawFinished
07-13 10:03:17.048 W/Looper  ( 4243): PerfMonitor doFrame : time=384ms vsyncFrame=0 latency=414ms procState=-1 historyMsgCount=7 (msgIndex=1 wall=354ms seq=8 late=1853ms h=android.view.Choreographer$FrameHandler c=android.view.Choreographer$FrameDisplayEventReceiver) (msgIndex=3 wall=100ms seq=10 late=558ms h=android.os.Handler c=com.facebook.react.devsupport.DefaultDevLoadingViewImplementation$$ExternalSyntheticLambda0)
07-13 10:03:17.048 W/WindowManager( 1813): finishDrawingWindow: Window{43e8327 u0 PopupWindow:a235c00} mDrawState=DRAW_PENDING
07-13 10:03:17.049 D/WindowManager( 1813): wms.finishDrawingLocked: mDrawState=COMMIT_DRAW_PENDING Window{43e8327 u0 PopupWindow:a235c00} in Surface(name=PopupWindow:a235c00#78722)/@0x136585d
07-13 10:03:17.051 I/gralloc4( 1133): @set_metadata: update dataspace from GM (0x08010000 -> 0x00000000)
07-13 10:03:17.051 W/WindowManager( 1813): real show surface PopupWindow:a235c00 sc:Surface(name=PopupWindow:a235c00#78722)/@0x136585d
07-13 10:03:17.057 I/OpenGLRenderer( 4243): Davey! duration=795ms; Flags=1, FrameTimelineVsyncId=225342343, IntendedVsync=625899632895357, Vsync=625900033037085, InputEventId=0, HandleInputStart=625900046730844, AnimationStart=625900046735844, PerformTraversalsStart=625900046737997, DrawStart=625900112056382, FrameDeadline=625899649895357, FrameInterval=625900046212997, FrameStartTime=16672572, SyncQueued=625900126491151, SyncStart=625900126805613, IssueDrawCommandsStart=625900126861997, SwapBuffers=625900425125613, FrameCompleted=625900428756074, DequeueBufferDuration=19307, QueueBufferDuration=936000, GpuCompleted=625900427288459, SwapBuffersCompleted=625900428756074, DisplayPresentTime=0, CommandSubmissionCompleted=625900425125613, 
07-13 10:03:17.057 D/C2MtkBufferManager( 1041): over 5000ms not request from VCodec but callback hooked, slow BM Cc fetch thread
07-13 10:03:17.058 W/unknown:BridgelessReact( 4243): ReactHost{0}.raiseSoftException(onWindowFocusChange(hasFocus = "true")): Tried to access onWindowFocusChange while context is not ready
07-13 10:03:17.061 E/unknown:ReactHost( 4243): Unhandled SoftException
07-13 10:03:17.061 E/unknown:ReactHost( 4243): com.facebook.react.bridge.ReactNoCrashSoftException: raiseSoftException(onWindowFocusChange(hasFocus = "true")): Tried to access onWindowFocusChange while context is not ready
07-13 10:03:17.061 E/unknown:ReactHost( 4243): 	at com.facebook.react.runtime.ReactHostImpl.raiseSoftException(ReactHostImpl.kt:861)
07-13 10:03:17.061 E/unknown:ReactHost( 4243): 	at com.facebook.react.runtime.ReactHostImpl.raiseSoftException$default(ReactHostImpl.kt:852)
07-13 10:03:17.061 E/unknown:ReactHost( 4243): 	at com.facebook.react.runtime.ReactHostImpl.onWindowFocusChange(ReactHostImpl.kt:625)
07-13 10:03:17.061 E/unknown:ReactHost( 4243): 	at com.facebook.react.ReactDelegate.onWindowFocusChanged(ReactDelegate.kt:232)
07-13 10:03:17.061 E/unknown:ReactHost( 4243): 	at com.facebook.react.ReactActivityDelegate.onWindowFocusChanged(ReactActivityDelegate.java:237)
07-13 10:03:17.061 E/unknown:ReactHost( 4243): 	at expo.modules.ReactActivityDelegateWrapper$onWindowFocusChanged$1.invokeSuspend(ReactActivityDelegateWrapper.kt:320)
07-13 10:03:17.061 E/unknown:ReactHost( 4243): 	at expo.modules.ReactActivityDelegateWrapper$onWindowFocusChanged$1.invoke(ReactActivityDelegateWrapper.kt:8)
07-13 10:03:17.061 E/unknown:ReactHost( 4243): 	at expo.modules.ReactActivityDelegateWrapper$onWindowFocusChanged$1.invoke(ReactActivityDelegateWrapper.kt:4)
07-13 10:03:17.061 E/unknown:ReactHost( 4243): 	at expo.modules.ReactActivityDelegateWrapper$launchLifecycleScopeWithLock$1.invokeSuspend(ReactActivityDelegateWrapper.kt:452)
07-13 10:03:17.061 E/unknown:ReactHost( 4243): 	at kotlin.coroutines.jvm.internal.BaseContinuationImpl.resumeWith(ContinuationImpl.kt:33)
