07-13 10:03:18.133 I/libPowerHal( 1059): [PD] system_server update ONESHOT cmd:3410300 param:21
07-13 10:03:18.135 I/ML::ProtocolManager( 4599): support miplay: false
07-13 10:03:18.137 I/ML::MiLinkServerService( 4599): updateSystemProjectionBlackList
07-13 10:03:18.138 D/ML::MiLinkServerService( 4599): MiLinkServerService onBind
07-13 10:03:18.138 D/C2MtkBufferManager( 1041): over 5000ms not request from VCodec but callback hooked, slow BM Cc fetch thread
07-13 10:03:18.140 I/MiuiNetworkPolicy( 1813): updateUidState uid = 10203, uidState = 19
07-13 10:03:18.144 I/ML::MiLinkTileService( 4599): onServiceConnected
07-13 10:03:18.152 D/WindowManager( 1813): Update screen project privacy blacklist
07-13 10:03:18.159 D/C2MtkBufferManager( 1041): over 5000ms not request from VCodec but callback hooked, slow BM Cc fetch thread
07-13 10:03:18.179 D/C2MtkBufferManager( 1041): over 5000ms not request from VCodec but callback hooked, slow BM Cc fetch thread
07-13 10:03:18.190 D/TrafficManageService( 5491): onReceive: intent.action = com.android.server.action.NETWORK_STATS_UPDATED
07-13 10:03:18.197 D/TrafficManageService-TrafficSimManager( 5491): notifyByNetChange: gooooo
07-13 10:03:18.199 D/C2MtkBufferManager( 1041): over 5000ms not request from VCodec but callback hooked, slow BM Cc fetch thread
07-13 10:03:18.206 I/geve    (10100): (REDACTED) Starting batch sync for corpora: %s
07-13 10:03:18.208 W/geve    (10100): Upload permissions denied for Corpus HULK_ONDEVICE_PERSONALIZATION
07-13 10:03:18.209 W/geve    (10100): Upload permissions denied for Corpus PRIVACY_SETTINGS
07-13 10:03:18.210 W/geve    (10100): Upload permissions denied for Corpus GELLER_CONFIG
07-13 10:03:18.218 D/TrafficManageService-TrafficSimManager( 5491): getMonthDataUsageUsed: new_get = 60040252153
07-13 10:03:18.218 D/ActivityManager( 1813): getProcessesInErrorState callingUid=10288, CallingPid=19459
07-13 10:03:18.220 D/C2MtkBufferManager( 1041): over 5000ms not request from VCodec but callback hooked, slow BM Cc fetch thread
07-13 10:03:18.234 I/geyw    (10100): (REDACTED) Setting isLegacySQLite mode to %s.
07-13 10:03:18.238 I/geve    (10100): (REDACTED) The syncToken for corpus %s is %s and the syncRequestReason is %s
07-13 10:03:18.239 I/geve    (10100): (REDACTED) The syncToken for corpus %s is %s and the syncRequestReason is %s
07-13 10:03:18.239 I/PhenotypeResourceReader(10100): unable to find any Phenotype resource metadata for com.milink.service
07-13 10:03:18.239 I/geve    (10100): (REDACTED) The syncToken for corpus %s is %s and the syncRequestReason is %s
07-13 10:03:18.241 D/C2MtkBufferManager( 1041): over 5000ms not request from VCodec but callback hooked, slow BM Cc fetch thread
07-13 10:03:18.261 D/C2MtkBufferManager( 1041): over 5000ms not request from VCodec but callback hooked, slow BM Cc fetch thread
07-13 10:03:18.279 E/.milink.service( 4599): No package ID 6a found for resource ID 0x6a0b0013.
07-13 10:03:18.281 I/FA      ( 4599): App measurement initialized, version: 172000
07-13 10:03:18.281 I/FA      ( 4599): To enable debug logging run: adb shell setprop log.tag.FA VERBOSE
07-13 10:03:18.281 I/FA      ( 4599): To enable faster debug mode event logging run:
07-13 10:03:18.281 I/FA      ( 4599):   adb shell setprop debug.firebase.analytics.app com.milink.service
07-13 10:03:18.282 D/C2MtkBufferManager( 1041): over 5000ms not request from VCodec but callback hooked, slow BM Cc fetch thread
07-13 10:03:18.302 D/C2MtkBufferManager( 1041): over 5000ms not request from VCodec but callback hooked, slow BM Cc fetch thread
07-13 10:03:18.316 D/ActivityManager( 1813): getProcessesInErrorState callingUid=10279, CallingPid=443
07-13 10:03:18.323 D/C2MtkBufferManager( 1041): over 5000ms not request from VCodec but callback hooked, slow BM Cc fetch thread
07-13 10:03:18.326 D/BoundBrokerSvc( 8414): onBind: Intent { act=com.google.android.gms.measurement.START pkg=com.google.android.gms }
07-13 10:03:18.326 D/BoundBrokerSvc( 8414): Loading bound service for intent: Intent { act=com.google.android.gms.measurement.START pkg=com.google.android.gms }
07-13 10:03:18.343 D/C2MtkBufferManager( 1041): over 5000ms not request from VCodec but callback hooked, slow BM Cc fetch thread
07-13 10:03:18.364 D/C2MtkBufferManager( 1041): over 5000ms not request from VCodec but callback hooked, slow BM Cc fetch thread
07-13 10:03:18.384 D/C2MtkBufferManager( 1041): over 5000ms not request from VCodec but callback hooked, slow BM Cc fetch thread
07-13 10:03:18.405 D/C2MtkBufferManager( 1041): over 5000ms not request from VCodec but callback hooked, slow BM Cc fetch thread
07-13 10:03:18.425 D/C2MtkBufferManager( 1041): over 5000ms not request from VCodec but callback hooked, slow BM Cc fetch thread
07-13 10:03:18.446 D/C2MtkBufferManager( 1041): over 5000ms not request from VCodec but callback hooked, slow BM Cc fetch thread
07-13 10:03:18.449 I/SmartPower: com.facebook.katana/10265(4293)( 1813): background->idle(4565ms) R(adj below visible) adj=0.
07-13 10:03:18.466 D/C2MtkBufferManager( 1041): over 5000ms not request from VCodec but callback hooked, slow BM Cc fetch thread
07-13 10:03:18.482 I/MiuiNetworkPolicy( 1813): updateUidState uid = 10317, uidState = 19
07-13 10:03:18.485 I/MiuiNetworkPolicy( 1813): updateUidState uid = 10265, uidState = 19
07-13 10:03:18.487 D/C2MtkBufferManager( 1041): over 5000ms not request from VCodec but callback hooked, slow BM Cc fetch thread
07-13 10:03:18.490 I/MiuiNetworkPolicy( 1813): updateUidState uid = 10317, uidState = 11
07-13 10:03:18.491 I/MiuiNetworkPolicy( 1813): updateUidState uid = 10265, uidState = 11
07-13 10:03:18.507 D/C2MtkBufferManager( 1041): over 5000ms not request from VCodec but callback hooked, slow BM Cc fetch thread
07-13 10:03:18.528 D/C2MtkBufferManager( 1041): over 5000ms not request from VCodec but callback hooked, slow BM Cc fetch thread
07-13 10:03:18.548 D/C2MtkBufferManager( 1041): over 5000ms not request from VCodec but callback hooked, slow BM Cc fetch thread
07-13 10:03:18.559 D/ActivityManager( 1813): getProcessesInErrorState callingUid=10283, CallingPid=30569
07-13 10:03:18.569 D/C2MtkBufferManager( 1041): over 5000ms not request from VCodec but callback hooked, slow BM Cc fetch thread
07-13 10:03:18.572 D/ULogGuard( 1314): Monitoring: 16 threads, 0 requests, 0 time-bombs; 2 guards. ResetFlags = 0x7
07-13 10:03:18.590 D/C2MtkBufferManager( 1041): over 5000ms not request from VCodec but callback hooked, slow BM Cc fetch thread
07-13 10:03:18.611 D/C2MtkBufferManager( 1041): over 5000ms not request from VCodec but callback hooked, slow BM Cc fetch thread
07-13 10:03:18.631 D/C2MtkBufferManager( 1041): over 5000ms not request from VCodec but callback hooked, slow BM Cc fetch thread
07-13 10:03:18.652 D/C2MtkBufferManager( 1041): over 5000ms not request from VCodec but callback hooked, slow BM Cc fetch thread
07-13 10:03:18.673 D/C2MtkBufferManager( 1041): over 5000ms not request from VCodec but callback hooked, slow BM Cc fetch thread
07-13 10:03:18.693 D/C2MtkBufferManager( 1041): over 5000ms not request from VCodec but callback hooked, slow BM Cc fetch thread
07-13 10:03:18.714 D/C2MtkBufferManager( 1041): over 5000ms not request from VCodec but callback hooked, slow BM Cc fetch thread
07-13 10:03:18.721 D/ActivityManager( 1813): getProcessesInErrorState callingUid=10288, CallingPid=19459
07-13 10:03:18.734 D/C2MtkBufferManager( 1041): over 5000ms not request from VCodec but callback hooked, slow BM Cc fetch thread
07-13 10:03:18.737 D/TelephonyManager( 2457): requestModemActivityInfo: Sending result to app: ModemActivityInfo{ mTimestamp=694998383 mSleepTimeMs=291195720 mIdleTimeMs=83045944 mActivityStatsTechSpecificInfo=[{mRat=UNKNOWN,mFrequencyRange=UNKNOWN,mTxTimeMs[]=[99490, 862675, 16631779, 16936974, 35741744],mRxTimeMs=322479202}]}
07-13 10:03:18.745 D/BufferPoolAccessor2.0( 1404): evictor expired: 1, evicted: 0
07-13 10:03:18.755 D/C2MtkBufferManager( 1041): over 5000ms not request from VCodec but callback hooked, slow BM Cc fetch thread
07-13 10:03:18.775 D/C2MtkBufferManager( 1041): over 5000ms not request from VCodec but callback hooked, slow BM Cc fetch thread
07-13 10:03:18.796 D/C2MtkBufferManager( 1041): over 5000ms not request from VCodec but callback hooked, slow BM Cc fetch thread
07-13 10:03:18.816 D/C2MtkBufferManager( 1041): over 5000ms not request from VCodec but callback hooked, slow BM Cc fetch thread
07-13 10:03:18.819 D/ActivityManager( 1813): getProcessesInErrorState callingUid=10279, CallingPid=443
07-13 10:03:18.837 D/C2MtkBufferManager( 1041): over 5000ms not request from VCodec but callback hooked, slow BM Cc fetch thread
07-13 10:03:18.858 D/C2MtkBufferManager( 1041): over 5000ms not request from VCodec but callback hooked, slow BM Cc fetch thread
07-13 10:03:18.878 D/C2MtkBufferManager( 1041): over 5000ms not request from VCodec but callback hooked, slow BM Cc fetch thread
07-13 10:03:18.884 W/unknown:BridgelessReact( 4243): ReactHost{0}.loadJSBundleFromMetro(): Creating BundleLoader
07-13 10:03:18.885 W/WindowOnBackDispatcher( 4243): sendCancelIfRunning: isInProgress=falsecallback=android.view.ViewRootImpl$$ExternalSyntheticLambda23@562382c
07-13 10:03:18.886 W/unknown:BridgelessReact( 4243): ReactHost{0}.getOrCreateReactInstanceTask(): Creating BridgelessReactContext
07-13 10:03:18.886 D/CoreBackPreview( 1813): Window{43e8327 u0 PopupWindow:a235c00}: Setting back callback null
07-13 10:03:18.891 W/unknown:BridgelessReact( 4243): ReactHost{0}.getOrCreateReactInstanceTask(): Creating ReactInstance
07-13 10:03:18.897 W/libc    ( 4243): Access denied finding property "ro.vendor.display.iris_x7.support"
07-13 10:03:18.899 D/C2MtkBufferManager( 1041): over 5000ms not request from VCodec but callback hooked, slow BM Cc fetch thread
07-13 10:03:18.899 D/View    ( 4243): [Warning] assignParent to null: this = android.widget.PopupWindow$PopupDecorView{9bf383a V.E...... R......D 0,0-720,50}
07-13 10:03:18.899 D/BLASTBufferQueue( 4243): [VRI[PopupWindow:a235c00]#1](f:0,a:1) destructor()
07-13 10:03:18.900 I/BpBinder( 1133): onLastStrongRef automatically unlinking death recipients: 
07-13 10:03:18.900 D/BufferQueueConsumer( 4243): [VRI[PopupWindow:a235c00]#1(BLAST Consumer)1](id:109300000001,api:0,p:-1,c:4243) disconnect
07-13 10:03:18.902 W/InputManager-JNI( 1813): Input channel object '43e8327 PopupWindow:a235c00 (client)' was disposed without first being removed with the input manager!
07-13 10:03:18.906 I/libPerfCtl( 1059): xgfGetFPS pid:2459 fps:-1
07-13 10:03:18.906 I/libPerfCtl( 1059): xgfGetFPS pid:4243 fps:-1
07-13 10:03:18.906 I/libPerfCtl( 1059): xgfGetFPS pid:26385 fps:-1
07-13 10:03:18.907 D/WindowManager( 1813): setParent old=Window{6f2ffe5 u0 com.skillsroom.mobile/com.skillsroom.mobile.MainActivity},new=null,this window=Window{43e8327 u0 PopupWindow:a235c00},callers=com.android.server.wm.WindowContainer.removeChild:831 com.android.server.wm.WindowContainer.removeImmediately:889 com.android.server.wm.WindowState.removeImmediately:2490 com.android.server.wm.WindowState.removeIfPossible:2662 com.android.server.wm.WindowManagerService.removeWindow:2412 com.android.server.wm.Session.remove:245 
07-13 10:03:18.909 I/geyw    (10100): (REDACTED) Writing data for these Geller corpora: %s
07-13 10:03:18.919 D/C2MtkBufferManager( 1041): over 5000ms not request from VCodec but callback hooked, slow BM Cc fetch thread
07-13 10:03:18.921 I/hwcomposer( 1039): [HWCDisplay] [Display_0 (type:1)] fps:8.642147,dur:2314.24,max:1765.33,min:13.58  
07-13 10:03:18.930 I/geyw    (10100): (REDACTED) Writing metadata key: %s, corpus: %s
07-13 10:03:18.932 I/geyw    (10100): (REDACTED) Writing metadata key: %s, corpus: %s
07-13 10:03:18.934 I/BufferQueueDebug( 1133): [43e8327 PopupWindow:a235c00#78721](this:0xb4000078559c0a30,id:-1,api:0,p:-1,c:1133) onDestructor()
07-13 10:03:18.934 I/BufferQueueDebug( 1133): [PopupWindow:a235c00#78722](this:0xb40000785b428a30,id:-1,api:0,p:-1,c:1133) onDestructor()
07-13 10:03:18.940 D/C2MtkBufferManager( 1041): over 5000ms not request from VCodec but callback hooked, slow BM Cc fetch thread
07-13 10:03:18.946 I/geyw    (10100): (REDACTED) Writing data for these Geller corpora: %s
07-13 10:03:18.960 D/C2MtkBufferManager( 1041): over 5000ms not request from VCodec but callback hooked, slow BM Cc fetch thread
07-13 10:03:18.979 I/geyw    (10100): (REDACTED) Wrote %d elements for corpus %s
07-13 10:03:18.981 D/C2MtkBufferManager( 1041): over 5000ms not request from VCodec but callback hooked, slow BM Cc fetch thread
07-13 10:03:18.981 I/geyw    (10100): (REDACTED) Writing metadata key: %s, corpus: %s
07-13 10:03:18.983 I/geyw    (10100): (REDACTED) Writing metadata key: %s, corpus: %s
07-13 10:03:18.989 I/geyw    (10100): (REDACTED) Writing data for these Geller corpora: %s
07-13 10:03:18.990 I/geyw    (10100): (REDACTED) Writing metadata key: %s, corpus: %s
07-13 10:03:18.992 I/geyw    (10100): (REDACTED) Writing metadata key: %s, corpus: %s
07-13 10:03:18.994 W/geve    (10100): Upload permissions denied for Corpus HULK_ONDEVICE_PERSONALIZATION
07-13 10:03:18.994 W/geve    (10100): Upload permissions denied for Corpus PRIVACY_SETTINGS
07-13 10:03:18.995 W/geve    (10100): Upload permissions denied for Corpus GELLER_CONFIG
07-13 10:03:19.001 D/C2MtkBufferManager( 1041): over 5000ms not request from VCodec but callback hooked, slow BM Cc fetch thread
07-13 10:03:19.022 D/C2MtkBufferManager( 1041): over 5000ms not request from VCodec but callback hooked, slow BM Cc fetch thread
07-13 10:03:19.029 D/nativeloader( 4243): Load /data/app/~~YLnmsdzZwEre--bK2d7z9w==/com.skillsroom.mobile-f9Bv9at9m-3mkcSkMrJiDw==/base.apk!/lib/arm64-v8a/libhermesvm.so using class loader ns clns-4 (caller=/data/app/~~YLnmsdzZwEre--bK2d7z9w==/com.skillsroom.mobile-f9Bv9at9m-3mkcSkMrJiDw==/base.apk!classes20.dex): ok
07-13 10:03:19.034 D/nativeloader( 4243): Load /data/app/~~YLnmsdzZwEre--bK2d7z9w==/com.skillsroom.mobile-f9Bv9at9m-3mkcSkMrJiDw==/base.apk!/lib/arm64-v8a/libhermestooling.so using class loader ns clns-4 (caller=/data/app/~~YLnmsdzZwEre--bK2d7z9w==/com.skillsroom.mobile-f9Bv9at9m-3mkcSkMrJiDw==/base.apk!classes20.dex): ok
07-13 10:03:19.035 D/jni_lib_merge( 4243): Entering merged library JNI_OnLoad.
07-13 10:03:19.035 D/jni_lib_merge( 4243): Preparing 4 pre-merged libs (including stub)
07-13 10:03:19.035 D/jni_lib_merge( 4243): Preparing to register libhermes_executor_so.  onload_func: 0x7c8218ffa4
07-13 10:03:19.035 D/jni_lib_merge( 4243): Preparing to register libhermesinstancejni_so.  onload_func: 0x7c821c98b4
07-13 10:03:19.035 D/jni_lib_merge( 4243): Preparing to register libjsijniprofiler_so.  onload_func: 0x7c821cb8f8
07-13 10:03:19.035 D/jni_lib_merge( 4243): About to register 3 actual methods.
07-13 10:03:19.042 D/C2MtkBufferManager( 1041): over 5000ms not request from VCodec but callback hooked, slow BM Cc fetch thread
07-13 10:03:19.059 I/geve    (10100): (REDACTED) Starting batch sync for corpora: %s
07-13 10:03:19.061 W/geve    (10100): Upload permissions denied for Corpus HULK_ONDEVICE_PERSONALIZATION
07-13 10:03:19.062 W/geve    (10100): Upload permissions denied for Corpus PRIVACY_SETTINGS
07-13 10:03:19.062 W/geve    (10100): Upload permissions denied for Corpus GELLER_CONFIG
07-13 10:03:19.063 D/C2MtkBufferManager( 1041): over 5000ms not request from VCodec but callback hooked, slow BM Cc fetch thread
07-13 10:03:19.081 I/geyw    (10100): (REDACTED) Setting isLegacySQLite mode to %s.
07-13 10:03:19.084 D/C2MtkBufferManager( 1041): over 5000ms not request from VCodec but callback hooked, slow BM Cc fetch thread
07-13 10:03:19.084 I/geve    (10100): (REDACTED) The syncToken for corpus %s is %s and the syncRequestReason is %s
07-13 10:03:19.085 I/geve    (10100): (REDACTED) The syncToken for corpus %s is %s and the syncRequestReason is %s
07-13 10:03:19.086 I/geve    (10100): (REDACTED) The syncToken for corpus %s is %s and the syncRequestReason is %s
07-13 10:03:19.104 D/C2MtkBufferManager( 1041): over 5000ms not request from VCodec but callback hooked, slow BM Cc fetch thread
07-13 10:03:19.125 D/C2MtkBufferManager( 1041): over 5000ms not request from VCodec but callback hooked, slow BM Cc fetch thread
07-13 10:03:19.145 D/C2MtkBufferManager( 1041): over 5000ms not request from VCodec but callback hooked, slow BM Cc fetch thread
07-13 10:03:19.166 D/C2MtkBufferManager( 1041): over 5000ms not request from VCodec but callback hooked, slow BM Cc fetch thread
07-13 10:03:19.186 D/C2MtkBufferManager( 1041): over 5000ms not request from VCodec but callback hooked, slow BM Cc fetch thread
07-13 10:03:19.206 D/C2MtkBufferManager( 1041): over 5000ms not request from VCodec but callback hooked, slow BM Cc fetch thread
07-13 10:03:19.223 D/ActivityManager( 1813): getProcessesInErrorState callingUid=10288, CallingPid=19459
07-13 10:03:19.227 D/C2MtkBufferManager( 1041): over 5000ms not request from VCodec but callback hooked, slow BM Cc fetch thread
07-13 10:03:19.248 D/C2MtkBufferManager( 1041): over 5000ms not request from VCodec but callback hooked, slow BM Cc fetch thread
07-13 10:03:19.268 D/C2MtkBufferManager( 1041): over 5000ms not request from VCodec but callback hooked, slow BM Cc fetch thread
07-13 10:03:19.289 D/C2MtkBufferManager( 1041): over 5000ms not request from VCodec but callback hooked, slow BM Cc fetch thread
07-13 10:03:19.309 D/C2MtkBufferManager( 1041): over 5000ms not request from VCodec but callback hooked, slow BM Cc fetch thread
07-13 10:03:19.321 D/ActivityManager( 1813): getProcessesInErrorState callingUid=10279, CallingPid=443
07-13 10:03:19.330 D/C2MtkBufferManager( 1041): over 5000ms not request from VCodec but callback hooked, slow BM Cc fetch thread
07-13 10:03:19.340 I/ExpoModulesCore( 4243): ✅ AppContext was initialized
07-13 10:03:19.351 D/C2MtkBufferManager( 1041): over 5000ms not request from VCodec but callback hooked, slow BM Cc fetch thread
07-13 10:03:19.371 D/C2MtkBufferManager( 1041): over 5000ms not request from VCodec but callback hooked, slow BM Cc fetch thread
07-13 10:03:19.392 D/C2MtkBufferManager( 1041): over 5000ms not request from VCodec but callback hooked, slow BM Cc fetch thread
07-13 10:03:19.413 D/C2MtkBufferManager( 1041): over 5000ms not request from VCodec but callback hooked, slow BM Cc fetch thread
07-13 10:03:19.424 D/TrafficManageService( 5491): onReceive: intent.action = com.android.server.action.NETWORK_STATS_UPDATED
07-13 10:03:19.427 D/TrafficManageService-TrafficSimManager( 5491): notifyByNetChange_time: return
07-13 10:03:19.433 D/C2MtkBufferManager( 1041): over 5000ms not request from VCodec but callback hooked, slow BM Cc fetch thread
07-13 10:03:19.454 D/C2MtkBufferManager( 1041): over 5000ms not request from VCodec but callback hooked, slow BM Cc fetch thread
07-13 10:03:19.474 D/C2MtkBufferManager( 1041): over 5000ms not request from VCodec but callback hooked, slow BM Cc fetch thread
07-13 10:03:19.495 I/MiuiNetworkPolicy( 1813): updateUidState uid = 10317, uidState = 19
07-13 10:03:19.495 D/C2MtkBufferManager( 1041): over 5000ms not request from VCodec but callback hooked, slow BM Cc fetch thread
07-13 10:03:19.495 I/MiuiNetworkPolicy( 1813): updateUidState uid = 10265, uidState = 19
07-13 10:03:19.502 I/MiuiNetworkPolicy( 1813): updateUidState uid = 10317, uidState = 11
07-13 10:03:19.502 I/MiuiNetworkPolicy( 1813): updateUidState uid = 10265, uidState = 11
07-13 10:03:19.515 D/C2MtkBufferManager( 1041): over 5000ms not request from VCodec but callback hooked, slow BM Cc fetch thread
07-13 10:03:19.520 W/unknown:BridgelessReact( 4243): ReactHost{0}.getOrCreateReactInstanceTask(): Loading JS Bundle
07-13 10:03:19.520 W/unknown:BridgelessReact( 4243): ReactHost{0}.getOrCreateReactInstanceTask(): DevSupportManager.onNewReactContextCreated()
07-13 10:03:19.529 W/unknown:ReactNative( 4243): Packager connection already open, nooping.
07-13 10:03:19.529 W/unknown:BridgelessReact( 4243): ReactHost{0}.startSurface(surfaceId = 0): Execute
07-13 10:03:19.529 W/unknown:BridgelessReact( 4243): ReactHost{0}.ReactContext.onHostResume()
07-13 10:03:19.536 D/C2MtkBufferManager( 1041): over 5000ms not request from VCodec but callback hooked, slow BM Cc fetch thread
07-13 10:03:19.541 W/unknown:BridgelessReact( 4243): ReactHost{0}.getOrCreateReactInstanceTask(): Executing ReactInstanceEventListeners
07-13 10:03:19.556 D/C2MtkBufferManager( 1041): over 5000ms not request from VCodec but callback hooked, slow BM Cc fetch thread
07-13 10:03:19.577 D/C2MtkBufferManager( 1041): over 5000ms not request from VCodec but callback hooked, slow BM Cc fetch thread
07-13 10:03:19.597 D/C2MtkBufferManager( 1041): over 5000ms not request from VCodec but callback hooked, slow BM Cc fetch thread
07-13 10:03:19.618 D/C2MtkBufferManager( 1041): over 5000ms not request from VCodec but callback hooked, slow BM Cc fetch thread
07-13 10:03:19.638 D/C2MtkBufferManager( 1041): over 5000ms not request from VCodec but callback hooked, slow BM Cc fetch thread
07-13 10:03:19.659 D/C2MtkBufferManager( 1041): over 5000ms not request from VCodec but callback hooked, slow BM Cc fetch thread
07-13 10:03:19.680 D/C2MtkBufferManager( 1041): over 5000ms not request from VCodec but callback hooked, slow BM Cc fetch thread
07-13 10:03:19.700 D/C2MtkBufferManager( 1041): over 5000ms not request from VCodec but callback hooked, slow BM Cc fetch thread
07-13 10:03:19.721 D/C2MtkBufferManager( 1041): over 5000ms not request from VCodec but callback hooked, slow BM Cc fetch thread
07-13 10:03:19.723 I/geyw    (10100): (REDACTED) Writing data for these Geller corpora: %s
07-13 10:03:19.724 I/geyw    (10100): (REDACTED) Writing metadata key: %s, corpus: %s
07-13 10:03:19.725 D/ActivityManager( 1813): getProcessesInErrorState callingUid=10288, CallingPid=19459
07-13 10:03:19.728 I/geyw    (10100): (REDACTED) Writing metadata key: %s, corpus: %s
07-13 10:03:19.741 I/geyw    (10100): (REDACTED) Writing data for these Geller corpora: %s
07-13 10:03:19.742 D/C2MtkBufferManager( 1041): over 5000ms not request from VCodec but callback hooked, slow BM Cc fetch thread
07-13 10:03:19.762 D/C2MtkBufferManager( 1041): over 5000ms not request from VCodec but callback hooked, slow BM Cc fetch thread
07-13 10:03:19.770 I/geyw    (10100): (REDACTED) Wrote %d elements for corpus %s
07-13 10:03:19.772 I/geyw    (10100): (REDACTED) Writing metadata key: %s, corpus: %s
07-13 10:03:19.773 I/geyw    (10100): (REDACTED) Writing metadata key: %s, corpus: %s
07-13 10:03:19.780 I/geyw    (10100): (REDACTED) Writing data for these Geller corpora: %s
07-13 10:03:19.781 I/geyw    (10100): (REDACTED) Writing metadata key: %s, corpus: %s
07-13 10:03:19.782 D/C2MtkBufferManager( 1041): over 5000ms not request from VCodec but callback hooked, slow BM Cc fetch thread
07-13 10:03:19.783 I/geyw    (10100): (REDACTED) Writing metadata key: %s, corpus: %s
07-13 10:03:19.787 W/geve    (10100): Upload permissions denied for Corpus GELLER_CONFIG
07-13 10:03:19.787 W/geve    (10100): Upload permissions denied for Corpus HULK_ONDEVICE_PERSONALIZATION
07-13 10:03:19.787 W/geve    (10100): Upload permissions denied for Corpus PRIVACY_SETTINGS
07-13 10:03:19.803 D/C2MtkBufferManager( 1041): over 5000ms not request from VCodec but callback hooked, slow BM Cc fetch thread
07-13 10:03:19.818 D/connsyslogger( 1516): SD_LOG_ROOT is /data/debuglogger/connsyslog/fw.
07-13 10:03:19.818 D/connsyslogger( 1516): systemReady:1
07-13 10:03:19.823 D/ActivityManager( 1813): getProcessesInErrorState callingUid=10279, CallingPid=443
07-13 10:03:19.823 D/C2MtkBufferManager( 1041): over 5000ms not request from VCodec but callback hooked, slow BM Cc fetch thread
07-13 10:03:19.844 D/C2MtkBufferManager( 1041): over 5000ms not request from VCodec but callback hooked, slow BM Cc fetch thread
07-13 10:03:19.851 I/geve    (10100): (REDACTED) Starting batch sync for corpora: %s
07-13 10:03:19.852 W/geve    (10100): Upload permissions denied for Corpus PRIVACY_SETTINGS
07-13 10:03:19.854 W/geve    (10100): Upload permissions denied for Corpus GELLER_CONFIG
07-13 10:03:19.854 W/geve    (10100): Upload permissions denied for Corpus HULK_ONDEVICE_PERSONALIZATION
07-13 10:03:19.864 D/C2MtkBufferManager( 1041): over 5000ms not request from VCodec but callback hooked, slow BM Cc fetch thread
07-13 10:03:19.869 I/geyw    (10100): (REDACTED) Setting isLegacySQLite mode to %s.
07-13 10:03:19.872 I/geve    (10100): (REDACTED) The syncToken for corpus %s is %s and the syncRequestReason is %s
07-13 10:03:19.873 I/geve    (10100): (REDACTED) The syncToken for corpus %s is %s and the syncRequestReason is %s
07-13 10:03:19.874 I/geve    (10100): (REDACTED) The syncToken for corpus %s is %s and the syncRequestReason is %s
07-13 10:03:19.885 D/C2MtkBufferManager( 1041): over 5000ms not request from VCodec but callback hooked, slow BM Cc fetch thread
07-13 10:03:19.905 D/C2MtkBufferManager( 1041): over 5000ms not request from VCodec but callback hooked, slow BM Cc fetch thread
07-13 10:03:19.906 I/libPerfCtl( 1059): xgfGetFPS pid:2459 fps:-1
07-13 10:03:19.906 I/libPerfCtl( 1059): xgfGetFPS pid:4243 fps:-1
07-13 10:03:19.906 I/libPerfCtl( 1059): xgfGetFPS pid:26385 fps:-1
07-13 10:03:19.926 D/C2MtkBufferManager( 1041): over 5000ms not request from VCodec but callback hooked, slow BM Cc fetch thread
07-13 10:03:19.946 D/C2MtkBufferManager( 1041): over 5000ms not request from VCodec but callback hooked, slow BM Cc fetch thread
07-13 10:03:19.967 D/C2MtkBufferManager( 1041): over 5000ms not request from VCodec but callback hooked, slow BM Cc fetch thread
07-13 10:03:19.976 D/BoundBrokerSvc( 8414): onUnbind: Intent { act=com.google.android.gms.onboardingconsent.api.ConsentManagerApiService.START dat=chimera-action:/... cmp=com.google.android.gms/.chimera.GmsApiService }
07-13 10:03:19.979 I/MiuiNetworkPolicy( 1813): updateUidState uid = 99051, uidState = 4
07-13 10:03:19.982 I/MiuiNetworkPolicy( 1813): updateUidState uid = 10240, uidState = 4
07-13 10:03:19.987 D/C2MtkBufferManager( 1041): over 5000ms not request from VCodec but callback hooked, slow BM Cc fetch thread
07-13 10:03:20.008 D/C2MtkBufferManager( 1041): over 5000ms not request from VCodec but callback hooked, slow BM Cc fetch thread
07-13 10:03:20.028 D/C2MtkBufferManager( 1041): over 5000ms not request from VCodec but callback hooked, slow BM Cc fetch thread
07-13 10:03:20.049 D/C2MtkBufferManager( 1041): over 5000ms not request from VCodec but callback hooked, slow BM Cc fetch thread
07-13 10:03:20.069 D/C2MtkBufferManager( 1041): over 5000ms not request from VCodec but callback hooked, slow BM Cc fetch thread
07-13 10:03:20.090 D/C2MtkBufferManager( 1041): over 5000ms not request from VCodec but callback hooked, slow BM Cc fetch thread
07-13 10:03:20.110 D/C2MtkBufferManager( 1041): over 5000ms not request from VCodec but callback hooked, slow BM Cc fetch thread
07-13 10:03:20.131 D/C2MtkBufferManager( 1041): over 5000ms not request from VCodec but callback hooked, slow BM Cc fetch thread
07-13 10:03:20.138 W/Settings( 2457): Setting airplane_mode_on has moved from android.provider.Settings.System to android.provider.Settings.Global, returning read-only value.
07-13 10:03:20.144 D/MobileStatusTracker(1)( 2459): onSignalStrengthsChanged signalStrength=SignalStrength:{mCdma=CellSignalStrengthCdma: cdmaDbm=2147483647 cdmaEcio=2147483647 evdoDbm=2147483647 evdoEcio=2147483647 evdoSnr=2147483647 miuiLevel=0 mOptimizedLevel=0 level=0,mGsm=CellSignalStrengthGsm: rssi=2147483647 ber=2147483647 mTa=2147483647 miuiLevel=0 isNtnMode=false mLevel=0,mWcdma=CellSignalStrengthWcdma: ss=2147483647 ber=2147483647 rscp=2147483647 ecno=2147483647 miuiLevel=0 mOptimizedLevel=0 level=0,mTdscdma=CellSignalStrengthTdscdma: rssi=2147483647 ber=2147483647 rscp=2147483647 miuiLevel=0 mOptimizedLevel=0 level=0,mLte=CellSignalStrengthLte: rssi=-93 rsrp=-103 rsrq=-11 rssnr=13 cqiTableIndex=2147483647 cqi=0 ta=0 miuiLevel=4 mOptimizedLevel=0 level=3 parametersUseForLevel=0,mNr=CellSignalStrengthNr:{ csiRsrp = 2147483647 csiRsrq = 2147483647 csiCqiTableIndex = 2147483647 csiCqiReport = [] ssRsrp = 2147483647 ssRsrq = 2147483647 ssSinr = 2147483647 miuiLevel = 0 mOptimizedLevel = 0 level = 0 parametersUseForLevel = 0 timingAdvance = 2147483647 },primary=CellSignalStrengthLte,mNrAsPrimaryInNrNsa=false}
07-13 10:03:20.145 D/NetworkController.MobileSignalController(1)( 2459): update5GConnectState: false
07-13 10:03:20.145 D/NetworkController.MobileSignalController(1)( 2459): ss use aosp level not 0, 4
07-13 10:03:20.152 D/C2MtkBufferManager( 1041): over 5000ms not request from VCodec but callback hooked, slow BM Cc fetch thread
07-13 10:03:20.166 W/soft_error.cpp( 3414): [pando::graphql::PandoGraphQLRequestHybrid::assertValid] : Using a PandoGraphQLRequest after it has been consumed. Query name is ZeroCampaignAPI
07-13 10:03:20.173 D/C2MtkBufferManager( 1041): over 5000ms not request from VCodec but callback hooked, slow BM Cc fetch thread
07-13 10:03:20.193 D/C2MtkBufferManager( 1041): over 5000ms not request from VCodec but callback hooked, slow BM Cc fetch thread
07-13 10:03:20.196 E/msys    ( 3414): E[N mns:TigonMNS]_OnResolverSuccess(308)=>Cache refresh succeeded with system DNS resolver. IP count: 1
07-13 10:03:20.214 D/C2MtkBufferManager( 1041): over 5000ms not request from VCodec but callback hooked, slow BM Cc fetch thread
07-13 10:03:20.227 D/ActivityManager( 1813): getProcessesInErrorState callingUid=10288, CallingPid=19459
07-13 10:03:20.234 D/C2MtkBufferManager( 1041): over 5000ms not request from VCodec but callback hooked, slow BM Cc fetch thread
07-13 10:03:20.255 D/C2MtkBufferManager( 1041): over 5000ms not request from VCodec but callback hooked, slow BM Cc fetch thread
07-13 10:03:20.276 D/C2MtkBufferManager( 1041): over 5000ms not request from VCodec but callback hooked, slow BM Cc fetch thread
07-13 10:03:20.296 D/C2MtkBufferManager( 1041): over 5000ms not request from VCodec but callback hooked, slow BM Cc fetch thread
07-13 10:03:20.318 D/C2MtkBufferManager( 1041): over 5000ms not request from VCodec but callback hooked, slow BM Cc fetch thread
07-13 10:03:20.324 D/ActivityManager( 1813): getProcessesInErrorState callingUid=10279, CallingPid=443
07-13 10:03:20.325 W/facebook.katana( 4293): Long monitor contention with owner Analytics2-EventProcessorProxy (4395) at void X.1JU.A00()(:-1) waiters=0 in void X.1JU.A00() for 4.809s
07-13 10:03:20.330 D/MediaCodec(19459): [mId: 6] audio-debug Stats over last 5006ms:
07-13 10:03:20.331 D/MediaCodec(19459): [mId: 6] audio-debug Qinput: 0, DQinput: 0 success out of 5 tries
07-13 10:03:20.331 D/MediaCodec(19459): [mId: 6] audio-debug Render: 0, Drop: 0, DQoutput: 0 success out of 0 tries
07-13 10:03:20.338 D/C2MtkBufferManager( 1041): over 5000ms not request from VCodec but callback hooked, slow BM Cc fetch thread
07-13 10:03:20.341 W/fb4a.PeriodicThreadBoost( 4293): Periodic thread booster disabled by MC
07-13 10:03:20.359 D/C2MtkBufferManager( 1041): over 5000ms not request from VCodec but callback hooked, slow BM Cc fetch thread
07-13 10:03:20.379 D/C2MtkBufferManager( 1041): over 5000ms not request from VCodec but callback hooked, slow BM Cc fetch thread
07-13 10:03:20.386 W/Looper  ( 4293): PerfMonitor longMsg : seq=3 plan=10:03:15.223 late=2ms wall=5147ms h=X.1MA w=1 procState=-1
07-13 10:03:20.387 W/Looper  ( 4293): PerfMonitor longMsg : seq=3 plan=10:03:15.516 late=0ms wall=4857ms h=X.1MA w=1 procState=-1
07-13 10:03:20.399 D/C2MtkBufferManager( 1041): over 5000ms not request from VCodec but callback hooked, slow BM Cc fetch thread
07-13 10:03:20.420 D/C2MtkBufferManager( 1041): over 5000ms not request from VCodec but callback hooked, slow BM Cc fetch thread
07-13 10:03:20.440 D/C2MtkBufferManager( 1041): over 5000ms not request from VCodec but callback hooked, slow BM Cc fetch thread
07-13 10:03:20.461 D/C2MtkBufferManager( 1041): over 5000ms not request from VCodec but callback hooked, slow BM Cc fetch thread
07-13 10:03:20.481 D/C2MtkBufferManager( 1041): over 5000ms not request from VCodec but callback hooked, slow BM Cc fetch thread
07-13 10:03:20.502 D/C2MtkBufferManager( 1041): over 5000ms not request from VCodec but callback hooked, slow BM Cc fetch thread
07-13 10:03:20.508 I/MiuiNetworkPolicy( 1813): updateUidState uid = 10317, uidState = 19
07-13 10:03:20.511 I/MiuiNetworkPolicy( 1813): updateUidState uid = 10265, uidState = 19
07-13 10:03:20.517 I/MiuiNetworkPolicy( 1813): updateUidState uid = 10317, uidState = 11
07-13 10:03:20.517 I/MiuiNetworkPolicy( 1813): updateUidState uid = 10265, uidState = 11
07-13 10:03:20.522 D/C2MtkBufferManager( 1041): over 5000ms not request from VCodec but callback hooked, slow BM Cc fetch thread
07-13 10:03:20.523 I/geyw    (10100): (REDACTED) Writing data for these Geller corpora: %s
07-13 10:03:20.543 D/C2MtkBufferManager( 1041): over 5000ms not request from VCodec but callback hooked, slow BM Cc fetch thread
07-13 10:03:20.559 I/geyw    (10100): (REDACTED) Wrote %d elements for corpus %s
07-13 10:03:20.561 D/ActivityManager( 1813): getProcessesInErrorState callingUid=10283, CallingPid=30569
07-13 10:03:20.561 I/geyw    (10100): (REDACTED) Writing metadata key: %s, corpus: %s
07-13 10:03:20.563 D/C2MtkBufferManager( 1041): over 5000ms not request from VCodec but callback hooked, slow BM Cc fetch thread
07-13 10:03:20.565 I/geyw    (10100): (REDACTED) Writing metadata key: %s, corpus: %s
07-13 10:03:20.566 D/CompatibilityChangeReporter( 1813): Compat change id reported: 74210811; UID 10265; state: ENABLED
07-13 10:03:20.572 I/geyw    (10100): (REDACTED) Writing data for these Geller corpora: %s
07-13 10:03:20.574 I/geyw    (10100): (REDACTED) Writing metadata key: %s, corpus: %s
07-13 10:03:20.577 I/geyw    (10100): (REDACTED) Writing metadata key: %s, corpus: %s
07-13 10:03:20.583 I/geyw    (10100): (REDACTED) Writing data for these Geller corpora: %s
07-13 10:03:20.584 D/C2MtkBufferManager( 1041): over 5000ms not request from VCodec but callback hooked, slow BM Cc fetch thread
07-13 10:03:20.584 W/C2BqBuffer( 1041): last successful dequeue was 94651848643 us ago, 0 consecutive failures
07-13 10:03:20.588 I/geyw    (10100): (REDACTED) Writing metadata key: %s, corpus: %s
07-13 10:03:20.590 I/geyw    (10100): (REDACTED) Writing metadata key: %s, corpus: %s
07-13 10:03:20.600 W/geve    (10100): Upload permissions denied for Corpus GELLER_CONFIG
07-13 10:03:20.601 W/geve    (10100): Upload permissions denied for Corpus HULK_ONDEVICE_PERSONALIZATION
07-13 10:03:20.602 W/geve    (10100): Upload permissions denied for Corpus PRIVACY_SETTINGS
07-13 10:03:20.604 D/C2MtkBufferManager( 1041): over 5000ms not request from VCodec but callback hooked, slow BM Cc fetch thread
07-13 10:03:20.625 D/C2MtkBufferManager( 1041): over 5000ms not request from VCodec but callback hooked, slow BM Cc fetch thread
07-13 10:03:20.645 D/C2MtkBufferManager( 1041): over 5000ms not request from VCodec but callback hooked, slow BM Cc fetch thread
07-13 10:03:20.662 D/ConnectivityService( 1813): requestNetwork for uid/pid:10265/4293 activeRequest: null callbackRequest: 77911 [NetworkRequest [ REQUEST id=77912, [ Capabilities: INTERNET&NOT_RESTRICTED&TRUSTED&NOT_VCN_MANAGED Uid: 10265 RequestorUid: 10265 RequestorPkg: com.facebook.katana UnderlyingNetworks: Null] ]] callback flags: 0 order: 2147483647 isUidTracked: false declaredMethods: AVAIL|LOST|NC
07-13 10:03:20.666 D/C2MtkBufferManager( 1041): over 5000ms not request from VCodec but callback hooked, slow BM Cc fetch thread
07-13 10:03:20.681 D/CompatibilityChangeReporter( 4293): Compat change id reported: 160794467; UID 10265; state: ENABLED
07-13 10:03:20.681 D/ConnectivityService( 1813): NetReassign [77912 : null → 141] [c 0] [a 5] [i 12]
07-13 10:03:20.681 D/WifiNetworkFactory( 1813): got request NetworkRequest [ REQUEST id=77912, [ Capabilities: INTERNET&NOT_RESTRICTED&TRUSTED&NOT_VCN_MANAGED Uid: 10265 RequestorUid: 10265 RequestorPkg: com.facebook.katana UnderlyingNetworks: Null] ]
07-13 10:03:20.681 D/UntrustedWifiNetworkFactory( 1813): got request NetworkRequest [ REQUEST id=77912, [ Capabilities: INTERNET&NOT_RESTRICTED&TRUSTED&NOT_VCN_MANAGED Uid: 10265 RequestorUid: 10265 RequestorPkg: com.facebook.katana UnderlyingNetworks: Null] ]
07-13 10:03:20.681 D/OemPaidWifiNetworkFactory( 1813): got request NetworkRequest [ REQUEST id=77912, [ Capabilities: INTERNET&NOT_RESTRICTED&TRUSTED&NOT_VCN_MANAGED Uid: 10265 RequestorUid: 10265 RequestorPkg: com.facebook.katana UnderlyingNetworks: Null] ]
07-13 10:03:20.681 D/MultiInternetWifiNetworkFactory( 1813): got request NetworkRequest [ REQUEST id=77912, [ Capabilities: INTERNET&NOT_RESTRICTED&TRUSTED&NOT_VCN_MANAGED Uid: 10265 RequestorUid: 10265 RequestorPkg: com.facebook.katana UnderlyingNetworks: Null] ]
07-13 10:03:20.686 D/C2MtkBufferManager( 1041): over 5000ms not request from VCodec but callback hooked, slow BM Cc fetch thread
07-13 10:03:20.687 I/geve    (10100): (REDACTED) Starting batch sync for corpora: %s
07-13 10:03:20.693 W/geve    (10100): Upload permissions denied for Corpus PRIVACY_SETTINGS
07-13 10:03:20.695 W/geve    (10100): Upload permissions denied for Corpus GELLER_CONFIG
07-13 10:03:20.696 W/geve    (10100): Upload permissions denied for Corpus HULK_ONDEVICE_PERSONALIZATION
07-13 10:03:20.707 D/C2MtkBufferManager( 1041): over 5000ms not request from VCodec but callback hooked, slow BM Cc fetch thread
07-13 10:03:20.708 I/WebViewFactory( 4243): Loading com.google.android.webview version 149.0.7827.159 (code 782715903)
07-13 10:03:20.726 D/ApplicationLoaders( 4243): Returning zygote-cached class loader: /system/framework/android.test.base.jar
07-13 10:03:20.727 D/C2MtkBufferManager( 1041): over 5000ms not request from VCodec but callback hooked, slow BM Cc fetch thread
07-13 10:03:20.729 D/ActivityManager( 1813): getProcessesInErrorState callingUid=10288, CallingPid=19459
07-13 10:03:20.732 I/geyw    (10100): (REDACTED) Setting isLegacySQLite mode to %s.
07-13 10:03:20.738 I/geve    (10100): (REDACTED) The syncToken for corpus %s is %s and the syncRequestReason is %s
07-13 10:03:20.739 I/geve    (10100): (REDACTED) The syncToken for corpus %s is %s and the syncRequestReason is %s
07-13 10:03:20.741 W/illsroom.mobile( 4243): Loading /data/app/~~I9JMISbGnQgsrXbLnY9_vg==/com.google.android.webview-4VnLznuLVABAoMOupiZzLQ==/oat/arm64/base.odex non-executable as it requires an image which we failed to load
07-13 10:03:20.743 I/geve    (10100): (REDACTED) The syncToken for corpus %s is %s and the syncRequestReason is %s
07-13 10:03:20.744 I/facebook.katana( 4293): CollectorTransition concurrent copying GC freed 1845KB AllocSpace bytes, 13(496KB) LOS objects, 49% free, 10MB/20MB, paused 1.446ms,1.217ms total 236.771ms
07-13 10:03:20.748 D/C2MtkBufferManager( 1041): over 5000ms not request from VCodec but callback hooked, slow BM Cc fetch thread
07-13 10:03:20.753 D/nativeloader( 4243): Configuring clns-5 for other apk /data/app/~~I9JMISbGnQgsrXbLnY9_vg==/com.google.android.webview-4VnLznuLVABAoMOupiZzLQ==/base.apk. target_sdk_version=36, uses_libraries=, library_path=/data/app/~~I9JMISbGnQgsrXbLnY9_vg==/com.google.android.webview-4VnLznuLVABAoMOupiZzLQ==/lib/arm64:/data/app/~~I9JMISbGnQgsrXbLnY9_vg==/com.google.android.webview-4VnLznuLVABAoMOupiZzLQ==/base.apk!/lib/arm64-v8a, permitted_path=/data:/mnt/expand
07-13 10:03:20.769 D/C2MtkBufferManager( 1041): over 5000ms not request from VCodec but callback hooked, slow BM Cc fetch thread
07-13 10:03:20.789 D/C2MtkBufferManager( 1041): over 5000ms not request from VCodec but callback hooked, slow BM Cc fetch thread
07-13 10:03:20.810 D/C2MtkBufferManager( 1041): over 5000ms not request from VCodec but callback hooked, slow BM Cc fetch thread
07-13 10:03:20.826 D/ActivityManager( 1813): getProcessesInErrorState callingUid=10279, CallingPid=443
07-13 10:03:20.826 E/HiddenApis2( 4293): Failed to init DecodeJObjectFuncPtr
07-13 10:03:20.830 D/C2MtkBufferManager( 1041): over 5000ms not request from VCodec but callback hooked, slow BM Cc fetch thread
07-13 10:03:20.851 D/C2MtkBufferManager( 1041): over 5000ms not request from VCodec but callback hooked, slow BM Cc fetch thread
07-13 10:03:20.855 D/FileUtils( 1813): Rounded bytes from 3899887616 to 4000000000
07-13 10:03:20.857 D/FileUtils( 1813): Rounded bytes from 3899887616 to 4000000000
07-13 10:03:20.861 D/CompatibilityChangeReporter( 1813): Compat change id reported: 171306433; UID 10265; state: ENABLED
07-13 10:03:20.865 D/CompatibilityChangeReporter( 1813): Compat change id reported: 218533173; UID 10265; state: ENABLED
07-13 10:03:20.872 D/C2MtkBufferManager( 1041): over 5000ms not request from VCodec but callback hooked, slow BM Cc fetch thread
07-13 10:03:20.886 W/fb4a.Fixie/ActivityStackResetterFixer( 4293): Enable Activity Stack Resetter
07-13 10:03:20.892 D/C2MtkBufferManager( 1041): over 5000ms not request from VCodec but callback hooked, slow BM Cc fetch thread
07-13 10:03:20.899 I/stagram.android( 3414): CollectorTransition concurrent copying GC freed 4662KB AllocSpace bytes, 53(1920KB) LOS objects, 62% free, 14MB/38MB, paused 385us,172us total 391.142ms
07-13 10:03:20.899 I/cr_WVCFactoryProvider( 4243): version=149.0.7827.159 (782715903) minSdkVersion=29 multiprocess=true packageId=127 splits=<none>
07-13 10:03:20.906 I/libPerfCtl( 1059): xgfGetFPS pid:2459 fps:-1
07-13 10:03:20.906 I/libPerfCtl( 1059): xgfGetFPS pid:4243 fps:-1
07-13 10:03:20.906 I/libPerfCtl( 1059): xgfGetFPS pid:26385 fps:-1
07-13 10:03:20.911 W/System  ( 3414): A resource failed to call ZipFile.close. 
07-13 10:03:20.913 D/C2MtkBufferManager( 1041): over 5000ms not request from VCodec but callback hooked, slow BM Cc fetch thread
07-13 10:03:20.923 D/nativeloader( 4243): Load /data/app/~~I9JMISbGnQgsrXbLnY9_vg==/com.google.android.webview-4VnLznuLVABAoMOupiZzLQ==/base.apk!/lib/arm64-v8a/libwebviewchromium.so using class loader ns clns-5 (caller=/data/app/~~I9JMISbGnQgsrXbLnY9_vg==/com.google.android.webview-4VnLznuLVABAoMOupiZzLQ==/base.apk): ok
07-13 10:03:20.933 D/C2MtkBufferManager( 1041): over 5000ms not request from VCodec but callback hooked, slow BM Cc fetch thread
07-13 10:03:20.947 D/nativeloader( 4243): Load /data/app/~~YLnmsdzZwEre--bK2d7z9w==/com.skillsroom.mobile-f9Bv9at9m-3mkcSkMrJiDw==/base.apk!/lib/arm64-v8a/libexpo-modules-core.so using class loader ns clns-4 (caller=/data/app/~~YLnmsdzZwEre--bK2d7z9w==/com.skillsroom.mobile-f9Bv9at9m-3mkcSkMrJiDw==/base.apk!classes20.dex): ok
07-13 10:03:20.952 W/BridgelessReactContext( 4243): [WARNING] Bridgeless doesn't support CatalystInstance. Accessing an API that's not part of the new architecture is not encouraged usage.
07-13 10:03:20.954 D/C2MtkBufferManager( 1041): over 5000ms not request from VCodec but callback hooked, slow BM Cc fetch thread
07-13 10:03:20.954 D/nativeloader( 4243): Load /system/lib64/libwebviewchromium_plat_support.so using class loader ns clns-5 (caller=/data/app/~~I9JMISbGnQgsrXbLnY9_vg==/com.google.android.webview-4VnLznuLVABAoMOupiZzLQ==/base.apk): ok
07-13 10:03:20.969 I/chromium( 4243): [0713/100320.964001:INFO:android_webview/browser/variations/variations_seed_loader.cc:67] Failed to open file for reading.: No such file or directory (2)
07-13 10:03:20.970 I/chromium( 4243): [0713/100320.970054:INFO:android_webview/browser/variations/variations_seed_loader.cc:67] Failed to open file for reading.: No such file or directory (2)
07-13 10:03:20.971 I/ExpoModulesCore( 4243): ✅ JSI interop was installed
07-13 10:03:20.974 D/C2MtkBufferManager( 1041): over 5000ms not request from VCodec but callback hooked, slow BM Cc fetch thread
07-13 10:03:20.983 I/ExpoModulesCore( 4243): ✅ Constants were exported
07-13 10:03:20.994 D/C2MtkBufferManager( 1041): over 5000ms not request from VCodec but callback hooked, slow BM Cc fetch thread
07-13 10:03:21.015 D/C2MtkBufferManager( 1041): over 5000ms not request from VCodec but callback hooked, slow BM Cc fetch thread
07-13 10:03:21.034 I/cr_LibraryLoader( 4243): Successfully loaded native library
07-13 10:03:21.035 D/C2MtkBufferManager( 1041): over 5000ms not request from VCodec but callback hooked, slow BM Cc fetch thread
07-13 10:03:21.050 I/cr_CachingUmaRecorder( 4243): Flushed 41 samples from 19 histograms, 0 samples were dropped.
07-13 10:03:21.056 D/C2MtkBufferManager( 1041): over 5000ms not request from VCodec but callback hooked, slow BM Cc fetch thread
07-13 10:03:21.076 D/C2MtkBufferManager( 1041): over 5000ms not request from VCodec but callback hooked, slow BM Cc fetch thread
07-13 10:03:21.097 D/C2MtkBufferManager( 1041): over 5000ms not request from VCodec but callback hooked, slow BM Cc fetch thread
07-13 10:03:21.117 D/C2MtkBufferManager( 1041): over 5000ms not request from VCodec but callback hooked, slow BM Cc fetch thread
07-13 10:03:21.138 D/C2MtkBufferManager( 1041): over 5000ms not request from VCodec but callback hooked, slow BM Cc fetch thread
07-13 10:03:21.140 I/SmartPower: com.milink.service/10203(4599)( 1813): background->idle(3152ms) R(service end com.milink.service/com.milink.server.MiLinkServerService) adj=905.
07-13 10:03:21.149 W/unknown:ViewManagerPropertyUpdater( 4243): Could not find generated setter for class com.th3rdwave.safeareacontext.SafeAreaProviderManager
07-13 10:03:21.158 D/C2MtkBufferManager( 1041): over 5000ms not request from VCodec but callback hooked, slow BM Cc fetch thread
07-13 10:03:21.160 W/unknown:ViewManagerPropertyUpdater( 4243): Could not find generated setter for class com.facebook.react.uimanager.LayoutShadowNode
07-13 10:03:21.162 E/InterpreterCacheClear( 4293): Could not find symbol to hook
07-13 10:03:21.167 W/unknown:ViewManagerPropertyUpdater( 4243): Could not find generated setter for class com.swmansion.rnscreens.SearchBarManager
07-13 10:03:21.174 W/unknown:ViewManagerPropertyUpdater( 4243): Could not find generated setter for class com.swmansion.rnscreens.ScreenFooterManager
07-13 10:03:21.178 W/LogPrintlnFixie( 4293): Hook disabled by config
07-13 10:03:21.179 D/C2MtkBufferManager( 1041): over 5000ms not request from VCodec but callback hooked, slow BM Cc fetch thread
07-13 10:03:21.186 W/unknown:ViewManagerPropertyUpdater( 4243): Could not find generated setter for class com.swmansion.rnscreens.gamma.tabs.TabScreenViewManager
07-13 10:03:21.189 W/unknown:ViewManagerPropertyUpdater( 4243): Could not find generated setter for class expo.modules.kotlin.views.GroupViewManagerWrapper
07-13 10:03:21.197 W/unknown:ViewManagerPropertyUpdater( 4243): Could not find generated setter for class com.swmansion.rnscreens.ScreenContainerViewManager
07-13 10:03:21.199 D/C2MtkBufferManager( 1041): over 5000ms not request from VCodec but callback hooked, slow BM Cc fetch thread
07-13 10:03:21.203 W/unknown:ViewManagerPropertyUpdater( 4243): Could not find 