07-13 08:52:04.067 W/system_server( 1813): Long monitor contention with owner binder:1813_F (3464) at boolean com.android.server.am.ActivityManagerService.cleanUpApplicationRecordLocked(com.android.server.am.ProcessRecord, int, boolean, boolean, int, boolean, boolean)(ActivityManagerService.java:13718) waiters=0 in java.util.List com.android.server.am.ActivityManagerService.getProcessesInErrorState() for 164ms
07-13 08:52:04.070 W/system_server( 1813): Long monitor contention with owner binder:1813_F (3464) at boolean com.android.server.am.ActivityManagerService.cleanUpApplicationRecordLocked(com.android.server.am.ProcessRecord, int, boolean, boolean, int, boolean, boolean)(ActivityManagerService.java:13718) waiters=1 in java.util.List com.android.server.am.ActivityManagerService.getProcessesInErrorState() for 191ms
07-13 08:52:04.071 I/IPCThreadState( 4459): oneway function results for code 3 on binder at 0xb400007cb4ffdc20 will be dropped but finished with status UNKNOWN_TRANSACTION
07-13 08:52:04.071 W/MiPicks-ProcessObserverV10(21977): onProcessDied:pid = 12940,died-uid=10203
07-13 08:52:04.080 I/MiuiNetworkPolicy( 1813): removeUidState uid = 10203
07-13 08:52:04.080 D/DisplayManagerService( 1813): Drop pending events for gone uid 10203
07-13 08:52:04.081 D/UidObserver( 7233): onUidGone entry uid = 10203
07-13 08:52:04.083 I/mtkpower_client( 1813): [Legacy][PowerHal_Wrap_notifyAppState] com.milink.service/com.milink.service pid=12940 state:3
07-13 08:52:04.083 I/libPowerHal( 1059): [perfNotifyAppState] pack:com.milink.service, act:com.milink.service, state:3, pid:12940, uid:10203, fps:-1
07-13 08:52:04.083 I/libPowerHal( 1059): [perfNotifyAppState] pack:com.milink.service, pid:12940, STATE_DEAD
07-13 08:52:04.083 D/RilUtility( 1059): notify_rild_crash_pid_set certPid:-1, crash:12940, scn:0x0
07-13 08:52:04.086 D/ATMSImpl( 1813): setActivityController callingUid:2000 control=true
07-13 08:52:04.088 D/C2MtkBufferManager( 1041): over 5000ms not request from VCodec but callback hooked, slow BM Cc fetch thread
07-13 08:52:04.092 D/WindowManager( 1813): wms.Focus not requested for window=Window{e959bbc u0 GoogleDiscoverWindow} because it has no surface or is not focusable.
07-13 08:52:04.094 W/BpBinder(12832): Slow Binder: BpBinder transact took 293 ms, interface=android.app.IActivityManager, code=40 oneway=false
07-13 08:52:04.095 W/system_server( 1813): PerfMonitor async binderTransact :  time=295ms interface=android.app.IActivityManager code=61
07-13 08:52:04.097 I/BufferQueueDebug( 1133): [Surface(name=d59f9dd NavigationBar0#77073)/@0xd8156d9 - animation-leash of insets_animation#77737](this:0xb40000785b641a30,id:-1,api:0,p:-1,c:1133) onDestructor()
07-13 08:52:04.097 W/BpBinder(12832): Slow Binder: BpBinder transact took 250 ms, interface=android.app.job.IJobScheduler, code=1 oneway=false
07-13 08:52:04.098 I/BufferQueueDebug( 1133): [Surface(name=5a869db StatusBar#93)/@0xba1daa7 - animation-leash of insets_animation#77738](this:0xb40000785b644a30,id:-1,api:0,p:-1,c:1133) onDestructor()
07-13 08:52:04.099 W/BpBinder( 8414): Slow Binder: BpBinder transact took 265 ms, interface=android.app.IActivityManager, code=37 oneway=false
07-13 08:52:04.100 W/ActivityManager( 1813): registerReceiverWithFeature: no app for null
07-13 08:52:04.101 D/AdvertisingIdClient( 8414): AdvertisingIdClient is bounded
07-13 08:52:04.103 W/BpBinder(12828): Slow Binder: BpBinder transact took 275 ms, interface=android.app.IActivityManager, code=19 oneway=false
07-13 08:52:04.104 W/AdvertisingIdSettings( 8414): Package com.milink.service failed Ad Id permission check. Apps that target Android SDK 33 or higher should declare com.google.android.gms.permission.AD_ID in the app manifest to access Ad Id.
07-13 08:52:04.105 I/AdvertisingIdClient( 8414): shouldSendLog -1
07-13 08:52:04.105 D/CompatibilityChangeReporter(12828): Compat change id reported: 247079863; UID 10266; state: ENABLED
07-13 08:52:04.108 D/C2MtkBufferManager( 1041): over 5000ms not request from VCodec but callback hooked, slow BM Cc fetch thread
07-13 08:52:04.111 I/AdvertisingIdClient( 8414): GetInfoInternal elapse 281ms
07-13 08:52:04.129 D/C2MtkBufferManager( 1041): over 5000ms not request from VCodec but callback hooked, slow BM Cc fetch thread
07-13 08:52:04.144 D/AdvertisingIdClient( 8414): AdvertisingIdClient already created.
07-13 08:52:04.146 I/AdvertisingIdClient( 8414): shouldSendLog -1
07-13 08:52:04.146 I/AdvertisingIdClient( 8414): GetInfoInternal elapse 2ms
07-13 08:52:04.149 D/C2MtkBufferManager( 1041): over 5000ms not request from VCodec but callback hooked, slow BM Cc fetch thread
07-13 08:52:04.169 D/C2MtkBufferManager( 1041): over 5000ms not request from VCodec but callback hooked, slow BM Cc fetch thread
07-13 08:52:04.182 D/ServiceStateProvider( 2457): subId=5
07-13 08:52:04.191 D/C2MtkBufferManager( 1041): over 5000ms not request from VCodec but callback hooked, slow BM Cc fetch thread
07-13 08:52:04.205 D/MobileStatusTracker(5)( 2459): onServiceStateChanged state={mVoiceRegState=0(IN_SERVICE), mDataRegState=0(IN_SERVICE), mChannelNumber=3256, duplexMode()=1, mCellBandwidths=[20000], mOperatorAlphaLong=Airtel Nigeria, mOperatorAlphaShort=Airtel Nigeria, isManualNetworkSelection=false(automatic), getRilVoiceRadioTechnology=14(LTE), getRilDataRadioTechnology=14(LTE), mCssIndicator=unsupported, mNetworkId=-1, mSystemId=-1, mCdmaRoamingIndicator=-1, mCdmaDefaultRoamingIndicator=-1, mIsEmergencyOnly=false, isUsingCarrierAggregation=false, mArfcnRsrpBoost=0, mNetworkRegistrationInfos=[NetworkRegistrationInfo{ domain=PS transportType=WLAN registrationState=NOT_REG_OR_SEARCHING networkRegistrationState=NOT_REG_OR_SEARCHING roamingType=NOT_ROAMING accessNetworkTechnology=UNKNOWN rejectCause=0 emergencyEnabled=false availableServices=[] cellIdentity=null voiceSpecificInfo=null dataSpecificInfo=android.telephony.DataSpecificRegistrationInfo :{ maxDataCalls = 0 isDcNrRestricted = false isNrAvailable = false isEnDcAvailable = false mLteAttachResultType = 0 mLteAttachExtraInfo = 0 LteVopsSupportInfo :  mVopsSupport = 1 mEmcBearerSupport = 1 } nrState=**** rRplmn=null isUsingCarrierAggregation=false}, NetworkRegistrationInfo{ domain=CS transportType=WWAN registrationState=HOME networkRegistrationState=HOME roamingType=NOT_ROAMING accessNetworkTechnology=LTE rejectCause=0 emergencyEnabled=false availableServices=[VOICE,SMS,VIDEO] cellIdentity=CellIdentityLte:{ mBandwidth=20000 mMcc=621 mMnc=20 mAlphaLong=Airtel Nigeria mAlphaShort=Airtel Nigeria mAdditionalPlmns={} mCsgInfo=null} voiceSpecificInfo=VoiceSpecificRegistrationInfo { mCssSupported=false mRoamingIndicator=0 mSystemIsInPrl=0 mDefaultRoamingIndicator=0} dataSpecificInfo=null nrState=**** rRplmn=62120 isUsingCarrierAggregation=false}, NetworkRegistrationInfo{ domain=PS transportType=WWAN registrationState=HOME networkRegistrationState=HOME roamingType=NOT_ROAMING accessNetworkTechnology=LTE rejectCause=0 emergencyEnabled=false availableServices=[DATA] cellIdentity=CellIdentityLte:{ mBandwidth=20000 mMcc=621 mMnc=20 mAlphaLong=Airtel Nigeria mAlphaShort=Airtel Nigeria mAdditionalPlmns={} mCsgInfo=null} voiceSpecificInfo=null dataSpecificInfo=android.telephony.DataSpecificRegistrationInfo :{ maxDataCalls = 16 isDcNrRestricted = false isNrAvailable = false isEnDcAvailable = false mLteAttachResultType = 0 mLteAttachExtraInfo = 0 LteVopsSupportInfo :  mVopsSupport = 3 mEmcBearerSupport = 3 } nrState=**** rRplmn=62120 isUsingCarrierAggregation=false}], mNrFrequencyRange=0, mOperatorAlphaLongRaw=Airtel Nigeria, mOperatorAlphaShortRaw=Airtel Nigeria, mIsDataRoamingFromRegistration=false, mIsIwlanPreferred=false}
07-13 08:52:04.208 D/NetworkController.MobileSignalController(5)( 2459): update5GConnectState: false
07-13 08:52:04.209 D/NetworkController.MobileSignalController(5)( 2459): ss use aosp level not 0, 5
07-13 08:52:04.211 D/C2MtkBufferManager( 1041): over 5000ms not request from VCodec but callback hooked, slow BM Cc fetch thread
07-13 08:52:04.232 D/C2MtkBufferManager( 1041): over 5000ms not request from VCodec but callback hooked, slow BM Cc fetch thread
07-13 08:52:04.235 W/ContextImpl( 1813): Calling a method in the system process without a qualified user: android.app.ContextImpl.sendBroadcastMultiplePermissions:1281 android.content.Context.sendBroadcastMultiplePermissions:2487 com.android.server.TelephonyRegistry.broadcastServiceStateChanged:3616 com.android.server.TelephonyRegistry.notifyServiceStateForPhoneId:1778 com.android.internal.telephony.ITelephonyRegistry$Stub.onTransact:534 
07-13 08:52:04.242 W/ContextImpl( 1813): Calling a method in the system process without a qualified user: android.app.ContextImpl.sendBroadcastMultiplePermissions:1314 com.android.server.TelephonyRegistry.broadcastServiceStateChanged:3621 com.android.server.TelephonyRegistry.notifyServiceStateForPhoneId:1778 com.android.internal.telephony.ITelephonyRegistry$Stub.onTransact:534 android.os.Binder.execTransactInternal:1351 
07-13 08:52:04.248 W/ContextImpl( 1813): Calling a method in the system process without a qualified user: android.app.ContextImpl.sendBroadcastMultiplePermissions:1314 com.android.server.TelephonyRegistry.broadcastServiceStateChanged:3630 com.android.server.TelephonyRegistry.notifyServiceStateForPhoneId:1778 com.android.internal.telephony.ITelephonyRegistry$Stub.onTransact:534 android.os.Binder.execTransactInternal:1351 
07-13 08:52:04.250 D/MiuiCarrierTextController( 2459): updateCarrierText: MTN - NG | Airtel NG
07-13 08:52:04.251 W/ContextImpl( 1813): Calling a method in the system process without a qualified user: android.app.ContextImpl.sendBroadcastMultiplePermissions:1314 com.android.server.TelephonyRegistry.broadcastServiceStateChanged:3636 com.android.server.TelephonyRegistry.notifyServiceStateForPhoneId:1778 com.android.internal.telephony.ITelephonyRegistry$Stub.onTransact:534 android.os.Binder.execTransactInternal:1351 
07-13 08:52:04.252 D/C2MtkBufferManager( 1041): over 5000ms not request from VCodec but callback hooked, slow BM Cc fetch thread
07-13 08:52:04.255 D/CompatibilityChangeReporter( 1813): Compat change id reported: 161252188; UID 10210; state: DISABLED
07-13 08:52:04.267 D/CompatibilityChangeReporter( 1813): Compat change id reported: 135634846; UID 10249; state: DISABLED
07-13 08:52:04.267 D/CompatibilityChangeReporter( 1813): Compat change id reported: 177438394; UID 10249; state: DISABLED
07-13 08:52:04.268 D/CompatibilityChangeReporter( 1813): Compat change id reported: 135772972; UID 10249; state: DISABLED
07-13 08:52:04.268 D/CompatibilityChangeReporter( 1813): Compat change id reported: 135754954; UID 10249; state: ENABLED
07-13 08:52:04.269 D/CompatibilityChangeReporter( 1813): Compat change id reported: 143937733; UID 10249; state: ENABLED
07-13 08:52:04.272 D/C2MtkBufferManager( 1041): over 5000ms not request from VCodec but callback hooked, slow BM Cc fetch thread
07-13 08:52:04.276 W/ActivityTaskManager( 1813): callingPackage for (uid=2000, pid=12814) has no WPC
07-13 08:52:04.276 D/EventBus(12828): No subscribers registered for event class com.google.mlkit.vision.text.zzd
07-13 08:52:04.276 D/EventBus(12828): No subscribers registered for event class coil3.request.OneShotDisposable
07-13 08:52:04.285 D/CompatibilityChangeReporter(12828): Compat change id reported: 194532703; UID 10266; state: ENABLED
07-13 08:52:04.285 D/CompatibilityChangeReporter(12828): Compat change id reported: 253665015; UID 10266; state: ENABLED
07-13 08:52:04.288 D/CompatibilityChangeReporter( 1813): Compat change id reported: 265464455; UID 10210; state: DISABLED
07-13 08:52:04.288 D/Zygote  ( 1023): Forked child process 13250
07-13 08:52:04.288 D/CompatibilityChangeReporter( 1813): Compat change id reported: 265452344; UID 10210; state: DISABLED
07-13 08:52:04.289 I/ActivityManager( 1813): Start proc 13250:com.google.android.cellbroadcastreceiver/u0a249 for broadcast {com.google.android.cellbroadcastreceiver/com.android.cellbroadcastreceiver.CellBroadcastReceiver} caller=android
07-13 08:52:04.290 D/CompatibilityChangeReporter( 1813): Compat change id reported: 253665015; UID 10266; state: ENABLED
07-13 08:52:04.291 D/CompatibilityChangeReporter( 1813): Compat change id reported: 194532703; UID 10266; state: ENABLED
07-13 08:52:04.291 D/CompatibilityChangeReporter( 1813): Compat change id reported: 266124927; UID 10210; state: DISABLED
07-13 08:52:04.291 D/CompatibilityChangeReporter( 1813): Compat change id reported: 265451093; UID 10210; state: DISABLED
07-13 08:52:04.292 D/CompatibilityChangeReporter( 1813): Compat change id reported: 265456536; UID 10210; state: DISABLED
07-13 08:52:04.292 D/CompatibilityChangeReporter( 1813): Compat change id reported: 255940284; UID 10210; state: DISABLED
07-13 08:52:04.292 D/CompatibilityChangeReporter( 1813): Compat change id reported: 236283604; UID 10210; state: DISABLED
07-13 08:52:04.292 D/CompatibilityChangeReporter( 1813): Compat change id reported: 263959004; UID 10210; state: DISABLED
07-13 08:52:04.292 D/CompatibilityChangeReporter( 1813): Compat change id reported: 264304459; UID 10210; state: DISABLED
07-13 08:52:04.292 D/CompatibilityChangeReporter( 1813): Compat change id reported: 264301586; UID 10210; state: DISABLED
07-13 08:52:04.292 D/CompatibilityChangeReporter( 1813): Compat change id reported: 254631730; UID 10210; state: DISABLED
07-13 08:52:04.292 D/CompatibilityChangeReporter( 1813): Compat change id reported: 273509367; UID 10210; state: DISABLED
07-13 08:52:04.292 D/CompatibilityChangeReporter( 1813): Compat change id reported: 263259275; UID 10210; state: DISABLED
07-13 08:52:04.292 D/CompatibilityChangeReporter( 1813): Compat change id reported: 174042980; UID 10210; state: DISABLED
07-13 08:52:04.293 D/C2MtkBufferManager( 1041): over 5000ms not request from VCodec but callback hooked, slow BM Cc fetch thread
07-13 08:52:04.293 D/CompatibilityChangeReporter( 1813): Compat change id reported: 174042936; UID 10210; state: DISABLED
07-13 08:52:04.293 D/CompatibilityChangeReporter( 1813): Compat change id reported: 181136395; UID 10210; state: DISABLED
07-13 08:52:04.298 D/CompatibilityChangeReporter( 1813): Compat change id reported: 194480991; UID 10210; state: ENABLED
07-13 08:52:04.305 I/libPerfCtl( 1059): xgfGetFPS pid:2459 fps:-1
07-13 08:52:04.305 I/libPerfCtl( 1059): xgfGetFPS pid:2470 fps:-1
07-13 08:52:04.307 D/WindowManager( 1813): Collecting in transition 6345: ActivityRecord{721dadd u0 com.skillsroom.mobile/.MainActivity init visibleRequested:false
07-13 08:52:04.309 D/MiuiFreeFormManagerService( 1813): activeOrFullscreenFreeformTaskIfNeed startDefaultAr:true
07-13 08:52:04.313 D/C2MtkBufferManager( 1041): over 5000ms not request from VCodec but callback hooked, slow BM Cc fetch thread
07-13 08:52:04.316 I/PowerHalWrapper( 1813): PowerHalWrapper.getInstance 
07-13 08:52:04.316 D/PerfMTKStubImpl( 1813): initBoostParamByDevice
07-13 08:52:04.334 D/C2MtkBufferManager( 1041): over 5000ms not request from VCodec but callback hooked, slow BM Cc fetch thread
07-13 08:52:04.336 I/ActivityManager( 1813): Flag disabled. Ignoring finishAttachApplication from uid: 10266. pid: 12828
07-13 08:52:04.338 E/BufferQueueDebug( 1133): [Task=5355#77747](this:0xb40000785b4e2a30,id:-1,api:0,p:-1,c:-1) id info cannot be read from 'Task=5355#77747'
07-13 08:52:04.338 I/BufferQueueDebug( 1133): [Task=5355#77747](this:0xb40000785b4e2a30,id:-1,api:0,p:-1,c:-1) BufferQueue core=(1133:/system/bin/surfaceflinger)
07-13 08:52:04.341 D/OneHandedController( 2459): stopOneHanded state is 0
07-13 08:52:04.342 W/Looper  (12828): PerfMonitor longMsg : seq=2 plan=08:52:00.320 late=4ms wall=4016ms h=android.app.ActivityThread$H w=110 procState=-1
07-13 08:52:04.349 E/Zygote  (13250): process_name_ptr:13250 com.google.android.cellbroadcastreceiver
07-13 08:52:04.354 D/C2MtkBufferManager( 1041): over 5000ms not request from VCodec but callback hooked, slow BM Cc fetch thread
07-13 08:52:04.355 I/PowerHalWrapper( 1813): amsBoostNotify pid:2470,activity:com.miui.home.launcher.Launcher, package:com.miui.home, mProcessCreatePackcom.skillsroom.mobile 
07-13 08:52:04.355 I/PowerHalWrapper( 1813): state: 1 
07-13 08:52:04.357 I/M-ProMotion(12828): M-ProMotion is disabled
07-13 08:52:04.358 I/mtkpower_client( 1813): [Legacy][PowerHal_Wrap_notifyAppState] com.miui.home/com.miui.home.launcher.Launcher pid=2470 state:1
07-13 08:52:04.358 I/libPowerHal( 1059): [perfNotifyAppState] pack:com.miui.home, act:com.miui.home.launcher.Launcher, state:1, pid:2470, uid:10166, fps:-1
07-13 08:52:04.359 I/PowerHalWrapper( 1813): amsBoostNotify AMS_BOOST_PROCESS_CREATE_BOOST:true 
07-13 08:52:04.360 I/libPowerHal( 1059): [perfNotifyAppState] foreground:com.miui.home, pid:2470, uid:10166
07-13 08:52:04.363 D/WindowManager( 1813): setLockTaskAuth: task=Task{841cd23 #5355 type=standard A=10210:com.skillsroom.mobile} mLockTaskAuth=LOCK_TASK_AUTH_PINNABLE
07-13 08:52:04.363 D/WindowManager( 1813): Collecting in transition 6345: Task{841cd23 #5355 type=standard A=10210:com.skillsroom.mobile} init visibleRequested:false
07-13 08:52:04.367 I/UxUtility( 1059): notifyForegroundApp pack:com.miui.home, uid:10166
07-13 08:52:04.367 D/CompatibilityChangeReporter( 1813): Compat change id reported: 184838306; UID 10210; state: DISABLED
07-13 08:52:04.368 I/TouchUtility( 1059): notifyAppState error = NULL
07-13 08:52:04.368 D/CompatibilityChangeReporter( 1813): Compat change id reported: 185004937; UID 10210; state: DISABLED
07-13 08:52:04.369 I/mtkpower@impl( 1059): [notifyAppState] pc:0, com.skillsroom.mobile => com.miui.home
07-13 08:52:04.370 E/BufferQueueDebug( 1133): [ActivityRecord{721dadd u0 com.skillsroom.mobile/.MainActivity t5355}#77748](this:0xb40000785b4e8a30,id:-1,api:0,p:-1,c:-1) id info cannot be read from 'ActivityRecord{721dadd u0 com.skillsroom.mobile/.MainActivity t5355}#77748'
07-13 08:52:04.370 I/BufferQueueDebug( 1133): [ActivityRecord{721dadd u0 com.skillsroom.mobile/.MainActivity t5355}#77748](this:0xb40000785b4e8a30,id:-1,api:0,p:-1,c:-1) BufferQueue core=(1133:/system/bin/surfaceflinger)
07-13 08:52:04.373 I/oadcastreceiver(13250): Using generational CollectorTypeCC GC.
07-13 08:52:04.375 D/C2MtkBufferManager( 1041): over 5000ms not request from VCodec but callback hooked, slow BM Cc fetch thread
07-13 08:52:04.375 D/WindowManager( 1813): setLockTaskAuth: task=Task{841cd23 #5355 type=standard A=10210:com.skillsroom.mobile} mLockTaskAuth=LOCK_TASK_AUTH_PINNABLE
07-13 08:52:04.376 D/MiuiFreeFormManagerService( 1813): onStartActivityInner as = Task{841cd23 #5355 type=standard A=10210:com.skillsroom.mobile} op = null
07-13 08:52:04.383 D/connsyslogger( 1516): SD_LOG_ROOT is /data/debuglogger/connsyslog/fw.
07-13 08:52:04.383 D/connsyslogger( 1516): systemReady:1
07-13 08:52:04.386 D/nativeloader(13250): Load libframework-connectivity-tiramisu-jni.so using APEX ns com_android_tethering for caller /apex/com.android.tethering/javalib/framework-connectivity-t.jar: ok
07-13 08:52:04.386 D/ActivityTaskManager( 1813): Task#startActivityLocked isOrhasTask=true newTask=true
07-13 08:52:04.386 I/mtkpower@impl( 1059): [setMode] type:5, enabled:1
07-13 08:52:04.391 I/libPowerHal( 1059): [perfLockAcq] idx:3 hdl:244779 hint:11 pid:1059 duration:30000 lock_user:mtkpower@1.0-se => ret_hdl:244779
07-13 08:52:04.391 I/ThermalBreakConfigReader( 1059): [getTargetfreqinfo] [getTargetfreqinfo] hint get target result freq:boost:1 cpu0:1800000 cpu6:2000000 cpumask:ff
07-13 08:52:04.391 I/ExtendedPerfBoost( 1059): [thermalbreak_verification] needbreak curr breakmode 1, scence id 0, set: boost:1 cpu0:1800000 cpu6:2000000 cpumask:ff
07-13 08:52:04.391 I/ExtendedPerfBoost( 1059): [triggerList_add] [triggerList_add] come into triggerList_add
07-13 08:52:04.391 I/ExtendedPerfBoost( 1059): [triggerList_add] get item from freelist 0x76b7cb7ab8
07-13 08:52:04.391 I/ExtendedPerfBoost( 1059): [triggerList_add] init new item prio:2, duration:3000, param:boost:1 cpu0:1800000 cpu6:2000000 cpumask:ff
07-13 08:52:04.391 I/ExtendedPerfBoost( 1059): [triggerList_add] add item prio in empty list
07-13 08:52:04.391 I/ExtendedPerfBoost( 1059): [trig_thermalbreak] trigger one node
07-13 08:52:04.391 I/ExtendedUtils( 1059): [timer_sampling_set] come in timer_sampling_set, duration :3000
07-13 08:52:04.391 I/ExtendedUtils( 1059): [settimer] come in settimer, time_now :621627773, time_end: 621630773
07-13 08:52:04.391 I/ExtendedPerfBoost( 1059): [setThermalBreak] [setThermalBreak] : boost:1 cpu0:1800000 cpu6:2000000 cpumask:ff
07-13 08:52:04.393 I/libPowerHal( 1059): LAUNCH: cpu_ctrl set cpu freq: 1800000 -1 2000000 -1
07-13 08:52:04.393 I/libPowerHal( 1059): [PE] LAUNCH update cmd:1000000, param:0
07-13 08:52:04.393 I/libPowerHal( 1059): [PE] LAUNCH update cmd:1408300, param:100
07-13 08:52:04.393 I/libPowerHal( 1059): [PE] LAUNCH update cmd:1000000 param:0
07-13 08:52:04.395 D/CompatibilityChangeReporter( 1813): Compat change id reported: 205907456; UID 10210; state: ENABLED
07-13 08:52:04.395 I/MessageMonitor(13250): Load libmiui_runtime
07-13 08:52:04.395 D/C2MtkBufferManager( 1041): over 5000ms not request from VCodec but callback hooked, slow BM Cc fetch thread
07-13 08:52:04.399 I/PowerHalWrapper( 1813): amsBoostNotify pid:2470,activity:com.miui.home.launcher.Launcher, package:com.miui.home, mProcessCreatePackcom.skillsroom.mobile 
07-13 08:52:04.399 I/PowerHalWrapper( 1813): state: 0 
07-13 08:52:04.400 I/libPowerHal( 1059): [perfNotifyAppState] pack:com.miui.home, act:com.miui.home.launcher.Launcher, state:0, pid:2470, uid:10166, fps:-1
07-13 08:52:04.400 I/mtkpower_client( 1813): [Legacy][PowerHal_Wrap_notifyAppState] com.miui.home/com.miui.home.launcher.Launcher pid=2470 state:0
07-13 08:52:04.403 I/PowerHalWrapper( 1813): amsBoostNotify AMS_BOOST_PROCESS_CREATE_BOOST:false 
07-13 08:52:04.406 I/PowerHalWrapper( 1813): <amsBoostResume> last:null, next:com.skillsroom.mobile 
07-13 08:52:04.407 D/SymlinkUtils( 1813): attachApplication file op go pass: 5 ms
07-13 08:52:04.410 W/ServiceManagerCppClient( 1813): Failed to get isDeclared for vendor.mediatek.hardware.mtkpower.IMtkPowerService/default: Status(-1, EX_SECURITY): 'SELinux denied.'
07-13 08:52:04.410 I/mtkpower_client( 1813): IMtkPowerService_isDeclared 0
07-13 08:52:04.411 W/ServiceManagerCppClient( 1813): Failed to get isDeclared for vendor.mediatek.hardware.mtkpower.IMtkPowerService/default: Status(-1, EX_SECURITY): 'SELinux denied.'
07-13 08:52:04.411 I/mtkpower_client( 1813): IMtkPowerService_isDeclared 0
07-13 08:52:04.412 I/libPowerHal( 1059): [perfLockAcq] idx:5 hdl:244780 hint:22 pid:1059 duration:10000 lock_user:mtkpower@1.0-se => ret_hdl:244780
07-13 08:52:04.412 I/libPowerHal( 1059): [perfLockRel] hdl:244778, idx:-1
07-13 08:52:04.412 D/WindowManager( 1813): Collecting in transition 6345: ActivityRecord{721dadd u0 com.skillsroom.mobile/.MainActivity t5355} init visibleRequested:false
07-13 08:52:04.413 D/WindowManager( 1813): Requesting StartTransition: TransitionRecord{26647d9 id=6345 type=OPEN flags=0x0}
07-13 08:52:04.414 D/CompatibilityChangeReporter( 1813): Compat change id reported: 194833441; UID 10210; state: ENABLED
07-13 08:52:04.415 I/ActivityTaskManager( 1813): START u0 {act=android.intent.action.MAIN cat=[android.intent.category.LAUNCHER] flg=0x10200000 cmp=com.skillsroom.mobile/.MainActivity} with LAUNCH_SINGLE_TASK from uid 2000 (BAL_ALLOW_PERMISSION) result code=0
07-13 08:52:04.415 D/C2MtkBufferManager( 1041): over 5000ms not request from VCodec but callback hooked, slow BM Cc fetch thread
07-13 08:52:04.416 I/Monkey  (12814): Events injected: 1
07-13 08:52:04.416 W/ActivityManager( 1813): Slow operation: 149ms so far, now at startProcess: done updating pids map
07-13 08:52:04.418 D/SurfaceFlinger( 1133): [SF client] NEW(0xb400007898ee4e80) for (2459:com.android.systemui)
07-13 08:52:04.419 D/WindowManager( 1813): wms.Focus not requested for window=Window{e959bbc u0 GoogleDiscoverWindow} because it has no surface or is not focusable.
07-13 08:52:04.421 I/SoScUtils( 2459): monitorTransitionRequest mRequestOpenTransition:null mRequestOpenTriggerTask:-1 mRequestCloseTransition:null mRequestCloseTriggerTask:-1 mRequestCloseStageType:-1
07-13 08:52:04.420 D/TaskStackChangeListeners( 2470): onTaskDescriptionChanged =  taskId = 5355
07-13 08:52:04.422 D/WindowManager( 1813): Set transition=TransitionRecord{26647d9 id=6345 type=OPEN flags=0x0}, ready=false, SyncId=6345 used=true, override=false, defer=0, states=Display{#0 state=ON size=720x1600 ROTATION_0}:false
07-13 08:52:04.423 D/OneHandedController( 2459): stopOneHanded state is 0
07-13 08:52:04.424 W/libc    ( 2459): Access denied finding property "ro.vendor.display.iris_x7.support"
07-13 08:52:04.424 D/OneHandedController( 2459): stopOneHanded state is 0
07-13 08:52:04.424 D/MiuiFullScreenTaskRepository( 2459): setFocusedTask taskId=1, displayId=0, topActivity=ComponentInfo{com.miui.home/com.miui.home.launcher.Launcher}
07-13 08:52:04.424 D/MiuiFullScreenTaskRepository( 2459): addOrUpdateFullScreenTaskInfo taskId=1, topActivity=ComponentInfo{com.miui.home/com.miui.home.launcher.Launcher}
07-13 08:52:04.427 D/PerfEngineController( 7233): ForegroundInfo{mForegroundPackageName='com.miui.home', mForegroundUid=10166, mForegroundPid=2470, mLastForegroundPackageName='com.miui.home', mLastForegroundUid=10166, mLastForegroundPid=2470, mMultiWindowForegroundPackageName='com.miui.home', mMultiWindowForegroundUid=10166, mFlags=0}
07-13 08:52:04.428 D/VRI[mobile]( 2459): hardware acceleration = true, forceHwAccelerated = false
07-13 08:52:04.434 D/AppObserver( 2470): ForegroundInfo{mForegroundPackageName='com.miui.home', mForegroundUid=10166, mForegroundPid=2470, mLastForegroundPackageName='com.miui.home', mLastForegroundUid=10166, mLastForegroundPid=2470, mMultiWindowForegroundPackageName='com.miui.home', mMultiWindowForegroundUid=10166, mFlags=0}
07-13 08:52:04.434 W/system_server( 1813): Long monitor contention with owner ActivityManager:procStart (1867) at void com.android.server.am.ProcessList.lambda$handleProcessStart$1(com.android.server.am.ProcessRecord, java.lang.String, int[], int, int, int, java.lang.String, java.lang.String, java.lang.String, long)(ProcessList.java:2200) waiters=0 in void com.android.server.am.ActivityManagerService.finishReceiver(android.os.IBinder, int, java.lang.String, android.os.Bundle, boolean, int) for 106ms
07-13 08:52:04.435 E/BufferQueueDebug( 1133): [b0d504c Splash Screen com.skillsroom.mobile#77749](this:0xb40000785b4eda30,id:-1,api:0,p:-1,c:-1) id info cannot be read from 'b0d504c Splash Screen com.skillsroom.mobile#77749'
07-13 08:52:04.435 I/BufferQueueDebug( 1133): [b0d504c Splash Screen com.skillsroom.mobile#77749](this:0xb40000785b4eda30,id:-1,api:0,p:-1,c:-1) BufferQueue core=(1133:/system/bin/surfaceflinger)
07-13 08:52:04.436 D/C2MtkBufferManager( 1041): over 5000ms not request from VCodec but callback hooked, slow BM Cc fetch thread
07-13 08:52:04.438 D/MiuiMultiWindowUtils( 1813): DeviceLevel.IS_MIUI_LITE_VERSION 2.0 not support miui multiWindowgale
07-13 08:52:04.443 I/SmartPower: com.google.android.cellbroadcastreceiver/10249(13250)( 1813): died->background(2065ms) R(process start ) adj=-10000.
07-13 08:52:04.444 D/t1      ( 5491): myUserId = 0	currentUserId0
07-13 08:52:04.445 D/TaskSnapshot_Helper( 2459): app is not pre-defined.
07-13 08:52:04.445 D/FramePredict(12828): FramePredict init: true
07-13 08:52:04.446 I/Choreographer(12828): Skipped 115 frames!  The application may be doing too much work on its main thread.
07-13 08:52:04.448 W/Looper  (12828): PerfMonitor doFrame : time=4ms vsyncFrame=0 latency=1921ms procState=-1 historyMsgCount=4 (msgIndex=1 wall=4016ms seq=2 late=4ms h=android.app.ActivityThread$H w=110) (msgIndex=3 wall=79ms seq=4 late=4038ms h=android.app.ActivityThread$H w=121)
07-13 08:52:04.456 D/C2MtkBufferManager( 1041): over 5000ms not request from VCodec but callback hooked, slow BM Cc fetch thread
07-13 08:52:04.477 D/C2MtkBufferManager( 1041): over 5000ms not request from VCodec but callback hooked, slow BM Cc fetch thread
07-13 08:52:04.484 D/Launcher.Lifecycle( 2470): onPause:UserHandle{0},63f4ca8,true
07-13 08:52:04.484 D/Launcher_UnlockAnimationStateMachine( 2470): onPause = IDLE
07-13 08:52:04.485 D/Launcher_UnlockAnimationStateMachine( 2470): setState:PAUSE_WAIT
07-13 08:52:04.486 D/AppWidgetServiceImpl( 1813): Provider info from ComponentInfo{com.google.android.apps.docs/com.google.android.apps.docs.drive.widget.suggestion.SuggestionAppWidgetProvider} won't be persisted.
07-13 08:52:04.487 D/AppWidgetServiceImpl( 1813): Provider info from ComponentInfo{com.google.android.apps.docs/com.google.android.apps.docs.drive.widget.CakemixAppWidgetProvider} won't be persisted.
07-13 08:52:04.488 I/MiuiNetworkPolicy( 1813): updateUidState uid = 10317, uidState = 19
07-13 08:52:04.489 D/AppWidgetServiceImpl( 1813): Provider info from ComponentInfo{com.shaiban.audioplayer.mplayer/com.shaiban.audioplayer.mplayer.audio.appwidgets.AppWidgetList} won't be persisted.
07-13 08:52:04.489 D/AppWidgetServiceImpl( 1813): Provider info from ComponentInfo{com.shaiban.audioplayer.mplayer/com.shaiban.audioplayer.mplayer.audio.appwidgets.AppWidgetMediumColor} won't be persisted.
07-13 08:52:04.490 D/AppWidgetServiceImpl( 1813): Provider info from ComponentInfo{com.shaiban.audioplayer.mplayer/com.shaiban.audioplayer.mplayer.audio.appwidgets.AppWidgetMediumTrans} won't be persisted.
07-13 08:52:04.490 D/AppWidgetServiceImpl( 1813): Provider info from ComponentInfo{com.shaiban.audioplayer.mplayer/com.shaiban.audioplayer.mplayer.audio.appwidgets.AppWidgetMediumCard} won't be persisted.
07-13 08:52:04.491 D/AppWidgetServiceImpl( 1813): Provider info from ComponentInfo{com.shaiban.audioplayer.mplayer/com.shaiban.audioplayer.mplayer.audio.appwidgets.AppWidgetSmallCard} won't be persisted.
07-13 08:52:04.491 D/AppWidgetServiceImpl( 1813): Provider info from ComponentInfo{io.zerion.android/io.zerion.android.feature.android.widgets.summary.simplified.SimplifiedSummaryWidgetProvider} won't be persisted.
07-13 08:52:04.491 D/AppWidgetServiceImpl( 1813): Provider info from ComponentInfo{io.zerion.android/io.zerion.android.feature.android.widgets.summary.detailed.DetailedSummaryWidgetProvider} won't be persisted.
07-13 08:52:04.491 D/AppWidgetServiceImpl( 1813): Provider info from ComponentInfo{io.zerion.android/io.zerion.android.feature.android.widgets.gas.GasPriceWidgetReceiver} won't be persisted.
07-13 08:52:04.492 D/AppWidgetServiceImpl( 1813): Provider info from ComponentInfo{io.zerion.android/io.zerion.android.feature.android.widgets.dapp.DappWidgetReceiver} won't be persisted.
07-13 08:52:04.492 D/AppWidgetServiceImpl( 1813): Provider info from ComponentInfo{io.zerion.android/io.zerion.android.feature.android.widgets.favoriteTokens.FavoriteTokensWidgetReceiver} won't be persisted.
07-13 08:52:04.492 D/nativeloader(12816): Load /data/app/~~Z-HmI1stqjfbfkWhJgGGiQ==/com.google.android.googlequicksearchbox-QHCqd3nTI1c_r9Njs0kq1w==/base.apk!/lib/arm64-v8a/libmappedcountercacheversionjni.so using class loader ns clns-5 (caller=/data/app/~~Z-HmI1stqjfbfkWhJgGGiQ==/com.google.android.googlequicksearchbox-QHCqd3nTI1c_r9Njs0kq1w==/base.apk!classes2.dex): ok
07-13 08:52:04.492 D/AppWidgetServiceImpl( 1813): Provider info from ComponentInfo{io.zerion.android/io.zerion.android.feature.android.widgets.mintsForYou.MintsForYouWidgetReceiver} won't be persisted.
07-13 08:52:04.492 D/AppWidgetServiceImpl( 1813): Provider info from ComponentInfo{io.zerion.android/io.zerion.android.feature.android.widgets.nftwidget.NFTWidgetReceiver} won't be persisted.
07-13 08:52:04.492 D/AppWidgetServiceImpl( 1813): Provider info from ComponentInfo{io.zerion.android/io.zerion.android.feature.android.widgets.topPrices.TopPricesWidgetReceiver} won't be persisted.
07-13 08:52:04.493 D/WindowManager( 1813): wms.Focus not requested for window=Window{e959bbc u0 GoogleDiscoverWindow} because it has no surface or is not focusable.
07-13 08:52:04.495 D/CompatibilityChangeReporter( 1813): Compat change id reported: 168419799; UID 10249; state: DISABLED
07-13 08:52:04.495 D/CompatibilityChangeReporter( 1813): Compat change id reported: 273564678; UID 10249; state: DISABLED
07-13 08:52:04.497 D/C2MtkBufferManager( 1041): over 5000ms not request from VCodec but callback hooked, slow BM Cc fetch thread
07-13 08:52:04.501 W/ActivityManager( 1813): Slow operation: 58ms so far, now at attachApplicationLocked: immediately before bindApplication
07-13 08:52:04.501 E/BufferQueueDebug( 1133): [Splash Screen com.skillsroom.mobile#77750](this:0xb40000785b4f0a30,id:-1,api:0,p:-1,c:-1) id info cannot be read from 'Splash Screen com.skillsroom.mobile#77750'
07-13 08:52:04.502 I/BufferQueueDebug( 1133): [Splash Screen com.skillsroom.mobile#77750](this:0xb40000785b4f0a30,id:-1,api:0,p:-1,c:-1) BufferQueue core=(1133:/system/bin/surfaceflinger)
07-13 08:52:04.508 I/BpBinder( 1133): onLastStrongRef automatically unlinking death recipients: 
07-13 08:52:04.517 D/LauncherAssistantCompatGoogle( 2470): onPause com.google.android.libraries.gsa.launcherclient.LauncherClient@80e5266
07-13 08:52:04.517 D/C2MtkBufferManager( 1041): over 5000ms not request from VCodec but callback hooked, slow BM Cc fetch thread
07-13 08:52:04.525 D/CoreBackPreview( 1813): Window{b0d504c u0 Splash Screen com.skillsroom.mobile}: Setting back callback OnBackInvokedCallbackInfo{mCallback=android.window.IOnBackInvokedCallback$Stub$Proxy@ab49877, mPriority=0, mIsAnimationCallback=false}
07-13 08:52:04.526 D/BufferQueueConsumer( 2459): [](id:99b00000b20,api:0,p:-1,c:2459) connect: controlledByApp=false
07-13 08:52:04.526 D/WindowManager( 1813): wms.Focus not requested for window=Window{e959bbc u0 GoogleDiscoverWindow} because it has no surface or is not focusable.
07-13 08:52:04.527 D/ATMSImpl( 1813): setActivityController callingUid:2000 control=false
07-13 08:52:04.529 W/ActivityManager( 1813): Slow operation: 86ms so far, now at attachApplicationLocked: immediately after bindApplication
07-13 08:52:04.529 W/ActivityManager( 1813): Slow operation: 86ms so far, now at attachApplicationLocked: after updateLruProcessLocked
07-13 08:52:04.531 D/WindowManager( 1813): Collecting in transition 6345: ActivityRecord{721dadd u0 com.skillsroom.mobile/.MainActivity t5355} init visibleRequested:false
07-13 08:52:04.531 I/hwcomposer( 1039): [HWCDisplay] [Display_0 (type:1)] fps:11.948185,dur:1004.34,max:366.42,min:3.75  
07-13 08:52:04.531 D/WindowManager( 1813): Collecting in transition 6345: ActivityRecord{8061640 u0 com.miui.home/.launcher.Launcher t2} init visibleRequested:true
07-13 08:52:04.531 D/WindowManager( 1813): Collecting in transition 6345: WallpaperWindowToken{687d1fc token=android.os.Binder@4ebd2ef} init visibleRequested:true
07-13 08:52:04.532 D/WindowManager( 1813): Collecting in transition 6345: WallpaperWindowToken{a88fd32 token=android.os.BinderProxy@a12713d} init visibleRequested:true
07-13 08:52:04.534 E/OpenGLRenderer( 2459): Unable to match the desired swap behavior.
07-13 08:52:04.537 I/PowerHalWrapper( 1813): amsBoostProcessCreate package:com.skillsroom.mobile 
07-13 08:52:04.538 D/VRI[mobile]( 2459): vri.reportNextDraw android.view.ViewRootImpl.performTraversals:4402 android.view.ViewRootImpl.doTraversal:3018 android.view.ViewRootImpl$TraversalRunnable.run:10526 android.view.Choreographer$CallbackRecord.run:1682 android.view.Choreographer$CallbackRecord.run:1691 
07-13 08:52:04.538 D/C2MtkBufferManager( 1041): over 5000ms not request from VCodec but callback hooked, slow BM Cc fetch thread
07-13 08:52:04.538 D/VRI[mobile]( 2459): vri.Setup new sync=wmsSync-VRI[mobile]#19
07-13 08:52:04.538 D/CompatibilityChangeReporter(13250): Compat change id reported: 171979766; UID 10249; state: ENABLED
07-13 08:52:04.538 W/ServiceManagerCppClient( 1813): Failed to get isDeclared for vendor.mediatek.hardware.mtkpower.IMtkPowerService/default: Status(-1, EX_SECURITY): 'SELinux denied.'
07-13 08:52:04.538 I/mtkpower_client( 1813): IMtkPowerService_isDeclared 0
07-13 08:52:04.538 D/CompatibilityChangeReporter(13250): Compat change id reported: 242716250; UID 10249; state: ENABLED
07-13 08:52:04.539 W/ServiceManagerCppClient( 1813): Failed to get isDeclared for vendor.mediatek.hardware.mtkpower.IMtkPowerService/default: Status(-1, EX_SECURITY): 'SELinux denied.'
07-13 08:52:04.539 I/mtkpower_client( 1813): IMtkPowerService_isDeclared 0
07-13 08:52:04.540 I/libPowerHal( 1059): [perfLockAcq] idx:6 hdl:244781 hint:21 pid:1059 duration:10000 lock_user:mtkpower@1.0-se => ret_hdl:244781
07-13 08:52:04.541 W/Activity( 2470): PerfMonitor: Slow Operation: Activity com.miui.home/.launcher.Launcher onPause took 82ms
07-13 08:52:04.542 I/libPowerHal( 1059): [PE] MTKPOWER_HINT_PROCESS_CREATE update cmd:2020000, param:15
07-13 08:52:04.542 I/libPowerHal( 1059): [PE] MTKPOWER_HINT_PROCESS_CREATE update cmd:1410000, param:1
07-13 08:52:04.543 D/OpenGLRenderer( 2459): makeCurrent grContext:0xb400007c8cc6f720 reset mTextureAvailable
07-13 08:52:04.544 D/CompatibilityChangeReporter( 1813): Compat change id reported: 135634846; UID 10210; state: DISABLED
07-13 08:52:04.545 D/CompatibilityChangeReporter( 1813): Compat change id reported: 177438394; UID 10210; state: DISABLED
07-13 08:52:04.545 D/CompatibilityChangeReporter( 1813): Compat change id reported: 135772972; UID 10210; state: DISABLED
07-13 08:52:04.545 D/CompatibilityChangeReporter( 1813): Compat change id reported: 135754954; UID 10210; state: ENABLED
07-13 08:52:04.545 D/CompatibilityChangeReporter( 1813): Compat change id reported: 143937733; UID 10210; state: ENABLED
07-13 08:52:04.549 D/RecentsModel( 2470): onTaskStackChangedBackground
07-13 08:52:04.551 D/EventBus( 2470): No subscribers registered for event class com.miui.home.recents.messages.RecentTasksChangedEvent
07-13 08:52:04.551 D/EventBus( 2470): No subscribers registered for event class org.greenrobot.eventbus.NoSubscriberEvent
07-13 08:52:04.552 D/RecentsModel( 2470): onTaskStackChangedBackground
07-13 08:52:04.552 D/EventBus( 2470): No subscribers registered for event class com.miui.home.recents.messages.RecentTasksChangedEvent
07-13 08:52:04.552 D/EventBus( 2470): No subscribers registered for event class org.greenrobot.eventbus.NoSubscriberEvent
07-13 08:52:04.552 D/RecentsModel( 2470): onTaskStackChangedBackground    MSG_TASK_STACK_CHANGE
07-13 08:52:04.552 D/RecentsModel( 2470): preloadRecents
07-13 08:52:04.552 W/RecentsModel( 2470): getRunningTask
07-13 08:52:04.554 W/BpBinder(12828): Slow Binder: BpBinder transact took 265 ms, interface=android.app.job.IJobScheduler, code=2 oneway=false
07-13 08:52:04.555 I/Monkey  (12814): ## Network stats: elapsed time=300ms (0ms mobile, 0ms wifi, 300ms not connected)
07-13 08:52:04.556 I/MiuiNetworkPolicy( 1813): updateUidState uid = 10249, uidState = 11
07-13 08:52:04.557 I/app_process(12814): System.exit called, status: 0
07-13 08:52:04.557 I/AndroidRuntime(12814): VM exiting with result code 0.
07-13 08:52:04.558 D/C2MtkBufferManager( 1041): over 5000ms not request from VCodec but callback hooked, slow BM Cc fetch thread
07-13 08:52:04.560 D/CompatibilityChangeReporter( 1813): Compat change id reported: 170503758; UID 10249; state: ENABLED
07-13 08:52:04.563 I/MiuiNetworkPolicy( 1813): updateUidState uid = 10317, uidState = 11
07-13 08:52:04.567 W/system_server( 1813): Long monitor contention with owner binder:1813_3 (1924) at int com.android.server.job.JobSchedulerService.getUidProcState(int)(JobSchedulerService.java:2333) waiters=0 in java.util.List com.android.server.job.JobSchedulerService.getPendingJobsInNamespace(int, java.lang.String) for 247ms
07-13 08:52:04.568 W/BpBinder(12832): Slow Binder: BpBinder transact took 262 ms, interface=android.app.job.IJobScheduler, code=8 oneway=false
07-13 08:52:04.568 D/Zygote  ( 1023): Forked child process 13276
07-13 08:52:04.569 W/Looper  ( 1813): Slow dispatch took 134ms main h=com.android.providers.settings.SettingsProvider$SettingsRegistry$MyHandler c=null m=2
07-13 08:52:04.571 D/ActivityManager( 1813): getProcessesInErrorState callingUid=10288, CallingPid=19459
07-13 08:52:04.572 D/ActivityManager( 1813): getProcessesInErrorState callingUid=10279, CallingPid=443
07-13 08:52:04.573 I/SmartPower: com.google.process.gservices/10157(12577)( 1813): background->idle(33071ms) R(process died ) adj=100.
07-13 08:52:04.578 D/C2MtkBufferManager( 1041): over 5000ms not request from VCodec but callback hooked, slow BM Cc fetch thread
07-13 08:52:04.579 D/CompatibilityChangeReporter( 1813): Compat change id reported: 265195908; UID 10249; state: ENABLED
07-13 08:52:04.586 D/WindowManager( 1813): wms.Focus not requested for window=Window{e959bbc u0 GoogleDiscoverWindow} because it has no surface or is not focusable.
07-13 08:52:04.587 W/RecentsModel( 2470): getRunningTask   taskInfo=TaskInfo{userId=0 taskId=2 displayId=0 isRunning=true baseIntent=Intent { act=android.intent.action.MAIN cat=[android.intent.category.HOME] flg=0x10000100 cmp=com.miui.home/.launcher.Launcher } baseActivity=ComponentInfo{com.miui.home/com.miui.home.launcher.Launcher} topActivity=ComponentInfo{com.miui.home/com.miui.home.launcher.Launcher} origActivity=null realActivity=ComponentInfo{com.miui.home/com.miui.home.launcher.Launcher} numActivities=1 lastActiveTime=690724243 supportsSplitScreenMultiWindow=true supportsMultiWindow=true resizeMode=2 isResizeable=true minWidth=-1 minHeight=-1 defaultMinSize=200 token=WCT{android.window.IWindowContainerToken$Stub$Proxy@5bf5d5b} topActivityType=2 pictureInPictureParams=null shouldDockBigOverlays=false launchIntoPipHostTaskId=-1 lastParentTaskIdBeforePip=-1 displayCutoutSafeInsets=Rect(0, 68 - 0, 0) topActivityInfo=ActivityInfo{4ea9f8 com.miui.home.launcher.Launcher} launchCookies=[] positionInParent=Point(0, 0) parentTaskId=-1 isFocused=true isVisible=true isVisibleRequested=false isSleeping=false topActivityInSizeCompat=false topActivityEligibleForLetterboxEducation= false topActivityLetterboxed= false isFromDoubleTap= false topActivityLetterboxVerticalPosition= -1 topActivityLetterboxHorizontalPosition= -1 topActivityLetterboxWidth=-1 topActivityLetterboxHeight=-1 locusId=null displayAreaFeatureId=1 cameraCompatControlState=hidden mIsCastMode=false mTopActivityMediaSize=null mTopActivityRecordName=ActivityRecord{8061640 u0 com.miui.home/.launcher.Launcher t2} mTopActivityOrientation=-2 mTopActivityWindowIsNowVisible=false isTranslucent=true isEmbedded=false shouldBeVisible=false mBehindAppLockPkg=null mOriginatingUid=0}
07-13 08:52:04.587 W/RecentsModel( 2470): getTaskInfoIgnoreHomeAndFreeform   taskInfo=ComponentInfo{com.miui.home/com.miui.home.launcher.Launcher}
07-13 08:52:04.588 I/bzak    (12816): (REDACTED) windowAttached completed window=%s fragmentHost=%s
07-13 08:52:04.590 E/ActivityManagerWrapper( 2470): get all recent tasks force including 2
07-13 08:52:04.590 W/ActivityManager( 1813): Slow operation: 53ms so far, now at startProcess: done updating battery stats
07-13 08:52:04.591 W/ActivityManager( 1813): Slow operation: 53ms so far, now at startProcess: building log message
07-13 08:52:04.591 I/ActivityManager( 1813): Start proc 13276:com.skillsroom.mobile/u0a210 for next-top-activity {com.skillsroom.mobile/com.skillsroom.mobile.MainActivity} caller=com.android.shell
07-13 08:52:04.591 W/ActivityManager( 1813): Slow operation: 54ms so far, now at startProcess: starting to update pids map
07-13 08:52:04.591 D/WM-SystemJobService(12828): onStartJob for WorkGenerationalId(workSpecId=cf775d74-43ba-4d5e-adc2-46fe05e5f548, generation=0)
07-13 08:52:04.594 W/ActivityManager( 1813): Slow operation: 56ms so far, now at startProcess: done updating pids map
07-13 08:52:04.594 W/libprocessgroup( 1813): SetCgroup::ExecuteForProcess: failed to open /dev/blkio//cgroup.procs: No such file or directory
07-13 08:52:04.595 W/JobScheduler( 1813): Job didn't exist in JobStore: 
07-13 08:52:04.599 D/C2MtkBufferManager( 1041): over 5000ms not request from VCodec but callback hooked, slow BM Cc fetch thread
07-13 08:52:04.601 D/MediaCodec(19459): [mId: 2] audio-debug Stats over last 5005ms:
07-13 08:52:04.603 W/libprocessgroup( 1813): SetCgroup::ExecuteForProcess: failed to open /dev/blkio//cgroup.procs: No such file or directory
07-13 08:52:04.604 D/WM-Processor(12828): Processor: processing WorkGenerationalId(workSpecId=cf775d74-43ba-4d5e-adc2-46fe05e5f548, generation=0)
07-13 08:52:04.605 D/CompatibilityChangeReporter(12828): Compat change id reported: 263076149; UID 10266; state: ENABLED
07-13 08:52:04.606 I/MiuiNetworkPolicy( 1813): updateUidState uid = 10210, uidState = 19
07-13 08:52:04.606 D/MediaCodec(19459): [mId: 2] audio-debug Qinput: 0, DQinput: 0 success out of 5 tries
07-13 08:52:04.606 D/MediaCodec(19459): [mId: 2] audio-debug Render: 0, Drop: 0, DQoutput: 0 success out of 0 tries
07-13 08:52:04.608 E/ActivityManagerWrapper( 2470): getRecentTasks: size=9
07-13 08:52:04.609 E/ActivityManagerWrapper( 2470): getRecentTasks: mainTaskId=5355   userId=0   windowMode=1   baseIntent=Intent { act=android.intent.action.MAIN flag=270532608 cmp=ComponentInfo{com.skillsroom.mobile/com.skillsroom.mobile.MainActivity} }
07-13 08:52:04.609 E/ActivityManagerWrapper( 2470): getRecentTasks: mainTaskId=5344   userId=0   windowMode=1   baseIntent=Intent { act=android.intent.action.MAIN flag=270532608 cmp=ComponentInfo{com.facebook.lite/com.facebook.lite.MainActivity} }
07-13 08:52:04.609 E/ActivityManagerWrapper( 2470): getRecentTasks: mainTaskId=5341   userId=0   windowMode=1   baseIntent=Intent { act=android.intent.action.MAIN flag=270532608 cmp=ComponentInfo{com.whatsapp.w4b/com.whatsapp.Main} }
07-13 08:52:04.609 E/ActivityManagerWrapper( 2470): getRecentTasks: mainTaskId=5336   userId=0   windowMode=1   baseIntent=Intent { act=android.intent.action.MAIN flag=270532608 cmp=ComponentInfo{com.google.android.dialer/com.google.android.dialer.extensions.GoogleDialtactsActivity} }
07-13 08:52:04.609 E/ActivityManagerWrapper( 2470): getRecentTasks: mainTaskId=5335   userId=0   windowMode=1   baseIntent=Intent { act=android.intent.action.MAIN flag=270532608 cmp=ComponentInfo{com.shaiban.audioplayer.mplayer/com.shaiban.audioplayer.mplayer.app.navigation.NavigatingActivity} }
07-13 08:52:04.609 E/ActivityManagerWrapper( 2470): getRecentTasks: mainTaskId=5287   userId=0   windowMode=1   baseIntent=Intent { act=android.intent.action.MAIN flag=270532608 cmp=ComponentInfo{ng.mtn.nextgen/ng.mtn.nextgen.MainActivity} }
07-13 08:52:04.609 E/ActivityManagerWrapper( 2470): getRecentTasks: mainTaskId=5273   userId=0   windowMode=1   baseIntent=Intent { act=android.settings.APPLICATION_DEVELOPMENT_SETTINGS flag=268468224 cmp=ComponentInfo{com.android.settings/com.android.settings.Settings$DevelopmentSettingsDashboardActivity} }
07-13 08:52:04.609 E/ActivityManagerWrapper( 2470): getRecentTasks: mainTaskId=5246   userId=0   windowMode=1   baseIntent=Intent { act=android.intent.action.MAIN flag=270532608 cmp=ComponentInfo{cn.xender/cn.xender.ui.activity.SplashActivity} }
07-13 08:52:04.609 E/ActivityManagerWrapper( 2470): getRecentTasks: mainTaskId=5239   userId=0   windowMode=1   baseIntent=Intent { act=android.intent.action.MAIN flag=270532608 cmp=ComponentInfo{com.android.camera/com.android.camera.Camera} }
07-13 08:52:04.609 E/Zygote  (13276): process_name_ptr:13276 com.skillsroom.mobile
07-13 08:52:04.610 D/BLASTBufferQueue( 2459): [VRI[mobile]#2755](f:0,a:1) acquireNextBufferLocked size=720x1600 mFrameNumber=1 applyTransaction=true mTimestamp=621627991529435(auto) mPendingTransactions.size=0 graphicBufferId=10561324610637 transform=0
07-13 08:52:04.612 W/Looper  (12816): PerfMonitor longMsg : seq=19 plan=08:52:03.134 late=0ms wall=1477ms h=android.os.Handler c=exxj procState=-1
07-13 08:52:04.613 E/surfaceflinger( 1133): == MALI DEBUG ===eglp_winsys_populate_image_templates ==12288
07-13 08:52:04.617 D/MediaCodec(19459): [mId: 6] audio-debug Stats over last 5006ms:
07-13 08:52:04.618 D/MediaCodec(19459): [mId: 6] audio-debug Qinput: 0, DQinput: 0 success out of 5 tries
07-13 08:52:04.618 D/MediaCodec(19459): [mId: 6] audio-debug Render: 0, Drop: 0, DQoutput: 0 success out of 0 tries
07-13 08:52:04.618 I/gralloc4( 1133): @set_metadata: update dataspace from GM (0x08010000 -> 0x00000000)
07-13 08:52:04.619 D/CompatibilityChangeReporter(12832): Compat change id reported: 263076149; UID 10152; state: ENABLED
07-13 08:52:04.619 D/C2MtkBufferManager( 1041): over 5000ms not request from VCodec but callback hooked, slow BM Cc fetch thread
07-13 08:52:04.620 D/VRI[mobile]( 2459): vri.reportDrawFinished
07-13 08:52:04.627 W/WindowManager( 1813): finishDrawingWindow: Window{b0d504c u0 Splash Screen com.skillsroom.mobile} mDrawState=DRAW_PENDING
07-13 08:52:04.630 D/WindowManager( 1813): Set transition=TransitionRecord{26647d9 id=6345 type=OPEN flags=0x0}, ready=true, SyncId=6345 
07-13 08:52:04.635 I/SmartPower: com.skillsroom.mobile/10210(0)( 1813): died->visible(4748ms) R(become visible) adj=-10000.
07-13 08:52:04.638 W/WindowManager( 1813): real show surface Splash Screen com.skillsroom.mobile sc:Surface(name=Splash Screen com.skillsroom.mobile#77750)/@0xe064080
07-13 08:52:04.639 D/WindowManager( 1813): Final targets: [Task{841cd23 #5355 type=standard A=10210:com.skillsroom.mobile}, Task{7bcbbf5 #1 type=home}]
07-13 08:52:04.640 D/C2MtkBufferManager( 1041): over 5000ms not request from VCodec but callback hooked, slow BM Cc fetch thread
07-13 08:52:04.639 I/illsroom.mobile(13276): Late-enabling -Xcheck:jni
07-13 08:52:04.640 E/BufferQueueDebug( 1133): [Transition Root: Task=5355#77751](this:0xb40000785b451a30,id:-1,api:0,p:-1,c:-1) id info cannot be read from 'Transition Root: Task=5355#77751'
07-13 08:52:04.641 I/BufferQueueDebug( 1133): [Transition Root: Task=5355#77751](this:0xb40000785b451a30,id:-1,api:0,p:-1,c:-1) BufferQueue core=(1133:/system/bin/surfaceflinger)
07-13 08:52:04.641 I/M-ProMotion(12816): M-ProMotion is disabled
07-13 08:52:04.644 I/bzak    (12816): onStart
