07-13 08:52:04.645 D/Launcher( 2470): LauncherOverlayCallbacksImpl_onScrollChanged:0.0
07-13 08:52:04.648 E/BranchAllAppsIndicator( 2470): changedByBranch: callBack = null
07-13 08:52:04.652 D/WM-WorkerWrapper(12828): Starting work for com.linkedin.android.segment.ChameleonPeriodicWork
07-13 08:52:04.656 D/nativeloader(13250): Configuring clns-shared-4 for other apk /apex/com.android.cellbroadcast/priv-app/GoogleCellBroadcastApp@370549020/GoogleCellBroadcastApp.apk. target_sdk_version=37, uses_libraries=, library_path=/apex/com.android.cellbroadcast/priv-app/GoogleCellBroadcastApp@370549020/lib/arm64:/system/lib64:/system_ext/lib64, permitted_path=/data:/mnt/expand:/data/user_de/0/com.google.android.cellbroadcastreceiver:/apex/com.android.cellbroadcast/priv-app/GoogleCellBroadcastApp@370549020:/system/lib64:/system_ext/lib64
07-13 08:52:04.659 D/WindowManager( 1813): Calling onTransitionReady info={id=6345 t=OPEN f=0x0 trk=0 r=[0@Point(0, 0)] c=[{WCT{RemoteToken{74dc25f Task{841cd23 #5355 type=standard A=10210:com.skillsroom.mobile}}} m=OPEN f=NONE leash=Surface(name=Task=5355#77747)/@0x350a6b9 sb=Rect(0, 0 - 720, 1600) eb=Rect(0, 0 - 720, 1600) d=0},{WCT{RemoteToken{5d85da0 Task{7bcbbf5 #1 type=home}}} m=TO_BACK f=SHOW_WALLPAPER leash=Surface(name=Task=1#46)/@0xe9715d2 sb=Rect(0, 0 - 720, 1600) eb=Rect(0, 0 - 720, 1600) d=0}] noAni=[false] mk=[true]}, mToken=Token{1cee4ac TransitionRecord{26647d9 id=6345 type=OPEN flags=0x0}}
07-13 08:52:04.661 D/C2MtkBufferManager( 1041): over 5000ms not request from VCodec but callback hooked, slow BM Cc fetch thread
07-13 08:52:04.662 D/nativeloader(13250): InitApexLibraries:
07-13 08:52:04.662 D/nativeloader(13250):   com_android_adservices: libhpke_jni.so:libtflite_support_classifiers_native.so
07-13 08:52:04.662 D/nativeloader(13250):   com_android_appsearch: libappsearchservice.so:libicing_anywhere.so
07-13 08:52:04.662 D/nativeloader(13250):   com_android_art: libartservice.so
07-13 08:52:04.662 D/nativeloader(13250):   com_android_btservices: libbluetooth_jni.so
07-13 08:52:04.662 D/nativeloader(13250):   com_android_conscrypt: libjavacrypto.so
07-13 08:52:04.662 D/nativeloader(13250):   com_android_mediaprovider: libpdfclient.so
07-13 08:52:04.662 D/nativeloader(13250):   com_android_ondevicepersonalization: libfcp_cpp_dep_jni.so:libfcp_hpke_jni.so
07-13 08:52:04.662 D/nativeloader(13250):   com_android_os_statsd: libstats_jni.so
07-13 08:52:04.662 D/nativeloader(13250):   com_android_tethering: libandroid_net_connectivity_com_android_net_module_util_jni.so:libandroid_net_connectivity_com_android_net_module_util_jni_CommonConnectivityJni.so:libcrypto_httpengine.so:libframework-connectivity-jni.so:libframework-connectivity-tiramisu-jni.so:libhttpengine.so:libservice-connectivity.so:libservice-thread-jni.so
07-13 08:52:04.662 D/nativeloader(13250):   com_android_uwb: libuwb_uci_jni_rust.so
07-13 08:52:04.662 D/nativeloader(13250):   com_android_virt: libvirtualizationservice_jni.so:libvirtualmachine_jni.so
07-13 08:52:04.672 I/BLASTSyncEngine( 1813): finishNow: after onTransactionReady, mSyncId=6345
07-13 08:52:04.672 D/Launcher.Lifecycle( 2470): onWindowFocusChanged:false,UserHandle{0},63f4ca8,true
07-13 08:52:04.678 D/SurfaceFlinger( 1133): setDesiredDisplayModeSpecs: defaultMode：1 primaryRangesMin:0.000000 primaryRangesMax:90.000000appRequestRangesMin:0.000000 appRequestRangesMax:90.000000
07-13 08:52:04.678 I/RefreshRateSelector( 1133): Display 0 policy changed
07-13 08:52:04.678 I/RefreshRateSelector( 1133): Previous: {defaultModeId=1, allowGroupSwitching=false, primaryRanges={physical=[0.00 Hz, inf Hz], render=[0.00 Hz, 90.00 Hz]}, appRequestRanges={physical=[0.00 Hz, inf Hz], render=[0.00 Hz, 90.00 Hz]}}
07-13 08:52:04.678 I/RefreshRateSelector( 1133): Current:  DisplayManagerPolicy{defaultModeId=1, allowGroupSwitching=false, primaryRanges={physical=[0.00 Hz, inf Hz], render=[0.00 Hz, 90.00 Hz]}, appRequestRanges={physical=[0.00 Hz, inf Hz], render=[0.00 Hz, 90.00 Hz]}}
07-13 08:52:04.678 I/RefreshRateSelector( 1133): 2 mode changes were performed under the previous policy
07-13 08:52:04.681 D/MI-SF   ( 1133): updateScene: module = 268 (Unknown), value = 1, pkg = perf_interaction
07-13 08:52:04.682 D/C2MtkBufferManager( 1041): over 5000ms not request from VCodec but callback hooked, slow BM Cc fetch thread
07-13 08:52:04.684 I/DisplayModeDirectorImpl( 1813): onDesiredDisplayModeSpecsChanged:baseModeId=1 allowGroupSwitching=false primary=physical: (0.0 Infinity) render:  (0.0 90.0) appRequest=physical: (0.0 Infinity) render:  (0.0 90.0) noVotes=true
07-13 08:52:04.685 D/RecentsModel( 2470): onTaskStackChangedBackground
07-13 08:52:04.685 E/surfaceflinger( 1133): == MALI DEBUG ===eglp_winsys_populate_image_templates ==12288
07-13 08:52:04.687 E/BufferQueueDebug( 1133): [70deb4 ActivityRecordInputSink com.skillsroom.mobile/.MainActivity#77752](this:0xb40000785b46ba30,id:-1,api:0,p:-1,c:-1) id info cannot be read from '70deb4 ActivityRecordInputSink com.skillsroom.mobile/.MainActivity#77752'
07-13 08:52:04.687 I/BufferQueueDebug( 1133): [70deb4 ActivityRecordInputSink com.skillsroom.mobile/.MainActivity#77752](this:0xb40000785b46ba30,id:-1,api:0,p:-1,c:-1) BufferQueue core=(1133:/system/bin/surfaceflinger)
07-13 08:52:04.688 D/MiuiFreeformAnimation( 2459): startAnimation change: {WCT{android.window.IWindowContainerToken$Stub$Proxy@245dc9a} m=OPEN f=NONE leash=Surface(name=Task=5355#77747)/@0x4ed01af sb=Rect(0, 0 - 720, 1600) eb=Rect(0, 0 - 720, 1600) d=0} info.getType(): 1
07-13 08:52:04.688 I/MiuiFreeformAnimation( 2459): isLaunchWidgetPicker=false,taskInfo.getWindowingMode()=1, taskInfo.getActivityType()=1
07-13 08:52:04.688 D/MiuiFreeFormManager( 2459):  isSplitRootTask taskId=5355
07-13 08:52:04.689 D/MiuiFreeformAnimation( 2459): startAnimation change: {WCT{android.window.IWindowContainerToken$Stub$Proxy@6ac35a8} m=TO_BACK f=SHOW_WALLPAPER leash=Surface(name=Task=1#46)/@0xbc739bc sb=Rect(0, 0 - 720, 1600) eb=Rect(0, 0 - 720, 1600) d=0} info.getType(): 1
07-13 08:52:04.689 W/MiuiTaskTransitionHandler( 2459): Receive an unknown transition, token=android.os.BinderProxy@ea35951, type=1
07-13 08:52:04.692 I/gralloc4( 2459): @set_metadata: update dataspace from GM (0x00000000 -> 0x08010000)
07-13 08:52:04.693 I/DisplayModeDirectorImpl( 1813): onDesiredDisplayModeSpecsChanged:baseModeId=2 allowGroupSwitching=false primary=physical: (0.0 Infinity) render:  (0.0 90.0) appRequest=physical: (0.0 Infinity) render:  (0.0 90.0) noVotes=false
07-13 08:52:04.696 I/BufferQueueProducer( 1133): [StatusBar#98](this:0xb400007865c71a30,id:-1,api:0,p:-1,c:1133) queueBuffer: fps=3.14 dur=4137.61 max=3516.55 min=9.58
07-13 08:52:04.696 I/BufferQueueProducer( 1133): [com.miui.home/com.miui.home.launcher.Launcher#77736](this:0xb40000785b63ea30,id:-1,api:0,p:-1,c:1133) queueBuffer: fps=0.53 dur=3805.13 max=3680.16 min=124.97
07-13 08:52:04.698 I/gralloc4( 1133): @set_metadata: update dataspace from GM (0x08010000 -> 0x00000000)
07-13 08:52:04.702 I/illsroom.mobile(13276): Using generational CollectorTypeCC GC.
07-13 08:52:04.702 D/C2MtkBufferManager( 1041): over 5000ms not request from VCodec but callback hooked, slow BM Cc fetch thread
07-13 08:52:04.705 D/TransitionAnimationHelper( 2459):  load default animation  type = 1 enter = false animAttr = 19 isTask = true translucent = false
07-13 08:52:04.705 D/TransitionAnimationHelper( 2459):  load default animation  type = 1 enter = true animAttr = 18 isTask = true translucent = false
07-13 08:52:04.709 I/gralloc4( 2459): @set_metadata: update dataspace from GM (0x00000000 -> 0x08010000)
07-13 08:52:04.714 D/WindowManager( 1813): wms.Focus not requested for window=Window{e959bbc u0 GoogleDiscoverWindow} because it has no surface or is not focusable.
07-13 08:52:04.718 I/BufferQueueProducer( 1133): [NavigationBar0#77076](this:0xb4000078557c9a30,id:-1,api:0,p:-1,c:1133) queueBuffer: fps=2.64 dur=3793.00 max=3602.62 min=10.24
07-13 08:52:04.718 D/RecentsModel( 2470): onTaskStackChangedBackground    MSG_TASK_STACK_CHANGE
07-13 08:52:04.718 D/RecentsModel( 2470): preloadRecents
07-13 08:52:04.718 W/RecentsModel( 2470): getRunningTask
07-13 08:52:04.720 D/PerfShielderService( 1813): com.android.systemui|com.android.systemui-Nav-831445295|195|621624490280127|51|3|8
07-13 08:52:04.723 D/ShellTransitions( 2459): speed ui!!!!!!!!!!!
07-13 08:52:04.723 D/C2MtkBufferManager( 1041): over 5000ms not request from VCodec but callback hooked, slow BM Cc fetch thread
07-13 08:52:04.724 I/gralloc4( 2459): @set_metadata: update dataspace from GM (0x00000000 -> 0x08010000)
07-13 08:52:04.727 D/RecentsModel( 2470): onTaskStackChangedBackground
07-13 08:52:04.727 D/EventBus( 2470): No subscribers registered for event class com.miui.home.recents.messages.RecentTasksChangedEvent
07-13 08:52:04.727 D/EventBus( 2470): No subscribers registered for event class org.greenrobot.eventbus.NoSubscriberEvent
07-13 08:52:04.728 D/MiuiFullScreenTaskRepository( 2459): addOrUpdateFullScreenTaskInfo taskId=5355, topActivity=ComponentInfo{com.skillsroom.mobile/com.skillsroom.mobile.MainActivity}
07-13 08:52:04.732 D/SurfaceFlinger( 1133): setDesiredDisplayModeSpecs: defaultMode：1 primaryRangesMin:0.000000 primaryRangesMax:90.000000appRequestRangesMin:0.000000 appRequestRangesMax:90.000000
07-13 08:52:04.733 I/gralloc4( 2459): @set_metadata: update dataspace from GM (0x00000000 -> 0x08010000)
07-13 08:52:04.738 I/gralloc4( 1133): @set_metadata: update dataspace from GM (0x00000000 -> 0x08010000)
07-13 08:52:04.738 D/WM-GreedyScheduler(12828): Ignoring {WorkSpec: 3d86dea7-3bdc-4954-90d1-91a52545a254}. Requires device idle.
07-13 08:52:04.738 D/WM-GreedyScheduler(12828): Starting work for b3a1f046-8b08-4145-a74c-c2b9d6ac86a2
07-13 08:52:04.741 D/WM-GreedyScheduler(12828): Starting tracking for 480cb9a0-43b1-4498-b250-247053c8d584,69a177ab-b6e7-4d4e-bf91-d42eb27cebf4,c53fa67b-647a-47a0-99dd-c7bc6e08df42,822ef23c-3615-4d06-8e67-27e2fbd40a71
07-13 08:52:04.743 D/C2MtkBufferManager( 1041): over 5000ms not request from VCodec but callback hooked, slow BM Cc fetch thread
07-13 08:52:04.744 D/WindowManager( 1813): wms.Focus not requested for window=Window{e959bbc u0 GoogleDiscoverWindow} because it has no surface or is not focusable.
07-13 08:52:04.745 I/RefreshRateSelector( 1133): Display 0 policy changed
07-13 08:52:04.745 I/RefreshRateSelector( 1133): Previous: {defaultModeId=1, allowGroupSwitching=false, primaryRanges={physical=[0.00 Hz, inf Hz], render=[0.00 Hz, 90.00 Hz]}, appRequestRanges={physical=[0.00 Hz, inf Hz], render=[0.00 Hz, 90.00 Hz]}}
07-13 08:52:04.745 I/RefreshRateSelector( 1133): Current:  DisplayManagerPolicy{defaultModeId=1, allowGroupSwitching=false, primaryRanges={physical=[0.00 Hz, inf Hz], render=[0.00 Hz, 90.00 Hz]}, appRequestRanges={physical=[0.00 Hz, inf Hz], render=[0.00 Hz, 90.00 Hz]}}
07-13 08:52:04.745 I/RefreshRateSelector( 1133): 0 mode changes were performed under the previous policy
07-13 08:52:04.755 D/WM-GreedyScheduler(12828): Ignoring {WorkSpec: 3d86dea7-3bdc-4954-90d1-91a52545a254}. Requires device idle.
07-13 08:52:04.755 D/WM-GreedyScheduler(12828): Starting tracking for 480cb9a0-43b1-4498-b250-247053c8d584,69a177ab-b6e7-4d4e-bf91-d42eb27cebf4,c53fa67b-647a-47a0-99dd-c7bc6e08df42,822ef23c-3615-4d06-8e67-27e2fbd40a71
07-13 08:52:04.759 E/surfaceflinger( 1133): == MALI DEBUG ===eglp_winsys_populate_image_templates ==12288
07-13 08:52:04.763 I/gralloc4( 1133): @set_metadata: update dataspace from GM (0x08010000 -> 0x00000000)
07-13 08:52:04.764 D/C2MtkBufferManager( 1041): over 5000ms not request from VCodec but callback hooked, slow BM Cc fetch thread
07-13 08:52:04.767 I/FocusedNotifPromptContr( 2459): onTopActivityMayChanged: topActivity=com.miui.home
07-13 08:52:04.767 I/FocusedNotifPromptContr( 2459): topActivityMayChanged: topActivity=com.miui.home
07-13 08:52:04.768 D/KeyguardEditorHelper( 2459): onTopActivityMayChanged, topActivity=ComponentInfo{com.miui.home/com.miui.home.launcher.Launcher}; mState=IDEL
07-13 08:52:04.770 I/gralloc4( 2459): @set_metadata: update dataspace from GM (0x00000000 -> 0x08010000)
07-13 08:52:04.770 I/adbd    (21521): jdwp connection from 13276
07-13 08:52:04.782 E/onWindowDecorRectChanged( 2459): start size:1
07-13 08:52:04.782 E/onWindowDecorRectChanged( 2459): windowDecorRects: Rect(298, 8 - 422, 88)
07-13 08:52:04.784 D/C2MtkBufferManager( 1041): over 5000ms not request from VCodec but callback hooked, slow BM Cc fetch thread
07-13 08:52:04.792 W/RecentsModel( 2470): getRunningTask   taskInfo=TaskInfo{userId=0 taskId=2 displayId=0 isRunning=true baseIntent=Intent { act=android.intent.action.MAIN cat=[android.intent.category.HOME] flg=0x10000100 cmp=com.miui.home/.launcher.Launcher } baseActivity=ComponentInfo{com.miui.home/com.miui.home.launcher.Launcher} topActivity=ComponentInfo{com.miui.home/com.miui.home.launcher.Launcher} origActivity=null realActivity=ComponentInfo{com.miui.home/com.miui.home.launcher.Launcher} numActivities=1 lastActiveTime=690724392 supportsSplitScreenMultiWindow=true supportsMultiWindow=true resizeMode=2 isResizeable=true minWidth=-1 minHeight=-1 defaultMinSize=200 token=WCT{android.window.IWindowContainerToken$Stub$Proxy@d2ed70d} topActivityType=2 pictureInPictureParams=null shouldDockBigOverlays=false launchIntoPipHostTaskId=-1 lastParentTaskIdBeforePip=-1 displayCutoutSafeInsets=Rect(0, 68 - 0, 0) topActivityInfo=ActivityInfo{385b6c2 com.miui.home.launcher.Launcher} launchCookies=[] positionInParent=Point(0, 0) parentTaskId=-1 isFocused=true isVisible=true isVisibleRequested=false isSleeping=false topActivityInSizeCompat=false topActivityEligibleForLetterboxEducation= false topActivityLetterboxed= false isFromDoubleTap= false topActivityLetterboxVerticalPosition= -1 topActivityLetterboxHorizontalPosition= -1 topActivityLetterboxWidth=-1 topActivityLetterboxHeight=-1 locusId=null displayAreaFeatureId=1 cameraCompatControlState=hidden mIsCastMode=false mTopActivityMediaSize=null mTopActivityRecordName=ActivityRecord{8061640 u0 com.miui.home/.launcher.Launcher t2} mTopActivityOrientation=-2 mTopActivityWindowIsNowVisible=false isTranslucent=true isEmbedded=false shouldBeVisible=false mBehindAppLockPkg=null mOriginatingUid=0}
07-13 08:52:04.792 W/RecentsModel( 2470): getTaskInfoIgnoreHomeAndFreeform   taskInfo=ComponentInfo{com.miui.home/com.miui.home.launcher.Launcher}
07-13 08:52:04.795 I/gralloc4( 2459): @set_metadata: update dataspace from GM (0x00000000 -> 0x08010000)
07-13 08:52:04.796 I/BufferQueueProducer( 1133): [FramebufferSurface](this:0xb40000793ab518d0,id:-1,api:1,p:1133,c:1133) queueBuffer: fps=0.36 dur=115316.70 max=114830.85 min=9.16
07-13 08:52:04.798 I/MI-SF   ( 1133): surfaceflinger setAffinity mode=1
07-13 08:52:04.798 I/MI-SF   ( 1133): surfaceflinger setreAffinity reTid=1349
07-13 08:52:04.800 D/StatusBarController( 2470): handleMessage: flag 800000  disable false
07-13 08:52:04.802 E/ActivityManagerWrapper( 2470): get all recent tasks force including 2
07-13 08:52:04.805 D/C2MtkBufferManager( 1041): over 5000ms not request from VCodec but callback hooked, slow BM Cc fetch thread
07-13 08:52:04.805 D/Launcher_WallpaperUtils( 2470): changeStatusBarMode:false
07-13 08:52:04.806 D/ConnectivityService( 1813): requestNetwork for uid/pid:10152/12832 activeRequest: null callbackRequest: 77086 [NetworkRequest [ REQUEST id=77087, [ Capabilities: INTERNET&NOT_RESTRICTED&TRUSTED&NOT_VCN_MANAGED Uid: 10152 RequestorUid: 10152 RequestorPkg: com.reddit.frontpage UnderlyingNetworks: Null] ]] callback flags: 0 order: 2147483647 isUidTracked: false declaredMethods: AVAIL|LOST|NC|LP
07-13 08:52:04.810 I/gralloc4( 2459): @set_metadata: update dataspace from GM (0x00000000 -> 0x08010000)
07-13 08:52:04.825 I/gralloc4( 2459): @set_metadata: update dataspace from GM (0x00000000 -> 0x08010000)
07-13 08:52:04.825 D/C2MtkBufferManager( 1041): over 5000ms not request from VCodec but callback hooked, slow BM Cc fetch thread
07-13 08:52:04.831 D/nativeloader(13276): Load libframework-connectivity-tiramisu-jni.so using APEX ns com_android_tethering for caller /apex/com.android.tethering/javalib/framework-connectivity-t.jar: ok
07-13 08:52:04.834 D/CentralSurfaces( 2459): Received new disable state: Old: enaihbCrso.qingr | New: enaihbcrso.qingr (changed: c.)
07-13 08:52:04.836 I/gralloc4( 2459): @set_metadata: update dataspace from GM (0x00000000 -> 0x08010000)
07-13 08:52:04.837 D/CollapsedStatusBarFragment( 2459): adjustDisableFlags: ShadeExpansionState = 0 mHideIconsForBouncer = false mWereIconsJustHidden = false, mWakeUpCoordinator.getNotificationsFullyHidden = false, mIsExpanded = false, mBypassController.getBypassEnabled = false, mStatusBarStateController.getState() = 0, mKeyguardStateController.isKeyguardGoingAway() = false, mHeadsUpManager.hasPinnedHeadsUp = false, mControlPanelExpand = false
07-13 08:52:04.840 W/MiuiPerfServiceClient( 3978): interceptAndQueuing:2459|com.android.systemui|195|51|621624490280127|Slow handle traversal|8
07-13 08:52:04.846 I/gralloc4( 2459): @set_metadata: update dataspace from GM (0x00000000 -> 0x08010000)
07-13 08:52:04.847 D/C2MtkBufferManager( 1041): over 5000ms not request from VCodec but callback hooked, slow BM Cc fetch thread
07-13 08:52:04.860 I/gralloc4( 2459): @set_metadata: update dataspace from GM (0x00000000 -> 0x08010000)
07-13 08:52:04.863 D/CompatibilityChangeReporter( 1813): Compat change id reported: 135634846; UID 10203; state: DISABLED
07-13 08:52:04.863 D/CompatibilityChangeReporter( 1813): Compat change id reported: 177438394; UID 10203; state: DISABLED
07-13 08:52:04.863 D/CompatibilityChangeReporter( 1813): Compat change id reported: 135772972; UID 10203; state: DISABLED
07-13 08:52:04.863 D/CompatibilityChangeReporter( 1813): Compat change id reported: 135754954; UID 10203; state: ENABLED
07-13 08:52:04.863 E/ActivityManagerWrapper( 2470): getRecentTasks: size=9
07-13 08:52:04.864 E/ActivityManagerWrapper( 2470): getRecentTasks: mainTaskId=5355   userId=0   windowMode=1   baseIntent=Intent { act=android.intent.action.MAIN flag=270532608 cmp=ComponentInfo{com.skillsroom.mobile/com.skillsroom.mobile.MainActivity} }
07-13 08:52:04.864 E/ActivityManagerWrapper( 2470): getRecentTasks: mainTaskId=5344   userId=0   windowMode=1   baseIntent=Intent { act=android.intent.action.MAIN flag=270532608 cmp=ComponentInfo{com.facebook.lite/com.facebook.lite.MainActivity} }
07-13 08:52:04.864 E/ActivityManagerWrapper( 2470): getRecentTasks: mainTaskId=5341   userId=0   windowMode=1   baseIntent=Intent { act=android.intent.action.MAIN flag=270532608 cmp=ComponentInfo{com.whatsapp.w4b/com.whatsapp.Main} }
07-13 08:52:04.864 E/ActivityManagerWrapper( 2470): getRecentTasks: mainTaskId=5336   userId=0   windowMode=1   baseIntent=Intent { act=android.intent.action.MAIN flag=270532608 cmp=ComponentInfo{com.google.android.dialer/com.google.android.dialer.extensions.GoogleDialtactsActivity} }
07-13 08:52:04.864 E/ActivityManagerWrapper( 2470): getRecentTasks: mainTaskId=5335   userId=0   windowMode=1   baseIntent=Intent { act=android.intent.action.MAIN flag=270532608 cmp=ComponentInfo{com.shaiban.audioplayer.mplayer/com.shaiban.audioplayer.mplayer.app.navigation.NavigatingActivity} }
07-13 08:52:04.864 E/ActivityManagerWrapper( 2470): getRecentTasks: mainTaskId=5287   userId=0   windowMode=1   baseIntent=Intent { act=android.intent.action.MAIN flag=270532608 cmp=ComponentInfo{ng.mtn.nextgen/ng.mtn.nextgen.MainActivity} }
07-13 08:52:04.864 E/ActivityManagerWrapper( 2470): getRecentTasks: mainTaskId=5273   userId=0   windowMode=1   baseIntent=Intent { act=android.settings.APPLICATION_DEVELOPMENT_SETTINGS flag=268468224 cmp=ComponentInfo{com.android.settings/com.android.settings.Settings$DevelopmentSettingsDashboardActivity} }
07-13 08:52:04.864 E/ActivityManagerWrapper( 2470): getRecentTasks: mainTaskId=5246   userId=0   windowMode=1   baseIntent=Intent { act=android.intent.action.MAIN flag=270532608 cmp=ComponentInfo{cn.xender/cn.xender.ui.activity.SplashActivity} }
07-13 08:52:04.864 E/ActivityManagerWrapper( 2470): getRecentTasks: mainTaskId=5239   userId=0   windowMode=1   baseIntent=Intent { act=android.intent.action.MAIN flag=270532608 cmp=ComponentInfo{com.android.camera/com.android.camera.Camera} }
07-13 08:52:04.864 D/CompatibilityChangeReporter( 1813): Compat change id reported: 143937733; UID 10203; state: ENABLED
07-13 08:52:04.867 D/WifiNetworkFactory( 1813): got request NetworkRequest [ REQUEST id=77087, [ Capabilities: INTERNET&NOT_RESTRICTED&TRUSTED&NOT_VCN_MANAGED Uid: 10152 RequestorUid: 10152 RequestorPkg: com.reddit.frontpage UnderlyingNetworks: Null] ]
07-13 08:52:04.868 I/gralloc4( 2459): @set_metadata: update dataspace from GM (0x00000000 -> 0x08010000)
07-13 08:52:04.869 D/C2MtkBufferManager( 1041): over 5000ms not request from VCodec but callback hooked, slow BM Cc fetch thread
07-13 08:52:04.870 W/RenderInspector( 2459): QueueBuffer time out on StatusBar, count=1, avg=25 ms, max=25 ms.
07-13 08:52:04.872 D/WM-SystemJobScheduler(12828): Scheduling work ID 0ab14206-0222-4f56-b78c-7292207a12aeJob ID -2147483165
07-13 08:52:04.872 D/UntrustedWifiNetworkFactory( 1813): got request NetworkRequest [ REQUEST id=77087, [ Capabilities: INTERNET&NOT_RESTRICTED&TRUSTED&NOT_VCN_MANAGED Uid: 10152 RequestorUid: 10152 RequestorPkg: com.reddit.frontpage UnderlyingNetworks: Null] ]
07-13 08:52:04.873 D/OemPaidWifiNetworkFactory( 1813): got request NetworkRequest [ REQUEST id=77087, [ Capabilities: INTERNET&NOT_RESTRICTED&TRUSTED&NOT_VCN_MANAGED Uid: 10152 RequestorUid: 10152 RequestorPkg: com.reddit.frontpage UnderlyingNetworks: Null] ]
07-13 08:52:04.873 D/MultiInternetWifiNetworkFactory( 1813): got request NetworkRequest [ REQUEST id=77087, [ Capabilities: INTERNET&NOT_RESTRICTED&TRUSTED&NOT_VCN_MANAGED Uid: 10152 RequestorUid: 10152 RequestorPkg: com.reddit.frontpage UnderlyingNetworks: Null] ]
07-13 08:52:04.875 D/CompatibilityChangeReporter( 1813): Compat change id reported: 271850009; UID 10266; state: ENABLED
07-13 08:52:04.879 I/gralloc4( 2459): @set_metadata: update dataspace from GM (0x00000000 -> 0x08010000)
07-13 08:52:04.883 D/ConnectivityService( 1813): NetReassign [77087 : null → 141] [c 0] [a 2] [i 60]
07-13 08:52:04.883 D/Zygote  ( 1023): Forked child process 13302
07-13 08:52:04.889 D/Launcher_UnlockAnimationStateMachine( 2470): mResetIdleStateRunnable
07-13 08:52:04.892 D/C2MtkBufferManager( 1041): over 5000ms not request from VCodec but callback hooked, slow BM Cc fetch thread
07-13 08:52:04.893 I/gralloc4( 2459): @set_metadata: update dataspace from GM (0x00000000 -> 0x08010000)
07-13 08:52:04.902 I/gralloc4( 2459): @set_metadata: update dataspace from GM (0x00000000 -> 0x08010000)
07-13 08:52:04.903 I/MessageMonitor(13276): Load libmiui_runtime
07-13 08:52:04.905 I/ActivityManager( 1813): Start proc 13302:com.milink.service/u0a203 for service {com.milink.service/com.milink.ui.service.MiLinkTileService} caller=com.android.systemui
07-13 08:52:04.908 E/Zygote  (13302): process_name_ptr:13302 com.milink.service
07-13 08:52:04.913 W/ActivityManager( 1813): Slow operation: 53ms so far, now at startProcess: done updating pids map
07-13 08:52:04.913 D/C2MtkBufferManager( 1041): over 5000ms not request from VCodec but callback hooked, slow BM Cc fetch thread
07-13 08:52:04.918 I/gralloc4( 2459): @set_metadata: update dataspace from GM (0x00000000 -> 0x08010000)
07-13 08:52:04.924 D/WM-GreedyScheduler(12828): Ignoring {WorkSpec: 3d86dea7-3bdc-4954-90d1-91a52545a254}. Requires device idle.
07-13 08:52:04.924 D/WM-GreedyScheduler(12828): Starting tracking for 480cb9a0-43b1-4498-b250-247053c8d584,69a177ab-b6e7-4d4e-bf91-d42eb27cebf4,0ab14206-0222-4f56-b78c-7292207a12ae,c53fa67b-647a-47a0-99dd-c7bc6e08df42,822ef23c-3615-4d06-8e67-27e2fbd40a71
07-13 08:52:04.925 D/WM-SystemJobService(12828): onStartJob for WorkGenerationalId(workSpecId=0ab14206-0222-4f56-b78c-7292207a12ae, generation=0)
07-13 08:52:04.931 D/WM-Processor(12828): Processor: processing WorkGenerationalId(workSpecId=b3a1f046-8b08-4145-a74c-c2b9d6ac86a2, generation=0)
07-13 08:52:04.934 D/C2MtkBufferManager( 1041): over 5000ms not request from VCodec but callback hooked, slow BM Cc fetch thread
07-13 08:52:04.943 I/gralloc4( 2459): @set_metadata: update dataspace from GM (0x00000000 -> 0x08010000)
07-13 08:52:04.947 I/.milink.service(13302): Using generational CollectorTypeCC GC.
07-13 08:52:04.947 D/WM-Processor(12828): Processor: processing WorkGenerationalId(workSpecId=0ab14206-0222-4f56-b78c-7292207a12ae, generation=0)
07-13 08:52:04.952 D/WM-WorkerWrapper(12828): Starting work for com.linkedin.tracking.grpc.transport.restproxy.worker.RestProxyWorker
07-13 08:52:04.955 D/C2MtkBufferManager( 1041): over 5000ms not request from VCodec but callback hooked, slow BM Cc fetch thread
07-13 08:52:04.955 I/gralloc4( 2459): @set_metadata: update dataspace from GM (0x00000000 -> 0x08010000)
07-13 08:52:04.956 D/SymlinkUtils( 1813): attachApplication file op go pass: 2 ms
07-13 08:52:04.963 D/WM-WorkerWrapper(12828): Starting work for com.linkedin.tracking.grpc.transport.restproxy.worker.RestProxyWorker
07-13 08:52:04.967 I/gralloc4( 2459): @set_metadata: update dataspace from GM (0x00000000 -> 0x08010000)
07-13 08:52:04.967 D/nativeloader(13302): Load libframework-connectivity-tiramisu-jni.so using APEX ns com_android_tethering for caller /apex/com.android.tethering/javalib/framework-connectivity-t.jar: ok
07-13 08:52:04.968 D/WM-WorkConstraintsTrack(12828): NetworkRequestConstraintController register shared callback
07-13 08:52:04.973 D/ConnectivityService( 1813): requestNetwork for uid/pid:10266/12828 activeRequest: null callbackRequest: 77088 [NetworkRequest [ REQUEST id=77089, [ Capabilities: INTERNET&NOT_RESTRICTED&TRUSTED&NOT_VCN_MANAGED Uid: 10266 RequestorUid: 10266 RequestorPkg: com.linkedin.android UnderlyingNetworks: Null] ]] callback flags: 0 order: 2147483647 isUidTracked: false declaredMethods: AVAIL|LOST|NC|BLK
07-13 08:52:04.975 D/C2MtkBufferManager( 1041): over 5000ms not request from VCodec but callback hooked, slow BM Cc fetch thread
07-13 08:52:04.977 I/gralloc4( 2459): @set_metadata: update dataspace from GM (0x00000000 -> 0x08010000)
07-13 08:52:04.978 D/WM-WorkConstraintsTrack(12828): NetworkRequestConstraintController onCapabilitiesChanged callback
07-13 08:52:04.979 D/WM-WorkConstraintsTrack(12828): Not dispatching constraint state yet: isBlocked=null, capabilitiesInitialized=true
07-13 08:52:04.979 D/WM-WorkConstraintsTrack(12828): NetworkRequestConstraintController onBlockedStatusChanged callback false
07-13 08:52:04.987 I/MessageMonitor(13302): Load libmiui_runtime
07-13 08:52:04.988 I/gralloc4( 2459): @set_metadata: update dataspace from GM (0x00000000 -> 0x08010000)
07-13 08:52:04.992 I/WM-WorkerWrapper(12828): Worker result SUCCESS for Work [ id=b3a1f046-8b08-4145-a74c-c2b9d6ac86a2, tags={ com.linkedin.tracking.grpc.transport.restproxy.worker.RestProxyWorker,grest_cleanup } ]
07-13 08:52:04.996 D/C2MtkBufferManager( 1041): over 5000ms not request from VCodec but callback hooked, slow BM Cc fetch thread
07-13 08:52:04.999 I/gralloc4( 2459): @set_metadata: update dataspace from GM (0x00000000 -> 0x08010000)
07-13 08:52:05.001 D/SymlinkUtils( 1813): attachApplication file op go pass: 1 ms
07-13 08:52:05.003 D/WM-Processor(12828): Processor b3a1f046-8b08-4145-a74c-c2b9d6ac86a2 executed; reschedule = false
07-13 08:52:05.003 D/WM-SystemJobService(12828): b3a1f046-8b08-4145-a74c-c2b9d6ac86a2 executed on JobScheduler
07-13 08:52:05.008 D/WifiNetworkFactory( 1813): got request NetworkRequest [ REQUEST id=77089, [ Capabilities: INTERNET&NOT_RESTRICTED&TRUSTED&NOT_VCN_MANAGED Uid: 10266 RequestorUid: 10266 RequestorPkg: com.linkedin.android UnderlyingNetworks: Null] ]
07-13 08:52:05.008 D/UntrustedWifiNetworkFactory( 1813): got request NetworkRequest [ REQUEST id=77089, [ Capabilities: INTERNET&NOT_RESTRICTED&TRUSTED&NOT_VCN_MANAGED Uid: 10266 RequestorUid: 10266 RequestorPkg: com.linkedin.android UnderlyingNetworks: Null] ]
07-13 08:52:05.010 I/gralloc4( 2459): @set_metadata: update dataspace from GM (0x00000000 -> 0x08010000)
07-13 08:52:05.010 D/RecentsModel( 2470): onTaskStackChangedBackground    MSG_TASK_STACK_CHANGE
07-13 08:52:05.010 D/RecentsModel( 2470): preloadRecents
07-13 08:52:05.010 W/RecentsModel( 2470): getRunningTask
07-13 08:52:05.011 D/OemPaidWifiNetworkFactory( 1813): got request NetworkRequest [ REQUEST id=77089, [ Capabilities: INTERNET&NOT_RESTRICTED&TRUSTED&NOT_VCN_MANAGED Uid: 10266 RequestorUid: 10266 RequestorPkg: com.linkedin.android UnderlyingNetworks: Null] ]
07-13 08:52:05.012 D/MultiInternetWifiNetworkFactory( 1813): got request NetworkRequest [ REQUEST id=77089, [ Capabilities: INTERNET&NOT_RESTRICTED&TRUSTED&NOT_VCN_MANAGED Uid: 10266 RequestorUid: 10266 RequestorPkg: com.linkedin.android UnderlyingNetworks: Null] ]
07-13 08:52:05.016 D/C2MtkBufferManager( 1041): over 5000ms not request from VCodec but callback hooked, slow BM Cc fetch thread
07-13 08:52:05.019 D/MiuiFullScreenTaskRepository( 2459): addOrUpdateFullScreenTaskInfo taskId=5355, topActivity=ComponentInfo{com.skillsroom.mobile/com.skillsroom.mobile.MainActivity}
07-13 08:52:05.023 I/gralloc4( 2459): @set_metadata: update dataspace from GM (0x00000000 -> 0x08010000)
07-13 08:52:05.024 W/RecentsModel( 2470): getRunningTask   taskInfo=TaskInfo{userId=0 taskId=2 displayId=0 isRunning=true baseIntent=Intent { act=android.intent.action.MAIN cat=[android.intent.category.HOME] flg=0x10000100 cmp=com.miui.home/.launcher.Launcher } baseActivity=ComponentInfo{com.miui.home/com.miui.home.launcher.Launcher} topActivity=ComponentInfo{com.miui.home/com.miui.home.launcher.Launcher} origActivity=null realActivity=ComponentInfo{com.miui.home/com.miui.home.launcher.Launcher} numActivities=1 lastActiveTime=690724670 supportsSplitScreenMultiWindow=true supportsMultiWindow=true resizeMode=2 isResizeable=true minWidth=-1 minHeight=-1 defaultMinSize=200 token=WCT{android.window.IWindowContainerToken$Stub$Proxy@9aa1cd3} topActivityType=2 pictureInPictureParams=null shouldDockBigOverlays=false launchIntoPipHostTaskId=-1 lastParentTaskIdBeforePip=-1 displayCutoutSafeInsets=Rect(0, 68 - 0, 0) topActivityInfo=ActivityInfo{68c010 com.miui.home.launcher.Launcher} launchCookies=[] positionInParent=Point(0, 0) parentTaskId=-1 isFocused=true isVisible=true isVisibleRequested=false isSleeping=false topActivityInSizeCompat=false topActivityEligibleForLetterboxEducation= false topActivityLetterboxed= false isFromDoubleTap= false topActivityLetterboxVerticalPosition= -1 topActivityLetterboxHorizontalPosition= -1 topActivityLetterboxWidth=-1 topActivityLetterboxHeight=-1 locusId=null displayAreaFeatureId=1 cameraCompatControlState=hidden mIsCastMode=false mTopActivityMediaSize=null mTopActivityRecordName=ActivityRecord{8061640 u0 com.miui.home/.launcher.Launcher t2} mTopActivityOrientation=-2 mTopActivityWindowIsNowVisible=false isTranslucent=true isEmbedded=false shouldBeVisible=false mBehindAppLockPkg=null mOriginatingUid=0}
07-13 08:52:05.024 W/RecentsModel( 2470): getTaskInfoIgnoreHomeAndFreeform   taskInfo=ComponentInfo{com.miui.home/com.miui.home.launcher.Launcher}
07-13 08:52:05.033 E/ActivityManagerWrapper( 2470): get all recent tasks force including 2
07-13 08:52:05.033 D/ConnectivityService( 1813): NetReassign [77089 : null → 141] [c 1] [a 2] [i 50]
07-13 08:52:05.035 I/gralloc4( 2459): @set_metadata: update dataspace from GM (0x00000000 -> 0x08010000)
07-13 08:52:05.037 D/C2MtkBufferManager( 1041): over 5000ms not request from VCodec but callback hooked, slow BM Cc fetch thread
07-13 08:52:05.041 W/WindowManager( 1813): Changing focus from Window{e959bbc u0 GoogleDiscoverWindow} to null displayId=0 Callers=com.android.server.wm.RootWindowContainer.updateFocusedWindowLocked:541 com.android.server.wm.WindowManagerService.updateFocusedWindowLocked:6840 com.android.server.wm.ActivityTaskManagerService.setLastResumedActivityUncheckLocked:5521 com.android.server.wm.ActivityTaskSupervisor.updateTopResumedActivityIfNeeded:2530 
07-13 08:52:05.041 I/WindowManager( 1813): cancelAnimation removed leash : Surface(name=Surface(name=d59f9dd NavigationBar0#77073)/@0xd8156d9 - animation-leash of insets_animation#77745)/@0x11c2c9d
07-13 08:52:05.042 I/gralloc4( 2459): @set_metadata: update dataspace from GM (0x00000000 -> 0x08010000)
07-13 08:52:05.043 D/nativeloader(13250): Load libframework-connectivity-jni.so using APEX ns com_android_tethering for caller /apex/com.android.tethering/javalib/framework-connectivity.jar: ok
07-13 08:52:05.044 E/BufferQueueDebug( 1133): [Surface(name=d59f9dd NavigationBar0#77073)/@0xd8156d9 - animation-leash of insets_animation#77753](this:0xb400007855af4a30,id:-1,api:0,p:-1,c:-1) id info cannot be read from 'Surface(name=d59f9dd NavigationBar0#77073)/@0xd8156d9 - animation-leash of insets_animation#77753'
07-13 08:52:05.044 I/BufferQueueDebug( 1133): [Surface(name=d59f9dd NavigationBar0#77073)/@0xd8156d9 - animation-leash of insets_animation#77753](this:0xb400007855af4a30,id:-1,api:0,p:-1,c:-1) BufferQueue core=(1133:/system/bin/surfaceflinger)
07-13 08:52:05.047 I/WindowManager( 1813): cancelAnimation removed leash : Surface(name=Surface(name=5a869db StatusBar#93)/@0xba1daa7 - animation-leash of insets_animation#77746)/@0x9ad4e3
07-13 08:52:05.048 E/BufferQueueDebug( 1133): [Surface(name=5a869db StatusBar#93)/@0xba1daa7 - animation-leash of insets_animation#77754](this:0xb40000785b4faa30,id:-1,api:0,p:-1,c:-1) id info cannot be read from 'Surface(name=5a869db StatusBar#93)/@0xba1daa7 - animation-leash of insets_animation#77754'
07-13 08:52:05.048 I/BufferQueueDebug( 1133): [Surface(name=5a869db StatusBar#93)/@0xba1daa7 - animation-leash of insets_animation#77754](this:0xb40000785b4faa30,id:-1,api:0,p:-1,c:-1) BufferQueue core=(1133:/system/bin/surfaceflinger)
07-13 08:52:05.049 I/gralloc4( 2459): @set_metadata: update dataspace from GM (0x00000000 -> 0x08010000)
07-13 08:52:05.052 D/WindowManager( 1813): wms.Input focus has changed to null display=0 updateInputWindows = true
07-13 08:52:05.052 I/MultiSenceManagerInternalStub( 1813): getInstance
07-13 08:52:05.053 I/PowerHalWrapper( 1813): amsBoostNotify pid:13276,activity:com.skillsroom.mobile.MainActivity, package:com.skillsroom.mobile, mProcessCreatePackcom.skillsroom.mobile 
07-13 08:52:05.053 I/PowerHalWrapper( 1813): state: 1 
07-13 08:52:05.055 I/mtkpower_client( 1813): [Legacy][PowerHal_Wrap_notifyAppState] com.skillsroom.mobile/com.skillsroom.mobile.MainActivity pid=13276 state:1
07-13 08:52:05.055 I/libPowerHal( 1059): [perfNotifyAppState] pack:com.skillsroom.mobile, act:com.skillsroom.mobile.MainActivity, state:1, pid:13276, uid:10210, fps:-1
07-13 08:52:05.055 I/libPowerHal( 1059): [perfNotifyAppState] foreground:com.skillsroom.mobile, pid:13276, uid:10210
07-13 08:52:05.057 D/C2MtkBufferManager( 1041): over 5000ms not request from VCodec but callback hooked, slow BM Cc fetch thread
07-13 08:52:05.057 I/UxUtility( 1059): notifyForegroundApp pack:com.skillsroom.mobile, uid:10210
07-13 08:52:05.058 I/TouchUtility( 1059): notifyAppState error = NULL
07-13 08:52:05.058 I/PowerHalWrapper( 1813): amsBoostNotify AMS_BOOST_PROCESS_CREATE_BOOST:true 
07-13 08:52:05.059 I/mtkpower@impl( 1059): [notifyAppState] pc:1, com.miui.home => com.skillsroom.mobile
07-13 08:52:05.060 D/ActivityManager( 1813): mediaResourceManagerBinder get success
07-13 08:52:05.061 I/gralloc4( 2459): @set_metadata: update dataspace from GM (0x00000000 -> 0x08010000)
07-13 08:52:05.066 W/ActivityManager( 1813): Slow operation: 66ms so far, now at finishAttachApplicationInner: after mServices.attachApplicationLocked
07-13 08:52:05.066 W/ActivityManager( 1813): Slow operation: 67ms so far, now at finishAttachApplicationInner: after dispatching broadcasts
07-13 08:52:05.070 I/gralloc4( 2459): @set_metadata: update dataspace from GM (0x00000000 -> 0x08010000)
07-13 08:52:05.070 I/SmartPower: com.milink.service/10203(13302)( 1813): died->background(1219ms) R(process start ) adj=-10000.
07-13 08:52:05.076 V/GraphicsEnvironment(13250): Currently set values for:
07-13 08:52:05.076 V/GraphicsEnvironment(13250):   angle_gl_driver_selection_pkgs=[]
07-13 08:52:05.076 V/GraphicsEnvironment(13250):   angle_gl_driver_selection_values=[]
07-13 08:52:05.077 D/CompatibilityChangeReporter(13276): Compat change id reported: 171979766; UID 10210; state: ENABLED
07-13 08:52:05.078 D/C2MtkBufferManager( 1041): over 5000ms not request from VCodec but callback hooked, slow BM Cc fetch thread
07-13 08:52:05.079 D/CompatibilityChangeReporter(13276): Compat change id reported: 242716250; UID 10210; state: ENABLED
07-13 08:52:05.081 D/ResourceManagerService( 1289): update package name: com.skillsroom.mobile
07-13 08:52:05.083 I/gralloc4( 2459): @set_metadata: update dataspace from GM (0x00000000 -> 0x08010000)
07-13 08:52:05.087 D/MiuiMultiWindowUtils( 1813): DeviceLevel.IS_MIUI_LITE_VERSION 2.0 not support miui multiWindowgale
07-13 08:52:05.088 D/PerfEngineController( 7233): ForegroundInfo{mForegroundPackageName='com.skillsroom.mobile', mForegroundUid=10210, mForegroundPid=13276, mLastForegroundPackageName='com.miui.home', mLastForegroundUid=10166, mLastForegroundPid=2470, mMultiWindowForegroundPackageName='com.skillsroom.mobile', mMultiWindowForegroundUid=10210, mFlags=1}
07-13 08:52:05.088 D/ActivityManager( 1813): getProcessesInErrorState callingUid=10279, CallingPid=443
07-13 08:52:05.089 D/ActivityManager( 1813): getProcessesInErrorState callingUid=10288, CallingPid=19459
07-13 08:52:05.089 D/t1      ( 5491): myUserId = 0	currentUserId0
07-13 08:52:05.087 D/AppObserver( 2470): ForegroundInfo{mForegroundPackageName='com.skillsroom.mobile', mForegroundUid=10210, mForegroundPid=13276, mLastForegroundPackageName='com.miui.home', mLastForegroundUid=10166, mLastForegroundPid=2470, mMultiWindowForegroundPackageName='com.skillsroom.mobile', mMultiWindowForegroundUid=10210, mFlags=1}
07-13 08:52:05.094 V/GraphicsEnvironment(13250): ANGLE GameManagerService for com.google.android.cellbroadcastreceiver: false
07-13 08:52:05.094 V/GraphicsEnvironment(13250): com.google.android.cellbroadcastreceiver is not listed in per-application setting
07-13 08:52:05.094 V/GraphicsEnvironment(13250): Neither updatable production driver nor prerelease driver is supported.
07-13 08:52:05.098 D/C2MtkBufferManager( 1041): over 5000ms not request from VCodec but callback hooked, slow BM Cc fetch thread
07-13 08:52:05.099 I/gralloc4( 2459): @set_metadata: update dataspace from GM (0x00000000 -> 0x08010000)
07-13 08:52:05.102 D/ResourceManagerService( 1289): packageName: com.skillsroom.mobile, uid : 10210, hashCode : 211235360
07-13 08:52:05.102 D/ResourceManagerService( 1289): ResourceManagerService::setCodecsVppMode
07-13 08:52:05.103 D/ResourceManagerService( 1289): all codecs setVppMode return fail
07-13 08:52:05.105 D/CompatibilityChangeReporter( 1813): Compat change id reported: 170503758; UID 10210; state: ENABLED
07-13 08:52:05.106 D/CompatibilityChangeReporter( 1813): Compat change id reported: 168419799; UID 10203; state: DISABLED
07-13 08:52:05.107 D/CompatibilityChangeReporter( 1813): Compat change id reported: 273564678; UID 10203; state: DISABLED
07-13 08:52:05.109 D/MiuiFullScreenTaskRepository( 2459): removeFocusedTask displayId=0
07-13 08:52:05.109 D/MiuiFullScreenTaskRepository( 2459): addOrUpdateFullScreenTaskInfo taskId=1, topActivity=ComponentInfo{com.miui.home/com.miui.home.launcher.Launcher}
07-13 08:52:05.109 D/MiuiFullScreenTaskRepository( 2459): setFocusedTask taskId=5355, displayId=0, topActivity=ComponentInfo{com.skillsroom.mobile/com.skillsroom.mobile.MainActivity}
07-13 08:52:05.109 I/gralloc4( 2459): @set_metadata: update dataspace from GM (0x00000000 -> 0x08010000)
07-13 08:52:05.109 D/MiuiFullScreenTaskRepository( 2459): addOrUpdateFullScreenTaskInfo taskId=5355, topActivity=ComponentInfo{com.skillsroom.mobile/com.skillsroom.mobile.MainActivity}
07-13 08:52:05.110 D/MiuiDesktopModeController( 2459): onFocusTaskChanged newFocus: TaskInfo{userId=0 taskId=5355 displayId=0 isRunning=true baseIntent=Intent { act=android.intent.action.MAIN cat=[android.intent.category.LAUNCHER] flg=0x10200000 cmp=com.skillsroom.mobile/.MainActivity } baseActivity=ComponentInfo{com.skillsroom.mobile/com.skillsroom.mobile.MainActivity} topActivity=ComponentInfo{com.skillsroom.mobile/com.skillsroom.mobile.MainActivity} origActivity=null realActivity=ComponentInfo{com.skillsroom.mobile/com.skillsroom.mobile.MainActivity} numActivities=1 lastActiveTime=690724682 supportsSplitScreenMultiWindow=true supportsMultiWindow=true resizeMode=1 isResizeable=true minWidth=-1 minHeight=-1 defaultMinSize=200 token=WCT{android.window.IWindowContainerToken$Stub$Proxy@b4e3ef9} topActivityType=1 pictureInPictureParams=null shouldDockBigOverlays=false launchIntoPipHostTaskId=-1 lastParentTaskIdBeforePip=-1 displayCutoutSafeInsets=Rect(0, 68 - 0, 0) topActivityInfo=ActivityInfo{516de3e com.skillsroom.mobile.MainActivity} launchCookies=[] positionInParent=Point(0, 0) parentTaskId=-1 isFocused=true isVisible=true isVisibleRequested=true isSleeping=false topActivityInSizeCompat=false topActivityEligibleForLetterboxEducation= false topActivityLetterboxed= false isFromDoubleTap= false topActivityLetterboxVerticalPosition= -1 topActivityLetterboxHorizontalPosition= -1 topActivityLetterboxWidth=-1 topActivityLetterboxHeight=-1 locusId=null displayAreaFeatureId=1 cameraCompatControlState=hidden mIsCastMode=false mTopActivityMediaSize=null mTopActivityRecordName=ActivityRecord{721dadd u0 com.skillsroom.mobile/.MainActivity t5355} mTopActivityOrientation=1 mTopActivityWindowIsNowVisible=false isTranslucent=false isEmbedded=false shouldBeVisible=true mBehindAppLockPkg=null mOriginatingUid=0}
07-13 08:52:05.110 D/MiuiFreeformModeController( 2459): onFocusTaskChanged taskInfo: TaskInfo{userId=0 taskId=5355 displayId=0 isRunning=true baseIntent=Intent { act=android.intent.action.MAIN cat=[android.intent.category.LAUNCHER] flg=0x10200000 cmp=com.skillsroom.mobile/.MainActivity } baseActivity=ComponentInfo{com.skillsroom.mobile/com.skillsroom.mobile.MainActivity} topActivity=ComponentInfo{com.skillsroom.mobile/com.skillsroom.mobile.MainActivity} origActivity=null realActivity=ComponentInfo{com.skillsroom.mobile/com.skillsroom.mobile.MainActivity} numActivities=1 lastActiveTime=690724682 supportsSplitScreenMultiWindow=true supportsMultiWindow=true resizeMode=1 isResizeable=true minWidth=-1 minHeight=-1 defaultMinSize=200 token=WCT{android.window.IWindowContainerToken$Stub$Proxy@b4e3ef9} topActivityType=1 pictureInPictureParams=null shouldDockBigOverlays=false launchIntoPipHostTaskId=-1 lastParentTaskIdBeforePip=-1 displayCutoutSafeInsets=Rect(0, 68 - 0, 0) topActivityInfo=ActivityInfo{516de3e com.skillsroom.mobile.MainActivity} launchCookies=[] positionInParent=Point(0, 0) parentTaskId=-1 isFocused=true isVisible=true isVisibleRequested=true isSleeping=false topActivityInSizeCompat=false topActivityEligibleForLetterboxEducation= false topActivityLetterboxed= false isFromDoubleTap= false topActivityLetterboxVerticalPosition= -1 topActivityLetterboxHorizontalPosition= -1 topActivityLetterboxWidth=-1 topActivityLetterboxHeight=-1 locusId=null displayAreaFeatureId=1 cameraCompatControlState=hidden mIsCastMode=false mTopActivityMediaSize=null mTopActivityRecordName=ActivityRecord{721dadd u0 com.skillsroom.mobile/.MainActivity t5355} mTopActivityOrientation=1 mTopActivityWindowIsNowVisible=false isTranslucent=false isEmbedded=false shouldBeVisible=true mBehindAppLockPkg=null mOriginatingUid=0}
07-13 08:52:05.112 E/onWindowDecorRectChanged( 2459): start size:0
07-13 08:52:05.112 E/onWindowDecorRectChanged( 2459): start size:1
07-13 08:52:05.112 E/onWindowDecorRectChanged( 2459): windowDecorRects: Rect(298, 8 - 422, 88)
07-13 08:52:05.116 E/ActivityManagerWrapper( 2470): getRecentTasks: size=9
07-13 08:52:05.116 E/ActivityManagerWrapper( 2470): getRecentTasks: mainTaskId=5355   userId=0   windowMode=1   baseIntent=Intent { act=android.intent.action.MAIN flag=270532608 cmp=ComponentInfo{com.skillsroom.mobile/com.skillsroom.mobile.MainActivity} }
07-13 08:52:05.117 E/ActivityManagerWrapper( 2470): getRecentTasks: mainTaskId=5344   userId=0   windowMode=1   baseIntent=Intent { act=android.intent.action.MAIN flag=270532608 cmp=ComponentInfo{com.facebook.lite/com.facebook.lite.MainActivity} }
07-13 08:52:05.117 E/ActivityManagerWrapper( 2470): getRecentTasks: mainTaskId=5341   userId=0   windowMode=1   baseIntent=Intent { act=android.intent.action.MAIN flag=270532608 cmp=ComponentInfo{com.whatsapp.w4b/com.whatsapp.Main} }
07-13 08:52:05.117 E/ActivityManagerWrapper( 2470): getRecentTasks: mainTaskId=5336   userId=0   windowMode=1   baseIntent=Intent { act=android.intent.action.MAIN flag=270532608 cmp=ComponentInfo{com.google.android.dialer/com.google.android.dialer.extensions.GoogleDialtactsActivity} }
07-13 08:52:05.118 E/ActivityManagerWrapper( 2470): getRecentTasks: mainTaskId=5335   userId=0   windowMode=1   baseIntent=Intent { act=android.intent.action.MAIN flag=270532608 cmp=ComponentInfo{com.shaiban.audioplayer.mplayer/com.shaiban.audioplayer.mplayer.app.navigation.NavigatingActivity} }
07-13 08:52:05.118 E/ActivityManagerWrapper( 2470): getRecentTasks: mainTaskId=5287   userId=0   windowMode=1   baseIntent=Intent { act=android.intent.action.MAIN flag=270532608 cmp=ComponentInfo{ng.mtn.nextgen/ng.mtn.nextgen.MainActivity} }
07-13 08:52:05.118 E/ActivityManagerWrapper( 2470): getRecentTasks: mainTaskId=5273   userId=0   windowMode=1   baseIntent=Intent { act=android.settings.APPLICATION_DEVELOPMENT_SETTINGS flag=268468224 cmp=ComponentInfo{com.android.settings/com.android.settings.Settings$DevelopmentSettingsDashboardActivity} }
07-13 08:52:05.118 E/ActivityManagerWrapper( 2470): getRecentTasks: mainTaskId=5246   userId=0   windowMode=1   baseIntent=Intent { act=android.intent.action.MAIN flag=270532608 cmp=ComponentInfo{cn.xender/cn.xender.ui.activity.SplashActivity} }
07-13 08:52:05.118 E/ActivityManagerWrapper( 2470): getRecentTasks: mainTaskId=5239   userId=0   windowMode=1   baseIntent=Intent { act=android.intent.action.MAIN flag=270532608 cmp=ComponentInfo{com.android.camera/com.android.camera.Camera} }
07-13 08:52:05.118 D/C2MtkBufferManager( 1041): over 5000ms not request from VCodec but callback hooked, slow BM Cc fetch thread
07-13 08:52:05.122 I/gralloc4( 2459): @set_metadata: update dataspace from GM (0x00000000 -> 0x08010000)
07-13 08:52:05.122 D/CompatibilityChangeReporter(13302): Compat change id reported: 171979766; UID 10203; state: ENABLED
07-13 08:52:05.122 D/CompatibilityChangeReporter(13302): Compat change id reported: 242716250; UID 10203; state: DISABLED
07-13 08:52:05.127 I/ForceDarkHelperStubImpl(13250): initialize for com.google.android.cellbroadcastreceiver , ForceDarkOrigin
07-13 08:52:05.130 I/MiuiNetworkPolicy( 1813): updateUidState uid = 10203, uidState = 10
07-13 08:52:05.132 I/gralloc4( 2459): @set_metadata: update dataspace from GM (0x00000000 -> 0x08010000)
07-13 08:52:05.132 W/system_server( 1813): Long monitor contention with owner binder:1813_E (2910) at int com.android.server.job.JobSchedulerService.getUidProcState(int)(JobSchedulerService.java:2333) waiters=0 in java.util.List com.android.server.job.JobSchedulerService.getPendingJobsInNamespace(int, java.lang.String) for 120ms
07-13 08:52:05.135 D/CompatibilityChangeReporter( 1813): Compat change id reported: 265195908; UID 10203; state: ENABLED
07-13 08:52:05.136 D/WM-GreedyScheduler(12828): Cancelling work ID b3a1f046-8b08-4145-a74c-c2b9d6ac86a2
07-13 08:52:05.139 D/C2MtkBufferManager( 1041): over 5000ms not request from VCodec but callback hooked, slow BM Cc fetch thread
07-13 08:52:05.142 I/gralloc4( 2459): @set_metadata: update dataspace from GM (0x00000000 -> 0x08010000)
07-13 08:52:05.151 I/gralloc4( 2459): @set_metadata: update dataspace from GM (0x00000000 -> 0x08010000)
07-13 08:52:05.159 D/C2MtkBufferManager( 1041): over 5000ms not request from VCodec but callback hooked, slow BM Cc fetch thread
07-13 08:52:05.162 I/gralloc4( 2459): @set_metadata: update dataspace from GM (0x00000000 -> 0x08010000)
07-13 08:52:05.164 D/nativeloader(13250): Load libforcedarkimpl.so using system ns (caller=/system_ext/framework/miui-framework.jar): ok
07-13 08:52:05.164 D/WM-SystemJobScheduler(12828): Scheduling work ID b3a1f046-8b08-4145-a74c-c2b9d6ac86a2Job ID -2147483164
07-13 08:52:05.165 D/OpenGLRenderer(13250): JNI_OnLoad success
07-13 08:52:05.165 I/MiuiForceDarkConfig(13250): setConfig density:2.000000, mainRule:0, secondaryRule:0, tertiaryRule:0
07-13 08:52:05.180 D/C2MtkBufferManager( 1041): over 5000ms not request from VCodec but callback hooked, slow BM Cc fetch thread
07-13 08:52:05.183 W/Settings( 2457): Setting airplane_mode_on has moved from android.provider.Settings.System to android.provider.Settings.Global, returning read-only value.
