07-13 08:52:05.185 D/MobileStatusTracker(5)( 2459): onSignalStrengthsChanged signalStrength=SignalStrength:{mCdma=CellSignalStrengthCdma: cdmaDbm=2147483647 cdmaEcio=2147483647 evdoDbm=2147483647 evdoEcio=2147483647 evdoSnr=2147483647 miuiLevel=0 mOptimizedLevel=0 level=0,mGsm=CellSignalStrengthGsm: rssi=2147483647 ber=2147483647 mTa=2147483647 miuiLevel=0 isNtnMode=false mLevel=0,mWcdma=CellSignalStrengthWcdma: ss=2147483647 ber=2147483647 rscp=2147483647 ecno=2147483647 miuiLevel=0 mOptimizedLevel=0 level=0,mTdscdma=CellSignalStrengthTdscdma: rssi=2147483647 ber=2147483647 rscp=2147483647 miuiLevel=0 mOptimizedLevel=0 level=0,mLte=CellSignalStrengthLte: rssi=-79 rsrp=-92 rsrq=-14 rssnr=16 cqiTableIndex=2147483647 cqi=0 ta=0 miuiLevel=5 mOptimizedLevel=0 level=4 parametersUseForLevel=0,mNr=CellSignalStrengthNr:{ csiRsrp = 2147483647 csiRsrq = 2147483647 csiCqiTableIndex = 2147483647 csiCqiReport = [] ssRsrp = 2147483647 ssRsrq = 2147483647 ssSinr = 2147483647 miuiLevel = 0 mOptimizedLevel = 0 level = 0 parametersUseForLevel = 0 timingAdvance = 2147483647 },primary=CellSignalStrengthLte,mNrAsPrimaryInNrNsa=false}
07-13 08:52:05.186 D/NetworkController.MobileSignalController(5)( 2459): update5GConnectState: false
07-13 08:52:05.186 D/NetworkController.MobileSignalController(5)( 2459): ss use aosp level not 0, 5
07-13 08:52:05.200 D/C2MtkBufferManager( 1041): over 5000ms not request from VCodec but callback hooked, slow BM Cc fetch thread
07-13 08:52:05.201 D/CompatibilityChangeReporter( 1813): Compat change id reported: 170503758; UID 10203; state: ENABLED
07-13 08:52:05.221 D/C2MtkBufferManager( 1041): over 5000ms not request from VCodec but callback hooked, slow BM Cc fetch thread
07-13 08:52:05.241 D/C2MtkBufferManager( 1041): over 5000ms not request from VCodec but callback hooked, slow BM Cc fetch thread
07-13 08:52:05.248 I/ClipboardServiceI( 1813): checkProviderWakePathForClipboard: primaryClip is null
07-13 08:52:05.262 E/SurfaceComposerClient( 2459): SurfaceComposerClient::Transaction::setAlpha: invalid alpha 1.000021, clamping
07-13 08:52:05.263 D/C2MtkBufferManager( 1041): over 5000ms not request from VCodec but callback hooked, slow BM Cc fetch thread
07-13 08:52:05.273 E/SurfaceComposerClient( 2459): SurfaceComposerClient::Transaction::setAlpha: invalid alpha 1.000044, clamping
07-13 08:52:05.284 E/SurfaceComposerClient( 2459): SurfaceComposerClient::Transaction::setAlpha: invalid alpha 1.000058, clamping
07-13 08:52:05.286 D/C2MtkBufferManager( 1041): over 5000ms not request from VCodec but callback hooked, slow BM Cc fetch thread
07-13 08:52:05.295 E/SurfaceComposerClient( 2459): SurfaceComposerClient::Transaction::setAlpha: invalid alpha 1.000064, clamping
07-13 08:52:05.297 E/SurfaceComposerClient( 2459): SurfaceComposerClient::Transaction::setAlpha: invalid alpha 1.000064, clamping
07-13 08:52:05.297 D/SoScUtils( 2459): monitorTransitionFinished transition:android.os.BinderProxy@ea35951 transaction: android.view.SurfaceControl$Transaction@467b49f mRequestCloseTransition:null mRequestOpenTransition:null mStartTransition:null mRequestOpenTriggerTask:-1 mRequestCloseTriggerTask:-1 mOrientationTransition: null mMainStartingTask:-1 mSideStartingTask:-1
07-13 08:52:05.300 W/JobService(12828): onNetworkChanged() not implemented in androidx.work.impl.background.systemjob.SystemJobService. Must override in a subclass.
07-13 08:52:05.304 D/MI-SF   ( 1133): updateScene: module = 268 (Unknown), value = 0, pkg = perf_interaction
07-13 08:52:05.307 D/C2MtkBufferManager( 1041): over 5000ms not request from VCodec but callback hooked, slow BM Cc fetch thread
07-13 08:52:05.309 I/libPerfCtl( 1059): xgfGetFPS pid:2459 fps:66
07-13 08:52:05.309 I/libPerfCtl( 1059): xgfGetFPS pid:2470 fps:-1
07-13 08:52:05.310 W/Settings( 2457): Setting airplane_mode_on has moved from android.provider.Settings.System to android.provider.Settings.Global, returning read-only value.
07-13 08:52:05.317 I/MiuiWallpaper-MiuiKeyguardPictorialWallpaper( 2200): onVisibilityChanged, visible = false
07-13 08:52:05.317 D/MobileStatusTracker(1)( 2459): onSignalStrengthsChanged signalStrength=SignalStrength:{mCdma=CellSignalStrengthCdma: cdmaDbm=2147483647 cdmaEcio=2147483647 evdoDbm=2147483647 evdoEcio=2147483647 evdoSnr=2147483647 miuiLevel=0 mOptimizedLevel=0 level=0,mGsm=CellSignalStrengthGsm: rssi=2147483647 ber=2147483647 mTa=2147483647 miuiLevel=0 isNtnMode=false mLevel=0,mWcdma=CellSignalStrengthWcdma: ss=2147483647 ber=2147483647 rscp=2147483647 ecno=2147483647 miuiLevel=0 mOptimizedLevel=0 level=0,mTdscdma=CellSignalStrengthTdscdma: rssi=2147483647 ber=2147483647 rscp=2147483647 miuiLevel=0 mOptimizedLevel=0 level=0,mLte=CellSignalStrengthLte: rssi=-91 rsrp=-102 rsrq=-12 rssnr=10 cqiTableIndex=2147483647 cqi=0 ta=0 miuiLevel=4 mOptimizedLevel=0 level=3 parametersUseForLevel=0,mNr=CellSignalStrengthNr:{ csiRsrp = 2147483647 csiRsrq = 2147483647 csiCqiTableIndex = 2147483647 csiCqiReport = [] ssRsrp = 2147483647 ssRsrq = 2147483647 ssSinr = 2147483647 miuiLevel = 0 mOptimizedLevel = 0 level = 0 parametersUseForLevel = 0 timingAdvance = 2147483647 },primary=CellSignalStrengthLte,mNrAsPrimaryInNrNsa=false}
07-13 08:52:05.317 D/NetworkController.MobileSignalController(1)( 2459): update5GConnectState: false
07-13 08:52:05.317 D/NetworkController.MobileSignalController(1)( 2459): ss use aosp level not 0, 4
07-13 08:52:05.324 I/MI-SF   ( 1133): surfaceflinger setAffinity mode=0
07-13 08:52:05.327 I/SettingsProvider( 1813): refresh rate settings changed, name:miui_refresh_rate,value:60,pkg:com.miui.powerkeeper
07-13 08:52:05.327 D/C2MtkBufferManager( 1041): over 5000ms not request from VCodec but callback hooked, slow BM Cc fetch thread
07-13 08:52:05.328 I/DisplayModeDirectorImpl( 1813): onDesiredDisplayModeSpecsChanged:baseModeId=2 allowGroupSwitching=false primary=physical: (0.0 Infinity) render:  (0.0 60.0) appRequest=physical: (0.0 Infinity) render:  (0.0 60.0) noVotes=false
07-13 08:52:05.328 W/JobService(12832): onNetworkChanged() not implemented in androidx.work.impl.background.systemjob.SystemJobService. Must override in a subclass.
07-13 08:52:05.329 I/BufferQueueDebug( 1133): [Transition Root: Task=5355#77751](this:0xb40000785b451a30,id:-1,api:0,p:-1,c:1133) onDestructor()
07-13 08:52:05.331 W/JobService(12832): onNetworkChanged() not implemented in androidx.work.impl.background.systemjob.SystemJobService. Must override in a subclass.
07-13 08:52:05.337 D/nativeloader(13302): InitLlndkLibrariesProduct: libEGL.so:libGLESv1_CM.so:libGLESv2.so:libGLESv3.so:libRS.so:libandroid_net.so:libbinder_ndk.so:libc.so:libcgrouprc.so:libclang_rt.asan-aarch64-android.so:libclang_rt.asan-arm-android.so:libclang_rt.hwasan-aarch64-android.so:libcom.android.tethering.connectivity_native.so:libdl.so:libft2.so:liblog.so:libm.so:libmediandk.so:libnativewindow.so:libneuralnetworks.so:libselinux.so:libsync.so:libvndksupport.so:libvulkan.so
07-13 08:52:05.337 D/nativeloader(13302): Configuring product-clns-4 for unbundled product apk /product/app/MiLinkGlobal/MiLinkGlobal.apk. target_sdk_version=33, uses_libraries=, library_path=/product/app/MiLinkGlobal/lib/arm64:/product/app/MiLinkGlobal/MiLinkGlobal.apk!/lib/arm64-v8a:/product/lib64:/system/product/lib64, permitted_path=/data:/mnt/expand:/data/user/0/com.milink.service:/product/lib64:/system/product/lib64
07-13 08:52:05.347 I/MiuiWallpaper-ImageWallpaper( 2200): onVisibilityChanged, visible = false
07-13 08:52:05.347 D/nativeloader(13302): InitVndkspLibrariesProduct: android.hardware.common-V2-ndk.so:android.hardware.common.fmq-V1-ndk.so:android.hardware.graphics.allocator-V2-ndk.so:android.hardware.graphics.common-V4-ndk.so:android.hardware.graphics.common@1.0.so:android.hardware.graphics.common@1.1.so:android.hardware.graphics.common@1.2.so:android.hardware.graphics.composer3-V1-ndk.so:android.hardware.graphics.mapper@2.0.so:android.hardware.graphics.mapper@2.1.so:android.hardware.graphics.mapper@3.0.so:android.hardware.graphics.mapper@4.0.so:android.hardware.renderscript@1.0.so:android.hidl.memory.token@1.0.so:android.hidl.memory@1.0-impl.so:android.hidl.memory@1.0.so:android.hidl.safe_union@1.0.so:libRSCpuRef.so:libRSDriver.so:libRS_internal.so:libbase.so:libbcinfo.so:libblas.so:libc++.so:libcompiler_rt.so:libcutils.so:libdmabufheap.so:libgralloctypes.so:libhardware.so:libhidlbase.so:libhidlmemory.so:libion.so:libjsoncpp.so:liblzma.so:libprocessgroup.so:libunwindstack.so:libutils.so:libutilscallstack.so:libz.so
07-13 08:52:05.348 D/C2MtkBufferManager( 1041): over 5000ms not request from VCodec but callback hooked, slow BM Cc fetch thread
07-13 08:52:05.353 I/GED     ( 2470): ged_boost_gpu_freq, level 100, eOrigin 2, final_idx 31, oppidx_max 31, oppidx_min 0
07-13 08:52:05.359 I/ActivityManager( 1813): Flag disabled. Ignoring finishAttachApplication from uid: 10249. pid: 13250
07-13 08:52:05.365 D/CellBroadcastReceiver(13250): onReceive Intent { act=android.intent.action.SERVICE_STATE flg=0x1000010 cmp=com.google.android.cellbroadcastreceiver/com.android.cellbroadcastreceiver.CellBroadcastReceiver (has extras) }
07-13 08:52:05.368 D/C2MtkBufferManager( 1041): over 5000ms not request from VCodec but callback hooked, slow BM Cc fetch thread
07-13 08:52:05.383 W/BpBinder(12828): Slow Binder: BpBinder transact took 218 ms, interface=android.app.job.IJobScheduler, code=1 oneway=false
07-13 08:52:05.388 D/C2MtkBufferManager( 1041): over 5000ms not request from VCodec but callback hooked, slow BM Cc fetch thread
07-13 08:52:05.389 W/Looper  ( 1813): Slow dispatch took 274ms android.ui h=com.android.server.am.ActivityManagerService$UiHandler c=com.android.server.am.UidObserverController$$ExternalSyntheticLambda0@1a090b4 m=0
07-13 08:52:05.389 W/BpBinder(12832): Slow Binder: BpBinder transact took 247 ms, interface=android.app.job.IJobScheduler, code=1 oneway=false
07-13 08:52:05.390 D/UidObserver( 7233): onUidIdle uid=10168 uidstate=100
07-13 08:52:05.392 I/MiuiNetworkPolicy( 1813): updateUidState uid = 10210, uidState = 2
07-13 08:52:05.392 D/isUidValid( 1813): uid = 10210
07-13 08:52:05.394 D/WM-GreedyScheduler(12828): Ignoring {WorkSpec: 3d86dea7-3bdc-4954-90d1-91a52545a254}. Requires device idle.
07-13 08:52:05.394 D/WM-GreedyScheduler(12828): Starting tracking for 480cb9a0-43b1-4498-b250-247053c8d584,69a177ab-b6e7-4d4e-bf91-d42eb27cebf4,c53fa67b-647a-47a0-99dd-c7bc6e08df42,822ef23c-3615-4d06-8e67-27e2fbd40a71
07-13 08:52:05.395 W/Looper  ( 1813): Slow delivery took 271ms android.ui h=com.android.server.am.ActivityManagerService$UiHandler c=com.android.server.am.UidObserverController$$ExternalSyntheticLambda0@1a090b4 m=0
07-13 08:52:05.397 D/ULogGuard( 1314): Monitoring: 16 threads, 0 requests, 0 time-bombs; 2 guards. ResetFlags = 0x7
07-13 08:52:05.397 D/WM-GreedyScheduler(12828): Constraints met: Scheduling work ID WorkGenerationalId(workSpecId=822ef23c-3615-4d06-8e67-27e2fbd40a71, generation=0)
07-13 08:52:05.398 D/WM-GreedyScheduler(12828): Constraints met: Scheduling work ID WorkGenerationalId(workSpecId=c53fa67b-647a-47a0-99dd-c7bc6e08df42, generation=0)
07-13 08:52:05.398 D/WM-GreedyScheduler(12828): Constraints met: Scheduling work ID WorkGenerationalId(workSpecId=69a177ab-b6e7-4d4e-bf91-d42eb27cebf4, generation=0)
07-13 08:52:05.398 D/WM-GreedyScheduler(12828): Constraints met: Scheduling work ID WorkGenerationalId(workSpecId=480cb9a0-43b1-4498-b250-247053c8d584, generation=0)
07-13 08:52:05.398 D/WM-GreedyScheduler(12828): Constraints met: Scheduling work ID WorkGenerationalId(workSpecId=0ab14206-0222-4f56-b78c-7292207a12ae, generation=0)
07-13 08:52:05.404 D/Aurogon ( 1813):  uid = 10210 switch to FG
07-13 08:52:05.404 W/MiPicks-ProcessObserverV10(21977): onForegroundActivitiesChanged:pid = 13276,activity-uid=10210,foregroundActivities=true
07-13 08:52:05.405 D/PMonitor( 4459):  onForegroundActivitiesChanged:pid = 13276,activity-uid=10210,foregroundActivities=true
07-13 08:52:05.405 D/MiuiFullScreenTaskRepository( 2459): addOrUpdateFullScreenTaskInfo taskId=1, topActivity=ComponentInfo{com.miui.home/com.miui.home.launcher.Launcher}
07-13 08:52:05.406 D/TelephonyManager( 2457): requestModemActivityInfo: Sending result to app: ModemActivityInfo{ mTimestamp=690725055 mSleepTimeMs=291156839 mIdleTimeMs=82926499 mActivityStatsTechSpecificInfo=[{mRat=UNKNOWN,mFrequencyRange=UNKNOWN,mTxTimeMs[]=[99490, 853729, 16321862, 16734034, 35391210],mRxTimeMs=318375431}]}
07-13 08:52:05.408 I/gralloc4( 1133): @set_metadata: update dataspace from GM (0x00000000 -> 0x08010000)
07-13 08:52:05.409 D/C2MtkBufferManager( 1041): over 5000ms not request from VCodec but callback hooked, slow BM Cc fetch thread
07-13 08:52:05.417 D/SurfaceFlinger( 1133): setDesiredDisplayModeSpecs: defaultMode：1 primaryRangesMin:0.000000 primaryRangesMax:60.000000appRequestRangesMin:0.000000 appRequestRangesMax:60.000000
07-13 08:52:05.417 I/RefreshRateSelector( 1133): Display 0 policy changed
07-13 08:52:05.417 I/RefreshRateSelector( 1133): Previous: {defaultModeId=1, allowGroupSwitching=false, primaryRanges={physical=[0.00 Hz, inf Hz], render=[0.00 Hz, 90.00 Hz]}, appRequestRanges={physical=[0.00 Hz, inf Hz], render=[0.00 Hz, 90.00 Hz]}}
07-13 08:52:05.417 I/RefreshRateSelector( 1133): Current:  DisplayManagerPolicy{defaultModeId=1, allowGroupSwitching=false, primaryRanges={physical=[0.00 Hz, inf Hz], render=[0.00 Hz, 60.00 Hz]}, appRequestRanges={physical=[0.00 Hz, inf Hz], render=[0.00 Hz, 60.00 Hz]}}
07-13 08:52:05.417 I/RefreshRateSelector( 1133): 0 mode changes were performed under the previous policy
07-13 08:52:05.417 D/SurfaceFlinger( 1133): MtkOverrideDuration: update vsync 60
07-13 08:52:05.417 E/SurfaceFlinger( 1133): MtkDuration override mode is disabled
07-13 08:52:05.417 D/SurfaceFlinger( 1133): MtkOverrideDuration: reset override duration
07-13 08:52:05.418 I/BufferQueueDebug( 1133): [1cd004b ActivityRecordInputSink com.miui.home/.launcher.Launcher#77741](this:0xb400007855a8aa30,id:-1,api:0,p:-1,c:1133) onDestructor()
07-13 08:52:05.420 I/hwcomposer( 1039): [HWC] (0) displaySetActiveConfig config:0  
07-13 08:52:05.426 D/BLASTBufferQueue( 2470): [VRI[Launcher]#1306](f:0,a:1) destructor()
07-13 08:52:05.426 I/gralloc4( 2459): @set_metadata: update dataspace from GM (0x00000000 -> 0x08010000)
07-13 08:52:05.427 I/system_server( 1813): Background young concurrent copying GC freed 19MB AllocSpace bytes, 61(1432KB) LOS objects, 12% free, 133MB/152MB, paused 2.561ms,4.368ms total 991.864ms
07-13 08:52:05.429 D/C2MtkBufferManager( 1041): over 5000ms not request from VCodec but callback hooked, slow BM Cc fetch thread
07-13 08:52:05.432 I/BpBinder( 1133): onLastStrongRef automatically unlinking death recipients: 
07-13 08:52:05.432 D/BufferQueueConsumer( 2470): [VRI[Launcher]#1306(BLAST Consumer)1306](id:9a60000051b,api:0,p:-1,c:2470) disconnect
07-13 08:52:05.432 D/nativeloader(13302): Load libframework-connectivity-jni.so using APEX ns com_android_tethering for caller /apex/com.android.tethering/javalib/framework-connectivity.jar: ok
07-13 08:52:05.433 D/PerfShielderService( 1813): com.android.systemui|com.android.systemui-Nav-831445295|165|621628242850589|86|6|4
07-13 08:52:05.434 W/System  ( 1813): A resource failed to call HardwareBuffer.close. 
07-13 08:52:05.434 W/MiuiPerfServiceClient( 3978): interceptAndQueuing:2459|com.android.systemui|165|86|621628242850589|Slow swap buffers|4
07-13 08:52:05.436 W/System  ( 1813): A resource failed to call HardwareBuffer.close. 
07-13 08:52:05.441 I/bzak    (12816): onResume
07-13 08:52:05.442 V/GraphicsEnvironment(13302): Currently set values for:
07-13 08:52:05.442 V/GraphicsEnvironment(13302):   angle_gl_driver_selection_pkgs=[]
07-13 08:52:05.442 V/GraphicsEnvironment(13302):   angle_gl_driver_selection_values=[]
07-13 08:52:05.443 V/GraphicsEnvironment(13302): ANGLE GameManagerService for com.milink.service: false
07-13 08:52:05.443 V/GraphicsEnvironment(13302): com.milink.service is not listed in per-application setting
07-13 08:52:05.444 V/GraphicsEnvironment(13302): Neither updatable production driver nor prerelease driver is supported.
07-13 08:52:05.446 I/DisplayDeviceRepository( 1813): Display device changed: DisplayDeviceInfo{"Built-in Screen": uniqueId="local:0", 720 x 1600, modeId 1, renderFrameRate 60.0, defaultModeId 2, supportedModes [{id=1, width=720, height=1600, fps=60.0, alternativeRefreshRates=[90.0], supportedHdrTypes=[]}, {id=2, width=720, height=1600, fps=90.0, alternativeRefreshRates=[60.0], supportedHdrTypes=[]}], colorMode 0, supportedColorModes [0], hdrCapabilities HdrCapabilities{mSupportedHdrTypes=[], mMaxLuminance=500.0, mMaxAverageLuminance=500.0, mMinLuminance=0.0}, allmSupported false, gameContentTypeSupported false, density 320, 260.105 x 260.112 dpi, appVsyncOff 5400001, presDeadline 28600000, cutout DisplayCutout{insets=Rect(0, 68 - 0, 0) waterfall=Insets{left=0, top=0, right=0, bottom=0} boundingRect={Bounds=[Rect(0, 0 - 0, 0), Rect(320, 0 - 400, 68), Rect(0, 0 - 0, 0), Rect(0, 0 - 0, 0)]} cutoutPathParserInfo={CutoutPathParserInfo{displayWidth=720 displayHeight=1600 physicalDisplayWidth=720 physicalDisplayHeight=1600 density={2.0} cutoutSpec={M 0,0 H -40 V 68 H 40 V 0 H 0 Z} rotation={0} scale={1.0} physicalPixelDisplaySizeRatio={1.0}}}}, touch INTERNAL, rotation 0, type INTERNAL, address {port=0}, deviceProductInfo null, state ON, committedState ON, frameRateOverride , brightnessMinimum 0.0, brightnessMaximum 1.0, brightnessDefault 0.14956012, hdrSdrRatio NaN, roundedCorners RoundedCorners{[RoundedCorner{position=TopLeft, radius=66, center=Point(66, 66)}, RoundedCorner{position=TopRight, radius=66, center=Point(654, 66)}, RoundedCorner{position=BottomRight, radius=66, center=Point(654, 1534)}, RoundedCorner{position=BottomLeft, radius=66, center=Point(66, 1534)}]}, FLAG_ALLOWED_TO_BE_DEFAULT_DISPLAY, FLAG_ROTATES_WITH_CONTENT, FLAG_SECURE, FLAG_SUPPORTS_PROTECTED_BUFFERS, FLAG_TRUSTED, installOrientation 0, displayShape DisplayShape{ spec=2134893525 displayWidth=720 displayHeight=1600 physicalPixelDisplaySizeRatio=1.0 rotation=0 offsetX=0 offsetY=0 scale=1.0}}
07-13 08:52:05.448 I/edlg    (12816): (REDACTED) Eligibility is %d
07-13 08:52:05.450 D/C2MtkBufferManager( 1041): over 5000ms not request from VCodec but callback hooked, slow BM Cc fetch thread
07-13 08:52:05.450 I/ForceDarkHelperStubImpl(13302): initialize for com.milink.service , ForceDarkOrigin
07-13 08:52:05.452 D/nativeloader(13302): Load libforcedarkimpl.so using system ns (caller=/system_ext/framework/miui-framework.jar): ok
07-13 08:52:05.453 D/OpenGLRenderer(13302): JNI_OnLoad success
07-13 08:52:05.453 I/MiuiForceDarkConfig(13302): setConfig density:2.000000, mainRule:0, secondaryRule:0, tertiaryRule:0
07-13 08:52:05.465 W/dpam    (12816): missing event name
07-13 08:52:05.466 W/Launcher( 2470): onDisplayChanged: newRotation=0, mCurrentRotation=0
07-13 08:52:05.468 W/Looper  ( 1813): Drained
07-13 08:52:05.470 D/C2MtkBufferManager( 1041): over 5000ms not request from VCodec but callback hooked, slow BM Cc fetch thread
07-13 08:52:05.472 I/BtGatt.ScanManager(29492): msg.what = MSG_SCREEN_ON, msg.arg1 = None
07-13 08:52:05.472 V/AutoDensityController( 2459): on display changed 0 context dpi:296 origin dpi:320 target dpi:296
07-13 08:52:05.484 I/WM-WorkerWrapper(12828): Worker result SUCCESS for Work [ id=cf775d74-43ba-4d5e-adc2-46fe05e5f548, tags={ com.linkedin.android.segment.ChameleonPeriodicWork } ]
07-13 08:52:05.488 D/WM-Processor(12828): Processor cf775d74-43ba-4d5e-adc2-46fe05e5f548 executed; reschedule = false
07-13 08:52:05.488 D/WM-SystemJobService(12828): cf775d74-43ba-4d5e-adc2-46fe05e5f548 executed on JobScheduler
07-13 08:52:05.489 D/WM-Processor(12828): Processor: processing WorkGenerationalId(workSpecId=822ef23c-3615-4d06-8e67-27e2fbd40a71, generation=0)
07-13 08:52:05.490 D/C2MtkBufferManager( 1041): over 5000ms not request from VCodec but callback hooked, slow BM Cc fetch thread
07-13 08:52:05.492 D/WM-Processor(12828): Processor: processing WorkGenerationalId(workSpecId=c53fa67b-647a-47a0-99dd-c7bc6e08df42, generation=0)
07-13 08:52:05.493 D/CellBroadcastReceiver(13250): onServiceStateChanged, ss: 0
07-13 08:52:05.496 I/gralloc4( 2459): @set_metadata: update dataspace from GM (0x00000000 -> 0x08010000)
07-13 08:52:05.499 D/WM-Processor(12828): Processor: processing WorkGenerationalId(workSpecId=69a177ab-b6e7-4d4e-bf91-d42eb27cebf4, generation=0)
07-13 08:52:05.500 I/gralloc4( 2459): @set_metadata: update dataspace from GM (0x00000000 -> 0x08010000)
07-13 08:52:05.501 D/WM-Processor(12828): Processor: processing WorkGenerationalId(workSpecId=480cb9a0-43b1-4498-b250-247053c8d584, generation=0)
07-13 08:52:05.503 D/WM-Processor(12828): Work WorkGenerationalId(workSpecId=0ab14206-0222-4f56-b78c-7292207a12ae, generation=0) is already enqueued for processing
07-13 08:52:05.503 D/CellBroadcastReceiver(13250): networkOperator: 62130
07-13 08:52:05.505 I/WM-WorkerWrapper(12828): Worker result SUCCESS for Work [ id=0ab14206-0222-4f56-b78c-7292207a12ae, tags={ com.linkedin.tracking.grpc.transport.restproxy.worker.RestProxyWorker,grest_dispatch_batches } ]
07-13 08:52:05.508 W/miuix-app-comp(13302): enableComponentArch true, com.milink.service
07-13 08:52:05.511 D/C2MtkBufferManager( 1041): over 5000ms not request from VCodec but callback hooked, slow BM Cc fetch thread
07-13 08:52:05.515 D/WM-Processor(12828): Processor 0ab14206-0222-4f56-b78c-7292207a12ae executed; reschedule = false
07-13 08:52:05.515 D/WM-SystemJobService(12828): 0ab14206-0222-4f56-b78c-7292207a12ae executed on JobScheduler
07-13 08:52:05.516 D/WM-GreedyScheduler(12828): Stopping tracking for WorkGenerationalId(workSpecId=0ab14206-0222-4f56-b78c-7292207a12ae, generation=0)
07-13 08:52:05.519 I/MiuiNetworkPolicy( 1813): updateUidState uid = 10266, uidState = 10
07-13 08:52:05.521 I/gralloc4( 2459): @set_metadata: update dataspace from GM (0x00000000 -> 0x08010000)
07-13 08:52:05.525 D/ConnectivityService( 1813): requestNetwork for uid/pid:10152/12832 activeRequest: null callbackRequest: 77090 [NetworkRequest [ REQUEST id=77091, [ Capabilities: INTERNET&NOT_RESTRICTED&TRUSTED&NOT_VCN_MANAGED Uid: 10152 RequestorUid: 10152 RequestorPkg: com.reddit.frontpage UnderlyingNetworks: Null] ]] callback flags: 0 order: 2147483647 isUidTracked: false declaredMethods: AVAIL|LOST|NC|LP
07-13 08:52:05.525 D/CellBroadcastReceiver(13250): update supported roaming operator as 
07-13 08:52:05.528 D/WM-GreedyScheduler(12828): Cancelling work ID cf775d74-43ba-4d5e-adc2-46fe05e5f548
07-13 08:52:05.537 I/MiuiNetworkPolicy( 1813): updateUidState uid = 10266, uidState = 19
07-13 08:52:05.540 D/C2MtkBufferManager( 1041): over 5000ms not request from VCodec but callback hooked, slow BM Cc fetch thread
07-13 08:52:05.542 D/WifiNetworkFactory( 1813): got request NetworkRequest [ REQUEST id=77091, [ Capabilities: INTERNET&NOT_RESTRICTED&TRUSTED&NOT_VCN_MANAGED Uid: 10152 RequestorUid: 10152 RequestorPkg: com.reddit.frontpage UnderlyingNetworks: Null] ]
07-13 08:52:05.542 D/UntrustedWifiNetworkFactory( 1813): got request NetworkRequest [ REQUEST id=77091, [ Capabilities: INTERNET&NOT_RESTRICTED&TRUSTED&NOT_VCN_MANAGED Uid: 10152 RequestorUid: 10152 RequestorPkg: com.reddit.frontpage UnderlyingNetworks: Null] ]
07-13 08:52:05.542 D/OemPaidWifiNetworkFactory( 1813): got request NetworkRequest [ REQUEST id=77091, [ Capabilities: INTERNET&NOT_RESTRICTED&TRUSTED&NOT_VCN_MANAGED Uid: 10152 RequestorUid: 10152 RequestorPkg: com.reddit.frontpage UnderlyingNetworks: Null] ]
07-13 08:52:05.543 D/MultiInternetWifiNetworkFactory( 1813): got request NetworkRequest [ REQUEST id=77091, [ Capabilities: INTERNET&NOT_RESTRICTED&TRUSTED&NOT_VCN_MANAGED Uid: 10152 RequestorUid: 10152 RequestorPkg: com.reddit.frontpage UnderlyingNetworks: Null] ]
07-13 08:52:05.547 D/ConnectivityService( 1813): NetReassign [77091 : null → 141] [c 0] [a 10] [i 10]
07-13 08:52:05.547 I/hwcomposer( 1039): [HWCDisplay] [Display_0 (type:1)] fps:64.932236,dur:1016.44,max:83.68,min:6.38  
07-13 08:52:05.550 I/gralloc4( 2459): @set_metadata: update dataspace from GM (0x00000000 -> 0x08010000)
07-13 08:52:05.555 I/gralloc4( 2459): @set_metadata: update dataspace from GM (0x00000000 -> 0x08010000)
07-13 08:52:05.557 I/MiuiNetworkPolicy( 1813): updateUidState uid = 10249, uidState = 19
07-13 08:52:05.557 E/WifiStandalone( 1305): conditional wait timedout
07-13 08:52:05.562 E/WifiStandalone( 1305): write_to_file write kernel_log error, errno = 9(Bad file descriptor)
07-13 08:52:05.564 I/lowmemorykiller(  475): Kill 'com.linkedin.android' (12828), uid 10266, oom_score_adj 905 to free 219004kB rss, 37396kB swap; reason: device is in direct reclaim and thrashing (40%)
07-13 08:52:05.564 D/C2MtkBufferManager( 1041): over 5000ms not request from VCodec but callback hooked, slow BM Cc fetch thread
07-13 08:52:05.569 I/gralloc4( 2459): @set_metadata: update dataspace from GM (0x00000000 -> 0x08010000)
07-13 08:52:05.577 I/libprocessgroup( 1813): Successfully killed process cgroup uid 10266 pid 12828 in 11ms
07-13 08:52:05.578 W/FirebaseRemoteConfig(21977): No value of type 'FirebaseRemoteConfigValue' exists for parameter key 'c_window_and_activity_config'.
07-13 08:52:05.579 I/thermal_repeater( 1331): [recvMdThermalInfo] ret=24, strLen=127,  3, 45, 2, 196, 32767, 0
07-13 08:52:05.584 I/gralloc4( 2459): @set_metadata: update dataspace from GM (0x00000000 -> 0x08010000)
07-13 08:52:05.585 D/C2MtkBufferManager( 1041): over 5000ms not request from VCodec but callback hooked, slow BM Cc fetch thread
07-13 08:52:05.590 D/ActivityManager( 1813): getProcessesInErrorState callingUid=10279, CallingPid=443
07-13 08:52:05.597 D/ActivityManager( 1813): getProcessesInErrorState callingUid=10288, CallingPid=19459
07-13 08:52:05.602 I/gralloc4( 2459): @set_metadata: update dataspace from GM (0x00000000 -> 0x08010000)
07-13 08:52:05.606 D/C2MtkBufferManager( 1041): over 5000ms not request from VCodec but callback hooked, slow BM Cc fetch thread
07-13 08:52:05.609 I/MMKV    (21977): <MMKV.cpp:1189::sync> MMKV::sync, SyncFlag = 1
07-13 08:52:05.617 I/gralloc4( 2459): @set_metadata: update dataspace from GM (0x00000000 -> 0x08010000)
07-13 08:52:05.625 W/droid.bluetooth(29492): PerfMonitor async binderTransact :  time=491ms interface=android.bluetooth.IBluetoothGatt code=1
07-13 08:52:05.626 D/C2MtkBufferManager( 1041): over 5000ms not request from VCodec but callback hooked, slow BM Cc fetch thread
07-13 08:52:05.632 I/gralloc4( 2459): @set_metadata: update dataspace from GM (0x00000000 -> 0x08010000)
07-13 08:52:05.649 I/lowmemorykiller(  475): Kill 'com.google.android.cellbroadcastreceiver' (13250), uid 10249, oom_score_adj 905 to free 86160kB rss, 41616kB swap; reason: cw
07-13 08:52:05.649 D/C2MtkBufferManager( 1041): over 5000ms not request from VCodec but callback hooked, slow BM Cc fetch thread
07-13 08:52:05.652 I/ActivityManager( 1813): Process com.linkedin.android (pid 12828) has died: cch+5 CEM 
07-13 08:52:05.652 D/ConnectivityService( 1813): releasing NetworkRequest [ REQUEST id=77084, [ Capabilities: INTERNET&NOT_RESTRICTED&TRUSTED&NOT_VCN_MANAGED Uid: 10266 RequestorUid: 10266 RequestorPkg: com.linkedin.android UnderlyingNetworks: Null] ] (release request)
07-13 08:52:05.654 E/ProcessManager( 1813): error write exception log
07-13 08:52:05.654 I/IPCThreadState( 4459): oneway function results for code 3 on binder at 0xb400007cb4ffdc20 will be dropped but finished with status UNKNOWN_TRANSACTION
07-13 08:52:05.655 I/libprocessgroup( 1813): Successfully killed process cgroup uid 10266 pid 12828 in 0ms
07-13 08:52:05.655 D/DisplayManagerService( 1813): Drop pending events for gone uid 10266
07-13 08:52:05.655 I/MiuiNetworkPolicy( 1813): removeUidState uid = 10266
07-13 08:52:05.655 I/libprocessgroup( 1813): Successfully killed process cgroup uid 10249 pid 13250 in 0ms
07-13 08:52:05.655 D/UidObserver( 7233): onUidGone entry uid = 10266
07-13 08:52:05.657 D/ConnectivityService( 1813): releasing NetworkRequest [ REQUEST id=77089, [ Capabilities: INTERNET&NOT_RESTRICTED&TRUSTED&NOT_VCN_MANAGED Uid: 10266 RequestorUid: 10266 RequestorPkg: com.linkedin.android UnderlyingNetworks: Null] ] (release request)
07-13 08:52:05.657 D/ConnectivityService( 1813): releasing NetworkRequest [ REQUEST id=77082, [ Capabilities: INTERNET&NOT_RESTRICTED&TRUSTED&NOT_VCN_MANAGED Uid: 10266 RequestorUid: 10266 RequestorPkg: com.linkedin.android UnderlyingNetworks: Null] ] (release request)
07-13 08:52:05.658 I/gralloc4( 2459): @set_metadata: update dataspace from GM (0x00000000 -> 0x08010000)
07-13 08:52:05.659 W/.xiaomi.mipicks(21977): PerfMonitor async binderTransact :  time=256ms interface=android.app.IProcessObserver code=1
07-13 08:52:05.659 W/MiPicks-ProcessObserverV10(21977): onProcessDied:pid = 12828,died-uid=10266
07-13 08:52:05.660 W/ComponentDiscovery(13302): Class com.google.firebase.dynamicloading.DynamicLoadingRegistrar is not an found.
07-13 08:52:05.665 I/mtkpower_client( 1813): [Legacy][PowerHal_Wrap_notifyAppState] com.linkedin.android/com.linkedin.android pid=12828 state:3
07-13 08:52:05.668 I/gralloc4( 2459): @set_metadata: update dataspace from GM (0x00000000 -> 0x08010000)
07-13 08:52:05.670 D/C2MtkBufferManager( 1041): over 5000ms not request from VCodec but callback hooked, slow BM Cc fetch thread
07-13 08:52:05.672 I/Zygote  ( 1023): Process 12828 exited due to signal 9 (Killed)
07-13 08:52:05.684 I/gralloc4( 2459): @set_metadata: update dataspace from GM (0x00000000 -> 0x08010000)
07-13 08:52:05.690 D/C2MtkBufferManager( 1041): over 5000ms not request from VCodec but callback hooked, slow BM Cc fetch thread
07-13 08:52:05.691 I/libPowerHal( 1059): [perfNotifyAppState] pack:com.linkedin.android, act:com.linkedin.android, state:3, pid:12828, uid:10266, fps:-1
07-13 08:52:05.691 I/libPowerHal( 1059): [perfNotifyAppState] pack:com.linkedin.android, pid:12828, STATE_DEAD
07-13 08:52:05.691 D/RilUtility( 1059): notify_rild_crash_pid_set certPid:-1, crash:12828, scn:0x0
07-13 08:52:05.692 D/CompatibilityChangeReporter(13302): Compat change id reported: 183155436; UID 10203; state: ENABLED
07-13 08:52:05.694 I/FirebaseApp(13302): Device unlocked: initializing all Firebase APIs for app [DEFAULT]
07-13 08:52:05.700 I/gralloc4( 2459): @set_metadata: update dataspace from GM (0x00000000 -> 0x08010000)
07-13 08:52:05.701 W/eo.fun.app:core(28660): PerfMonitor async binderTransact :  time=232ms interface=android.hardware.display.IDisplayManagerCallback code=1
07-13 08:52:05.708 I/ActivityManager( 1813): Process com.google.android.cellbroadcastreceiver (pid 13250) has died: cch+5 CEM 
07-13 08:52:05.709 I/Zygote  ( 1023): Process 13250 exited due to signal 9 (Killed)
07-13 08:52:05.710 E/ProcessManager( 1813): error write exception log
07-13 08:52:05.711 D/UidObserver( 7233): onUidGone entry uid = 10249
07-13 08:52:05.711 W/MiPicks-ProcessObserverV10(21977): onProcessDied:pid = 13250,died-uid=10249
07-13 08:52:05.712 I/IPCThreadState( 4459): oneway function results for code 3 on binder at 0xb400007cb4ffdc20 will be dropped but finished with status UNKNOWN_TRANSACTION
07-13 08:52:05.713 I/MiuiNetworkPolicy( 1813): removeUidState uid = 10249
07-13 08:52:05.713 D/C2MtkBufferManager( 1041): over 5000ms not request from VCodec but callback hooked, slow BM Cc fetch thread
07-13 08:52:05.714 I/libprocessgroup( 1813): Successfully killed process cgroup uid 10249 pid 13250 in 0ms
07-13 08:52:05.715 I/libPowerHal( 1059): [perfNotifyAppState] pack:com.google.android.cellbroadcastreceiver, act:com.google.android.cellbroadcastreceiver, state:3, pid:13250, uid:10249, fps:-1
07-13 08:52:05.716 I/mtkpower_client( 1813): [Legacy][PowerHal_Wrap_notifyAppState] com.google.android.cellbroadcastreceiver/com.google.android.cellbroadcastreceiver pid=13250 state:3
07-13 08:52:05.716 I/libPowerHal( 1059): [perfNotifyAppState] pack:com.google.android.cellbroadcastreceiver, pid:13250, STATE_DEAD
07-13 08:52:05.716 D/RilUtility( 1059): notify_rild_crash_pid_set certPid:-1, crash:13250, scn:0x0
07-13 08:52:05.717 D/DisplayManagerService( 1813): Drop pending events for gone uid 10249
07-13 08:52:05.719 I/gralloc4( 2459): @set_metadata: update dataspace from GM (0x00000000 -> 0x08010000)
07-13 08:52:05.722 I/FirebaseInitProvider(13302): FirebaseApp initialization successful
07-13 08:52:05.728 I/BufferQueueProducer( 1133): [NavigationBar0#77076](this:0xb4000078557c9a30,id:-1,api:0,p:-1,c:1133) queueBuffer: fps=18.81 dur=1010.35 max=566.10 min=16.34
07-13 08:52:05.733 D/C2MtkBufferManager( 1041): over 5000ms not request from VCodec but callback hooked, slow BM Cc fetch thread
07-13 08:52:05.734 I/gralloc4( 2459): @set_metadata: update dataspace from GM (0x00000000 -> 0x08010000)
07-13 08:52:05.741 I/ClipboardServiceI( 1813): checkProviderWakePathForClipboard: primaryClip is null
07-13 08:52:05.744 D/CompatibilityChangeReporter( 1813): Compat change id reported: 261072174; UID 10174; state: ENABLED
07-13 08:52:05.744 D/CompatibilityChangeReporter( 1813): Compat change id reported: 261072174; UID 10157; state: ENABLED
07-13 08:52:05.747 I/IDM-CPPSDK-StartupInit(13302): create: PID =13302
07-13 08:52:05.747 I/IDM-CPPSDK-StartupInit(13302): create: TID =13302
07-13 08:52:05.748 D/BoundBrokerSvc( 8414): onUnbind: Intent { act=com.google.android.gms.common.BIND_SHARED_PREFS pkg=com.google.android.gms }
07-13 08:52:05.750 W/.milink.service(13302): Unsupported class loader: java.lang.Class<com.google.android.gms.dynamite.h>
07-13 08:52:05.751 I/gralloc4( 2459): @set_metadata: update dataspace from GM (0x00000000 -> 0x08010000)
07-13 08:52:05.754 D/C2MtkBufferManager( 1041): over 5000ms not request from VCodec but callback hooked, slow BM Cc fetch thread
07-13 08:52:05.759 W/.milink.service(13302): Unsupported class loader: java.lang.Class<com.google.android.gms.dynamite.h>
07-13 08:52:05.760 W/.milink.service(13302): Unsupported class loader: java.lang.Class<com.google.android.gms.dynamite.h>
07-13 08:52:05.763 D/AutoDensity(13302): autodensity debugEnable = 
07-13 08:52:05.766 I/gralloc4( 2459): @set_metadata: update dataspace from GM (0x00000000 -> 0x08010000)
07-13 08:52:05.767 I/DynamiteModule(13302): Considering local module com.google.android.gms.measurement.dynamite:46 and remote module com.google.android.gms.measurement.dynamite:196
07-13 08:52:05.767 I/DynamiteModule(13302): Selected remote version of com.google.android.gms.measurement.dynamite, version >= 196
07-13 08:52:05.767 V/DynamiteModule(13302): Dynamite loader version >= 2, using loadModule2NoCrashUtils
07-13 08:52:05.774 D/C2MtkBufferManager( 1041): over 5000ms not request from VCodec but callback hooked, slow BM Cc fetch thread
07-13 08:52:05.780 I/ClipboardServiceI( 1813): checkProviderWakePathForClipboard: primaryClip is null
07-13 08:52:05.783 I/gralloc4( 2459): @set_metadata: update dataspace from GM (0x00000000 -> 0x08010000)
07-13 08:52:05.784 D/CompatibilityChangeReporter( 1813): Compat change id reported: 161145287; UID 10203; state: DISABLED
07-13 08:52:05.791 I/ML::MiLinkApplication(13302): com.milink.service:13302 onCreate
07-13 08:52:05.794 W/System  (13302): ClassLoader referenced unknown path: 
07-13 08:52:05.795 D/C2MtkBufferManager( 1041): over 5000ms not request from VCodec but callback hooked, slow BM Cc fetch thread
07-13 08:52:05.798 I/MiPlayQuickCpuInfo(13302): mtk cpu is MT6769V/CZ
07-13 08:52:05.798 I/MiPlayQuickCpuInfo(13302): getCpuName=MT6769V/CZ
07-13 08:52:05.798 I/MiPlayQuickCpuInfo(13302): cpuinfo MT6769V/CZ
07-13 08:52:05.798 D/nativeloader(13302): Configuring clns-5 for other apk . target_sdk_version=37, uses_libraries=, library_path=/data/app/~~cSclh6TyXFYukZNDYnHngw==/com.google.android.gms-ljlvoSCsNNYZN8qp-8KPsw==/lib/arm64:/data/app/~~cSclh6TyXFYukZNDYnHngw==/com.google.android.gms-ljlvoSCsNNYZN8qp-8KPsw==/base.apk!/lib/arm64-v8a, permitted_path=/data:/mnt/expand:/data/user/0/com.google.android.gms
07-13 08:52:05.799 D/MiPlayQuickStat(13302): stat event : 4
07-13 08:52:05.800 I/gralloc4( 2459): @set_metadata: update dataspace from GM (0x00000000 -> 0x08010000)
07-13 08:52:05.800 I/ML::MiuiSdk(13302): get vendor: 
07-13 08:52:05.800 I/ML::SystemProperty(13302): SystemProperties.getInt ro.miui.ui.version.code=816
07-13 08:52:05.801 I/ML::MiuiSdk(13302): MiuiVersionCode: 816
07-13 08:52:05.803 I/ML::PrivacyUtils(13302): get user experience: 1
07-13 08:52:05.805 I/ML::PrivacyUtils(13302): get setting privacy: 1
07-13 08:52:05.808 I/ML::FirebaseImpl(13302): cn&global stat condition: mainSpace=true, monkey=false
07-13 08:52:05.809 D/CompatibilityChangeReporter( 1813): Compat change id reported: 161145287; UID 10157; state: ENABLED
07-13 08:52:05.813 I/ML::FirebaseImpl(13302): global stat condition: local=false, remote=false, experience=true, setting=true
07-13 08:52:05.813 I/ML::FirebaseImpl(13302): Firebase init ignore
07-13 08:52:05.815 D/C2MtkBufferManager( 1041): over 5000ms not request from VCodec but callback hooked, slow BM Cc fetch thread
07-13 08:52:05.816 I/gralloc4( 2459): @set_metadata: update dataspace from GM (0x00000000 -> 0x08010000)
07-13 08:52:05.822 I/ML-DP   (13302): 12.5.0.2-12050002/castGlobalrelease/2969683/1/12/24, 10:37:23 AM
07-13 08:52:05.822 I/ML-DP   (13302): release-keys:true:10203:13302
07-13 08:52:05.824 I/ML::MiLinkApplication(13302): privacy operate: agree=0, agreeReport=0, revoke=0, revokeReport=0
07-13 08:52:05.826 I/ActivityManager( 1813): Flag disabled. Ignoring finishAttachApplication from uid: 10203. pid: 13302
07-13 08:52:05.830 I/ML::MirrorCastManager(13302): observe mirrorCastState
07-13 08:52:05.835 I/ML::MiLinkTileService(13302): onCreate
07-13 08:52:05.835 D/C2MtkBufferManager( 1041): over 5000ms not request from VCodec but callback hooked, slow BM Cc fetch thread
07-13 08:52:05.837 I/gralloc4( 2459): @set_metadata: update dataspace from GM (0x00000000 -> 0x08010000)
07-13 08:52:05.840 E/vold    (  491): Failed to find mounted volume for /storage/0669-140F/Android/data/com.milink.service/files/
07-13 08:52:05.841 D/CompatibilityChangeReporter( 1813): Compat change id reported: 261072174; UID 10203; state: DISABLED
07-13 08:52:05.843 W/ContextImpl(13302): Failed to ensure /storage/0669-140F/Android/data/com.milink.service/files: android.os.ServiceSpecificException:  (code -22)
07-13 08:52:05.845 I/enyg    (12816): Constructor was called
07-13 08:52:05.851 I/gralloc4( 2459): @set_metadata: update dataspace from GM (0x00000000 -> 0x08010000)
07-13 08:52:05.856 D/C2MtkBufferManager( 1041): over 5000ms not request from VCodec but callback hooked, slow BM Cc fetch thread
07-13 08:52:05.858 I/ML::MiLinkServerService(13302): MiLinkServerService remove all scan
07-13 08:52:05.862 I/ML::ProtocolManager(13302): support miplay: false
07-13 08:52:05.864 I/ML::MiLinkServerService(13302): updateSystemProjectionBlackList
07-13 08:52:05.868 D/ML::MiLinkServerService(13302): MiLinkServerService onBind
07-13 08:52:05.869 I/gralloc4( 2459): @set_metadata: update dataspace from GM (0x00000000 -> 0x08010000)
07-13 08:52:05.871 I/MiuiNetworkPolicy( 1813): updateUidState uid = 10203, uidState = 19
07-13 08:52:05.876 D/C2MtkBufferManager( 1041): over 5000ms not request from VCodec but callback hooked, slow BM Cc fetch thread
07-13 08:52:05.879 I/ML::MiLinkTileService(13302): onServiceConnected
07-13 08:52:05.884 I/gralloc4( 2459): @set_metadata: update dataspace from GM (0x00000000 -> 0x08010000)
07-13 08:52:05.888 I/lowmemorykiller(  475): Kill 'com.milink.service' (13302), uid 10203, oom_score_adj 905 to free 85496kB rss, 40824kB swap; reason: cw
07-13 08:52:05.890 D/WindowManager( 1813): Update screen project privacy blacklist
07-13 08:52:05.894 I/libprocessgroup( 1813): Successfully killed process cgroup uid 10203 pid 13302 in 6ms
07-13 08:52:05.897 D/C2MtkBufferManager( 1041): over 5000ms not request from VCodec but callback hooked, slow BM Cc fetch thread
07-13 08:52:05.900 D/CompatibilityChangeReporter( 1813): Compat change id reported: 319212206; UID 10174; state: ENABLED
07-13 08:52:05.901 I/gralloc4( 2459): @set_metadata: update dataspace from GM (0x00000000 -> 0x08010000)
07-13 08:52:05.906 D/ConnectivityService( 1813): NetReassign [no changes] [c 0] [a 2] [i 3]
07-13 08:52:05.918 D/C2MtkBufferManager( 1041): over 5000ms not request from VCodec but callback hooked, slow BM Cc fetch thread
07-13 08:52:05.918 I/gralloc4( 2459): @set_metadata: update dataspace from GM (0x00000000 -> 0x08010000)
07-13 08:52:05.918 D/nativeloader(13276): Configuring clns-4 for other apk /data/app/~~YLnmsdzZwEre--bK2d7z9w==/com.skillsroom.mobile-f9Bv9at9m-3mkcSkMrJiDw==/base.apk. target_sdk_version=36, uses_libraries=, library_path=/data/app/~~YLnmsdzZwEre--bK2d7z9w==/com.skillsroom.mobile-f9Bv9at9m-3mkcSkMrJiDw==/lib/arm64:/data/app/~~YLnmsdzZwEre--bK2d7z9w==/com.skillsroom.mobile-f9Bv9at9m-3mkcSkMrJiDw==/base.apk!/lib/arm64-v8a, permitted_path=/data:/mnt/expand:/data/user/0/com.skillsroom.mobile
07-13 08:52:05.927 I/Zygote  ( 1023): Process 13302 exited due to signal 9 (Killed)
07-13 08:52:05.932 I/ActivityManager( 1813): Process com.milink.service (pid 13302) has died: cch+5 CEM 
07-13 08:52:05.933 E/ProcessManager( 1813): error write exception log
07-13 08:52:05.934 I/gralloc4( 2459): @set_metadata: update dataspace from GM (0x00000000 -> 0x08010000)
07-13 08:52:05.935 D/UidObserver( 7233): onUidGone entry uid = 10203
07-13 08:52:05.936 I/MiuiNetworkPolicy( 1813): removeUidState uid = 10203
07-13 08:52:05.937 I/libprocessgroup( 1813): Successfully killed process cgroup uid 10203 pid 13302 in 0ms
07-13 08:52:05.937 D/DisplayManagerService( 1813): Drop pending events for gone uid 10203
07-13 08:52:05.937 E/ThermalInfoUtils( 7233): getCurrentCapacity Exceptionjava.io.FileNotFoundException: /sys/class/power_supply/battery/charge_counter: open failed: EACCES (Permission denied)
07-13 08:52:05.937 I/mtkpower_client( 1813): [Legacy][PowerHal_Wrap_notifyAppState] com.milink.service/com.milink.service pid=13302 state:3
07-13 08:52:05.938 W/MiPicks-ProcessObserverV10(21977): onProcessDied:pid = 13302,died-uid=10203
07-13 08:52:05.931 W/ThermalCollecto( 7233): type=1400 audit(0.0:607143): avc:  denied  { read } for  name="charge_counter" dev="sysfs" ino=36942 scontext=u:r:system_app:s0 tcontext=u:object_r:sysfs_batteryinfo:s0 tclass=file permissive=0
07-13 08:52:05.938 I/IPCThreadState( 4459): oneway function results for code 3 on binder at 0xb400007cb4ffdc20 will be dropped but finished with status UNKNOWN_TRANSACTION
07-13 08:52:05.939 D/C2MtkBufferManager( 1041): over 5000ms not request from VCodec but callback hooked, slow BM Cc fetch thread
07-13 08:52:05.940 I/libPowerHal( 1059): [perfNotifyAppState] pack:com.milink.service, act:com.milink.service, state:3, pid:13302, uid:10203, fps:-1
07-13 08:52:05.940 I/libPowerHal( 1059): [perfNotifyAppState] pack:com.milink.service, pid:13302, STATE_DEAD
07-13 08:52:05.940 D/RilUtility( 1059): notify_rild_crash_pid_set certPid:-1, crash:13302, scn:0x0
07-13 08:52:05.943 D/nativeloader(13276): Load libframework-connectivity-jni.so using APEX ns com_android_tethering for caller /apex/com.android.tethering/javalib/framework-connectivity.jar: ok
07-13 08:52:05.951 I/gralloc4( 2459): @set_metadata: update dataspace from GM (0x00000000 -> 0x08010000)
07-13 08:52:05.952 V/GraphicsEnvironment(13276): Currently set values for:
07-13 08:52:05.952 V/GraphicsEnvironment(13276):   angle_gl_driver_selection_pkgs=[]
07-13 08:52:05.952 V/GraphicsEnvironment(13276):   angle_gl_driver_selection_values=[]
07-13 08:52:05.952 V/GraphicsEnvironment(13276): ANGLE GameManagerService for com.skillsroom.mobile: false
07-13 08:52:05.953 V/GraphicsEnvironment(13276): com.skillsroom.mobile is not listed in per-application setting
07-13 08:52:05.953 V/GraphicsEnvironment(13276): Neither updatable production driver nor prerelease driver is supported.
07-13 08:52:05.959 D/C2MtkBufferManager( 1041): over 5000ms not request from VCodec but callback hooked, slow BM Cc fetch thread
07-13 08:52:05.967 I/gralloc4( 2459): @set_metadata: update dataspace from GM (0x00000000 -> 0x08010000)
07-13 08:52:05.969 D/ForceDarkAppConfigProvider( 1813): cloudConfigVersion: -1   localConfigVersion:20240119
07-13 08:52:05.969 I/UiModeManager( 1813): systemserver package:com.skillsroom.mobile null
07-13 08:52:05.969 I/ForceDarkHelperStubImpl(13276): initialize for com.skillsroom.mobile , ForceDarkAppConfig: null
07-13 08:52:05.971 D/nativeloader(13276): Load libforcedarkimpl.so using system ns (caller=/system_ext/framework/miui-framework.jar): ok
07-13 08:52:05.972 D/OpenGLRenderer(13276): JNI_OnLoad success
07-13 08:52:05.972 I/MiuiForceDarkConfig(13276): setConfig density:2.000000, mainRule:0, secondaryRule:0, tertiaryRule:0
07-13 08:52:05.981 D/CompatibilityChangeReporter(13276): Compat change id reported: 183155436; UID 10210; state: ENABLED
07-13 08:52:05.982 I/gralloc4( 2459): @set_metadata: update dataspace from GM (0x00000000 -> 0x08010000)
07-13 08:52:05.984 D/C2MtkBufferManager( 1041): over 5000ms not request from VCodec but callback hooked, slow BM Cc fetch thread
07-13 08:52:05.988 I/NetworkScheduler.Stats(10100): (REDACTED) Task %s/%s started execution. cause:%s exec_start_elapsed_seconds: %s
07-13 08:52:05.997 W/FirebaseApp(13276): Default FirebaseApp failed to initialize because no default options were found. This usually means that com.google.gms:google-services was not applied to your gradle project.
07-13 08:52:05.997 I/FirebaseInitProvider(13276): FirebaseApp initialization unsuccessful
07-13 08:52:05.999 I/gralloc4( 2459): @set_metadata: update dataspace from GM (0x00000000 -> 0x08010000)
07-13 08:52:06.006 D/C2MtkBufferManager( 1041): over 5000ms not request from VCodec but callback hooked, slow BM Cc fetch thread
07-13 08:52:06.016 I/gralloc4( 2459): @set_metadata: update dataspace from GM (0x00000000 -> 0x08010000)
07-13 08:52:06.018 I/NetworkScheduler.Stats(10100): (REDACTED) Task %s/%s finished executing. cause:%s result: %s elapsed_millis: %s uptime_millis: %s exec_start_elapsed_seconds: %s
07-13 08:52:06.026 D/C2MtkBufferManager( 1041): over 5000ms not request from VCodec but callback hooked, slow BM Cc fetch thread
07-13 08:52:06.033 I/gralloc4( 2459): @set_metadata: update dataspace from GM (0x00000000 -> 0x08010000)
07-13 08:52:06.037 I/SmartPower: com.reddit.frontpage/10152(12832)( 1813): background->idle(5739ms) R(service end com.reddit.frontpage/androidx.work.impl.background.systemjob.SystemJobService) adj=250.
07-13 08:52:06.049 I/gralloc4( 2459): @set_metadata: update dataspace from GM (0x00000000 -> 0x08010000)
07-13 08:52:06.052 W/SoLoader(13276): Initializing SoLoader: 0
07-13 08:52:06.054 D/C2MtkBufferManager( 1041): over 5000ms not request from VCodec but callback hooked, slow BM Cc fetch thread
07-13 08:52:06.055 W/SoLoader(13276): Recording new base apk path: /data/app/~~YLnmsdzZwEre--bK2d7z9w==/com.skillsroom.mobile-f9Bv9at9m-3mkcSkMrJiDw==/base.apk
07-13 08:52:06.055 W/SoLoader(13276): Previously recorded 0 base apk paths.
07-13 08:52:06.058 I/SoLoader(13276): Preparing SO source: DirectorySoSource[root = /vendor/lib64 flags = 2]
07-13 08:52:06.058 I/SoLoader(13276): Preparing SO source: DirectorySoSource[root = /system/lib64 flags = 2]
07-13 08:52:06.058 I/SoLoader(13276): Preparing SO source: DirectApkSoSource[root = [/data/app/~~YLnmsdzZwEre--bK2d7z9w==/com.skillsroom.mobile-f9Bv9at9m-3mkcSkMrJiDw==/base.apk!/lib/arm64-v8a]]
07-13 08:52:06.066 I/gralloc4( 2459): @set_metadata: update dataspace from GM (0x00000000 -> 0x08010000)
07-13 08:52:06.072 D/ActivityManager( 1813): getProcessesInErrorState callingUid=10283, CallingPid=7279
07-13 08:52:06.074 D/C2MtkBufferManager( 1041): over 5000ms not request from VCodec but callback hooked, slow BM Cc fetch thread
07-13 08:52:06.082 I/gralloc4( 2459): @set_metadata: update dataspace from GM (0x00000000 -> 0x08010000)
07-13 08:52:06.083 I/ewgq    (12816): Validating WorkManager process
07-13 08:52:06.087 D/WM-PackageManagerHelper(12816): Skipping component enablement for androidx.work.impl.background.systemjob.SystemJobService
07-13 08:52:06.087 D/WM-Schedulers(12816): Created SystemJobScheduler and enabled SystemJobService
07-13 08:52:06.087 D/WM-ForceStopRunnable(12816): Is default app process = false
07-13 08:52:06.091 D/ActivityManager( 1813): getProcessesInErrorState callingUid=10279, CallingPid=443
07-13 08:52:06.095 D/C2MtkBufferManager( 1041): over 5000ms not request from VCodec but callback hooked, slow BM Cc fetch thread
07-13 08:52:06.099 I/gralloc4( 2459): @set_metadata: update dataspace from GM (0x00000000 -> 0x08010000)
07-13 08:52:06.099 D/ActivityManager( 1813): getProcessesInErrorState callingUid=10288, CallingPid=19459
07-13 08:52:06.115 D/C2MtkBufferManager( 1041): over 5000ms not request from VCodec but callback hooked, slow BM Cc fetch thread
07-13 08:52:06.115 I/gralloc4( 2459): @set_metadata: update dataspace from GM (0x00000000 -> 0x08010000)
07-13 08:52:06.125 I/enve    (12816): (REDACTED) init, initialized: %s
07-13 08:52:06.127 I/bwsx    (12816): (REDACTED) isMinusOneV1 isMinusOne=%b
07-13 08:52:06.127 I/bwsx    (12816): (REDACTED) isMinusOneV1 isPixel=%b sdk=%d isAcetoneV2Config=%b
07-13 08:52:06.132 I/gralloc4( 2459): @set_metadata: update dataspace from GM (0x00000000 -> 0x08010000)
07-13 08:52:06.136 I/bwsx    (12816): No savedInstanceState.
07-13 08:52:06.136 D/C2MtkBufferManager( 1041): over 5000ms not request from VCodec but callback hooked, slow BM Cc fetch thread
07-13 08:52:06.136 I/bwsx    (12816): makeRequest: subscribing to new source
07-13 08:52:06.147 I/ewgq    (12816): (REDACTED) Processes: %s, %s, %s, %s
07-13 08:52:06.148 I/gralloc4( 2459): @set_metadata: update dataspace from GM (0x00000000 -> 0x08010000)
07-13 08:52:06.153 I/enyg    (12816): OnCreate Was Called
07-13 08:52:06.156 D/C2MtkBufferManager( 1041): over 5000ms not request from VCodec but callback hooked, slow BM Cc fetch thread
07-13 08:52:06.164 I/PromoManagerDataService(12816): PromoManagerDataServiceImpl.getTabTypePromotion[MINUS_ONE]
