07-13 08:52:06.786 D/UntrustedWifiNetworkFactory( 1813): got request NetworkRequest [ REQUEST id=77094, [ Capabilities: INTERNET&NOT_RESTRICTED&TRUSTED&NOT_VCN_MANAGED Uid: 10174 RequestorUid: 10174 RequestorPkg: com.google.android.googlequicksearchbox UnderlyingNetworks: Null] ]
07-13 08:52:06.787 D/OemPaidWifiNetworkFactory( 1813): got request NetworkRequest [ REQUEST id=77094, [ Capabilities: INTERNET&NOT_RESTRICTED&TRUSTED&NOT_VCN_MANAGED Uid: 10174 RequestorUid: 10174 RequestorPkg: com.google.android.googlequicksearchbox UnderlyingNetworks: Null] ]
07-13 08:52:06.787 D/MultiInternetWifiNetworkFactory( 1813): got request NetworkRequest [ REQUEST id=77094, [ Capabilities: INTERNET&NOT_RESTRICTED&TRUSTED&NOT_VCN_MANAGED Uid: 10174 RequestorUid: 10174 RequestorPkg: com.google.android.googlequicksearchbox UnderlyingNetworks: Null] ]
07-13 08:52:06.788 D/ConnectivityService( 1813): NetReassign [77094 : null → 141] [c 0] [a 1] [i 5]
07-13 08:52:06.791 I/gle.android.gms( 8414): Background young concurrent copying GC freed 11MB AllocSpace bytes, 22(3076KB) LOS objects, 40% free, 24MB/40MB, paused 403us,94us total 396.724ms
07-13 08:52:06.791 D/C2MtkBufferManager( 1041): over 5000ms not request from VCodec but callback hooked, slow BM Cc fetch thread
07-13 08:52:06.794 W/C2BqBuffer( 1041): last successful dequeue was 90378056415 us ago, 0 consecutive failures
07-13 08:52:06.799 I/gralloc4( 2459): @set_metadata: update dataspace from GM (0x00000000 -> 0x08010000)
07-13 08:52:06.809 W/MendelPackageState(12816): Shared storage file not found for com.google.android.apps.search.omnient#com.google.android.googlequicksearchbox
07-13 08:52:06.814 D/C2MtkBufferManager( 1041): over 5000ms not request from VCodec but callback hooked, slow BM Cc fetch thread
07-13 08:52:06.816 I/gralloc4( 2459): @set_metadata: update dataspace from GM (0x00000000 -> 0x08010000)
07-13 08:52:06.817 E/MendelPackageState(12816): Failed to fetch after encountering old config
07-13 08:52:06.817 E/MendelPackageState(12816): java.lang.IllegalArgumentException: Account must be in ENABLED state, but was UNSPECIFIED.
07-13 08:52:06.817 E/MendelPackageState(12816): 	at ffkc.m(PG:16)
07-13 08:52:06.817 E/MendelPackageState(12816): 	at evol.apply(PG:31)
07-13 08:52:06.817 E/MendelPackageState(12816): 	at exxh.apply(PG:17)
07-13 08:52:06.817 E/MendelPackageState(12816): 	at fhza.c(PG:3)
07-13 08:52:06.817 E/MendelPackageState(12816): 	at fhzb.run(PG:47)
07-13 08:52:06.817 E/MendelPackageState(12816): 	at fiat.execute(PG:1)
07-13 08:52:06.817 E/MendelPackageState(12816): 	at fhyu.d(PG:1)
07-13 08:52:06.817 E/MendelPackageState(12816): 	at fhyu.addListener(PG:42)
07-13 08:52:06.817 E/MendelPackageState(12816): 	at evos.c(PG:36)
07-13 08:52:06.817 E/MendelPackageState(12816): 	at evqc.c(PG:9)
07-13 08:52:06.817 E/MendelPackageState(12816): 	at ewux.g(PG:52)
07-13 08:52:06.817 E/MendelPackageState(12816): 	at ewyd.apply(PG:28)
07-13 08:52:06.817 E/MendelPackageState(12816): 	at ewuu.a(PG:9)
07-13 08:52:06.817 E/MendelPackageState(12816): 	at exxb.a(PG:17)
07-13 08:52:06.817 E/MendelPackageState(12816): 	at fida.a(PG:3)
07-13 08:52:06.817 E/MendelPackageState(12816): 	at ficf.run(PG:19)
07-13 08:52:06.817 E/MendelPackageState(12816): 	at fidc.run(PG:5)
07-13 08:52:06.817 E/MendelPackageState(12816): 	at cymn.run(PG:5)
07-13 08:52:06.817 E/MendelPackageState(12816): 	at java.util.concurrent.ThreadPoolExecutor.runWorker(ThreadPoolExecutor.java:1100)
07-13 08:52:06.817 E/MendelPackageState(12816): 	at java.util.concurrent.ThreadPoolExecutor$Worker.run(ThreadPoolExecutor.java:624)
07-13 08:52:06.817 E/MendelPackageState(12816): 	at cylt.run(PG:33)
07-13 08:52:06.817 E/MendelPackageState(12816): 	at java.lang.Thread.run(Thread.java:1572)
07-13 08:52:06.817 E/MendelPackageState(12816): 	at cynq.run(PG:63)
07-13 08:52:06.817 W/MendelPackageState(12816): Shared storage file not found for com.google.android.apps.search.lens.user#com.google.android.googlequicksearchbox
07-13 08:52:06.824 E/MendelPackageState(12816): Failed to fetch after encountering old config
07-13 08:52:06.824 E/MendelPackageState(12816): java.lang.IllegalArgumentException: Account must be in ENABLED state, but was UNSPECIFIED.
07-13 08:52:06.824 E/MendelPackageState(12816): 	at ffkc.m(PG:16)
07-13 08:52:06.824 E/MendelPackageState(12816): 	at evol.apply(PG:31)
07-13 08:52:06.824 E/MendelPackageState(12816): 	at exxh.apply(PG:17)
07-13 08:52:06.824 E/MendelPackageState(12816): 	at fhza.c(PG:3)
07-13 08:52:06.824 E/MendelPackageState(12816): 	at fhzb.run(PG:47)
07-13 08:52:06.824 E/MendelPackageState(12816): 	at fiat.execute(PG:1)
07-13 08:52:06.824 E/MendelPackageState(12816): 	at fhyu.d(PG:1)
07-13 08:52:06.824 E/MendelPackageState(12816): 	at fhyu.addListener(PG:42)
07-13 08:52:06.824 E/MendelPackageState(12816): 	at evos.c(PG:36)
07-13 08:52:06.824 E/MendelPackageState(12816): 	at evqc.c(PG:9)
07-13 08:52:06.824 E/MendelPackageState(12816): 	at ewux.g(PG:52)
07-13 08:52:06.824 E/MendelPackageState(12816): 	at ewyd.apply(PG:28)
07-13 08:52:06.824 E/MendelPackageState(12816): 	at ewuu.a(PG:9)
07-13 08:52:06.824 E/MendelPackageState(12816): 	at exxb.a(PG:17)
07-13 08:52:06.824 E/MendelPackageState(12816): 	at fida.a(PG:3)
07-13 08:52:06.824 E/MendelPackageState(12816): 	at ficf.run(PG:19)
07-13 08:52:06.824 E/MendelPackageState(12816): 	at fidc.run(PG:5)
07-13 08:52:06.824 E/MendelPackageState(12816): 	at cymn.run(PG:5)
07-13 08:52:06.824 E/MendelPackageState(12816): 	at java.util.concurrent.ThreadPoolExecutor.runWorker(ThreadPoolExecutor.java:1100)
07-13 08:52:06.824 E/MendelPackageState(12816): 	at java.util.concurrent.ThreadPoolExecutor$Worker.run(ThreadPoolExecutor.java:624)
07-13 08:52:06.824 E/MendelPackageState(12816): 	at cylt.run(PG:33)
07-13 08:52:06.824 E/MendelPackageState(12816): 	at java.lang.Thread.run(Thread.java:1572)
07-13 08:52:06.824 E/MendelPackageState(12816): 	at cynq.run(PG:63)
07-13 08:52:06.824 W/System  ( 8414): A resource failed to call close. 
07-13 08:52:06.825 W/System  ( 8414): A resource failed to call close. 
07-13 08:52:06.825 W/System  ( 8414): A resource failed to call close. 
07-13 08:52:06.825 W/System  ( 8414): A resource failed to call close. 
07-13 08:52:06.825 W/System  ( 8414): A resource failed to call close. 
07-13 08:52:06.825 W/System  ( 8414): A resource failed to call close. 
07-13 08:52:06.825 W/System  ( 8414): A resource failed to call close. 
07-13 08:52:06.825 W/System  ( 8414): A resource failed to call close. 
07-13 08:52:06.825 W/System  ( 8414): A resource failed to call close. 
07-13 08:52:06.825 W/System  ( 8414): A resource failed to call close. 
07-13 08:52:06.825 W/System  ( 8414): A resource failed to call close. 
07-13 08:52:06.826 W/System  ( 8414): A resource failed to call close. 
07-13 08:52:06.826 W/System  ( 8414): A resource failed to call close. 
07-13 08:52:06.826 W/System  ( 8414): A resource failed to call close. 
07-13 08:52:06.826 W/System  ( 8414): A resource failed to call close. 
07-13 08:52:06.826 W/System  ( 8414): A resource failed to call close. 
07-13 08:52:06.826 W/System  ( 8414): A resource failed to call close. 
07-13 08:52:06.826 W/System  ( 8414): A resource failed to call close. 
07-13 08:52:06.826 W/System  ( 8414): A resource failed to call close. 
07-13 08:52:06.826 W/System  ( 8414): A resource failed to call close. 
07-13 08:52:06.826 W/System  ( 8414): A resource failed to call close. 
07-13 08:52:06.826 W/System  ( 8414): A resource failed to call close. 
07-13 08:52:06.830 W/System  ( 8414): A resource failed to call close. 
07-13 08:52:06.830 W/System  ( 8414): A resource failed to call close. 
07-13 08:52:06.831 W/System  ( 8414): A resource failed to call close. 
07-13 08:52:06.831 W/System  ( 8414): A resource failed to call close. 
07-13 08:52:06.831 W/System  ( 8414): A resource failed to call close. 
07-13 08:52:06.831 W/System  ( 8414): A resource failed to call close. 
07-13 08:52:06.831 W/System  ( 8414): A resource failed to call close. 
07-13 08:52:06.832 W/System  ( 8414): A resource failed to call close. 
07-13 08:52:06.832 W/System  ( 8414): A resource failed to call close. 
07-13 08:52:06.832 W/System  ( 8414): A resource failed to call close. 
07-13 08:52:06.832 W/System  ( 8414): A resource failed to call close. 
07-13 08:52:06.832 W/System  ( 8414): A resource failed to call close. 
07-13 08:52:06.832 W/System  ( 8414): A resource failed to call close. 
07-13 08:52:06.832 W/System  ( 8414): A resource failed to call close. 
07-13 08:52:06.833 I/gralloc4( 2459): @set_metadata: update dataspace from GM (0x00000000 -> 0x08010000)
07-13 08:52:06.835 D/C2MtkBufferManager( 1041): over 5000ms not request from VCodec but callback hooked, slow BM Cc fetch thread
07-13 08:52:06.838 W/MendelPackageState(12816): Shared storage file not found for com.google.android.apps.search.omnient#com.google.android.googlequicksearchbox
07-13 08:52:06.843 E/MendelPackageState(12816): Failed to fetch after encountering old config
07-13 08:52:06.843 E/MendelPackageState(12816): java.lang.IllegalArgumentException: Account must be in ENABLED state, but was UNSPECIFIED.
07-13 08:52:06.843 E/MendelPackageState(12816): 	at ffkc.m(PG:16)
07-13 08:52:06.843 E/MendelPackageState(12816): 	at evol.apply(PG:31)
07-13 08:52:06.843 E/MendelPackageState(12816): 	at exxh.apply(PG:17)
07-13 08:52:06.843 E/MendelPackageState(12816): 	at fhza.c(PG:3)
07-13 08:52:06.843 E/MendelPackageState(12816): 	at fhzb.run(PG:47)
07-13 08:52:06.843 E/MendelPackageState(12816): 	at fiat.execute(PG:1)
07-13 08:52:06.843 E/MendelPackageState(12816): 	at fhyu.d(PG:1)
07-13 08:52:06.843 E/MendelPackageState(12816): 	at fhyu.addListener(PG:42)
07-13 08:52:06.843 E/MendelPackageState(12816): 	at evos.c(PG:36)
07-13 08:52:06.843 E/MendelPackageState(12816): 	at evqc.c(PG:9)
07-13 08:52:06.843 E/MendelPackageState(12816): 	at ewux.g(PG:52)
07-13 08:52:06.843 E/MendelPackageState(12816): 	at ewyd.apply(PG:28)
07-13 08:52:06.843 E/MendelPackageState(12816): 	at ewuu.a(PG:9)
07-13 08:52:06.843 E/MendelPackageState(12816): 	at exxb.a(PG:17)
07-13 08:52:06.843 E/MendelPackageState(12816): 	at fida.a(PG:3)
07-13 08:52:06.843 E/MendelPackageState(12816): 	at ficf.run(PG:19)
07-13 08:52:06.843 E/MendelPackageState(12816): 	at fidc.run(PG:5)
07-13 08:52:06.843 E/MendelPackageState(12816): 	at cymn.run(PG:5)
07-13 08:52:06.843 E/MendelPackageState(12816): 	at java.util.concurrent.ThreadPoolExecutor.runWorker(ThreadPoolExecutor.java:1100)
07-13 08:52:06.843 E/MendelPackageState(12816): 	at java.util.concurrent.ThreadPoolExecutor$Worker.run(ThreadPoolExecutor.java:624)
07-13 08:52:06.843 E/MendelPackageState(12816): 	at cylt.run(PG:33)
07-13 08:52:06.843 E/MendelPackageState(12816): 	at java.lang.Thread.run(Thread.java:1572)
07-13 08:52:06.843 E/MendelPackageState(12816): 	at cynq.run(PG:63)
07-13 08:52:06.843 W/MendelPackageState(12816): Shared storage file not found for com.google.android.apps.search.lens.user#com.google.android.googlequicksearchbox
07-13 08:52:06.849 E/MendelPackageState(12816): Failed to fetch after encountering old config
07-13 08:52:06.849 E/MendelPackageState(12816): java.lang.IllegalArgumentException: Account must be in ENABLED state, but was UNSPECIFIED.
07-13 08:52:06.849 E/MendelPackageState(12816): 	at ffkc.m(PG:16)
07-13 08:52:06.849 E/MendelPackageState(12816): 	at evol.apply(PG:31)
07-13 08:52:06.849 E/MendelPackageState(12816): 	at exxh.apply(PG:17)
07-13 08:52:06.849 E/MendelPackageState(12816): 	at fhza.c(PG:3)
07-13 08:52:06.849 E/MendelPackageState(12816): 	at fhzb.run(PG:47)
07-13 08:52:06.849 E/MendelPackageState(12816): 	at fiat.execute(PG:1)
07-13 08:52:06.849 E/MendelPackageState(12816): 	at fhyu.d(PG:1)
07-13 08:52:06.849 E/MendelPackageState(12816): 	at fhyu.addListener(PG:42)
07-13 08:52:06.849 E/MendelPackageState(12816): 	at evos.c(PG:36)
07-13 08:52:06.849 E/MendelPackageState(12816): 	at evqc.c(PG:9)
07-13 08:52:06.849 E/MendelPackageState(12816): 	at ewux.g(PG:52)
07-13 08:52:06.849 E/MendelPackageState(12816): 	at ewyd.apply(PG:28)
07-13 08:52:06.849 E/MendelPackageState(12816): 	at ewuu.a(PG:9)
07-13 08:52:06.849 E/MendelPackageState(12816): 	at exxb.a(PG:17)
07-13 08:52:06.849 E/MendelPackageState(12816): 	at fida.a(PG:3)
07-13 08:52:06.849 E/MendelPackageState(12816): 	at ficf.run(PG:19)
07-13 08:52:06.849 E/MendelPackageState(12816): 	at fidc.run(PG:5)
07-13 08:52:06.849 E/MendelPackageState(12816): 	at cymn.run(PG:5)
07-13 08:52:06.849 E/MendelPackageState(12816): 	at java.util.concurrent.ThreadPoolExecutor.runWorker(ThreadPoolExecutor.java:1100)
07-13 08:52:06.849 E/MendelPackageState(12816): 	at java.util.concurrent.ThreadPoolExecutor$Worker.run(ThreadPoolExecutor.java:624)
07-13 08:52:06.849 E/MendelPackageState(12816): 	at cylt.run(PG:33)
07-13 08:52:06.849 E/MendelPackageState(12816): 	at java.lang.Thread.run(Thread.java:1572)
07-13 08:52:06.849 E/MendelPackageState(12816): 	at cynq.run(PG:63)
07-13 08:52:06.849 I/gralloc4( 2459): @set_metadata: update dataspace from GM (0x00000000 -> 0x08010000)
07-13 08:52:06.855 D/C2MtkBufferManager( 1041): over 5000ms not request from VCodec but callback hooked, slow BM Cc fetch thread
07-13 08:52:06.859 W/MendelPackageState(12816): Shared storage file not found for com.google.android.apps.search.omnient#com.google.android.googlequicksearchbox
07-13 08:52:06.864 E/MendelPackageState(12816): Failed to fetch after encountering old config
07-13 08:52:06.864 E/MendelPackageState(12816): java.lang.IllegalArgumentException: Account must be in ENABLED state, but was UNSPECIFIED.
07-13 08:52:06.864 E/MendelPackageState(12816): 	at ffkc.m(PG:16)
07-13 08:52:06.864 E/MendelPackageState(12816): 	at evol.apply(PG:31)
07-13 08:52:06.864 E/MendelPackageState(12816): 	at exxh.apply(PG:17)
07-13 08:52:06.864 E/MendelPackageState(12816): 	at fhza.c(PG:3)
07-13 08:52:06.864 E/MendelPackageState(12816): 	at fhzb.run(PG:47)
07-13 08:52:06.864 E/MendelPackageState(12816): 	at fiat.execute(PG:1)
07-13 08:52:06.864 E/MendelPackageState(12816): 	at fhyu.d(PG:1)
07-13 08:52:06.864 E/MendelPackageState(12816): 	at fhyu.addListener(PG:42)
07-13 08:52:06.864 E/MendelPackageState(12816): 	at evos.c(PG:36)
07-13 08:52:06.864 E/MendelPackageState(12816): 	at evqc.c(PG:9)
07-13 08:52:06.864 E/MendelPackageState(12816): 	at ewux.g(PG:52)
07-13 08:52:06.864 E/MendelPackageState(12816): 	at ewyd.apply(PG:28)
07-13 08:52:06.864 E/MendelPackageState(12816): 	at ewuu.a(PG:9)
07-13 08:52:06.864 E/MendelPackageState(12816): 	at exxb.a(PG:17)
07-13 08:52:06.864 E/MendelPackageState(12816): 	at fida.a(PG:3)
07-13 08:52:06.864 E/MendelPackageState(12816): 	at ficf.run(PG:19)
07-13 08:52:06.864 E/MendelPackageState(12816): 	at fidc.run(PG:5)
07-13 08:52:06.864 E/MendelPackageState(12816): 	at cymn.run(PG:5)
07-13 08:52:06.864 E/MendelPackageState(12816): 	at java.util.concurrent.ThreadPoolExecutor.runWorker(ThreadPoolExecutor.java:1100)
07-13 08:52:06.864 E/MendelPackageState(12816): 	at java.util.concurrent.ThreadPoolExecutor$Worker.run(ThreadPoolExecutor.java:624)
07-13 08:52:06.864 E/MendelPackageState(12816): 	at cylt.run(PG:33)
07-13 08:52:06.864 E/MendelPackageState(12816): 	at java.lang.Thread.run(Thread.java:1572)
07-13 08:52:06.864 E/MendelPackageState(12816): 	at cynq.run(PG:63)
07-13 08:52:06.865 W/MendelPackageState(12816): Shared storage file not found for com.google.android.apps.search.lens.user#com.google.android.googlequicksearchbox
07-13 08:52:06.867 I/gralloc4( 2459): @set_metadata: update dataspace from GM (0x00000000 -> 0x08010000)
07-13 08:52:06.870 I/bwhq    (12816): RenderableStreamDataSource#loadData - cacheHit
07-13 08:52:06.871 I/bwhq    (12816): (REDACTED) RenderableStreamDataSource#loadData - succeed, cache status: %s
07-13 08:52:06.872 E/MendelPackageState(12816): Failed to fetch after encountering old config
07-13 08:52:06.872 E/MendelPackageState(12816): java.lang.IllegalArgumentException: Account must be in ENABLED state, but was UNSPECIFIED.
07-13 08:52:06.872 E/MendelPackageState(12816): 	at ffkc.m(PG:16)
07-13 08:52:06.872 E/MendelPackageState(12816): 	at evol.apply(PG:31)
07-13 08:52:06.872 E/MendelPackageState(12816): 	at exxh.apply(PG:17)
07-13 08:52:06.872 E/MendelPackageState(12816): 	at fhza.c(PG:3)
07-13 08:52:06.872 E/MendelPackageState(12816): 	at fhzb.run(PG:47)
07-13 08:52:06.872 E/MendelPackageState(12816): 	at fiat.execute(PG:1)
07-13 08:52:06.872 E/MendelPackageState(12816): 	at fhyu.d(PG:1)
07-13 08:52:06.872 E/MendelPackageState(12816): 	at fhyu.addListener(PG:42)
07-13 08:52:06.872 E/MendelPackageState(12816): 	at evos.c(PG:36)
07-13 08:52:06.872 E/MendelPackageState(12816): 	at evqc.c(PG:9)
07-13 08:52:06.872 E/MendelPackageState(12816): 	at ewux.g(PG:52)
07-13 08:52:06.872 E/MendelPackageState(12816): 	at ewyd.apply(PG:28)
07-13 08:52:06.872 E/MendelPackageState(12816): 	at ewuu.a(PG:9)
07-13 08:52:06.872 E/MendelPackageState(12816): 	at exxb.a(PG:17)
07-13 08:52:06.872 E/MendelPackageState(12816): 	at fida.a(PG:3)
07-13 08:52:06.872 E/MendelPackageState(12816): 	at ficf.run(PG:19)
07-13 08:52:06.872 E/MendelPackageState(12816): 	at fidc.run(PG:5)
07-13 08:52:06.872 E/MendelPackageState(12816): 	at cymn.run(PG:5)
07-13 08:52:06.872 E/MendelPackageState(12816): 	at java.util.concurrent.ThreadPoolExecutor.runWorker(ThreadPoolExecutor.java:1100)
07-13 08:52:06.872 E/MendelPackageState(12816): 	at java.util.concurrent.ThreadPoolExecutor$Worker.run(ThreadPoolExecutor.java:624)
07-13 08:52:06.872 E/MendelPackageState(12816): 	at cylt.run(PG:33)
07-13 08:52:06.872 E/MendelPackageState(12816): 	at java.lang.Thread.run(Thread.java:1572)
07-13 08:52:06.872 E/MendelPackageState(12816): 	at cynq.run(PG:63)
07-13 08:52:06.876 D/C2MtkBufferManager( 1041): over 5000ms not request from VCodec but callback hooked, slow BM Cc fetch thread
07-13 08:52:06.883 I/gralloc4( 2459): @set_metadata: update dataspace from GM (0x00000000 -> 0x08010000)
07-13 08:52:06.894 W/MendelPackageState(12816): Shared storage file not found for com.google.android.apps.search.omnient#com.google.android.googlequicksearchbox
07-13 08:52:06.896 D/C2MtkBufferManager( 1041): over 5000ms not request from VCodec but callback hooked, slow BM Cc fetch thread
07-13 08:52:06.897 W/MendelPackageState(12816): Shared storage file not found for com.google.android.apps.search.lens.user#com.google.android.googlequicksearchbox
07-13 08:52:06.897 E/MendelPackageState(12816): Failed to fetch after encountering old config
07-13 08:52:06.897 E/MendelPackageState(12816): java.lang.IllegalArgumentException: Account must be in ENABLED state, but was UNSPECIFIED.
07-13 08:52:06.897 E/MendelPackageState(12816): 	at ffkc.m(PG:16)
07-13 08:52:06.897 E/MendelPackageState(12816): 	at evol.apply(PG:31)
07-13 08:52:06.897 E/MendelPackageState(12816): 	at exxh.apply(PG:17)
07-13 08:52:06.897 E/MendelPackageState(12816): 	at fhza.c(PG:3)
07-13 08:52:06.897 E/MendelPackageState(12816): 	at fhzb.run(PG:47)
07-13 08:52:06.897 E/MendelPackageState(12816): 	at fiat.execute(PG:1)
07-13 08:52:06.897 E/MendelPackageState(12816): 	at fhyu.d(PG:1)
07-13 08:52:06.897 E/MendelPackageState(12816): 	at fhyu.addListener(PG:42)
07-13 08:52:06.897 E/MendelPackageState(12816): 	at evos.c(PG:36)
07-13 08:52:06.897 E/MendelPackageState(12816): 	at evqc.c(PG:9)
07-13 08:52:06.897 E/MendelPackageState(12816): 	at ewux.g(PG:52)
07-13 08:52:06.897 E/MendelPackageState(12816): 	at ewyd.apply(PG:28)
07-13 08:52:06.897 E/MendelPackageState(12816): 	at ewuu.a(PG:9)
07-13 08:52:06.897 E/MendelPackageState(12816): 	at exxb.a(PG:17)
07-13 08:52:06.897 E/MendelPackageState(12816): 	at fida.a(PG:3)
07-13 08:52:06.897 E/MendelPackageState(12816): 	at ficf.run(PG:19)
07-13 08:52:06.897 E/MendelPackageState(12816): 	at fidc.run(PG:5)
07-13 08:52:06.897 E/MendelPackageState(12816): 	at cymn.run(PG:5)
07-13 08:52:06.897 E/MendelPackageState(12816): 	at java.util.concurrent.ThreadPoolExecutor.runWorker(ThreadPoolExecutor.java:1100)
07-13 08:52:06.897 E/MendelPackageState(12816): 	at java.util.concurrent.ThreadPoolExecutor$Worker.run(ThreadPoolExecutor.java:624)
07-13 08:52:06.897 E/MendelPackageState(12816): 	at cylt.run(PG:33)
07-13 08:52:06.897 E/MendelPackageState(12816): 	at java.lang.Thread.run(Thread.java:1572)
07-13 08:52:06.897 E/MendelPackageState(12816): 	at cynq.run(PG:63)
07-13 08:52:06.900 E/MendelPackageState(12816): Failed to fetch after encountering old config
07-13 08:52:06.900 E/MendelPackageState(12816): java.lang.IllegalArgumentException: Account must be in ENABLED state, but was UNSPECIFIED.
07-13 08:52:06.900 E/MendelPackageState(12816): 	at ffkc.m(PG:16)
07-13 08:52:06.900 E/MendelPackageState(12816): 	at evol.apply(PG:31)
07-13 08:52:06.900 E/MendelPackageState(12816): 	at exxh.apply(PG:17)
07-13 08:52:06.900 E/MendelPackageState(12816): 	at fhza.c(PG:3)
07-13 08:52:06.900 E/MendelPackageState(12816): 	at fhzb.run(PG:47)
07-13 08:52:06.900 E/MendelPackageState(12816): 	at fiat.execute(PG:1)
07-13 08:52:06.900 E/MendelPackageState(12816): 	at fhyu.d(PG:1)
07-13 08:52:06.900 E/MendelPackageState(12816): 	at fhyu.addListener(PG:42)
07-13 08:52:06.900 E/MendelPackageState(12816): 	at evos.c(PG:36)
07-13 08:52:06.900 E/MendelPackageState(12816): 	at evqc.c(PG:9)
07-13 08:52:06.900 E/MendelPackageState(12816): 	at ewux.g(PG:52)
07-13 08:52:06.900 E/MendelPackageState(12816): 	at ewyd.apply(PG:28)
07-13 08:52:06.900 E/MendelPackageState(12816): 	at ewuu.a(PG:9)
07-13 08:52:06.900 E/MendelPackageState(12816): 	at exxb.a(PG:17)
07-13 08:52:06.900 E/MendelPackageState(12816): 	at fida.a(PG:3)
07-13 08:52:06.900 E/MendelPackageState(12816): 	at ficf.run(PG:19)
07-13 08:52:06.900 E/MendelPackageState(12816): 	at fidc.run(PG:5)
07-13 08:52:06.900 E/MendelPackageState(12816): 	at cymn.run(PG:5)
07-13 08:52:06.900 E/MendelPackageState(12816): 	at java.util.concurrent.ThreadPoolExecutor.runWorker(ThreadPoolExecutor.java:1100)
07-13 08:52:06.900 E/MendelPackageState(12816): 	at java.util.concurrent.ThreadPoolExecutor$Worker.run(ThreadPoolExecutor.java:624)
07-13 08:52:06.900 E/MendelPackageState(12816): 	at cylt.run(PG:33)
07-13 08:52:06.900 E/MendelPackageState(12816): 	at java.lang.Thread.run(Thread.java:1572)
07-13 08:52:06.900 E/MendelPackageState(12816): 	at cynq.run(PG:63)
07-13 08:52:06.901 I/gralloc4( 2459): @set_metadata: update dataspace from GM (0x00000000 -> 0x08010000)
07-13 08:52:06.902 W/MendelPackageState(12816): Shared storage file not found for com.google.android.apps.search.omnient#com.google.android.googlequicksearchbox
07-13 08:52:06.905 W/MendelPackageState(12816): Shared storage file not found for com.google.android.apps.search.lens.user#com.google.android.googlequicksearchbox
07-13 08:52:06.906 E/MendelPackageState(12816): Failed to fetch after encountering old config
07-13 08:52:06.906 E/MendelPackageState(12816): java.lang.IllegalArgumentException: Account must be in ENABLED state, but was UNSPECIFIED.
07-13 08:52:06.906 E/MendelPackageState(12816): 	at ffkc.m(PG:16)
07-13 08:52:06.906 E/MendelPackageState(12816): 	at evol.apply(PG:31)
07-13 08:52:06.906 E/MendelPackageState(12816): 	at exxh.apply(PG:17)
07-13 08:52:06.906 E/MendelPackageState(12816): 	at fhza.c(PG:3)
07-13 08:52:06.906 E/MendelPackageState(12816): 	at fhzb.run(PG:47)
07-13 08:52:06.906 E/MendelPackageState(12816): 	at fiat.execute(PG:1)
07-13 08:52:06.906 E/MendelPackageState(12816): 	at fhyu.d(PG:1)
07-13 08:52:06.906 E/MendelPackageState(12816): 	at fhyu.addListener(PG:42)
07-13 08:52:06.906 E/MendelPackageState(12816): 	at evos.c(PG:36)
07-13 08:52:06.906 E/MendelPackageState(12816): 	at evqc.c(PG:9)
07-13 08:52:06.906 E/MendelPackageState(12816): 	at ewux.g(PG:52)
07-13 08:52:06.906 E/MendelPackageState(12816): 	at ewyd.apply(PG:28)
07-13 08:52:06.906 E/MendelPackageState(12816): 	at ewuu.a(PG:9)
07-13 08:52:06.906 E/MendelPackageState(12816): 	at exxb.a(PG:17)
07-13 08:52:06.906 E/MendelPackageState(12816): 	at fida.a(PG:3)
07-13 08:52:06.906 E/MendelPackageState(12816): 	at ficf.run(PG:19)
07-13 08:52:06.906 E/MendelPackageState(12816): 	at fidc.run(PG:5)
07-13 08:52:06.906 E/MendelPackageState(12816): 	at cymn.run(PG:5)
07-13 08:52:06.906 E/MendelPackageState(12816): 	at java.util.concurrent.ThreadPoolExecutor.runWorker(ThreadPoolExecutor.java:1100)
07-13 08:52:06.906 E/MendelPackageState(12816): 	at java.util.concurrent.ThreadPoolExecutor$Worker.run(ThreadPoolExecutor.java:624)
07-13 08:52:06.906 E/MendelPackageState(12816): 	at cylt.run(PG:33)
07-13 08:52:06.906 E/MendelPackageState(12816): 	at java.lang.Thread.run(Thread.java:1572)
07-13 08:52:06.906 E/MendelPackageState(12816): 	at cynq.run(PG:63)
07-13 08:52:06.908 E/MendelPackageState(12816): Failed to fetch after encountering old config
07-13 08:52:06.908 E/MendelPackageState(12816): java.lang.IllegalArgumentException: Account must be in ENABLED state, but was UNSPECIFIED.
07-13 08:52:06.908 E/MendelPackageState(12816): 	at ffkc.m(PG:16)
07-13 08:52:06.908 E/MendelPackageState(12816): 	at evol.apply(PG:31)
07-13 08:52:06.908 E/MendelPackageState(12816): 	at exxh.apply(PG:17)
07-13 08:52:06.908 E/MendelPackageState(12816): 	at fhza.c(PG:3)
07-13 08:52:06.908 E/MendelPackageState(12816): 	at fhzb.run(PG:47)
07-13 08:52:06.908 E/MendelPackageState(12816): 	at fiat.execute(PG:1)
07-13 08:52:06.908 E/MendelPackageState(12816): 	at fhyu.d(PG:1)
07-13 08:52:06.908 E/MendelPackageState(12816): 	at fhyu.addListener(PG:42)
07-13 08:52:06.908 E/MendelPackageState(12816): 	at evos.c(PG:36)
07-13 08:52:06.908 E/MendelPackageState(12816): 	at evqc.c(PG:9)
07-13 08:52:06.908 E/MendelPackageState(12816): 	at ewux.g(PG:52)
07-13 08:52:06.908 E/MendelPackageState(12816): 	at ewyd.apply(PG:28)
07-13 08:52:06.908 E/MendelPackageState(12816): 	at ewuu.a(PG:9)
07-13 08:52:06.908 E/MendelPackageState(12816): 	at exxb.a(PG:17)
07-13 08:52:06.908 E/MendelPackageState(12816): 	at fida.a(PG:3)
07-13 08:52:06.908 E/MendelPackageState(12816): 	at ficf.run(PG:19)
07-13 08:52:06.908 E/MendelPackageState(12816): 	at fidc.run(PG:5)
07-13 08:52:06.908 E/MendelPackageState(12816): 	at cymn.run(PG:5)
07-13 08:52:06.908 E/MendelPackageState(12816): 	at java.util.concurrent.ThreadPoolExecutor.runWorker(ThreadPoolExecutor.java:1100)
07-13 08:52:06.908 E/MendelPackageState(12816): 	at java.util.concurrent.ThreadPoolExecutor$Worker.run(ThreadPoolExecutor.java:624)
07-13 08:52:06.908 E/MendelPackageState(12816): 	at cylt.run(PG:33)
07-13 08:52:06.908 E/MendelPackageState(12816): 	at java.lang.Thread.run(Thread.java:1572)
07-13 08:52:06.908 E/MendelPackageState(12816): 	at cynq.run(PG:63)
07-13 08:52:06.916 I/gralloc4( 2459): @set_metadata: update dataspace from GM (0x00000000 -> 0x08010000)
07-13 08:52:06.917 D/C2MtkBufferManager( 1041): over 5000ms not request from VCodec but callback hooked, slow BM Cc fetch thread
07-13 08:52:06.933 I/gralloc4( 2459): @set_metadata: update dataspace from GM (0x00000000 -> 0x08010000)
07-13 08:52:06.933 I/dbea    (12816): (REDACTED) Setting isLegacySQLite mode to %s.
07-13 08:52:06.936 D/CompatibilityChangeReporter( 1813): Compat change id reported: 135634846; UID 10203; state: DISABLED
07-13 08:52:06.936 D/CompatibilityChangeReporter( 1813): Compat change id reported: 177438394; UID 10203; state: DISABLED
07-13 08:52:06.936 D/CompatibilityChangeReporter( 1813): Compat change id reported: 135772972; UID 10203; state: DISABLED
07-13 08:52:06.936 D/CompatibilityChangeReporter( 1813): Compat change id reported: 135754954; UID 10203; state: ENABLED
07-13 08:52:06.937 D/C2MtkBufferManager( 1041): over 5000ms not request from VCodec but callback hooked, slow BM Cc fetch thread
07-13 08:52:06.937 D/CompatibilityChangeReporter( 1813): Compat change id reported: 143937733; UID 10203; state: ENABLED
07-13 08:52:06.949 D/Zygote  ( 1023): Forked child process 13388
07-13 08:52:06.951 I/ActivityManager( 1813): Start proc 13388:com.milink.service/u0a203 for service {com.milink.service/com.milink.ui.service.MiLinkTileService} caller=com.android.systemui
07-13 08:52:06.958 D/C2MtkBufferManager( 1041): over 5000ms not request from VCodec but callback hooked, slow BM Cc fetch thread
07-13 08:52:06.958 I/dbea    (12816): (REDACTED) Setting isLegacySQLite mode to %s.
07-13 08:52:06.962 E/Zygote  (13388): process_name_ptr:13388 com.milink.service
07-13 08:52:06.977 W/Glide   (12816): Load failed for [] with dimensions [-2147483648x-2147483648]
07-13 08:52:06.977 W/Glide   (12816): class rey: Failed to load resource
07-13 08:52:06.978 D/C2MtkBufferManager( 1041): over 5000ms not request from VCodec but callback hooked, slow BM Cc fetch thread
07-13 08:52:06.986 I/dbea    (12816): (REDACTED) Setting isLegacySQLite mode to %s.
07-13 08:52:06.996 I/.milink.service(13388): Using generational CollectorTypeCC GC.
07-13 08:52:06.999 D/C2MtkBufferManager( 1041): over 5000ms not request from VCodec but callback hooked, slow BM Cc fetch thread
07-13 08:52:07.005 I/dbea    (12816): (REDACTED) Setting isLegacySQLite mode to %s.
07-13 08:52:07.007 D/nativeloader(13388): Load libframework-connectivity-tiramisu-jni.so using APEX ns com_android_tethering for caller /apex/com.android.tethering/javalib/framework-connectivity-t.jar: ok
07-13 08:52:07.014 I/MessageMonitor(13388): Load libmiui_runtime
07-13 08:52:07.019 D/C2MtkBufferManager( 1041): over 5000ms not request from VCodec but callback hooked, slow BM Cc fetch thread
07-13 08:52:07.022 D/SymlinkUtils( 1813): attachApplication file op go pass: 1 ms
07-13 08:52:07.023 I/SmartPower: com.milink.service/10203(13388)( 1813): died->background(1090ms) R(process start ) adj=-10000.
07-13 08:52:07.031 I/MiuiNetworkPolicy( 1813): updateUidState uid = 10203, uidState = 10
07-13 08:52:07.032 D/CompatibilityChangeReporter(13388): Compat change id reported: 171979766; UID 10203; state: ENABLED
07-13 08:52:07.032 D/CompatibilityChangeReporter(13388): Compat change id reported: 242716250; UID 10203; state: DISABLED
07-13 08:52:07.039 D/C2MtkBufferManager( 1041): over 5000ms not request from VCodec but callback hooked, slow BM Cc fetch thread
07-13 08:52:07.041 I/dbea    (12816): (REDACTED) Setting isLegacySQLite mode to %s.
07-13 08:52:07.056 D/nativeloader(13276): Load /data/app/~~YLnmsdzZwEre--bK2d7z9w==/com.skillsroom.mobile-f9Bv9at9m-3mkcSkMrJiDw==/base.apk!/lib/arm64-v8a/libreact_codegen_rnscreens.so using class loader ns clns-4 (caller=/data/app/~~YLnmsdzZwEre--bK2d7z9w==/com.skillsroom.mobile-f9Bv9at9m-3mkcSkMrJiDw==/base.apk!classes20.dex): ok
07-13 08:52:07.056 D/jni_lib_merge(13276): Entering merged library JNI_OnLoad.
07-13 08:52:07.056 D/jni_lib_merge(13276): Preparing 12 pre-merged libs (including stub)
07-13 08:52:07.056 D/jni_lib_merge(13276): Preparing to register libfabricjni_so.  onload_func: 0x7cb271af38
07-13 08:52:07.056 D/jni_lib_merge(13276): Preparing to register libreact_devsupportjni_so.  onload_func: 0x7cb292381c
07-13 08:52:07.056 D/jni_lib_merge(13276): Preparing to register libreact_featureflagsjni_so.  onload_func: 0x7cb2935b7c
07-13 08:52:07.056 D/jni_lib_merge(13276): Preparing to register libreact_newarchdefaults_so.  onload_func: 0x7cb29daf24
07-13 08:52:07.056 D/jni_lib_merge(13276): Preparing to register libreactnativeblob_so.  onload_func: 0x7cb2bed088
07-13 08:52:07.056 D/jni_lib_merge(13276): Preparing to register libreactnativejni_so.  onload_func: 0x7cb2c2fffc
07-13 08:52:07.056 D/jni_lib_merge(13276): Preparing to register libreactnativejni_common_so.  onload_func: 0x7cb2c409f0
07-13 08:52:07.056 D/jni_lib_merge(13276): Preparing to register librninstance_so.  onload_func: 0x7cb2c7f62c
07-13 08:52:07.056 D/jni_lib_merge(13276): Preparing to register libturbomodulejsijni_so.  onload_func: 0x7cb2ddc734
07-13 08:52:07.056 D/jni_lib_merge(13276): Preparing to register libuimanagerjni_so.  onload_func: 0x7cb2df56e8
07-13 08:52:07.056 D/jni_lib_merge(13276): Preparing to register libyoga_so.  onload_func: 0x7cb2e0516c
07-13 08:52:07.056 D/jni_lib_merge(13276): About to register 11 actual methods.
07-13 08:52:07.060 D/C2MtkBufferManager( 1041): over 5000ms not request from VCodec but callback hooked, slow BM Cc fetch thread
07-13 08:52:07.060 D/nativeloader(13388): InitLlndkLibrariesProduct: libEGL.so:libGLESv1_CM.so:libGLESv2.so:libGLESv3.so:libRS.so:libandroid_net.so:libbinder_ndk.so:libc.so:libcgrouprc.so:libclang_rt.asan-aarch64-android.so:libclang_rt.asan-arm-android.so:libclang_rt.hwasan-aarch64-android.so:libcom.android.tethering.connectivity_native.so:libdl.so:libft2.so:liblog.so:libm.so:libmediandk.so:libnativewindow.so:libneuralnetworks.so:libselinux.so:libsync.so:libvndksupport.so:libvulkan.so
07-13 08:52:07.060 D/nativeloader(13388): Configuring product-clns-4 for unbundled product apk /product/app/MiLinkGlobal/MiLinkGlobal.apk. target_sdk_version=33, uses_libraries=, library_path=/product/app/MiLinkGlobal/lib/arm64:/product/app/MiLinkGlobal/MiLinkGlobal.apk!/lib/arm64-v8a:/product/lib64:/system/product/lib64, permitted_path=/data:/mnt/expand:/data/user/0/com.milink.service:/product/lib64:/system/product/lib64
07-13 08:52:07.061 D/nativeloader(13388): InitVndkspLibrariesProduct: android.hardware.common-V2-ndk.so:android.hardware.common.fmq-V1-ndk.so:android.hardware.graphics.allocator-V2-ndk.so:android.hardware.graphics.common-V4-ndk.so:android.hardware.graphics.common@1.0.so:android.hardware.graphics.common@1.1.so:android.hardware.graphics.common@1.2.so:android.hardware.graphics.composer3-V1-ndk.so:android.hardware.graphics.mapper@2.0.so:android.hardware.graphics.mapper@2.1.so:android.hardware.graphics.mapper@3.0.so:android.hardware.graphics.mapper@4.0.so:android.hardware.renderscript@1.0.so:android.hidl.memory.token@1.0.so:android.hidl.memory@1.0-impl.so:android.hidl.memory@1.0.so:android.hidl.safe_union@1.0.so:libRSCpuRef.so:libRSDriver.so:libRS_internal.so:libbase.so:libbcinfo.so:libblas.so:libc++.so:libcompiler_rt.so:libcutils.so:libdmabufheap.so:libgralloctypes.so:libhardware.so:libhidlbase.so:libhidlmemory.so:libion.so:libjsoncpp.so:liblzma.so:libprocessgroup.so:libunwindstack.so:libutils.so:libutilscallstack.so:libz.so
07-13 08:52:07.064 I/dbea    (12816): (REDACTED) Setting isLegacySQLite mode to %s.
07-13 08:52:07.069 D/nativeloader(13388): Load libframework-connectivity-jni.so using APEX ns com_android_tethering for caller /apex/com.android.tethering/javalib/framework-connectivity.jar: ok
07-13 08:52:07.073 V/GraphicsEnvironment(13388): Currently set values for:
07-13 08:52:07.074 V/GraphicsEnvironment(13388):   angle_gl_driver_selection_pkgs=[]
07-13 08:52:07.074 V/GraphicsEnvironment(13388):   angle_gl_driver_selection_values=[]
07-13 08:52:07.074 V/GraphicsEnvironment(13388): ANGLE GameManagerService for com.milink.service: false
07-13 08:52:07.075 V/GraphicsEnvironment(13388): com.milink.service is not listed in per-application setting
07-13 08:52:07.075 V/GraphicsEnvironment(13388): Neither updatable production driver nor prerelease driver is supported.
07-13 08:52:07.079 I/dbea    (12816): (REDACTED) Setting isLegacySQLite mode to %s.
07-13 08:52:07.079 I/ForceDarkHelperStubImpl(13388): initialize for com.milink.service , ForceDarkOrigin
07-13 08:52:07.080 D/C2MtkBufferManager( 1041): over 5000ms not request from VCodec but callback hooked, slow BM Cc fetch thread
07-13 08:52:07.083 D/nativeloader(13388): Load libforcedarkimpl.so using system ns (caller=/system_ext/framework/miui-framework.jar): ok
07-13 08:52:07.084 D/OpenGLRenderer(13388): JNI_OnLoad success
07-13 08:52:07.084 I/MiuiForceDarkConfig(13388): setConfig density:2.000000, mainRule:0, secondaryRule:0, tertiaryRule:0
07-13 08:52:07.090 W/miuix-app-comp(13388): enableComponentArch true, com.milink.service
07-13 08:52:07.095 D/ActivityManager( 1813): getProcessesInErrorState callingUid=10279, CallingPid=443
07-13 08:52:07.097 I/dbea    (12816): (REDACTED) Setting isLegacySQLite mode to %s.
07-13 08:52:07.101 D/C2MtkBufferManager( 1041): over 5000ms not request from VCodec but callback hooked, slow BM Cc fetch thread
07-13 08:52:07.101 W/ComponentDiscovery(13388): Class com.google.firebase.dynamicloading.DynamicLoadingRegistrar is not an found.
07-13 08:52:07.103 D/ActivityManager( 1813): getProcessesInErrorState callingUid=10288, CallingPid=19459
07-13 08:52:07.104 D/CompatibilityChangeReporter(13388): Compat change id reported: 183155436; UID 10203; state: ENABLED
07-13 08:52:07.105 I/FirebaseApp(13388): Device unlocked: initializing all Firebase APIs for app [DEFAULT]
07-13 08:52:07.110 I/FirebaseInitProvider(13388): FirebaseApp initialization successful
07-13 08:52:07.115 I/IDM-CPPSDK-StartupInit(13388): create: PID =13388
07-13 08:52:07.115 I/IDM-CPPSDK-StartupInit(13388): create: TID =13388
07-13 08:52:07.116 I/dbea    (12816): (REDACTED) Setting isLegacySQLite mode to %s.
07-13 08:52:07.118 I/ClipboardServiceI( 1813): checkProviderWakePathForClipboard: primaryClip is null
07-13 08:52:07.121 D/C2MtkBufferManager( 1041): over 5000ms not request from VCodec but callback hooked, slow BM Cc fetch thread
07-13 08:52:07.122 D/AutoDensity(13388): autodensity debugEnable = 
07-13 08:52:07.126 W/.milink.service(13388): Unsupported class loader: java.lang.Class<com.google.android.gms.dynamite.h>
07-13 08:52:07.128 I/ClipboardServiceI( 1813): checkProviderWakePathForClipboard: primaryClip is null
07-13 08:52:07.131 W/.milink.service(13388): Unsupported class loader: java.lang.Class<com.google.android.gms.dynamite.h>
07-13 08:52:07.131 W/.milink.service(13388): Unsupported class loader: java.lang.Class<com.google.android.gms.dynamite.h>
07-13 08:52:07.131 D/nativeloader(13276): Load /data/app/~~YLnmsdzZwEre--bK2d7z9w==/com.skillsroom.mobile-f9Bv9at9m-3mkcSkMrJiDw==/base.apk!/lib/arm64-v8a/libreact_codegen_rnsvg.so using class loader ns clns-4 (caller=/data/app/~~YLnmsdzZwEre--bK2d7z9w==/com.skillsroom.mobile-f9Bv9at9m-3mkcSkMrJiDw==/base.apk!classes20.dex): ok
07-13 08:52:07.132 D/jni_lib_merge(13276): Entering merged library JNI_OnLoad.
07-13 08:52:07.132 D/jni_lib_merge(13276): Preparing 12 pre-merged libs (including stub)
07-13 08:52:07.132 D/jni_lib_merge(13276): Preparing to register libfabricjni_so.  onload_func: 0x7cb271af38
07-13 08:52:07.132 D/jni_lib_merge(13276): Preparing to register libreact_devsupportjni_so.  onload_func: 0x7cb292381c
07-13 08:52:07.132 D/jni_lib_merge(13276): Preparing to register libreact_featureflagsjni_so.  onload_func: 0x7cb2935b7c
07-13 08:52:07.132 D/jni_lib_merge(13276): Preparing to register libreact_newarchdefaults_so.  onload_func: 0x7cb29daf24
07-13 08:52:07.132 D/jni_lib_merge(13276): Preparing to register libreactnativeblob_so.  onload_func: 0x7cb2bed088
07-13 08:52:07.132 D/jni_lib_merge(13276): Preparing to register libreactnativejni_so.  onload_func: 0x7cb2c2fffc
07-13 08:52:07.132 D/jni_lib_merge(13276): Preparing to register libreactnativejni_common_so.  onload_func: 0x7cb2c409f0
07-13 08:52:07.132 D/jni_lib_merge(13276): Preparing to register librninstance_so.  onload_func: 0x7cb2c7f62c
07-13 08:52:07.132 D/jni_lib_merge(13276): Preparing to register libturbomodulejsijni_so.  onload_func: 0x7cb2ddc734
07-13 08:52:07.132 D/jni_lib_merge(13276): Preparing to register libuimanagerjni_so.  onload_func: 0x7cb2df56e8
07-13 08:52:07.132 D/jni_lib_merge(13276): Preparing to register libyoga_so.  onload_func: 0x7cb2e0516c
07-13 08:52:07.132 D/jni_lib_merge(13276): About to register 11 actual methods.
07-13 08:52:07.133 I/dbea    (12816): (REDACTED) Setting isLegacySQLite mode to %s.
07-13 08:52:07.136 I/ML::MiLinkApplication(13388): com.milink.service:13388 onCreate
07-13 08:52:07.136 I/MiPlayQuickCpuInfo(13388): mtk cpu is MT6769V/CZ
07-13 08:52:07.137 I/MiPlayQuickCpuInfo(13388): getCpuName=MT6769V/CZ
07-13 08:52:07.137 I/MiPlayQuickCpuInfo(13388): cpuinfo MT6769V/CZ
07-13 08:52:07.137 D/MiPlayQuickStat(13388): stat event : 4
07-13 08:52:07.137 I/ML::MiuiSdk(13388): get vendor: 
07-13 08:52:07.137 I/ML::SystemProperty(13388): SystemProperties.getInt ro.miui.ui.version.code=816
07-13 08:52:07.137 I/ML::MiuiSdk(13388): MiuiVersionCode: 816
07-13 08:52:07.138 I/ML::PrivacyUtils(13388): get user experience: 1
07-13 08:52:07.140 I/ML::PrivacyUtils(13388): get setting privacy: 1
07-13 08:52:07.141 I/DynamiteModule(13388): Considering local module com.google.android.gms.measurement.dynamite:46 and remote module com.google.android.gms.measurement.dynamite:196
07-13 08:52:07.141 I/DynamiteModule(13388): Selected remote version of com.google.android.gms.measurement.dynamite, version >= 196
07-13 08:52:07.141 V/DynamiteModule(13388): Dynamite loader version >= 2, using loadModule2NoCrashUtils
07-13 08:52:07.142 D/C2MtkBufferManager( 1041): over 5000ms not request from VCodec but callback hooked, slow BM Cc fetch thread
07-13 08:52:07.143 I/ML::FirebaseImpl(13388): cn&global stat condition: mainSpace=true, monkey=false
07-13 08:52:07.145 I/ML::FirebaseImpl(13388): global stat condition: local=false, remote=false, experience=true, setting=true
07-13 08:52:07.145 I/ML::FirebaseImpl(13388): Firebase init ignore
07-13 08:52:07.148 I/dbea    (12816): (REDACTED) Setting isLegacySQLite mode to %s.
07-13 08:52:07.153 I/ML-DP   (13388): 12.5.0.2-12050002/castGlobalrelease/2969683/1/12/24, 10:37:23 AM
07-13 08:52:07.153 I/ML-DP   (13388): release-keys:true:10203:13388
07-13 08:52:07.154 I/ML::MiLinkApplication(13388): privacy operate: agree=0, agreeReport=0, revoke=0, revokeReport=0
07-13 08:52:07.156 I/ActivityManager( 1813): Flag disabled. Ignoring finishAttachApplication from uid: 10203. pid: 13388
07-13 08:52:07.159 D/nativeloader(13276): Load /data/app/~~YLnmsdzZwEre--bK2d7z9w==/com.skillsroom.mobile-f9Bv9at9m-3mkcSkMrJiDw==/base.apk!/lib/arm64-v8a/libreact_codegen_safeareacontext.so using class loader ns clns-4 (caller=/data/app/~~YLnmsdzZwEre--bK2d7z9w==/com.skillsroom.mobile-f9Bv9at9m-3mkcSkMrJiDw==/base.apk!classes20.dex): ok
07-13 08:52:07.159 I/ML::MirrorCastManager(13388): observe mirrorCastState
07-13 08:52:07.161 W/System  (13388): ClassLoader referenced unknown path: 
07-13 08:52:07.161 I/ML::MiLinkTileService(13388): onCreate
07-13 08:52:07.161 D/nativeloader(13388): Configuring clns-5 for other apk . target_sdk_version=37, uses_libraries=, library_path=/data/app/~~cSclh6TyXFYukZNDYnHngw==/com.google.android.gms-ljlvoSCsNNYZN8qp-8KPsw==/lib/arm64:/data/app/~~cSclh6TyXFYukZNDYnHngw==/com.google.android.gms-ljlvoSCsNNYZN8qp-8KPsw==/base.apk!/lib/arm64-v8a, permitted_path=/data:/mnt/expand:/data/user/0/com.google.android.gms
07-13 08:52:07.162 D/C2MtkBufferManager( 1041): over 5000ms not request from VCodec but callback hooked, slow BM Cc fetch thread
07-13 08:52:07.163 E/vold    (  491): Failed to find mounted volume for /storage/0669-140F/Android/data/com.milink.service/files/
07-13 08:52:07.165 W/ContextImpl(13388): Failed to ensure /storage/0669-140F/Android/data/com.milink.service/files: android.os.ServiceSpecificException:  (code -22)
07-13 08:52:07.171 I/dbea    (12816): (REDACTED) Setting isLegacySQLite mode to %s.
07-13 08:52:07.173 I/ML::MiLinkServerService(13388): MiLinkServerService remove all scan
07-13 08:52:07.176 I/ML::ProtocolManager(13388): support miplay: false
07-13 08:52:07.177 I/ML::MiLinkServerService(13388): updateSystemProjectionBlackList
07-13 08:52:07.177 D/ML::MiLinkServerService(13388): MiLinkServerService onBind
07-13 08:52:07.179 I/MiuiNetworkPolicy( 1813): updateUidState uid = 10203, uidState = 19
07-13 08:52:07.182 I/ML::MiLinkTileService(13388): onServiceConnected
07-13 08:52:07.183 D/C2MtkBufferManager( 1041): over 5000ms not request from VCodec but callback hooked, slow BM Cc fetch thread
07-13 08:52:07.187 I/.gms.persistent(10100): Background young concurrent copying GC freed 16MB AllocSpace bytes, 51(4804KB) LOS objects, 47% free, 23MB/44MB, paused 392us,81us total 197.007ms
07-13 08:52:07.192 D/WindowManager( 1813): Update screen project privacy blacklist
07-13 08:52:07.196 W/SQLiteConnectionPool(10100): A SQLiteConnection object for database '/data/user/0/com.google.android.gms/databases/metadata.db' was leaked!  Please fix your application to end transactions in progress properly and to close the database when it is no longer needed.
07-13 08:52:07.196 W/System  (10100): A resource failed to call SQLiteConnection.close. 
07-13 08:52:07.197 I/dbea    (12816): (REDACTED) Setting isLegacySQLite mode to %s.
07-13 08:52:07.203 D/C2MtkBufferManager( 1041): over 5000ms not request from VCodec but callback hooked, slow BM Cc fetch thread
07-13 08:52:07.204 D/nativeloader(13276): Load /data/app/~~YLnmsdzZwEre--bK2d7z9w==/com.skillsroom.mobile-f9Bv9at9m-3mkcSkMrJiDw==/base.apk!/lib/arm64-v8a/libappmodules.so using class loader ns clns-4 (caller=/data/app/~~YLnmsdzZwEre--bK2d7z9w==/com.skillsroom.mobile-f9Bv9at9m-3mkcSkMrJiDw==/base.apk!classes20.dex): ok
07-13 08:52:07.215 I/dbea    (12816): (REDACTED) Setting isLegacySQLite mode to %s.
07-13 08:52:07.223 D/C2MtkBufferManager( 1041): over 5000ms not request from VCodec but callback hooked, slow BM Cc fetch thread
07-13 08:52:07.231 I/dbea    (12816): (REDACTED) Setting isLegacySQLite mode to %s.
07-13 08:52:07.244 D/C2MtkBufferManager( 1041): over 5000ms not request from VCodec but callback hooked, slow BM Cc fetch thread
07-13 08:52:07.248 I/dbea    (12816): (REDACTED) Setting isLegacySQLite mode to %s.
07-13 08:52:07.264 D/C2MtkBufferManager( 1041): over 5000ms not request from VCodec but callback hooked, slow BM Cc fetch thread
07-13 08:52:07.267 I/dbea    (12816): (REDACTED) Setting isLegacySQLite mode to %s.
07-13 08:52:07.285 D/C2MtkBufferManager( 1041): over 5000ms not request from VCodec but callback hooked, slow BM Cc fetch thread
07-13 08:52:07.287 I/dbea    (12816): (REDACTED) Setting isLegacySQLite mode to %s.
07-13 08:52:07.298 I/ActivityManager( 1813): Flag disabled. Ignoring finishAttachApplication from uid: 10210. pid: 13276
07-13 08:52:07.305 I/dbea    (12816): (REDACTED) Setting isLegacySQLite mode to %s.
07-13 08:52:07.305 D/C2MtkBufferManager( 1041): over 5000ms not request from VCodec but callback hooked, slow BM Cc fetch thread
07-13 08:52:07.305 I/libPerfCtl( 1059): xgfGetFPS pid:2459 fps:60
07-13 08:52:07.306 I/libPerfCtl( 1059): xgfGetFPS pid:2470 fps:-1
07-13 08:52:07.321 W/Looper  (13276): PerfMonitor longMsg : seq=3 plan=08:52:05.075 late=0ms wall=2225ms h=android.app.ActivityThread$H w=110 procState=-1
07-13 08:52:07.323 I/dbea    (12816): (REDACTED) Setting isLegacySQLite mode to %s.
07-13 08:52:07.325 D/C2MtkBufferManager( 1041): over 5000ms not request from VCodec but callback hooked, slow BM Cc fetch thread
07-13 08:52:07.327 I/M-ProMotion(13276): M-ProMotion is disabled
07-13 08:52:07.341 D/libMEOW (13276): meow new tls: 0xb400007d1d0d8500
07-13 08:52:07.343 D/libMEOW (13276): meow reload base cfg path: na
07-13 08:52:07.343 D/libMEOW (13276): meow reload overlay cfg path: na
07-13 08:52:07.344 I/dbea    (12816): (REDACTED) Setting isLegacySQLite mode to %s.
07-13 08:52:07.346 D/C2MtkBufferManager( 1041): over 5000ms not request from VCodec but callback hooked, slow BM Cc fetch thread
07-13 08:52:07.352 E/QT      (13276): [QT]file does not exist
07-13 08:52:07.353 D/libMEOW (13276): applied 1 plugins for [com.skillsroom.mobile]:
07-13 08:52:07.353 D/libMEOW (13276):   plugin 1: [libMEOW_gift.so]: 0xb400007d126c2dc0
07-13 08:52:07.354 D/libMEOW (13276): rebuild call chain: 0xb400007d1d0e7bc0
07-13 08:52:07.356 D/libMEOW (13276): meow delete tls: 0xb400007d1d0d8500
07-13 08:52:07.364 I/dbea    (12816): (REDACTED) Setting isLegacySQLite mode to %s.
07-13 08:52:07.366 D/C2MtkBufferManager( 1041): over 5000ms not request from VCodec but callback hooked, slow BM Cc fetch thread
07-13 08:52:07.378 I/dbea    (12816): (REDACTED) Setting isLegacySQLite mode to %s.
07-13 08:52:07.387 D/C2MtkBufferManager( 1041): over 5000ms not request from VCodec but callback hooked, slow BM Cc fetch thread
07-13 08:52:07.391 I/ExtendedUtils( 1059): [timer_thread_start] epoll wait thread while start
07-13 08:52:07.392 I/ExtendedPerfBoost( 1059): [restore_callback_expires] thermalbreak callback
07-13 08:52:07.392 I/ExtendedPerfBoost( 1059): [triggerList_update] del one node to freelist
07-13 08:52:07.392 I/ExtendedPerfBoost( 1059): [triggerList_update] now trigger boost:0  info
07-13 08:52:07.392 I/ExtendedPerfBoost( 1059): [trig_thermalbreak] curr