07-13 08:47:16.580 D/C2MtkBufferManager( 1041): over 5000ms not request from VCodec but callback hooked, slow BM Cc fetch thread
07-13 08:47:16.601 D/C2MtkBufferManager( 1041): over 5000ms not request from VCodec but callback hooked, slow BM Cc fetch thread
07-13 08:47:16.621 D/C2MtkBufferManager( 1041): over 5000ms not request from VCodec but callback hooked, slow BM Cc fetch thread
07-13 08:47:16.641 D/C2MtkBufferManager( 1041): over 5000ms not request from VCodec but callback hooked, slow BM Cc fetch thread
07-13 08:47:16.659 D/ActivityManager( 1813): getProcessesInErrorState callingUid=10288, CallingPid=19459
07-13 08:47:16.662 D/C2MtkBufferManager( 1041): over 5000ms not request from VCodec but callback hooked, slow BM Cc fetch thread
07-13 08:47:16.663 D/ActivityManager( 1813): getProcessesInErrorState callingUid=10279, CallingPid=443
07-13 08:47:16.682 D/C2MtkBufferManager( 1041): over 5000ms not request from VCodec but callback hooked, slow BM Cc fetch thread
07-13 08:47:16.702 D/C2MtkBufferManager( 1041): over 5000ms not request from VCodec but callback hooked, slow BM Cc fetch thread
07-13 08:47:16.722 D/C2MtkBufferManager( 1041): over 5000ms not request from VCodec but callback hooked, slow BM Cc fetch thread
07-13 08:47:16.743 D/C2MtkBufferManager( 1041): over 5000ms not request from VCodec but callback hooked, slow BM Cc fetch thread
07-13 08:47:16.763 D/C2MtkBufferManager( 1041): over 5000ms not request from VCodec but callback hooked, slow BM Cc fetch thread
07-13 08:47:16.783 D/C2MtkBufferManager( 1041): over 5000ms not request from VCodec but callback hooked, slow BM Cc fetch thread
07-13 08:47:16.804 D/C2MtkBufferManager( 1041): over 5000ms not request from VCodec but callback hooked, slow BM Cc fetch thread
07-13 08:47:16.824 D/C2MtkBufferManager( 1041): over 5000ms not request from VCodec but callback hooked, slow BM Cc fetch thread
07-13 08:47:16.844 D/C2MtkBufferManager( 1041): over 5000ms not request from VCodec but callback hooked, slow BM Cc fetch thread
07-13 08:47:16.856 D/ULogGuard( 1314): Monitoring: 16 threads, 0 requests, 0 time-bombs; 2 guards. ResetFlags = 0x7
07-13 08:47:16.865 D/C2MtkBufferManager( 1041): over 5000ms not request from VCodec but callback hooked, slow BM Cc fetch thread
07-13 08:47:16.885 D/C2MtkBufferManager( 1041): over 5000ms not request from VCodec but callback hooked, slow BM Cc fetch thread
07-13 08:47:16.905 D/C2MtkBufferManager( 1041): over 5000ms not request from VCodec but callback hooked, slow BM Cc fetch thread
07-13 08:47:16.926 D/C2MtkBufferManager( 1041): over 5000ms not request from VCodec but callback hooked, slow BM Cc fetch thread
07-13 08:47:16.946 D/C2MtkBufferManager( 1041): over 5000ms not request from VCodec but callback hooked, slow BM Cc fetch thread
07-13 08:47:16.954 I/mtkpower_client( 1813): perf_lock_acq, hdl:244677, dur:3000, num:2, pid:1813, tid:2160
07-13 08:47:16.954 W/ServiceManagerCppClient( 1813): Failed to get isDeclared for vendor.mediatek.hardware.mtkpower.IMtkPowerService/default: Status(-1, EX_SECURITY): 'SELinux denied.'
07-13 08:47:16.954 I/mtkpower_client( 1813): IMtkPowerService_isDeclared 0
07-13 08:47:16.957 I/mtkpower_client( 1813): ret_hdl:244699
07-13 08:47:16.957 I/mtkpower_client( 1813): perf_lock_rel, hdl:244699, tid:2160
07-13 08:47:16.957 I/libPowerHal( 1059): [perfLockAcq] idx:3 hdl:244699 hint:-1 pid:1813 duration:3000 lock_user:system_server => ret_hdl:244699
07-13 08:47:16.957 I/SbeHandle( 1059): end_default_hold_time HindID : 21
07-13 08:47:16.957 I/libPowerHal( 1059): [disableScenarioByHintId] Disable HindID : 21
07-13 08:47:16.957 I/libPowerHal( 1059): [disableScenarioByHintId] disableScenarioByHintId: HindID : 21
07-13 08:47:16.957 I/libPowerHal( 1059): MTKPOWER_HINT_PROCESS_CREATE: cpu_ctrl set cpu freq: -1 -1 -1 -1
07-13 08:47:16.958 I/libPowerHal( 1059): [PD] MTKPOWER_HINT_PROCESS_CREATE update cmd:1000000, param:1
07-13 08:47:16.958 I/libPowerHal( 1059): [PD] MTKPOWER_HINT_PROCESS_CREATE update cmd:1410000 param:0
07-13 08:47:16.958 I/libPowerHal( 1059): [PD] MTKPOWER_HINT_PROCESS_CREATE update cmd:1408300 param:40
07-13 08:47:16.958 I/libPowerHal( 1059): [PD] MTKPOWER_HINT_PROCESS_CREATE update cmd:1000000 param:1
07-13 08:47:16.958 I/libPowerHal( 1059): [PE] system_server update cmd:3410300 param:21
07-13 08:47:16.958 W/ServiceManagerCppClient( 1813): Failed to get isDeclared for vendor.mediatek.hardware.mtkpower.IMtkPowerService/default: Status(-1, EX_SECURITY): 'SELinux denied.'
07-13 08:47:16.958 I/mtkpower_client( 1813): IMtkPowerService_isDeclared 0
07-13 08:47:16.959 I/libPowerHal( 1059): [perfLockRel] hdl:244699, idx:3
07-13 08:47:16.959 I/SbeHandle( 1059): end_default_hold_time HindID : 21
07-13 08:47:16.959 I/libPowerHal( 1059): [disableScenarioByHintId] Disable HindID : 21
07-13 08:47:16.959 I/libPowerHal( 1059): [PD] system_server update ONESHOT cmd:3410300 param:21
07-13 08:47:16.966 D/C2MtkBufferManager( 1041): over 5000ms not request from VCodec but callback hooked, slow BM Cc fetch thread
07-13 08:47:16.987 D/C2MtkBufferManager( 1041): over 5000ms not request from VCodec but callback hooked, slow BM Cc fetch thread
07-13 08:47:17.007 D/C2MtkBufferManager( 1041): over 5000ms not request from VCodec but callback hooked, slow BM Cc fetch thread
07-13 08:47:17.028 D/C2MtkBufferManager( 1041): over 5000ms not request from VCodec but callback hooked, slow BM Cc fetch thread
07-13 08:47:17.040 E/msys    (28813): E[N mns:DGWClient]_LogError(280)=>Failed to resolve using system DNS resolver, getaddrinfo(): No address associated with hostname
07-13 08:47:17.048 D/C2MtkBufferManager( 1041): over 5000ms not request from VCodec but callback hooked, slow BM Cc fetch thread
07-13 08:47:17.065 I/SmartPower: com.xiaomi.discover/10198(30777)( 1813): background->idle(3431ms) R(broadcast end Intent { act=com.xiaomi.market.action.UPDATE_STARTED flg=0x10 pkg=com.xiaomi.discover }) adj=905.
07-13 08:47:17.069 D/C2MtkBufferManager( 1041): over 5000ms not request from VCodec but callback hooked, slow BM Cc fetch thread
07-13 08:47:17.089 D/C2MtkBufferManager( 1041): over 5000ms not request from VCodec but callback hooked, slow BM Cc fetch thread
07-13 08:47:17.110 D/C2MtkBufferManager( 1041): over 5000ms not request from VCodec but callback hooked, slow BM Cc fetch thread
07-13 08:47:17.120 I/Tethering( 2392): [BpfCoordinator] onAlertReached
07-13 08:47:17.130 D/C2MtkBufferManager( 1041): over 5000ms not request from VCodec but callback hooked, slow BM Cc fetch thread
07-13 08:47:17.151 D/C2MtkBufferManager( 1041): over 5000ms not request from VCodec but callback hooked, slow BM Cc fetch thread
07-13 08:47:17.161 D/ActivityManager( 1813): getProcessesInErrorState callingUid=10288, CallingPid=19459
07-13 08:47:17.164 D/ActivityManager( 1813): getProcessesInErrorState callingUid=10279, CallingPid=443
07-13 08:47:17.171 D/C2MtkBufferManager( 1041): over 5000ms not request from VCodec but callback hooked, slow BM Cc fetch thread
07-13 08:47:17.178 E/msys    (28813): E[N mns:DGWClient]_LogError(280)=>Failed to resolve using system DNS resolver, getaddrinfo(): No address associated with hostname
07-13 08:47:17.192 D/C2MtkBufferManager( 1041): over 5000ms not request from VCodec but callback hooked, slow BM Cc fetch thread
07-13 08:47:17.213 D/C2MtkBufferManager( 1041): over 5000ms not request from VCodec but callback hooked, slow BM Cc fetch thread
07-13 08:47:17.233 D/C2MtkBufferManager( 1041): over 5000ms not request from VCodec but callback hooked, slow BM Cc fetch thread
07-13 08:47:17.254 D/C2MtkBufferManager( 1041): over 5000ms not request from VCodec but callback hooked, slow BM Cc fetch thread
07-13 08:47:17.272 D/MediaCodec(19459): [mId: 6] audio-debug Stats over last 5006ms:
07-13 08:47:17.273 D/MediaCodec(19459): [mId: 6] audio-debug Qinput: 0, DQinput: 0 success out of 5 tries
07-13 08:47:17.273 D/MediaCodec(19459): [mId: 6] audio-debug Render: 0, Drop: 0, DQoutput: 0 success out of 0 tries
07-13 08:47:17.273 E/msys    (28813): E[N mns:DGWClient]_LogError(280)=>Failed to resolve using system DNS resolver, getaddrinfo(): No address associated with hostname
07-13 08:47:17.274 D/C2MtkBufferManager( 1041): over 5000ms not request from VCodec but callback hooked, slow BM Cc fetch thread
07-13 08:47:17.295 D/C2MtkBufferManager( 1041): over 5000ms not request from VCodec but callback hooked, slow BM Cc fetch thread
07-13 08:47:17.315 D/C2MtkBufferManager( 1041): over 5000ms not request from VCodec but callback hooked, slow BM Cc fetch thread
07-13 08:47:17.336 D/SoundPool(27937): native_release called
07-13 08:47:17.336 D/C2MtkBufferManager( 1041): over 5000ms not request from VCodec but callback hooked, slow BM Cc fetch thread
07-13 08:47:17.341 D/AudioTrack(27937): ~AudioTrack(6589): 0xb400007d1d069700
07-13 08:47:17.348 D/AudioTrack(27937): stop(6589): 0xb400007d1d069700, prior state:STATE_STOPPED
07-13 08:47:17.357 D/C2MtkBufferManager( 1041): over 5000ms not request from VCodec but callback hooked, slow BM Cc fetch thread
07-13 08:47:17.366 D/SoundPool(27937): native_release end
07-13 08:47:17.368 D/APM_AudioPolicyManager( 1117): [MTK_APM_Output]releaseOutput() 29 portId 6589
07-13 08:47:17.370 D/audioserver( 1117): FGS Logger Transaction failed
07-13 08:47:17.371 D/audioserver( 1117): -129
07-13 08:47:17.377 D/C2MtkBufferManager( 1041): over 5000ms not request from VCodec but callback hooked, slow BM Cc fetch thread
07-13 08:47:17.398 D/C2MtkBufferManager( 1041): over 5000ms not request from VCodec but callback hooked, slow BM Cc fetch thread
07-13 08:47:17.400 I/libPerfCtl( 1059): xgfGetFPS pid:1813 fps:-1
07-13 08:47:17.400 I/libPerfCtl( 1059): xgfGetFPS pid:2459 fps:-1
07-13 08:47:17.418 D/C2MtkBufferManager( 1041): over 5000ms not request from VCodec but callback hooked, slow BM Cc fetch thread
07-13 08:47:17.439 D/C2MtkBufferManager( 1041): over 5000ms not request from VCodec but callback hooked, slow BM Cc fetch thread
07-13 08:47:17.459 D/C2MtkBufferManager( 1041): over 5000ms not request from VCodec but callback hooked, slow BM Cc fetch thread
07-13 08:47:17.480 D/C2MtkBufferManager( 1041): over 5000ms not request from VCodec but callback hooked, slow BM Cc fetch thread
07-13 08:47:17.500 D/C2MtkBufferManager( 1041): over 5000ms not request from VCodec but callback hooked, slow BM Cc fetch thread
07-13 08:47:17.511 I/illsroom.mobile(30732): Compiler allocated 6284KB to compile void android.view.ViewRootImpl.performTraversals()
07-13 08:47:17.521 D/C2MtkBufferManager( 1041): over 5000ms not request from VCodec but callback hooked, slow BM Cc fetch thread
07-13 08:47:17.541 D/C2MtkBufferManager( 1041): over 5000ms not request from VCodec but callback hooked, slow BM Cc fetch thread
07-13 08:47:17.561 D/C2MtkBufferManager( 1041): over 5000ms not request from VCodec but callback hooked, slow BM Cc fetch thread
07-13 08:47:17.582 D/C2MtkBufferManager( 1041): over 5000ms not request from VCodec but callback hooked, slow BM Cc fetch thread
07-13 08:47:17.602 D/C2MtkBufferManager( 1041): over 5000ms not request from VCodec but callback hooked, slow BM Cc fetch thread
07-13 08:47:17.623 D/C2MtkBufferManager( 1041): over 5000ms not request from VCodec but callback hooked, slow BM Cc fetch thread
07-13 08:47:17.643 D/C2MtkBufferManager( 1041): over 5000ms not request from VCodec but callback hooked, slow BM Cc fetch thread
07-13 08:47:17.663 D/ActivityManager( 1813): getProcessesInErrorState callingUid=10288, CallingPid=19459
07-13 08:47:17.664 D/C2MtkBufferManager( 1041): over 5000ms not request from VCodec but callback hooked, slow BM Cc fetch thread
07-13 08:47:17.666 D/ActivityManager( 1813): getProcessesInErrorState callingUid=10279, CallingPid=443
07-13 08:47:17.685 D/C2MtkBufferManager( 1041): over 5000ms not request from VCodec but callback hooked, slow BM Cc fetch thread
07-13 08:47:17.698 D/CompatibilityChangeReporter( 1813): Compat change id reported: 135634846; UID 10168; state: DISABLED
07-13 08:47:17.698 D/CompatibilityChangeReporter( 1813): Compat change id reported: 177438394; UID 10168; state: DISABLED
07-13 08:47:17.698 D/CompatibilityChangeReporter( 1813): Compat change id reported: 135772972; UID 10168; state: DISABLED
07-13 08:47:17.698 D/CompatibilityChangeReporter( 1813): Compat change id reported: 135754954; UID 10168; state: ENABLED
07-13 08:47:17.699 D/CompatibilityChangeReporter( 1813): Compat change id reported: 143937733; UID 10168; state: ENABLED
07-13 08:47:17.705 D/C2MtkBufferManager( 1041): over 5000ms not request from VCodec but callback hooked, slow BM Cc fetch thread
07-13 08:47:17.714 D/Zygote  ( 1023): Forked child process 30893
07-13 08:47:17.716 I/ActivityManager( 1813): Start proc 30893:com.android.camera/u0a168 for FastRestart com.android.camera caller=android
07-13 08:47:17.723 E/Zygote  (30893): process_name_ptr:30893 com.android.camera
07-13 08:47:17.725 D/C2MtkBufferManager( 1041): over 5000ms not request from VCodec but callback hooked, slow BM Cc fetch thread
07-13 08:47:17.746 I/.android.camera(30893): Using generational CollectorTypeCC GC.
07-13 08:47:17.746 D/C2MtkBufferManager( 1041): over 5000ms not request from VCodec but callback hooked, slow BM Cc fetch thread
07-13 08:47:17.757 D/nativeloader(30893): Load libframework-connectivity-tiramisu-jni.so using APEX ns com_android_tethering for caller /apex/com.android.tethering/javalib/framework-connectivity-t.jar: ok
07-13 08:47:17.763 I/MessageMonitor(30893): Load libmiui_runtime
07-13 08:47:17.767 D/C2MtkBufferManager( 1041): over 5000ms not request from VCodec but callback hooked, slow BM Cc fetch thread
07-13 08:47:17.771 D/SymlinkUtils( 1813): attachApplication file op go pass: 1 ms
07-13 08:47:17.772 I/SmartPower: com.android.camera/10168(30893)( 1813): died->background(2079ms) R(process start ) adj=-10000.
07-13 08:47:17.776 D/CompatibilityChangeReporter( 1813): Compat change id reported: 168419799; UID 10168; state: DISABLED
07-13 08:47:17.776 D/CompatibilityChangeReporter( 1813): Compat change id reported: 273564678; UID 10168; state: DISABLED
07-13 08:47:17.780 D/CompatibilityChangeReporter( 1813): Compat change id reported: 265195908; UID 10168; state: ENABLED
07-13 08:47:17.784 I/MiuiNetworkPolicy( 1813): updateUidState uid = 10168, uidState = 19
07-13 08:47:17.784 D/CompatibilityChangeReporter(30893): Compat change id reported: 171979766; UID 10168; state: ENABLED
07-13 08:47:17.784 D/CompatibilityChangeReporter(30893): Compat change id reported: 242716250; UID 10168; state: DISABLED
07-13 08:47:17.787 D/C2MtkBufferManager( 1041): over 5000ms not request from VCodec but callback hooked, slow BM Cc fetch thread
07-13 08:47:17.794 D/CompatibilityChangeReporter( 1813): Compat change id reported: 170503758; UID 10168; state: ENABLED
07-13 08:47:17.808 D/C2MtkBufferManager( 1041): over 5000ms not request from VCodec but callback hooked, slow BM Cc fetch thread
07-13 08:47:17.810 D/nativeloader(30893): Configuring clns-4 for other apk /system_ext/framework/miui-cameraopt.jar. target_sdk_version=33, uses_libraries=ALL, library_path=/product/priv-app/MiuiCamera/lib/arm64:/product/priv-app/MiuiCamera/MiuiCamera.apk!/lib/arm64-v8a, permitted_path=/data:/mnt/expand:/data/user/0/com.android.camera
07-13 08:47:17.811 D/nativeloader(30893): Extending system_exposed_libraries: libapuwareapusys.mtk.so:libapuwareapusys_v2.mtk.so:libapuwarexrp.mtk.so:libapuwarexrp_v2.mtk.so:libapuwareutils.mtk.so:libapuwareutils_v2.mtk.so:libapuwarehmp.mtk.so:libmcv_runtime_usdk.mtk.so:libneuron_graph_delegate.mtk.so:libneuronusdk_adapter.mtk.so:libtflite_mtk.mtk.so:libarmnn_ndk.mtk.so:libcmdl_ndk.mtk.so:libnir_neon_driver_ndk.mtk.so:libmvpu_runtime.mtk.so:libmvpu_runtime_pub.mtk.so:libmvpu_engine_pub.mtk.so:libmvpu_pattern_pub.mtk.so:libmvpuop_mtk_cv.mtk.so:libmvpuop_mtk_nn.mtk.so:libmvpu_runtime_25.mtk.so:libmvpu_runtime_25_pub.mtk.so:libmvpu_engine_25_pub.mtk.so:libmvpu_pattern_25_pub.mtk.so:libmvpuop25_mtk_cv.mtk.so:libmvpuop25_mtk_nn.mtk.so:libmvpu_config.mtk.so:libteeservice_client.trustonic.so:libmisys_jni.xiaomi.so
07-13 08:47:17.829 D/C2MtkBufferManager( 1041): over 5000ms not request from VCodec but callback hooked, slow BM Cc fetch thread
07-13 08:47:17.849 D/C2MtkBufferManager( 1041): over 5000ms not request from VCodec but callback hooked, slow BM Cc fetch thread
07-13 08:47:17.853 D/nativeloader(30893): InitLlndkLibrariesProduct: libEGL.so:libGLESv1_CM.so:libGLESv2.so:libGLESv3.so:libRS.so:libandroid_net.so:libbinder_ndk.so:libc.so:libcgrouprc.so:libclang_rt.asan-aarch64-android.so:libclang_rt.asan-arm-android.so:libclang_rt.hwasan-aarch64-android.so:libcom.android.tethering.connectivity_native.so:libdl.so:libft2.so:liblog.so:libm.so:libmediandk.so:libnativewindow.so:libneuralnetworks.so:libselinux.so:libsync.so:libvndksupport.so:libvulkan.so
07-13 08:47:17.853 D/nativeloader(30893): Configuring product-clns-5 for unbundled product apk /product/priv-app/MiuiCamera/MiuiCamera.apk. target_sdk_version=33, uses_libraries=libOpenCL.so:libOpenCL.so:libneuronusdk_adapter.mtk.so, library_path=/product/priv-app/MiuiCamera/lib/arm64:/product/priv-app/MiuiCamera/MiuiCamera.apk!/lib/arm64-v8a:/product/lib64:/system/product/lib64, permitted_path=/data:/mnt/expand:/data/user/0/com.android.camera:/product/lib64:/system/product/lib64
07-13 08:47:17.853 D/nativeloader(30893): Extending system_exposed_libraries: libneuronusdk_adapter.mtk.so
07-13 08:47:17.855 D/nativeloader(30893): InitVndkspLibrariesProduct: android.hardware.common-V2-ndk.so:android.hardware.common.fmq-V1-ndk.so:android.hardware.graphics.allocator-V2-ndk.so:android.hardware.graphics.common-V4-ndk.so:android.hardware.graphics.common@1.0.so:android.hardware.graphics.common@1.1.so:android.hardware.graphics.common@1.2.so:android.hardware.graphics.composer3-V1-ndk.so:android.hardware.graphics.mapper@2.0.so:android.hardware.graphics.mapper@2.1.so:android.hardware.graphics.mapper@3.0.so:android.hardware.graphics.mapper@4.0.so:android.hardware.renderscript@1.0.so:android.hidl.memory.token@1.0.so:android.hidl.memory@1.0-impl.so:android.hidl.memory@1.0.so:android.hidl.safe_union@1.0.so:libRSCpuRef.so:libRSDriver.so:libRS_internal.so:libbase.so:libbcinfo.so:libblas.so:libc++.so:libcompiler_rt.so:libcutils.so:libdmabufheap.so:libgralloctypes.so:libhardware.so:libhidlbase.so:libhidlmemory.so:libion.so:libjsoncpp.so:liblzma.so:libprocessgroup.so:libunwindstack.so:libutils.so:libutilscallstack.so:libz.so
07-13 08:47:17.870 D/C2MtkBufferManager( 1041): over 5000ms not request from VCodec but callback hooked, slow BM Cc fetch thread
07-13 08:47:17.890 D/C2MtkBufferManager( 1041): over 5000ms not request from VCodec but callback hooked, slow BM Cc fetch thread
07-13 08:47:17.892 D/LockScreenMagazineClient( 2459): unBind
07-13 08:47:17.893 D/LockScreenMagazineClient( 2459): removeClient mDestroyed=false
07-13 08:47:17.911 D/C2MtkBufferManager( 1041): over 5000ms not request from VCodec but callback hooked, slow BM Cc fetch thread
07-13 08:47:17.913 D/nativeloader(30893): Load libframework-connectivity-jni.so using APEX ns com_android_tethering for caller /apex/com.android.tethering/javalib/framework-connectivity.jar: ok
07-13 08:47:17.919 V/GraphicsEnvironment(30893): Currently set values for:
07-13 08:47:17.919 V/GraphicsEnvironment(30893):   angle_gl_driver_selection_pkgs=[]
07-13 08:47:17.920 V/GraphicsEnvironment(30893):   angle_gl_driver_selection_values=[]
07-13 08:47:17.920 V/GraphicsEnvironment(30893): ANGLE GameManagerService for com.android.camera: false
07-13 08:47:17.920 V/GraphicsEnvironment(30893): com.android.camera is not listed in per-application setting
07-13 08:47:17.921 V/GraphicsEnvironment(30893): Neither updatable production driver nor prerelease driver is supported.
07-13 08:47:17.924 I/ForceDarkHelperStubImpl(30893): initialize for com.android.camera , ForceDarkOrigin
07-13 08:47:17.929 D/nativeloader(30893): Load libforcedarkimpl.so using system ns (caller=/system_ext/framework/miui-framework.jar): ok
07-13 08:47:17.930 D/OpenGLRenderer(30893): JNI_OnLoad success
07-13 08:47:17.930 I/MiuiForceDarkConfig(30893): setConfig density:2.000000, mainRule:0, secondaryRule:0, tertiaryRule:0
07-13 08:47:17.931 D/C2MtkBufferManager( 1041): over 5000ms not request from VCodec but callback hooked, slow BM Cc fetch thread
07-13 08:47:17.937 W/libc    (30893): Access denied finding property "ro.vendor.display.type"
07-13 08:47:17.937 W/libc    (30893): Access denied finding property "vendor.panel.display"
07-13 08:47:17.944 W/CameraOpt_QuickCamera(30893): load json failed
07-13 08:47:17.946 W/CameraOpt_QuickCamera(30893): json file not found or failed to read
07-13 08:47:17.950 W/libc    (30893): Access denied finding property "persist.vendor.camera.mtbf.test"
07-13 08:47:17.951 D/CAM_DataItemFeature(30893): this is ro.boot.camera.config 1
07-13 08:47:17.951 D/C2MtkBufferManager( 1041): over 5000ms not request from VCodec but callback hooked, slow BM Cc fetch thread
07-13 08:47:17.960 D/nativeloader(30893): Load libpowerhalwrap_jni.so using system ns (caller=/system_ext/framework/mediatek-framework.jar): ok
07-13 08:47:17.960 I/PowerHalWrapper(30893): PowerHalWrapper.getInstance 
07-13 08:47:17.961 D/CAM_BoostFrameworkImpl(30893): startBoost: duration = 300, scene = 6
07-13 08:47:17.962 D/CAM_BoostFrameworkImpl(30893): ready to boost
07-13 08:47:17.972 D/C2MtkBufferManager( 1041): over 5000ms not request from VCodec but callback hooked, slow BM Cc fetch thread
07-13 08:47:17.980 I/mtkpower_client(30893): perf_lock_acq, hdl:0, dur:300, num:8, pid:30893, tid:30893
07-13 08:47:17.982 W/ServiceManagerCppClient(30893): Failed to get isDeclared for vendor.mediatek.hardware.mtkpower.IMtkPowerService/default: Status(-1, EX_SECURITY): 'SELinux denied.'
07-13 08:47:17.982 I/mtkpower_client(30893): IMtkPowerService_isDeclared 0
07-13 08:47:17.992 D/C2MtkBufferManager( 1041): over 5000ms not request from VCodec but callback hooked, slow BM Cc fetch thread
07-13 08:47:18.006 I/mtkpower_client(30893): Loaded mtkperf HAL 1.0 service
07-13 08:47:18.006 I/mtkpower_client(30893): Loaded mtkperf HAL 1.1 service
07-13 08:47:18.006 I/mtkpower_client(30893): Loaded mtkperf HAL 1.2 service
07-13 08:47:18.007 E/libPowerHal( 1059): Could not open '/proc/30893/comm'
07-13 08:47:18.003 W/mtkPowerService( 1059): type=1400 audit(0.0:606786): avc:  denied  { getattr } for  path="/proc/30893" dev="proc" ino=123300177 scontext=u:r:mtk_hal_power:s0 tcontext=u:r:platform_app:s0:c512,c768 tclass=dir permissive=0
07-13 08:47:18.008 I/mtkpower_client(30893): ret_hdl:244700
07-13 08:47:18.008 E/MTKBoostFramework(30893): Slow Operation: MTKBoostFramework perfLockAcquire took 46ms
07-13 08:47:18.008 I/libPowerHal( 1059): [perfLockAcq] idx:3 hdl:244700 hint:-1 pid:30893 duration:300 lock_user: => ret_hdl:244700
07-13 08:47:18.008 I/libPowerHal( 1059): [setGPUFreq]  user set gpu freq min:0, max:-1
07-13 08:47:18.008 I/libPowerHal( 1059): : set gpu opp level: 0
07-13 08:47:18.009 E/CAM_CameraAppImpl(30893): setFootprintFlag failed:NoSuchMethodException:android.app.ActivityThread.setFootprintFlag [boolean]
07-13 08:47:18.003 W/mtkPowerService( 1059): type=1400 audit(0.0:606787): avc:  denied  { search } for  name="30893" dev="proc" ino=123300177 scontext=u:r:mtk_hal_power:s0 tcontext=u:r:platform_app:s0:c512,c768 tclass=dir permissive=0
07-13 08:47:18.011 I/libPowerHal( 1059): : set gpu opp level max: 0
07-13 08:47:18.011 D/CAM_CameraAppImpl(30893): totalMemory:3G, maxAcquireCount = 30, maxDequeueCount:4
07-13 08:47:18.012 I/libPowerHal( 1059): [setGPUFreq] Soft min/max = (0, 0); Hard min/max = (31, 0)
07-13 08:47:18.012 I/libPowerHal( 1059): [setGPUFreq] final min/max = (0, 0)
07-13 08:47:18.012 I/libPowerHal( 1059): : set gpu opp level: 0
07-13 08:47:18.013 I/libPowerHal( 1059): : set gpu opp level max: 0
07-13 08:47:18.013 D/C2MtkBufferManager( 1041): over 5000ms not request from VCodec but callback hooked, slow BM Cc fetch thread
07-13 08:47:18.013 I/libPowerHal( 1059): : cpu_ctrl set cpu freq: 1800000 -1 2000000 -1
07-13 08:47:18.013 I/libPowerHal( 1059): [PE]  update cmd:1000000, param:0
07-13 08:47:18.014 I/libPowerHal( 1059): [PE]  update cmd:1000000 param:0
07-13 08:47:18.015 E/com.xiaomi.algoup-Log(30893): 'com.android.camera.log.Log' not found
07-13 08:47:18.015 D/AlgoImagePool(30893): init: maxAcquireCount=30 maxDequeueCount=4
07-13 08:47:18.017 D/HalImagePool(30893): init: maxAcquireCount=24 maxDequeueCount=4
07-13 08:47:18.018 W/libc    (30893): Access denied finding property "persist.vendor.camera.mivi.version"
07-13 08:47:18.018 D/CAM_LocalParallelService(30893): onCreate
07-13 08:47:18.019 D/ReprocessorFactory(30893): reprocessorType = VIRTUAL_CAMERA
07-13 08:47:18.020 I/CAM_PermissionManager(30893): getNeedCheckPermissionList() listSize =0
07-13 08:47:18.020 I/CAM_PermissionManager(30893): checkCameraPermissions(), all on
07-13 08:47:18.021 D/CAM_Camera2CompatAdapterRole(30893): E: init()
07-13 08:47:18.021 D/CAM_Camera2CompatAdapterRole(30893): E: reset()
07-13 08:47:18.021 D/CAM_Camera2CompatAdapterRole(30893): X: reset()
07-13 08:47:18.021 I/CameraManagerGlobal(30893): Connecting to camera service
07-13 08:47:18.033 D/C2MtkBufferManager( 1041): over 5000ms not request from VCodec but callback hooked, slow BM Cc fetch thread
07-13 08:47:18.041 D/CameraExtStub(30893): init android.hardware.camera2.impl.CameraExtImplXiaoMi
07-13 08:47:18.044 D/CameraInjector(30893): waitForResult: 
07-13 08:47:18.045 D/CameraInjector(30893): updateCloudCameraControllerInfoAsync: E
07-13 08:47:18.045 E/CameraInjector(30893): updateCloudCameraControllerInfoAsync fail: Attempt to invoke virtual method 'android.content.Context android.app.Application.getBaseContext()' on a null object reference
07-13 08:47:18.045 D/CameraInjector(30893): updateCloudCameraControllerInfoAsync: X
07-13 08:47:18.048 I/CAM_Camera2CompatAdapterRole(30893): [K_PROCESS]: All available camera ids: [0, 1, 2]
07-13 08:47:18.054 D/C2MtkBufferManager( 1041): over 5000ms not request from VCodec but callback hooked, slow BM Cc fetch thread
07-13 08:47:18.056 D/connsyslogger( 1516): SD_LOG_ROOT is /data/debuglogger/connsyslog/fw.
07-13 08:47:18.056 D/connsyslogger( 1516): systemReady:1
07-13 08:47:18.074 E/VendorTagDescriptor(30893): lookupTag: Tag name 'cameraid.role.cameraIds' does not exist.
07-13 08:47:18.074 D/C2MtkBufferManager( 1041): over 5000ms not request from VCodec but callback hooked, slow BM Cc fetch thread
07-13 08:47:18.075 W/CAM_VendorTagHelper(30893): VTNF: com.xiaomi.cameraid.role.cameraIds
07-13 08:47:18.077 E/VendorTagDescriptor(30893): lookupTag: Tag name 'cameraid.role.cameraIds' does not exist.
07-13 08:47:18.078 W/CAM_VendorTagHelper(30893): VTNF: com.xiaomi.cameraid.role.cameraIds
07-13 08:47:18.080 E/VendorTagDescriptor(30893): lookupTag: Tag name 'cameraid.role.cameraIds' does not exist.
07-13 08:47:18.081 W/CAM_VendorTagHelper(30893): VTNF: com.xiaomi.cameraid.role.cameraIds
07-13 08:47:18.085 E/CAM_AlgoConnector(30893): getLocalBinder: failed to get LocalParallelService!
07-13 08:47:18.086 D/CAM_Camera2CompatAdapterRole(30893): E: initCameraCapabilitiesAsync()
07-13 08:47:18.087 I/VirtualCameraReprocessor(30893): setVTCameraIds: backId=-1 frontId=-1
07-13 08:47:18.088 D/CAM_Camera2CompatAdapterRole(30893): X: init()
07-13 08:47:18.088 D/CAM_Camera2CompatAdapter(30893): E: initCameraCapabilitiesByCameraId(): 0
07-13 08:47:18.088 D/ReprocessorFactory(30893): getReprocessor: type = ISP_INTERFACE
07-13 08:47:18.091 D/ReprocessorFactory(30893): getReprocessor: type = ISP_INTERFACE
07-13 08:47:18.092 D/IspReprocessor@217714155(30893): init>>
07-13 08:47:18.095 D/C2MtkBufferManager( 1041): over 5000ms not request from VCodec but callback hooked, slow BM Cc fetch thread
07-13 08:47:18.095 D/IspReprocessor@217714155(30893): init<<
07-13 08:47:18.095 D/IspReprocessor@91731784(30893): init>>
07-13 08:47:18.096 D/IspReprocessor@91731784(30893): init<<
07-13 08:47:18.097 I/CAM_LocalParallelService(30893): starting mivi engine
07-13 08:47:18.097 D/CAM_MIVIHelper(30893): requestCloudDataAsync: 
07-13 08:47:18.103 D/CAM_CameraCapabilities(30893): HQQuickShot: mFeatureMask: 0   mDelayTimeMask: 900508881780787
07-13 08:47:18.103 D/CAM_CameraCapabilities(30893): QuickShotDelayTimeFactor tag not defined
07-13 08:47:18.103 D/CAM_CameraCapabilities(30893): QuickShot: mDelayTimeFactor: 100
07-13 08:47:18.104 D/CAM_CameraCapabilities(30893): MiviSuperNight: mSuperNightMask: 0
07-13 08:47:18.104 D/CAM_CameraCapabilities(30893): QuickShotNextCaptureMask: mQuickShotNextCaptureMask: 63
07-13 08:47:18.107 D/CAM_CameraCapabilities(30893): getBeautyVersionData: 3 ,beautyVersion: 3 ,beautyAlgo: 1
07-13 08:47:18.107 D/CAM_CameraCapabilities(30893): SnapshotQuickViewStreamMask: 0
07-13 08:47:18.108 D/CAM_CameraCapabilities(30893): m3AFeaturesMask: 0
07-13 08:47:18.108 D/CAM_Camera2CompatAdapter(30893): X: initCameraCapabilitiesByCameraId(): 0
07-13 08:47:18.108 D/CAM_Camera2CompatAdapter(30893): E: initCameraCapabilitiesByCameraId(): 1
07-13 08:47:18.115 D/C2MtkBufferManager( 1041): over 5000ms not request from VCodec but callback hooked, slow BM Cc fetch thread
07-13 08:47:18.120 D/CAM_CameraCapabilities(30893): HQQuickShot: mFeatureMask: 0   mDelayTimeMask: 900508881780787
07-13 08:47:18.121 D/CAM_CameraCapabilities(30893): QuickShotDelayTimeFactor tag not defined
07-13 08:47:18.121 D/CAM_CameraCapabilities(30893): QuickShot: mDelayTimeFactor: 100
07-13 08:47:18.121 D/CAM_CameraCapabilities(30893): MiviSuperNight: mSuperNightMask: 0
07-13 08:47:18.121 D/CAM_CameraCapabilities(30893): QuickShotNextCaptureMask: mQuickShotNextCaptureMask: 63
07-13 08:47:18.121 D/CAM_CameraCapabilities(30893): getBeautyVersionData: 3 ,beautyVersion: 3 ,beautyAlgo: 1
07-13 08:47:18.122 D/CAM_CameraCapabilities(30893): SnapshotQuickViewStreamMask: 0
07-13 08:47:18.122 D/CAM_CameraCapabilities(30893): m3AFeaturesMask: 0
07-13 08:47:18.122 D/CAM_Camera2CompatAdapter(30893): X: initCameraCapabilitiesByCameraId(): 1
07-13 08:47:18.122 D/CAM_Camera2CompatAdapter(30893): E: initCameraCapabilitiesByCameraId(): 2
07-13 08:47:18.122 E/vold    (  491): Failed to find mounted volume for /storage/0669-140F/Android/data/com.android.camera/files/
07-13 08:47:18.123 D/CompatibilityChangeReporter(30893): Compat change id reported: 183155436; UID 10168; state: ENABLED
07-13 08:47:18.132 W/ContextImpl(30893): Failed to ensure /storage/0669-140F/Android/data/com.android.camera/files: android.os.ServiceSpecificException:  (code -22)
07-13 08:47:18.132 D/CAM_HalCloudDataManager(30893): requestCloudDataAsync| Start async request
07-13 08:47:18.133 D/CAM_BoostFrameworkImpl(30893): stopBoost
07-13 08:47:18.134 D/CAM_BoostFrameworkImpl(30893): ready to stop boost
07-13 08:47:18.134 I/mtkpower_client(30893): perf_lock_rel, hdl:244700, tid:30893
07-13 08:47:18.134 D/CAM_CameraCapabilities(30893): HQQuickShot: mFeatureMask: 0   mDelayTimeMask: 900508881780787
07-13 08:47:18.134 D/CAM_CameraCapabilities(30893): QuickShotDelayTimeFactor tag not defined
07-13 08:47:18.134 D/CAM_CameraCapabilities(30893): QuickShot: mDelayTimeFactor: 100
07-13 08:47:18.135 D/CAM_CameraCapabilities(30893): MiviSuperNight: mSuperNightMask: 0
07-13 08:47:18.135 D/CAM_CameraCapabilities(30893): QuickShotNextCaptureMask: mQuickShotNextCaptureMask: 63
07-13 08:47:18.135 W/ServiceManagerCppClient(30893): Failed to get isDeclared for vendor.mediatek.hardware.mtkpower.IMtkPowerService/default: Status(-1, EX_SECURITY): 'SELinux denied.'
07-13 08:47:18.135 I/mtkpower_client(30893): IMtkPowerService_isDeclared 0
07-13 08:47:18.135 D/CAM_CameraCapabilities(30893): getBeautyVersionData: 3 ,beautyVersion: 3 ,beautyAlgo: 1
07-13 08:47:18.135 D/CAM_CameraCapabilities(30893): SnapshotQuickViewStreamMask: 0
07-13 08:47:18.135 D/CAM_CameraCapabilities(30893): m3AFeaturesMask: 0
07-13 08:47:18.135 D/CAM_Camera2CompatAdapter(30893): X: initCameraCapabilitiesByCameraId(): 2
07-13 08:47:18.135 D/CAM_Camera2CompatAdapterRole(30893): X: initCameraCapabilitiesAsync()
07-13 08:47:18.135 I/libPowerHal( 1059): [perfLockRel] hdl:244700, idx:3
07-13 08:47:18.135 D/C2MtkBufferManager( 1041): over 5000ms not request from VCodec but callback hooked, slow BM Cc fetch thread
07-13 08:47:18.136 I/libPowerHal( 1059): : cpu_ctrl set cpu freq: -1 -1 -1 -1
07-13 08:47:18.136 I/libPowerHal( 1059): [unsetGPUFreq] current min:0, max:0; scn_gpu_min:0, scn_gpu_max:-1; scn_gpu_min(HL):-1, scn_gpu_max(HL):-1
07-13 08:47:18.136 I/libPowerHal( 1059): : set gpu opp level: 31
07-13 08:47:18.138 I/libPowerHal( 1059): : set gpu opp level max: 0
07-13 08:47:18.138 D/CAM_Camera2CompatAdapterRole(30893): role:   0 ( 62.9°) <->  0
07-13 08:47:18.139 D/CAM_Camera2CompatAdapterRole(30893): role:   1 ( 66.6°) <->  1
07-13 08:47:18.139 I/libPowerHal( 1059): [setGPUFreq] Soft min/max = (31, 0); Hard min/max = (31, 0)
07-13 08:47:18.139 I/libPowerHal( 1059): [setGPUFreq] final min/max = (31, 0)
07-13 08:47:18.139 D/CAM_Camera2CompatAdapterRole(30893): role:  22 ( 98.8°) <->  2
07-13 08:47:18.139 I/libPowerHal( 1059): : set gpu opp level: 31
07-13 08:47:18.139 I/libPowerHal( 1059): : set gpu opp level max: 0
07-13 08:47:18.140 I/libPowerHal( 1059): [PD]  update cmd:1000000, param:1
07-13 08:47:18.140 D/MiCameraAlgo(30893): init: E
07-13 08:47:18.140 I/libPowerHal( 1059): [PD]  update cmd:1000000 param:1
07-13 08:47:18.142 E/vold    (  491): Failed to find mounted volume for /storage/0669-140F/Android/data/com.android.camera/files/dump_files/
07-13 08:47:18.143 W/ContextImpl(30893): Failed to ensure /storage/0669-140F/Android/data/com.android.camera/files/dump_files: android.os.ServiceSpecificException:  (code -22)
07-13 08:47:18.143 D/CAM_CRE_MIGLDump(30893): setDumpRootDir:  /storage/emulated/0/Android/data/com.android.camera/files/dump_files
07-13 08:47:18.143 D/CAM_CameraAppImpl(30893): attachBaseContext: cost = 208
07-13 08:47:18.144 D/MiCameraAlgo(30893): init: application file path to algorithm lib: /data/user/0/com.android.camera/files
07-13 08:47:18.144 E/MiCamAlgoInterfaceJNI(30893): start loading camera_algoup_jni.xiaomi
07-13 08:47:18.149 D/nativeloader(30893): Load libcamera_algoup_jni.xiaomi.so using system ns (caller=/system_ext/framework/miui-framework.jar): ok
07-13 08:47:18.150 D/MiCamAlgoInterfaceJNI(30893): static initializer: loadLibrary camera_algoup_jni.xiaomi
07-13 08:47:18.156 D/C2MtkBufferManager( 1041): over 5000ms not request from VCodec but callback hooked, slow BM Cc fetch thread
07-13 08:47:18.164 D/ActivityManager( 1813): getProcessesInErrorState callingUid=10288, CallingPid=19459
07-13 08:47:18.167 I/FirebaseApp(30893): Device unlocked: initializing all Firebase APIs for app [DEFAULT]
07-13 08:47:18.167 D/ActivityManager( 1813): getProcessesInErrorState callingUid=10279, CallingPid=443
07-13 08:47:18.169 I/FirebaseCrashlytics(30893): Initializing Firebase Crashlytics 18.3.6 for com.android.camera
07-13 08:47:18.176 D/C2MtkBufferManager( 1041): over 5000ms not request from VCodec but callback hooked, slow BM Cc fetch thread
07-13 08:47:18.197 D/C2MtkBufferManager( 1041): over 5000ms not request from VCodec but callback hooked, slow BM Cc fetch thread
07-13 08:47:18.204 D/TrafficManageService( 5491): onReceive: intent.action = com.android.server.action.NETWORK_STATS_UPDATED
07-13 08:47:18.208 D/TrafficManageService-TrafficSimManager( 5491): notifyByNetChange: gooooo
07-13 08:47:18.218 D/C2MtkBufferManager( 1041): over 5000ms not request from VCodec but callback hooked, slow BM Cc fetch thread
07-13 08:47:18.223 D/TrafficManageService-TrafficSimManager( 5491): getMonthDataUsageUsed: new_get = 59797314440
07-13 08:47:18.234 I/MI_Algo_JNI(30893): init: open /vendor/lib64/libmialgoengine.so with handle: 0xb146fc3c8a80fb15
07-13 08:47:18.235 I/MI_Algo_JNI(30893): init: open function pointer: 0x7ca76f0870
07-13 08:47:18.235 I/MI_Algo_JNI(30893): init: mCAI = 0x7ca76fea20
07-13 08:47:18.236 I/MI_Algo_JNI(30893): init: calFilePath = /data/user/0/com.android.camera/files
07-13 08:47:18.236 D/MiaInterface(30893): miainterface.cpp:31 MIAInit():E
07-13 08:47:18.236 W/libc    (30893): Access denied finding property "persist.vendor.camera.miaintf.loglevel"
07-13 08:47:18.236 I/MiaInterface(30893): mipostprocserviceintf.cpp:39 init():E
07-13 08:47:18.236 I/MiaInterface(30893): mipostprocserviceintf.cpp:52 init():get bokeh calFilePath: /data/user/0/com.android.camera/files
07-13 08:47:18.238 D/C2MtkBufferManager( 1041): over 5000ms not request from VCodec but callback hooked, slow BM Cc fetch thread
07-13 08:47:18.241 D/nativeloader(30893): Load /product/priv-app/MiuiCamera/MiuiCamera.apk!/lib/arm64-v8a/libcrashlytics.so using class loader ns product-clns-5 (caller=/product/priv-app/MiuiCamera/MiuiCamera.apk!classes3.dex): ok
07-13 08:47:18.256 D/MediaCodec(19459): [mId: 2] audio-debug Stats over last 5004ms:
07-13 08:47:18.257 D/MediaCodec(19459): [mId: 2] audio-debug Qinput: 0, DQinput: 0 success out of 5 tries
07-13 08:47:18.257 D/MediaCodec(19459): [mId: 2] audio-debug Render: 0, Drop: 0, DQoutput: 0 success out of 0 tries
07-13 08:47:18.258 I/MiaInterface(30893): mipostprocserviceintf.cpp:87 init():Initialize end
07-13 08:47:18.259 D/C2MtkBufferManager( 1041): over 5000ms not request from VCodec but callback hooked, slow BM Cc fetch thread
07-13 08:47:18.259 D/MiCameraAlgo(30893): init: succeed
07-13 08:47:18.259 D/MiCameraAlgo(30893): init: X
07-13 08:47:18.260 I/CAM_PerformanceManager(30893): [P_PERFORM]: Action: initMiviEngine_163_0 takes 138 ms
07-13 08:47:18.279 D/C2MtkBufferManager( 1041): over 5000ms not request from VCodec but callback hooked, slow BM Cc fetch thread
07-13 08:47:18.294 I/ClipboardServiceI( 1813): checkProviderWakePathForClipboard: primaryClip is null
07-13 08:47:18.297 I/FirebaseInitProvider(30893): FirebaseApp initialization successful
07-13 08:47:18.300 D/C2MtkBufferManager( 1041): over 5000ms not request from VCodec but callback hooked, slow BM Cc fetch thread
07-13 08:47:18.301 D/libcrashlytics(30893): Initializing libcrashlytics version 3.2.0
07-13 08:47:18.317 D/CAM_CameraUtil(30893): boostAdj: [600, 0]
07-13 08:47:18.318 D/CAM_BoostFrameworkImpl(30893): startBoost: duration = 300, scene = 6
07-13 08:47:18.318 D/CAM_BoostFrameworkImpl(30893): ready to boost
07-13 08:47:18.319 I/mtkpower_client(30893): perf_lock_acq, hdl:244700, dur:300, num:8, pid:30893, tid:30893
07-13 08:47:18.315 W/mtkPowerService( 1059): type=1400 audit(0.0:606788): avc:  denied  { getattr } for  path="/proc/30893" dev="proc" ino=123302528 scontext=u:r:mtk_hal_power:s0 tcontext=u:r:platform_app:s0:c512,c768 tclass=dir permissive=0
07-13 08:47:18.320 W/ServiceManagerCppClient(30893): Failed to get isDeclared for vendor.mediatek.hardware.mtkpower.IMtkPowerService/default: Status(-1, EX_SECURITY): 'SELinux denied.'
07-13 08:47:18.320 I/mtkpower_client(30893): IMtkPowerService_isDeclared 0
07-13 08:47:18.320 E/libPowerHal( 1059): Could not open '/proc/30893/comm'
07-13 08:47:18.320 D/C2MtkBufferManager( 1041): over 5000ms not request from VCodec but callback hooked, slow BM Cc fetch thread
07-13 08:47:18.320 I/mtkpower_client(30893): ret_hdl:244701
07-13 08:47:18.321 I/libPowerHal( 1059): [perfLockAcq] idx:3 hdl:244701 hint:-1 pid:30893 duration:300 lock_user: => ret_hdl:244701
07-13 08:47:18.321 I/libPowerHal( 1059): [setGPUFreq]  user set gpu freq min:0, max:-1
07-13 08:47:18.321 I/libPowerHal( 1059): : set gpu opp level: 0
07-13 08:47:18.321 D/ProcessManager( 1813): camera adj boost com.android.camera to adj 600 0S
07-13 08:47:18.322 I/CameraOpt_CameraAdapter( 1813): process:com.android.camera is already boosted! forceUpdate : true
07-13 08:47:18.323 I/libPowerHal( 1059): : set gpu opp level max: 0
07-13 08:47:18.323 I/libPowerHal( 1059): [setGPUFreq] Soft min/max = (0, 0); Hard min/max = (31, 0)
07-13 08:47:18.315 W/mtkPowerService( 1059): type=1400 audit(0.0:606789): avc:  denied  { search } for  name="30893" dev="proc" ino=123302528 scontext=u:r:mtk_hal_power:s0 tcontext=u:r:platform_app:s0:c512,c768 tclass=dir permissive=0
07-13 08:47:18.323 I/libPowerHal( 1059): [setGPUFreq] final min/max = (0, 0)
07-13 08:47:18.325 I/libPowerHal( 1059): : set gpu opp level: 0
07-13 08:47:18.325 I/libPowerHal( 1059): : set gpu opp level max: 0
07-13 08:47:18.325 I/libPowerHal( 1059): : cpu_ctrl set cpu freq: 1800000 -1 2000000 -1
07-13 08:47:18.326 I/libPowerHal( 1059): [PE]  update cmd:1000000, param:0
07-13 08:47:18.327 I/libPowerHal( 1059): [PE]  update cmd:1000000 param:0
07-13 08:47:18.328 V/CAM_Display(30893): StatusBarHeight=68
07-13 08:47:18.329 D/DisplayRectFactory(30893): create display rect : 16:9, parameter : appBoundWidth:720,appBoundHeight:1600,isNotchDevice:true,statusBarHeight:68,displayMode:0
07-13 08:47:18.329 I/CAM_Display(30893): appBoundSize=720x1600 windowSize=720x1600 density=2.0000 ori=false mw=false sl=false nd=true cp=DisplayAdapter{mKey='null,DisplayMode='0'}
07-13 08:47:18.331 D/libcrashlytics(30893): Initializing native crash handling successful.
07-13 08:47:18.341 D/C2MtkBufferManager( 1041): over 5000ms not request from VCodec but callback hooked, slow BM Cc fetch thread
07-13 08:47:18.345 W/System.err(30893): java.lang.NoSuchFieldException: No field THEME_NAME in class Lcom/android/camera/d0; (declaration of 'com.android.camera.d0' appears in /product/priv-app/MiuiCamera/MiuiCamera.apk)
07-13 08:47:18.345 W/System.err(30893): 	at java.lang.Class.getDeclaredField(Native Method)
07-13 08:47:18.345 W/System.err(30893): 	at com.android.camera2.compat.theme.MiThemeCompat.getImpl(SourceFile:5)
07-13 08:47:18.345 W/System.err(30893): 	at com.android.camera2.compat.theme.MiThemeCompat.<clinit>(SourceFile:0)
07-13 08:47:18.345 W/System.err(30893): 	at com.android.camera.k.a(SourceFile:14)
07-13 08:47:18.345 W/System.err(30893): 	at com.android.camera.CameraAppImpl.onCreate(SourceFile:63)
07-13 08:47:18.345 W/System.err(30893): 	at android.app.Instrumentation.callApplicationOnCreate(Instrumentation.java:1325)
07-13 08:47:18.345 W/System.err(30893): 	at android.app.ActivityThread.handleBindApplication(ActivityThread.java:7440)
07-13 08:47:18.345 W/System.err(30893): 	at android.app.ActivityThread.-$$Nest$mhandleBindApplication(ActivityThread.java:0)
07-13 08:47:18.345 W/System.err(30893): 	at android.app.ActivityThread$H.handleMessage(ActivityThread.java:2405)
07-13 08:47:18.345 W/System.err(30893): 	at android.os.Handler.dispatchMessage(Handler.java:106)
07-13 08:47:18.345 W/System.err(30893): 	at android.os.Looper.loopOnce(Looper.java:222)
07-13 08:47:18.345 W/System.err(30893): 	at android.os.Looper.loop(Looper.java:314)
07-13 08:47:18.345 W/System.err(30893): 	at android.app.ActivityThread.main(ActivityThread.java:8671)
07-13 08:47:18.345 W/System.err(30893): 	at java.lang.reflect.Method.invoke(Native Method)
07-13 08:47:18.346 W/System.err(30893): 	at com.android.internal.os.RuntimeInit$MethodAndArgsCaller.run(RuntimeInit.java:565)
07-13 08:47:18.346 W/System.err(30893): 	at com.android.internal.os.ZygoteInit.main(ZygoteInit.java:1081)
07-13 08:47:18.346 D/CAM_ApplicationInit(30893): <application init> consume time:24
07-13 08:47:18.348 D/CAM_CameraAppImpl(30893): Track init start
07-13 08:47:18.355 D/CompatibilityChangeReporter( 1813): Compat change id reported: 161145287; UID 10168; state: DISABLED
07-13 08:47:18.356 D/OT-PubSub-Sdk(30893): updateDebugSwitch sEnable: false sDebugMode：false sDebugProperty：false
07-13 08:47:18.357 D/CAM_CameraAppImpl(30893): markAllDepartedTask>>com.android.camera_30893
07-13 08:47:18.358 D/OT-PubSub-Sdk(30893): updateDebugSwitch sEnable: false sDebugMode：false sDebugProperty：false
07-13 08:47:18.358 D/OT-PubSub-Sdk(30893): log on: false, quick upload on: false
07-13 08:47:18.358 D/BroadcastExecutor(30893): initIfNeeded : 1252
07-13 08:47:18.361 D/C2MtkBufferManager( 1041): over 5000ms not request from VCodec but callback hooked, slow BM Cc fetch thread
07-13 08:47:18.364 D/CAM_CameraAppImpl(30893): markAllDepartedTask<<
07-13 08:47:18.364 I/CAM_CameraAppImpl(30893): [K_PROCESS]: load +
07-13 08:47:18.365 I/CAM_PerformanceManager(30893): [P_PERFORM]: Action: feature load_163_0 takes 1 ms
07-13 08:47:18.366 I/CAM_CameraAppImpl(30893): [K_PROCESS]: load -
07-13 08:47:18.366 D/AutoDensity(30893): autodensity debugEnable = 
07-13 08:47:18.367 D/PackageManager( 1813): set app component=ComponentInfo{com.android.camera/com.android.camera2.compat.theme.custom.cv.widget.CameraFiltersWidgetProvider} enabled state: 2 from com.android.camera,uid=10168,pid=30893
07-13 08:47:18.367 D/PackageManager( 1813): set app component=ComponentInfo{com.android.camera/com.android.camera2.compat.theme.custom.cv.widget.CameraLensWidgetProvider} enabled state: 2 from com.android.camera,uid=10168,pid=30893
07-13 08:47:18.368 D/PackageManager( 1813): set app component=ComponentInfo{com.android.camera/com.android.camera2.compat.theme.custom.cv.widget.CameraLens2WidgetProvider} enabled state: 2 from com.android.camera,uid=10168,pid=30893
07-13 08:47:18.368 D/CAM_CameraAppImpl(30893): disable document mode
07-13 08:47:18.368 D/PackageManager( 1813): set app component=ComponentInfo{com.android.camera/com.android.camera.DocumentTileService} enabled state: 2 from com.android.camera,uid=10168,pid=30893
07-13 08:47:18.376 D/CAM_BoostFrameworkImpl(30893): stopBoost
07-13 08:47:18.377 D/CAM_BoostFrameworkImpl(30893): ready to stop boost
07-13 08:47:18.377 I/mtkpower_client(30893): perf_lock_rel, hdl:244701, tid:30893
07-13 08:47:18.378 W/ServiceManagerCppClient(30893): Failed to get isDeclared for vendor.mediatek.hardware.mtkpower.IMtkPowerService/default: Status(-1, EX_SECURITY): 'SELinux denied.'
07-13 08:47:18.378 I/mtkpower_client(30893): IMtkPowerService_isDeclared 0
07-13 08:47:18.378 D/CAM_CameraAppImpl(30893): onCreate: cost = 61
07-13 08:47:18.379 I/libPowerHal( 1059): [perfLockRel] hdl:244701, idx:3
07-13 08:47:18.380 I/libPowerHal( 1059): : cpu_ctrl set cpu freq: -1 -1 -1 -1
07-13 08:47:18.381 I/libPowerHal( 1059): [unsetGPUFreq] current min:0, max:0; scn_gpu_min:0, scn_gpu_max:-1; scn_gpu_min(HL):-1, scn_gpu_max(HL):-1
07-13 08:47:18.381 I/libPowerHal( 1059): : set gpu opp level: 31
07-13 08:47:18.381 I/libPowerHal( 1059): : set gpu opp level max: 0
07-13 08:47:18.381 I/libPowerHal( 1059): [setGPUFreq] Soft min/max = (31, 0); Hard min/max = (31, 0)
07-13 08:47:18.381 I/ActivityManager( 1813): Flag disabled. Ignoring finishAttachApplication from uid: 10168. pid: 30893
07-13 08:47:18.381 I/libPowerHal( 1059): [setGPUFreq] final min/max = (31, 0)
07-13 08:47:18.381 D/C2MtkBufferManager( 1041): over 5000ms not request from VCodec but callback hooked, slow BM Cc fetch thread
07-13 08:47:18.381 I/libPowerHal( 1059): : set gpu opp level: 31
07-13 08:47:18.382 I/libPowerHal( 1059): : set gpu opp level max: 0
07-13 08:47:18.382 I/libPowerHal( 1059): [PD]  update cmd:1000000, param:1
07-13 08:47:18.383 I/libPowerHal( 1059): [PD]  update cmd:1000000 param:1
07-13 08:47:18.383 V/CAM_CameraAppImpl(30893): delete inner task
07-13 08:47:18.400 I/libPerfCtl( 1059): xgfGetFPS pid:1813 fps:-1
07-13 08:47:18.400 I/libPerfCtl( 1059): xgfGetFPS pid:2459 fps:-1
07-13 08:47:18.402 D/C2MtkBufferManager( 1041): over 5000ms not request from VCodec but callback hooked, slow BM Cc fetch thread
07-13 08:47:18.422 D/C2MtkBufferManager( 1041): over 5000ms not request from VCodec but callback hooked, slow BM Cc fetch thread
07-13 08:47:18.442 D/CompatibilityUtils(30893): getSdcardPath: sdcardVolume = null
07-13 08:47:18.442 D/CAM_FileCompat(30893): getExtSDCardPaths: activePath = null
07-13 08:47:18.443 D/C2MtkBufferManager( 1041): over 5000ms not request from VCodec but callback hooked, slow BM Cc fetch thread
07-13 08:47:18.443 D/CompatibilityUtils(30893): getSdcardPath: sdcardVolume = null
07-13 08:47:18.443 D/CAM_FileCompat(30893): getExtSDCardPaths: activePath = null
07-13 08:47:18.448 W/libc    (30893): Access denied finding property "persist.vendor.camera.mibokeh.depth.scale"
07-13 08:47:18.448 D/CAM_MiCamera2(30893): MiCamera2: preload
07-13 08:47:18.454 D/AudioFlinger_Threads( 1117): updateWakeLockUids_l AudioOut_D uids:
07-13 08:47:18.454 D/AudioFlinger_Threads( 1117): updateWakeLockUids_l AudioOut_1D uids:
07-13 08:47:18.455 D/AudioFlinger_Threads( 1117): updateWakeLockUids_l AudioOut_15 uids:
07-13 08:47:18.456 D/AudioFlinger_Threads( 1117): updateWakeLockUids_l AudioOut_25 uids:
07-13 08:47:18.456 D/AudioFlinger_Threads( 1117): PlaybackThread::ioConfigChanged, thread 0xb400007008c05740, event 0
07-13 08:47:18.456 D/AudioFlinger_Threads( 1117): PlaybackThread::ioConfigChanged, thread 0xb400007008b96c40, event 0
07-13 08:47:18.456 D/AudioFlinger_Threads( 1117): PlaybackThread::ioConfigChanged, thread 0xb400007008c74100, event 0
07-13 08:47:18.457 D/AudioFlinger_Threads( 1117): PlaybackThread::ioConfigChanged, thread 0xb4000070385669c0, event 0
07-13 08:47:18.458 D/AudioALSAHardware( 1031): -getParameters(), return ""
07-13 08:47:18.463 W/Settings( 2457): Setting airplane_mode_on has moved from android.provider.Settings.System to android.provider.Settings.Global, returning read-only value.
07-13 08:47:18.463 D/C2MtkBufferManager( 1041): over 5000ms not request from VCodec but callback hooked, slow BM Cc fetch thread
07-13 08:47:18.464 I/CAM_PerformanceManager(30893): [P_PERFORM]: Action: loading_class_163_0 takes 78 ms
07-13 08:47:18.464 D/CAM_CameraAppImpl(30893): LoadClassUseInLaunch<<
