07-13 08:47:09.259 D/C2MtkBufferManager( 1041): over 5000ms not request from VCodec but callback hooked, slow BM Cc fetch thread
07-13 08:47:09.259 D/android.hardware.lights-service.mediatek( 1056): write 91 to /sys/class/leds/lcd-backlight/brightness, result: 0
07-13 08:47:09.259 D/AAL     ( 1359): onBacklightChanged: 101/1023 -> 91/1023(phy:182/4095)
07-13 08:47:09.260 I/CameraLatencyHistogram( 1239): Stream 0 dequeueBuffer latency histogram (52) samples:
07-13 08:47:09.260 I/CameraLatencyHistogram( 1239):         5     10     15     20     25     30     35     40     45    inf (max ms)
07-13 08:47:09.260 I/CameraLatencyHistogram( 1239):      96.15   1.92   1.92   0.00   0.00   0.00   0.00   0.00   0.00   0.00 (%)
07-13 08:47:09.260 I/Camera3-Device( 1239): disconnectImpl: X
07-13 08:47:09.261 D/android.hardware.lights-service.mediatek( 1056): B set_light_backlight, brightness=59, state->color=0x3b
07-13 08:47:09.261 D/android.hardware.lights-service.mediatek( 1056): write 59 to /sys/class/leds/lcd-backlight/brightness
07-13 08:47:09.261 D/android.hardware.lights-service.mediatek( 1056): write 59 to /sys/class/leds/lcd-backlight/brightness, result: 0
07-13 08:47:09.262 D/android.hardware.lights-service.mediatek( 1056): B set_light_backlight, brightness=43, state->color=0x2b
07-13 08:47:09.262 D/android.hardware.lights-service.mediatek( 1056): write 43 to /sys/class/leds/lcd-backlight/brightness
07-13 08:47:09.262 D/AAL     ( 1359): LABC: LABC after setTarget isSmoothBacklight=1 
07-13 08:47:09.263 D/android.hardware.lights-service.mediatek( 1056): write 43 to /sys/class/leds/lcd-backlight/brightness, result: 0
07-13 08:47:09.270 D/AAL     ( 1359): onBacklightChanged: 91/1023 -> 43/1023(phy:86/4095)
07-13 08:47:09.270 D/AAL     ( 1359): LABC: LABC after setTarget isSmoothBacklight=1 
07-13 08:47:09.272 D/android.hardware.lights-service.mediatek( 1056): B set_light_backlight, brightness=27, state->color=0x1b
07-13 08:47:09.272 D/android.hardware.lights-service.mediatek( 1056): write 27 to /sys/class/leds/lcd-backlight/brightness
07-13 08:47:09.272 D/android.hardware.lights-service.mediatek( 1056): write 27 to /sys/class/leds/lcd-backlight/brightness, result: 0
07-13 08:47:09.276 I/CameraService( 1239): disconnect: Disconnected client for camera 1 for PID 4120
07-13 08:47:09.277 V/CameraStub( 1239): setNfcPolling:125
07-13 08:47:09.277 V/CameraStub( 1239): notifyCameraStatus:278
07-13 08:47:09.278 W/VibratorManagerServiceImpl( 1813): onCameraAvailable with id1
07-13 08:47:09.278 W/VibratorManagerServiceImpl( 1813): remove from mCameraUnAvailableSet
07-13 08:47:09.279 D/C2MtkBufferManager( 1041): over 5000ms not request from VCodec but callback hooked, slow BM Cc fetch thread
07-13 08:47:09.280 D/cameraserver( 1239): FGS Logger Transaction failed
07-13 08:47:09.280 D/cameraserver( 1239): -129
07-13 08:47:09.280 W/BpBinder( 4120): Slow Binder: BpBinder transact took 429 ms, interface=android.hardware.camera2.ICameraDeviceUser, code=1 oneway=false
07-13 08:47:09.280 D/CameraDevice-JV-1( 4120): close: X
07-13 08:47:09.280 I/miui.face.transplant( 4120): Camera2Util, close camera
07-13 08:47:09.281 D/AAL     ( 1359): onBacklightChanged: 43/1023 -> 27/1023(phy:54/4095)
07-13 08:47:09.282 D/AAL     ( 1359): LABC: LABC after setTarget isSmoothBacklight=1 
07-13 08:47:09.283 W/com.miui.face( 4120): Long monitor contention with owner auth_worker (4226) at void android.hardware.camera2.impl.CameraDeviceImpl.close()(CameraDeviceImpl.java:1523) waiters=0 in void android.hardware.camera2.impl.CameraDeviceImpl.onDeviceError(int, android.hardware.camera2.impl.CaptureResultExtras) for 361ms
07-13 08:47:09.283 D/android.hardware.lights-service.mediatek( 1056): B set_light_backlight, brightness=11, state->color=0xb
07-13 08:47:09.283 D/android.hardware.lights-service.mediatek( 1056): write 11 to /sys/class/leds/lcd-backlight/brightness
07-13 08:47:09.284 D/android.hardware.lights-service.mediatek( 1056): write 11 to /sys/class/leds/lcd-backlight/brightness, result: 0
07-13 08:47:09.284 W/com.miui.face( 4120): PerfMonitor async binderTransact :  time=365ms interface=android.hardware.camera2.ICameraDeviceCallbacks code=1
07-13 08:47:09.284 I/miui.face.transplant( 4120): CameraDevice onClosed
07-13 08:47:09.284 W/CameraDevice-JV-1( 4120): Device error received, code 3, frame number 49, request ID 0, subseq ID 0
07-13 08:47:09.284 W/CameraDevice-JV-1( 4120): Device error received, code 3, frame number 50, request ID 0, subseq ID 0
07-13 08:47:09.284 W/CameraDevice-JV-1( 4120): Device error received, code 3, frame number 51, request ID 0, subseq ID 0
07-13 08:47:09.292 D/AAL     ( 1359): onBacklightChanged: 27/1023 -> 11/1023(phy:22/4095)
07-13 08:47:09.292 D/AAL     ( 1359): LABC: LABC after setTarget isSmoothBacklight=1 
07-13 08:47:09.300 D/C2MtkBufferManager( 1041): over 5000ms not request from VCodec but callback hooked, slow BM Cc fetch thread
07-13 08:47:09.302 D/android.hardware.lights-service.mediatek( 1056): B set_light_backlight, brightness=8, state->color=0x8
07-13 08:47:09.303 D/android.hardware.lights-service.mediatek( 1056): write 8 to /sys/class/leds/lcd-backlight/brightness
07-13 08:47:09.303 D/android.hardware.lights-service.mediatek( 1056): write 8 to /sys/class/leds/lcd-backlight/brightness, result: 0
07-13 08:47:09.303 D/AAL     ( 1359): onBacklightChanged: 11/1023 -> 8/1023(phy:16/4095)
07-13 08:47:09.304 D/AAL     ( 1359): LABC: LABC after setTarget isSmoothBacklight=1 
07-13 08:47:09.304 D/AAL     ( 1359): 07-13 08:47:09.264 BL= 100,ESS= 256, 07-13 08:47:09.271 BL=  43,ESS= 256, 07-13 08:47:09.282 BL=  27,ESS= 256, 07-13 08:47:09.293 BL=  11,ESS= 256, 07-13 08:47:09.304 BL=   8,ESS= 256, 
07-13 08:47:09.320 D/C2MtkBufferManager( 1041): over 5000ms not request from VCodec but callback hooked, slow BM Cc fetch thread
07-13 08:47:09.341 D/C2MtkBufferManager( 1041): over 5000ms not request from VCodec but callback hooked, slow BM Cc fetch thread
07-13 08:47:09.361 D/C2MtkBufferManager( 1041): over 5000ms not request from VCodec but callback hooked, slow BM Cc fetch thread
07-13 08:47:09.381 D/C2MtkBufferManager( 1041): over 5000ms not request from VCodec but callback hooked, slow BM Cc fetch thread
07-13 08:47:09.399 I/libPerfCtl( 1059): xgfGetFPS pid:2459 fps:-1
07-13 08:47:09.399 I/libPerfCtl( 1059): xgfGetFPS pid:2470 fps:-1
07-13 08:47:09.399 I/libPerfCtl( 1059): xgfGetFPS pid:27937 fps:-1
07-13 08:47:09.402 D/C2MtkBufferManager( 1041): over 5000ms not request from VCodec but callback hooked, slow BM Cc fetch thread
07-13 08:47:09.422 D/C2MtkBufferManager( 1041): over 5000ms not request from VCodec but callback hooked, slow BM Cc fetch thread
07-13 08:47:09.437 W/CameraService_proxy( 1813): Unknown extension type: -1
07-13 08:47:09.443 D/C2MtkBufferManager( 1041): over 5000ms not request from VCodec but callback hooked, slow BM Cc fetch thread
07-13 08:47:09.463 D/C2MtkBufferManager( 1041): over 5000ms not request from VCodec but callback hooked, slow BM Cc fetch thread
07-13 08:47:09.483 D/C2MtkBufferManager( 1041): over 5000ms not request from VCodec but callback hooked, slow BM Cc fetch thread
07-13 08:47:09.504 D/C2MtkBufferManager( 1041): over 5000ms not request from VCodec but callback hooked, slow BM Cc fetch thread
07-13 08:47:09.524 D/C2MtkBufferManager( 1041): over 5000ms not request from VCodec but callback hooked, slow BM Cc fetch thread
07-13 08:47:09.533 W/libc    (30705): Access denied finding property "ro.vendor.audio.dolby.dax3_3point8"
07-13 08:47:09.527 W/app_process(30705): type=1400 audit(0.0:606773): avc:  denied  { read } for  name="u:object_r:vendor_misound_ro_prop:s0" dev="tmpfs" ino=8564 scontext=u:r:shell:s0 tcontext=u:object_r:vendor_misound_ro_prop:s0 tclass=file permissive=0
07-13 08:47:09.535 D/AndroidRuntime(30705): >>>>>> START com.android.internal.os.RuntimeInit uid 2000 <<<<<<
07-13 08:47:09.545 D/C2MtkBufferManager( 1041): over 5000ms not request from VCodec but callback hooked, slow BM Cc fetch thread
07-13 08:47:09.565 D/C2MtkBufferManager( 1041): over 5000ms not request from VCodec but callback hooked, slow BM Cc fetch thread
07-13 08:47:09.580 I/AndroidRuntime(30705): Using default boot image
07-13 08:47:09.580 I/AndroidRuntime(30705): Leaving lock profiling enabled
07-13 08:47:09.585 D/C2MtkBufferManager( 1041): over 5000ms not request from VCodec but callback hooked, slow BM Cc fetch thread
07-13 08:47:09.591 I/app_process(30705): Using generational CollectorTypeCC GC.
07-13 08:47:09.606 D/C2MtkBufferManager( 1041): over 5000ms not request from VCodec but callback hooked, slow BM Cc fetch thread
07-13 08:47:09.624 D/ActivityManager( 1813): getProcessesInErrorState callingUid=10288, CallingPid=19459
07-13 08:47:09.626 D/ActivityManager( 1813): getProcessesInErrorState callingUid=10279, CallingPid=443
07-13 08:47:09.626 D/C2MtkBufferManager( 1041): over 5000ms not request from VCodec but callback hooked, slow BM Cc fetch thread
07-13 08:47:09.646 D/C2MtkBufferManager( 1041): over 5000ms not request from VCodec but callback hooked, slow BM Cc fetch thread
07-13 08:47:09.667 D/C2MtkBufferManager( 1041): over 5000ms not request from VCodec but callback hooked, slow BM Cc fetch thread
07-13 08:47:09.687 D/C2MtkBufferManager( 1041): over 5000ms not request from VCodec but callback hooked, slow BM Cc fetch thread
07-13 08:47:09.708 D/C2MtkBufferManager( 1041): over 5000ms not request from VCodec but callback hooked, slow BM Cc fetch thread
07-13 08:47:09.728 D/C2MtkBufferManager( 1041): over 5000ms not request from VCodec but callback hooked, slow BM Cc fetch thread
07-13 08:47:09.749 D/C2MtkBufferManager( 1041): over 5000ms not request from VCodec but callback hooked, slow BM Cc fetch thread
07-13 08:47:09.769 D/C2MtkBufferManager( 1041): over 5000ms not request from VCodec but callback hooked, slow BM Cc fetch thread
07-13 08:47:09.790 D/C2MtkBufferManager( 1041): over 5000ms not request from VCodec but callback hooked, slow BM Cc fetch thread
07-13 08:47:09.811 D/C2MtkBufferManager( 1041): over 5000ms not request from VCodec but callback hooked, slow BM Cc fetch thread
07-13 08:47:09.832 D/C2MtkBufferManager( 1041): over 5000ms not request from VCodec but callback hooked, slow BM Cc fetch thread
07-13 08:47:09.834 W/Looper  ( 1813): PerfMonitor longMsg : seq=4494140 plan=08:47:06.937 late=1356ms wall=1540ms h=android.os.Handler c=android.app.LoadedApk$ReceiverDispatcher$Args$$ExternalSyntheticLambda0 procState=-1
07-13 08:47:09.845 E/msys    (28813): E[N mns:DGWClient]_LogError(280)=>Failed to resolve using system DNS resolver, getaddrinfo(): No address associated with hostname
07-13 08:47:09.852 D/C2MtkBufferManager( 1041): over 5000ms not request from VCodec but callback hooked, slow BM Cc fetch thread
07-13 08:47:09.873 D/C2MtkBufferManager( 1041): over 5000ms not request from VCodec but callback hooked, slow BM Cc fetch thread
07-13 08:47:09.882 I/mtkpower@impl( 1059): [powerd_req] TIMER_MSG_PERF_LOCK_TIMEOUT hdl:244691
07-13 08:47:09.882 I/libPowerHal( 1059): [perfLockRel] hdl:244691, idx:3
07-13 08:47:09.882 I/libPowerHal( 1059): camerahalserver: cpu_ctrl set cpu freq: -1 -1 -1 -1
07-13 08:47:09.883 I/libPowerHal( 1059): camerahalserver: cpu_ctrl set cpu core: -1 -1 -1 -1
07-13 08:47:09.883 I/libPowerHal( 1059): [PD] camerahalserver update cmd:1000000, param:-1
07-13 08:47:09.883 I/libPowerHal( 1059): [PD] camerahalserver update cmd:1000000 param:-1
07-13 08:47:09.893 D/C2MtkBufferManager( 1041): over 5000ms not request from VCodec but callback hooked, slow BM Cc fetch thread
07-13 08:47:09.914 D/C2MtkBufferManager( 1041): over 5000ms not request from VCodec but callback hooked, slow BM Cc fetch thread
07-13 08:47:09.918 D/nativeloader(30705): InitDefaultPublicLibraries for_preload=1: libandroid.so:libaaudio.so:libamidi.so:libbinder_ndk.so:libc.so:libcamera2ndk.so:libdl.so:libEGL.so:libGLESv1_CM.so:libGLESv2.so:libGLESv3.so:libicu.so:libicui18n.so:libicuuc.so:libjnigraphics.so:liblog.so:libmediandk.so:libm.so:libnativehelper.so:libnativewindow.so:libOpenMAXAL.so:libOpenSLES.so:libRS.so:libstdc++.so:libsync.so:libvulkan.so:libwebviewchromium_plat_support.so:libz.so
07-13 08:47:09.934 D/C2MtkBufferManager( 1041): over 5000ms not request from VCodec but callback hooked, slow BM Cc fetch thread
07-13 08:47:09.939 W/CameraService_proxy( 1813): Unknown extension type: -1
07-13 08:47:09.955 D/C2MtkBufferManager( 1041): over 5000ms not request from VCodec but callback hooked, slow BM Cc fetch thread
07-13 08:47:09.976 D/C2MtkBufferManager( 1041): over 5000ms not request from VCodec but callback hooked, slow BM Cc fetch thread
07-13 08:47:09.996 D/C2MtkBufferManager( 1041): over 5000ms not request from VCodec but callback hooked, slow BM Cc fetch thread
07-13 08:47:10.004 D/nativeloader(30705): Load libicu_jni.so using APEX ns com_android_art for caller /apex/com.android.art/javalib/core-oj.jar: ok
07-13 08:47:10.014 D/app_process(30705): Time zone APEX ICU file found: /apex/com.android.tzdata/etc/icu/icu_tzdata.dat
07-13 08:47:10.017 D/C2MtkBufferManager( 1041): over 5000ms not request from VCodec but callback hooked, slow BM Cc fetch thread
07-13 08:47:10.018 D/app_process(30705): I18n APEX ICU file found: /apex/com.android.i18n/etc/icu/icudt72l.dat
07-13 08:47:10.037 D/C2MtkBufferManager( 1041): over 5000ms not request from VCodec but callback hooked, slow BM Cc fetch thread
07-13 08:47:10.041 D/nativeloader(30705): Load libjavacore.so using APEX ns com_android_art for caller /apex/com.android.art/javalib/core-oj.jar: ok
07-13 08:47:10.052 D/nativeloader(30705): Load libopenjdk.so using APEX ns com_android_art for caller /apex/com.android.art/javalib/core-oj.jar: ok
07-13 08:47:10.054 D/connsyslogger( 1516): SD_LOG_ROOT is /data/debuglogger/connsyslog/fw.
07-13 08:47:10.055 D/connsyslogger( 1516): systemReady:1
07-13 08:47:10.058 D/C2MtkBufferManager( 1041): over 5000ms not request from VCodec but callback hooked, slow BM Cc fetch thread
07-13 08:47:10.062 I/app_process(30705): Priority-to-niceness mapping: 19, 16, 13, 10, 0, -2, -4, -5, -6, -8
07-13 08:47:10.064 I/ExtendedUtils( 1059): [timer_thread_start] epoll wait thread while start
07-13 08:47:10.064 I/ExtendedPerfBoost( 1059): [restore_callback_expires] thermalbreak callback
07-13 08:47:10.064 I/ExtendedPerfBoost( 1059): [triggerList_update] del one node to freelist
07-13 08:47:10.064 I/ExtendedPerfBoost( 1059): [triggerList_update] now trigger boost:0  info
07-13 08:47:10.064 I/ExtendedPerfBoost( 1059): [trig_thermalbreak] curr target time is same last target time
07-13 08:47:10.064 I/ExtendedPerfBoost( 1059): [setThermalBreak] [setThermalBreak] : boost:0
07-13 08:47:10.078 D/C2MtkBufferManager( 1041): over 5000ms not request from VCodec but callback hooked, slow BM Cc fetch thread
07-13 08:47:10.099 D/C2MtkBufferManager( 1041): over 5000ms not request from VCodec but callback hooked, slow BM Cc fetch thread
07-13 08:47:10.119 D/C2MtkBufferManager( 1041): over 5000ms not request from VCodec but callback hooked, slow BM Cc fetch thread
07-13 08:47:10.125 D/ActivityManager( 1813): getProcessesInErrorState callingUid=10288, CallingPid=19459
07-13 08:47:10.127 D/ActivityManager( 1813): getProcessesInErrorState callingUid=10279, CallingPid=443
07-13 08:47:10.140 D/C2MtkBufferManager( 1041): over 5000ms not request from VCodec but callback hooked, slow BM Cc fetch thread
07-13 08:47:10.140 W/CameraService_proxy( 1813): Unknown extension type: -1
07-13 08:47:10.161 D/SurfaceFlinger( 1133): MtkOverrideDuration: update vsync 60
07-13 08:47:10.161 D/C2MtkBufferManager( 1041): over 5000ms not request from VCodec but callback hooked, slow BM Cc fetch thread
07-13 08:47:10.161 E/SurfaceFlinger( 1133): MtkDuration override mode is disabled
07-13 08:47:10.161 D/SurfaceFlinger( 1133): MtkOverrideDuration: reset override duration
07-13 08:47:10.168 I/hwcomposer( 1039): [HWC] (0) displaySetActiveConfig config:0  
07-13 08:47:10.173 I/hwcomposer( 1039): [HWCDisplay] [Display_0 (type:1)] fps:0.783174,dur:1276.86,max:1276.86,min:1276.86  
07-13 08:47:10.181 D/C2MtkBufferManager( 1041): over 5000ms not request from VCodec but callback hooked, slow BM Cc fetch thread
07-13 08:47:10.202 D/C2MtkBufferManager( 1041): over 5000ms not request from VCodec but callback hooked, slow BM Cc fetch thread
07-13 08:47:10.222 D/C2MtkBufferManager( 1041): over 5000ms not request from VCodec but callback hooked, slow BM Cc fetch thread
07-13 08:47:10.243 D/C2MtkBufferManager( 1041): over 5000ms not request from VCodec but callback hooked, slow BM Cc fetch thread
07-13 08:47:10.263 D/C2MtkBufferManager( 1041): over 5000ms not request from VCodec but callback hooked, slow BM Cc fetch thread
07-13 08:47:10.265 D/Launcher.Model( 2470): LauncherAppsCallback onPackageChanged|com.facebook.appmanager|UserHandle{0}
07-13 08:47:10.272 D/Launcher.Model( 2470): Got broadcast:Intent { act=android.intent.action.PACKAGE_CHANGED dat=package: (has extras) }
07-13 08:47:10.284 D/C2MtkBufferManager( 1041): over 5000ms not request from VCodec but callback hooked, slow BM Cc fetch thread
07-13 08:47:10.285 D/Launcher.AllAppsList( 2470): updatePackage, packageName=com.facebook.appmanager, loadMissing=false, user=UserHandle{0}, matchedSize=0
07-13 08:47:10.294 D/Launcher.Model( 2470): onReceiveBackground, mAllAppsList=add=[], remove=[], modified=[]
07-13 08:47:10.304 D/C2MtkBufferManager( 1041): over 5000ms not request from VCodec but callback hooked, slow BM Cc fetch thread
07-13 08:47:10.325 D/C2MtkBufferManager( 1041): over 5000ms not request from VCodec but callback hooked, slow BM Cc fetch thread
07-13 08:47:10.332 W/libc    (30705): Access denied finding property "ro.product.name_for_attestation"
07-13 08:47:10.327 W/main    (30705): type=1400 audit(0.0:606774): avc:  denied  { read } for  name="u:object_r:build_attestation_prop:s0" dev="tmpfs" ino=118 scontext=u:r:shell:s0 tcontext=u:object_r:build_attestation_prop:s0 tclass=file permissive=0
07-13 08:47:10.333 W/libc    (30705): Access denied finding property "ro.product.device_for_attestation"
07-13 08:47:10.327 W/main    (30705): type=1400 audit(0.0:606775): avc:  denied  { read } for  name="u:object_r:build_attestation_prop:s0" dev="tmpfs" ino=118 scontext=u:r:shell:s0 tcontext=u:object_r:build_attestation_prop:s0 tclass=file permissive=0
07-13 08:47:10.333 W/libc    (30705): Access denied finding property "ro.product.manufacturer_for_attestation"
07-13 08:47:10.327 W/main    (30705): type=1400 audit(0.0:606776): avc:  denied  { read } for  name="u:object_r:build_attestation_prop:s0" dev="tmpfs" ino=118 scontext=u:r:shell:s0 tcontext=u:object_r:build_attestation_prop:s0 tclass=file permissive=0
07-13 08:47:10.333 W/libc    (30705): Access denied finding property "ro.product.brand_for_attestation"
07-13 08:47:10.327 W/main    (30705): type=1400 audit(0.0:606777): avc:  denied  { read } for  name="u:object_r:build_attestation_prop:s0" dev="tmpfs" ino=118 scontext=u:r:shell:s0 tcontext=u:object_r:build_attestation_prop:s0 tclass=file permissive=0
07-13 08:47:10.334 W/libc    (30705): Access denied finding property "ro.product.model_for_attestation"
07-13 08:47:10.327 W/main    (30705): type=1400 audit(0.0:606778): avc:  denied  { read } for  name="u:object_r:build_attestation_prop:s0" dev="tmpfs" ino=118 scontext=u:r:shell:s0 tcontext=u:object_r:build_attestation_prop:s0 tclass=file permissive=0
07-13 08:47:10.345 D/C2MtkBufferManager( 1041): over 5000ms not request from VCodec but callback hooked, slow BM Cc fetch thread
07-13 08:47:10.339 W/main    (30705): type=1400 audit(0.0:606779): avc:  denied  { read } for  name="u:object_r:system_mtk_app32_boost_prop:s0" dev="tmpfs" ino=345 scontext=u:r:shell:s0 tcontext=u:object_r:system_mtk_app32_boost_prop:s0 tclass=file permissive=0
07-13 08:47:10.348 W/libc    (30705): Access denied finding property "ro.vendor.mtk.hbt_dyn_type"
07-13 08:47:10.343 W/main    (30705): type=1400 audit(0.0:606780): avc:  denied  { read } for  name="u:object_r:system_mtk_app32_boost_prop:s0" dev="tmpfs" ino=345 scontext=u:r:shell:s0 tcontext=u:object_r:system_mtk_app32_boost_prop:s0 tclass=file permissive=0
07-13 08:47:10.348 W/libc    (30705): Access denied finding property "persist.vendor.mtk.hbt_dyn_type"
07-13 08:47:10.365 D/C2MtkBufferManager( 1041): over 5000ms not request from VCodec but callback hooked, slow BM Cc fetch thread
07-13 08:47:10.386 D/C2MtkBufferManager( 1041): over 5000ms not request from VCodec but callback hooked, slow BM Cc fetch thread
07-13 08:47:10.399 I/libPerfCtl( 1059): xgfGetFPS pid:2459 fps:-1
07-13 08:47:10.399 I/libPerfCtl( 1059): xgfGetFPS pid:2470 fps:-1
07-13 08:47:10.399 I/libPerfCtl( 1059): xgfGetFPS pid:27937 fps:-1
07-13 08:47:10.406 D/C2MtkBufferManager( 1041): over 5000ms not request from VCodec but callback hooked, slow BM Cc fetch thread
07-13 08:47:10.420 D/nativeloader(30705): Load libframework-connectivity-tiramisu-jni.so using APEX ns com_android_tethering for caller /apex/com.android.tethering/javalib/framework-connectivity-t.jar: ok
07-13 08:47:10.421 D/AndroidRuntime(30705): Calling main entry com.android.commands.monkey.Monkey
07-13 08:47:10.426 W/Monkey  (30705): args: [-p, com.skillsroom.mobile, -c, android.intent.category.LAUNCHER, 1]
07-13 08:47:10.427 D/C2MtkBufferManager( 1041): over 5000ms not request from VCodec but callback hooked, slow BM Cc fetch thread
07-13 08:47:10.428 W/Monkey  (30705):  arg: "-p"
07-13 08:47:10.428 W/Monkey  (30705):  arg: "com.skillsroom.mobile"
07-13 08:47:10.428 W/Monkey  (30705):  arg: "-c"
07-13 08:47:10.428 W/Monkey  (30705):  arg: "android.intent.category.LAUNCHER"
07-13 08:47:10.429 W/Monkey  (30705):  arg: "1"
07-13 08:47:10.429 W/Monkey  (30705): data="com.skillsroom.mobile"
07-13 08:47:10.429 W/Monkey  (30705): data="android.intent.category.LAUNCHER"
07-13 08:47:10.445 D/NetworkController.MobileSignalController(1)( 2459): notifyListeners: mFeatureRelayData=false
07-13 08:47:10.447 D/C2MtkBufferManager( 1041): over 5000ms not request from VCodec but callback hooked, slow BM Cc fetch thread
07-13 08:47:10.458 D/Tile.MiuiCellularTile( 2459): handleUpdateState: MULTI_SIM = true, mSimInfoRecordList.size() = 2, mShowDataUsage = false
07-13 08:47:10.467 D/C2MtkBufferManager( 1041): over 5000ms not request from VCodec but callback hooked, slow BM Cc fetch thread
07-13 08:47:10.483 I/gralloc4( 2459): @set_metadata: update dataspace from GM (0x00000000 -> 0x08010000)
07-13 08:47:10.486 D/SurfaceFlinger( 1133): MtkOverrideDuration: update vsync 90
07-13 08:47:10.486 E/SurfaceFlinger( 1133): MtkDuration override mode is disabled
07-13 08:47:10.486 D/SurfaceFlinger( 1133): MtkOverrideDuration: reset override duration
07-13 08:47:10.488 D/C2MtkBufferManager( 1041): over 5000ms not request from VCodec but callback hooked, slow BM Cc fetch thread
07-13 08:47:10.494 I/BufferQueueProducer( 1133): [NotificationShade#77638](this:0xb4000078558e0a30,id:-1,api:0,p:-1,c:1133) queueBuffer: fps=0.62 dur=1600.04 max=1600.04 min=1600.04
07-13 08:47:10.495 I/hwcomposer( 1039): [HWC] (0) displaySetActiveConfig config:1  
07-13 08:47:10.508 D/C2MtkBufferManager( 1041): over 5000ms not request from VCodec but callback hooked, slow BM Cc fetch thread
07-13 08:47:10.529 D/C2MtkBufferManager( 1041): over 5000ms not request from VCodec but callback hooked, slow BM Cc fetch thread
07-13 08:47:10.542 W/CameraService_proxy( 1813): Unknown extension type: -1
07-13 08:47:10.549 D/C2MtkBufferManager( 1041): over 5000ms not request from VCodec but callback hooked, slow BM Cc fetch thread
07-13 08:47:10.569 D/C2MtkBufferManager( 1041): over 5000ms not request from VCodec but callback hooked, slow BM Cc fetch thread
07-13 08:47:10.581 W/MiuiStubRegistry(30705): Failed to collect stub providers in com.miui.autoui.MIUIAutoUIStub$$: /system_ext/framework/miui-framework.autoui.jar not exist
07-13 08:47:10.583 W/MiuiStubRegistry(30705): Failed to collect stub providers in android.hovermode.MiuiHoverModeStub$$: /system_ext/framework/miui-framework.hovermode.jar not exist
07-13 08:47:10.585 W/MiuiFrameworkImpl(30705): MiuiFrameworkImpl already collected
07-13 08:47:10.590 D/C2MtkBufferManager( 1041): over 5000ms not request from VCodec but callback hooked, slow BM Cc fetch thread
07-13 08:47:10.600 E/BoostFramework(30705): BoostFramework() : Exception_1 = java.lang.ClassNotFoundException: com.qualcomm.qti.Performance
07-13 08:47:10.601 E/BoostFramework(30705): BoostFramework() Ux Perf: Exception = java.lang.ClassNotFoundException: com.qualcomm.qti.UxPerformance
07-13 08:47:10.606 W/MiuiStubRegistry(30705): Failed to collect stub providers in android.magicpointer.util.MiuiMagicPointerUtilsStubHeadManifest$$: /system_ext/framework/miui-framework-pointer-pad.jar not exist
07-13 08:47:10.610 D/C2MtkBufferManager( 1041): over 5000ms not request from VCodec but callback hooked, slow BM Cc fetch thread
07-13 08:47:10.627 D/ActivityManager( 1813): getProcessesInErrorState callingUid=10288, CallingPid=19459
07-13 08:47:10.629 D/ActivityManager( 1813): getProcessesInErrorState callingUid=10279, CallingPid=443
07-13 08:47:10.631 D/C2MtkBufferManager( 1041): over 5000ms not request from VCodec but callback hooked, slow BM Cc fetch thread
07-13 08:47:10.640 D/ATMSImpl( 1813): setActivityController callingUid:2000 control=true
07-13 08:47:10.644 W/ActivityManager( 1813): registerReceiverWithFeature: no app for null
07-13 08:47:10.651 D/C2MtkBufferManager( 1041): over 5000ms not request from VCodec but callback hooked, slow BM Cc fetch thread
07-13 08:47:10.660 D/ProfileInstaller(30360): Installing profile for com.facebook.services
07-13 08:47:10.671 D/C2MtkBufferManager( 1041): over 5000ms not request from VCodec but callback hooked, slow BM Cc fetch thread
07-13 08:47:10.684 W/Settings( 2457): Setting airplane_mode_on has moved from android.provider.Settings.System to android.provider.Settings.Global, returning read-only value.
07-13 08:47:10.687 D/MobileStatusTracker(1)( 2459): onSignalStrengthsChanged signalStrength=SignalStrength:{mCdma=CellSignalStrengthCdma: cdmaDbm=2147483647 cdmaEcio=2147483647 evdoDbm=2147483647 evdoEcio=2147483647 evdoSnr=2147483647 miuiLevel=0 mOptimizedLevel=0 level=0,mGsm=CellSignalStrengthGsm: rssi=2147483647 ber=2147483647 mTa=2147483647 miuiLevel=0 isNtnMode=false mLevel=0,mWcdma=CellSignalStrengthWcdma: ss=2147483647 ber=2147483647 rscp=2147483647 ecno=2147483647 miuiLevel=0 mOptimizedLevel=0 level=0,mTdscdma=CellSignalStrengthTdscdma: rssi=2147483647 ber=2147483647 rscp=2147483647 miuiLevel=0 mOptimizedLevel=0 level=0,mLte=CellSignalStrengthLte: rssi=-87 rsrp=-97 rsrq=-10 rssnr=16 cqiTableIndex=2147483647 cqi=0 ta=0 miuiLevel=5 mOptimizedLevel=0 level=4 parametersUseForLevel=0,mNr=CellSignalStrengthNr:{ csiRsrp = 2147483647 csiRsrq = 2147483647 csiCqiTableIndex = 2147483647 csiCqiReport = [] ssRsrp = 2147483647 ssRsrq = 2147483647 ssSinr = 2147483647 miuiLevel = 0 mOptimizedLevel = 0 level = 0 parametersUseForLevel = 0 timingAdvance = 2147483647 },primary=CellSignalStrengthLte,mNrAsPrimaryInNrNsa=false}
07-13 08:47:10.688 D/NetworkController.MobileSignalController(1)( 2459): update5GConnectState: false
07-13 08:47:10.689 D/NetworkController.MobileSignalController(1)( 2459): ss use aosp level not 0, 5
07-13 08:47:10.692 D/C2MtkBufferManager( 1041): over 5000ms not request from VCodec but callback hooked, slow BM Cc fetch thread
07-13 08:47:10.693 W/Settings( 2457): Setting airplane_mode_on has moved from android.provider.Settings.System to android.provider.Settings.Global, returning read-only value.
07-13 08:47:10.696 D/MobileStatusTracker(5)( 2459): onSignalStrengthsChanged signalStrength=SignalStrength:{mCdma=CellSignalStrengthCdma: cdmaDbm=2147483647 cdmaEcio=2147483647 evdoDbm=2147483647 evdoEcio=2147483647 evdoSnr=2147483647 miuiLevel=0 mOptimizedLevel=0 level=0,mGsm=CellSignalStrengthGsm: rssi=2147483647 ber=2147483647 mTa=2147483647 miuiLevel=0 isNtnMode=false mLevel=0,mWcdma=CellSignalStrengthWcdma: ss=2147483647 ber=2147483647 rscp=2147483647 ecno=2147483647 miuiLevel=0 mOptimizedLevel=0 level=0,mTdscdma=CellSignalStrengthTdscdma: rssi=2147483647 ber=2147483647 rscp=2147483647 miuiLevel=0 mOptimizedLevel=0 level=0,mLte=CellSignalStrengthLte: rssi=-71 rsrp=-83 rsrq=-13 rssnr=18 cqiTableIndex=2147483647 cqi=0 ta=0 miuiLevel=5 mOptimizedLevel=0 level=4 parametersUseForLevel=0,mNr=CellSignalStrengthNr:{ csiRsrp = 2147483647 csiRsrq = 2147483647 csiCqiTableIndex = 2147483647 csiCqiReport = [] ssRsrp = 2147483647 ssRsrq = 2147483647 ssSinr = 2147483647 miuiLevel = 0 mOptimizedLevel = 0 level = 0 parametersUseForLevel = 0 timingAdvance = 2147483647 },primary=CellSignalStrengthLte,mNrAsPrimaryInNrNsa=false}
07-13 08:47:10.696 D/NetworkController.MobileSignalController(5)( 2459): update5GConnectState: false
07-13 08:47:10.696 D/NetworkController.MobileSignalController(5)( 2459): ss use aosp level not 0, 5
07-13 08:47:10.713 D/C2MtkBufferManager( 1041): over 5000ms not request from VCodec but callback hooked, slow BM Cc fetch thread
07-13 08:47:10.729 D/CompatibilityChangeReporter( 1813): Compat change id reported: 161252188; UID 10210; state: DISABLED
07-13 08:47:10.733 D/C2MtkBufferManager( 1041): over 5000ms not request from VCodec but callback hooked, slow BM Cc fetch thread
07-13 08:47:10.742 W/ActivityTaskManager( 1813): callingPackage for (uid=2000, pid=30705) has no WPC
07-13 08:47:10.743 W/CameraService_proxy( 1813): Unknown extension type: -1
07-13 08:47:10.754 D/C2MtkBufferManager( 1041): over 5000ms not request from VCodec but callback hooked, slow BM Cc fetch thread
07-13 08:47:10.756 D/CompatibilityChangeReporter( 1813): Compat change id reported: 265464455; UID 10210; state: DISABLED
07-13 08:47:10.756 D/CompatibilityChangeReporter( 1813): Compat change id reported: 265452344; UID 10210; state: DISABLED
07-13 08:47:10.757 D/CompatibilityChangeReporter( 1813): Compat change id reported: 266124927; UID 10210; state: DISABLED
07-13 08:47:10.757 D/CompatibilityChangeReporter( 1813): Compat change id reported: 265451093; UID 10210; state: DISABLED
07-13 08:47:10.758 D/CompatibilityChangeReporter( 1813): Compat change id reported: 265456536; UID 10210; state: DISABLED
07-13 08:47:10.758 D/CompatibilityChangeReporter( 1813): Compat change id reported: 255940284; UID 10210; state: DISABLED
07-13 08:47:10.759 D/CompatibilityChangeReporter( 1813): Compat change id reported: 236283604; UID 10210; state: DISABLED
07-13 08:47:10.759 D/CompatibilityChangeReporter( 1813): Compat change id reported: 263959004; UID 10210; state: DISABLED
07-13 08:47:10.760 D/CompatibilityChangeReporter( 1813): Compat change id reported: 264304459; UID 10210; state: DISABLED
07-13 08:47:10.760 D/CompatibilityChangeReporter( 1813): Compat change id reported: 264301586; UID 10210; state: DISABLED
07-13 08:47:10.761 D/CompatibilityChangeReporter( 1813): Compat change id reported: 254631730; UID 10210; state: DISABLED
07-13 08:47:10.761 D/CompatibilityChangeReporter( 1813): Compat change id reported: 273509367; UID 10210; state: DISABLED
07-13 08:47:10.762 D/CompatibilityChangeReporter( 1813): Compat change id reported: 263259275; UID 10210; state: DISABLED
07-13 08:47:10.762 D/CompatibilityChangeReporter( 1813): Compat change id reported: 174042980; UID 10210; state: DISABLED
07-13 08:47:10.763 D/CompatibilityChangeReporter( 1813): Compat change id reported: 174042936; UID 10210; state: DISABLED
07-13 08:47:10.763 D/CompatibilityChangeReporter( 1813): Compat change id reported: 181136395; UID 10210; state: DISABLED
07-13 08:47:10.766 D/CompatibilityChangeReporter( 1813): Compat change id reported: 194480991; UID 10210; state: ENABLED
07-13 08:47:10.774 D/C2MtkBufferManager( 1041): over 5000ms not request from VCodec but callback hooked, slow BM Cc fetch thread
07-13 08:47:10.780 D/WindowManager( 1813): Collecting in transition 6333: ActivityRecord{d1068e1 u0 com.skillsroom.mobile/.MainActivity init visibleRequested:false
07-13 08:47:10.782 D/MiuiFreeFormManagerService( 1813): activeOrFullscreenFreeformTaskIfNeed startDefaultAr:true
07-13 08:47:10.786 I/PowerHalWrapper( 1813): PowerHalWrapper.getInstance 
07-13 08:47:10.786 D/PerfMTKStubImpl( 1813): initBoostParamByDevice
07-13 08:47:10.795 D/C2MtkBufferManager( 1041): over 5000ms not request from VCodec but callback hooked, slow BM Cc fetch thread
07-13 08:47:10.798 D/OneHandedController( 2459): stopOneHanded state is 0
07-13 08:47:10.802 E/BufferQueueDebug( 1133): [Task=5352#77640](this:0xb40000785b3c1a30,id:-1,api:0,p:-1,c:-1) id info cannot be read from 'Task=5352#77640'
07-13 08:47:10.803 I/BufferQueueDebug( 1133): [Task=5352#77640](this:0xb40000785b3c1a30,id:-1,api:0,p:-1,c:-1) BufferQueue core=(1133:/system/bin/surfaceflinger)
07-13 08:47:10.808 D/WindowManager( 1813): setLockTaskAuth: task=Task{3956260 #5352 type=standard A=10210:com.skillsroom.mobile} mLockTaskAuth=LOCK_TASK_AUTH_PINNABLE
07-13 08:47:10.809 D/WindowManager( 1813): Collecting in transition 6333: Task{3956260 #5352 type=standard A=10210:com.skillsroom.mobile} init visibleRequested:false
07-13 08:47:10.811 D/CompatibilityChangeReporter( 1813): Compat change id reported: 184838306; UID 10210; state: DISABLED
07-13 08:47:10.813 D/CompatibilityChangeReporter( 1813): Compat change id reported: 185004937; UID 10210; state: DISABLED
07-13 08:47:10.815 D/C2MtkBufferManager( 1041): over 5000ms not request from VCodec but callback hooked, slow BM Cc fetch thread
07-13 08:47:10.815 E/BufferQueueDebug( 1133): [ActivityRecord{d1068e1 u0 com.skillsroom.mobile/.MainActivity t5352}#77641](this:0xb40000785b405a30,id:-1,api:0,p:-1,c:-1) id info cannot be read from 'ActivityRecord{d1068e1 u0 com.skillsroom.mobile/.MainActivity t5352}#77641'
07-13 08:47:10.816 I/BufferQueueDebug( 1133): [ActivityRecord{d1068e1 u0 com.skillsroom.mobile/.MainActivity t5352}#77641](this:0xb40000785b405a30,id:-1,api:0,p:-1,c:-1) BufferQueue core=(1133:/system/bin/surfaceflinger)
07-13 08:47:10.818 D/WindowManager( 1813): setLockTaskAuth: task=Task{3956260 #5352 type=standard A=10210:com.skillsroom.mobile} mLockTaskAuth=LOCK_TASK_AUTH_PINNABLE
07-13 08:47:10.819 D/CompatibilityChangeReporter( 1813): Compat change id reported: 197654537; UID 10210; state: ENABLED
07-13 08:47:10.819 D/MiuiFreeFormManagerService( 1813): onStartActivityInner as = Task{3956260 #5352 type=standard A=10210:com.skillsroom.mobile} op = null
07-13 08:47:10.824 D/ActivityTaskManager( 1813): Temporarily retain top process state for launching app
07-13 08:47:10.824 D/ActivityTaskManager( 1813): Task#startActivityLocked isOrhasTask=true newTask=true
07-13 08:47:10.825 I/mtkpower@impl( 1059): [setMode] type:5, enabled:1
07-13 08:47:10.826 I/libPowerHal( 1059): [perfLockAcq] idx:3 hdl:244693 hint:11 pid:1059 duration:30000 lock_user:mtkpower@1.0-se => ret_hdl:244693
07-13 08:47:10.826 I/ThermalBreakConfigReader( 1059): [getTargetfreqinfo] [getTargetfreqinfo] hint get target result freq:boost:1 cpu0:1800000 cpu6:2000000 cpumask:ff
07-13 08:47:10.826 I/ExtendedPerfBoost( 1059): [thermalbreak_verification] needbreak curr breakmode 1, scence id 0, set: boost:1 cpu0:1800000 cpu6:2000000 cpumask:ff
07-13 08:47:10.826 I/ExtendedPerfBoost( 1059): [triggerList_add] [triggerList_add] come into triggerList_add
07-13 08:47:10.826 I/ExtendedPerfBoost( 1059): [triggerList_add] get item from freelist 0x76b7cb7ab8
07-13 08:47:10.826 I/ExtendedPerfBoost( 1059): [triggerList_add] init new item prio:2, duration:3000, param:boost:1 cpu0:1800000 cpu6:2000000 cpumask:ff
07-13 08:47:10.826 I/ExtendedPerfBoost( 1059): [triggerList_add] add item prio in empty list
07-13 08:47:10.826 I/ExtendedPerfBoost( 1059): [trig_thermalbreak] trigger one node
07-13 08:47:10.826 I/ExtendedUtils( 1059): [timer_sampling_set] come in timer_sampling_set, duration :3000
07-13 08:47:10.826 I/ExtendedUtils( 1059): [settimer] come in settimer, time_now :621334208, time_end: 621337208
07-13 08:47:10.826 I/ExtendedPerfBoost( 1059): [setThermalBreak] [setThermalBreak] : boost:1 cpu0:1800000 cpu6:2000000 cpumask:ff
07-13 08:47:10.827 I/libPowerHal( 1059): LAUNCH: cpu_ctrl set cpu freq: 1800000 -1 2000000 -1
07-13 08:47:10.827 I/libPowerHal( 1059): [PE] LAUNCH update cmd:1000000, param:0
07-13 08:47:10.828 I/libPowerHal( 1059): [PE] LAUNCH update cmd:1408300, param:100
07-13 08:47:10.828 I/libPowerHal( 1059): [PE] LAUNCH update cmd:1000000 param:0
07-13 08:47:10.830 D/CompatibilityChangeReporter( 1813): Compat change id reported: 205907456; UID 10210; state: ENABLED
07-13 08:47:10.833 I/PowerHalWrapper( 1813): <amsBoostResume> last:null, next:com.skillsroom.mobile 
07-13 08:47:10.836 D/C2MtkBufferManager( 1041): over 5000ms not request from VCodec but callback hooked, slow BM Cc fetch thread
07-13 08:47:10.836 W/ServiceManagerCppClient( 1813): Failed to get isDeclared for vendor.mediatek.hardware.mtkpower.IMtkPowerService/default: Status(-1, EX_SECURITY): 'SELinux denied.'
07-13 08:47:10.836 I/mtkpower_client( 1813): IMtkPowerService_isDeclared 0
07-13 08:47:10.837 W/ServiceManagerCppClient( 1813): Failed to get isDeclared for vendor.mediatek.hardware.mtkpower.IMtkPowerService/default: Status(-1, EX_SECURITY): 'SELinux denied.'
07-13 08:47:10.837 I/mtkpower_client( 1813): IMtkPowerService_isDeclared 0
07-13 08:47:10.837 I/libPowerHal( 1059): [perfLockAcq] idx:5 hdl:244694 hint:22 pid:1059 duration:10000 lock_user:mtkpower@1.0-se => ret_hdl:244694
07-13 08:47:10.838 I/libPowerHal( 1059): [perfLockRel] hdl:244689, idx:-1
07-13 08:47:10.842 D/WindowManager( 1813): Collecting in transition 6333: ActivityRecord{d1068e1 u0 com.skillsroom.mobile/.MainActivity t5352} init visibleRequested:false
07-13 08:47:10.842 D/WindowManager( 1813): Requesting StartTransition: TransitionRecord{4d69924 id=6333 type=OPEN flags=0x0}
07-13 08:47:10.843 D/CompatibilityChangeReporter( 1813): Compat change id reported: 194833441; UID 10210; state: ENABLED
07-13 08:47:10.844 I/ActivityTaskManager( 1813): START u0 {act=android.intent.action.MAIN cat=[android.intent.category.LAUNCHER] flg=0x10200000 cmp=com.skillsroom.mobile/.MainActivity} with LAUNCH_SINGLE_TASK from uid 2000 (BAL_ALLOW_PERMISSION) result code=0
07-13 08:47:10.845 I/Monkey  (30705): Events injected: 1
07-13 08:47:10.847 D/TaskStackChangeListeners( 2470): onTaskDescriptionChanged =  taskId = 5352
07-13 08:47:10.850 I/FocusedNotifPromptContr( 2459): onTopActivityMayChanged: topActivity=com.skillsroom.mobile
07-13 08:47:10.850 I/FocusedNotifPromptContr( 2459): topActivityMayChanged: topActivity=com.skillsroom.mobile
07-13 08:47:10.851 D/KeyguardEditorHelper( 2459): onTopActivityMayChanged, topActivity=ComponentInfo{com.skillsroom.mobile/com.skillsroom.mobile.MainActivity}; mState=IDEL
07-13 08:47:10.855 D/ULogGuard( 1314): Monitoring: 16 threads, 0 requests, 0 time-bombs; 2 guards. ResetFlags = 0x7
07-13 08:47:10.856 I/SoScUtils( 2459): monitorTransitionRequest mRequestOpenTransition:null mRequestOpenTriggerTask:-1 mRequestCloseTransition:null mRequestCloseTriggerTask:-1 mRequestCloseStageType:-1
07-13 08:47:10.856 D/C2MtkBufferManager( 1041): over 5000ms not request from VCodec but callback hooked, slow BM Cc fetch thread
07-13 08:47:10.857 D/SurfaceFlinger( 1133): [SF client] NEW(0xb40000788a6de780) for (2459:com.android.systemui)
07-13 08:47:10.858 I/PowerHalWrapper( 1813): amsBoostProcessCreate package:com.skillsroom.mobile 
07-13 08:47:10.860 W/ServiceManagerCppClient( 1813): Failed to get isDeclared for vendor.mediatek.hardware.mtkpower.IMtkPowerService/default: Status(-1, EX_SECURITY): 'SELinux denied.'
07-13 08:47:10.860 I/mtkpower_client( 1813): IMtkPowerService_isDeclared 0
07-13 08:47:10.861 W/ServiceManagerCppClient( 1813): Failed to get isDeclared for vendor.mediatek.hardware.mtkpower.IMtkPowerService/default: Status(-1, EX_SECURITY): 'SELinux denied.'
07-13 08:47:10.861 I/mtkpower_client( 1813): IMtkPowerService_isDeclared 0
07-13 08:47:10.862 I/libPowerHal( 1059): [perfLockAcq] idx:6 hdl:244695 hint:21 pid:1059 duration:10000 lock_user:mtkpower@1.0-se => ret_hdl:244695
07-13 08:47:10.862 D/WindowManager( 1813): Set transition=TransitionRecord{4d69924 id=6333 type=OPEN flags=0x0}, ready=false, SyncId=6333 used=false, override=false, defer=0, states=Display{#0 state=ON size=720x1600 ROTATION_0}:false
07-13 08:47:10.863 D/OneHandedController( 2459): stopOneHanded state is 0
07-13 08:47:10.864 I/libPowerHal( 1059): [PE] MTKPOWER_HINT_PROCESS_CREATE update cmd:2020000, param:15
07-13 08:47:10.864 I/libPowerHal( 1059): [PE] MTKPOWER_HINT_PROCESS_CREATE update cmd:1410000, param:1
07-13 08:47:10.864 I/libPowerHal( 1059): [perfLockRel] hdl:244675, idx:-1
07-13 08:47:10.867 D/OneHandedController( 2459): stopOneHanded state is 0
07-13 08:47:10.869 D/TaskSnapshot_Helper( 2459): app is not pre-defined.
07-13 08:47:10.875 W/libc    ( 2459): Access denied finding property "ro.vendor.display.iris_x7.support"
07-13 08:47:10.876 D/C2MtkBufferManager( 1041): over 5000ms not request from VCodec but callback hooked, slow BM Cc fetch thread
07-13 08:47:10.877 D/VRI[mobile]( 2459): hardware acceleration = true, forceHwAccelerated = false
07-13 08:47:10.878 D/ATMSImpl( 1813): setActivityController callingUid:2000 control=false
07-13 08:47:10.881 D/CompatibilityChangeReporter( 1813): Compat change id reported: 168419799; UID 10210; state: DISABLED
07-13 08:47:10.881 D/CompatibilityChangeReporter( 1813): Compat change id reported: 135634846; UID 10210; state: DISABLED
07-13 08:47:10.881 D/CompatibilityChangeReporter( 1813): Compat change id reported: 177438394; UID 10210; state: DISABLED
07-13 08:47:10.882 D/CompatibilityChangeReporter( 1813): Compat change id reported: 135772972; UID 10210; state: DISABLED
07-13 08:47:10.882 D/CompatibilityChangeReporter( 1813): Compat change id reported: 135754954; UID 10210; state: ENABLED
07-13 08:47:10.882 D/CompatibilityChangeReporter( 1813): Compat change id reported: 273564678; UID 10210; state: DISABLED
07-13 08:47:10.884 D/CompatibilityChangeReporter( 1813): Compat change id reported: 143937733; UID 10210; state: ENABLED
07-13 08:47:10.884 I/Monkey  (30705): ## Network stats: elapsed time=159ms (0ms mobile, 0ms wifi, 159ms not connected)
07-13 08:47:10.883 E/BufferQueueDebug( 1133): [9e25f66 Splash Screen com.skillsroom.mobile#77642](this:0xb400007855a1fa30,id:-1,api:0,p:-1,c:-1) id info cannot be read from '9e25f66 Splash Screen com.skillsroom.mobile#77642'
07-13 08:47:10.884 I/BufferQueueDebug( 1133): [9e25f66 Splash Screen com.skillsroom.mobile#77642](this:0xb400007855a1fa30,id:-1,api:0,p:-1,c:-1) BufferQueue core=(1133:/system/bin/surfaceflinger)
07-13 08:47:10.885 D/RecentsModel( 2470): onTaskStackChangedBackground
07-13 08:47:10.885 D/EventBus( 2470): No subscribers registered for event class com.miui.home.recents.messages.RecentTasksChangedEvent
07-13 08:47:10.885 D/EventBus( 2470): No subscribers registered for event class org.greenrobot.eventbus.NoSubscriberEvent
07-13 08:47:10.886 D/RecentsModel( 2470): onTaskStackChangedBackground    MSG_TASK_STACK_CHANGE
07-13 08:47:10.886 D/RecentsModel( 2470): preloadRecents
07-13 08:47:10.886 W/RecentsModel( 2470): getRunningTask
07-13 08:47:10.886 I/app_process(30705): System.exit called, status: 0
07-13 08:47:10.886 I/AndroidRuntime(30705): VM exiting with result code 0.
07-13 08:47:10.887 D/RecentsModel( 2470): onTaskStackChangedBackground
07-13 08:47:10.887 D/EventBus( 2470): No subscribers registered for event class com.miui.home.recents.messages.RecentTasksChangedEvent
07-13 08:47:10.887 D/EventBus( 2470): No subscribers registered for event class org.greenrobot.eventbus.NoSubscriberEvent
07-13 08:47:10.894 W/RecentsModel( 2470): getRunningTask   taskInfo=TaskInfo{userId=0 taskId=5352 displayId=0 isRunning=true baseIntent=Intent { act=android.intent.action.MAIN cat=[android.intent.category.LAUNCHER] flg=0x10200000 cmp=com.skillsroom.mobile/.MainActivity } baseActivity=ComponentInfo{com.skillsroom.mobile/com.skillsroom.mobile.MainActivity} topActivity=ComponentInfo{com.skillsroom.mobile/com.skillsroom.mobile.MainActivity} origActivity=null realActivity=ComponentInfo{com.skillsroom.mobile/com.skillsroom.mobile.MainActivity} numActivities=1 lastActiveTime=690430494 supportsSplitScreenMultiWindow=true supportsMultiWindow=true resizeMode=1 isResizeable=true minWidth=-1 minHeight=-1 defaultMinSize=200 token=WCT{android.window.IWindowContainerToken$Stub$Proxy@db5b62e} topActivityType=1 pictureInPictureParams=null shouldDockBigOverlays=false launchIntoPipHostTaskId=-1 lastParentTaskIdBeforePip=-1 displayCutoutSafeInsets=Rect(0, 68 - 0, 0) topActivityInfo=ActivityInfo{974c5cf com.skillsroom.mobile.MainActivity} launchCookies=[] positionInParent=Point(0, 0) parentTaskId=-1 isFocused=false isVisible=false isVisibleRequested=false isSleeping=true topActivityInSizeCompat=false topActivityEligibleForLetterboxEducation= false topActivityLetterboxed= false isFromDoubleTap= false topActivityLetterboxVerticalPosition= -1 topActivityLetterboxHorizontalPosition= -1 topActivityLetterboxWidth=-1 topActivityLetterboxHeight=-1 locusId=null displayAreaFeatureId=1 cameraCompatControlState=hidden mIsCastMode=false mTopActivityMediaSize=null mTopActivityRecordName=ActivityRecord{d1068e1 u0 com.skillsroom.mobile/.MainActivity t5352} mTopActivityOrientation=-2 mTopActivityWindowIsNowVisible=false isTranslucent=false isEmbedded=false shouldBeVisible=true mBehindAppLockPkg=null mOriginatingUid=0}
07-13 08:47:10.894 W/RecentsModel( 2470): getTaskInfoIgnoreHomeAndFreeform   taskInfo=ComponentInfo{com.skillsroom.mobile/com.skillsroom.mobile.MainActivity}
07-13 08:47:10.895 D/APM::AudioPolicyEngine( 1117): getDevices ForStrategy() strategy 0, device 0x2 avadevice 0x1, 0x2, 0x10000 sfu [0]:0, [1]:0, [4]:11
07-13 08:47:10.896 E/ActivityManagerWrapper( 2470): get all recent tasks force including 5352
07-13 08:47:10.897 D/Zygote  ( 1023): Forked child process 30732
07-13 08:47:10.897 D/C2MtkBufferManager( 1041): over 5000ms not request from VCodec but callback hooked, slow BM Cc fetch thread
07-13 08:47:10.901 I/ActivityManager( 1813): Start proc 30732:com.skillsroom.mobile/u0a210 for top-activity {com.skillsroom.mobile/com.skillsroom.mobile.MainActivity} caller=com.android.shell
07-13 08:47:10.905 I/BpBinder( 1133): onLastStrongRef automatically unlinking death recipients: 
07-13 08:47:10.914 D/CoreBackPreview( 1813): Window{9e25f66 u0 Splash Screen com.skillsroom.mobile}: Setting back callback OnBackInvokedCallbackInfo{mCallback=android.window.IOnBackInvokedCallback$Stub$Proxy@14376bb, mPriority=0, mIsAnimationCallback=false}
07-13 08:47:10.915 E/BufferQueueDebug( 1133): [Splash Screen com.skillsroom.mobile#77643](this:0xb4000078557c6a30,id:-1,api:0,p:-1,c:-1) id info cannot be read from 'Splash Screen com.skillsroom.mobile#77643'
07-13 08:47:10.916 I/BufferQueueDebug( 1133): [Splash Screen com.skillsroom.mobile#77643](this:0xb4000078557c6a30,id:-1,api:0,p:-1,c:-1) BufferQueue core=(1133:/system/bin/surfaceflinger)
07-13 08:47:10.917 D/C2MtkBufferManager( 1041): over 5000ms not request from VCodec but callback hooked, slow BM Cc fetch thread
07-13 08:47:10.920 E/Zygote  (30732): process_name_ptr:30732 com.skillsroom.mobile
07-13 08:47:10.922 E/ActivityManagerWrapper( 2470): getRecentTasks: size=10
07-13 08:47:10.922 E/ActivityManagerWrapper( 2470): getRecentTasks: mainTaskId=5352   userId=0   windowMode=1   baseIntent=Intent { act=android.intent.action.MAIN flag=270532608 cmp=ComponentInfo{com.skillsroom.mobile/com.skillsroom.mobile.MainActivity} }
07-13 08:47:10.922 E/ActivityManagerWrapper( 2470): getRecentTasks: mainTaskId=5350   userId=0   windowMode=1   baseIntent=Intent { act=com.whatsapp.w4b.intent.action.SHOW_INCOMING_CALL_SCREEN flag=276824064 cmp=ComponentInfo{com.whatsapp.w4b/com.whatsapp.calling.ui.VoipActivityV2} }
07-13 08:47:10.922 E/ActivityManagerWrapper( 2470): getRecentTasks: mainTaskId=5344   userId=0   windowMode=1   baseIntent=Intent { act=android.intent.action.MAIN flag=270532608 cmp=ComponentInfo{com.facebook.lite/com.facebook.lite.MainActivity} }
07-13 08:47:10.922 E/ActivityManagerWrapper( 2470): getRecentTasks: mainTaskId=5341   userId=0   windowMode=1   baseIntent=Intent { act=android.intent.action.MAIN flag=270532608 cmp=ComponentInfo{com.whatsapp.w4b/com.whatsapp.Main} }
07-13 08:47:10.922 E/ActivityManagerWrapper( 2470): getRecentTasks: mainTaskId=5336   userId=0   windowMode=1   baseIntent=Intent { act=android.intent.action.MAIN flag=270532608 cmp=ComponentInfo{com.google.android.dialer/com.google.android.dialer.extensions.GoogleDialtactsActivity} }
07-13 08:47:10.922 E/ActivityManagerWrapper( 2470): getRecentTasks: mainTaskId=5335   userId=0   windowMode=1   baseIntent=Intent { act=android.intent.action.MAIN flag=270532608 cmp=ComponentInfo{com.shaiban.audioplayer.mplayer/com.shaiban.audioplayer.mplayer.app.navigation.NavigatingActivity} }
07-13 08:47:10.922 E/ActivityManagerWrapper( 2470): getRecentTasks: mainTaskId=5287   userId=0   windowMode=1   baseIntent=Intent { act=android.intent.action.MAIN flag=270532608 cmp=ComponentInfo{ng.mtn.nextgen/ng.mtn.nextgen.MainActivity} }
07-13 08:47:10.922 E/ActivityManagerWrapper( 2470): getRecentTasks: mainTaskId=5273   userId=0   windowMode=1   baseIntent=Intent { act=android.settings.APPLICATION_DEVELOPMENT_SETTINGS flag=268468224 cmp=ComponentInfo{com.android.settings/com.android.settings.Settings$DevelopmentSettingsDashboardActivity} }
07-13 08:47:10.922 E/ActivityManagerWrapper( 2470): getRecentTasks: mainTaskId=5246   userId=0   windowMode=1   baseIntent=Intent { act=android.intent.action.MAIN flag=270532608 cmp=ComponentInfo{cn.xender/cn.xender.ui.activity.SplashActivity} }
07-13 08:47:10.922 E/ActivityManagerWrapper( 2470): getRecentTasks: mainTaskId=5239   userId=0   windowMode=1   baseIntent=Intent { act=android.intent.action.MAIN flag=270532608 cmp=ComponentInfo{com.android.camera/com.android.camera.Camera} }
07-13 08:47:10.925 D/WindowManager( 1813): Set transition=TransitionRecord{4d69924 id=6333 type=OPEN flags=0x0}, ready=true, SyncId=6333 
