07-13 08:47:20.676 D/C2MtkBufferManager( 1041): over 5000ms not request from VCodec but callback hooked, slow BM Cc fetch thread
07-13 08:47:20.677 I/UxUtility( 1059): notifyForegroundApp pack:com.miui.home, uid:10166
07-13 08:47:20.677 I/TouchUtility( 1059): notifyAppState error = NULL
07-13 08:47:20.677 I/mtkpower@impl( 1059): [notifyAppState] pc:0, com.skillsroom.mobile => com.miui.home
07-13 08:47:20.678 D/WindowManager( 1813): Collecting in transition 6334: ActivityRecord{8061640 u0 com.miui.home/.launcher.Launcher t2} init visibleRequested:true
07-13 08:47:20.686 D/WindowManager( 1813): Collecting in transition 6334: ActivityRecord{8061640 u0 com.miui.home/.launcher.Launcher t2} init visibleRequested:false
07-13 08:47:20.686 D/WindowManager( 1813): Collecting in transition 6334: ActivityRecord{8061640 u0 com.miui.home/.launcher.Launcher t2} init visibleRequested:true
07-13 08:47:20.688 I/PowerHalWrapper( 1813): amsBoostNotify pid:2470,activity:com.miui.home.launcher.Launcher, package:com.miui.home, mProcessCreatePackcom.skillsroom.mobile 
07-13 08:47:20.688 I/PowerHalWrapper( 1813): state: 0 
07-13 08:47:20.689 I/mtkpower_client( 1813): [Legacy][PowerHal_Wrap_notifyAppState] com.miui.home/com.miui.home.launcher.Launcher pid=2470 state:0
07-13 08:47:20.689 I/libPowerHal( 1059): [perfNotifyAppState] pack:com.miui.home, act:com.miui.home.launcher.Launcher, state:0, pid:2470, uid:10166, fps:-1
07-13 08:47:20.689 I/PowerHalWrapper( 1813): amsBoostNotify AMS_BOOST_PROCESS_CREATE_BOOST:false 
07-13 08:47:20.690 I/PowerHalWrapper( 1813): amsBoostNotify pid:30732,activity:com.skillsroom.mobile.MainActivity, package:com.skillsroom.mobile, mProcessCreatePackcom.skillsroom.mobile 
07-13 08:47:20.690 I/PowerHalWrapper( 1813): state: 0 
07-13 08:47:20.691 I/mtkpower_client( 1813): [Legacy][PowerHal_Wrap_notifyAppState] com.skillsroom.mobile/com.skillsroom.mobile.MainActivity pid=30732 state:0
07-13 08:47:20.691 I/libPowerHal( 1059): [perfNotifyAppState] pack:com.skillsroom.mobile, act:com.skillsroom.mobile.MainActivity, state:0, pid:30732, uid:10210, fps:-1
07-13 08:47:20.692 I/PowerHalWrapper( 1813): amsBoostNotify AMS_BOOST_PROCESS_CREATE_BOOST:false 
07-13 08:47:20.696 D/C2MtkBufferManager( 1041): over 5000ms not request from VCodec but callback hooked, slow BM Cc fetch thread
07-13 08:47:20.705 D/Launcher.Lifecycle( 2470): onStart:UserHandle{0},63f4ca8,false
07-13 08:47:20.713 D/LauncherAssistantCompatGoogle( 2470): onStart com.google.android.libraries.gsa.launcherclient.LauncherClient@80e5266
07-13 08:47:20.716 D/C2MtkBufferManager( 1041): over 5000ms not request from VCodec but callback hooked, slow BM Cc fetch thread
07-13 08:47:20.723 D/WindowManager( 1813): Set transition=TransitionRecord{6c1c670 id=6334 type=CLOSE flags=0x10}, ready=true, SyncId=6334 
07-13 08:47:20.725 D/MiuiFullScreenTaskRepository( 2459): removeFocusedTask displayId=0
07-13 08:47:20.725 D/MiuiFullScreenTaskRepository( 2459): addOrUpdateFullScreenTaskInfo taskId=5352, topActivity=null
07-13 08:47:20.728 D/ActivityManager( 1813): mediaResourceManagerBinder get success
07-13 08:47:20.731 D/ResourceManagerService( 1289): update package name: com.miui.home
07-13 08:47:20.732 I/FocusedNotifPromptContr( 2459): onTopActivityMayChanged: topActivity=com.miui.home
07-13 08:47:20.732 I/FocusedNotifPromptContr( 2459): topActivityMayChanged: topActivity=com.miui.home
07-13 08:47:20.732 D/KeyguardEditorHelper( 2459): onTopActivityMayChanged, topActivity=ComponentInfo{com.miui.home/com.miui.home.launcher.Launcher}; mState=IDEL
07-13 08:47:20.736 D/MiuiMultiWindowUtils( 1813): DeviceLevel.IS_MIUI_LITE_VERSION 2.0 not support miui multiWindowgale
07-13 08:47:20.736 D/PerfEngineController( 7233): ForegroundInfo{mForegroundPackageName='com.miui.home', mForegroundUid=10166, mForegroundPid=2470, mLastForegroundPackageName='com.skillsroom.mobile', mLastForegroundUid=10210, mLastForegroundPid=30732, mMultiWindowForegroundPackageName='com.miui.home', mMultiWindowForegroundUid=10166, mFlags=0}
07-13 08:47:20.736 I/Process (30732): Process is going to kill itself!
07-13 08:47:20.736 I/Process (30732): java.lang.Exception
07-13 08:47:20.736 I/Process (30732): 	at android.os.Process.killProcess(Process.java:1346)
07-13 08:47:20.736 I/Process (30732): 	at com.android.internal.os.RuntimeInit$KillApplicationHandler.uncaughtException(RuntimeInit.java:178)
07-13 08:47:20.736 I/Process (30732): 	at java.lang.ThreadGroup.uncaughtException(ThreadGroup.java:1098)
07-13 08:47:20.736 I/Process (30732): 	at java.lang.ThreadGroup.uncaughtException(ThreadGroup.java:1093)
07-13 08:47:20.736 I/Process (30732): 	at java.lang.Thread.dispatchUncaughtException(Thread.java:3387)
07-13 08:47:20.737 D/C2MtkBufferManager( 1041): over 5000ms not request from VCodec but callback hooked, slow BM Cc fetch thread
07-13 08:47:20.737 D/AppObserver( 2470): ForegroundInfo{mForegroundPackageName='com.miui.home', mForegroundUid=10166, mForegroundPid=2470, mLastForegroundPackageName='com.skillsroom.mobile', mLastForegroundUid=10210, mLastForegroundPid=30732, mMultiWindowForegroundPackageName='com.miui.home', mMultiWindowForegroundUid=10166, mFlags=0}
07-13 08:47:20.738 I/Process (30732): Sending signal. PID: 30732 SIG: 9
07-13 08:47:20.738 V/AlarmManager( 1813): timeNonDiff <= 0;nowElapsed:690440390, Alarm{c2deff7 uId =1000 creatorUid =1000 packageName =android sourcePackage =android operation =null type 3 origWhen 690438905 whenElapsed 690438905 android}
07-13 08:47:20.739 D/Aurogon ( 1813):  uid = 10166 switch to FG
07-13 08:47:20.739 D/t1      ( 5491): myUserId = 0	currentUserId0
07-13 08:47:20.739 W/MiPicks-ProcessObserverV10(21977): onForegroundActivitiesChanged:pid = 2470,activity-uid=10166,foregroundActivities=true
07-13 08:47:20.739 D/WindowManager( 1813): Final targets: []
07-13 08:47:20.740 D/PMonitor( 4459):  onForegroundActivitiesChanged:pid = 2470,activity-uid=10166,foregroundActivities=true
07-13 08:47:20.740 D/ResourceManagerService( 1289): packageName: com.miui.home, uid : 10166, hashCode : 205371070
07-13 08:47:20.740 D/ResourceManagerService( 1289): ResourceManagerService::setCodecsVppMode
07-13 08:47:20.740 D/ResourceManagerService( 1289): all codecs setVppMode return fail
07-13 08:47:20.742 V/AlarmManager( 1813): timeNonDiff <= 0;nowElapsed:690440395, Alarm{c2deff7 uId =1000 creatorUid =1000 packageName =android sourcePackage =android operation =null type 3 origWhen 690438905 whenElapsed 690438905 android}
07-13 08:47:20.743 V/AlarmManager( 1813): timeNonDiff <= 0;nowElapsed:690440396, Alarm{1479493 uId =1000 creatorUid =1000 packageName =android sourcePackage =android operation =null type 3 origWhen 690433723 whenElapsed 690440395 android}
07-13 08:47:20.749 D/BadgeCoordinator( 2459): recevie broadbcast ACTION_APPLICATION_MESSAGE_QUERY, requestFirstTime=false
07-13 08:47:20.749 D/WindowManager( 1813): Calling onTransitionReady info={id=6334 t=CLOSE f=0x50 trk=0 r=[] c=[] noAni=[false] mk=[true]}, mToken=Token{44ce6ef TransitionRecord{6c1c670 id=6334 type=CLOSE flags=0x50}}
07-13 08:47:20.750 I/SettingsProvider( 1813): refresh rate settings changed, name:miui_refresh_rate,value:90,pkg:com.miui.powerkeeper
07-13 08:47:20.752 D/SurfaceFlinger( 1133): setDesiredDisplayModeSpecs: defaultMode：1 primaryRangesMin:0.000000 primaryRangesMax:90.000000appRequestRangesMin:0.000000 appRequestRangesMax:90.000000
07-13 08:47:20.752 I/BpBinder( 1133): onLastStrongRef automatically unlinking death recipients: 
07-13 08:47:20.753 I/RefreshRateSelector( 1133): Display 0 policy changed
07-13 08:47:20.753 I/RefreshRateSelector( 1133): Previous: {defaultModeId=1, allowGroupSwitching=false, primaryRanges={physical=[0.00 Hz, inf Hz], render=[0.00 Hz, 60.00 Hz]}, appRequestRanges={physical=[0.00 Hz, inf Hz], render=[0.00 Hz, 60.00 Hz]}}
07-13 08:47:20.753 I/RefreshRateSelector( 1133): Current:  DisplayManagerPolicy{defaultModeId=1, allowGroupSwitching=false, primaryRanges={physical=[0.00 Hz, inf Hz], render=[0.00 Hz, 90.00 Hz]}, appRequestRanges={physical=[0.00 Hz, inf Hz], render=[0.00 Hz, 90.00 Hz]}}
07-13 08:47:20.753 I/RefreshRateSelector( 1133): 1 mode changes were performed under the previous policy
07-13 08:47:20.753 D/SurfaceFlinger( 1133): MtkOverrideDuration: update vsync 90
07-13 08:47:20.753 E/SurfaceFlinger( 1133): MtkDuration override mode is disabled
07-13 08:47:20.753 D/SurfaceFlinger( 1133): MtkOverrideDuration: reset override duration
07-13 08:47:20.754 D/MI-SF   ( 1133): updateScene: module = 268 (Unknown), value = 1, pkg = perf_interaction
07-13 08:47:20.755 I/BLASTSyncEngine( 1813): finishNow: after onTransactionReady, mSyncId=6334
07-13 08:47:20.757 D/C2MtkBufferManager( 1041): over 5000ms not request from VCodec but callback hooked, slow BM Cc fetch thread
07-13 08:47:20.758 I/DisplayModeDirectorImpl( 1813): onDesiredDisplayModeSpecsChanged:baseModeId=1 allowGroupSwitching=false primary=physical: (0.0 Infinity) render:  (0.0 90.0) appRequest=physical: (0.0 Infinity) render:  (0.0 90.0) noVotes=true
07-13 08:47:20.760 D/MiuiFullScreenTaskRepository( 2459): setFocusedTask taskId=1, displayId=0, topActivity=ComponentInfo{com.miui.home/com.miui.home.launcher.Launcher}
07-13 08:47:20.761 D/MiuiFullScreenTaskRepository( 2459): addOrUpdateFullScreenTaskInfo taskId=1, topActivity=ComponentInfo{com.miui.home/com.miui.home.launcher.Launcher}
07-13 08:47:20.762 D/MiuiDesktopModeController( 2459): onFocusTaskChanged newFocus: TaskInfo{userId=0 taskId=1 displayId=0 isRunning=true baseIntent=Intent { act=android.intent.action.MAIN cat=[android.intent.category.HOME] flg=0x10000100 cmp=com.miui.home/.launcher.Launcher } baseActivity=ComponentInfo{com.miui.home/com.miui.home.launcher.Launcher} topActivity=ComponentInfo{com.miui.home/com.miui.home.launcher.Launcher} origActivity=null realActivity=null numActivities=1 lastActiveTime=52422 supportsSplitScreenMultiWindow=true supportsMultiWindow=true resizeMode=2 isResizeable=true minWidth=-1 minHeight=-1 defaultMinSize=200 token=WCT{android.window.IWindowContainerToken$Stub$Proxy@d7e82a5} topActivityType=2 pictureInPictureParams=null shouldDockBigOverlays=false launchIntoPipHostTaskId=-1 lastParentTaskIdBeforePip=-1 displayCutoutSafeInsets=Rect(0, 68 - 0, 0) topActivityInfo=ActivityInfo{b4a167a com.miui.home.launcher.Launcher} launchCookies=[] positionInParent=Point(0, 0) parentTaskId=-1 isFocused=true isVisible=false isVisibleRequested=false isSleeping=true topActivityInSizeCompat=false topActivityEligibleForLetterboxEducation= false topActivityLetterboxed= false isFromDoubleTap= false topActivityLetterboxVerticalPosition= -1 topActivityLetterboxHorizontalPosition= -1 topActivityLetterboxWidth=-1 topActivityLetterboxHeight=-1 locusId=null displayAreaFeatureId=1 cameraCompatControlState=hidden mIsCastMode=false mTopActivityMediaSize=null mTopActivityRecordName=ActivityRecord{8061640 u0 com.miui.home/.launcher.Launcher t2} mTopActivityOrientation=-2 mTopActivityWindowIsNowVisible=false isTranslucent=false isEmbedded=false shouldBeVisible=true mBehindAppLockPkg=null mOriginatingUid=0}
07-13 08:47:20.762 D/MiuiFreeformModeController( 2459): onFocusTaskChanged taskInfo: TaskInfo{userId=0 taskId=1 displayId=0 isRunning=true baseIntent=Intent { act=android.intent.action.MAIN cat=[android.intent.category.HOME] flg=0x10000100 cmp=com.miui.home/.launcher.Launcher } baseActivity=ComponentInfo{com.miui.home/com.miui.home.launcher.Launcher} topActivity=ComponentInfo{com.miui.home/com.miui.home.launcher.Launcher} origActivity=null realActivity=null numActivities=1 lastActiveTime=52422 supportsSplitScreenMultiWindow=true supportsMultiWindow=true resizeMode=2 isResizeable=true minWidth=-1 minHeight=-1 defaultMinSize=200 token=WCT{android.window.IWindowContainerToken$Stub$Proxy@d7e82a5} topActivityType=2 pictureInPictureParams=null shouldDockBigOverlays=false launchIntoPipHostTaskId=-1 lastParentTaskIdBeforePip=-1 displayCutoutSafeInsets=Rect(0, 68 - 0, 0) topActivityInfo=ActivityInfo{b4a167a com.miui.home.launcher.Launcher} launchCookies=[] positionInParent=Point(0, 0) parentTaskId=-1 isFocused=true isVisible=false isVisibleRequested=false isSleeping=true topActivityInSizeCompat=false topActivityEligibleForLetterboxEducation= false topActivityLetterboxed= false isFromDoubleTap= false topActivityLetterboxVerticalPosition= -1 topActivityLetterboxHorizontalPosition= -1 topActivityLetterboxWidth=-1 topActivityLetterboxHeight=-1 locusId=null displayAreaFeatureId=1 cameraCompatControlState=hidden mIsCastMode=false mTopActivityMediaSize=null mTopActivityRecordName=ActivityRecord{8061640 u0 com.miui.home/.launcher.Launcher t2} mTopActivityOrientation=-2 mTopActivityWindowIsNowVisible=false isTranslucent=false isEmbedded=false shouldBeVisible=true mBehindAppLockPkg=null mOriginatingUid=0}
07-13 08:47:20.762 V/AlarmManager( 1813): timeNonDiff <= 0;nowElapsed:690440415, Alarm{5caf401 uId =1000 creatorUid =1000 packageName =android sourcePackage =android operation =null type 3 origWhen 690433723 whenElapsed 690440415 android}
07-13 08:47:20.763 D/CompatibilityChangeReporter( 1813): Compat change id reported: 135634846; UID 10174; state: DISABLED
07-13 08:47:20.763 D/CompatibilityChangeReporter( 1813): Compat change id reported: 177438394; UID 10174; state: DISABLED
07-13 08:47:20.763 D/CompatibilityChangeReporter( 1813): Compat change id reported: 135772972; UID 10174; state: DISABLED
07-13 08:47:20.764 D/CompatibilityChangeReporter( 1813): Compat change id reported: 135754954; UID 10174; state: ENABLED
07-13 08:47:20.764 D/OneHandedController( 2459): stopOneHanded state is 0
07-13 08:47:20.764 D/CompatibilityChangeReporter( 1813): Compat change id reported: 143937733; UID 10174; state: ENABLED
07-13 08:47:20.766 I/MiuiNetworkPolicy( 1813): updateUidState uid = 10210, uidState = 18
07-13 08:47:20.769 D/Aurogon ( 1813):  uid = 10210 switch to BG
07-13 08:47:20.770 W/MiPicks-ProcessObserverV10(21977): onForegroundActivitiesChanged:pid = 30732,activity-uid=10210,foregroundActivities=false
07-13 08:47:20.771 D/PMonitor( 4459):  onForegroundActivitiesChanged:pid = 30732,activity-uid=10210,foregroundActivities=false
07-13 08:47:20.771 D/isUidValid( 1813): uid = 10210
07-13 08:47:20.772 I/DisplayModeDirectorImpl( 1813): onDesiredDisplayModeSpecsChanged:baseModeId=2 allowGroupSwitching=false primary=physical: (0.0 Infinity) render:  (0.0 90.0) appRequest=physical: (0.0 Infinity) render:  (0.0 90.0) noVotes=false
07-13 08:47:20.777 D/SoScUtils( 2459): monitorTransitionFinished transition:android.os.BinderProxy@8ba89c transaction: android.view.SurfaceControl$Transaction@dc0ee2b mRequestCloseTransition:null mRequestOpenTransition:null mStartTransition:null mRequestOpenTriggerTask:-1 mRequestCloseTriggerTask:-1 mOrientationTransition: null mMainStartingTask:-1 mSideStartingTask:-1
07-13 08:47:20.777 V/AlarmManager( 1813): timeNonDiff <= 0;nowElapsed:690440429, Alarm{3480332 uId =1000 creatorUid =1000 packageName =android sourcePackage =android operation =null type 3 origWhen 690433723 whenElapsed 690440429 android}
07-13 08:47:20.777 D/SurfaceFlinger( 1133): setDesiredDisplayModeSpecs: defaultMode：1 primaryRangesMin:0.000000 primaryRangesMax:90.000000appRequestRangesMin:0.000000 appRequestRangesMax:90.000000
07-13 08:47:20.778 D/C2MtkBufferManager( 1041): over 5000ms not request from VCodec but callback hooked, slow BM Cc fetch thread
07-13 08:47:20.779 I/RefreshRateSelector( 1133): Display 0 policy changed
07-13 08:47:20.779 I/RefreshRateSelector( 1133): Previous: {defaultModeId=1, allowGroupSwitching=false, primaryRanges={physical=[0.00 Hz, inf Hz], render=[0.00 Hz, 90.00 Hz]}, appRequestRanges={physical=[0.00 Hz, inf Hz], render=[0.00 Hz, 90.00 Hz]}}
07-13 08:47:20.779 I/RefreshRateSelector( 1133): Current:  DisplayManagerPolicy{defaultModeId=1, allowGroupSwitching=false, primaryRanges={physical=[0.00 Hz, inf Hz], render=[0.00 Hz, 90.00 Hz]}, appRequestRanges={physical=[0.00 Hz, inf Hz], render=[0.00 Hz, 90.00 Hz]}}
07-13 08:47:20.779 I/RefreshRateSelector( 1133): 0 mode changes were performed under the previous policy
07-13 08:47:20.781 D/MI-SF   ( 1133): updateScene: module = 268 (Unknown), value = 0, pkg = perf_interaction
07-13 08:47:20.782 D/LauncherOverlay( 3531): setActivityState:1
07-13 08:47:20.782 D/Zygote  ( 1023): Forked child process 30984
07-13 08:47:20.783 D/MiuiProcessPolicyManager( 1813): promote com.google.android.googlequicksearchbox:googleapp maxAdj to svcb  , maxProcState to + PER 
07-13 08:47:20.783 I/LauncherOverlayCallback( 3531): handleMessage WHAT_ACTIVITY_STATE_CHANGED what：1
07-13 08:47:20.783 I/ActivityManager( 1813): Start proc 30984:com.google.android.googlequicksearchbox:googleapp/u0a174 for service {com.google.android.googlequicksearchbox/com.google.android.apps.gsa.nowoverlayservice.DrawerOverlayService} caller=com.miui.home
07-13 08:47:20.789 E/Zygote  (30984): process_name_ptr:30984 com.google.android.googlequicksearchbox:googleapp
07-13 08:47:20.791 D/LauncherOverlay.Window( 3531): onStart
07-13 08:47:20.796 W/Activity( 2470): PerfMonitor: Slow Operation: Activity com.miui.home/.launcher.Launcher onStart took 106ms
07-13 08:47:20.798 I/chbox:googleapp(30984): Using generational CollectorTypeCC GC.
07-13 08:47:20.798 D/C2MtkBufferManager( 1041): over 5000ms not request from VCodec but callback hooked, slow BM Cc fetch thread
07-13 08:47:20.804 I/WindowManager( 1813): WIN DEATH: Window{605da0c u0 com.skillsroom.mobile/com.skillsroom.mobile.MainActivity}
07-13 08:47:20.804 I/ActivityManager( 1813): Process com.skillsroom.mobile (pid 30732) has died: cch CRE 
07-13 08:47:20.804 E/ProcessManager( 1813): error write exception log
07-13 08:47:20.803 D/SurfaceFlinger( 1133): [SF client] REMOVE (0xb40000788a6de380) for (30732:com.skillsroom.mobile)
07-13 08:47:20.805 W/InputManager-JNI( 1813): Input channel object '605da0c com.skillsroom.mobile/com.skillsroom.mobile.MainActivity (client)' was disposed without first being removed with the input manager!
07-13 08:47:20.806 I/libprocessgroup( 1813): Successfully killed process cgroup uid 10210 pid 30732 in 0ms
07-13 08:47:20.806 D/WindowManager( 1813): setParent old=ActivityRecord{d1068e1 u0 com.skillsroom.mobile/.MainActivity t5352 f}},new=null,this window=Window{605da0c u0 com.skillsroom.mobile/com.skillsroom.mobile.MainActivity},callers=com.android.server.wm.WindowContainer.removeChild:831 com.android.server.wm.ActivityRecord.removeChild:5163 com.android.server.wm.ActivityRecord.removeChild:458 com.android.server.wm.WindowContainer.removeImmediately:889 com.android.server.wm.WindowState.removeImmediately:2490 com.android.server.wm.WindowState.removeIfPossible:2662 
07-13 08:47:20.806 I/Zygote  ( 1023): Process 30732 exited due to signal 9 (Killed)
07-13 08:47:20.811 D/nativeloader(30984): Load libframework-connectivity-tiramisu-jni.so using APEX ns com_android_tethering for caller /apex/com.android.tethering/javalib/framework-connectivity-t.jar: ok
07-13 08:47:20.812 D/SurfaceFlinger( 1133): [SF client] REMOVE (0xb40000788a6de580) for (1813:system_server)
07-13 08:47:20.814 W/MiPicks-ProcessObserverV10(21977): onProcessDied:pid = 30732,died-uid=10210
07-13 08:47:20.814 I/IPCThreadState( 4459): oneway function results for code 3 on binder at 0xb400007cb4ffdc20 will be dropped but finished with status UNKNOWN_TRANSACTION
07-13 08:47:20.815 I/mtkpower_client( 1813): [Legacy][PowerHal_Wrap_notifyAppState] com.skillsroom.mobile/com.skillsroom.mobile pid=30732 state:3
07-13 08:47:20.816 D/DisplayManagerService( 1813): Drop pending events for gone uid 10210
07-13 08:47:20.815 I/MiuiNetworkPolicy( 1813): removeUidState uid = 10210
07-13 08:47:20.816 D/UidObserver( 7233): onUidGone entry uid = 10210
07-13 08:47:20.817 I/libPowerHal( 1059): [perfNotifyAppState] pack:com.skillsroom.mobile, act:com.skillsroom.mobile, state:3, pid:30732, uid:10210, fps:-1
07-13 08:47:20.817 I/libPowerHal( 1059): [perfNotifyAppState] pack:com.skillsroom.mobile, pid:30732, STATE_DEAD
07-13 08:47:20.817 D/RilUtility( 1059): notify_rild_crash_pid_set certPid:-1, crash:30732, scn:0x0
07-13 08:47:20.819 D/C2MtkBufferManager( 1041): over 5000ms not request from VCodec but callback hooked, slow BM Cc fetch thread
07-13 08:47:20.819 I/MessageMonitor(30984): Load libmiui_runtime
07-13 08:47:20.824 D/WindowManager( 1813): setParent old=Task{3956260 #5352 type=standard A=10210:com.skillsroom.mobile},new=null,this window=ActivityRecord{d1068e1 u0 com.skillsroom.mobile/.MainActivity t5352 f}},callers=com.android.server.wm.WindowContainer.removeChild:831 com.android.server.wm.TaskFragment.removeChild:3100 com.android.server.wm.Task.removeChild:1815 com.android.server.wm.Task.removeChild:1795 com.android.server.wm.WindowContainer.removeImmediately:889 com.android.server.wm.WindowToken.removeImmediately:376 
07-13 08:47:20.825 E/BufferQueueDebug( 1133): [Task=5352#77648](this:0xb400007855908a30,id:-1,api:0,p:-1,c:-1) id info cannot be read from 'Task=5352#77648'
07-13 08:47:20.825 I/BufferQueueDebug( 1133): [Task=5352#77648](this:0xb400007855908a30,id:-1,api:0,p:-1,c:-1) BufferQueue core=(1133:/system/bin/surfaceflinger)
07-13 08:47:20.826 I/adbd    (21521): Remote process closed the socket (on MSG_PEEK)
07-13 08:47:20.827 I/LauncherOverlayCallback( 3531): handleMessage WHAT_LAUNCHER_STATE what：1
07-13 08:47:20.828 D/SymlinkUtils( 1813): attachApplication file op go pass: 1 ms
07-13 08:47:20.828 D/LauncherOverlay.Window( 3531): launcherState 1
07-13 08:47:20.828 D/LauncherOverlay.Window( 3531): resumedStateNow 0,resumedStateNew = 0
07-13 08:47:20.830 D/WindowManager( 1813): setParent old=DefaultTaskDisplayArea@53641789,new=null,this window=Task{3956260 #5352 type=standard A=10210:com.skillsroom.mobile},callers=com.android.server.wm.WindowContainer.removeChild:831 com.android.server.wm.TaskDisplayArea.removeChildTask:359 com.android.server.wm.TaskDisplayArea.removeChild:350 com.android.server.wm.WindowContainer.removeImmediately:889 com.android.server.wm.TaskFragment.removeImmediately:3184 com.android.server.wm.Task.removeImmediately:3213 
07-13 08:47:20.830 D/MiuiMultiWindowUtils( 1813): DeviceLevel.IS_MIUI_LITE_VERSION 2.0 not support miui multiWindowgale
07-13 08:47:20.830 D/MiuiMultiWindowUtils( 1813): DeviceLevel.IS_MIUI_LITE_VERSION 2.0 not support miui multiWindowgale
07-13 08:47:20.831 I/BufferQueueDebug( 1133): [605da0c com.skillsroom.mobile/com.skillsroom.mobile.MainActivity#77647](this:0xb400007855ab6a30,id:-1,api:0,p:-1,c:1133) onDestructor()
07-13 08:47:20.834 W/ActivityTaskManager( 1813): Can't find TaskDisplayArea to determine support for multi window. Task id=5352 attached=false
07-13 08:47:20.835 W/ActivityManager( 1813): setHasOverlayUi called on unknown pid: 30732
07-13 08:47:20.835 W/UsageStatsService( 1813): Unexpected activity event reported! (com.skillsroom.mobile/com.skillsroom.mobile.MainActivity event : 23 instanceId : 13914905)
07-13 08:47:20.836 I/SmartPower: com.google.android.googlequicksearchbox:googleapp/10174(30984)( 1813): died->background(15470ms) R(process start ) adj=-10000.
07-13 08:47:20.837 D/MiuiFullScreenTaskRepository( 2459): removeFullScreenTask taskId=5352, topActivity=null
07-13 08:47:20.838 D/Launcher.Lifecycle( 2470): onResume:UserHandle{0},63f4ca8,false
07-13 08:47:20.838 D/RecentsModel( 2470): onTaskStackChangedBackground
07-13 08:47:20.838 W/Settings( 2470): Setting device_provisioned has moved from android.provider.Settings.Secure to android.provider.Settings.Global.
07-13 08:47:20.838 D/EventBus( 2470): No subscribers registered for event class com.miui.home.recents.messages.RecentTasksChangedEvent
07-13 08:47:20.838 D/RecentsModel( 2470): onTaskStackChangedBackground    MSG_TASK_STACK_CHANGE
07-13 08:47:20.838 D/RecentsModel( 2470): preloadRecents
07-13 08:47:20.838 W/RecentsModel( 2470): getRunningTask
07-13 08:47:20.838 D/EventBus( 2470): No subscribers registered for event class org.greenrobot.eventbus.NoSubscriberEvent
07-13 08:47:20.839 D/C2MtkBufferManager( 1041): over 5000ms not request from VCodec but callback hooked, slow BM Cc fetch thread
07-13 08:47:20.841 D/CompatibilityChangeReporter( 1813): Compat change id reported: 168419799; UID 10174; state: DISABLED
07-13 08:47:20.841 W/RecentsModel( 2470): getRunningTask   taskInfo=TaskInfo{userId=0 taskId=2 displayId=0 isRunning=true baseIntent=Intent { act=android.intent.action.MAIN cat=[android.intent.category.HOME] flg=0x10000100 cmp=com.miui.home/.launcher.Launcher } baseActivity=ComponentInfo{com.miui.home/com.miui.home.launcher.Launcher} topActivity=ComponentInfo{com.miui.home/com.miui.home.launcher.Launcher} origActivity=null realActivity=ComponentInfo{com.miui.home/com.miui.home.launcher.Launcher} numActivities=1 lastActiveTime=690440340 supportsSplitScreenMultiWindow=true supportsMultiWindow=true resizeMode=2 isResizeable=true minWidth=-1 minHeight=-1 defaultMinSize=200 token=WCT{android.window.IWindowContainerToken$Stub$Proxy@668da7} topActivityType=2 pictureInPictureParams=null shouldDockBigOverlays=false launchIntoPipHostTaskId=-1 lastParentTaskIdBeforePip=-1 displayCutoutSafeInsets=Rect(0, 68 - 0, 0) topActivityInfo=ActivityInfo{fd6254 com.miui.home.launcher.Launcher} launchCookies=[] positionInParent=Point(0, 0) parentTaskId=-1 isFocused=true isVisible=false isVisibleRequested=false isSleeping=true topActivityInSizeCompat=false topActivityEligibleForLetterboxEducation= false topActivityLetterboxed= false isFromDoubleTap= false topActivityLetterboxVerticalPosition= -1 topActivityLetterboxHorizontalPosition= -1 topActivityLetterboxWidth=-1 topActivityLetterboxHeight=-1 locusId=null displayAreaFeatureId=1 cameraCompatControlState=hidden mIsCastMode=false mTopActivityMediaSize=null mTopActivityRecordName=ActivityRecord{8061640 u0 com.miui.home/.launcher.Launcher t2} mTopActivityOrientation=-2 mTopActivityWindowIsNowVisible=false isTranslucent=false isEmbedded=false shouldBeVisible=true mBehindAppLockPkg=null mOriginatingUid=0}
07-13 08:47:20.841 D/CompatibilityChangeReporter( 1813): Compat change id reported: 273564678; UID 10174; state: DISABLED
07-13 08:47:20.841 W/RecentsModel( 2470): getTaskInfoIgnoreHomeAndFreeform   taskInfo=ComponentInfo{com.miui.home/com.miui.home.launcher.Launcher}
07-13 08:47:20.842 D/SoscSplitStateController( 2470): updateDividerFixedState: isFixed = true
07-13 08:47:20.842 E/ActivityManagerWrapper( 2470): get all recent tasks force including 2
07-13 08:47:20.842 D/Launcher.FullbackHome( 2470): FallbackHomeCompat::needKillSelf::needKillSelf = false
07-13 08:47:20.847 V/AlarmManager( 1813): timeNonDiff <= 0;nowElapsed:690440498, Alarm{36e2c06 uId =1000 creatorUid =1000 packageName =android sourcePackage =android operation =null type 3 origWhen 690433723 whenElapsed 690440498 android}
07-13 08:47:20.849 D/CompatibilityChangeReporter(30984): Compat change id reported: 171979766; UID 10174; state: ENABLED
07-13 08:47:20.849 D/CompatibilityChangeReporter(30984): Compat change id reported: 242716250; UID 10174; state: ENABLED
07-13 08:47:20.852 D/SoScSplitScreenController( 2459): updateDividerFixedState isFixed:true
07-13 08:47:20.854 E/ActivityManagerWrapper( 2470): getRecentTasks: size=9
07-13 08:47:20.854 I/BufferQueueDebug( 1133): [Task=5352#77648](this:0xb400007855908a30,id:-1,api:0,p:-1,c:1133) onDestructor()
07-13 08:47:20.854 E/ActivityManagerWrapper( 2470): getRecentTasks: mainTaskId=5352   userId=0   windowMode=1   baseIntent=Intent { act=android.intent.action.MAIN flag=270532608 cmp=ComponentInfo{com.skillsroom.mobile/com.skillsroom.mobile.MainActivity} }
07-13 08:47:20.854 E/ActivityManagerWrapper( 2470): getRecentTasks: mainTaskId=5344   userId=0   windowMode=1   baseIntent=Intent { act=android.intent.action.MAIN flag=270532608 cmp=ComponentInfo{com.facebook.lite/com.facebook.lite.MainActivity} }
07-13 08:47:20.854 I/BufferQueueDebug( 1133): [ActivityRecord{d1068e1 u0 com.skillsroom.mobile/.MainActivity t5352}#77641](this:0xb40000785b405a30,id:-1,api:0,p:-1,c:1133) onDestructor()
07-13 08:47:20.854 E/ActivityManagerWrapper( 2470): getRecentTasks: mainTaskId=5341   userId=0   windowMode=1   baseIntent=Intent { act=android.intent.action.MAIN flag=270532608 cmp=ComponentInfo{com.whatsapp.w4b/com.whatsapp.Main} }
07-13 08:47:20.854 E/ActivityManagerWrapper( 2470): getRecentTasks: mainTaskId=5336   userId=0   windowMode=1   baseIntent=Intent { act=android.intent.action.MAIN flag=270532608 cmp=ComponentInfo{com.google.android.dialer/com.google.android.dialer.extensions.GoogleDialtactsActivity} }
07-13 08:47:20.854 E/ActivityManagerWrapper( 2470): getRecentTasks: mainTaskId=5335   userId=0   windowMode=1   baseIntent=Intent { act=android.intent.action.MAIN flag=270532608 cmp=ComponentInfo{com.shaiban.audioplayer.mplayer/com.shaiban.audioplayer.mplayer.app.navigation.NavigatingActivity} }
07-13 08:47:20.854 E/ActivityManagerWrapper( 2470): getRecentTasks: mainTaskId=5287   userId=0   windowMode=1   baseIntent=Intent { act=android.intent.action.MAIN flag=270532608 cmp=ComponentInfo{ng.mtn.nextgen/ng.mtn.nextgen.MainActivity} }
07-13 08:47:20.854 E/ActivityManagerWrapper( 2470): getRecentTasks: mainTaskId=5273   userId=0   windowMode=1   baseIntent=Intent { act=android.settings.APPLICATION_DEVELOPMENT_SETTINGS flag=268468224 cmp=ComponentInfo{com.android.settings/com.android.settings.Settings$DevelopmentSettingsDashboardActivity} }
07-13 08:47:20.854 E/ActivityManagerWrapper( 2470): getRecentTasks: mainTaskId=5246   userId=0   windowMode=1   baseIntent=Intent { act=android.intent.action.MAIN flag=270532608 cmp=ComponentInfo{cn.xender/cn.xender.ui.activity.SplashActivity} }
07-13 08:47:20.854 E/ActivityManagerWrapper( 2470): getRecentTasks: mainTaskId=5239   userId=0   windowMode=1   baseIntent=Intent { act=android.intent.action.MAIN flag=270532608 cmp=ComponentInfo{com.android.camera/com.android.camera.Camera} }
07-13 08:47:20.859 D/LauncherAssistantCompatGoogle( 2470): onResume com.google.android.libraries.gsa.launcherclient.LauncherClient@80e5266
07-13 08:47:20.859 D/Launcher_UnlockAnimationStateMachine( 2470): onResume = PAUSE_WAIT
07-13 08:47:20.859 D/CompatibilityChangeReporter( 1813): Compat change id reported: 170503758; UID 10174; state: ENABLED
07-13 08:47:20.859 D/Launcher_UnlockAnimationStateMachine( 2470): setState:IDLE
07-13 08:47:20.859 D/Launcher_UnlockAnimationStateMachine( 2470): showUpdateDialog:onResume
07-13 08:47:20.859 D/C2MtkBufferManager( 1041): over 5000ms not request from VCodec but callback hooked, slow BM Cc fetch thread
07-13 08:47:20.861 D/CompatibilityChangeReporter( 1813): Compat change id reported: 218533173; UID 10210; state: ENABLED
07-13 08:47:20.861 D/CompatibilityChangeReporter( 1813): Compat change id reported: 262645982; UID 10210; state: ENABLED
07-13 08:47:20.862 D/Launcher_UnlockAnimationStateMachine( 2470): show updater dialog, mDialogType = 1
07-13 08:47:20.864 V/AlarmManager( 1813): timeNonDiff <= 0;nowElapsed:690440516, Alarm{1d8b5de uId =1000 creatorUid =1000 packageName =android sourcePackage =android operation =null type 3 origWhen 690433723 whenElapsed 690440516 android}
07-13 08:47:20.867 I/Launcher( 2470): changeMIUIWidgetEditMode false
07-13 08:47:20.873 D/MiuiFreeformModeObserver( 2459): activityResumed() intent： Intent { cmp=com.miui.home/.launcher.Launcher (has extras) }
07-13 08:47:20.880 D/C2MtkBufferManager( 1041): over 5000ms not request from VCodec but callback hooked, slow BM Cc fetch thread
07-13 08:47:20.886 D/nativeloader(30984): Configuring clns-4 for other apk /system/framework/org.apache.http.legacy.jar. target_sdk_version=37, uses_libraries=ALL, library_path=/data/app/~~Z-HmI1stqjfbfkWhJgGGiQ==/com.google.android.googlequicksearchbox-QHCqd3nTI1c_r9Njs0kq1w==/lib/arm64:/data/app/~~Z-HmI1stqjfbfkWhJgGGiQ==/com.google.android.googlequicksearchbox-QHCqd3nTI1c_r9Njs0kq1w==/base.apk!/lib/arm64-v8a:/data/app/~~Z-HmI1stqjfbfkWhJgGGiQ==/com.google.android.googlequicksearchbox-QHCqd3nTI1c_r9Njs0kq1w==/split_config.xhdpi.apk!/lib/arm64-v8a:/data/app/~~Z-HmI1stqjfbfkWhJgGGiQ==/com.google.android.googlequicksearchbox-QHCqd3nTI1c_r9Njs0kq1w==/split_lens_ondevice_engine_feature_module.apk!/lib/arm64-v8a:/data/app/~~Z-HmI1stqjfbfkWhJgGGiQ==/com.google.android.googlequicksearchbox-QHCqd3nTI1c_r9Njs0kq1w==/split_lens_ondevice_engine_play_ml_module.apk!/lib/arm64-v8a, permitted_path=/data:/mnt/expand:/data/user/0/com.google.android.googlequicksearchbox
07-13 08:47:20.886 D/nativeloader(30984): Extending system_exposed_libraries: libapuwareapusys.mtk.so:libapuwareapusys_v2.mtk.so:libapuwarexrp.mtk.so:libapuwarexrp_v2.mtk.so:libapuwareutils.mtk.so:libapuwareutils_v2.mtk.so:libapuwarehmp.mtk.so:libmcv_runtime_usdk.mtk.so:libneuron_graph_delegate.mtk.so:libneuronusdk_adapter.mtk.so:libtflite_mtk.mtk.so:libarmnn_ndk.mtk.so:libcmdl_ndk.mtk.so:libnir_neon_driver_ndk.mtk.so:libmvpu_runtime.mtk.so:libmvpu_runtime_pub.mtk.so:libmvpu_engine_pub.mtk.so:libmvpu_pattern_pub.mtk.so:libmvpuop_mtk_cv.mtk.so:libmvpuop_mtk_nn.mtk.so:libmvpu_runtime_25.mtk.so:libmvpu_runtime_25_pub.mtk.so:libmvpu_engine_25_pub.mtk.so:libmvpu_pattern_25_pub.mtk.so:libmvpuop25_mtk_cv.mtk.so:libmvpuop25_mtk_nn.mtk.so:libmvpu_config.mtk.so:libteeservice_client.trustonic.so:libmisys_jni.xiaomi.so
07-13 08:47:20.887 D/StatusBarController( 2470): handleMessage: flag 1000000  disable false
07-13 08:47:20.899 E/BufferQueueDebug( 1133): [com.miui.home/com.miui.home.launcher.Launcher#77649](this:0xb40000785b420a30,id:-1,api:0,p:-1,c:-1) id info cannot be read from 'com.miui.home/com.miui.home.launcher.Launcher#77649'
07-13 08:47:20.899 I/BufferQueueDebug( 1133): [com.miui.home/com.miui.home.launcher.Launcher#77649](this:0xb40000785b420a30,id:-1,api:0,p:-1,c:-1) BufferQueue core=(1133:/system/bin/surfaceflinger)
07-13 08:47:20.900 D/C2MtkBufferManager( 1041): over 5000ms not request from VCodec but callback hooked, slow BM Cc fetch thread
07-13 08:47:20.908 I/WindowManager( 1813): Relayout Window{52dece7 u0 com.miui.home/com.miui.home.launcher.Launcher}: oldVis=4 newVis=0 focusMayChange = true requestedWidth = 720 requestedHeight = 1600 outFrames = ClientWindowFrames{frame=[0,0][720,1600] display=[0,0][720,1600] parentFrame=[0,0][0,0]} outSurfaceControl = Surface(name=com.miui.home/com.miui.home.launcher.Launcher#77649)/@0x86d8c53
07-13 08:47:20.913 D/BufferQueueConsumer( 2470): [](id:9a600000516,api:0,p:-1,c:2470) connect: controlledByApp=false
07-13 08:47:20.921 D/C2MtkBufferManager( 1041): over 5000ms not request from VCodec but callback hooked, slow BM Cc fetch thread
07-13 08:47:20.932 D/RecentsContainer( 2470): onApplyWindowInsets, insets=WindowInsets{
07-13 08:47:20.932 D/RecentsContainer( 2470):     statusBars=Insets{left=0, top=68, right=0, bottom=0} max=Insets{left=0, top=68, right=0, bottom=0} vis=true
07-13 08:47:20.932 D/RecentsContainer( 2470):     navigationBars=Insets{left=0, top=0, right=0, bottom=0} max=Insets{left=0, top=0, right=0, bottom=94} vis=false
07-13 08:47:20.932 D/RecentsContainer( 2470):     captionBar=null max=null vis=false
07-13 08:47:20.932 D/RecentsContainer( 2470):     ime=Insets{left=0, top=0, right=0, bottom=0} max=null vis=false
07-13 08:47:20.932 D/RecentsContainer( 2470):     systemGestures=Insets{left=0, top=92, right=0, bottom=94} max=Insets{left=0, top=92, right=0, bottom=94} vis=true
07-13 08:47:20.932 D/RecentsContainer( 2470):     mandatorySystemGestures=Insets{left=0, top=92, right=0, bottom=94} max=Insets{left=0, top=92, right=0, bottom=94} vis=true
07-13 08:47:20.932 D/RecentsContainer( 2470):     tappableElement=Insets{left=0, top=68, right=0, bottom=94} max=Insets{left=0, top=68, right=0, bottom=94} vis=true
07-13 08:47:20.932 D/RecentsContainer( 2470):     displayCutout=Insets{left=0, top=68, right=0, bottom=0} max=Insets{left=0, top=68, right=0, bottom=0} vis=true
07-13 08:47:20.932 D/RecentsContainer( 2470):     windowDecor=null max=null vis=false
07-13 08:47:20.932 D/RecentsContainer( 2470):     systemOverlays=null max=null vis=false
07-13 08:47:20.932 D/RecentsContainer( 2470):     cutout=DisplayCutout{insets=Rect(0, 68 - 0, 0) waterfall=Insets{left=0, top=0, right=0, bottom=0} boundingRect={Bounds=[Rect(0, 0 - 0, 0), Rect(320, 0 - 400, 68), Rect(0, 0 - 0, 0), Rect(0, 0 - 0, 0)]} cutoutPathParserInfo={CutoutPathParserInfo{displayWidth=720 displayHeight=1600 physicalDisplayWidth=720 physicalDisplayHeight=1600 density={2.0} cutoutSpec={M 0,0 H -40 V 68 H 40 V 0 H 0 Z} rotation={0} scale={1.0} physicalPixelDisplaySizeRatio={1.0}}}}
07-13 08:47:20.932 D/RecentsContainer( 2470):     roundedCorners=RoundedCorners{[RoundedCorner{position=TopLeft, radius=66, center=Point(66, 66)}, RoundedCorner{position=TopRight, radius=66, center=Point(654, 66)}, RoundedCorner{position=BottomRight, radius=66, center=Point(654, 1534)}, RoundedCorner{position=BottomLeft, radius=66, center=Point(66, 1534)}]}
07-13 08:47:20.932 D/RecentsContainer( 2470):     privacyIndicatorBounds=PrivacyIndicatorBounds {static bounds=Rect(23, 0 - 49, 68) rotation=0}
07-13 08:47:20.932 D/RecentsContainer( 2470):     displayShape=DisplayShape{ spec=2134893525 displayWidth=720 displayHeight=1600 physicalPixelDisplaySizeRatio=1.0 rotation=0 offsetX=0 offsetY=0 scale=1.0}
07-13 08:47:20.932 D/RecentsContainer( 2470):     suppressScrimTypes=
07-13 08:47:20.932 D/RecentsContainer( 2470):     compatInsetsTypes=statusBars navigationBars captionBar displayCutout systemOverlays
07-13 08:47:20.932 D/RecentsContainer( 2470):     compatIgnoreVisibility=true
07-13 08:47:20.932 D/RecentsContainer( 2470):     systemWindowInsetsConsumed=false
07-13 08:47:20.932 D/RecentsContainer( 2470):     stableInsetsConsumed=false
07-13 08:47:20.932 D/RecentsContainer( 2470):     displayCutoutConsumed=false
07-13 08:47:20.932 D/RecentsContainer( 2470):     }, rotation=0
07-13 08:47:20.936 E/OpenGLRenderer( 2470): Unable to match the desired swap behavior.
07-13 08:47:20.941 D/C2MtkBufferManager( 1041): over 5000ms not request from VCodec but callback hooked, slow BM Cc fetch thread
07-13 08:47:20.952 D/VRI[Launcher]( 2470): vri.reportNextDraw android.view.ViewRootImpl.performTraversals:4402 android.view.ViewRootImpl.doTraversal:3018 android.view.ViewRootImpl$TraversalRunnable.run:10526 android.view.Choreographer$CallbackRecord.run:1682 android.view.Choreographer$CallbackRecord.run:1691 
07-13 08:47:20.955 D/VRI[Launcher]( 2470): vri.Setup new sync=wmsSync-VRI[Launcher]#82
07-13 08:47:20.961 D/C2MtkBufferManager( 1041): over 5000ms not request from VCodec but callback hooked, slow BM Cc fetch thread
07-13 08:47:20.968 E/ThermalInfoUtils( 7233): getCurrentCapacity Exceptionjava.io.FileNotFoundException: /sys/class/power_supply/battery/charge_counter: open failed: EACCES (Permission denied)
07-13 08:47:20.982 D/C2MtkBufferManager( 1041): over 5000ms not request from VCodec but callback hooked, slow BM Cc fetch thread
07-13 08:47:21.002 D/C2MtkBufferManager( 1041): over 5000ms not request from VCodec but callback hooked, slow BM Cc fetch thread
07-13 08:47:21.023 D/C2MtkBufferManager( 1041): over 5000ms not request from VCodec but callback hooked, slow BM Cc fetch thread
07-13 08:47:21.041 W/chbox:googleapp(30984): Failed to find entry 'classes.dex': Entry not found
07-13 08:47:21.043 D/C2MtkBufferManager( 1041): over 5000ms not request from VCodec but callback hooked, slow BM Cc fetch thread
07-13 08:47:21.047 W/chbox:googleapp(30984): Failed to find entry 'classes.dex': Entry not found
07-13 08:47:21.053 W/chbox:googleapp(30984): Failed to find entry 'classes.dex': Entry not found
07-13 08:47:21.054 D/nativeloader(30984): Configuring clns-5 for other apk /data/app/~~Z-HmI1stqjfbfkWhJgGGiQ==/com.google.android.googlequicksearchbox-QHCqd3nTI1c_r9Njs0kq1w==/base.apk:/data/app/~~Z-HmI1stqjfbfkWhJgGGiQ==/com.google.android.googlequicksearchbox-QHCqd3nTI1c_r9Njs0kq1w==/split_config.xhdpi.apk:/data/app/~~Z-HmI1stqjfbfkWhJgGGiQ==/com.google.android.googlequicksearchbox-QHCqd3nTI1c_r9Njs0kq1w==/split_lens_ondevice_engine_feature_module.apk:/data/app/~~Z-HmI1stqjfbfkWhJgGGiQ==/com.google.android.googlequicksearchbox-QHCqd3nTI1c_r9Njs0kq1w==/split_lens_ondevice_engine_play_ml_module.apk. target_sdk_version=37, uses_libraries=, library_path=/data/app/~~Z-HmI1stqjfbfkWhJgGGiQ==/com.google.android.googlequicksearchbox-QHCqd3nTI1c_r9Njs0kq1w==/lib/arm64:/data/app/~~Z-HmI1stqjfbfkWhJgGGiQ==/com.google.android.googlequicksearchbox-QHCqd3nTI1c_r9Njs0kq1w==/base.apk!/lib/arm64-v8a:/data/app/~~Z-HmI1stqjfbfkWhJgGGiQ==/com.google.android.googlequicksearchbox-QHCqd3nTI1c_r9Njs0kq1w==/split_config.xhdpi.apk!/lib/arm64-v8a:/data/app/~~Z-HmI1stqjfbfk
07-13 08:47:21.064 D/C2MtkBufferManager( 1041): over 5000ms not request from VCodec but callback hooked, slow BM Cc fetch thread
07-13 08:47:21.065 W/Settings( 2457): Setting airplane_mode_on has moved from android.provider.Settings.System to android.provider.Settings.Global, returning read-only value.
07-13 08:47:21.069 I/mtkpower@impl( 1059): [powerd_req] TIMER_MSG_PERF_LOCK_TIMEOUT hdl:244702
07-13 08:47:21.069 I/libPowerHal( 1059): [perfLockRel] hdl:244702, idx:3
07-13 08:47:21.069 I/libPowerHal( 1059): [unsetGPUFreq] current min:0, max:0; scn_gpu_min:0, scn_gpu_max:-1; scn_gpu_min(HL):-1, scn_gpu_max(HL):-1
07-13 08:47:21.069 I/libPowerHal( 1059): system_server: set gpu opp level: 31
07-13 08:47:21.069 I/libPowerHal( 1059): system_server: set gpu opp level max: 0
07-13 08:47:21.069 I/libPowerHal( 1059): [setGPUFreq] Soft min/max = (31, 0); Hard min/max = (31, 0)
07-13 08:47:21.069 I/libPowerHal( 1059): [setGPUFreq] final min/max = (31, 0)
07-13 08:47:21.069 I/libPowerHal( 1059): system_server: set gpu opp level: 31
07-13 08:47:21.069 I/libPowerHal( 1059): system_server: set gpu opp level max: 0
07-13 08:47:21.071 D/MobileStatusTracker(1)( 2459): onSignalStrengthsChanged signalStrength=SignalStrength:{mCdma=CellSignalStrengthCdma: cdmaDbm=2147483647 cdmaEcio=2147483647 evdoDbm=2147483647 evdoEcio=2147483647 evdoSnr=2147483647 miuiLevel=0 mOptimizedLevel=0 level=0,mGsm=CellSignalStrengthGsm: rssi=2147483647 ber=2147483647 mTa=2147483647 miuiLevel=0 isNtnMode=false mLevel=0,mWcdma=CellSignalStrengthWcdma: ss=2147483647 ber=2147483647 rscp=2147483647 ecno=2147483647 miuiLevel=0 mOptimizedLevel=0 level=0,mTdscdma=CellSignalStrengthTdscdma: rssi=2147483647 ber=2147483647 rscp=2147483647 miuiLevel=0 mOptimizedLevel=0 level=0,mLte=CellSignalStrengthLte: rssi=-87 rsrp=-96 rsrq=-10 rssnr=18 cqiTableIndex=2147483647 cqi=0 ta=0 miuiLevel=5 mOptimizedLevel=0 level=4 parametersUseForLevel=0,mNr=CellSignalStrengthNr:{ csiRsrp = 2147483647 csiRsrq = 2147483647 csiCqiTableIndex = 2147483647 csiCqiReport = [] ssRsrp = 2147483647 ssRsrq = 2147483647 ssSinr = 2147483647 miuiLevel = 0 mOptimizedLevel = 0 level = 0 parametersUseForLevel = 0 timingAdvance = 2147483647 },primary=CellSignalStrengthLte,mNrAsPrimaryInNrNsa=false}
07-13 08:47:21.071 D/NetworkController.MobileSignalController(1)( 2459): update5GConnectState: false
07-13 08:47:21.071 D/NetworkController.MobileSignalController(1)( 2459): ss use aosp level not 0, 5
07-13 08:47:21.073 I/lowmemorykiller(  475): Kill 'com.android.htmlviewer:remote' (30955), uid 10118, oom_score_adj 905 to free 73820kB rss, 41708kB swap; reason: cw
07-13 08:47:21.075 D/DragContainerLayout( 2470): dispatch draw with clip rect: null
07-13 08:47:21.079 I/libprocessgroup( 1813): Successfully killed process cgroup uid 10118 pid 30955 in 5ms
07-13 08:47:21.084 D/C2MtkBufferManager( 1041): over 5000ms not request from VCodec but callback hooked, slow BM Cc fetch thread
07-13 08:47:21.096 I/ActivityManager( 1813): Process com.android.htmlviewer:remote (pid 30955) has died: cch+5 CEM 
07-13 08:47:21.096 I/Zygote  ( 1023): Process 30955 exited due to signal 9 (Killed)
07-13 08:47:21.097 E/ProcessManager( 1813): error write exception log
07-13 08:47:21.098 I/lowmemorykiller(  475): Kill 'com.xiaomi.discover' (30777), uid 10198, oom_score_adj 905 to free 136556kB rss, 39004kB swap; reason: cw
07-13 08:47:21.099 I/libprocessgroup( 1813): Successfully killed process cgroup uid 10118 pid 30955 in 0ms
07-13 08:47:21.099 W/MiPicks-ProcessObserverV10(21977): onProcessDied:pid = 30955,died-uid=10118
07-13 08:47:21.099 D/DisplayManagerService( 1813): Drop pending events for gone uid 10118
07-13 08:47:21.099 D/UidObserver( 7233): onUidGone entry uid = 10118
07-13 08:47:21.100 I/IPCThreadState( 4459): oneway function results for code 3 on binder at 0xb400007cb4ffdc20 will be dropped but finished with status UNKNOWN_TRANSACTION
07-13 08:47:21.100 I/MiuiNetworkPolicy( 1813): removeUidState uid = 10118
07-13 08:47:21.101 I/mtkpower_client( 1813): [Legacy][PowerHal_Wrap_notifyAppState] com.android.htmlviewer/com.android.htmlviewer pid=30955 state:3
07-13 08:47:21.101 I/libPowerHal( 1059): [perfNotifyAppState] pack:com.android.htmlviewer, act:com.android.htmlviewer, state:3, pid:30955, uid:10118, fps:-1
07-13 08:47:21.101 I/libPowerHal( 1059): [perfNotifyAppState] pack:com.android.htmlviewer, pid:30955, STATE_DEAD
07-13 08:47:21.101 D/RilUtility( 1059): notify_rild_crash_pid_set certPid:-1, crash:30955, scn:0x0
07-13 08:47:21.105 D/C2MtkBufferManager( 1041): over 5000ms not request from VCodec but callback hooked, slow BM Cc fetch thread
07-13 08:47:21.105 I/libprocessgroup( 1813): Successfully killed process cgroup uid 10198 pid 30777 in 6ms
07-13 08:47:21.125 D/C2MtkBufferManager( 1041): over 5000ms not request from VCodec but callback hooked, slow BM Cc fetch thread
07-13 08:47:21.142 I/ActivityManager( 1813): Process com.xiaomi.discover (pid 30777) has died: cch+5 CEM 
07-13 08:47:21.142 I/Zygote  ( 1023): Process 30777 exited due to signal 9 (Killed)
07-13 08:47:21.143 E/ProcessManager( 1813): error write exception log
07-13 08:47:21.143 I/libprocessgroup( 1813): Successfully killed process cgroup uid 10198 pid 30777 in 0ms
07-13 08:47:21.145 I/IPCThreadState( 4459): oneway function results for code 3 on binder at 0xb400007cb4ffdc20 will be dropped but finished with status UNKNOWN_TRANSACTION
07-13 08:47:21.145 W/MiPicks-ProcessObserverV10(21977): onProcessDied:pid = 30777,died-uid=10198
07-13 08:47:21.145 D/DisplayManagerService( 1813): Drop pending events for gone uid 10198
07-13 08:47:21.145 D/UidObserver( 7233): onUidGone entry uid = 10198
07-13 08:47:21.146 I/MiuiNetworkPolicy( 1813): removeUidState uid = 10198
07-13 08:47:21.146 D/C2MtkBufferManager( 1041): over 5000ms not request from VCodec but callback hooked, slow BM Cc fetch thread
07-13 08:47:21.146 W/C2BqBuffer( 1041): last successful dequeue was 90092410589 us ago, 0 consecutive failures
07-13 08:47:21.151 I/libPowerHal( 1059): [perfNotifyAppState] pack:com.xiaomi.discover, act:com.xiaomi.discover, state:3, pid:30777, uid:10198, fps:-1
07-13 08:47:21.151 I/libPowerHal( 1059): [perfNotifyAppState] pack:com.xiaomi.discover, pid:30777, STATE_DEAD
07-13 08:47:21.151 D/RilUtility( 1059): notify_rild_crash_pid_set certPid:-1, crash:30777, scn:0x0
07-13 08:47:21.151 I/mtkpower_client( 1813): [Legacy][PowerHal_Wrap_notifyAppState] com.xiaomi.discover/com.xiaomi.discover pid=30777 state:3
07-13 08:47:21.166 D/C2MtkBufferManager( 1041): over 5000ms not request from VCodec but callback hooked, slow BM Cc fetch thread
07-13 08:47:21.180 D/BLASTBufferQueue( 2470): [VRI[Launcher]#1301](f:0,a:1) acquireNextBufferLocked size=720x1600 mFrameNumber=1 applyTransaction=true mTimestamp=621344561029110(auto) mPendingTransactions.size=0 graphicBufferId=10608569235199 transform=0
07-13 08:47:21.184 E/surfaceflinger( 1133): == MALI DEBUG ===eglp_winsys_populate_image_templates ==12288
07-13 08:47:21.185 D/VRI[Launcher]( 2470): vri.reportDrawFinished
07-13 08:47:21.185 W/WindowManager( 1813): finishDrawingWindow: Window{52dece7 u0 com.miui.home/com.miui.home.launcher.Launcher} mDrawState=DRAW_PENDING
07-13 08:47:21.185 D/WindowManager( 1813): wms.finishDrawingLocked: mDrawState=COMMIT_DRAW_PENDING Window{52dece7 u0 com.miui.home/com.miui.home.launcher.Launcher} in Surface(name=com.miui.home/com.miui.home.launcher.Launcher#77649)/@0x34adf81
07-13 08:47:21.186 D/C2MtkBufferManager( 1041): over 5000ms not request from VCodec but callback hooked, slow BM Cc fetch thread
07-13 08:47:21.187 W/Looper  ( 2470): PerfMonitor doFrame : time=313ms vsyncFrame=0 latency=169ms procState=-1 historyMsgCount=1 (msgIndex=1 wall=186ms seq=650629 h=android.app.ActivityThread$H w=159)
07-13 08:47:21.189 W/ActivityTaskManager( 1813): Activity top resumed state loss timeout for ActivityRecord{8061640 u0 com.miui.home/.launcher.Launcher t2}
07-13 08:47:21.190 W/ActivityTaskManager( 1813): Activity pause timeout for ActivityRecord{8061640 u0 com.miui.home/.launcher.Launcher t2}
07-13 08:47:21.190 I/gralloc4( 1133): @set_metadata: update dataspace from GM (0x00000000 -> 0x08010000)
07-13 08:47:21.190 W/Looper  ( 2470): PerfMonitor looperActivity : package=com.miui.home/.launcher.Launcher time=2ms latency=499ms  procState=-1  historyMsgCount=2 (msgIndex=1 wall=186ms seq=650629 h=android.app.ActivityThread$H w=159) (msgIndex=2 wall=313ms seq=650630 late=169ms h=android.view.Choreographer$FrameHandler c=android.view.Choreographer$FrameDisplayEventReceiver)
07-13 08:47:21.190 I/gralloc4( 1133): @set_metadata: update dataspace from GM (0x08010000 -> 0x00000000)
07-13 08:47:21.193 D/Launcher.Lifecycle( 2470): onPause:UserHandle{0},63f4ca8,false
07-13 08:47:21.193 D/Launcher_UnlockAnimationStateMachine( 2470): onPause = IDLE
07-13 08:47:21.193 D/Launcher_UnlockAnimationStateMachine( 2470): setState:PAUSE_WAIT
07-13 08:47:21.194 D/LauncherAssistantCompatGoogle( 2470): onPause com.google.android.libraries.gsa.launcherclient.LauncherClient@80e5266
07-13 08:47:21.195 I/PowerHalWrapper( 1813): amsBoostNotify pid:2470,activity:com.miui.home.launcher.Launcher, package:com.miui.home, mProcessCreatePackcom.skillsroom.mobile 
07-13 08:47:21.195 I/PowerHalWrapper( 1813): state: 0 
07-13 08:47:21.195 I/mtkpower_client( 1813): [Legacy][PowerHal_Wrap_notifyAppState] com.miui.home/com.miui.home.launcher.Launcher pid=2470 state:0
07-13 08:47:21.195 I/PowerHalWrapper( 1813): amsBoostNotify AMS_BOOST_PROCESS_CREATE_BOOST:false 
