07-13 08:47:12.161 D/C2MtkBufferManager( 1041): over 5000ms not request from VCodec but callback hooked, slow BM Cc fetch thread
07-13 08:47:12.182 D/C2MtkBufferManager( 1041): over 5000ms not request from VCodec but callback hooked, slow BM Cc fetch thread
07-13 08:47:12.193 I/PowerGroup( 1813): Powering off display group due to timeout (groupId= 0, uid= 1000, millisSinceLastUserActivity=10000, lastUserActivityEvent=other)...
07-13 08:47:12.193 I/PowerManagerService( 1813): Going to sleep due to timeout (uid 1000, screenOffTimeout=2147483647, activityTimeoutWM=10000, maxDimRatio=0.29999995, maxDimDur=18000)...
07-13 08:47:12.196 D/nativeloader(30732): Configuring clns-4 for other apk /data/app/~~YLnmsdzZwEre--bK2d7z9w==/com.skillsroom.mobile-f9Bv9at9m-3mkcSkMrJiDw==/base.apk. target_sdk_version=36, uses_libraries=, library_path=/data/app/~~YLnmsdzZwEre--bK2d7z9w==/com.skillsroom.mobile-f9Bv9at9m-3mkcSkMrJiDw==/lib/arm64:/data/app/~~YLnmsdzZwEre--bK2d7z9w==/com.skillsroom.mobile-f9Bv9at9m-3mkcSkMrJiDw==/base.apk!/lib/arm64-v8a, permitted_path=/data:/mnt/expand:/data/user/0/com.skillsroom.mobile
07-13 08:47:12.197 I/WindowManager( 1813): Started going to sleep... (groupId=0 why=OFF_BECAUSE_OF_TIMEOUT)
07-13 08:47:12.199 D/KeyguardService( 2459): onStartedGoingToSleep(2)
07-13 08:47:12.199 D/KeyguardViewMediator( 2459): onStartedGoingToSleep(3)
07-13 08:47:12.200 W/ProcessStats( 1813): Tracking association SourceState{eae01b2 com.android.systemui/1000 BFgs #2337789} whose proc state 4 is better than process ProcessState{2c2a74d com.miui.freeform/1000 pkg=com.miui.freeform} proc state 5 (4 skipped)
07-13 08:47:12.202 D/BatteryStatsManagerStub( 1813): notifyEvent for resId=16 used 0ms
07-13 08:47:12.202 I/whetstone.activity( 1813): processNotifyEvent1 resId = 16, bundle = Bundle[{startTime=690431854, interactive=false}]
07-13 08:47:12.202 D/BatteryStatsImpl( 1813): noteInteractiveLocked interactive=false
07-13 08:47:12.202 D/C2MtkBufferManager( 1041): over 5000ms not request from VCodec but callback hooked, slow BM Cc fetch thread
07-13 08:47:12.202 I/EventMonitor( 7233): notifyEvent resId=16
07-13 08:47:12.202 D/SM_S_AppUsageN( 7233): notifyEvent resId=16, interactive=false
07-13 08:47:12.205 D/Utilities( 2459):  oldHints : 0 backDisposition : 0 imeShown : false hints 0
07-13 08:47:12.206 D/KeyguardViewMediator( 2459): notifyStartedGoingToSleep
07-13 08:47:12.206 D/MiuiWindowDecorViewModel( 2459): mStartedGoingToSleepListener: sending cancel event
07-13 08:47:12.206 D/MiuiDragAndDropController( 2459): mStartedGoingToSleepListener: sending cancel event
07-13 08:47:12.208 D/MiuiFaceManager( 2459): inernational:true supportR:[ALL] nowR:NG
07-13 08:47:12.211 E/surfaceflinger( 1133): == MALI DEBUG ===eglp_winsys_populate_image_templates ==12288
07-13 08:47:12.214 D/MiuiFaceManager( 2459): inernational:true supportR:[ALL] nowR:NG
07-13 08:47:12.214 W/SurfaceFlingerInspector( 1133): Slow frame composition: ScreenCaptureOutput for 0 prepareFrame took 1005 ms
07-13 08:47:12.214 E/miui_face( 2459): start face unlock fail, mKeyguardShowing =true;isDeviceInteractive =false;isSwitchingUser =false;isKeyguardGoingAway =false
07-13 08:47:12.214 D/KeyguardViewMediator( 2459): handleNotifyStartedGoingToSleep
07-13 08:47:12.223 D/C2MtkBufferManager( 1041): over 5000ms not request from VCodec but callback hooked, slow BM Cc fetch thread
07-13 08:47:12.224 I/MiuiChargeController( 2459): dismissChargeAnimation: dismiss_for_screen_off
07-13 08:47:12.225 D/TouchInteractionService( 2470): onSystemUiFlagsChanged, mSystemUiStateFlags=600001c6
07-13 08:47:12.230 D/MiuiFaceManager( 2459): inernational:true supportR:[ALL] nowR:NG
07-13 08:47:12.230 D/MiuiFaceManager( 2459): inernational:true supportR:[ALL] nowR:NG
07-13 08:47:12.231 I/KeyguardSensorInjector( 2459): register pickup sensor
07-13 08:47:12.231 E/BufferQueueDebug( 1133): [ColorFade#77645](this:0xb4000078559f1a30,id:-1,api:0,p:-1,c:-1) id info cannot be read from 'ColorFade#77645'
07-13 08:47:12.231 I/BufferQueueDebug( 1133): [ColorFade#77645](this:0xb4000078559f1a30,id:-1,api:0,p:-1,c:-1) BufferQueue core=(1133:/system/bin/surfaceflinger)
07-13 08:47:12.233 D/miui.face.FaceService( 4120): preInitAuth, com.android.systemui ok
07-13 08:47:12.233 D/miui.face.FaceService( 4120): onPreInit curMonitor:com.android.systemui hasInit: true
07-13 08:47:12.233 D/MiuiFaceManager( 2459): mServiceReceiver callback: 207
07-13 08:47:12.235 E/BufferQueueDebug( 1133): [ColorFade BLAST#77646](this:0xb400007855a41a30,id:-1,api:0,p:-1,c:-1) id info cannot be read from 'ColorFade BLAST#77646'
07-13 08:47:12.235 I/BufferQueueDebug( 1133): [ColorFade BLAST#77646](this:0xb400007855a41a30,id:-1,api:0,p:-1,c:-1) BufferQueue core=(1133:/system/bin/surfaceflinger)
07-13 08:47:12.237 E/SensorService( 1813): CL_L  VirtualAlspscanAccess packet:com.android.keyguard.injector.KeyguardSensorInjector$mPickupSensorListener$1 use Sensorname:pickup  Wakeup 
07-13 08:47:12.237 D/BufferQueueConsumer( 1813): [](id:71500001114,api:0,p:-1,c:1813) connect: controlledByApp=false
07-13 08:47:12.239 D/MiuiKeyguardWallPaperManager( 2459): showWallpaperScreenOnAnim: false
07-13 08:47:12.239 D/nativeloader(30732): Load libframework-connectivity-jni.so using APEX ns com_android_tethering for caller /apex/com.android.tethering/javalib/framework-connectivity.jar: ok
07-13 08:47:12.240 I/Situation( 1046): batch: handle:24, flag:0,samplingPeriodNs:200000000 maxBatchReportLatencyNs:0
07-13 08:47:12.241 I/hwcomposer( 1039): [HWCDisplay] [Display_0 (type:1)] fps:1.905127,dur:1049.80,max:1035.09,min:14.71  
07-13 08:47:12.242 I/MiuiWallpaper-WallpaperEventManager( 2200): showWallpaperScreenOnAnim: on = false
07-13 08:47:12.244 I/Situation( 1046): enable: handle:24, en:1 
07-13 08:47:12.244 I/MiuiWallpaper-WallpaperEventManager( 2200): setScreenOn = false
07-13 08:47:12.245 D/C2MtkBufferManager( 1041): over 5000ms not request from VCodec but callback hooked, slow BM Cc fetch thread
07-13 08:47:12.245 D/BufferQueueConsumer( 1813): [](id:71500001115,api:0,p:-1,c:1813) connect: controlledByApp=true
07-13 08:47:12.246 I/gralloc4( 1813): @set_metadata: update dataspace from GM (0x08010000 -> 0x00000000)
07-13 08:47:12.247 D/OneHandedController( 2459): stopOneHanded state is 0
07-13 08:47:12.248 I/KeyguardSensorInjector( 2459): unregister large area touch sensor
07-13 08:47:12.248 I/system_server( 1813): createIfNeeded: Recreate new EGLImage since dataspace changed
07-13 08:47:12.250 E/system_server( 1813): == MALI DEBUG ===eglp_winsys_populate_image_templates ==12288
07-13 08:47:12.251 I/vol.MiuiVolumeDialogImp-plugin( 2459): dismissH mShowing:false dialog showing:false reason:2
07-13 08:47:12.252 I/TouchSensorLargeArea( 1046): TouchLargeAreaDetSensor: activate 0
07-13 08:47:12.252 D/BufferQueueConsumer( 1813): [SurfaceTexture-1-1813-2176](id:71500001115,api:0,p:-1,c:1813) disconnect
07-13 08:47:12.253 V/GraphicsEnvironment(30732): Currently set values for:
07-13 08:47:12.253 V/GraphicsEnvironment(30732):   angle_gl_driver_selection_pkgs=[]
07-13 08:47:12.253 V/GraphicsEnvironment(30732):   angle_gl_driver_selection_values=[]
07-13 08:47:12.254 V/GraphicsEnvironment(30732): ANGLE GameManagerService for com.skillsroom.mobile: false
07-13 08:47:12.255 V/GraphicsEnvironment(30732): com.skillsroom.mobile is not listed in per-application setting
07-13 08:47:12.255 V/GraphicsEnvironment(30732): Neither updatable production driver nor prerelease driver is supported.
07-13 08:47:12.256 I/gralloc4( 2459): @set_metadata: update dataspace from GM (0x00000000 -> 0x08010000)
07-13 08:47:12.258 D/PerfShielderService( 1813): com.android.systemui|com.android.systemui-Nav-831445295|771|621326698902571|630|0|2
07-13 08:47:12.263 W/MiuiPerfServiceClient( 3978): interceptAndQueuing:2459|com.android.systemui|771|630|621326698902571|Slow main thread|2
07-13 08:47:12.265 D/C2MtkBufferManager( 1041): over 5000ms not request from VCodec but callback hooked, slow BM Cc fetch thread
07-13 08:47:12.266 I/gralloc4( 2459): @set_metadata: update dataspace from GM (0x00000000 -> 0x08010000)
07-13 08:47:12.266 D/MediaCodec(19459): [mId: 6] audio-debug Stats over last 5002ms:
07-13 08:47:12.266 D/MediaCodec(19459): [mId: 6] audio-debug Qinput: 0, DQinput: 0 success out of 5 tries
07-13 08:47:12.266 D/MediaCodec(19459): [mId: 6] audio-debug Render: 0, Drop: 0, DQoutput: 0 success out of 0 tries
07-13 08:47:12.270 I/BufferQueueProducer( 1133): [NavigationBar0#77076](this:0xb4000078557c9a30,id:-1,api:0,p:-1,c:1133) queueBuffer: fps=0.31 dur=9725.45 max=8951.92 min=144.31
07-13 08:47:12.272 D/ForceDarkAppConfigProvider( 1813): cloudConfigVersion: -1   localConfigVersion:20240119
07-13 08:47:12.272 I/UiModeManager( 1813): systemserver package:com.skillsroom.mobile null
07-13 08:47:12.273 I/ForceDarkHelperStubImpl(30732): initialize for com.skillsroom.mobile , ForceDarkAppConfig: null
07-13 08:47:12.273 I/gralloc4( 2459): @set_metadata: update dataspace from GM (0x00000000 -> 0x08010000)
07-13 08:47:12.278 D/nativeloader(30732): Load libforcedarkimpl.so using system ns (caller=/system_ext/framework/miui-framework.jar): ok
07-13 08:47:12.279 D/OpenGLRenderer(30732): JNI_OnLoad success
07-13 08:47:12.279 I/MiuiForceDarkConfig(30732): setConfig density:2.000000, mainRule:0, secondaryRule:0, tertiaryRule:0
07-13 08:47:12.286 D/C2MtkBufferManager( 1041): over 5000ms not request from VCodec but callback hooked, slow BM Cc fetch thread
07-13 08:47:12.290 I/gralloc4( 2459): @set_metadata: update dataspace from GM (0x00000000 -> 0x08010000)
07-13 08:47:12.296 D/CompatibilityChangeReporter(30732): Compat change id reported: 183155436; UID 10210; state: ENABLED
07-13 08:47:12.306 D/C2MtkBufferManager( 1041): over 5000ms not request from VCodec but callback hooked, slow BM Cc fetch thread
07-13 08:47:12.307 I/gralloc4( 2459): @set_metadata: update dataspace from GM (0x00000000 -> 0x08010000)
07-13 08:47:12.320 W/FirebaseApp(30732): Default FirebaseApp failed to initialize because no default options were found. This usually means that com.google.gms:google-services was not applied to your gradle project.
07-13 08:47:12.320 I/FirebaseInitProvider(30732): FirebaseApp initialization unsuccessful
07-13 08:47:12.324 I/gralloc4( 2459): @set_metadata: update dataspace from GM (0x00000000 -> 0x08010000)
07-13 08:47:12.326 D/C2MtkBufferManager( 1041): over 5000ms not request from VCodec but callback hooked, slow BM Cc fetch thread
07-13 08:47:12.340 I/gralloc4( 2459): @set_metadata: update dataspace from GM (0x00000000 -> 0x08010000)
07-13 08:47:12.347 D/C2MtkBufferManager( 1041): over 5000ms not request from VCodec but callback hooked, slow BM Cc fetch thread
07-13 08:47:12.353 D/BLASTBufferQueue( 1813): [ColorFade#2180](f:0,a:1) acquireNextBufferLocked size=720x1600 mFrameNumber=1 applyTransaction=true mTimestamp=621335734001110(auto) mPendingTransactions.size=0 graphicBufferId=7786775724980 transform=0
07-13 08:47:12.354 E/surfaceflinger( 1133): == MALI DEBUG ===eglp_winsys_populate_image_templates ==12288
07-13 08:47:12.358 I/gralloc4( 2459): @set_metadata: update dataspace from GM (0x00000000 -> 0x08010000)
07-13 08:47:12.365 E/surfaceflinger( 1133): == MALI DEBUG ===eglp_winsys_populate_image_templates ==12288
07-13 08:47:12.367 D/C2MtkBufferManager( 1041): over 5000ms not request from VCodec but callback hooked, slow BM Cc fetch thread
07-13 08:47:12.371 I/gralloc4( 1133): @set_metadata: update dataspace from GM (0x08010000 -> 0x00000000)
07-13 08:47:12.373 E/surfaceflinger( 1133): == MALI DEBUG ===eglp_winsys_populate_image_templates ==12288
07-13 08:47:12.374 I/gralloc4( 2459): @set_metadata: update dataspace from GM (0x00000000 -> 0x08010000)
07-13 08:47:12.375 D/MI-SF   ( 1133): updateMiFodFlag layer[ColorFade BLAST#77646] ColorFade
07-13 08:47:12.378 I/DisplayPowerController[0]( 1813): Brightness [0.049061976] reason changing to: 'manual', previous reason: 'manual [ dim ]'.
07-13 08:47:12.379 I/DisplayPowerController[0]( 1813): BrightnessEvent: disp=0, physDisp=local:0, brt=0.049061976, initBrt=0.00342131, rcmdBrt=NaN, preBrt=NaN, lux=0.0, preLux=0.0, hbmMax=1.0, hbmMode=off, rbcStrength=50, thrmMax=1.0, powerFactor=1.0, wasShortTermModelActive=false, flags=, reason=manual, autoBrightness=false, strategy=
07-13 08:47:12.387 I/gralloc4( 1133): @set_metadata: update dataspace from GM (0x08010000 -> 0x00000000)
07-13 08:47:12.387 D/C2MtkBufferManager( 1041): over 5000ms not request from VCodec but callback hooked, slow BM Cc fetch thread
07-13 08:47:12.399 E/surfaceflinger( 1133): == MALI DEBUG ===eglp_winsys_populate_image_templates ==12288
07-13 08:47:12.399 I/libPerfCtl( 1059): xgfGetFPS pid:1813 fps:-1
07-13 08:47:12.399 I/libPerfCtl( 1059): xgfGetFPS pid:2459 fps:67
07-13 08:47:12.399 I/libPerfCtl( 1059): xgfGetFPS pid:2470 fps:-1
07-13 08:47:12.404 I/gralloc4( 1133): @set_metadata: update dataspace from GM (0x08010000 -> 0x00000000)
07-13 08:47:12.408 D/C2MtkBufferManager( 1041): over 5000ms not request from VCodec but callback hooked, slow BM Cc fetch thread
07-13 08:47:12.412 E/surfaceflinger( 1133): == MALI DEBUG ===eglp_winsys_populate_image_templates ==12288
07-13 08:47:12.420 I/gralloc4( 1133): @set_metadata: update dataspace from GM (0x08010000 -> 0x00000000)
07-13 08:47:12.423 I/gralloc4( 1813): @set_metadata: update dataspace from GM (0x00000000 -> 0x08010000)
07-13 08:47:12.423 E/BLASTBufferQueue( 1813): [ColorFade#2180](f:1,a:4) acquireNextBufferLocked: Failed to acquire a buffer, err=NO_BUFFER_AVAILABLE
07-13 08:47:12.424 W/SoLoader(30732): Initializing SoLoader: 0
07-13 08:47:12.428 D/C2MtkBufferManager( 1041): over 5000ms not request from VCodec but callback hooked, slow BM Cc fetch thread
07-13 08:47:12.430 W/SoLoader(30732): Recording new base apk path: /data/app/~~YLnmsdzZwEre--bK2d7z9w==/com.skillsroom.mobile-f9Bv9at9m-3mkcSkMrJiDw==/base.apk
07-13 08:47:12.430 W/SoLoader(30732): Previously recorded 0 base apk paths.
07-13 08:47:12.435 I/SoLoader(30732): Preparing SO source: DirectorySoSource[root = /vendor/lib64 flags = 2]
07-13 08:47:12.435 I/SoLoader(30732): Preparing SO source: DirectorySoSource[root = /system/lib64 flags = 2]
07-13 08:47:12.435 I/SoLoader(30732): Preparing SO source: DirectApkSoSource[root = [/data/app/~~YLnmsdzZwEre--bK2d7z9w==/com.skillsroom.mobile-f9Bv9at9m-3mkcSkMrJiDw==/base.apk!/lib/arm64-v8a]]
07-13 08:47:12.437 I/gralloc4( 1133): @set_metadata: update dataspace from GM (0x08010000 -> 0x00000000)
07-13 08:47:12.439 I/gralloc4( 1813): @set_metadata: update dataspace from GM (0x00000000 -> 0x08010000)
07-13 08:47:12.439 E/BLASTBufferQueue( 1813): [ColorFade#2180](f:1,a:4) acquireNextBufferLocked: Failed to acquire a buffer, err=NO_BUFFER_AVAILABLE
07-13 08:47:12.448 D/C2MtkBufferManager( 1041): over 5000ms not request from VCodec but callback hooked, slow BM Cc fetch thread
07-13 08:47:12.456 I/gralloc4( 1813): @set_metadata: update dataspace from GM (0x00000000 -> 0x08010000)
07-13 08:47:12.469 D/C2MtkBufferManager( 1041): over 5000ms not request from VCodec but callback hooked, slow BM Cc fetch thread
07-13 08:47:12.472 I/gralloc4( 1813): @set_metadata: update dataspace from GM (0x00000000 -> 0x08010000)
07-13 08:47:12.472 E/BLASTBufferQueue( 1813): [ColorFade#2180](f:1,a:4) acquireNextBufferLocked: Failed to acquire a buffer, err=NO_BUFFER_AVAILABLE
07-13 08:47:12.478 E/FbnsAIDLClientManager(28813): Max Try reached for binding to FbnsAIDLService, threadId 1532
07-13 08:47:12.480 E/FbnsAIDLClientManager(28813): Fbns AIDL request got RemoteException
07-13 08:47:12.480 E/FbnsAIDLClientManager(28813): android.os.RemoteException: AIDLService is not bound
07-13 08:47:12.480 E/FbnsAIDLClientManager(28813): 	at X.08yE.call(:381)
07-13 08:47:12.480 E/FbnsAIDLClientManager(28813): 	at java.util.concurrent.FutureTask.run(FutureTask.java:328)
07-13 08:47:12.480 E/FbnsAIDLClientManager(28813): 	at java.util.concurrent.ThreadPoolExecutor.runWorker(ThreadPoolExecutor.java:1100)
07-13 08:47:12.480 E/FbnsAIDLClientManager(28813): 	at java.util.concurrent.ThreadPoolExecutor$Worker.run(ThreadPoolExecutor.java:624)
07-13 08:47:12.480 E/FbnsAIDLClientManager(28813): 	at java.lang.Thread.run(Thread.java:1572)
07-13 08:47:12.482 I/SmartPower: com.facebook.services/10100(30360)( 1813): idle->background(4638ms) R(service unbind com.facebook.services/com.facebook.oxygen.services.fbns.PreloadedFbnsService) adj=500.
07-13 08:47:12.488 W/fbservices-stub:InitStatus(30360): Not blocking Service (91731784)
07-13 08:47:12.489 D/C2MtkBufferManager( 1041): over 5000ms not request from VCodec but callback hooked, slow BM Cc fetch thread
07-13 08:47:12.489 I/gralloc4( 1813): @set_metadata: update dataspace from GM (0x00000000 -> 0x08010000)
07-13 08:47:12.489 E/BLASTBufferQueue( 1813): [ColorFade#2180](f:1,a:4) acquireNextBufferLocked: Failed to acquire a buffer, err=NO_BUFFER_AVAILABLE
07-13 08:47:12.490 I/DisplayPowerController[0]( 1813): Blocking screen off
07-13 08:47:12.491 D/android.hardware.lights-service.mediatek( 1056): B set_light_backlight, brightness=0, state->color=0x0
07-13 08:47:12.492 I/DisplayPowerController[0]( 1813): Unblocked screen off after 2 ms
07-13 08:47:12.492 D/KeyguardService( 2459): onScreenTurningOff
07-13 08:47:12.492 D/android.hardware.lights-service.mediatek( 1056): write 0 to /sys/class/leds/lcd-backlight/brightness
07-13 08:47:12.492 D/android.hardware.lights-service.mediatek( 1056): write 0 to /sys/class/leds/lcd-backlight/brightness, result: 0
07-13 08:47:12.493 I/IPCThreadState( 2470): oneway function results for code 25 on binder at 0xb400007c9d2392e0 will be dropped but finished with status UNKNOWN_TRANSACTION
07-13 08:47:12.493 I/WindowManager( 1813): Display0 turned off...
07-13 08:47:12.494 D/OneHandedController( 2459): stopOneHanded state is 0
07-13 08:47:12.494 D/KeyguardService( 2459): onScreenTurnedOff
07-13 08:47:12.494 W/ActivityManager( 1813): Unable to start service Intent { act=miui.action.CAMERA_EMPTY_SERVICE pkg=com.android.camera } U=0: not found
07-13 08:47:12.496 D/DisplayPowerControllerImpl( 1813): updateBrightnessChangeStatus: animating: false, displayState: 1, slowChange: false, appliedDimming: false, appliedLowPower: false, currentBrightness: 0.00342131, currentSdrBrightness: 0.00342131, targetBrightness: 0.0, targetSdrBrightness: 0.0, previousDisplayPolicy: 2, currentDisplayPolicy: 0
07-13 08:47:12.497 I/Situation( 1046): enable: handle:26, en:0 
07-13 08:47:12.497 D/RampRateController( 1813): updateBrightnessRate: screenBrightnessFloat: brightness rate changing from [fast_rate] to [zero_rate], rate: 0.0
07-13 08:47:12.497 D/RampRateController( 1813): updateBrightnessRate: sdrScreenBrightnessFloat: brightness rate changing from [fast_rate] to [zero_rate], rate: 0.0
07-13 08:47:12.497 D/AAL     ( 1359): onBacklightChanged: 8/1023 -> 0/1023(phy:0/4095)
07-13 08:47:12.497 D/AAL     ( 1359): onBacklightChanged: change screen state 3(On) -> 0(Off)
07-13 08:47:12.497 D/AALLightSensor( 1359): AALLightSensor setEnabled 1-->0
07-13 08:47:12.500 D/TRS     ( 1359): ccorr table index=0
07-13 08:47:12.500 D/CentralSurfaces( 2459): Received new disable state: enaiHBcRso.qingr (unchanged)
07-13 08:47:12.500 E/SensorManager( 1046): Correct handle(4) mindelay: 200000000 old: 1000000
07-13 08:47:12.501 D/AALLightSensor( 1359): AALLightSensor Disabled ret=0
07-13 08:47:12.501 D/TRS     ( 1359): [PQ_SERVICE]legacy Config PQ
07-13 08:47:12.501 D/CollapsedStatusBarFragment( 2459): adjustDisableFlags: ShadeExpansionState = 2 mHideIconsForBouncer = false mWereIconsJustHidden = false, mWakeUpCoordinator.getNotificationsFullyHidden = false, mIsExpanded = true, mBypassController.getBypassEnabled = false, mStatusBarStateController.getState() = 1, mKeyguardStateController.isKeyguardGoingAway() = false, mHeadsUpManager.hasPinnedHeadsUp = false, mControlPanelExpand = false
07-13 08:47:12.501 D/TRS     ( 1359): [PQ_SERVICE] setPQParamWithFilter configFlag: 7
07-13 08:47:12.501 D/TRS     ( 1359): ccorr table index=0
07-13 08:47:12.501 D/TRS     ( 1359): [PQ_SERVICE]legacy Config PQ
07-13 08:47:12.501 D/TRS     ( 1359): [PQ_SERVICE] setPQParamWithFilter configFlag: 7
07-13 08:47:12.502 D/AAL     ( 1359): EventTriggerSetting: [EvtTrigger] Screen off
07-13 08:47:12.502 D/AAL     ( 1359): LABC: LABC after setTarget isSmoothBacklight=1 
07-13 08:47:12.503 I/DisplayPowerController[0]( 1813): Brightness [-1.0] reason changing to: 'screen_off', previous reason: 'manual'.
07-13 08:47:12.503 I/DisplayPowerController[0]( 1813): BrightnessEvent: disp=0, physDisp=local:0, brt=-1.0, initBrt=0.049061976, rcmdBrt=NaN, preBrt=NaN, lux=0.0, preLux=0.0, hbmMax=1.0, hbmMode=off, rbcStrength=50, thrmMax=1.0, powerFactor=1.0, wasShortTermModelActive=false, flags=, reason=screen_off, autoBrightness=false, strategy=
07-13 08:47:12.503 D/QS      ( 2459): setListening true
07-13 08:47:12.505 D/CentralSurfaces( 2459): Received new disable state: enaiHBcRso.qingr (unchanged)
07-13 08:47:12.505 D/CollapsedStatusBarFragment( 2459): adjustDisableFlags: ShadeExpansionState = 2 mHideIconsForBouncer = false mWereIconsJustHidden = false, mWakeUpCoordinator.getNotificationsFullyHidden = false, mIsExpanded = true, mBypassController.getBypassEnabled = false, mStatusBarStateController.getState() = 1, mKeyguardStateController.isKeyguardGoingAway() = false, mHeadsUpManager.hasPinnedHeadsUp = false, mControlPanelExpand = false
07-13 08:47:12.506 I/LocalDisplayAdapter( 1813): setDisplayState(id=0, state=OFF)
07-13 08:47:12.506 I/DisplayDeviceRepository( 1813): Display device changed state: "Built-in Screen", OFF
07-13 08:47:12.507 D/SurfaceFlinger( 1133): Setting power mode 0 on display 0
07-13 08:47:12.507 D/MI-SF   ( 1133): notifyKernelDFPower, isEarly is 1
07-13 08:47:12.507 D/MI-SF   ( 1133): DF setPowerMode 0
07-13 08:47:12.508 I/hwcomposer( 1039): [HWCDisplay] Display(0) SetPowerMode(0)  
07-13 08:47:12.510 D/C2MtkBufferManager( 1041): over 5000ms not request from VCodec but callback hooked, slow BM Cc fetch thread
07-13 08:47:12.515 W/Launcher( 2470): onDisplayChanged: newRotation=0, mCurrentRotation=0
07-13 08:47:12.515 W/SurfaceControl( 1813): Invalid layer stack -1
07-13 08:47:12.515 I/DisplayDevice( 1813): [0] Layerstack set to -1 for local:0
07-13 08:47:12.515 D/Launcher_UnlockAnimationStateMachine( 2470): mOldDisplayState = 2 onDisplayChange = 1
07-13 08:47:12.515 D/Launcher_UnlockAnimationStateMachine( 2470): onScreenOff = PAUSE_WAIT
07-13 08:47:12.515 D/Launcher_UnlockAnimationStateMachine( 2470): setPrepare on screen off
07-13 08:47:12.515 D/Launcher_UnlockAnimationStateMachine( 2470): setPrepare = PAUSE_WAIT
07-13 08:47:12.515 D/Launcher( 2470): prepairUserPersentAnimation, shouldShowUserPresentAnimation = false
07-13 08:47:12.515 D/AAL     ( 1359): EventTriggerSetting: [EvtTrigger] Screen off
07-13 08:47:12.515 D/AAL     ( 1359): 07-13 08:47:12.503 BL=   0,ESS= 256, 
07-13 08:47:12.521 I/BtGatt.ScanManager(29492): msg.what = MSG_SCREEN_OFF, msg.arg1 = None
07-13 08:47:12.527 I/bt_stack(29492): [INFO:le_scanning_manager.cc(168)] Scan in shim layer stopped
07-13 08:47:12.528 I/bluetooth(29492): unregister_client: Client unregistered
07-13 08:47:12.528 I/bluetooth(29492): unregister_client: Cancelled address rotation alarm
07-13 08:47:12.529 I/NearbyDiscovery(10100): (REDACTED) FastPairDisplayObserver: %s -> %s
07-13 08:47:12.530 V/AutoDensityController( 2459): on display changed 0 context dpi:296 origin dpi:320 target dpi:296
07-13 08:47:12.530 D/C2MtkBufferManager( 1041): over 5000ms not request from VCodec but callback hooked, slow BM Cc fetch thread
07-13 08:47:12.531 D/AAL     ( 1359): EventTriggerSetting: [EvtTrigger] Screen off
07-13 08:47:12.532 I/bt_stack(29492): [INFO:le_scanning_manager.cc(204)] ScanFilterParamSetup in shim layer
07-13 08:47:12.533 I/bt_stack(29492): [INFO:le_scanning_manager.cc(204)] ScanFilterParamSetup in shim layer
07-13 08:47:12.533 I/bt_stack(29492): [INFO:le_scanning_manager.cc(204)] ScanFilterParamSetup in shim layer
07-13 08:47:12.537 D/mtk.hal.bt@1.1-impl( 1032): BtHostDebugInfo
07-13 08:47:12.537 D/[BT]    ( 1032): mtk_bt_op: BT_VND_OP_SET_BTHOST
07-13 08:47:12.548 I/NearbyDiscovery(10100): (REDACTED) PureOffloadFastPairScanner: eventType=%s, isInternalReq=%s, isScanning=%s, isScanningAllowed=%s
07-13 08:47:12.549 I/NearbyDiscovery(10100): (REDACTED) ApFastPairScanner: isScreenOn=%s, isLocationEnabled=%s, disableLocationRequirement=%s, isDiscoveryScanningEnabled=%s, during24GhzWifiWarmingUpPeriod=%s
07-13 08:47:12.550 D/BluetoothAdapter(10100): isLeEnabled(): ON
07-13 08:47:12.550 I/NearbyDiscovery(10100): (REDACTED) ApFastPairScanner: eventType=%s, intReq=%s, scanning=%s, scanAllowed=%s, bleEnabled=%s, lockScanRate=%s, startScanningByLowPowerMode=%s
07-13 08:47:12.551 D/C2MtkBufferManager( 1041): over 5000ms not request from VCodec but callback hooked, slow BM Cc fetch thread
07-13 08:47:12.551 I/NearbyDiscovery(10100): (REDACTED) ApFastPairScanner: Stopping scan, %s
07-13 08:47:12.551 D/BluetoothAdapter(10100): isLeEnabled(): ON
07-13 08:47:12.555 I/AppScanStats(29492): BLE_SCAN_RESULT_RECEIVED[1]reportBleScanResults=0
07-13 08:47:12.556 I/AppScanStats(29492): BLE_SCAN_STATE_CHANGED[1]reportBleScanStopped=false
07-13 08:47:12.559 D/ActivityAttributionService(29492): notifyActivityAttributionInfo UID=1002 packageName=com.android.bluetooth deviceAddress=no_active_device_address
07-13 08:47:12.559 I/BtGatt.ScanManager(29492): msg.what = MSG_STOP_BLE_SCAN, msg.arg1 = None
07-13 08:47:12.559 I/bt_btif (29492): get_profile_interface: get_profile_interface: id = activity_attribution
07-13 08:47:12.559 D/BtGatt.ScanManager(29492): Don't track stop when scan is suspended
07-13 08:47:12.559 E/bt_stack(29492): [ERROR:com_android_bluetooth_btservice_ActivityAttribution.cpp(172)] Failed to get ActivityAttribution Interface
07-13 08:47:12.561 I/bt_stack(29492): [INFO:le_scanning_manager.cc(162)] Unregister in shim layer, scanner_id:1
07-13 08:47:12.571 D/C2MtkBufferManager( 1041): over 5000ms not request from VCodec but callback hooked, slow BM Cc fetch thread
07-13 08:47:12.588 D/AAL     ( 1359): EventTriggerSetting: [EvtTrigger] Screen off
07-13 08:47:12.591 D/C2MtkBufferManager( 1041): over 5000ms not request from VCodec but callback hooked, slow BM Cc fetch thread
07-13 08:47:12.611 D/C2MtkBufferManager( 1041): over 5000ms not request from VCodec but callback hooked, slow BM Cc fetch thread
07-13 08:47:12.632 D/C2MtkBufferManager( 1041): over 5000ms not request from VCodec but callback hooked, slow BM Cc fetch thread
07-13 08:47:12.632 D/ActivityManager( 1813): getProcessesInErrorState callingUid=10288, CallingPid=19459
07-13 08:47:12.637 D/ActivityManager( 1813): getProcessesInErrorState callingUid=10279, CallingPid=443
07-13 08:47:12.652 D/C2MtkBufferManager( 1041): over 5000ms not request from VCodec but callback hooked, slow BM Cc fetch thread
07-13 08:47:12.672 D/C2MtkBufferManager( 1041): over 5000ms not request from VCodec but callback hooked, slow BM Cc fetch thread
07-13 08:47:12.693 D/C2MtkBufferManager( 1041): over 5000ms not request from VCodec but callback hooked, slow BM Cc fetch thread
07-13 08:47:12.713 D/C2MtkBufferManager( 1041): over 5000ms not request from VCodec but callback hooked, slow BM Cc fetch thread
07-13 08:47:12.718 I/SoLoader(30732): Preparing SO source: ApplicationSoSource[DirectorySoSource[root = /data/app/~~YLnmsdzZwEre--bK2d7z9w==/com.skillsroom.mobile-f9Bv9at9m-3mkcSkMrJiDw==/lib/arm64 flags = 0]]
07-13 08:47:12.718 I/SoLoader(30732): init finish: 4 SO sources prepared
07-13 08:47:12.719 W/SoLoader(30732): SoLoader initialized: 8
07-13 08:47:12.733 D/C2MtkBufferManager( 1041): over 5000ms not request from VCodec but callback hooked, slow BM Cc fetch thread
07-13 08:47:12.750 D/connsyslogger( 1516): data recycle:time out
07-13 08:47:12.750 D/connsyslogger( 1516): idx=0 Bootup Log: 2 log files! filecount=3 
07-13 08:47:12.753 D/C2MtkBufferManager( 1041): over 5000ms not request from VCodec but callback hooked, slow BM Cc fetch thread
07-13 08:47:12.774 D/C2MtkBufferManager( 1041): over 5000ms not request from VCodec but callback hooked, slow BM Cc fetch thread
07-13 08:47:12.794 D/C2MtkBufferManager( 1041): over 5000ms not request from VCodec but callback hooked, slow BM Cc fetch thread
07-13 08:47:12.815 D/C2MtkBufferManager( 1041): over 5000ms not request from VCodec but callback hooked, slow BM Cc fetch thread
07-13 08:47:12.819 D/AAL     ( 1359): EventTriggerSetting: [EvtTrigger] Screen off
07-13 08:47:12.820 D/SurfaceFlinger( 1133): Finished setting power mode 0 on display 0
07-13 08:47:12.820 D/MI-SF   ( 1133): DF setPowerMode 0
07-13 08:47:12.821 W/BpBinder( 1813): Slow Binder: BpBinder transact took 314 ms, interface=android.gui.ISurfaceComposer, code=9 oneway=false
07-13 08:47:12.821 I/DisplayDeviceRepository( 1813): Display device changed state: "Built-in Screen", OFF
07-13 08:47:12.821 W/libc    ( 1133): Access denied finding property "init.svc.vendor.displayfeature-hal-1-0"
07-13 08:47:12.822 I/mtkpower@impl( 1059): [setMode] type:9, enabled:1
07-13 08:47:12.822 E/mtkpower@impl( 1059): [setMode] unknown type
07-13 08:47:12.823 I/WindowManager( 1813): Finished going to sleep... (groupId=0 why=OFF_BECAUSE_OF_TIMEOUT)
07-13 08:47:12.827 I/MiuiWallpaper-MiuiKeyguardPictorialWallpaper( 2200): onVisibilityChanged, visible = false
07-13 08:47:12.828 W/Launcher( 2470): onDisplayChanged: newRotation=0, mCurrentRotation=0
07-13 08:47:12.828 I/MiuiWallpaper-ImageWallpaper( 2200): onVisibilityChanged, visible = false
07-13 08:47:12.830 I/BtGatt.ScanManager(29492): msg.what = MSG_SCREEN_OFF, msg.arg1 = None
07-13 08:47:12.830 D/[GF_HAL][gf_hal_device]( 1442): [gf_hal_netlink_recv] send message value=2
07-13 08:47:12.830 V/[GF_HAL][gf_hal]( 1442): [gf_hal_screen_off] enter
07-13 08:47:12.830 I/[GF_HAL][gf_hal]( 1442): [gf_hal_screen_off]
07-13 08:47:12.830 V/AutoDensityController( 2459): on display changed 0 context dpi:296 origin dpi:320 target dpi:296
07-13 08:47:12.831 V/[GF_HAL][gf_hal_milan]( 1442): [hal_milan_screen_off] enter
07-13 08:47:12.832 V/[GF_HAL][gf_hal_common]( 1442): [gf_hal_common_screen_off] enter
07-13 08:47:12.832 V/[GF_HAL][gf_hal_common]( 1442): [gf_hal_invoke_command_ex] enter
07-13 08:47:12.832 V/[GF_HAL][gf_hal_common]( 1442): [gf_hal_invoke_command] enter
07-13 08:47:12.832 V/[GF_HAL][gf_hal_milan]( 1442): [hal_milan_invoke_command] enter
07-13 08:47:12.833 I/mtkpower@impl( 1059): [setMode] type:7, enabled:0
07-13 08:47:12.833 I/libPowerHal( 1059): [perfUserScnDisableAll] 
07-13 08:47:12.833 I/libPowerHal( 1059): [perfUserScnDisableAll] perfUserScnDisableAll, h:5, s:1, a:0
07-13 08:47:12.834 I/libPowerHal( 1059): [perfUserScnDisableAll] perfUserScnDisableAll, h:6, s:1, a:0
07-13 08:47:12.834 I/libPowerHal( 1059): MTKPOWER_HINT_PROCESS_CREATE: cpu_ctrl set cpu freq: -1 -1 -1 -1
07-13 08:47:12.834 I/libPowerHal( 1059): [PD] MTKPOWER_HINT_PROCESS_CREATE update cmd:1000000, param:-1
07-13 08:47:12.834 I/libPowerHal( 1059): [PD] MTKPOWER_HINT_PROCESS_CREATE update cmd:2020000 param:1
07-13 08:47:12.834 I/libPowerHal( 1059): [PD] MTKPOWER_HINT_PROCESS_CREATE update cmd:1410000 param:0
07-13 08:47:12.835 I/libPowerHal( 1059): [PD] MTKPOWER_HINT_PROCESS_CREATE update cmd:1408300 param:0
07-13 08:47:12.835 D/KeyguardService( 2459): onFinishedGoingToSleep(2)
07-13 08:47:12.835 D/KeyguardViewMediator( 2459): onFinishedGoingToSleep(3)
07-13 08:47:12.835 D/KeyguardViewMediator( 2459): notifyFinishedGoingToSleep
07-13 08:47:12.835 E/KeyguardViewMediator( 2459): resetStateLocked
07-13 08:47:12.835 D/C2MtkBufferManager( 1041): over 5000ms not request from VCodec but callback hooked, slow BM Cc fetch thread
07-13 08:47:12.835 I/libPowerHal( 1059): [PD] MTKPOWER_HINT_PROCESS_CREATE update cmd:1000000 param:-1
07-13 08:47:12.835 I/mtkpower@impl( 1059): [setMode] Disable All
07-13 08:47:12.836 I/PowerGroup( 1813): Sleeping power group (groupId=0, uid=1000, reason=timeout)...
07-13 08:47:12.836 I/PowerManagerService( 1813): Sleeping (uid 1000)...
07-13 08:47:12.838 D/KeyguardViewMediator( 2459): handleNotifyFinishedGoingToSleep
07-13 08:47:12.839 D/KeyguardViewMediator( 2459): handleReset
07-13 08:47:12.845 V/[GF_HAL][gf_hal_milan]( 1442): [hal_milan_invoke_command] operation[0]=OPERATION_HOME_KEY, operation[0]=9
07-13 08:47:12.845 V/[GF_HAL][gf_hal_milan]( 1442): [hal_milan_invoke_command] exit
07-13 08:47:12.845 V/[GF_HAL][gf_hal_common]( 1442): [gf_hal_invoke_command] exit
07-13 08:47:12.845 V/[GF_HAL][gf_hal_common]( 1442): [gf_hal_invoke_command_ex] exit
07-13 08:47:12.845 V/[GF_HAL][gf_hal_common]( 1442): [gf_hal_common_screen_off] exit
07-13 08:47:12.845 D/[GF_HAL][gf_hal_milan]( 1442): [hal_milan_screen_off] screen off, double check sensor!
07-13 08:47:12.845 D/[GF_HAL][gf_hal_device]( 1442): [gf_hal_post_sem_detect_broken] send broken message
07-13 08:47:12.845 V/[GF_HAL][gf_hal_milan]( 1442): [hal_milan_screen_off] exit
07-13 08:47:12.845 V/[GF_HAL][gf_hal]( 1442): [gf_hal_screen_off] exit
07-13 08:47:12.845 D/[GF_HAL][gf_hal_device]( 1442): [gf_handle_thread]  screen off msg.
07-13 08:47:12.846 V/[GF_HAL][gf_hal_common]( 1442): [gf_hal_detect_sensor_broken] enter
07-13 08:47:12.846 V/[GF_HAL][gf_hal_test]( 1442): [gf_test_sensor_broken] enter
07-13 08:47:12.846 V/[GF_HAL][gf_hal_test]( 1442): [hal_test_sensor_broken] enter
07-13 08:47:12.846 V/[GF_HAL][gf_hal_test]( 1442): [gf_hal_test_invoke_command] enter
07-13 08:47:12.846 V/[GF_HAL][gf_hal_milan]( 1442): [hal_milan_invoke_command] enter
07-13 08:47:12.850 E/LockScreenMagazinePreView( 2459): getFullScreenLayout()  mRemoteFullScreenView:null
07-13 08:47:12.850 E/LockScreenMagazinePreView( 2459): getFullScreenLayout()  mRemoteFullScreenView:null
07-13 08:47:12.853 D/CentralSurfaces( 2459): Received new disable state: enaiHBcRso.qingr (unchanged)
07-13 08:47:12.854 D/CollapsedStatusBarFragment( 2459): adjustDisableFlags: ShadeExpansionState = 2 mHideIconsForBouncer = false mWereIconsJustHidden = false, mWakeUpCoordinator.getNotificationsFullyHidden = false, mIsExpanded = true, mBypassController.getBypassEnabled = false, mStatusBarStateController.getState() = 1, mKeyguardStateController.isKeyguardGoingAway() = false, mHeadsUpManager.hasPinnedHeadsUp = false, mControlPanelExpand = false
07-13 08:47:12.854 D/QS      ( 2459): setListening true
07-13 08:47:12.855 D/CentralSurfaces( 2459): Received new disable state: enaiHBcRso.qingr (unchanged)
07-13 08:47:12.855 D/CollapsedStatusBarFragment( 2459): adjustDisableFlags: ShadeExpansionState = 2 mHideIconsForBouncer = false mWereIconsJustHidden = false, mWakeUpCoordinator.getNotificationsFullyHidden = false, mIsExpanded = true, mBypassController.getBypassEnabled = false, mStatusBarStateController.getState() = 1, mKeyguardStateController.isKeyguardGoingAway() = false, mHeadsUpManager.hasPinnedHeadsUp = false, mControlPanelExpand = false
07-13 08:47:12.855 D/C2MtkBufferManager( 1041): over 5000ms not request from VCodec but callback hooked, slow BM Cc fetch thread
07-13 08:47:12.856 D/MiuiFaceManager( 2459): inernational:true supportR:[ALL] nowR:NG
07-13 08:47:12.857 E/miui_face( 2459): start face unlock fail, mKeyguardShowing =true;isDeviceInteractive =false;isSwitchingUser =false;isKeyguardGoingAway =false
07-13 08:47:12.858 D/TouchInteractionService( 2470): onSystemUiFlagsChanged, mSystemUiStateFlags=400001c6
07-13 08:47:12.860 D/ResourceTrimmer( 2459): SysUI asleep, trimming memory.
07-13 08:47:12.860 I/GED     ( 2459): ged_boost_gpu_freq, level 100, eOrigin 2, final_idx 31, oppidx_max 31, oppidx_min 0
07-13 08:47:12.871 D/MiuiWifiService( 1813): cancelPeriodWifiScan trigger
07-13 08:47:12.876 D/C2MtkBufferManager( 1041): over 5000ms not request from VCodec but callback hooked, slow BM Cc fetch thread
07-13 08:47:12.877 V/[GF_HAL][gf_hal_milan]( 1442): [hal_milan_invoke_command] operation[0]=OPERATION_HOME_KEY, operation[0]=9
07-13 08:47:12.877 V/[GF_HAL][gf_hal_milan]( 1442): [hal_milan_invoke_command] exit
07-13 08:47:12.877 V/[GF_HAL][gf_hal_test]( 1442): [gf_hal_test_invoke_command] exit
07-13 08:47:12.877 V/[GF_HAL][gf_hal_test]( 1442): [hal_test_sensor_broken] exit
07-13 08:47:12.877 D/[GF_HAL][gf_hal_test]( 1442): [gf_test_sensor_broken] hal_test_sensor_broken err 0!
07-13 08:47:12.877 D/[GF_HAL][gf_hal_test]( 1442): [gf_test_sensor_broken] reset g_sensor_broken_count 0!
07-13 08:47:12.877 V/[GF_HAL][gf_hal_test]( 1442): [gf_test_sensor_broken] exit
07-13 08:47:12.877 D/[GF_HAL][gf_hal_common]( 1442): [gf_hal_detect_sensor_broken] temp_check_level : 1
07-13 08:47:12.877 D/[GF_HAL][gf_hal_common]( 1442): [gf_hal_detect_sensor_broken] sensor_broken_cnt : 0
07-13 08:47:12.877 D/[GF_HAL][gf_hal_common]( 1442): [gf_hal_detect_sensor_broken] ocp_overcur_cnt : 0
07-13 08:47:12.877 D/[GF_HAL][gf_hal_common]( 1442): [gf_hal_detect_sensor_broken] overcur_err : 0
07-13 08:47:12.877 D/[GF_HAL][gf_hal_common]( 1442): [gf_hal_detect_sensor_broken] ocp_err : 0
07-13 08:47:12.877 D/[GF_HAL][gf_hal_common]( 1442): [gf_hal_detect_sensor_broken] rsv_data[0] : 0
07-13 08:47:12.877 D/[GF_HAL][gf_hal_common]( 1442): [gf_hal_detect_sensor_broken] rsv_data[1] : 0
07-13 08:47:12.877 D/[GF_HAL][gf_hal_common]( 1442): [gf_hal_detect_sensor_broken] ocp_tmp : 0
07-13 08:47:12.877 V/[GF_HAL][gf_hal_common]( 1442): [gf_hal_detect_sensor_broken] exit
07-13 08:47:12.881 I/TrafficManageService( 5491): onReceive: android.intent.action.SCREEN_OFF
07-13 08:47:12.881 D/CentralSurfaces( 2459): Received new disable state: enaiHBcRso.qingr (unchanged)
07-13 08:47:12.882 D/CollapsedStatusBarFragment( 2459): adjustDisableFlags: ShadeExpansionState = 2 mHideIconsForBouncer = false mWereIconsJustHidden = false, mWakeUpCoordinator.getNotificationsFullyHidden = false, mIsExpanded = true, mBypassController.getBypassEnabled = false, mStatusBarStateController.getState() = 1, mKeyguardStateController.isKeyguardGoingAway() = false, mHeadsUpManager.hasPinnedHeadsUp = false, mControlPanelExpand = false
07-13 08:47:12.882 D/QS      ( 2459): setListening true
07-13 08:47:12.882 D/AS.AudioService( 1813): onReceive action = android.intent.action.SCREEN_OFF
07-13 08:47:12.882 D/CentralSurfaces( 2459): Received new disable state: enaiHBcRso.qingr (unchanged)
07-13 08:47:12.882 D/AudioSystem( 1813): +setParameters(): screen_state=off 
07-13 08:47:12.882 D/CollapsedStatusBarFragment( 2459): adjustDisableFlags: ShadeExpansionState = 2 mHideIconsForBouncer = false mWereIconsJustHidden = false, mWakeUpCoordinator.getNotificationsFullyHidden = false, mIsExpanded = true, mBypassController.getBypassEnabled = false, mStatusBarStateController.getState() = 1, mKeyguardStateController.isKeyguardGoingAway() = false, mHeadsUpManager.hasPinnedHeadsUp = false, mControlPanelExpand = false
07-13 08:47:12.883 D/AudioSystem( 1813): start get log level!
07-13 08:47:12.887 D/LockScreenMagazineClient( 2459): hideOverlay animate=false;mOverlay=null
07-13 08:47:12.887 E/LockScreenMagazinePreView( 2459): getFullScreenLayout()  mRemoteFullScreenView:null
07-13 08:47:12.887 E/LockScreenMagazinePreView( 2459): getFullScreenLayout()  mRemoteFullScreenView:null
07-13 08:47:12.887 D/MiuiFaceManager( 2459): inernational:true supportR:[ALL] nowR:NG
07-13 08:47:12.887 D/MiuiFaceManager( 2459): inernational:true supportR:[ALL] nowR:NG
07-13 08:47:12.887 D/MiuiFaceManager( 2459): inernational:true supportR:[ALL] nowR:NG
07-13 08:47:12.891 D/MiuiFaceManager( 2459): inernational:true supportR:[ALL] nowR:NG
07-13 08:47:12.892 D/BtGatt.GattService(29492): onReceive: android.intent.action.SCREEN_OFF
07-13 08:47:12.896 D/C2MtkBufferManager( 1041): over 5000ms not request from VCodec but callback hooked, slow BM Cc fetch thread
07-13 08:47:12.900 D/BtOppService(29492): action : android.intent.action.SCREEN_OFF
07-13 08:47:12.900 D/AudioFlinger( 1117): +mAudioHwDevs(primary)->setParameters(): screen_state=off
07-13 08:47:12.917 D/C2MtkBufferManager( 1041): over 5000ms not request from VCodec but callback hooked, slow BM Cc fetch thread
07-13 08:47:12.938 D/C2MtkBufferManager( 1041): over 5000ms not request from VCodec but callback hooked, slow BM Cc fetch thread
07-13 08:47:12.949 D/ThermalBrightnessController( 1813): updateSkinTemperature: actual temperature: 39.172, applied temperature: 39.172
07-13 08:47:12.952 D/ThermalBrightnessController( 1813): updateThermalBrightnessState: condition id: 0, temperature: 39.172, maximum thermal brightness: 400.0, outdoor: false, safety thermal brightness: NaN
07-13 08:47:12.955 D/nativeloader(30732): Load /data/app/~~YLnmsdzZwEre--bK2d7z9w==/com.skillsroom.mobile-f9Bv9at9m-3mkcSkMrJiDw==/base.apk!/lib/arm64-v8a/libc++_shared.so using class loader ns clns-4 (caller=/data/app/~~YLnmsdzZwEre--bK2d7z9w==/com.skillsroom.mobile-f9Bv9at9m-3mkcSkMrJiDw==/base.apk!classes20.dex): ok
07-13 08:47:12.958 D/C2MtkBufferManager( 1041): over 5000ms not request from VCodec but callback hooked, slow BM Cc fetch thread
07-13 08:47:12.960 D/AudioALSAHardware( 1031): +setParameters(): screen_state=off
07-13 08:47:12.963 D/AudioALSAStreamOut( 1031): +setScreenState(), flag 6, mode 0
07-13 08:47:12.963 D/AudioALSAStreamOut( 1031): +setScreenState(), flag 8, mode 0
07-13 08:47:12.963 D/AudioALSAStreamOut( 1031): +setScreenState(), flag 32768, mode 0
07-13 08:47:12.964 D/AudioALSAStreamOut( 1031): +setScreenState(), flag 65536, mode 0
07-13 08:47:12.964 D/AudioALSAHardware( 1031): -setParameters(): screen_state=off
07-13 08:47:12.964 D/AudioFlinger( 1117): -mAudioHwDevs(primary)->setParameters(): screen_state=off
07-13 08:47:12.964 D/AudioFlinger( 1117): +mAudioHwDevs(bluetooth)->setParameters(): screen_state=off
07-13 08:47:12.972 D/AudioFlinger( 1117): -mAudioHwDevs(bluetooth)->setParameters(): screen_state=off
07-13 08:47:12.972 D/AudioFlinger( 1117): +mAudioHwDevs(usb)->setParameters(): screen_state=off
07-13 08:47:12.973 D/AudioFlinger( 1117): -mAudioHwDevs(usb)->setParameters(): screen_state=off
07-13 08:47:12.973 D/AudioFlinger( 1117): +mAudioHwDevs(r_submix)->setParameters(): screen_state=off
07-13 08:47:12.974 D/AudioFlinger( 1117): -mAudioHwDevs(r_submix)->setParameters(): screen_state=off
07-13 08:47:12.975 D/AudioService( 1813): enter startAudioVisual with android.intent.action.SCREEN_OFF
07-13 08:47:12.975 D/AudioService( 1813): startAudioVisual exit, device not support
07-13 08:47:12.975 D/MiSound.MQSUtils( 1813): device not support AudioVisual
07-13 08:47:12.979 D/C2MtkBufferManager( 1041): over 5000ms not request from VCodec but callback hooked, slow BM Cc fetch thread
07-13 08:47:12.986 I/Light   ( 1046): enable: handle:4, en:0 
07-13 08:47:12.995 I/msguard ( 3978): screen receiver:android.intent.action.SCREEN_OFF
07-13 08:47:12.997 I/vol.MiuiVolumeDialogImp-plugin( 2459): dismissH mShowing:false dialog showing:false reason:4
07-13 08:47:12.999 D/C2MtkBufferManager( 1041): over 5000ms not request from VCodec but callback hooked, slow BM Cc fetch thread
07-13 08:47:13.004 D/nativeloader(30732): Load /data/app/~~YLnmsdzZwEre--bK2d7z9w==/com.skillsroom.mobile-f9Bv9at9m-3mkcSkMrJiDw==/base.apk!/lib/arm64-v8a/libjsi.so using class loader ns clns-4 (caller=/data/app/~~YLnmsdzZwEre--bK2d7z9w==/com.skillsroom.mobile-f9Bv9at9m-3mkcSkMrJiDw==/base.apk!classes20.dex): ok
07-13 08:47:13.007 D/Launcher_UnlockAnimationStateMachine( 2470): setPrepare on screen off from receiver
07-13 08:47:13.007 D/Launcher_UnlockAnimationStateMachine( 2470): setPrepare = PAUSE_WAIT
07-13 08:47:13.007 D/Launcher( 2470): prepairUserPersentAnimation, shouldShowUserPresentAnimation = false
07-13 08:47:13.009 D/BroadcastExecutor( 3978): BroadcastExecutor : 2
07-13 08:47:13.013 D/BroadcastExecutor( 3978): BroadcastExecutor : 2
07-13 08:47:13.017 W/ActivityManager( 1813): Unable to start service Intent { pkg=com.miui.securitycenter cmp=com.miui.securitycenter/com.miui.apppredict.service.AiService } U=0: not found
07-13 08:47:13.020 D/C2MtkBufferManager( 1041): over 5000ms not request from VCodec but callback hooked, slow BM Cc fetch thread
07-13 08:47:13.038 I/SmartPower: com.google.android.inputmethod.latin/10186(4463)( 1813): idle->background(7236ms) R(broadcast start Intent { act=android.intent.action.SCREEN_OFF flg=0x50200010 }) adj=100.
07-13 08:47:13.040 I/DisplayFeatureHal( 1068): threadFuncBacklight: set brightness to 0
07-13 08:47:13.041 D/C2MtkBufferManager( 1041): over 5000ms not request from VCodec but callback hooked, slow BM Cc fetch thread
07-13 08:47:13.046 I/DeviceStatusMonitor( 4463): DeviceStatusMonitor.handleBroadcast():135 onReceive() : Action = android.intent.action.SCREEN_OFF
07-13 08:47:13.046 D/nativeloader(30732): Load /data/app/~~YLnmsdzZwEre--bK2d7z9w==/com.skillsroom.mobile-f9Bv9at9m-3mkcSkMrJiDw==/base.apk!/lib/arm64-v8a/libfbjni.so using class loader ns clns-4 (caller=/data/app/~~YLnmsdzZwEre--bK2d7z9w==/com.skillsroom.mobile-f9Bv9at9m-3mkcSkMrJiDw==/base.apk!classes20.dex): ok
07-13 08:47:13.047 I/PowerSaveService( 5491): onReceive: android.intent.action.SCREEN_OFF
07-13 08:47:13.049 I/DeviceStatusMonitor( 4463): DeviceStatusMonitor.updateCountryInfo():151 updateCountryInfo(), notifyAnyway = false
07-13 08:47:13.049 I/VoiceImeUtils( 4463): VoiceImeUtils.sendStopVoiceEventToInputBundle():529 dispatching STOP_VOICE_IME [RD]
07-13 08:47:13.056 I/InputBundle( 4463): InputBundle.consumeEvent():1052 Skip consuming an event as imeStatus is INACTIVE
07-13 08:47:13.061 D/C2MtkBufferManager( 1041): over 5000ms not request from VCodec but callback hooked, slow BM Cc fetch thread
07-13 08:47:13.065 D/CompatibilityChangeReporter( 1813): Compat change id reported: 135634846; UID 10168; state: DISABLED
07-13 08:47:13.065 D/CompatibilityChangeReporter( 1813): Compat change id reported: 177438394; UID 10168; state: DISABLED
07-13 08:47:13.066 D/CompatibilityChangeReporter( 1813): Compat change id reported: 135772972; UID 10168; state: DISABLED
07-13 08:47:13.066 D/CompatibilityChangeReporter( 1813): Compat change id reported: 135754954; UID 10168; state: ENABLED
07-13 08:47:13.067 D/PowerNoticeUI( 5491): ScreenOffEvent
07-13 08:47:13.068 D/CompatibilityChangeReporter( 1813): Compat change id reported: 143937733; UID 10168; state: ENABLED
07-13 08:47:13.068 I/Module  ( 4463): DeviceLockedStatusModuleProvider$Module.updateDeviceLockedStatus():103 repeatCheckTimes = 0, locked = true
07-13 08:47:13.070 W/NotificationCenter( 4463): NotificationCenter$NotificationQueue.notifyPendingNotificationsOnExecutor():877 Heavy notify work detected on UI thread: [pec->jas, pec->nkn, pec->gsd] takes 22ms
07-13 08:47:13.072 I/InputBundle( 4463): InputBundle.switchToKeyboardDirectly():530 switchToKeyboardDirectly(): ody[keyboardType=prime, payload=null]
07-13 08:47:13.072 I/InputBundle( 4463): InputBundle.switchToKeyboardDirectly():530 switchToKeyboardDirectly(): ody[keyboardType=prime, payload=null]
07-13 08:47:13.072 I/InputBundle( 4463): InputBundle.switchToKeyboardDirectly():530 switchToKeyboardDirectly(): ody[keyboardType=prime, payload=null]
07-13 08:47:13.072 I/InputBundle( 4463): InputBundle.switchToKeyboardDirectly():530 switchToKeyboardDirectly(): ody[keyboardType=prime, payload=null]
07-13 08:47:13.072 I/InputBundle( 4463): InputBundle.switchToKeyboardDirectly():530 switchToKeyboardDirectly(): ody[keyboardType=prime, payload=null]
07-13 08:47:13.073 I/InputBundle( 4463): InputBundle.switchToKeyboardDirectly():530 switchToKeyboardDirectly(): ody[keyboardType=prime, payload=null]
07-13 08:47:13.081 I/SmartPower: com.video.fun.app:core/10308(28660)( 1813): idle->background(7225ms) R(broadcast start Intent { act=android.intent.action.SCREEN_OFF flg=0x50200010 }) adj=200.
07-13 08:47:13.082 D/C2MtkBufferManager( 1041): over 5000ms not request from VCodec but callback hooked, slow BM Cc fetch thread
07-13 08:47:13.088 D/Zygote  ( 1023): Forked child process 30761
07-13 08:47:13.093 I/ActivityManager( 1813): Start proc 30761:com.android.camera/u0a168 for FastRestart com.android.camera caller=android
07-13 08:47:13.099 E/AD-PLUGIN-AdRequestManager(31561): cancel runnable
07-13 08:47:13.101 E/Zygote  (30761): process_name_ptr:30761 com.android.camera
07-13 08:47:13.103 D/BroadcastExecutor(31561): BroadcastExecutor : 2
07-13 08:47:13.103 D/C2MtkBufferManager( 1041): over 5000ms not request from VCodec but callback hooked, slow BM Cc fetch thread
07-13 08:47:13.115 D/BroadcastExecutor(31561): BroadcastExecutor : 2
07-13 08:47:13.122 D/CompatibilityChangeReporter( 1813): Compat change id reported: 261072174; UID 10174; state: ENABLED
07-13 08:47:13.123 D/C2MtkBufferManager( 1041): over 5000ms not request from VCodec but callback hooked, slow BM Cc fetch thread
07-13 08:47:13.129 I/.android.camera(30761): Using generational CollectorTypeCC GC.
07-13 08:47:13.135 D/ActivityManager( 1813): getProcessesInErrorState callingUid=10288, CallingPid=19459
07-13 08:47:13.137 D/BroadcastExecutor(31561): BroadcastExecutor : 2
07-13 08:47:13.139 D/ActivityManager( 1813): getProcessesInErrorState callingUid=10279, CallingPid=443
07-13 08:47:13.144 D/C2MtkBufferManager( 1041): over 5000ms not request from VCodec but callback hooked, slow BM Cc fetch thread
07-13 08:47:13.150 D/nativeloader(30761): Load libframework-connectivity-tiramisu-jni.so using APEX ns com_android_tethering for caller /apex/com.android.tethering/javalib/framework-connectivity-t.jar: ok
07-13 08:47:13.157 D/BroadcastExecutor(21977): BroadcastExecutor : 2
07-13 08:47:13.160 I/MessageMonitor(30761): Load libmiui_runtime
07-13 08:47:13.162 I/MiPicks-DeviceManager(21977): MCC+MNC: 62130
07-13 08:47:13.165 D/C2MtkBufferManager( 1041): over 5000ms not request from VCodec but callback hooked, slow BM Cc fetch thread
07-13 08:47:13.166 D/BroadcastExecutor(21977): BroadcastExecutor : 2
07-13 08:47:13.169 D/SymlinkUtils( 1813): attachApplication file op go pass: 1 ms
07-13 08:47:13.173 I/SmartPower: com.android.camera/10168(30761)( 1813): died->background(2125ms) R(process start ) adj=-10000.
