07-13 08:46:30.846 D/Launcher_UnlockAnimationStateMachine( 2470): setPrepare = IDLE
07-13 08:46:30.846 D/AAL     ( 1359): EventTriggerSetting: [EvtTrigger] Screen off
07-13 08:46:30.850 W/AudioALSACaptureDataProviderNormal( 1031): readThread, latency_in_s,0.000001,0.039487,0.000048, totalTime 0.039536 > logTimeout 0.022000 TIMEOUT!!
07-13 08:46:30.851 W/AudioFlinger( 1117): Dolby Effect is NULL
07-13 08:46:30.860 D/ForceDarkAppConfigProvider( 1813): cloudConfigVersion: -1   localConfigVersion:20240119
07-13 08:46:30.861 I/UiModeManager( 1813): systemserver package:com.skillsroom.mobile null
07-13 08:46:30.861 W/SurfaceControl( 1813): Invalid layer stack -1
07-13 08:46:30.861 I/DisplayDevice( 1813): [0] Layerstack set to -1 for local:0
07-13 08:46:30.862 D/C2MtkBufferManager( 1041): over 5000ms not request from VCodec but callback hooked, slow BM Cc fetch thread
07-13 08:46:30.866 I/ForceDarkHelperStubImpl(29872): initialize for com.skillsroom.mobile , ForceDarkAppConfig: null
07-13 08:46:30.871 D/ActivityManager( 1813): getProcessesInErrorState callingUid=10279, CallingPid=443
07-13 08:46:30.872 W/AudioFlinger( 1117): Dolby Effect is NULL
07-13 08:46:30.875 I/BtGatt.ScanManager(29492): msg.what = MSG_SCREEN_OFF, msg.arg1 = None
07-13 08:46:30.883 D/C2MtkBufferManager( 1041): over 5000ms not request from VCodec but callback hooked, slow BM Cc fetch thread
07-13 08:46:30.883 D/nativeloader(29872): Load libforcedarkimpl.so using system ns (caller=/system_ext/framework/miui-framework.jar): ok
07-13 08:46:30.886 D/OpenGLRenderer(29872): JNI_OnLoad success
07-13 08:46:30.894 I/MiuiForceDarkConfig(29872): setConfig density:2.000000, mainRule:0, secondaryRule:0, tertiaryRule:0
07-13 08:46:30.894 W/AudioFlinger( 1117): Dolby Effect is NULL
07-13 08:46:30.900 D/ActivityManager( 1813): getProcessesInErrorState callingUid=10288, CallingPid=19459
07-13 08:46:30.903 D/C2MtkBufferManager( 1041): over 5000ms not request from VCodec but callback hooked, slow BM Cc fetch thread
07-13 08:46:30.908 D/ShadingTrans_core( 1314): [shading_transform] Binning mode return the same table, and scale_ratio_x(2), scale_ratio_y(2)
07-13 08:46:30.909 D/ShadingTrans_core( 1314): [shading_transform] Binning mode return the same table, and scale_ratio_x(2), scale_ratio_y(2)
07-13 08:46:30.910 D/ShadingTrans_core( 1314): [shading_transform] Binning mode return the same table, and scale_ratio_x(2), scale_ratio_y(2)
07-13 08:46:30.910 W/AudioALSACaptureDataProviderNormal( 1031): readThread, latency_in_s,0.000001,0.039821,0.000023, totalTime 0.039845 > logTimeout 0.022000 TIMEOUT!!
07-13 08:46:30.911 D/ShadingTrans_core( 1314): [shading_transform] Binning mode return the same table, and scale_ratio_x(2), scale_ratio_y(2)
07-13 08:46:30.915 W/AudioFlinger( 1117): Dolby Effect is NULL
07-13 08:46:30.916 I/NearbyDiscovery(10100): (REDACTED) FastPairDisplayObserver: %s -> %s
07-13 08:46:30.924 D/C2MtkBufferManager( 1041): over 5000ms not request from VCodec but callback hooked, slow BM Cc fetch thread
07-13 08:46:30.936 W/AudioFlinger( 1117): Dolby Effect is NULL
07-13 08:46:30.942 W/libc    ( 1314): Access denied finding property "vendor.af.mzaf.enable"
07-13 08:46:30.943 I/AfAlgoC ( 1314): [initAF] version .4 21504001 9392005 8225007 9335003 8042003, param 18041618
07-13 08:46:30.944 D/C2MtkBufferManager( 1041): over 5000ms not request from VCodec but callback hooked, slow BM Cc fetch thread
07-13 08:46:30.950 W/AudioALSACaptureDataProviderNormal( 1031): readThread, latency_in_s,0.000001,0.039461,0.000023, totalTime 0.039485 > logTimeout 0.022000 TIMEOUT!!
07-13 08:46:30.950 E/af_mgr_v3( 1314): WAR-ROI : [X]669 [Y]465 [W]293 [H]293 -> [X]669 [Y]465 [W]293 [H]293, [XNUM] 18->0, [YNUM] 18->0 (ConfigHWReg){#5822:vendor/mediatek/proprietary/hardware/mtkcam/aaa/source/isp_40/./af_mgr/af_mgr.cpp}
07-13 08:46:30.956 D/AppTsf  ( 1314): [TsfExit] TsfExit; ShadingVersion: 2021.0805.1657 sync codebase and add error handling
07-13 08:46:30.956 D/AppTsf  ( 1314): [TsfInit] version: $Id: AppTsf.cpp 14 2020-05-06 08:24:57Z MTK15599 $
07-13 08:46:30.957 D/utilMetCtrl( 1314): MET TAG is Disabled
07-13 08:46:30.957 D/CompatibilityChangeReporter(29872): Compat change id reported: 183155436; UID 10210; state: ENABLED
07-13 08:46:30.958 W/AudioFlinger( 1117): Dolby Effect is NULL
07-13 08:46:30.958 D/tsf_core( 1314): [TsfCoreSetEnvInfo] 7365001 5393001 7365001 6161001 7103001 7437001 5393001
07-13 08:46:30.958 D/AppTsf  ( 1314): [TsfReset] TsfReset; ShadingVersion: 2021.0805.1657 sync codebase and add error handling
07-13 08:46:30.965 D/C2MtkBufferManager( 1041): over 5000ms not request from VCodec but callback hooked, slow BM Cc fetch thread
07-13 08:46:30.968 I/aaa_common_custom.cpp( 1314): [cust_initSpecialLongExpOnOff] g_bIsSpecialLongExpOn(0) AEEffectiveFrame(0)
07-13 08:46:30.979 W/AudioFlinger( 1117): Dolby Effect is NULL
07-13 08:46:30.980 I/mtkpower@impl( 1059): [powerd_req] TIMER_MSG_PERF_LOCK_TIMEOUT hdl:244669
07-13 08:46:30.981 I/libPowerHal( 1059): [perfLockRel] hdl:244669, idx:8
07-13 08:46:30.985 D/C2MtkBufferManager( 1041): over 5000ms not request from VCodec but callback hooked, slow BM Cc fetch thread
07-13 08:46:30.986 D/NetworkController.MobileSignalController(1)( 2459): notifyListeners: mFeatureRelayData=false
07-13 08:46:30.990 W/AudioALSACaptureDataProviderNormal( 1031): readThread, latency_in_s,0.000001,0.039379,0.000022, totalTime 0.039403 > logTimeout 0.022000 TIMEOUT!!
07-13 08:46:31.000 W/AudioFlinger( 1117): Dolby Effect is NULL
07-13 08:46:31.005 W/Profilo/TraceControl(29430): Loom client config id: 2147537870031510631
07-13 08:46:31.005 D/C2MtkBufferManager( 1041): over 5000ms not request from VCodec but callback hooked, slow BM Cc fetch thread
07-13 08:46:31.007 I/DisplayFeatureHal( 1068): threadFuncBacklight: set brightness to 0
07-13 08:46:31.009 W/Hal3Av3 ( 1314): [send3ACtrl] pMetaResult is NULL
07-13 08:46:31.013 W/FirebaseApp(29872): Default FirebaseApp failed to initialize because no default options were found. This usually means that com.google.gms:google-services was not applied to your gradle project.
07-13 08:46:31.013 I/FirebaseInitProvider(29872): FirebaseApp initialization unsuccessful
07-13 08:46:31.022 W/AudioFlinger( 1117): Dolby Effect is NULL
07-13 08:46:31.026 D/C2MtkBufferManager( 1041): over 5000ms not request from VCodec but callback hooked, slow BM Cc fetch thread
07-13 08:46:31.028 D/Tile.MiuiCellularTile( 2459): handleUpdateState: MULTI_SIM = true, mSimInfoRecordList.size() = 2, mShowDataUsage = false
07-13 08:46:31.030 W/AudioALSACaptureDataProviderNormal( 1031): readThread, latency_in_s,0.000001,0.039602,0.000021, totalTime 0.039623 > logTimeout 0.022000 TIMEOUT!!
07-13 08:46:31.038 I/NearbyDiscovery(10100): (REDACTED) PureOffloadFastPairScanner: eventType=%s, isInternalReq=%s, isScanning=%s, isScanningAllowed=%s
07-13 08:46:31.042 I/NearbyDiscovery(10100): (REDACTED) ApFastPairScanner: isScreenOn=%s, isLocationEnabled=%s, disableLocationRequirement=%s, isDiscoveryScanningEnabled=%s, during24GhzWifiWarmingUpPeriod=%s
07-13 08:46:31.043 W/AudioFlinger( 1117): Dolby Effect is NULL
07-13 08:46:31.045 D/BluetoothAdapter(10100): isLeEnabled(): ON
07-13 08:46:31.045 I/NearbyDiscovery(10100): (REDACTED) ApFastPairScanner: eventType=%s, intReq=%s, scanning=%s, scanAllowed=%s, bleEnabled=%s, lockScanRate=%s, startScanningByLowPowerMode=%s
07-13 08:46:31.046 D/C2MtkBufferManager( 1041): over 5000ms not request from VCodec but callback hooked, slow BM Cc fetch thread
07-13 08:46:31.046 W/C2BqBuffer( 1041): last successful dequeue was 90042311236 us ago, 0 consecutive failures
07-13 08:46:31.050 W/mtkcam-InitFrameHandler( 1314): [threadLoop] Timeout(200ms) while waiting for next init frame - exitPending:0 PendingQueue#:0
07-13 08:46:31.051 W/mtkcam-InitFrameHandler( 1314): [threadLoop] *Init frames*
07-13 08:46:31.051 W/mtkcam-InitFrameHandler( 1314): [threadLoop]  InitFrameCount:4-1 FrameCountSent:0 Active:1 ThreadRunning:1 ThreadExitPending:0 PipelineContext:0xb400007ebe4dd300
07-13 08:46:31.060 I/NearbyDiscovery(10100): (REDACTED) ApFastPairScanner: Stopping scan, %s
07-13 08:46:31.062 D/BluetoothAdapter(10100): isLeEnabled(): ON
07-13 08:46:31.064 W/AudioFlinger( 1117): Dolby Effect is NULL
07-13 08:46:31.067 D/C2MtkBufferManager( 1041): over 5000ms not request from VCodec but callback hooked, slow BM Cc fetch thread
07-13 08:46:31.070 W/AudioALSACaptureDataProviderNormal( 1031): readThread, latency_in_s,0.000001,0.039622,0.000021, totalTime 0.039643 > logTimeout 0.022000 TIMEOUT!!
07-13 08:46:31.076 I/AppScanStats(29492): BLE_SCAN_RESULT_RECEIVED[1]reportBleScanResults=0
07-13 08:46:31.076 I/AppScanStats(29492): BLE_SCAN_STATE_CHANGED[1]reportBleScanStopped=false
07-13 08:46:31.077 D/lowmemorykiller(  475): thrashing (42%) old_min_score_adj 0 new_min_score_adj 701 cur_min_score_adj 200
07-13 08:46:31.078 I/lowmemorykiller(  475): Kill 'com.facebook.katana' (29430), uid 10265, oom_score_adj 700 to free 170416kB rss, 52720kB swap; reason: device is in direct reclaim and thrashing (42%)
07-13 08:46:31.085 D/ActivityAttributionService(29492): notifyActivityAttributionInfo UID=1002 packageName=com.android.bluetooth deviceAddress=no_active_device_address
07-13 08:46:31.086 W/AudioFlinger( 1117): Dolby Effect is NULL
07-13 08:46:31.087 D/C2MtkBufferManager( 1041): over 5000ms not request from VCodec but callback hooked, slow BM Cc fetch thread
07-13 08:46:31.088 I/bt_stack(29492): [INFO:le_scanning_manager.cc(168)] Scan in shim layer stopped
07-13 08:46:31.088 I/bt_btif (29492): get_profile_interface: get_profile_interface: id = activity_attribution
07-13 08:46:31.089 I/libprocessgroup( 1813): Successfully killed process cgroup uid 10265 pid 29430 in 6ms
07-13 08:46:31.090 D/CcuMgr  ( 1314): [ccuShutdown] +
07-13 08:46:31.090 D/CcuDrv  ( 1314): CcuDrv[shutdown] +:shutdown
07-13 08:46:31.092 D/CcuDrv  ( 1314): CcuDrv[shutdown] -:shutdown
07-13 08:46:31.092 D/CcuDrv  ( 1314): CcuDrv[powerOff] +:powerOff
07-13 08:46:31.092 D/CcuDrv  ( 1314): CcuDrv[setCcuPower] setCcuPower: setpower(0) cmd done.
07-13 08:46:31.092 D/CcuDrv  ( 1314): CcuDrv[powerOff] -:powerOff
07-13 08:46:31.092 I/CcuDrv  ( 1314): CcuDrv[RealUninit] +,m_UserCnt(1),curUser(CCU)
07-13 08:46:31.092 D/CcuDrv  ( 1314): CcuDrv[RealUninit] +:release thread
07-13 08:46:31.092 D/CcuDrv  ( 1314): CcuDrv[RealUninit] -:release thread
07-13 08:46:31.092 D/CcuDrv  ( 1314): CcuDrv[RealUninit] +:release buffer
07-13 08:46:31.092 D/CcuDrv  ( 1314): CcuDrv[RealUninit] -:release buffer
07-13 08:46:31.093 I/CcuDrv  ( 1314): CcuDrv[RealUninit] CcuDrv uinitial done gracefully
07-13 08:46:31.093 I/CcuDrv  ( 1314): CcuDrv[RealUninit]  - X. ret: 1. m_UserCnt: 0
07-13 08:46:31.093 D/CcuMgr  ( 1314): [ccuShutdown] -
07-13 08:46:31.093 D/CcuMgr  ( 1314): [ccuUninit] +
07-13 08:46:31.093 D/CcuMgr  ( 1314): [ccuUninit] -: CcuMgr uninitial done gracefully
07-13 08:46:31.093 I/CcuMgr  ( 1314): [destroyInstance] +
07-13 08:46:31.093 I/CcuMgr  ( 1314): [_destroyCcuMgr] CcuMgr User Cnt: 0
07-13 08:46:31.093 I/CcuMgr  ( 1314): [destroyInstance] -
07-13 08:46:31.098 I/Camera3-Device( 1239): disconnectImpl: E
07-13 08:46:31.098 I/mtkpower_client( 1314): perf_lock_acq, hdl:0, dur:1000, num:4, tid:1314
07-13 08:46:31.099 I/mtkpower_client( 1314): ret_hdl:244673
07-13 08:46:31.099 I/libPowerHal( 1059): [perfLockAcq] idx:8 hdl:244673 hint:-1 pid:1314 duration:1000 lock_user:camerahalserver => ret_hdl:244673
07-13 08:46:31.099 I/ThermalBreakConfigReader( 1059): [getTargetfreqinfo] [getTargetfreqinfo] hint get target result freq:boost:0
07-13 08:46:31.099 I/ExtendedPerfBoost( 1059): [thermalbreak_verification] needbreak curr breakmode 1, scence id 0, set: boost:0
07-13 08:46:31.099 I/ExtendedPerfBoost( 1059): [triggerList_add] [triggerList_add] come into triggerList_add
07-13 08:46:31.100 I/ExtendedPerfBoost( 1059): [triggerList_add] get item from freelist 0x76b7cb7b58
07-13 08:46:31.100 I/ExtendedPerfBoost( 1059): [triggerList_add] init new item prio:3, duration:1000, param:boost:0
07-13 08:46:31.100 I/ExtendedPerfBoost( 1059): [triggerList_add] add item same prio
07-13 08:46:31.100 I/ExtendedPerfBoost( 1059): [trig_thermalbreak] trigger one node
07-13 08:46:31.100 I/ExtendedUtils( 1059): [timer_sampling_set] come in timer_sampling_set, duration :1000
07-13 08:46:31.100 I/ExtendedUtils( 1059): [settimer] come in settimer, time_now :621294481, time_end: 621295481
07-13 08:46:31.100 I/ExtendedPerfBoost( 1059): [setThermalBreak] [setThermalBreak] : boost:0
07-13 08:46:31.102 E/BWC     ( 1314): MTK_IOC_SMI_BWC_INFO_GET failed.:Inappropriate ioctl for device
07-13 08:46:31.103 E/bt_stack(29492): [ERROR:com_android_bluetooth_btservice_ActivityAttribution.cpp(172)] Failed to get ActivityAttribution Interface
07-13 08:46:31.104 E/BWC     ( 1314): MTK_IOC_SMI_BWC_INFO_SET failed.:Inappropriate ioctl for device
07-13 08:46:31.104 I/BWC     ( 1314): Profile_Change:[BWCPT_CAMERA_CAPTURE]:OFF,current concurrency is 0x0,DDR=,EMI scenario=BWL_SCN_ICFP OFF
07-13 08:46:31.104 I/BWC     ( 1314): cam_id=1 sen_fps=0 sen_size=0 pd=0 video=0 vb_ratio=0.000000 vb_time=0.000000 rawi=0 yuv=0 raw_bbp=0.000000 is_smvr=0
07-13 08:46:31.104 I/BWC     ( 1314): cam_id=1 table=0.000000 ccu=0.000000 ccu_r=0.000000 capture=0.000000 aa=-5120.000000 pd=0.000000 video=0.000000 yuv=0.000000 rawi=0.000000 total=0.000000
07-13 08:46:31.104 I/BWC     ( 1314): cam_id=0 sen_fps=0 sen_size=0 pd=0 video=0 vb_ratio=0.000000 vb_time=0.000000 rawi=0 yuv=0 raw_bbp=0.000000 is_smvr=0
07-13 08:46:31.104 I/BWC     ( 1314): cam_id=0 table=0.000000 ccu=0.000000 ccu_r=0.000000 capture=0.000000 aa=-5120.000000 pd=0.000000 video=0.000000 yuv=0.000000 rawi=0.000000 total=0.000000
07-13 08:46:31.104 I/BWC     ( 1314): cal_cam_bw hrt bw=0
07-13 08:46:31.105 D/MI-SF   ( 1133): DF setPowerMode 0
07-13 08:46:31.105 D/SurfaceFlinger( 1133): Finished setting power mode 0 on display 0
07-13 08:46:31.106 W/libc    ( 1133): Access denied finding property "init.svc.vendor.displayfeature-hal-1-0"
07-13 08:46:31.107 W/AudioFlinger( 1117): Dolby Effect is NULL
07-13 08:46:31.108 D/C2MtkBufferManager( 1041): over 5000ms not request from VCodec but callback hooked, slow BM Cc fetch thread
07-13 08:46:31.109 W/BpBinder( 1813): Slow Binder: BpBinder transact took 281 ms, interface=android.gui.ISurfaceComposer, code=9 oneway=false
07-13 08:46:31.111 W/AudioALSACaptureDataProviderNormal( 1031): readThread, latency_in_s,0.000001,0.039991,0.000052, totalTime 0.040044 > logTimeout 0.022000 TIMEOUT!!
07-13 08:46:31.111 I/DisplayDeviceRepository( 1813): Display device changed state: "Built-in Screen", OFF
07-13 08:46:31.112 I/bt_stack(29492): [INFO:le_scanning_manager.cc(162)] Unregister in shim layer, scanner_id:1
07-13 08:46:31.114 I/mtkpower@impl( 1059): [setMode] type:9, enabled:1
07-13 08:46:31.114 E/mtkpower@impl( 1059): [setMode] unknown type
07-13 08:46:31.123 W/Launcher( 2470): onDisplayChanged: newRotation=0, mCurrentRotation=0
07-13 08:46:31.124 I/bluetooth(29492): unregister_client: Client unregistered
07-13 08:46:31.124 I/bluetooth(29492): unregister_client: Cancelled address rotation alarm
07-13 08:46:31.126 V/[GF_HAL][gf_hal]( 1442): [gf_hal_screen_off] enter
07-13 08:46:31.126 I/[GF_HAL][gf_hal]( 1442): [gf_hal_screen_off]
07-13 08:46:31.128 V/AutoDensityController( 2459): on display changed 0 context dpi:296 origin dpi:320 target dpi:296
07-13 08:46:31.128 W/AudioFlinger( 1117): Dolby Effect is NULL
07-13 08:46:31.128 D/[GF_HAL][gf_hal_device]( 1442): [gf_hal_netlink_recv] send message value=2
07-13 08:46:31.129 I/mtkpower@impl( 1059): [setMode] type:7, enabled:0
07-13 08:46:31.129 I/libPowerHal( 1059): [perfUserScnDisableAll] 
07-13 08:46:31.129 I/libPowerHal( 1059): [perfUserScnDisableAll] perfUserScnDisableAll, h:5, s:1, a:0
07-13 08:46:31.129 I/libPowerHal( 1059): [perfUserScnDisableAll] perfUserScnDisableAll, h:6, s:1, a:0
07-13 08:46:31.129 I/libPowerHal( 1059): [PD] camerahalserver update cmd:1404300 param:0
07-13 08:46:31.129 I/WindowManager( 1813): Finished going to sleep... (groupId=0 why=OFF_BECAUSE_OF_TIMEOUT)
07-13 08:46:31.129 I/libPowerHal( 1059): [PD] (more) /proc/perfmgr/boost_ctrl/eas_ctrl/perfserv_prefer_idle set +prefix:3 0;
07-13 08:46:31.129 I/libPowerHal( 1059): [perfUserScnDisableAll] perfUserScnDisableAll, h:7, s:1, a:0
07-13 08:46:31.129 I/libPowerHal( 1059): [PD] MTKPOWER_HINT_PROCESS_CREATE update cmd:2020000 param:1
07-13 08:46:31.130 D/KeyguardService( 2459): onFinishedGoingToSleep(2)
07-13 08:46:31.130 D/KeyguardViewMediator( 2459): onFinishedGoingToSleep(3)
07-13 08:46:31.130 D/KeyguardViewMediator( 2459): notifyFinishedGoingToSleep
07-13 08:46:31.130 E/KeyguardViewMediator( 2459): resetStateLocked
07-13 08:46:31.131 I/MiuiWallpaper-MiuiKeyguardPictorialWallpaper( 2200): onVisibilityChanged, visible = false
07-13 08:46:31.131 D/C2MtkBufferManager( 1041): over 5000ms not request from VCodec but callback hooked, slow BM Cc fetch thread
07-13 08:46:31.133 V/[GF_HAL][gf_hal_milan]( 1442): [hal_milan_screen_off] enter
07-13 08:46:31.133 V/[GF_HAL][gf_hal_common]( 1442): [gf_hal_common_screen_off] enter
07-13 08:46:31.133 V/[GF_HAL][gf_hal_common]( 1442): [gf_hal_invoke_command_ex] enter
07-13 08:46:31.133 V/[GF_HAL][gf_hal_common]( 1442): [gf_hal_invoke_command] enter
07-13 08:46:31.133 V/[GF_HAL][gf_hal_milan]( 1442): [hal_milan_invoke_command] enter
07-13 08:46:31.134 D/AppFDFT_SW( 1314): FdDumper destructor
07-13 08:46:31.136 I/MiuiWallpaper-ImageWallpaper( 2200): onVisibilityChanged, visible = false
07-13 08:46:31.136 I/libPowerHal( 1059): [PD] MTKPOWER_HINT_PROCESS_CREATE update cmd:1410000 param:0
07-13 08:46:31.136 I/libPowerHal( 1059): [PD] MTKPOWER_HINT_PROCESS_CREATE update cmd:1408300 param:0
07-13 08:46:31.137 I/libPowerHal( 1059): [perfUserScnDisableAll] perfUserScnDisableAll, h:8, s:1, a:0
07-13 08:46:31.137 I/libPowerHal( 1059): [perfUserScnDisableAll] perfUserScnDisableAll, h:9, s:1, a:0
07-13 08:46:31.137 I/libPowerHal( 1059): [PD] camerahalserver update cmd:240c000 param:50
07-13 08:46:31.138 I/libPowerHal( 1059): [perfUserScnDisableAll] perfUserScnDisableAll, h:10, s:1, a:0
07-13 08:46:31.138 I/libPowerHal( 1059): [perfUserScnDisableAll] perfUserScnDisableAll, h:11, s:1, a:0
07-13 08:46:31.138 I/libPowerHal( 1059): camerahalserver: cpu_ctrl set cpu freq: -1 -1 -1 -1
07-13 08:46:31.138 I/libPowerHal( 1059): camerahalserver: cpu_ctrl set cpu core: -1 -1 -1 -1
07-13 08:46:31.138 I/libPowerHal( 1059): [PD] camerahalserver update cmd:1000000, param:-1
07-13 08:46:31.138 I/libPowerHal( 1059): [PD] camerahalserver update cmd:1000000 param:-1
07-13 08:46:31.139 D/KeyguardViewMediator( 2459): handleNotifyFinishedGoingToSleep
07-13 08:46:31.139 D/KeyguardViewMediator( 2459): handleReset
07-13 08:46:31.140 I/mtkpower@impl( 1059): [setMode] Disable All
07-13 08:46:31.150 W/AudioALSACaptureDataProviderNormal( 1031): readThread, latency_in_s,0.000001,0.039311,0.000038, totalTime 0.039349 > logTimeout 0.022000 TIMEOUT!!
07-13 08:46:31.150 W/AudioFlinger( 1117): Dolby Effect is NULL
07-13 08:46:31.151 D/C2MtkBufferManager( 1041): over 5000ms not request from VCodec but callback hooked, slow BM Cc fetch thread
07-13 08:46:31.153 I/bt_stack(29492): [INFO:le_scanning_manager.cc(204)] ScanFilterParamSetup in shim layer
07-13 08:46:31.154 I/bt_stack(29492): [INFO:le_scanning_manager.cc(204)] ScanFilterParamSetup in shim layer
07-13 08:46:31.161 I/PowerGroup( 1813): Sleeping power group (groupId=0, uid=1000, reason=timeout)...
07-13 08:46:31.162 I/PowerManagerService( 1813): Sleeping (uid 1000)...
07-13 08:46:31.163 I/bt_stack(29492): [INFO:le_scanning_manager.cc(204)] ScanFilterParamSetup in shim layer
07-13 08:46:31.166 E/LockScreenMagazinePreView( 2459): getFullScreenLayout()  mRemoteFullScreenView:null
07-13 08:46:31.167 E/LockScreenMagazinePreView( 2459): getFullScreenLayout()  mRemoteFullScreenView:null
07-13 08:46:31.172 W/AudioFlinger( 1117): Dolby Effect is NULL
07-13 08:46:31.172 D/C2MtkBufferManager( 1041): over 5000ms not request from VCodec but callback hooked, slow BM Cc fetch thread
07-13 08:46:31.173 D/CentralSurfaces( 2459): Received new disable state: enaiHBcRso.qingr (unchanged)
07-13 08:46:31.173 D/CollapsedStatusBarFragment( 2459): adjustDisableFlags: ShadeExpansionState = 2 mHideIconsForBouncer = false mWereIconsJustHidden = false, mWakeUpCoordinator.getNotificationsFullyHidden = false, mIsExpanded = true, mBypassController.getBypassEnabled = false, mStatusBarStateController.getState() = 1, mKeyguardStateController.isKeyguardGoingAway() = false, mHeadsUpManager.hasPinnedHeadsUp = false, mControlPanelExpand = false
07-13 08:46:31.173 D/QS      ( 2459): setListening true
07-13 08:46:31.174 D/CentralSurfaces( 2459): Received new disable state: enaiHBcRso.qingr (unchanged)
07-13 08:46:31.174 D/CollapsedStatusBarFragment( 2459): adjustDisableFlags: ShadeExpansionState = 2 mHideIconsForBouncer = false mWereIconsJustHidden = false, mWakeUpCoordinator.getNotificationsFullyHidden = false, mIsExpanded = true, mBypassController.getBypassEnabled = false, mStatusBarStateController.getState() = 1, mKeyguardStateController.isKeyguardGoingAway() = false, mHeadsUpManager.hasPinnedHeadsUp = false, mControlPanelExpand = false
07-13 08:46:31.174 D/MiuiFaceManager( 2459): inernational:true supportR:[ALL] nowR:NG
07-13 08:46:31.175 I/BtGatt.ScanManager(29492): msg.what = MSG_STOP_BLE_SCAN, msg.arg1 = None
07-13 08:46:31.175 E/BtGatt.ScanManager(29492): unknown package tracked
07-13 08:46:31.176 I/BtGatt.ScanManager(29492): msg.what = MSG_SCREEN_OFF, msg.arg1 = None
07-13 08:46:31.189 D/mtk.hal.bt@1.1-impl( 1032): BtHostDebugInfo
07-13 08:46:31.190 V/[GF_HAL][gf_hal_milan]( 1442): [hal_milan_invoke_command] operation[0]=OPERATION_HOME_KEY, operation[0]=9
07-13 08:46:31.190 V/[GF_HAL][gf_hal_milan]( 1442): [hal_milan_invoke_command] exit
07-13 08:46:31.190 V/[GF_HAL][gf_hal_common]( 1442): [gf_hal_invoke_command] exit
07-13 08:46:31.191 E/miui_face( 2459): start face unlock fail, mKeyguardShowing =true;isDeviceInteractive =false;isSwitchingUser =false;isKeyguardGoingAway =false
07-13 08:46:31.191 D/[BT]    ( 1032): mtk_bt_op: BT_VND_OP_SET_BTHOST
07-13 08:46:31.192 D/C2MtkBufferManager( 1041): over 5000ms not request from VCodec but callback hooked, slow BM Cc fetch thread
07-13 08:46:31.193 W/AudioFlinger( 1117): Dolby Effect is NULL
07-13 08:46:31.193 D/TouchInteractionService( 2470): onSystemUiFlagsChanged, mSystemUiStateFlags=400001c6
07-13 08:46:31.193 V/[GF_HAL][gf_hal_common]( 1442): [gf_hal_invoke_command_ex] exit
07-13 08:46:31.193 V/[GF_HAL][gf_hal_common]( 1442): [gf_hal_common_screen_off] exit
07-13 08:46:31.193 D/[GF_HAL][gf_hal_milan]( 1442): [hal_milan_screen_off] screen off, double check sensor!
07-13 08:46:31.193 D/[GF_HAL][gf_hal_device]( 1442): [gf_hal_post_sem_detect_broken] send broken message
07-13 08:46:31.193 V/[GF_HAL][gf_hal_milan]( 1442): [hal_milan_screen_off] exit
07-13 08:46:31.193 V/[GF_HAL][gf_hal]( 1442): [gf_hal_screen_off] exit
07-13 08:46:31.193 D/[GF_HAL][gf_hal_device]( 1442): [gf_handle_thread]  screen off msg.
07-13 08:46:31.194 V/[GF_HAL][gf_hal_common]( 1442): [gf_hal_detect_sensor_broken] enter
07-13 08:46:31.195 V/[GF_HAL][gf_hal_test]( 1442): [gf_test_sensor_broken] enter
07-13 08:46:31.195 V/[GF_HAL][gf_hal_test]( 1442): [hal_test_sensor_broken] enter
07-13 08:46:31.195 V/[GF_HAL][gf_hal_test]( 1442): [gf_hal_test_invoke_command] enter
07-13 08:46:31.195 V/[GF_HAL][gf_hal_milan]( 1442): [hal_milan_invoke_command] enter
07-13 08:46:31.204 D/ResourceTrimmer( 2459): SysUI asleep, trimming memory.
07-13 08:46:31.204 I/GED     ( 2459): ged_boost_gpu_freq, level 100, eOrigin 2, final_idx 31, oppidx_max 31, oppidx_min 0
07-13 08:46:31.213 D/C2MtkBufferManager( 1041): over 5000ms not request from VCodec but callback hooked, slow BM Cc fetch thread
07-13 08:46:31.214 W/OpenGLRenderer( 2200): Surface doesn't have any previously queued frames, nothing to readback from
07-13 08:46:31.215 W/AudioFlinger( 1117): Dolby Effect is NULL
07-13 08:46:31.221 D/ShellTransitions( 2459): finishForSleep: already played sync transition (#6329)android.os.BinderProxy@273802f@0
07-13 08:46:31.223 W/OpenGLRenderer( 2200): Surface doesn't have any previously queued frames, nothing to readback from
07-13 08:46:31.231 D/CentralSurfaces( 2459): Received new disable state: enaiHBcRso.qingr (unchanged)
07-13 08:46:31.231 D/CollapsedStatusBarFragment( 2459): adjustDisableFlags: ShadeExpansionState = 2 mHideIconsForBouncer = false mWereIconsJustHidden = false, mWakeUpCoordinator.getNotificationsFullyHidden = false, mIsExpanded = true, mBypassController.getBypassEnabled = false, mStatusBarStateController.getState() = 1, mKeyguardStateController.isKeyguardGoingAway() = false, mHeadsUpManager.hasPinnedHeadsUp = false, mControlPanelExpand = false
07-13 08:46:31.231 D/QS      ( 2459): setListening true
07-13 08:46:31.231 D/CentralSurfaces( 2459): Received new disable state: enaiHBcRso.qingr (unchanged)
07-13 08:46:31.231 D/CollapsedStatusBarFragment( 2459): adjustDisableFlags: ShadeExpansionState = 2 mHideIconsForBouncer = false mWereIconsJustHidden = false, mWakeUpCoordinator.getNotificationsFullyHidden = false, mIsExpanded = true, mBypassController.getBypassEnabled = false, mStatusBarStateController.getState() = 1, mKeyguardStateController.isKeyguardGoingAway() = false, mHeadsUpManager.hasPinnedHeadsUp = false, mControlPanelExpand = false
07-13 08:46:31.233 D/C2MtkBufferManager( 1041): over 5000ms not request from VCodec but callback hooked, slow BM Cc fetch thread
07-13 08:46:31.236 W/AudioFlinger( 1117): Dolby Effect is NULL
07-13 08:46:31.238 D/LockScreenMagazineClient( 2459): hideOverlay animate=false;mOverlay=null
07-13 08:46:31.238 E/LockScreenMagazinePreView( 2459): getFullScreenLayout()  mRemoteFullScreenView:null
07-13 08:46:31.238 E/LockScreenMagazinePreView( 2459): getFullScreenLayout()  mRemoteFullScreenView:null
07-13 08:46:31.239 D/MiuiFaceManager( 2459): inernational:true supportR:[ALL] nowR:NG
07-13 08:46:31.239 D/MiuiFaceManager( 2459): inernational:true supportR:[ALL] nowR:NG
07-13 08:46:31.239 D/MiuiFaceManager( 2459): inernational:true supportR:[ALL] nowR:NG
07-13 08:46:31.241 W/SoLoader(29872): Initializing SoLoader: 0
07-13 08:46:31.243 D/MiuiFaceManager( 2459): inernational:true supportR:[ALL] nowR:NG
07-13 08:46:31.251 W/AudioALSACaptureDataProviderNormal( 1031): readThread, latency_in_s,0.000002,0.037931,0.000292, totalTime 0.038225 > logTimeout 0.022000 TIMEOUT!!
07-13 08:46:31.253 I/Beauty2:( 1314): [~S_BEAUTY_Plugin] 0xb400007eafc3e0e0
07-13 08:46:31.254 D/C2MtkBufferManager( 1041): over 5000ms not request from VCodec but callback hooked, slow BM Cc fetch thread
07-13 08:46:31.257 W/AudioFlinger( 1117): Dolby Effect is NULL
07-13 08:46:31.257 W/SoLoader(29872): Recording new base apk path: /data/app/~~YLnmsdzZwEre--bK2d7z9w==/com.skillsroom.mobile-f9Bv9at9m-3mkcSkMrJiDw==/base.apk
07-13 08:46:31.257 W/SoLoader(29872): Previously recorded 0 base apk paths.
07-13 08:46:31.263 W/MtkCam/fdNodeImp( 1314): [onDequeRequest] [exitPending] mRequestQueue.size:0
07-13 08:46:31.267 V/[GF_HAL][gf_hal_milan]( 1442): [hal_milan_invoke_command] operation[0]=OPERATION_HOME_KEY, operation[0]=9
07-13 08:46:31.267 V/[GF_HAL][gf_hal_milan]( 1442): [hal_milan_invoke_command] exit
07-13 08:46:31.267 V/[GF_HAL][gf_hal_test]( 1442): [gf_hal_test_invoke_command] exit
07-13 08:46:31.267 V/[GF_HAL][gf_hal_test]( 1442): [hal_test_sensor_broken] exit
07-13 08:46:31.267 D/[GF_HAL][gf_hal_test]( 1442): [gf_test_sensor_broken] hal_test_sensor_broken err 0!
07-13 08:46:31.267 D/[GF_HAL][gf_hal_test]( 1442): [gf_test_sensor_broken] reset g_sensor_broken_count 0!
07-13 08:46:31.267 V/[GF_HAL][gf_hal_test]( 1442): [gf_test_sensor_broken] exit
07-13 08:46:31.267 D/[GF_HAL][gf_hal_common]( 1442): [gf_hal_detect_sensor_broken] temp_check_level : 1
07-13 08:46:31.267 D/[GF_HAL][gf_hal_common]( 1442): [gf_hal_detect_sensor_broken] sensor_broken_cnt : 0
07-13 08:46:31.267 D/[GF_HAL][gf_hal_common]( 1442): [gf_hal_detect_sensor_broken] ocp_overcur_cnt : 0
07-13 08:46:31.267 D/[GF_HAL][gf_hal_common]( 1442): [gf_hal_detect_sensor_broken] overcur_err : 0
07-13 08:46:31.267 D/[GF_HAL][gf_hal_common]( 1442): [gf_hal_detect_sensor_broken] ocp_err : 0
07-13 08:46:31.267 D/[GF_HAL][gf_hal_common]( 1442): [gf_hal_detect_sensor_broken] rsv_data[0] : 0
07-13 08:46:31.267 D/[GF_HAL][gf_hal_common]( 1442): [gf_hal_detect_sensor_broken] rsv_data[1] : 0
07-13 08:46:31.267 D/[GF_HAL][gf_hal_common]( 1442): [gf_hal_detect_sensor_broken] ocp_tmp : 0
07-13 08:46:31.267 V/[GF_HAL][gf_hal_common]( 1442): [gf_hal_detect_sensor_broken] exit
07-13 08:46:31.268 W/mHalFDVT( 1314): (1314)[halFDUninit] FD HAL Object is already uninited...
07-13 08:46:31.268 D/AppFDFT_SW( 1314): FdDumper destructor
07-13 08:46:31.269 I/SoLoader(29872): Preparing SO source: DirectorySoSource[root = /vendor/lib64 flags = 2]
07-13 08:46:31.270 I/SoLoader(29872): Preparing SO source: DirectorySoSource[root = /system/lib64 flags = 2]
07-13 08:46:31.271 I/SoLoader(29872): Preparing SO source: DirectApkSoSource[root = [/data/app/~~YLnmsdzZwEre--bK2d7z9w==/com.skillsroom.mobile-f9Bv9at9m-3mkcSkMrJiDw==/base.apk!/lib/arm64-v8a]]
07-13 08:46:31.274 D/C2MtkBufferManager( 1041): over 5000ms not request from VCodec but callback hooked, slow BM Cc fetch thread
07-13 08:46:31.278 D/SeninfDrvImp( 1314): [configMclk][configMclk] Tg1clk: 24 pcEn = 0
07-13 08:46:31.278 D/SeninfDrvImp( 1314): [configMclk]mclk1: 24, clkCnt1: 0 pclkInv 0
07-13 08:46:31.278 D/SeninfDrvImp( 1314): [setMclk][setMclk]pcEn(0), clkPol(0), mMclkUser[0](0), TimestampClk(103), freq(24), mclkIdx 0
07-13 08:46:31.278 D/SeninfDrvImp( 1314): [updateIspClk]target_clk 228, new_dfs 228, original_dfs 228, sensorIdx 1
07-13 08:46:31.279 D/HW_INTEG( 1314): [190310] Reset sensor index = 1
07-13 08:46:31.279 D/SeninfDrvImp( 1314): [uninit][uninit]: 1 
07-13 08:46:31.279 W/AudioFlinger( 1117): Dolby Effect is NULL
07-13 08:46:31.279 D/SeninfDrvImp( 1314): [uninit][uninit]: 0, mfd(11) 
07-13 08:46:31.287 I/Accelerometer( 1046): batch: handle:0, flag:0,samplingPeriodNs:20000000 maxBatchReportLatencyNs:0
07-13 08:46:31.290 W/AudioALSACaptureDataProviderNormal( 1031): readThread, latency_in_s,0.000002,0.038729,0.000048, totalTime 0.038779 > logTimeout 0.022000 TIMEOUT!!
07-13 08:46:31.293 D/C2MtkVdec( 1041): [0xF20C2400] onRelease
07-13 08:46:31.293 D/C2MtkVdec( 1041): [0xF20C2400] mOnCancel
07-13 08:46:31.295 D/C2MtkBufferManager( 1041): over 5000ms not request from VCodec but callback hooked, slow BM Cc fetch thread
07-13 08:46:31.300 W/AudioFlinger( 1117): Dolby Effect is NULL
07-13 08:46:31.301 I/hw-BpHwBinder( 1314): onLastStrongRef automatically unlinking death recipients
07-13 08:46:31.304 D/ConnectivityService( 1813): releasing NetworkRequest [ REQUEST id=76858, [ Capabilities: INTERNET&NOT_RESTRICTED&TRUSTED&NOT_VCN_MANAGED Uid: 10265 RequestorUid: 10265 RequestorPkg: com.facebook.katana UnderlyingNetworks: Null] ] (release request)
07-13 08:46:31.306 D/AppTsf  ( 1314): [TsfExit] TsfExit; ShadingVersion: 2021.0805.1657 sync codebase and add error handling
07-13 08:46:31.306 D/AppTsf  ( 1314): [~AppTsf] destructor; ShadingVersion: 2021.0805.1657 sync codebase and add error handling
07-13 08:46:31.306 D/tsf_core( 1314): [~TsfCore] destructor
07-13 08:46:31.308 I/Zygote  ( 1023): Process 29430 exited due to signal 9 (Killed)
07-13 08:46:31.304 D/C2MtkVdec( 1041): [0xF20C2400] VCodec destroyed.
07-13 08:46:31.309 D/C2MtkVdec( 1041): [0xF20C2400] mBMLock lock by onRelease
07-13 08:46:31.309 V/C2MtkVdec( 1041): Number of instances decreased to 1(c2.mtk.avc.decoder)
07-13 08:46:31.310 I/Codec2-Component@1.2( 1404): Client died ! notify and release the component !!
07-13 08:46:31.310 D/CAM_CUS_MSDK( 1314): CAM_CUS_MSDK [unlockCustomTuningLibrary] Find sensor id 885a
07-13 08:46:31.310 D/CAM_CUS_MSDK( 1314): CAM_CUS_MSDK zaki matched not xts
07-13 08:46:31.310 D/CAM_CUS_MSDK( 1314): CAM_CUS_MSDK SID 885A data is found,id=10
07-13 08:46:31.310 W/mtkcam-devicesessionpolicy( 1314): [1:DeviceSessionPolicy::destroy] not implement yet.
07-13 08:46:31.311 W/mtkcam-dev3-utils( 1314): [destroy] AppConfigUtil::destroy
07-13 08:46:31.311 I/ActivityManager( 1813): Process com.facebook.katana (pid 29430) has died: prev LAST
07-13 08:46:31.311 I/libprocessgroup( 1813): Successfully killed process cgroup uid 10265 pid 29430 in 0ms
07-13 08:46:31.313 I/ApFusion( 1046): enable, handle:9, en:0
07-13 08:46:31.313 I/Accelerometer( 1046): enable: handle:0, en:0
07-13 08:46:31.314 E/mediaserver( 1289): unlinkToDeath: removed reference to death recipient but unlink failed: DEAD_OBJECT
07-13 08:46:31.315 W/mtkcam-dev3( 1314): [1-session-cmd::~CommandHandler] dtor
07-13 08:46:31.315 D/C2MtkBufferManager( 1041): over 5000ms not request from VCodec but callback hooked, slow BM Cc fetch thread
07-13 08:46:31.315 I/mtkpower_client( 1314): perf_lock_rel, hdl:244673, tid:1314
07-13 08:46:31.317 I/mtkpower_client( 1314): perf_lock_rel, hdl:244668, tid:1314
07-13 08:46:31.317 I/mtkpower_client( 1314): perf_lock_rel, hdl:244670, tid:1314
07-13 08:46:31.318 I/libPowerHal( 1059): [perfLockRel] hdl:244673, idx:8
07-13 08:46:31.319 E/mediaserver( 1289): unlinkToDeath: removed reference to death recipient but unlink failed: DEAD_OBJECT
07-13 08:46:31.319 D/C2MtkVdec( 1041): [0xF20C2400] ~C2MtkVdec
07-13 08:46:31.320 D/C2MtkVdecExt( 1041): [0xF23EB010] ~ExtImpl
07-13 08:46:31.320 D/C2MtkComponentStore( 1041): onNumberOfVideoInstancesChanged: Decoder 2, Encoder 0
07-13 08:46:31.320 V/C2MtkVdec( 1041): Number of instances for debug decreased to 1(c2.mtk.avc.decoder)
07-13 08:46:31.320 D/C2MtkVdec( 1041): [0xF23D6E10] VCodec destroyed.
07-13 08:46:31.321 W/AudioFlinger( 1117): Dolby Effect is NULL
07-13 08:46:31.321 E/ProcessManager( 1813): error write exception log
07-13 08:46:31.321 I/libPowerHal( 1059): [perfLockRel] hdl:244668, idx:6
07-13 08:46:31.323 D/ConnectivityService( 1813): releasing NetworkRequest [ REQUEST id=76856, [ Capabilities: INTERNET&NOT_RESTRICTED&TRUSTED&NOT_VCN_MANAGED Uid: 10265 RequestorUid: 10265 RequestorPkg: com.facebook.katana UnderlyingNetworks: Null] ] (release request)
07-13 08:46:31.324 I/libPowerHal( 1059): [perfLockRel] hdl:244670, idx:9
07-13 08:46:31.325 D/BufferPoolAccessor2.0( 1404): Destruction - bufferpool2 0xb400007a6e32d228 cached: 0/0M, 0/0% in use; allocs: 0, 0% recycled; transfers: 0, 0% unfetched
07-13 08:46:31.325 E/IPCThreadState( 1289): attemptIncStrongHandle(28): Not supported
07-13 08:46:31.326 E/IPCThreadState( 1289): attemptIncStrongHandle(26): Not supported
07-13 08:46:31.327 I/CameraLatencyHistogram( 1239): Stream 0 dequeueBuffer latency histogram (1) samples:
07-13 08:46:31.327 I/CameraLatencyHistogram( 1239):         5     10     15     20     25     30     35     40     45    inf (max ms)
07-13 08:46:31.327 I/CameraLatencyHistogram( 1239):      100.00   0.00   0.00   0.00   0.00   0.00   0.00   0.00   0.00   0.00 (%)
07-13 08:46:31.327 I/Camera3-Device( 1239): disconnectImpl: X
07-13 08:46:31.329 D/ConnectivityService( 1813): releasing NetworkRequest [ REQUEST id=76854, [ Capabilities: INTERNET&NOT_RESTRICTED&TRUSTED&NOT_VCN_MANAGED Uid: 10265 RequestorUid: 10265 RequestorPkg: com.facebook.katana UnderlyingNetworks: Null] ] (release request)
07-13 08:46:31.329 D/ConnectivityService( 1813): releasing NetworkRequest [ REQUEST id=76860, [ Capabilities: INTERNET&NOT_RESTRICTED&TRUSTED&NOT_VCN_MANAGED Uid: 10265 RequestorUid: 10265 RequestorPkg: com.facebook.katana UnderlyingNetworks: Null] ] (release request)
07-13 08:46:31.331 I/Magnetic( 1046): enable: handle:1, en:0 
07-13 08:46:31.334 I/CameraService( 1239): disconnect: Disconnected client for camera 1 for PID 4120
07-13 08:46:31.334 V/CameraStub( 1239): setNfcPolling:125
07-13 08:46:31.334 V/CameraStub( 1239): notifyCameraStatus:278
07-13 08:46:31.335 D/Qst     ( 1046): Qst_enableLib 0 0x80
07-13 08:46:31.335 D/Qst     ( 1046): QstAlgolib vision:QST-V2.7-06
07-13 08:46:31.337 D/C2MtkBufferManager( 1041): over 5000ms not request from VCodec but callback hooked, slow BM Cc fetch thread
07-13 08:46:31.340 D/cameraserver( 1239): FGS Logger Transaction failed
07-13 08:46:31.340 D/cameraserver( 1239): -129
07-13 08:46:31.340 W/BpBinder( 4120): Slow Binder: BpBinder transact took 603 ms, interface=android.hardware.camera2.ICameraDeviceUser, code=1 oneway=false
07-13 08:46:31.340 D/CameraDevice-JV-1( 4120): close: X
07-13 08:46:31.340 I/miui.face.transplant( 4120): Camera2Util, close camera
07-13 08:46:31.342 W/AudioFlinger( 1117): Dolby Effect is NULL
07-13 08:46:31.343 W/com.miui.face( 4120): Long monitor contention with owner auth_worker (4226) at void android.hardware.camera2.impl.CameraDeviceImpl.close()(CameraDeviceImpl.java:1523) waiters=0 in void android.hardware.camera2.impl.CameraDeviceImpl.onDeviceIdle() for 589ms
07-13 08:46:31.344 W/com.miui.face( 4120): PerfMonitor async binderTransact :  time=593ms interface=android.hardware.camera2.ICameraDeviceCallbacks code=2
07-13 08:46:31.345 I/miui.face.transplant( 4120): CameraDevice onClosed
07-13 08:46:31.353 I/MiuiNetworkPolicy( 1813): updateUidState uid = 10265, uidState = 19
07-13 08:46:31.354 W/MiPicks-ProcessObserverV10(21977): onProcessDied:pid = 29430,died-uid=10265
07-13 08:46:31.356 I/IPCThreadState( 4459): oneway function results for code 3 on binder at 0xb400007cb4ffdc20 will be dropped but finished with status UNKNOWN_TRANSACTION
07-13 08:46:31.358 D/C2MtkBufferManager( 1041): over 5000ms not request from VCodec but callback hooked, slow BM Cc fetch thread
07-13 08:46:31.358 D/UidObserver( 7233): onUidGone entry uid = 10265
07-13 08:46:31.358 D/AudioPolicyService( 1117): APSMuteRec1 allowCapture[1] hasOp[1] canCaptureIfInCallOrCommunication[1] State[1] source[7] [0]/[1] uid[10281] portId[6585] isA11yOnTop[0] isAssistantOnTop[0] isSensitiveActive[1] isInCall[0] isInCommunication[1] rttCallActive[0] onlyHotwordActive[0] isTopOrLatestActive[0] isTopOrLatestSensitive[1] UIDTYPE[0]/[0]/[0]
07-13 08:46:31.363 W/AudioFlinger( 1117): Dolby Effect is NULL
07-13 08:46:31.364 I/mtkpower_client( 1813): [Legacy][PowerHal_Wrap_notifyAppState] com.facebook.katana/com.facebook.katana pid=29430 state:3
07-13 08:46:31.366 I/MiuiNetworkPolicy( 1813): removeUidState uid = 10265
07-13 08:46:31.367 I/libPowerHal( 1059): [perfNotifyAppState] pack:com.facebook.katana, act:com.facebook.katana, state:3, pid:29430, uid:10265, fps:-1
07-13 08:46:31.367 I/libPowerHal( 1059): [perfNotifyAppState] pack:com.facebook.katana, pid:29430, STATE_DEAD
07-13 08:46:31.367 D/RilUtility( 1059): notify_rild_crash_pid_set certPid:-1, crash:29430, scn:0x0
07-13 08:46:31.370 D/DisplayManagerService( 1813): Drop pending events for gone uid 10265
07-13 08:46:31.373 D/ActivityManager( 1813): getProcessesInErrorState callingUid=10279, CallingPid=443
07-13 08:46:31.378 D/C2MtkBufferManager( 1041): over 5000ms not request from VCodec but callback hooked, slow BM Cc fetch thread
07-13 08:46:31.382 W/Looper  ( 1813): Slow dispatch took 181ms main h=android.app.ActivityThread$H c=android.app.LoadedApk$ReceiverDispatcher$Args$$ExternalSyntheticLambda0@8f80b6 m=0
07-13 08:46:31.384 W/AudioFlinger( 1117): Dolby Effect is NULL
07-13 08:46:31.386 W/VibratorManagerServiceImpl( 1813): onCameraAvailable with id1
07-13 08:46:31.386 W/VibratorManagerServiceImpl( 1813): remove from mCameraUnAvailableSet
07-13 08:46:31.390 I/TrafficManageService( 5491): onReceive: android.intent.action.SCREEN_OFF
07-13 08:46:31.393 D/MiuiWifiService( 1813): cancelPeriodWifiScan trigger
07-13 08:46:31.395 D/BtGatt.GattService(29492): onReceive: android.intent.action.SCREEN_OFF
07-13 08:46:31.398 D/BtOppService(29492): action : android.intent.action.SCREEN_OFF
07-13 08:46:31.399 D/C2MtkBufferManager( 1041): over 5000ms not request from VCodec but callback hooked, slow BM Cc fetch thread
07-13 08:46:31.402 D/ActivityManager( 1813): getProcessesInErrorState callingUid=10288, CallingPid=19459
07-13 08:46:31.405 D/AS.AudioService( 1813): onReceive action = android.intent.action.SCREEN_OFF
07-13 08:46:31.405 D/AudioSystem( 1813): +setParameters(): screen_state=off 
07-13 08:46:31.406 D/AudioSystem( 1813): start get log level!
07-13 08:46:31.406 W/AudioFlinger( 1117): Dolby Effect is NULL
07-13 08:46:31.409 D/AudioFlinger( 1117): +mAudioHwDevs(primary)->setParameters(): screen_state=off
07-13 08:46:31.409 D/AudioALSAHardware( 1031): +setParameters(): screen_state=off
07-13 08:46:31.414 D/AudioALSAStreamOut( 1031): +setScreenState(), flag 6, mode 0
07-13 08:46:31.414 D/AudioALSAStreamOut( 1031): +setScreenState(), flag 8, mode 0
07-13 08:46:31.414 D/AudioALSAStreamOut( 1031): +setScreenState(), flag 32768, mode 0
07-13 08:46:31.420 D/C2MtkBufferManager( 1041): over 5000ms not request from VCodec but callback hooked, slow BM Cc fetch thread
07-13 08:46:31.427 D/AudioALSAPlaybackHandlerNormal( 1031): setScreenState(), flag = 32768, rate = 3072, mInterrupt = 0.064000, mode = 0, sample_rate(target) = 48000, buffer_size = 8192, channel = 2, format = 4, reduceInterruptSize = 1024
07-13 08:46:31.427 D/AudioALSAStreamOut( 1031): +setScreenState(), flag 65536, mode 0
07-13 08:46:31.427 D/AudioALSAHardware( 1031): -setParameters(): screen_state=off
07-13 08:46:31.427 D/AudioFlinger( 1117): -mAudioHwDevs(primary)->setParameters(): screen_state=off
07-13 08:46:31.428 D/AudioFlinger( 1117): +mAudioHwDevs(bluetooth)->setParameters(): screen_state=off
07-13 08:46:31.428 W/AudioFlinger( 1117): Dolby Effect is NULL
07-13 08:46:31.428 D/AudioFlinger( 1117): -mAudioHwDevs(bluetooth)->setParameters(): screen_state=off
07-13 08:46:31.428 D/AudioFlinger( 1117): +mAudioHwDevs(usb)->setParameters(): screen_state=off
07-13 08:46:31.428 D/AudioFlinger( 1117): -mAudioHwDevs(usb)->setParameters(): screen_state=off
07-13 08:46:31.429 D/AudioFlinger( 1117): +mAudioHwDevs(r_submix)->setParameters(): screen_state=off
07-13 08:46:31.429 D/AudioFlinger( 1117): -mAudioHwDevs(r_submix)->setParameters(): screen_state=off
07-13 08:46:31.431 D/AudioService( 1813): enter startAudioVisual with android.intent.action.SCREEN_OFF
07-13 08:46:31.431 D/AudioService( 1813): startAudioVisual exit, device not support
07-13 08:46:31.433 D/MiSound.MQSUtils( 1813): device not support AudioVisual
07-13 08:46:31.439 I/Light   ( 1046): enable: handle:4, en:0 
07-13 08:46:31.441 D/C2MtkBufferManager( 1041): over 5000ms not request from VCodec but callback hooked, slow BM Cc fetch thread
07-13 08:46:31.449 W/AudioFlinger( 1117): Dolby Effect is NULL
07-13 08:46:31.452 I/msguard ( 3978): screen receiver:android.intent.action.SCREEN_OFF
07-13 08:46:31.453 I/vol.MiuiVolumeDialogImp-plugin( 2459): dismissH mShowing:false dialog showing:false reason:4
07-13 08:46:31.462 D/C2MtkBufferManager( 1041): over 5000ms not request from VCodec but callback hooked, slow BM Cc fetch thread
07-13 08:46:31.468 I/mtkpower@impl( 1059): [powerd_req] TIMER_MSG_PERF_LOCK_TIMEOUT hdl:244671
07-13 08:46:31.468 I/libPowerHal( 1059): [perfLockRel] hdl:244671, idx:10
07-13 08:46:31.470 I/SmartPower: cn.xender/10279(443)( 1813): background->idle(3003ms) R(broadcast start Intent { act=android.intent.action.BATTERY_CHANGED flg=0x60000010 (has extras) }) adj=200.
07-13 08:46:31.470 I/SmartPower: com.shaiban.audioplayer.mplayer/10288(19459)( 1813): background->idle(3003ms) R(broadcast start Intent { act=android.intent.action.BATTERY_CHANGED flg=0x60000010 (has extras) }) adj=200.
07-13 08:46:31.471 D/Launcher_UnlockAnimationStateMachine( 2470): setPrepare on screen off from receiver
07-13 08:46:31.471 D/Launcher_UnlockAnimationStateMachine( 2470): setPrepare = IDLE
07-13 08:46:31.477 W/ActivityManager( 1813): Unable to start service Intent { pkg=com.miui.securitycenter cmp=com.miui.securitycenter/com.miui.apppredict.service.AiService } U=0: not found
07-13 08:46:31.480 D/BroadcastExecutor( 3978): BroadcastExecutor : 2
07-13 08:46:31.482 D/C2MtkBufferManager( 1041): over 5000ms not request from VCodec but callback hooked, slow BM Cc fetch thread
07-13 08:46:31.486 D/BroadcastExecutor( 3978): BroadcastExecutor : 2
07-13 08:46:31.490 W/AudioALSACaptureDataProviderNormal( 1031): readThread, latency_in_s,0.000002,0.039568,0.000093, totalTime 0.039663 > logTimeout 0.022000 TIMEOUT!!
07-13 08:46:31.503 D/C2MtkBufferManager( 1041): over 5000ms not request from VCodec but callback hooked, slow BM Cc fetch thread
07-13 08:46:31.503 I/SmartPower: com.facebook.services/10100(29107)( 1813): background->idle(3002ms) R(service start com.facebook.services/com.facebook.oxygen.services.fbns.PreloadedFbnsService) adj=500.
07-13 08:46:31.513 W/audio_sw_mixer( 1031): sw_mixer_mix_fp_direct_write(-),   MIXER_PLAYBACK  , path T_VOIP=>T_PRIMARY   , size_out  8192, rb     0, latency/total: 21.333/63.900 (2.311+0.013+61.576) ms
07-13 08:46:31.514 W/AudioFlinger( 1117): Dolby Effect is NULL
07-13 08:46:31.516 I/SmartPower: com.google.android.inputmethod.latin/10186(4463)( 1813): idle->background(19878ms) R(broadcast start Intent { act=android.intent.action.SCREEN_OFF flg=0x50200010 }) adj=100.
07-13 08:46:31.517 W/AudioFlinger( 1117): Dolby Effect is NULL
07-13 08:46:31.520 W/AudioFlinger( 1117): Dolby Effect is NULL
07-13 08:46:31.523 D/C2MtkBufferManager( 1041): over 5000ms not request from VCodec but callback hooked, slow BM Cc fetch thread
07-13 08:46:31.523 I/DeviceStatusMonitor( 4463): DeviceStatusMonitor.handleBroadcast():135 onReceive() : Action = android.intent.action.SCREEN_OFF
07-13 08:46:31.526 I/VoiceImeUtils( 4463): VoiceImeUtils.sendStopVoiceEventToInputBundle():529 dispatching STOP_VOICE_IME [RD]
07-13 08:46:31.527 I/DeviceStatusMonitor( 4463): DeviceStatusMonitor.updateCountryInfo():151 updateCountryInfo(), notifyAnyway = false
07-13 08:46:31.533 I/InputBundle( 4463): InputBundle.consumeEvent():1052 Skip consuming an event as imeStatus is INACTIVE
07-13 08:46:31.538 I/PowerSaveService( 5491): onReceive: android.intent.action.SCREEN_OFF
07-13 08:46:31.542 I/Module  ( 4463): DeviceLockedStatusModuleProvider$Module.updateDeviceLockedStatus():103 repeatCheckTimes = 0, locked = true
07-13 08:46:31.544 D/C2MtkBufferManager( 1041): over 5000ms not request from VCodec but callback hooked, slow BM Cc fetch thread
07-13 08:46:31.545 I/InputBundle( 4463): InputBundle.switchToKeyboardDirectly():530 switchToKeyboardDirectly(): ody[keyboardType=prime, payload=null]
07-13 08:46:31.545 I/InputBundle( 4463): InputBundle.switchToKeyboardDirectly():530 switchToKeyboardDirectly(): ody[keyboardType=prime, payload=null]
07-13 08:46:31.545 I/InputBundle( 4463): InputBundle.switchToKeyboardDirectly():530 switchToKeyboardDirectly(): ody[keyboardType=prime, payload=null]
07-13 08:46:31.545 I/InputBundle( 4463): InputBundle.switchToKeyboardDirectly():530 switchToKeyboardDirectly(): ody[keyboardType=prime, payload=null]
07-13 08:46:31.545 I/InputBundle( 4463): InputBundle.switchToKeyboardDirectly():530 switchToKeyboardDirectly(): ody[keyboardType=prime, payload=null]
07-13 08:46:31.545 I/InputBundle( 4463): InputBundle.switchToKeyboardDirectly():530 switchToKeyboardDirectly(): ody[keyboardType=prime, payload=null]
07-13 08:46:31.545 I/SmartPower: com.video.fun.app:core/10308(28660)( 1813): idle->background(19895ms) R(broadcast start Intent { act=android.intent.action.SCREEN_OFF flg=0x50200010 }) adj=200.
07-13 08:46:31.553 D/PowerNoticeUI( 5491): ScreenOffEvent
07-13 08:46:31.565 D/C2MtkBufferManager( 1041): over 5000ms not request from VCodec but callback hooked, slow BM Cc fetch thread
07-13 08:46:31.576 W/audio_sw_mixer( 1031): sw_mixer_mix_fp_direct_write(-),   MIXER_PLAYBACK  , path T_VOIP=>T_PRIMARY   , size_out  8192, rb     0, latency/total: 21.333/56.618 (2.319+0.006+54.293) ms
07-13 08:46:31.577 W/AudioFlinger( 1117): Dolby Effect is NULL
07-13 08:46:31.578 E/AD-PLUGIN-AdRequestManager(31561): cancel runnable
07-13 08:46:31.581 W/AudioFlinger( 1117): Dolby Effect is NULL
07-13 08:46:31.585 D/C2MtkBufferManager( 1041): over 5000ms not request from VCodec but callback hooked, slow BM Cc fetch thread
07-13 08:46:31.586 W/AudioFlinger( 1117): Dolby Effect is NULL
07-13 08:46:31.586 D/BroadcastExecutor(31561): BroadcastExecutor : 2
07-13 08:46:31.594 D/BroadcastExecutor(31561): BroadcastExecutor : 2
07-13 08:46:31.603 D/BroadcastExecutor(31561): BroadcastExecutor : 2
07-13 08:46:31.606 D/C2MtkBufferManager( 1041): over 5000ms not request from VCodec but callback hooked, slow BM Cc fetch thread
07-13 08:46:31.627 D/C2MtkBufferManager( 1041): over 5000ms not request from VCodec but callback hooked, slow BM Cc fetch thread
07-13 08:46:31.631 W/Settings( 2457): Setting airplane_mode_on has moved from android.provider.Settings.System to android.provider.Settings.Global, returning read-only value.
07-13 08:46:31.634 I/libPerfCtl( 1059): xgfGetFPS pid:1813 fps:47
07-13 08:46:31.634 I/libPerfCtl( 1059): xgfGetFPS pid:2459 fps:48
07-13 08:46:31.634 I/libPerfCtl( 1059): xgfGetFPS pid:27937 fps:-1
