07-13 08:46:30.039 E/ActivityManagerWrapper( 2470): getRecentTasks: mainTaskId=5344   userId=0   windowMode=1   baseIntent=Intent { act=android.intent.action.MAIN flag=270532608 cmp=ComponentInfo{com.facebook.lite/com.facebook.lite.MainActivity} }
07-13 08:46:30.039 E/ActivityManagerWrapper( 2470): getRecentTasks: mainTaskId=5341   userId=0   windowMode=1   baseIntent=Intent { act=android.intent.action.MAIN flag=270532608 cmp=ComponentInfo{com.whatsapp.w4b/com.whatsapp.Main} }
07-13 08:46:30.039 E/ActivityManagerWrapper( 2470): getRecentTasks: mainTaskId=5336   userId=0   windowMode=1   baseIntent=Intent { act=android.intent.action.MAIN flag=270532608 cmp=ComponentInfo{com.google.android.dialer/com.google.android.dialer.extensions.GoogleDialtactsActivity} }
07-13 08:46:30.040 E/ActivityManagerWrapper( 2470): getRecentTasks: mainTaskId=5335   userId=0   windowMode=1   baseIntent=Intent { act=android.intent.action.MAIN flag=270532608 cmp=ComponentInfo{com.shaiban.audioplayer.mplayer/com.shaiban.audioplayer.mplayer.app.navigation.NavigatingActivity} }
07-13 08:46:30.040 E/ActivityManagerWrapper( 2470): getRecentTasks: mainTaskId=5287   userId=0   windowMode=1   baseIntent=Intent { act=android.intent.action.MAIN flag=270532608 cmp=ComponentInfo{ng.mtn.nextgen/ng.mtn.nextgen.MainActivity} }
07-13 08:46:30.040 E/ActivityManagerWrapper( 2470): getRecentTasks: mainTaskId=5273   userId=0   windowMode=1   baseIntent=Intent { act=android.settings.APPLICATION_DEVELOPMENT_SETTINGS flag=268468224 cmp=ComponentInfo{com.android.settings/com.android.settings.Settings$DevelopmentSettingsDashboardActivity} }
07-13 08:46:30.040 E/ActivityManagerWrapper( 2470): getRecentTasks: mainTaskId=5246   userId=0   windowMode=1   baseIntent=Intent { act=android.intent.action.MAIN flag=270532608 cmp=ComponentInfo{cn.xender/cn.xender.ui.activity.SplashActivity} }
07-13 08:46:30.040 E/ActivityManagerWrapper( 2470): getRecentTasks: mainTaskId=5239   userId=0   windowMode=1   baseIntent=Intent { act=android.intent.action.MAIN flag=270532608 cmp=ComponentInfo{com.android.camera/com.android.camera.Camera} }
07-13 08:46:30.040 W/AudioFlinger( 1117): Dolby Effect is NULL
07-13 08:46:30.042 D/connsyslogger( 1516): SD_LOG_ROOT is /data/debuglogger/connsyslog/fw.
07-13 08:46:30.043 D/connsyslogger( 1516): systemReady:1
07-13 08:46:30.045 I/CCodec  (29430): setting up 'default' as default (vendor) store
07-13 08:46:30.050 W/AudioALSACaptureDataProviderNormal( 1031): readThread, latency_in_s,0.000001,0.039678,0.000033, totalTime 0.039713 > logTimeout 0.022000 TIMEOUT!!
07-13 08:46:30.056 D/C2MtkBufferManager( 1041): over 5000ms not request from VCodec but callback hooked, slow BM Cc fetch thread
07-13 08:46:30.061 W/AudioFlinger( 1117): Dolby Effect is NULL
07-13 08:46:30.063 W/eo.fun.app:core(28660): PerfMonitor async binderTransact :  time=285ms interface=android.hardware.display.IDisplayManagerCallback code=1
07-13 08:46:30.069 D/BLASTBufferQueue( 2459): [VRI[NotificationShade]#2749](f:0,a:1) acquireNextBufferLocked size=720x1600 mFrameNumber=1 applyTransaction=true mTimestamp=621293449412415(auto) mPendingTransactions.size=0 graphicBufferId=10561324610603 transform=0
07-13 08:46:30.070 E/surfaceflinger( 1133): == MALI DEBUG ===eglp_winsys_populate_image_templates ==12288
07-13 08:46:30.074 D/C2MtkComponentStore( 1041): trytofind: name=c2.mtk.avc.decoder
07-13 08:46:30.074 D/C2MtkComponentStore( 1041): find: name=c2.mtk.avc.decoder, key=c2.mtk.avc.decoder
07-13 08:46:30.076 I/SmartPower: com.facebook.katana/10265(29430)( 1813): background->idle(3001ms) R(broadcast start Intent { act=android.intent.action.BATTERY_CHANGED flg=0x60000010 (has extras) }) adj=700.
07-13 08:46:30.077 D/VRI[NotificationShade]( 2459): vri.reportDrawFinished
07-13 08:46:30.077 D/C2MtkBufferManager( 1041): over 5000ms not request from VCodec but callback hooked, slow BM Cc fetch thread
07-13 08:46:30.079 W/WindowManager( 1813): finishDrawingWindow: Window{15499f4 u0 NotificationShade} mDrawState=DRAW_PENDING
07-13 08:46:30.079 D/WindowManager( 1813): wms.finishDrawingLocked: mDrawState=COMMIT_DRAW_PENDING Window{15499f4 u0 NotificationShade} in Surface(name=NotificationShade#77627)/@0xcee786e
07-13 08:46:30.083 W/AudioFlinger( 1117): Dolby Effect is NULL
07-13 08:46:30.083 D/SeninfDrvImp( 1314): [init][init]: Entry count 0 
07-13 08:46:30.084 D/C2MtkComponentStore( 1041): onNumberOfVideoInstancesChanged: Decoder 3, Encoder 0
07-13 08:46:30.087 I/gralloc4( 1133): @set_metadata: update dataspace from GM (0x08010000 -> 0x00000000)
07-13 08:46:30.087 V/C2MtkVdec( 1041): Number of instances increased to 2(c2.mtk.avc.decoder)
07-13 08:46:30.090 W/AudioALSACaptureDataProviderNormal( 1031): readThread, latency_in_s,0.000001,0.039701,0.000034, totalTime 0.039735 > logTimeout 0.022000 TIMEOUT!!
07-13 08:46:30.090 W/WindowManager( 1813): real show surface NotificationShade sc:Surface(name=NotificationShade#77627)/@0xcee786e
07-13 08:46:30.093 I/OpenGLRenderer( 2459): Davey! duration=815ms; Flags=1, FrameTimelineVsyncId=222037537, IntendedVsync=621292634973813, Vsync=621292968186153, InputEventId=0, HandleInputStart=621292978908415, AnimationStart=621292978909954, PerformTraversalsStart=621293031062261, DrawStart=621293262862954, FrameDeadline=621292656973813, FrameInterval=621292978285107, FrameStartTime=11107078, SyncQueued=621293369057030, SyncStart=621293369542569, IssueDrawCommandsStart=621293376120184, SwapBuffers=621293445960184, FrameCompleted=621293451335261, DequeueBufferDuration=33154, QueueBufferDuration=1605539, GpuCompleted=621293449926877, SwapBuffersCompleted=621293451335261, DisplayPresentTime=621271653634875, CommandSubmissionCompleted=621293445960184, 
07-13 08:46:30.099 D/C2MtkBufferManager( 1041): over 5000ms not request from VCodec but callback hooked, slow BM Cc fetch thread
07-13 08:46:30.103 I/BufferQueueDebug( 1133): [Surface(name=d59f9dd NavigationBar0#77073)/@0xd8156d9 - animation-leash of insets_animation#77601](this:0xb40000785b4d1a30,id:-1,api:0,p:-1,c:1133) onDestructor()
07-13 08:46:30.104 W/AudioFlinger( 1117): Dolby Effect is NULL
07-13 08:46:30.104 I/gralloc4( 1133): @set_metadata: update dataspace from GM (0x00000000 -> 0x08010000)
07-13 08:46:30.116 D/SeninfDrvImp( 1314): [init]Efuse Data:0x11ce018c= 0x7358e72c, 0x11ce0190= 0x73567bde, 0x11ce01ac= 0x7340d6b0, 0x11ce01b0= 0x73800000
07-13 08:46:30.116 D/SeninfDrvImp( 1314): [init][init]: Exit count 1 
07-13 08:46:30.118 I/gralloc4( 2459): @set_metadata: update dataspace from GM (0x00000000 -> 0x08010000)
07-13 08:46:30.119 D/C2MtkBufferManager( 1041): over 5000ms not request from VCodec but callback hooked, slow BM Cc fetch thread
07-13 08:46:30.125 D/SeninfDrvImp( 1314): [configMclk][configMclk] Tg1clk: 24 pcEn = 1
07-13 08:46:30.125 D/SeninfDrvImp( 1314): [configMclk]mclk1: 24, clkCnt1: 0 pclkInv 0
07-13 08:46:30.125 D/SeninfDrvImp( 1314): [setMclk][setMclk]pcEn(1), clkPol(0), mMclkUser[0](1), TimestampClk(103), freq(24), mclkIdx 0
07-13 08:46:30.125 W/AudioFlinger( 1117): Dolby Effect is NULL
07-13 08:46:30.126 I/gralloc4( 2459): @set_metadata: update dataspace from GM (0x00000000 -> 0x08010000)
07-13 08:46:30.129 W/Looper  ( 2459): PerfMonitor doFrame : time=526ms vsyncFrame=0 latency=344ms procState=-1 historyMsgCount=7 (msgIndex=1 wall=442ms seq=9436260 h=com.android.systemui.keyguard.KeyguardViewMediator$12 w=9)
07-13 08:46:30.130 W/AudioALSACaptureDataProviderNormal( 1031): readThread, latency_in_s,0.000001,0.039724,0.000020, totalTime 0.039744 > logTimeout 0.022000 TIMEOUT!!
07-13 08:46:30.133 E/CameraService_proxy( 1813): Recent tasks don't include camera client package name: com.miui.face
07-13 08:46:30.137 I/BufferQueueProducer( 1133): [StatusBar#98](this:0xb400007865c71a30,id:-1,api:0,p:-1,c:1133) queueBuffer: fps=0.13 dur=7946.30 max=7946.30 min=7946.30
07-13 08:46:30.137 I/BufferQueueProducer( 1133): [NavigationBar0#77076](this:0xb4000078557c9a30,id:-1,api:0,p:-1,c:1133) queueBuffer: fps=2.89 dur=14878.68 max=14378.92 min=8.94
07-13 08:46:30.138 D/C2MtkVdec( 1041): [0xF239AE10] IntfImpl: name=c2.mtk.avc.decoder, kind=1, domain=1, mediaType=video/avc, driverIntf=v4l2
07-13 08:46:30.138 D/RecentsModel( 2470): onTaskStackChangedBackground    MSG_TASK_STACK_CHANGE
07-13 08:46:30.138 D/RecentsModel( 2470): preloadRecents
07-13 08:46:30.138 W/RecentsModel( 2470): getRunningTask
07-13 08:46:30.140 D/C2MtkBufferManager( 1041): over 5000ms not request from VCodec but callback hooked, slow BM Cc fetch thread
07-13 08:46:30.141 D/NetworkController.MobileSignalController(1)( 2459): notifyListeners: mFeatureRelayData=false
07-13 08:46:30.141 D/NetworkController.MobileSignalController(5)( 2459): notifyListeners: mFeatureRelayData=false
07-13 08:46:30.141 D/Tile.MiuiCellularTile( 2459): setDefaultSim: 0
07-13 08:46:30.141 D/Tile.MiuiCellularTile( 2459): data usage callback null
07-13 08:46:30.143 I/OpenGLRenderer( 2459): Davey! duration=867ms; Flags=1, FrameTimelineVsyncId=222037537, IntendedVsync=621292634973813, Vsync=621292968186153, InputEventId=1719059177, HandleInputStart=621292978908415, AnimationStart=621292978909954, PerformTraversalsStart=621293031062261, DrawStart=621293459839800, FrameDeadline=621292656973813, FrameInterval=621292978285107, FrameStartTime=11107078, SyncQueued=621293460120184, SyncStart=621293461348800, IssueDrawCommandsStart=621293479005646, SwapBuffers=621293492842877, FrameCompleted=621293503301338, DequeueBufferDuration=245539, QueueBufferDuration=2317846, GpuCompleted=621293500205723, SwapBuffersCompleted=621293503301338, DisplayPresentTime=621277806762953, CommandSubmissionCompleted=621293492842877, 
07-13 08:46:30.143 I/OpenGLRenderer( 2459): Davey! duration=852ms; Flags=1, FrameTimelineVsyncId=222037537, IntendedVsync=621292634973813, Vsync=621292968186153, InputEventId=0, HandleInputStart=621292978908415, AnimationStart=621292978909954, PerformTraversalsStart=621293031062261, DrawStart=621293481207492, FrameDeadline=621292656973813, FrameInterval=621292978285107, FrameStartTime=11107078, SyncQueued=621293481402877, SyncStart=621293503772107, IssueDrawCommandsStart=621293504274261, SwapBuffers=621293506253723, FrameCompleted=621293509595800, DequeueBufferDuration=62692, QueueBufferDuration=648231, GpuCompleted=621293508155492, SwapBuffersCompleted=621293509595800, DisplayPresentTime=621222331310949, CommandSubmissionCompleted=621293506253723, 
07-13 08:46:30.143 W/VibratorManagerServiceImpl( 1813): onCameraUnavailable with id1
07-13 08:46:30.145 D/KeyguardViewMediator( 2459): handleSetOccluded(false)
07-13 08:46:30.145 D/KeyguardViewMediator( 2459): isOccluded=false,mPowerGestureIntercepted=false
07-13 08:46:30.145 D/NetworkController.MobileSignalController(1)( 2459): notifyListeners: mFeatureRelayData=false
07-13 08:46:30.145 D/NetworkController.MobileSignalController(5)( 2459): notifyListeners: mFeatureRelayData=false
07-13 08:46:30.147 W/AudioFlinger( 1117): Dolby Effect is NULL
07-13 08:46:30.148 W/RecentsModel( 2470): getRunningTask   taskInfo=TaskInfo{userId=0 taskId=5351 displayId=0 isRunning=true baseIntent=Intent { act=android.intent.action.MAIN cat=[android.intent.category.LAUNCHER] flg=0x10200000 cmp=com.skillsroom.mobile/.MainActivity } baseActivity=ComponentInfo{com.skillsroom.mobile/com.skillsroom.mobile.MainActivity} topActivity=ComponentInfo{com.skillsroom.mobile/com.skillsroom.mobile.MainActivity} origActivity=null realActivity=ComponentInfo{com.skillsroom.mobile/com.skillsroom.mobile.MainActivity} numActivities=1 lastActiveTime=690389058 supportsSplitScreenMultiWindow=true supportsMultiWindow=true resizeMode=1 isResizeable=true minWidth=-1 minHeight=-1 defaultMinSize=200 token=WCT{android.window.IWindowContainerToken$Stub$Proxy@541e0a8} topActivityType=1 pictureInPictureParams=null shouldDockBigOverlays=false launchIntoPipHostTaskId=-1 lastParentTaskIdBeforePip=-1 displayCutoutSafeInsets=Rect(0, 68 - 0, 0) topActivityInfo=ActivityInfo{97007c1 com.skillsroom.mobile.MainActivity} launchCookies=[] positionInParent=Point(0, 0) parentTaskId=-1 isFocused=true isVisible=false isVisibleRequested=false isSleeping=true topActivityInSizeCompat=false topActivityEligibleForLetterboxEducation= false topActivityLetterboxed= false isFromDoubleTap= false topActivityLetterboxVerticalPosition= -1 topActivityLetterboxHorizontalPosition= -1 topActivityLetterboxWidth=-1 topActivityLetterboxHeight=-1 locusId=null displayAreaFeatureId=1 cameraCompatControlState=hidden mIsCastMode=false mTopActivityMediaSize=null mTopActivityRecordName=ActivityRecord{44c7743 u0 com.skillsroom.mobile/.MainActivity t5351} mTopActivityOrientation=-2 mTopActivityWindowIsNowVisible=false isTranslucent=false isEmbedded=false shouldBeVisible=true mBehindAppLockPkg=null mOriginatingUid=0}
07-13 08:46:30.148 W/RecentsModel( 2470): getTaskInfoIgnoreHomeAndFreeform   taskInfo=ComponentInfo{com.skillsroom.mobile/com.skillsroom.mobile.MainActivity}
07-13 08:46:30.149 I/Choreographer( 2459): Skipped 45 frames!  The application may be doing too much work on its main thread.
07-13 08:46:30.161 D/C2MtkBufferManager( 1041): over 5000ms not request from VCodec but callback hooked, slow BM Cc fetch thread
07-13 08:46:30.163 D/Tile.MiuiCellularTile( 2459): handleUpdateState: MULTI_SIM = true, mSimInfoRecordList.size() = 2, mShowDataUsage = false
07-13 08:46:30.168 W/AudioFlinger( 1117): Dolby Effect is NULL
07-13 08:46:30.170 W/AudioALSACaptureDataProviderNormal( 1031): readThread, latency_in_s,0.000001,0.039791,0.000030, totalTime 0.039822 > logTimeout 0.022000 TIMEOUT!!
07-13 08:46:30.171 V/CameraStub( 1239): notifyCameraStatus:278
07-13 08:46:30.173 E/surfaceflinger( 1133): == MALI DEBUG ===eglp_winsys_populate_image_templates ==12288
07-13 08:46:30.173 W/Looper  ( 2459): PerfMonitor doFrame : time=24ms vsyncFrame=0 latency=508ms procState=-1 historyMsgCount=25 (msgIndex=1 wall=526ms seq=9436267 late=344ms h=android.view.Choreographer$FrameHandler c=android.view.Choreographer$FrameDisplayEventReceiver)
07-13 08:46:30.174 E/ActivityManagerWrapper( 2470): get all recent tasks force including 5351
07-13 08:46:30.178 I/gralloc4( 2459): @set_metadata: update dataspace from GM (0x00000000 -> 0x08010000)
07-13 08:46:30.180 V/CameraStub( 1239): setNfcPolling:125
07-13 08:46:30.180 D/cameraserver( 1239): FGS Logger Transaction failed
07-13 08:46:30.180 D/cameraserver( 1239): -129
07-13 08:46:30.180 W/BpBinder( 4120): Slow Binder: BpBinder transact took 491 ms, interface=android.hardware.ICameraService, code=4 oneway=false
07-13 08:46:30.180 D/AudioSystem( 1813): +setParameters(): cameraFacing=front 
07-13 08:46:30.182 E/AnimationHelper( 2459): com.android.keyguard.clock.animation.AnimationHelper@77d6fef doAnimationToNotification hasNotification: true, fromKeyguard: true, mHasNotification: true, mToAod: false
07-13 08:46:30.182 D/C2MtkVdec( 1041): [0xF239AE10] Max supported level: 20495
07-13 08:46:30.182 D/C2MtkVdec( 1041): [0xF239AE10] Supported resolution: max(width 4096, height 2160), min(width 16, height 16)
07-13 08:46:30.182 D/C2MtkVdec( 1041): [0xF239AE10] Alignment required for output buffer: width 16, height 32
07-13 08:46:30.182 D/TouchInteractionService( 2470): onSystemUiFlagsChanged, mSystemUiStateFlags=500201c6
07-13 08:46:30.183 D/C2MtkVdec( 1041): MaxInputSizeSetter: 2097152 -> 2097152 bytes, width 320, height 240
07-13 08:46:30.183 D/AudioSystem( 1813): start get log level!
07-13 08:46:30.184 V/C2MtkVdec( 1041): Pixel format 0x0 not supported
07-13 08:46:30.184 D/C2MtkVdec( 1041): CropSetter: old 319,239 : new 319,239
07-13 08:46:30.184 D/C2MtkBufferManager( 1041): over 5000ms not request from VCodec but callback hooked, slow BM Cc fetch thread
07-13 08:46:30.187 I/gralloc4( 1133): @set_metadata: update dataspace from GM (0x08010000 -> 0x00000000)
07-13 08:46:30.190 W/AudioFlinger( 1117): Dolby Effect is NULL
07-13 08:46:30.191 D/Tile.MiuiCellularTile( 2459): handleUpdateState: MULTI_SIM = true, mSimInfoRecordList.size() = 2, mShowDataUsage = false
07-13 08:46:30.194 V/C2MtkVdec( 1041): OutputBufferAllocConfigSetter: old 1 : new 1
07-13 08:46:30.195 D/C2MtkVdecExt( 1041): [0xF24CF08C] ExtIntfImpl: name=c2.mtk.avc.decoder, kind=1, domain=1, mediaType=video/avc
07-13 08:46:30.196 D/C2MtkComponent( 1041): [0xF22FA110] setWorkflow: PROCESSED->COMPLETED
07-13 08:46:30.196 D/C2MtkComponent( 1041): [0xF22FA110] setWorkflow: UNPROCESSED->PROCESSED
07-13 08:46:30.198 D/C2MtkComponent( 1041): [0xF22FA100] c2.mtk.avc.decoder.preproc thread stared.
07-13 08:46:30.198 D/C2MtkComponent( 1041): [0xF22FA100] c2.mtk.avc.decoder.postproc thread stared.
07-13 08:46:30.199 D/C2MtkComponent( 1041): [0xF22FA100] c2.mtk.avc.decoder.postprocasyncs1 thread stared.
07-13 08:46:30.199 E/ActivityManagerWrapper( 2470): getRecentTasks: size=10
07-13 08:46:30.199 D/C2MtkComponent( 1041): [0xF22FA100] c2.mtk.avc.decoder.postprocasyncs2 thread stared.
07-13 08:46:30.199 E/ActivityManagerWrapper( 2470): getRecentTasks: mainTaskId=5351   userId=0   windowMode=1   baseIntent=Intent { act=android.intent.action.MAIN flag=270532608 cmp=ComponentInfo{com.skillsroom.mobile/com.skillsroom.mobile.MainActivity} }
07-13 08:46:30.199 E/ActivityManagerWrapper( 2470): getRecentTasks: mainTaskId=5350   userId=0   windowMode=1   baseIntent=Intent { act=com.whatsapp.w4b.intent.action.SHOW_INCOMING_CALL_SCREEN flag=276824064 cmp=ComponentInfo{com.whatsapp.w4b/com.whatsapp.calling.ui.VoipActivityV2} }
07-13 08:46:30.199 D/C2MtkVdec( 1041): [0xF22FA100] C2MtkVdec: name=c2.mtk.avc.decoder, kind=1, domain=1, mediaType=video/avc
07-13 08:46:30.199 E/ActivityManagerWrapper( 2470): getRecentTasks: mainTaskId=5344   userId=0   windowMode=1   baseIntent=Intent { act=android.intent.action.MAIN flag=270532608 cmp=ComponentInfo{com.facebook.lite/com.facebook.lite.MainActivity} }
07-13 08:46:30.199 D/C2MtkVdec( 1041): [0xF22FA100] Client: mCallingUid 10265, mCallingPid 29430
07-13 08:46:30.199 E/ActivityManagerWrapper( 2470): getRecentTasks: mainTaskId=5341   userId=0   windowMode=1   baseIntent=Intent { act=android.intent.action.MAIN flag=270532608 cmp=ComponentInfo{com.whatsapp.w4b/com.whatsapp.Main} }
07-13 08:46:30.199 E/ActivityManagerWrapper( 2470): getRecentTasks: mainTaskId=5336   userId=0   windowMode=1   baseIntent=Intent { act=android.intent.action.MAIN flag=270532608 cmp=ComponentInfo{com.google.android.dialer/com.google.android.dialer.extensions.GoogleDialtactsActivity} }
07-13 08:46:30.199 E/ActivityManagerWrapper( 2470): getRecentTasks: mainTaskId=5335   userId=0   windowMode=1   baseIntent=Intent { act=android.intent.action.MAIN flag=270532608 cmp=ComponentInfo{com.shaiban.audioplayer.mplayer/com.shaiban.audioplayer.mplayer.app.navigation.NavigatingActivity} }
07-13 08:46:30.199 E/ActivityManagerWrapper( 2470): getRecentTasks: mainTaskId=5287   userId=0   windowMode=1   baseIntent=Intent { act=android.intent.action.MAIN flag=270532608 cmp=ComponentInfo{ng.mtn.nextgen/ng.mtn.nextgen.MainActivity} }
07-13 08:46:30.199 E/ActivityManagerWrapper( 2470): getRecentTasks: mainTaskId=5273   userId=0   windowMode=1   baseIntent=Intent { act=android.settings.APPLICATION_DEVELOPMENT_SETTINGS flag=268468224 cmp=ComponentInfo{com.android.settings/com.android.settings.Settings$DevelopmentSettingsDashboardActivity} }
07-13 08:46:30.199 E/ActivityManagerWrapper( 2470): getRecentTasks: mainTaskId=5246   userId=0   windowMode=1   baseIntent=Intent { act=android.intent.action.MAIN flag=270532608 cmp=ComponentInfo{cn.xender/cn.xender.ui.activity.SplashActivity} }
07-13 08:46:30.199 E/ActivityManagerWrapper( 2470): getRecentTasks: mainTaskId=5239   userId=0   windowMode=1   baseIntent=Intent { act=android.intent.action.MAIN flag=270532608 cmp=ComponentInfo{com.android.camera/com.android.camera.Camera} }
07-13 08:46:30.202 W/UriGrantsManagerService( 1813): For security reasons, the system cannot issue a Uri permission grant to content://com.miui.networkassistant.fileprovider/res/tmp.png [user 0]; use startActivityAsCaller() instead
07-13 08:46:30.204 D/C2MtkVdecExt( 1041): [0xF2415010] mEnableAiSdr2Hdr 0, mEnableAiScencePq 0
07-13 08:46:30.204 D/C2MtkVdecExt( 1041): [0xF2415010] ExtImpl: name=c2.mtk.avc.decoder, kind=1, domain=1, mediaType=video/avc
07-13 08:46:30.205 V/AutoDensityController( 2459): on display changed 0 context dpi:296 origin dpi:320 target dpi:296
07-13 08:46:30.205 D/C2MtkBufferManager( 1041): over 5000ms not request from VCodec but callback hooked, slow BM Cc fetch thread
07-13 08:46:30.205 E/VendorTagDescriptor( 1239): lookupTag: Tag name 'sessionparams.clientName' does not exist.
07-13 08:46:30.208 D/C2MtkVdec( 1041): [0xF22FA100] Supported params 54
07-13 08:46:30.208 D/TouchInteractionService( 2470): onSystemUiFlagsChanged, mSystemUiStateFlags=500001c6
07-13 08:46:30.209 D/RPU     ( 1041): [0xF1CEA3E4] extent() != 1 for single value type: algo.buffers.max-count.values
07-13 08:46:30.209 D/RPU     ( 1041): [0xF1CEA3E4] extent() != 1 for single value type: output.subscribed-indices.values
07-13 08:46:30.209 D/RPU     ( 1041): [0xF1CEA3E4] extent() != 1 for single value type: input.buffers.allocator-ids.values
07-13 08:46:30.209 D/RPU     ( 1041): [0xF1CEA3E4] extent() != 1 for single value type: output.buffers.allocator-ids.values
07-13 08:46:30.209 D/RPU     ( 1041): [0xF1CEA3E4] extent() != 1 for single value type: algo.buffers.allocator-ids.values
07-13 08:46:30.209 D/RPU     ( 1041): [0xF1CEA3E4] extent() != 1 for single value type: output.buffers.pool-ids.values
07-13 08:46:30.209 D/RPU     ( 1041): [0xF1CEA3E4] extent() != 1 for single value type: algo.buffers.pool-ids.values
07-13 08:46:30.209 D/RPU     ( 1041): [0xF1CEA3E4] ignored struct field coded.color-format.locations
07-13 08:46:30.209 I/miui.face.transplant( 4120): miui.face.timeline, open camera succeed time=666
07-13 08:46:30.211 W/AudioFlinger( 1117): Dolby Effect is NULL
07-13 08:46:30.216 D/VRI[NotificationShade]( 2459): vri.reportNextDraw android.view.ViewRootImpl.handleResized:2321 android.view.ViewRootImpl.-$$Nest$mhandleResized:0 android.view.ViewRootImpl$ViewRootHandler.handleMessageImpl:6797 android.view.ViewRootImpl$ViewRootHandler.handleMessage:6766 android.os.Handler.dispatchMessage:106 
07-13 08:46:30.217 I/CCodec  (29430): Created component [c2.mtk.avc.decoder]
07-13 08:46:30.217 D/CCodecBufferChannel(29430): [0xb400007c73a64400] setComponent: mName c2.mtk.avc.decoder#295, mPipelineWatcher 0xb400007c73a648a8
07-13 08:46:30.217 D/CCodecBufferChannel(29430): PipelineWatcher debug info [c2.mtk.avc.decoder#295] enable=0
07-13 08:46:30.221 D/MiuiFaceManager( 2459): inernational:true supportR:[ALL] nowR:NG
07-13 08:46:30.222 D/CCodecConfig(29430): read media type: video/avc
07-13 08:46:30.223 D/BufferQueueConsumer( 4120): [](id:10180000068f,api:0,p:-1,c:4120) connect: controlledByApp=true
07-13 08:46:30.224 D/Tile.MiuiCellularTile( 2459): handleUpdateState: MULTI_SIM = true, mSimInfoRecordList.size() = 2, mShowDataUsage = false
07-13 08:46:30.225 D/C2MtkBufferManager( 1041): over 5000ms not request from VCodec but callback hooked, slow BM Cc fetch thread
07-13 08:46:30.228 D/CameraDevice-JV-1( 4120): waitUntilIdle: E. id = 1
07-13 08:46:30.229 D/CameraDevice-JV-1( 4120): waitUntilIdle: X
07-13 08:46:30.230 W/BpBinder( 2459): Slow Binder: BpBinder transact took 647 ms, interface=android.content.IContentProvider, code=1 oneway=false
07-13 08:46:30.230 W/AudioALSACaptureDataProviderNormal( 1031): readThread, latency_in_s,0.000001,0.039846,0.000019, totalTime 0.039866 > logTimeout 0.022000 TIMEOUT!!
07-13 08:46:30.230 D/MiuiFaceManager( 2459): inernational:true supportR:[ALL] nowR:NG
07-13 08:46:30.232 W/AudioFlinger( 1117): Dolby Effect is NULL
07-13 08:46:30.233 E/miui_face( 2459): start face unlock fail, mKeyguardShowing =true;isDeviceInteractive =false;isSwitchingUser =false;isKeyguardGoingAway =false
07-13 08:46:30.233 D/AudioFlinger( 1117): +mAudioHwDevs(primary)->setParameters(): cameraFacing=front
07-13 08:46:30.233 D/MiuiFaceManager( 2459): cancelAuthentication 
07-13 08:46:30.234 D/miui.face.FaceService( 4120): CODE_CANCEL_AUTHENTICATE
07-13 08:46:30.234 D/miui.face.FaceService( 4120): cancelAuthenticate, packName: com.android.systemuimCurrentClient: com.android.systemui
07-13 08:46:30.234 D/miui.face.FaceService( 4120): onError  curMonitor:com.miui.face.util.ClientMonitor@934be07, vendorCode:0, errorId:5
07-13 08:46:30.234 D/BiometricUnlockCtrl( 2459): onBiometricRunningStateChanged running=false
07-13 08:46:30.234 D/ReflectedParamUpdater(29430): extent() != 1 for single value type: algo.buffers.max-count.values
07-13 08:46:30.235 D/MiuiFaceManager( 2459): mServiceReceiver callback: 205
07-13 08:46:30.235 D/KeyguardViewMediator( 2459): handleNotifyStartedGoingToSleep
07-13 08:46:30.238 D/ReflectedParamUpdater(29430): extent() != 1 for single value type: output.subscribed-indices.values
07-13 08:46:30.239 I/MiuiChargeController( 2459): dismissChargeAnimation: dismiss_for_screen_off
07-13 08:46:30.240 D/ReflectedParamUpdater(29430): extent() != 1 for single value type: input.buffers.allocator-ids.values
07-13 08:46:30.240 D/MiuiFaceManager( 2459): inernational:true supportR:[ALL] nowR:NG
07-13 08:46:30.240 D/MiuiFaceManager( 2459): inernational:true supportR:[ALL] nowR:NG
07-13 08:46:30.240 D/ReflectedParamUpdater(29430): extent() != 1 for single value type: output.buffers.allocator-ids.values
07-13 08:46:30.241 D/ReflectedParamUpdater(29430): extent() != 1 for single value type: algo.buffers.allocator-ids.values
07-13 08:46:30.241 D/MiuiKeyguardWallPaperManager( 2459): showWallpaperScreenOnAnim: false
07-13 08:46:30.242 I/KeyguardSensorInjector( 2459): register pickup sensor
07-13 08:46:30.245 D/OneHandedController( 2459): stopOneHanded state is 0
07-13 08:46:30.245 D/Utilities( 2459):  oldHints : 0 backDisposition : 0 imeShown : false hints 0
07-13 08:46:30.246 D/C2MtkBufferManager( 1041): over 5000ms not request from VCodec but callback hooked, slow BM Cc fetch thread
07-13 08:46:30.246 D/CameraService( 1239): CameraPerf: getpriority success, tid is 7417, priority is -10
07-13 08:46:30.247 D/ReflectedParamUpdater(29430): extent() != 1 for single value type: output.buffers.pool-ids.values
07-13 08:46:30.248 D/miui.face.FaceService( 4120): Done with client: com.android.systemui
07-13 08:46:30.249 D/ReflectedParamUpdater(29430): extent() != 1 for single value type: algo.buffers.pool-ids.values
07-13 08:46:30.249 D/miui.face.FaceService( 4120): preInitAuth, com.android.systemui ok
07-13 08:46:30.252 D/Tile.MiuiCellularTile( 2459): handleUpdateState: MULTI_SIM = true, mSimInfoRecordList.size() = 2, mShowDataUsage = false
07-13 08:46:30.252 D/ReflectedParamUpdater(29430): ignored struct field coded.color-format.locations
07-13 08:46:30.252 I/cameraserver( 1239): roundBufferDimensionNearest: can't find size 640x480 in xiaomi size
07-13 08:46:30.254 W/AudioFlinger( 1117): Dolby Effect is NULL
07-13 08:46:30.259 D/CameraService( 1239): CameraPerf: getpriority success, tid is 7417, priority is -10
07-13 08:46:30.262 D/FLASH_ALGO( 1314): line=108: init(), gitVersion: $Rev: 4033 $
07-13 08:46:30.263 D/camerahalserver( 1314): [HIDL][ATMs]Received factor(OPER_MODE), factor_value(0x0)
07-13 08:46:30.263 E/adTracker( 2459): Value HOTSPOT_NOTIFICATION of type java.lang.String cannot be converted to JSONObject
07-13 08:46:30.263 D/MtkCam/ATMsEventMgr( 1314): [ATMsEventMgr]set factor(OPER_MODE), factor_value(0x0)
07-13 08:46:30.263 D/AudioALSAHardware( 1031): +setParameters(): cameraFacing=front
07-13 08:46:30.263 E/adTracker( 2459): Value ranker_group of type java.lang.String cannot be converted to JSONObject
07-13 08:46:30.264 D/MiCameraSceneIdentify( 1239): setParameters: stream 0  height is 480 width is 640  format is 35 usecase is 0
07-13 08:46:30.264 D/MiCameraSceneIdentify( 1239): isScanScene: The activity is com.skillsroom.mobile.MainActivity 
07-13 08:46:30.264 D/AudioALSAHardware( 1031): -setParameters(): cameraFacing=front
07-13 08:46:30.264 D/AudioFlinger( 1117): -mAudioHwDevs(primary)->setParameters(): cameraFacing=front
07-13 08:46:30.264 D/AudioFlinger( 1117): +mAudioHwDevs(bluetooth)->setParameters(): cameraFacing=front
07-13 08:46:30.266 D/C2MtkBufferManager( 1041): over 5000ms not request from VCodec but callback hooked, slow BM Cc fetch thread
07-13 08:46:30.267 D/TouchInteractionService( 2470): onSystemUiFlagsChanged, mSystemUiStateFlags=600001c6
07-13 08:46:30.267 D/flash_tuning_custom_sub.cpp( 1314): paraIdx=0 aeSceneInd =2
07-13 08:46:30.267 D/flash_tuning_custom_sub.cpp( 1314): copyTuningPara sub yTarget=188
07-13 08:46:30.267 D/AudioFlinger( 1117): -mAudioHwDevs(bluetooth)->setParameters(): cameraFacing=front
07-13 08:46:30.267 D/AudioFlinger( 1117): +mAudioHwDevs(usb)->setParameters(): cameraFacing=front
07-13 08:46:30.268 D/CCodecConfig(29430): ignoring local param raw.size (0xd2001800) as it is already supported
07-13 08:46:30.268 D/CCodecConfig(29430): ignoring local param raw.crop (0xd2001801) as it is already supported
07-13 08:46:30.268 D/CCodecConfig(29430): ignoring local param default.color (0x5200180b) as it is already supported
07-13 08:46:30.268 D/CCodecConfig(29430): ignoring local param raw.hdr-static-info (0xd200180a) as it is already supported
07-13 08:46:30.270 W/AudioALSACaptureDataProviderNormal( 1031): readThread, latency_in_s,0.000001,0.039701,0.000023, totalTime 0.039725 > logTimeout 0.022000 TIMEOUT!!
07-13 08:46:30.270 D/AudioFlinger( 1117): -mAudioHwDevs(usb)->setParameters(): cameraFacing=front
07-13 08:46:30.270 D/AudioFlinger( 1117): +mAudioHwDevs(r_submix)->setParameters(): cameraFacing=front
07-13 08:46:30.272 D/AudioFlinger( 1117): -mAudioHwDevs(r_submix)->setParameters(): cameraFacing=front
07-13 08:46:30.273 I/CCodecConfig(29430): query failed after returning 17 values (BAD_INDEX)
07-13 08:46:30.275 D/CCodecConfig(29430): c2 config diff is Dict {
07-13 08:46:30.275 D/CCodecConfig(29430):   c2::i32 algo.priority.value = 1
07-13 08:46:30.275 D/CCodecConfig(29430):   c2::float algo.rate.value = 0
07-13 08:46:30.275 D/CCodecConfig(29430):   c2::float coded.frame-rate.value = 30
07-13 08:46:30.275 D/CCodecConfig(29430):   c2::u32 coded.pl.level = 20495
07-13 08:46:30.275 D/CCodecConfig(29430):   c2::u32 coded.pl.profile = 20481
07-13 08:46:30.275 D/CCodecConfig(29430):   c2::u32 coded.vui.color.matrix = 0
07-13 08:46:30.275 D/CCodecConfig(29430):   c2::u32 coded.vui.color.primaries = 0
07-13 08:46:30.275 D/CCodecConfig(29430):   c2::u32 coded.vui.color.range = 2
07-13 08:46:30.275 D/CCodecConfig(29430):   c2::u32 coded.vui.color.transfer = 0
07-13 08:46:30.275 D/CCodecConfig(29430):   c2::u32 default.color.matrix = 0
07-13 08:46:30.275 D/CCodecConfig(29430):   c2::u32 default.color.primaries = 0
07-13 08:46:30.275 D/CCodecConfig(29430):   c2::u32 default.color.range = 0
07-13 08:46:30.275 D/CCodecConfig(29430):   c2::u32 default.color.transfer = 0
07-13 08:46:30.275 D/CCodecConfig(29430):   c2::u32 input.buffers.max-size.value = 2097152
07-13 08:46:30.275 D/CCodecConfig(29430):   c2::u32 input.delay.value = 4
07-13 08:46:30.275 D/CCodecConfig(29430):   string input.media-type.value = "video/avc"
07-13 08:46:30.275 D/CCodecConfig(29430):   c2::u32 output.delay.value = 12
07-13 08:46:30.275 D/CCodecConfig(29430):   string output.media-type.value = "video/raw"
07-13 08:46:30.275 D/CCodecConfig(29430):   c2::u32 raw.color.matrix = 0
07-13 08:46:30.275 D/CCodecConfig(29430):   c2::u32 raw.color.primaries = 0
07-13 08:46:30.275 D/CCodecConfig(29430):   c2::u32 raw.color.range = 2
07-13 08:46:30.275 D/CCodecConfig(29430):   c2::u32 raw.color.transfer = 0
07-13 08:46:30.275 D/CCodecConfig(29430):   c2::u32 raw.crop.height = 239
07-13 08:46:30.275 D/CCodecConfig(29430):   c2::u32 raw.crop.left = 0
07-13 08:46:30.275 D/CCodecConfig(29430):   c2::u32 raw.crop.top = 0
07-13 08:46:30.275 D/CCodecConfig(29430):   c2::u32 raw.crop.width = 319
07-13 08:46:30.275 D/CCodecConfig(29430):   c2::float raw.hdr-static-info.mastering.blue.x = 0
07-13 08:46:30.275 D/CCodecConfig(29430):   c2::float raw.hdr-s
07-13 08:46:30.275 W/AudioFlinger( 1117): Dolby Effect is NULL
07-13 08:46:30.279 D/MobileStatusTracker(5)( 2459): onSignalStrengthsChanged signalStrength=SignalStrength:{mCdma=CellSignalStrengthCdma: cdmaDbm=2147483647 cdmaEcio=2147483647 evdoDbm=2147483647 evdoEcio=2147483647 evdoSnr=2147483647 miuiLevel=0 mOptimizedLevel=0 level=0,mGsm=CellSignalStrengthGsm: rssi=2147483647 ber=2147483647 mTa=2147483647 miuiLevel=0 isNtnMode=false mLevel=0,mWcdma=CellSignalStrengthWcdma: ss=2147483647 ber=2147483647 rscp=2147483647 ecno=2147483647 miuiLevel=0 mOptimizedLevel=0 level=0,mTdscdma=CellSignalStrengthTdscdma: rssi=2147483647 ber=2147483647 rscp=2147483647 miuiLevel=0 mOptimizedLevel=0 level=0,mLte=CellSignalStrengthLte: rssi=-69 rsrp=-81 rsrq=-14 rssnr=21 cqiTableIndex=2147483647 cqi=0 ta=0 miuiLevel=5 mOptimizedLevel=0 level=4 parametersUseForLevel=0,mNr=CellSignalStrengthNr:{ csiRsrp = 2147483647 csiRsrq = 2147483647 csiCqiTableIndex = 2147483647 csiCqiReport = [] ssRsrp = 2147483647 ssRsrq = 2147483647 ssSinr = 2147483647 miuiLevel = 0 mOptimizedLevel = 0 level = 0 parametersUseForLevel = 0 timingAdvance = 2147483647 },primary=CellSignalStrengthLte,mNrAsPrimaryInNrNsa=false}
07-13 08:46:30.279 W/ColorUtils(29430): expected specified color aspects (2:0:0:0)
07-13 08:46:30.280 D/NetworkController.MobileSignalController(5)( 2459): update5GConnectState: false
07-13 08:46:30.280 D/NetworkController.MobileSignalController(5)( 2459): ss use aosp level not 0, 5
07-13 08:46:30.280 D/MediaCodec(29430): [0xb400007c73af6000] setState: 2
07-13 08:46:30.280 I/MediaCodec(29430): [mId: 0] video-debug setState: INITIALIZED
07-13 08:46:30.280 E/isp_tuning_custom( 1314): [get_feature_control()] Err:  4904:, west: pkgname com.miui.face, eSensorDev 2, isXtsApp 0
07-13 08:46:30.281 E/paramctrl_lifetime( 1314): open /proc/driver/thermal/clNR_status failed, disable NR cooler
07-13 08:46:30.281 E/paramctrl_lifetime( 1314):  (Paramctrl){#261:vendor/mediatek/proprietary/hardware/mtkcam/aaa/source/isp_40/isp_tuning/paramctrl/paramctrl_lifetime.cpp}
07-13 08:46:30.282 I/MiuiWallpaper-WallpaperEventManager( 2200): showWallpaperScreenOnAnim: on = false
07-13 08:46:30.284 E/SensorService( 1813): CL_L  VirtualAlspscanAccess packet:com.android.keyguard.injector.KeyguardSensorInjector$mPickupSensorListener$1 use Sensorname:pickup  Wakeup 
07-13 08:46:30.284 I/MiuiWallpaper-WallpaperEventManager( 2200): setScreenOn = false
07-13 08:46:30.286 D/C2MtkBufferManager( 1041): over 5000ms not request from VCodec but callback hooked, slow BM Cc fetch thread
07-13 08:46:30.289 I/Situation( 1046): batch: handle:24, flag:0,samplingPeriodNs:200000000 maxBatchReportLatencyNs:0
07-13 08:46:30.291 I/Situation( 1046): enable: handle:24, en:1 
07-13 08:46:30.296 W/AudioFlinger( 1117): Dolby Effect is NULL
07-13 08:46:30.298 I/KeyguardSensorInjector( 2459): unregister large area touch sensor
07-13 08:46:30.303 W/ThermalCollecto( 7233): type=1400 audit(0.0:606711): avc:  denied  { read } for  name="charge_counter" dev="sysfs" ino=36942 scontext=u:r:system_app:s0 tcontext=u:object_r:sysfs_batteryinfo:s0 tclass=file permissive=0
07-13 08:46:30.300 D/VRI[NotificationShade]( 2459): vri.Setup new sync=wmsSync-VRI[NotificationShade]#5
07-13 08:46:30.300 D/Tile.MiuiCellularTile( 2459): handleUpdateState: MULTI_SIM = true, mSimInfoRecordList.size() = 2, mShowDataUsage = false
07-13 08:46:30.300 D/LocalBluetoothAdapter( 2459): isSupportBluetoothRestrict = 0
07-13 08:46:30.307 D/C2MtkBufferManager( 1041): over 5000ms not request from VCodec but callback hooked, slow BM Cc fetch thread
07-13 08:46:30.308 E/ThermalInfoUtils( 7233): getCurrentCapacity Exceptionjava.io.FileNotFoundException: /sys/class/power_supply/battery/charge_counter: open failed: EACCES (Permission denied)
07-13 08:46:30.310 W/AudioALSACaptureDataProviderNormal( 1031): readThread, latency_in_s,0.000001,0.039418,0.000020, totalTime 0.039439 > logTimeout 0.022000 TIMEOUT!!
07-13 08:46:30.312 D/VideoInfo(29430): com.facebook.katana create c2.mtk.avc.decoder in MediaCodec
07-13 08:46:30.317 W/AudioFlinger( 1117): Dolby Effect is NULL
07-13 08:46:30.323 D/AppTsf  ( 1314): [AppTsf] constructor; ShadingVersion: 2021.0805.1657 sync codebase and add error handling
07-13 08:46:30.323 D/tsf_core( 1314): [TsfCore] constructor
07-13 08:46:30.327 D/C2MtkBufferManager( 1041): over 5000ms not request from VCodec but callback hooked, slow BM Cc fetch thread
07-13 08:46:30.330 D/Tile.MiuiCellularTile( 2459): handleUpdateState: MULTI_SIM = true, mSimInfoRecordList.size() = 2, mShowDataUsage = false
07-13 08:46:30.331 E/surfaceflinger( 1133): == MALI DEBUG ===eglp_winsys_populate_image_templates ==12288
07-13 08:46:30.331 D/VRI[NotificationShade]( 2459): vri.reportDrawFinished
07-13 08:46:30.332 W/WindowManager( 1813): finishDrawingWindow: Window{15499f4 u0 NotificationShade} mDrawState=HAS_DRAWN
07-13 08:46:30.337 I/gralloc4( 1133): @set_metadata: update dataspace from GM (0x08010000 -> 0x00000000)
07-13 08:46:30.339 W/AudioFlinger( 1117): Dolby Effect is NULL
07-13 08:46:30.341 D/LocalBluetoothAdapter( 2459): isSupportBluetoothRestrict = 0
07-13 08:46:30.344 D/MiuiFaceManager( 2459):  handleMessage  callback what:205
07-13 08:46:30.347 I/gralloc4( 2459): @set_metadata: update dataspace from GM (0x00000000 -> 0x08010000)
07-13 08:46:30.347 D/MiuiFaceManager( 2459): inernational:true supportR:[ALL] nowR:NG
07-13 08:46:30.347 D/MiuiFaceManager( 2459): inernational:true supportR:[ALL] nowR:NG
07-13 08:46:30.347 D/MiuiFaceManager( 2459): inernational:true supportR:[ALL] nowR:NG
07-13 08:46:30.348 D/C2MtkBufferManager( 1041): over 5000ms not request from VCodec but callback hooked, slow BM Cc fetch thread
07-13 08:46:30.350 W/AudioALSACaptureDataProviderNormal( 1031): readThread, latency_in_s,0.000001,0.039739,0.000070, totalTime 0.039810 > logTimeout 0.022000 TIMEOUT!!
07-13 08:46:30.351 D/MiuiFaceManager( 2459): inernational:true supportR:[ALL] nowR:NG
07-13 08:46:30.351 I/vol.MiuiVolumeDialogImp-plugin( 2459): dismissH mShowing:false dialog showing:false reason:2
07-13 08:46:30.360 W/AudioFlinger( 1117): Dolby Effect is NULL
07-13 08:46:30.369 D/C2MtkBufferManager( 1041): over 5000ms not request from VCodec but callback hooked, slow BM Cc fetch thread
07-13 08:46:30.369 D/ActivityManager( 1813): getProcessesInErrorState callingUid=10279, CallingPid=443
07-13 08:46:30.372 E/surfaceflinger( 1133): == MALI DEBUG ===eglp_winsys_populate_image_templates ==12288
07-13 08:46:30.376 D/SystemServerTiming( 1813): getUserSwitchability-0
07-13 08:46:30.376 D/SystemServerTiming( 1813): TM.isInCall
07-13 08:46:30.379 I/gralloc4( 2459): @set_metadata: update dataspace from GM (0x00000000 -> 0x08010000)
07-13 08:46:30.379 D/ActivityManager( 1813): getProcessesInErrorState callingUid=10288, CallingPid=19459
07-13 08:46:30.382 W/AudioFlinger( 1117): Dolby Effect is NULL
07-13 08:46:30.387 I/gralloc4( 1133): @set_metadata: update dataspace from GM (0x08010000 -> 0x00000000)
07-13 08:46:30.389 D/C2MtkBufferManager( 1041): over 5000ms not request from VCodec but callback hooked, slow BM Cc fetch thread
07-13 08:46:30.391 W/AudioALSACaptureDataProviderNormal( 1031): readThread, latency_in_s,0.000001,0.039623,0.000021, totalTime 0.039645 > logTimeout 0.022000 TIMEOUT!!
07-13 08:46:30.392 D/MediaCodec(29430): [0xb400007c73af6000] [c2.mtk.avc.decoder] release
07-13 08:46:30.392 D/MediaCodec(29430): [0xb400007c73af6000] setState: 10
07-13 08:46:30.392 I/MediaCodec(29430): [mId: 0] video-debug setState: RELEASING
07-13 08:46:30.394 E/surfaceflinger( 1133): == MALI DEBUG ===eglp_winsys_populate_image_templates ==12288
07-13 08:46:30.395 D/C2MtkComponent( 1041): [0xF22FA100] release
07-13 08:46:30.396 D/C2MtkVdec( 1041): [0xF22FA100] onRelease
07-13 08:46:30.396 D/C2MtkVdec( 1041): [0xF22FA100] mOnCancel
07-13 08:46:30.399 D/C2MtkVdec( 1041): [0xF22FA100] VCodec destroyed.
07-13 08:46:30.399 D/C2MtkVdec( 1041): [0xF22FA100] mBMLock lock by onRelease
07-13 08:46:30.399 V/C2MtkVdec( 1041): Number of instances decreased to 1(c2.mtk.avc.decoder)
07-13 08:46:30.399 D/SystemServerTiming( 1813): getUserSwitchability-0
07-13 08:46:30.399 D/SystemServerTiming( 1813): TM.isInCall
07-13 08:46:30.400 I/hw-BpHwBinder(29430): onLastStrongRef automatically unlinking death recipients
07-13 08:46:30.400 D/MediaCodec(29430): [0xb400007c73af6000] [c2.mtk.avc.decoder] kWhatReleaseCompleted
07-13 08:46:30.400 D/MediaCodec(29430): [0xb400007c73af6000] setState: 0
07-13 08:46:30.400 I/MediaCodec(29430): [mId: 0] video-debug setState: UNINITIALIZED
07-13 08:46:30.402 I/MediaCodec(29430): MediaStub sendHdrInfo/sendFrameRateFloatCal/updateFrcAieAisState
07-13 08:46:30.402 D/MediaImpl(29430): FRC not support: valueSupport : 
07-13 08:46:30.401 D/C2MtkVdec( 1041): [0xF22FA100] onRelease
07-13 08:46:30.402 D/MediaImpl(29430): AIE not support: valueSupport : 
07-13 08:46:30.402 D/C2MtkVdec( 1041): [0xF22FA100] mOnCancel
07-13 08:46:30.402 D/MediaImpl(29430): AIS not support: valueSupport : 
07-13 08:46:30.402 D/C2MtkVdec( 1041): [0xF22FA100] VCodec destroyed.
07-13 08:46:30.402 D/C2MtkVdec( 1041): [0xF22FA100] mBMLock lock by onRelease
07-13 08:46:30.402 D/C2MtkVdec( 1041): [0xF22FA100] ~C2MtkVdec
07-13 08:46:30.402 D/C2MtkVdecExt( 1041): [0xF2415010] ~ExtImpl
07-13 08:46:30.403 W/AudioFlinger( 1117): Dolby Effect is NULL
07-13 08:46:30.403 I/gralloc4( 1133): @set_metadata: update dataspace from GM (0x08010000 -> 0x00000000)
07-13 08:46:30.403 I/gralloc4( 2459): @set_metadata: update dataspace from GM (0x00000000 -> 0x08010000)
07-13 08:46:30.404 D/C2MtkComponentStore( 1041): onNumberOfVideoInstancesChanged: Decoder 2, Encoder 0
07-13 08:46:30.404 V/C2MtkVdec( 1041): Number of instances for debug decreased to 1(c2.mtk.avc.decoder)
07-13 08:46:30.404 D/C2MtkVdec( 1041): [0xF239AE10] VCodec destroyed.
07-13 08:46:30.408 I/gralloc4( 2459): @set_metadata: update dataspace from GM (0x00000000 -> 0x08010000)
07-13 08:46:30.410 D/C2MtkBufferManager( 1041): over 5000ms not request from VCodec but callback hooked, slow BM Cc fetch thread
07-13 08:46:30.412 D/SystemServerTiming( 1813): hasUserRestriction-DISALLOW_USER_SWITCH
07-13 08:46:30.412 D/SystemServerTiming( 1813): hasUserRestriction-DISALLOW_USER_SWITCH
07-13 08:46:30.412 D/SystemServerTiming( 1813): getInt-ALLOW_USER_SWITCHING_WHEN_SYSTEM_USER_LOCKED
07-13 08:46:30.412 D/SystemServerTiming( 1813): getInt-ALLOW_USER_SWITCHING_WHEN_SYSTEM_USER_LOCKED
07-13 08:46:30.412 D/SystemServerTiming( 1813): isUserUnlocked-USER_SYSTEM
07-13 08:46:30.412 D/SystemServerTiming( 1813): isUserUnlocked-USER_SYSTEM
07-13 08:46:30.413 D/CCodecBufferChannel(29430): mBufferCountDebug=0 mIsUserLoad=1
07-13 08:46:30.413 D/CCodecBufferChannel(29430): dynamicEnableMediaLog getprop frameworks.media.debug.CCodecBufferChannel: -1,
07-13 08:46:30.413 D/MediaCodec(29430): [0xb400007c73af6000] init: CCodec 0xb400007caf809600, CCodecBufferChannel 0xb400007c73a64a00
07-13 08:46:30.413 I/MediaCodec(29430): init video box disabled for codec not supported
07-13 08:46:30.415 D/MediaCodec(29430): [0xb400007c73af6000] setState: 1
07-13 08:46:30.415 I/MediaCodec(29430): [mId: 0] video-debug setState: INITIALIZING
07-13 08:46:30.415 D/CCodec  (29430): allocate(c2.mtk.avc.decoder)
07-13 08:46:30.418 I/gralloc4( 2459): @set_metadata: update dataspace from GM (0x00000000 -> 0x08010000)
07-13 08:46:30.419 I/CCodec  (29430): setting up 'default' as default (vendor) store
07-13 08:46:30.420 D/C2MtkComponentStore( 1041): trytofind: name=c2.mtk.avc.decoder
07-13 08:46:30.420 D/C2MtkComponentStore( 1041): find: name=c2.mtk.avc.decoder, key=c2.mtk.avc.decoder
07-13 08:46:30.420 D/C2MtkComponentStore( 1041): onNumberOfVideoInstancesChanged: Decoder 3, Encoder 0
07-13 08:46:30.420 V/C2MtkVdec( 1041): Number of instances increased to 2(c2.mtk.avc.decoder)
07-13 08:46:30.420 D/C2MtkVdec( 1041): [0xF23D6E10] IntfImpl: name=c2.mtk.avc.decoder, kind=1, domain=1, mediaType=video/avc, driverIntf=v4l2
07-13 08:46:30.422 I/gralloc4( 2459): @set_metadata: update dataspace from GM (0x00000000 -> 0x08010000)
07-13 08:46:30.423 D/C2MtkVdec( 1041): [0xF23D6E10] Max supported level: 20495
07-13 08:46:30.423 D/C2MtkVdec( 1041): [0xF23D6E10] Supported resolution: max(width 4096, height 2160), min(width 16, height 16)
07-13 08:46:30.423 D/C2MtkVdec( 1041): [0xF23D6E10] Alignment required for output buffer: width 16, height 32
07-13 08:46:30.424 D/C2MtkVdec( 1041): MaxInputSizeSetter: 2097152 -> 2097152 bytes, width 320, height 240
07-13 08:46:30.424 W/AudioFlinger( 1117): Dolby Effect is NULL
07-13 08:46:30.425 V/C2MtkVdec( 1041): Pixel format 0x0 not supported
07-13 08:46:30.425 D/C2MtkVdec( 1041): CropSetter: old 319,239 : new 319,239
07-13 08:46:30.425 V/C2MtkVdec( 1041): OutputBufferAllocConfigSetter: old 1 : new 1
07-13 08:46:30.425 D/C2MtkVdecExt( 1041): [0xF272B60C] ExtIntfImpl: name=c2.mtk.avc.decoder, kind=1, domain=1, mediaType=video/avc
07-13 08:46:30.426 D/C2MtkComponent( 1041): [0xF20C2410] setWorkflow: PROCESSED->COMPLETED
07-13 08:46:30.426 D/C2MtkComponent( 1041): [0xF20C2410] setWorkflow: UNPROCESSED->PROCESSED
07-13 08:46:30.426 D/C2MtkComponent( 1041): [0xF20C2400] c2.mtk.avc.decoder.preproc thread stared.
07-13 08:46:30.427 D/C2MtkComponent( 1041): [0xF20C2400] c2.mtk.avc.decoder.postproc thread stared.
07-13 08:46:30.427 D/C2MtkComponent( 1041): [0xF20C2400] c2.mtk.avc.decoder.postprocasyncs1 thread stared.
07-13 08:46:30.427 D/C2MtkComponent( 1041): [0xF20C2400] c2.mtk.avc.decoder.postprocasyncs2 thread stared.
07-13 08:46:30.428 D/C2MtkVdec( 1041): [0xF20C2400] C2MtkVdec: name=c2.mtk.avc.decoder, kind=1, domain=1, mediaType=video/avc
07-13 08:46:30.428 D/C2MtkVdec( 1041): [0xF20C2400] Client: mCallingUid 10265, mCallingPid 29430
07-13 08:46:30.429 D/C2MtkVdecExt( 1041): [0xF23EB010] mEnableAiSdr2Hdr 0, mEnableAiScencePq 0
07-13 08:46:30.429 D/C2MtkVdecExt( 1041): [0xF23EB010] ExtImpl: name=c2.mtk.avc.decoder, kind=1, domain=1, mediaType=video/avc
07-13 08:46:30.430 D/C2MtkVdec( 1041): [0xF20C2400] Supported params 54
07-13 08:46:30.430 D/RPU     ( 1041): [0xF1CEA8B4] extent() != 1 for single value type: algo.buffers.max-count.values
07-13 08:46:30.430 D/RPU     ( 1041): [0xF1CEA8B4] extent() != 1 for single value type: output.subscribed-indices.values
07-13 08:46:30.430 D/RPU     ( 1041): [0xF1CEA8B4] extent() != 1 for single value type: input.buffers.allocator-ids.values
07-13 08:46:30.430 D/RPU     ( 1041): [0xF1CEA8B4] extent() != 1 for single value type: output.buffers.allocator-ids.values
07-13 08:46:30.430 D/C2MtkBufferManager( 1041): over 5000ms not request from VCodec but callback hooked, slow BM Cc fetch thread
07-13 08:46:30.430 I/gralloc4( 2459): @set_metadata: update dataspace from GM (0x00000000 -> 0x08010000)
07-13 08:46:30.430 W/AudioALSACaptureDataProviderNormal( 1031): readThread, latency_in_s,0.000001,0.039126,0.000023, totalTime 0.039150 > logTimeout 0.022000 TIMEOUT!!
07-13 08:46:30.430 D/RPU     ( 1041): [0xF1CEA8B4] extent() != 1 for single value type: algo.buffers.allocator-ids.values
07-13 08:46:30.431 D/RPU     ( 1041): [0xF1CEA8B4] extent() != 1 for single value type: output.buffers.pool-ids.values
07-13 08:46:30.431 D/RPU     ( 1041): [0xF1CEA8B4] extent() != 1 for single value type: algo.buffers.pool-ids.values
07-13 08:46:30.431 D/RPU     ( 1041): [0xF1CEA8B4] ignored struct field coded.color-format.locations
07-13 08:46:30.434 I/CCodec  (29430): Created component [c2.mtk.avc.decoder]
07-13 08:46:30.434 D/CCodecBufferChannel(29430): [0xb400007c73a64a00] setComponent: mName c2.mtk.avc.decoder#775, mPipelineWatcher 0xb400007c73a64ea8
07-13 08:46:30.434 D/CCodecBufferChannel(29430): PipelineWatcher debug info [c2.mtk.avc.decoder#775] enable=0
07-13 08:46:30.435 D/CCodecConfig(29430): read media type: video/avc
07-13 08:46:30.441 I/gralloc4( 2459): @set_metadata: update dataspace from GM (0x00000000 -> 0x08010000)
07-13 08:46:30.446 W/AudioFlinger( 1117): Dolby Effect is NULL
07-13 08:46:30.450 D/ReflectedParamUpdater(29430): extent() != 1 for single value type: algo.buffers.max-count.values
07-13 08:46:30.450 D/ReflectedParamUpdater(29430): extent() != 1 for single value type: output.subscribed-indices.values
07-13 08:46:30.450 D/C2MtkBufferManager( 1041): over 5000ms not request from VCodec but callback hooked, slow BM Cc fetch thread
07-13 08:46:30.450 D/ReflectedParamUpdater(29430): extent() != 1 for single value type: input.buffers.allocator-ids.values
07-13 08:46:30.451 D/ReflectedParamUpdater(29430): extent() != 1 for single value type: output.buffers.allocator-ids.values
07-13 08:46:30.451 D/ReflectedParamUpdater(29430): extent() != 1 for single value type: algo.buffers.allocator-ids.values
07-13 08:46:30.451 D/ReflectedParamUpdater(29430): extent() != 1 for single value type: output.buffers.pool-ids.values
07-13 08:46:30.451 D/ReflectedParamUpdater(29430): extent() != 1 for single value type: algo.buffers.pool-ids.values
07-13 08:46:30.453 I/TouchSensorLargeArea( 1046): TouchLargeAreaDetSensor: activate 0
07-13 08:46:30.456 D/ReflectedParamUpdater(29430): ignored struct field coded.color-format.locations
07-13 08:46:30.462 I/MiuiNetworkPolicy( 1813): updateUidState uid = 10265, uidState = 10
07-13 08:46:30.465 D/CameraImpl( 1239): executeSceneIdentify MiStreamUsecase value is 2 
07-13 08:46:30.465 E/VendorTagDescriptor( 1239): lookupTag: Tag name 'sessionparams.MiStreamUsecase' does not exist.
07-13 08:46:30.465 E/CameraImpl( 1239): executeSceneIdentify 669 failed to find tag
07-13 08:46:30.467 D/AudioPolicyService( 1117): APSMuteRec1 allowCapture[1] hasOp[1] canCaptureIfInCallOrCommunication[1] State[1] source[7] [0]/[1] uid[10281] portId[6585] isA11yOnTop[0] isAssistantOnTop[0] isSensitiveActive[1] isInCall[0] isInCommunication[1] rttCallActive[0] onlyHotwordActive[0] isTopOrLatestActive[0] isTopOrLatestSensitive[1] UIDTYPE[0]/[0]/[0]
07-13 08:46:30.467 W/AudioFlinger( 1117): Dolby Effect is NULL
07-13 08:46:30.467 I/mtkpower_client( 1314): perf_lock_acq, hdl:0, dur:1000, num:4, tid:1843
