07-13 08:46:33.226 E/MsgCenterConfig(30015): 	at android.os.Handler.dispatchMessage(Handler.java:106)
07-13 08:46:33.226 E/MsgCenterConfig(30015): 	at android.os.Looper.loopOnce(Looper.java:222)
07-13 08:46:33.226 E/MsgCenterConfig(30015): 	at android.os.Looper.loop(Looper.java:314)
07-13 08:46:33.226 E/MsgCenterConfig(30015): 	at android.app.ActivityThread.main(ActivityThread.java:8671)
07-13 08:46:33.226 E/MsgCenterConfig(30015): 	at java.lang.reflect.Method.invoke(Native Method)
07-13 08:46:33.226 E/MsgCenterConfig(30015): 	at com.android.internal.os.RuntimeInit$MethodAndArgsCaller.run(RuntimeInit.java:565)
07-13 08:46:33.226 E/MsgCenterConfig(30015): 	at com.android.internal.os.ZygoteInit.main(ZygoteInit.java:1081)
07-13 08:46:33.229 E/MsgCenterConfig(30015): com.xiaomi.demo
07-13 08:46:33.229 E/MsgCenterConfig(30015): android.content.pm.PackageManager$NameNotFoundException: com.xiaomi.demo
07-13 08:46:33.229 E/MsgCenterConfig(30015): 	at android.app.ApplicationPackageManager.getApplicationInfoAsUser(ApplicationPackageManager.java:515)
07-13 08:46:33.229 E/MsgCenterConfig(30015): 	at android.app.ApplicationPackageManager.getApplicationInfo(ApplicationPackageManager.java:498)
07-13 08:46:33.229 E/MsgCenterConfig(30015): 	at android.app.ApplicationPackageManager.getApplicationInfo(ApplicationPackageManager.java:492)
07-13 08:46:33.229 E/MsgCenterConfig(30015): 	at com.xiaomi.mipicks.openstore.core.utils.c.a(SourceFile:30)
07-13 08:46:33.229 E/MsgCenterConfig(30015): 	at com.xiaomi.mipicks.openstore.core.process.ProcessServiceImpl.v1(SourceFile:9)
07-13 08:46:33.229 E/MsgCenterConfig(30015): 	at com.xiaomi.mipicks.openstore.core.process.ProcessServiceImpl.init(SourceFile:6)
07-13 08:46:33.229 E/MsgCenterConfig(30015): 	at com.xiaomi.mipicks.openstore.core.process.c.b(SourceFile:14)
07-13 08:46:33.229 E/MsgCenterConfig(30015): 	at com.xiaomi.mipicks.openstore.core.MPMsgCenterWrapper.d(SourceFile:18)
07-13 08:46:33.229 E/MsgCenterConfig(30015): 	at com.xiaomi.mipicks.openstore.core.d.c(SourceFile:8)
07-13 08:46:33.229 E/MsgCenterConfig(30015): 	at com.xiaomi.mipicks.openstore.platform.c.a(SourceFile:10)
07-13 08:46:33.229 E/MsgCenterConfig(30015): 	at com.xiaomi.mipicks.openstore.platform.b.a(SourceFile:11)
07-13 08:46:33.229 E/MsgCenterConfig(30015): 	at com.xiaomi.market.MarketApp.o(SourceFile:83)
07-13 08:46:33.229 E/MsgCenterConfig(30015): 	at com.xiaomi.market.MarketApp.onCreate(SourceFile:39)
07-13 08:46:33.229 E/MsgCenterConfig(30015): 	at android.app.Instrumentation.callApplicationOnCreate(Instrumentation.java:1325)
07-13 08:46:33.229 E/MsgCenterConfig(30015): 	at android.app.ActivityThread.handleBindApplication(ActivityThread.java:7440)
07-13 08:46:33.229 E/MsgCenterConfig(30015): 	at android.app.ActivityThread.-$$Nest$mhandleBindApplication(ActivityThread.java:0)
07-13 08:46:33.229 E/MsgCenterConfig(30015): 	at android.app.ActivityThread$H.handleMessage(ActivityThread.java:2405)
07-13 08:46:33.229 E/MsgCenterConfig(30015): 	at android.os.Handler.dispatchMessage(Handler.java:106)
07-13 08:46:33.229 E/MsgCenterConfig(30015): 	at android.os.Looper.loopOnce(Looper.java:222)
07-13 08:46:33.229 E/MsgCenterConfig(30015): 	at android.os.Looper.loop(Looper.java:314)
07-13 08:46:33.229 E/MsgCenterConfig(30015): 	at android.app.ActivityThread.main(ActivityThread.java:8671)
07-13 08:46:33.229 E/MsgCenterConfig(30015): 	at java.lang.reflect.Method.invoke(Native Method)
07-13 08:46:33.229 E/MsgCenterConfig(30015): 	at com.android.internal.os.RuntimeInit$MethodAndArgsCaller.run(RuntimeInit.java:565)
07-13 08:46:33.229 E/MsgCenterConfig(30015): 	at com.android.internal.os.ZygoteInit.main(ZygoteInit.java:1081)
07-13 08:46:33.240 W/audio_sw_mixer( 1031): sw_mixer_mix_fp_direct_write(-),   MIXER_PLAYBACK  , path T_VOIP=>T_PRIMARY   , size_out  8192, rb     0, latency/total: 21.333/56.278 (2.509+0.006+53.763) ms
07-13 08:46:33.240 D/C2MtkBufferManager( 1041): over 5000ms not request from VCodec but callback hooked, slow BM Cc fetch thread
07-13 08:46:33.241 W/AudioFlinger( 1117): Dolby Effect is NULL
07-13 08:46:33.245 D/nativeloader(29872): Load /data/app/~~YLnmsdzZwEre--bK2d7z9w==/com.skillsroom.mobile-f9Bv9at9m-3mkcSkMrJiDw==/base.apk!/lib/arm64-v8a/libfbjni.so using class loader ns clns-4 (caller=/data/app/~~YLnmsdzZwEre--bK2d7z9w==/com.skillsroom.mobile-f9Bv9at9m-3mkcSkMrJiDw==/base.apk!classes20.dex): ok
07-13 08:46:33.245 W/AudioFlinger( 1117): Dolby Effect is NULL
07-13 08:46:33.249 W/AudioFlinger( 1117): Dolby Effect is NULL
07-13 08:46:33.261 D/C2MtkBufferManager( 1041): over 5000ms not request from VCodec but callback hooked, slow BM Cc fetch thread
07-13 08:46:33.278 I/ActivityManager( 1813): Flag disabled. Ignoring finishAttachApplication from uid: 10198. pid: 30015
07-13 08:46:33.279 I/SystemUpdate-LocalAppManager(30015): load local apps from system : begin
07-13 08:46:33.281 D/C2MtkBufferManager( 1041): over 5000ms not request from VCodec but callback hooked, slow BM Cc fetch thread
07-13 08:46:33.287 I/SystemUpdate-DiscoverUpdateManager(30015): onMipicksStartUpdate
07-13 08:46:33.292 I/MiuiNetworkPolicy( 1813): updateUidState uid = 10198, uidState = 19
07-13 08:46:33.294 D/AudioPolicyService( 1117): APSMuteRec1 allowCapture[1] hasOp[1] canCaptureIfInCallOrCommunication[1] State[1] source[7] [0]/[1] uid[10281] portId[6585] isA11yOnTop[0] isAssistantOnTop[0] isSensitiveActive[1] isInCall[0] isInCommunication[1] rttCallActive[0] onlyHotwordActive[0] isTopOrLatestActive[0] isTopOrLatestSensitive[1] UIDTYPE[0]/[0]/[0]
07-13 08:46:33.303 D/C2MtkBufferManager( 1041): over 5000ms not request from VCodec but callback hooked, slow BM Cc fetch thread
07-13 08:46:33.304 W/audio_sw_mixer( 1031): sw_mixer_mix_fp_direct_write(-),   MIXER_PLAYBACK  , path T_VOIP=>T_PRIMARY   , size_out  8192, rb     0, latency/total: 21.333/55.423 (2.547+0.006+52.870) ms
07-13 08:46:33.305 W/AudioFlinger( 1117): Dolby Effect is NULL
07-13 08:46:33.309 W/AudioFlinger( 1117): Dolby Effect is NULL
07-13 08:46:33.313 W/AudioFlinger( 1117): Dolby Effect is NULL
07-13 08:46:33.324 D/C2MtkBufferManager( 1041): over 5000ms not request from VCodec but callback hooked, slow BM Cc fetch thread
07-13 08:46:33.329 I/AS.AudioService( 1813): getMode, get current owner's mode
07-13 08:46:33.329 I/AS.AudioService( 1813): getMode, mode = 3
07-13 08:46:33.331 W/ParceledListSlice( 1813): Element #19 is 20860 bytes. parcelable: PackageInfo{6192b3f com.google.android.googlequicksearchbox}
07-13 08:46:33.344 D/C2MtkBufferManager( 1041): over 5000ms not request from VCodec but callback hooked, slow BM Cc fetch thread
07-13 08:46:33.346 D/nativeloader(29872): Load /data/app/~~YLnmsdzZwEre--bK2d7z9w==/com.skillsroom.mobile-f9Bv9at9m-3mkcSkMrJiDw==/base.apk!/lib/arm64-v8a/libreactnative.so using class loader ns clns-4 (caller=/data/app/~~YLnmsdzZwEre--bK2d7z9w==/com.skillsroom.mobile-f9Bv9at9m-3mkcSkMrJiDw==/base.apk!classes20.dex): ok
07-13 08:46:33.347 D/jni_lib_merge(29872): Entering merged library JNI_OnLoad.
07-13 08:46:33.347 D/jni_lib_merge(29872): Preparing 12 pre-merged libs (including stub)
07-13 08:46:33.348 D/jni_lib_merge(29872): Preparing to register libfabricjni_so.  onload_func: 0x7cb519ef38
07-13 08:46:33.348 D/jni_lib_merge(29872): Preparing to register libreact_devsupportjni_so.  onload_func: 0x7cb53a781c
07-13 08:46:33.348 D/jni_lib_merge(29872): Preparing to register libreact_featureflagsjni_so.  onload_func: 0x7cb53b9b7c
07-13 08:46:33.348 D/jni_lib_merge(29872): Preparing to register libreact_newarchdefaults_so.  onload_func: 0x7cb545ef24
07-13 08:46:33.348 D/jni_lib_merge(29872): Preparing to register libreactnativeblob_so.  onload_func: 0x7cb5671088
07-13 08:46:33.348 D/jni_lib_merge(29872): Preparing to register libreactnativejni_so.  onload_func: 0x7cb56b3ffc
07-13 08:46:33.348 D/jni_lib_merge(29872): Preparing to register libreactnativejni_common_so.  onload_func: 0x7cb56c49f0
07-13 08:46:33.348 D/jni_lib_merge(29872): Preparing to register librninstance_so.  onload_func: 0x7cb570362c
07-13 08:46:33.348 D/jni_lib_merge(29872): Preparing to register libturbomodulejsijni_so.  onload_func: 0x7cb5860734
07-13 08:46:33.348 D/jni_lib_merge(29872): Preparing to register libuimanagerjni_so.  onload_func: 0x7cb58796e8
07-13 08:46:33.348 D/jni_lib_merge(29872): Preparing to register libyoga_so.  onload_func: 0x7cb588916c
07-13 08:46:33.348 D/jni_lib_merge(29872): About to register 11 actual methods.
07-13 08:46:33.365 D/C2MtkBufferManager( 1041): over 5000ms not request from VCodec but callback hooked, slow BM Cc fetch thread
07-13 08:46:33.368 W/audio_sw_mixer( 1031): sw_mixer_mix_fp_direct_write(-),   MIXER_PLAYBACK  , path T_VOIP=>T_PRIMARY   , size_out  8192, rb     0, latency/total: 21.333/55.869 (2.912+0.011+52.946) ms
07-13 08:46:33.369 W/AudioFlinger( 1117): Dolby Effect is NULL
07-13 08:46:33.370 W/ParceledListSlice( 1813): Element #235 is 16436 bytes. parcelable: PackageInfo{7036aac team.opay.pay}
07-13 08:46:33.373 W/AudioFlinger( 1117): Dolby Effect is NULL
07-13 08:46:33.377 W/AudioFlinger( 1117): Dolby Effect is NULL
07-13 08:46:33.385 D/C2MtkBufferManager( 1041): over 5000ms not request from VCodec but callback hooked, slow BM Cc fetch thread
07-13 08:46:33.390 D/ActivityManager( 1813): getProcessesInErrorState callingUid=10279, CallingPid=443
07-13 08:46:33.406 D/C2MtkBufferManager( 1041): over 5000ms not request from VCodec but callback hooked, slow BM Cc fetch thread
07-13 08:46:33.411 D/ActivityManager( 1813): getProcessesInErrorState callingUid=10288, CallingPid=19459
07-13 08:46:33.427 D/C2MtkBufferManager( 1041): over 5000ms not request from VCodec but callback hooked, slow BM Cc fetch thread
07-13 08:46:33.432 W/audio_sw_mixer( 1031): sw_mixer_mix_fp_direct_write(-),   MIXER_PLAYBACK  , path T_VOIP=>T_PRIMARY   , size_out  8192, rb     0, latency/total: 21.333/55.471 (2.642+0.007+52.822) ms
07-13 08:46:33.433 W/AudioFlinger( 1117): Dolby Effect is NULL
07-13 08:46:33.437 W/AudioFlinger( 1117): Dolby Effect is NULL
07-13 08:46:33.441 W/AudioFlinger( 1117): Dolby Effect is NULL
07-13 08:46:33.447 D/C2MtkBufferManager( 1041): over 5000ms not request from VCodec but callback hooked, slow BM Cc fetch thread
07-13 08:46:33.467 D/C2MtkBufferManager( 1041): over 5000ms not request from VCodec but callback hooked, slow BM Cc fetch thread
07-13 08:46:33.473 I/SystemUpdate-LocalAppManager(30015): load local apps from system : finish
07-13 08:46:33.474 D/nativeloader(29872): Load /data/app/~~YLnmsdzZwEre--bK2d7z9w==/com.skillsroom.mobile-f9Bv9at9m-3mkcSkMrJiDw==/base.apk!/lib/arm64-v8a/libreact_codegen_rnscreens.so using class loader ns clns-4 (caller=/data/app/~~YLnmsdzZwEre--bK2d7z9w==/com.skillsroom.mobile-f9Bv9at9m-3mkcSkMrJiDw==/base.apk!classes20.dex): ok
07-13 08:46:33.475 D/jni_lib_merge(29872): Entering merged library JNI_OnLoad.
07-13 08:46:33.475 D/jni_lib_merge(29872): Preparing 12 pre-merged libs (including stub)
07-13 08:46:33.475 D/jni_lib_merge(29872): Preparing to register libfabricjni_so.  onload_func: 0x7cb519ef38
07-13 08:46:33.475 D/jni_lib_merge(29872): Preparing to register libreact_devsupportjni_so.  onload_func: 0x7cb53a781c
07-13 08:46:33.475 D/jni_lib_merge(29872): Preparing to register libreact_featureflagsjni_so.  onload_func: 0x7cb53b9b7c
07-13 08:46:33.475 D/jni_lib_merge(29872): Preparing to register libreact_newarchdefaults_so.  onload_func: 0x7cb545ef24
07-13 08:46:33.475 D/jni_lib_merge(29872): Preparing to register libreactnativeblob_so.  onload_func: 0x7cb5671088
07-13 08:46:33.475 D/jni_lib_merge(29872): Preparing to register libreactnativejni_so.  onload_func: 0x7cb56b3ffc
07-13 08:46:33.476 D/jni_lib_merge(29872): Preparing to register libreactnativejni_common_so.  onload_func: 0x7cb56c49f0
07-13 08:46:33.476 D/jni_lib_merge(29872): Preparing to register librninstance_so.  onload_func: 0x7cb570362c
07-13 08:46:33.476 D/jni_lib_merge(29872): Preparing to register libturbomodulejsijni_so.  onload_func: 0x7cb5860734
07-13 08:46:33.476 D/jni_lib_merge(29872): Preparing to register libuimanagerjni_so.  onload_func: 0x7cb58796e8
07-13 08:46:33.476 D/jni_lib_merge(29872): Preparing to register libyoga_so.  onload_func: 0x7cb588916c
07-13 08:46:33.476 D/jni_lib_merge(29872): About to register 11 actual methods.
07-13 08:46:33.487 I/ClipboardServiceI( 1813): checkProviderWakePathForClipboard: primaryClip is null
07-13 08:46:33.488 D/C2MtkBufferManager( 1041): over 5000ms not request from VCodec but callback hooked, slow BM Cc fetch thread
07-13 08:46:33.496 W/audio_sw_mixer( 1031): sw_mixer_mix_fp_direct_write(-),   MIXER_PLAYBACK  , path T_VOIP=>T_PRIMARY   , size_out  8192, rb     0, latency/total: 21.333/56.042 (2.699+0.008+53.335) ms
07-13 08:46:33.497 W/AudioFlinger( 1117): Dolby Effect is NULL
07-13 08:46:33.501 W/AudioFlinger( 1117): Dolby Effect is NULL
07-13 08:46:33.506 W/AudioFlinger( 1117): Dolby Effect is NULL
07-13 08:46:33.509 D/C2MtkBufferManager( 1041): over 5000ms not request from VCodec but callback hooked, slow BM Cc fetch thread
07-13 08:46:33.529 D/C2MtkBufferManager( 1041): over 5000ms not request from VCodec but callback hooked, slow BM Cc fetch thread
07-13 08:46:33.536 D/nativeloader(29872): Load /data/app/~~YLnmsdzZwEre--bK2d7z9w==/com.skillsroom.mobile-f9Bv9at9m-3mkcSkMrJiDw==/base.apk!/lib/arm64-v8a/libreact_codegen_rnsvg.so using class loader ns clns-4 (caller=/data/app/~~YLnmsdzZwEre--bK2d7z9w==/com.skillsroom.mobile-f9Bv9at9m-3mkcSkMrJiDw==/base.apk!classes20.dex): ok
07-13 08:46:33.537 D/jni_lib_merge(29872): Entering merged library JNI_OnLoad.
07-13 08:46:33.537 D/jni_lib_merge(29872): Preparing 12 pre-merged libs (including stub)
07-13 08:46:33.538 D/jni_lib_merge(29872): Preparing to register libfabricjni_so.  onload_func: 0x7cb519ef38
07-13 08:46:33.538 D/jni_lib_merge(29872): Preparing to register libreact_devsupportjni_so.  onload_func: 0x7cb53a781c
07-13 08:46:33.538 D/jni_lib_merge(29872): Preparing to register libreact_featureflagsjni_so.  onload_func: 0x7cb53b9b7c
07-13 08:46:33.538 D/jni_lib_merge(29872): Preparing to register libreact_newarchdefaults_so.  onload_func: 0x7cb545ef24
07-13 08:46:33.538 D/jni_lib_merge(29872): Preparing to register libreactnativeblob_so.  onload_func: 0x7cb5671088
07-13 08:46:33.538 D/jni_lib_merge(29872): Preparing to register libreactnativejni_so.  onload_func: 0x7cb56b3ffc
07-13 08:46:33.538 D/jni_lib_merge(29872): Preparing to register libreactnativejni_common_so.  onload_func: 0x7cb56c49f0
07-13 08:46:33.539 D/jni_lib_merge(29872): Preparing to register librninstance_so.  onload_func: 0x7cb570362c
07-13 08:46:33.539 D/jni_lib_merge(29872): Preparing to register libturbomodulejsijni_so.  onload_func: 0x7cb5860734
07-13 08:46:33.539 D/jni_lib_merge(29872): Preparing to register libuimanagerjni_so.  onload_func: 0x7cb58796e8
07-13 08:46:33.539 D/jni_lib_merge(29872): Preparing to register libyoga_so.  onload_func: 0x7cb588916c
07-13 08:46:33.539 D/jni_lib_merge(29872): About to register 11 actual methods.
07-13 08:46:33.550 D/C2MtkBufferManager( 1041): over 5000ms not request from VCodec but callback hooked, slow BM Cc fetch thread
07-13 08:46:33.560 W/audio_sw_mixer( 1031): sw_mixer_mix_fp_direct_write(-),   MIXER_PLAYBACK  , path T_VOIP=>T_PRIMARY   , size_out  8192, rb     0, latency/total: 21.333/55.334 (2.892+0.007+52.435) ms
07-13 08:46:33.561 W/AudioFlinger( 1117): Dolby Effect is NULL
07-13 08:46:33.566 W/AudioFlinger( 1117): Dolby Effect is NULL
07-13 08:46:33.570 W/AudioFlinger( 1117): Dolby Effect is NULL
07-13 08:46:33.570 D/C2MtkBufferManager( 1041): over 5000ms not request from VCodec but callback hooked, slow BM Cc fetch thread
07-13 08:46:33.591 D/C2MtkBufferManager( 1041): over 5000ms not request from VCodec but callback hooked, slow BM Cc fetch thread
07-13 08:46:33.600 D/nativeloader(29872): Load /data/app/~~YLnmsdzZwEre--bK2d7z9w==/com.skillsroom.mobile-f9Bv9at9m-3mkcSkMrJiDw==/base.apk!/lib/arm64-v8a/libreact_codegen_safeareacontext.so using class loader ns clns-4 (caller=/data/app/~~YLnmsdzZwEre--bK2d7z9w==/com.skillsroom.mobile-f9Bv9at9m-3mkcSkMrJiDw==/base.apk!classes20.dex): ok
07-13 08:46:33.611 D/C2MtkBufferManager( 1041): over 5000ms not request from VCodec but callback hooked, slow BM Cc fetch thread
07-13 08:46:33.624 W/audio_sw_mixer( 1031): sw_mixer_mix_fp_direct_write(-),   MIXER_PLAYBACK  , path T_VOIP=>T_PRIMARY   , size_out  8192, rb     0, latency/total: 21.333/54.482 (2.200+0.005+52.277) ms
07-13 08:46:33.625 W/AudioFlinger( 1117): Dolby Effect is NULL
07-13 08:46:33.629 W/AudioFlinger( 1117): Dolby Effect is NULL
07-13 08:46:33.632 D/C2MtkBufferManager( 1041): over 5000ms not request from VCodec but callback hooked, slow BM Cc fetch thread
07-13 08:46:33.633 W/AudioFlinger( 1117): Dolby Effect is NULL
07-13 08:46:33.634 I/libPerfCtl( 1059): xgfGetFPS pid:1813 fps:-1
07-13 08:46:33.634 I/libPerfCtl( 1059): xgfGetFPS pid:2459 fps:-1
07-13 08:46:33.652 D/nativeloader(29872): Load /data/app/~~YLnmsdzZwEre--bK2d7z9w==/com.skillsroom.mobile-f9Bv9at9m-3mkcSkMrJiDw==/base.apk!/lib/arm64-v8a/libappmodules.so using class loader ns clns-4 (caller=/data/app/~~YLnmsdzZwEre--bK2d7z9w==/com.skillsroom.mobile-f9Bv9at9m-3mkcSkMrJiDw==/base.apk!classes20.dex): ok
07-13 08:46:33.652 D/C2MtkBufferManager( 1041): over 5000ms not request from VCodec but callback hooked, slow BM Cc fetch thread
07-13 08:46:33.673 D/C2MtkBufferManager( 1041): over 5000ms not request from VCodec but callback hooked, slow BM Cc fetch thread
07-13 08:46:33.688 W/audio_sw_mixer( 1031): sw_mixer_mix_fp_direct_write(-),   MIXER_PLAYBACK  , path T_VOIP=>T_PRIMARY   , size_out  8192, rb     0, latency/total: 21.333/55.503 (3.295+0.008+52.200) ms
07-13 08:46:33.689 W/AudioFlinger( 1117): Dolby Effect is NULL
07-13 08:46:33.690 W/AudioALSACaptureDataProviderNormal( 1031): readThread, latency_in_s,0.000002,0.039733,0.000091, totalTime 0.039826 > logTimeout 0.022000 TIMEOUT!!
07-13 08:46:33.693 W/AudioFlinger( 1117): Dolby Effect is NULL
07-13 08:46:33.694 D/C2MtkBufferManager( 1041): over 5000ms not request from VCodec but callback hooked, slow BM Cc fetch thread
07-13 08:46:33.697 W/AudioFlinger( 1117): Dolby Effect is NULL
07-13 08:46:33.697 D/CompatibilityChangeReporter( 1813): Compat change id reported: 161145287; UID 10198; state: ENABLED
07-13 08:46:33.712 I/SystemUpdate-AutoUpdateScheduler(30015): [Update] scheduleAutoUpdateOnAppStart
07-13 08:46:33.715 D/C2MtkBufferManager( 1041): over 5000ms not request from VCodec but callback hooked, slow BM Cc fetch thread
07-13 08:46:33.723 D/MarketSdk-MarketManager(30015): currVersion: V816.0.5.0.UGPMIXM
07-13 08:46:33.725 D/MarketSdk-MarketManager(30015): targetVersion: V10.0.0.0
07-13 08:46:33.727 I/SystemUpdate-MeteredUpdateConfirmUtils(30015): set value to Settings: app_update_notify false
07-13 08:46:33.730 W/AudioALSACaptureDataProviderNormal( 1031): readThread, latency_in_s,0.000001,0.039602,0.000075, totalTime 0.039678 > logTimeout 0.022000 TIMEOUT!!
07-13 08:46:33.735 D/C2MtkBufferManager( 1041): over 5000ms not request from VCodec but callback hooked, slow BM Cc fetch thread
07-13 08:46:33.752 W/audio_sw_mixer( 1031): sw_mixer_mix_fp_direct_write(-),   MIXER_PLAYBACK  , path T_VOIP=>T_PRIMARY   , size_out  8192, rb     0, latency/total: 21.333/55.992 (2.876+0.007+53.109) ms
07-13 08:46:33.753 W/AudioFlinger( 1117): Dolby Effect is NULL
07-13 08:46:33.754 D/CompatibilityChangeReporter(30015): Compat change id reported: 183155436; UID 10198; state: ENABLED
07-13 08:46:33.756 D/C2MtkBufferManager( 1041): over 5000ms not request from VCodec but callback hooked, slow BM Cc fetch thread
07-13 08:46:33.757 W/AudioFlinger( 1117): Dolby Effect is NULL
07-13 08:46:33.762 W/AudioFlinger( 1117): Dolby Effect is NULL
07-13 08:46:33.767 D/SessionsDependencies(30015): Dependency to CRASHLYTICS added.
07-13 08:46:33.773 I/FirebaseApp(30015): Device unlocked: initializing all Firebase APIs for app [DEFAULT]
07-13 08:46:33.776 D/C2MtkBufferManager( 1041): over 5000ms not request from VCodec but callback hooked, slow BM Cc fetch thread
07-13 08:46:33.780 I/FirebaseCrashlytics(30015): Initializing Firebase Crashlytics 19.0.0 for com.xiaomi.discover
07-13 08:46:33.797 D/C2MtkBufferManager( 1041): over 5000ms not request from VCodec but callback hooked, slow BM Cc fetch thread
07-13 08:46:33.816 W/audio_sw_mixer( 1031): sw_mixer_mix_fp_direct_write(-),   MIXER_PLAYBACK  , path T_VOIP=>T_PRIMARY   , size_out  8192, rb     0, latency/total: 21.333/55.110 (2.880+0.009+52.221) ms
07-13 08:46:33.817 W/AudioFlinger( 1117): Dolby Effect is NULL
07-13 08:46:33.818 D/C2MtkBufferManager( 1041): over 5000ms not request from VCodec but callback hooked, slow BM Cc fetch thread
07-13 08:46:33.822 W/AudioFlinger( 1117): Dolby Effect is NULL
07-13 08:46:33.825 D/SessionsDependencies(30015): Subscriber CRASHLYTICS registered.
07-13 08:46:33.826 W/AudioFlinger( 1117): Dolby Effect is NULL
07-13 08:46:33.830 D/CompatibilityChangeReporter( 1813): Compat change id reported: 261072174; UID 10198; state: ENABLED
07-13 08:46:33.839 I/ClipboardServiceI( 1813): checkProviderWakePathForClipboard: primaryClip is null
07-13 08:46:33.839 D/C2MtkBufferManager( 1041): over 5000ms not request from VCodec but callback hooked, slow BM Cc fetch thread
07-13 08:46:33.860 D/C2MtkBufferManager( 1041): over 5000ms not request from VCodec but callback hooked, slow BM Cc fetch thread
07-13 08:46:33.870 I/DynamiteModule(30015): Considering local module com.google.android.gms.measurement.dynamite:112 and remote module com.google.android.gms.measurement.dynamite:196
07-13 08:46:33.870 I/DynamiteModule(30015): Selected remote version of com.google.android.gms.measurement.dynamite, version >= 196
07-13 08:46:33.871 V/DynamiteModule(30015): Dynamite loader version >= 2, using loadModule2NoCrashUtils
07-13 08:46:33.880 W/audio_sw_mixer( 1031): sw_mixer_mix_fp_direct_write(-),   MIXER_PLAYBACK  , path T_VOIP=>T_PRIMARY   , size_out  8192, rb     0, latency/total: 21.333/55.122 (2.339+0.013+52.770) ms
07-13 08:46:33.881 D/C2MtkBufferManager( 1041): over 5000ms not request from VCodec but callback hooked, slow BM Cc fetch thread
07-13 08:46:33.881 W/AudioFlinger( 1117): Dolby Effect is NULL
07-13 08:46:33.885 W/AudioFlinger( 1117): Dolby Effect is NULL
07-13 08:46:33.889 W/AudioFlinger( 1117): Dolby Effect is NULL
07-13 08:46:33.894 D/ActivityManager( 1813): getProcessesInErrorState callingUid=10279, CallingPid=443
07-13 08:46:33.901 D/C2MtkBufferManager( 1041): over 5000ms not request from VCodec but callback hooked, slow BM Cc fetch thread
07-13 08:46:33.910 W/System  (30015): ClassLoader referenced unknown path: 
07-13 08:46:33.912 D/ActivityManager( 1813): getProcessesInErrorState callingUid=10288, CallingPid=19459
07-13 08:46:33.913 D/nativeloader(30015): Configuring clns-5 for other apk . target_sdk_version=37, uses_libraries=, library_path=/data/app/~~cSclh6TyXFYukZNDYnHngw==/com.google.android.gms-ljlvoSCsNNYZN8qp-8KPsw==/lib/arm64:/data/app/~~cSclh6TyXFYukZNDYnHngw==/com.google.android.gms-ljlvoSCsNNYZN8qp-8KPsw==/base.apk!/lib/arm64-v8a, permitted_path=/data:/mnt/expand:/data/user/0/com.google.android.gms
07-13 08:46:33.922 D/C2MtkBufferManager( 1041): over 5000ms not request from VCodec but callback hooked, slow BM Cc fetch thread
07-13 08:46:33.926 D/FileUtils( 1813): Rounded bytes from 3899887616 to 4000000000
07-13 08:46:33.942 D/C2MtkBufferManager( 1041): over 5000ms not request from VCodec but callback hooked, slow BM Cc fetch thread
07-13 08:46:33.944 W/audio_sw_mixer( 1031): sw_mixer_mix_fp_direct_write(-),   MIXER_PLAYBACK  , path T_VOIP=>T_PRIMARY   , size_out  8192, rb     0, latency/total: 21.333/56.115 (3.156+0.008+52.951) ms
07-13 08:46:33.945 W/AudioFlinger( 1117): Dolby Effect is NULL
07-13 08:46:33.948 D/FileUtils( 1813): Rounded bytes from 3899887616 to 4000000000
07-13 08:46:33.949 W/AudioFlinger( 1117): Dolby Effect is NULL
07-13 08:46:33.953 W/AudioFlinger( 1117): Dolby Effect is NULL
07-13 08:46:33.954 W/ActivityTaskManager( 1813): Sleep timeout!  Sleeping now.
07-13 08:46:33.957 D/FirebaseSessions(30015): Initializing Firebase Sessions SDK.
07-13 08:46:33.960 I/ActivityRecordImpl( 1813): MIUILOG- Show when locked PermissionDenied pkg : com.skillsroom.mobile uid : 10210
07-13 08:46:33.961 I/ActivityRecordImpl( 1813): MIUILOG- Show when locked PermissionDenied pkg : com.skillsroom.mobile uid : 10210
07-13 08:46:33.961 I/ActivityRecordImpl( 1813): MIUILOG- Show when locked PermissionDenied pkg : com.skillsroom.mobile uid : 10210
07-13 08:46:33.962 I/ActivityRecordImpl( 1813): MIUILOG- Show when locked PermissionDenied pkg : com.skillsroom.mobile uid : 10210
07-13 08:46:33.962 I/ActivityRecordImpl( 1813): MIUILOG- Show when locked PermissionDenied pkg : com.skillsroom.mobile uid : 10210
07-13 08:46:33.963 I/ActivityRecordImpl( 1813): MIUILOG- Show when locked PermissionDenied pkg : com.skillsroom.mobile uid : 10210
07-13 08:46:33.963 I/ActivityRecordImpl( 1813): MIUILOG- Show when locked PermissionDenied pkg : com.skillsroom.mobile uid : 10210
07-13 08:46:33.963 D/C2MtkBufferManager( 1041): over 5000ms not request from VCodec but callback hooked, slow BM Cc fetch thread
07-13 08:46:33.964 I/ActivityRecordImpl( 1813): MIUILOG- Show when locked PermissionDenied pkg : com.skillsroom.mobile uid : 10210
07-13 08:46:33.965 I/ActivityRecordImpl( 1813): MIUILOG- Show when locked PermissionDenied pkg : com.skillsroom.mobile uid : 10210
07-13 08:46:33.965 I/ActivityRecordImpl( 1813): MIUILOG- Show when locked PermissionDenied pkg : com.skillsroom.mobile uid : 10210
07-13 08:46:33.966 I/ActivityRecordImpl( 1813): MIUILOG- Show when locked PermissionDenied pkg : com.skillsroom.mobile uid : 10210
07-13 08:46:33.966 I/ActivityRecordImpl( 1813): MIUILOG- Show when locked PermissionDenied pkg : com.skillsroom.mobile uid : 10210
07-13 08:46:33.967 I/ActivityRecordImpl( 1813): MIUILOG- Show when locked PermissionDenied pkg : com.skillsroom.mobile uid : 10210
07-13 08:46:33.975 D/LifecycleServiceBinder(30015): Binding service to application.
07-13 08:46:33.980 E/DeviceUtils(30015): static init: ComputilityLevel Load Class Exception:java.lang.ClassNotFoundException: Didn't find class "com.miui.performance.ComputilityLevelUtils" on path: DexPathList[[zip file "/system_ext/framework/MiuiBooster.jar"],nativeLibraryDirectories=[/system/lib64, /system_ext/lib64]]
07-13 08:46:33.984 D/C2MtkBufferManager( 1041): over 5000ms not request from VCodec but callback hooked, slow BM Cc fetch thread
07-13 08:46:33.994 I/MiuiNetworkPolicy( 1813): updateUidState uid = 10198, uidState = 10
07-13 08:46:33.997 D/AudioPolicyService( 1117): APSMuteRec1 allowCapture[1] hasOp[1] canCaptureIfInCallOrCommunication[1] State[1] source[7] [0]/[1] uid[10281] portId[6585] isA11yOnTop[0] isAssistantOnTop[0] isSensitiveActive[1] isInCall[0] isInCommunication[1] rttCallActive[0] onlyHotwordActive[0] isTopOrLatestActive[0] isTopOrLatestSensitive[1] UIDTYPE[0]/[0]/[0]
07-13 08:46:34.004 D/OT-PubSub-Sdk(30015): updateDebugSwitch sEnable: false sDebugMode：false sDebugProperty：false
07-13 08:46:34.005 D/C2MtkBufferManager( 1041): over 5000ms not request from VCodec but callback hooked, slow BM Cc fetch thread
07-13 08:46:34.008 W/audio_sw_mixer( 1031): sw_mixer_mix_fp_direct_write(-),   MIXER_PLAYBACK  , path T_VOIP=>T_PRIMARY   , size_out  8192, rb     0, latency/total: 21.333/55.473 (2.824+0.011+52.638) ms
07-13 08:46:34.008 D/SessionLifecycleService(30015): Service bound to new client on process 30015
07-13 08:46:34.009 W/AudioFlinger( 1117): Dolby Effect is NULL
07-13 08:46:34.010 I/ActivityManager( 1813): Flag disabled. Ignoring finishAttachApplication from uid: 10210. pid: 29872
07-13 08:46:34.013 W/AudioFlinger( 1117): Dolby Effect is NULL
07-13 08:46:34.017 I/MiuiNetworkPolicy( 1813): updateUidState uid = 10198, uidState = 19
07-13 08:46:34.017 W/AudioFlinger( 1117): Dolby Effect is NULL
07-13 08:46:34.019 D/SessionLifecycleService(30015): App has not yet foregrounded. Using previously stored session: null
07-13 08:46:34.020 D/SessionLifecycleService(30015): Client android.os.Messenger@5e5e168 bound at 621297391. Clients: 1
07-13 08:46:34.020 D/SessionLifecycleClient(30015): Connected to SessionLifecycleService. Queue size 0
07-13 08:46:34.022 D/AudioPolicyService( 1117): APSMuteRec1 allowCapture[1] hasOp[1] canCaptureIfInCallOrCommunication[1] State[1] source[7] [0]/[1] uid[10281] portId[6585] isA11yOnTop[0] isAssistantOnTop[0] isSensitiveActive[1] isInCall[0] isInCommunication[1] rttCallActive[0] onlyHotwordActive[0] isTopOrLatestActive[0] isTopOrLatestSensitive[1] UIDTYPE[0]/[0]/[0]
07-13 08:46:34.026 D/OT-PubSub-Sdk(30015): updateDebugSwitch sEnable: false sDebugMode：false sDebugProperty：false
07-13 08:46:34.026 D/OT-PubSub-Sdk(30015): log on: false, quick upload on: false
07-13 08:46:34.027 D/C2MtkBufferManager( 1041): over 5000ms not request from VCodec but callback hooked, slow BM Cc fetch thread
07-13 08:46:34.028 D/BroadcastExecutor(30015): initIfNeeded : 1261
07-13 08:46:34.030 W/AudioALSACaptureDataProviderNormal( 1031): readThread, latency_in_s,0.000002,0.039803,0.000034, totalTime 0.039838 > logTimeout 0.022000 TIMEOUT!!
07-13 08:46:34.040 D/PackageManager( 1813): set app component=ComponentInfo{com.xiaomi.discover/androidx.work.impl.background.systemjob.SystemJobService} enabled state: 1 from com.xiaomi.discover,uid=10198,pid=30015
07-13 08:46:34.042 D/WM-PackageManagerHelper(30015): androidx.work.impl.background.systemjob.SystemJobService enabled
07-13 08:46:34.043 D/WM-Schedulers(30015): Created SystemJobScheduler and enabled SystemJobService
07-13 08:46:34.043 D/connsyslogger( 1516): SD_LOG_ROOT is /data/debuglogger/connsyslog/fw.
07-13 08:46:34.043 D/connsyslogger( 1516): systemReady:1
07-13 08:46:34.047 D/C2MtkBufferManager( 1041): over 5000ms not request from VCodec but callback hooked, slow BM Cc fetch thread
07-13 08:46:34.051 D/WM-ForceStopRunnable(30015): The default process name was not specified.
07-13 08:46:34.052 D/WM-ForceStopRunnable(30015): Performing cleanup operations.
07-13 08:46:34.059 W/FirebaseRemoteConfig(30015): No value of type 'FirebaseRemoteConfigValue' exists for parameter key 'abKeyList'.
07-13 08:46:34.061 W/FirebaseRemoteConfig(30015): No value of type 'FirebaseRemoteConfigValue' exists for parameter key 'sid'.
07-13 08:46:34.068 D/C2MtkBufferManager( 1041): over 5000ms not request from VCodec but callback hooked, slow BM Cc fetch thread
07-13 08:46:34.072 W/audio_sw_mixer( 1031): sw_mixer_mix_fp_direct_write(-),   MIXER_PLAYBACK  , path T_VOIP=>T_PRIMARY   , size_out  8192, rb     0, latency/total: 21.333/55.339 (2.876+0.011+52.452) ms
07-13 08:46:34.073 W/AudioFlinger( 1117): Dolby Effect is NULL
07-13 08:46:34.076 W/AudioFlinger( 1117): Dolby Effect is NULL
07-13 08:46:34.080 W/AudioFlinger( 1117): Dolby Effect is NULL
07-13 08:46:34.088 D/C2MtkBufferManager( 1041): over 5000ms not request from VCodec but callback hooked, slow BM Cc fetch thread
07-13 08:46:34.093 I/lowmemorykiller(  475): Kill 'com.xiaomi.discover' (30015), uid 10198, oom_score_adj 905 to free 110256kB rss, 39588kB swap; reason: cw
07-13 08:46:34.102 I/libprocessgroup( 1813): Successfully killed process cgroup uid 10198 pid 30015 in 7ms
07-13 08:46:34.104 W/Looper  (29872): PerfMonitor longMsg : seq=3 plan=08:46:29.277 late=136ms wall=4603ms h=android.app.ActivityThread$H w=110 procState=-1
07-13 08:46:34.109 D/C2MtkBufferManager( 1041): over 5000ms not request from VCodec but callback hooked, slow BM Cc fetch thread
07-13 08:46:34.129 I/M-ProMotion(29872): M-ProMotion is disabled
07-13 08:46:34.130 D/C2MtkBufferManager( 1041): over 5000ms not request from VCodec but callback hooked, slow BM Cc fetch thread
07-13 08:46:34.136 W/audio_sw_mixer( 1031): sw_mixer_mix_fp_direct_write(-),   MIXER_PLAYBACK  , path T_VOIP=>T_PRIMARY   , size_out  8192, rb     0, latency/total: 21.333/56.551 (2.525+0.008+54.018) ms
07-13 08:46:34.137 W/AudioFlinger( 1117): Dolby Effect is NULL
07-13 08:46:34.142 W/AudioFlinger( 1117): Dolby Effect is NULL
07-13 08:46:34.146 W/AudioFlinger( 1117): Dolby Effect is NULL
07-13 08:46:34.150 W/AudioALSACaptureDataProviderNormal( 1031): readThread, latency_in_s,0.000002,0.039808,0.000034, totalTime 0.039843 > logTimeout 0.022000 TIMEOUT!!
07-13 08:46:34.150 D/C2MtkBufferManager( 1041): over 5000ms not request from VCodec but callback hooked, slow BM Cc fetch thread
07-13 08:46:34.171 D/C2MtkBufferManager( 1041): over 5000ms not request from VCodec but callback hooked, slow BM Cc fetch thread
07-13 08:46:34.173 I/thermal_repeater( 1331): [recvMdThermalInfo] ret=24, strLen=127,  3, 46, 6, 196, 32767, 0
07-13 08:46:34.173 D/libMEOW (29872): meow new tls: 0xb400007d1d0c9740
07-13 08:46:34.181 W/Settings( 2457): Setting airplane_mode_on has moved from android.provider.Settings.System to android.provider.Settings.Global, returning read-only value.
07-13 08:46:34.182 D/libMEOW (29872): meow reload base cfg path: na
07-13 08:46:34.182 D/libMEOW (29872): meow reload overlay cfg path: na
07-13 08:46:34.185 D/MobileStatusTracker(1)( 2459): onSignalStrengthsChanged signalStrength=SignalStrength:{mCdma=CellSignalStrengthCdma: cdmaDbm=2147483647 cdmaEcio=2147483647 evdoDbm=2147483647 evdoEcio=2147483647 evdoSnr=2147483647 miuiLevel=0 mOptimizedLevel=0 level=0,mGsm=CellSignalStrengthGsm: rssi=2147483647 ber=2147483647 mTa=2147483647 miuiLevel=0 isNtnMode=false mLevel=0,mWcdma=CellSignalStrengthWcdma: ss=2147483647 ber=2147483647 rscp=2147483647 ecno=2147483647 miuiLevel=0 mOptimizedLevel=0 level=0,mTdscdma=CellSignalStrengthTdscdma: rssi=2147483647 ber=2147483647 rscp=2147483647 miuiLevel=0 mOptimizedLevel=0 level=0,mLte=CellSignalStrengthLte: rssi=-89 rsrp=-97 rsrq=-10 rssnr=19 cqiTableIndex=2147483647 cqi=0 ta=0 miuiLevel=5 mOptimizedLevel=0 level=4 parametersUseForLevel=0,mNr=CellSignalStrengthNr:{ csiRsrp = 2147483647 csiRsrq = 2147483647 csiCqiTableIndex = 2147483647 csiCqiReport = [] ssRsrp = 2147483647 ssRsrq = 2147483647 ssSinr = 2147483647 miuiLevel = 0 mOptimizedLevel = 0 level = 0 parametersUseForLevel = 0 timingAdvance = 2147483647 },primary=CellSignalStrengthLte,mNrAsPrimaryInNrNsa=false}
07-13 08:46:34.185 D/NetworkController.MobileSignalController(1)( 2459): update5GConnectState: false
07-13 08:46:34.185 D/NetworkController.MobileSignalController(1)( 2459): ss use aosp level not 0, 5
07-13 08:46:34.192 D/C2MtkBufferManager( 1041): over 5000ms not request from VCodec but callback hooked, slow BM Cc fetch thread
07-13 08:46:34.200 W/audio_sw_mixer( 1031): sw_mixer_mix_fp_direct_write(-),   MIXER_PLAYBACK  , path T_VOIP=>T_PRIMARY   , size_out  8192, rb     0, latency/total: 21.333/54.624 (2.746+0.009+51.869) ms
07-13 08:46:34.200 I/Zygote  ( 1023): Process 30015 exited due to signal 9 (Killed)
07-13 08:46:34.201 W/AudioFlinger( 1117): Dolby Effect is NULL
07-13 08:46:34.201 I/ActivityManager( 1813): Process com.xiaomi.discover (pid 30015) has died: cch+5 CEM 
07-13 08:46:34.202 I/libprocessgroup( 1813): Successfully killed process cgroup uid 10198 pid 30015 in 0ms
07-13 08:46:34.203 W/AudioFlinger( 1117): Dolby Effect is NULL
07-13 08:46:34.205 E/ProcessManager( 1813): error write exception log
07-13 08:46:34.207 W/AudioFlinger( 1117): Dolby Effect is NULL
07-13 08:46:34.207 W/MiPicks-ProcessObserverV10(21977): onProcessDied:pid = 30015,died-uid=10198
07-13 08:46:34.209 I/IPCThreadState( 4459): oneway function results for code 3 on binder at 0xb400007cb4ffdc20 will be dropped but finished with status UNKNOWN_TRANSACTION
07-13 08:46:34.212 D/C2MtkBufferManager( 1041): over 5000ms not request from VCodec but callback hooked, slow BM Cc fetch thread
07-13 08:46:34.213 D/DisplayManagerService( 1813): Drop pending events for gone uid 10198
07-13 08:46:34.213 I/MiuiNetworkPolicy( 1813): removeUidState uid = 10198
07-13 08:46:34.220 D/UidObserver( 7233): onUidGone entry uid = 10198
07-13 08:46:34.223 E/QT      (29872): [QT]file does not exist
07-13 08:46:34.223 I/mtkpower_client( 1813): [Legacy][PowerHal_Wrap_notifyAppState] com.xiaomi.discover/com.xiaomi.discover pid=30015 state:3
07-13 08:46:34.227 D/libMEOW (29872): applied 1 plugins for [com.skillsroom.mobile]:
07-13 08:46:34.227 D/libMEOW (29872):   plugin 1: [libMEOW_gift.so]: 0xb400007d126c2dc0
07-13 08:46:34.230 D/libMEOW (29872): rebuild call chain: 0xb400007d1d0dd380
07-13 08:46:34.230 I/libPowerHal( 1059): [perfNotifyAppState] pack:com.xiaomi.discover, act:com.xiaomi.discover, state:3, pid:30015, uid:10198, fps:-1
07-13 08:46:34.230 I/libPowerHal( 1059): [perfNotifyAppState] pack:com.xiaomi.discover, pid:30015, STATE_DEAD
07-13 08:46:34.230 D/RilUtility( 1059): notify_rild_crash_pid_set certPid:-1, crash:30015, scn:0x0
07-13 08:46:34.231 D/libMEOW (29872): meow delete tls: 0xb400007d1d0c9740
07-13 08:46:34.233 D/C2MtkBufferManager( 1041): over 5000ms not request from VCodec but callback hooked, slow BM Cc fetch thread
07-13 08:46:34.254 D/C2MtkBufferManager( 1041): over 5000ms not request from VCodec but callback hooked, slow BM Cc fetch thread
07-13 08:46:34.264 W/audio_sw_mixer( 1031): sw_mixer_mix_fp_direct_write(-),   MIXER_PLAYBACK  , path T_VOIP=>T_PRIMARY   , size_out  8192, rb     0, latency/total: 21.333/57.819 (2.904+0.009+54.906) ms
07-13 08:46:34.265 W/AudioFlinger( 1117): Dolby Effect is NULL
07-13 08:46:34.269 W/AudioFlinger( 1117): Dolby Effect is NULL
07-13 08:46:34.273 W/AudioFlinger( 1117): Dolby Effect is NULL
07-13 08:46:34.275 D/C2MtkBufferManager( 1041): over 5000ms not request from VCodec but callback hooked, slow BM Cc fetch thread
07-13 08:46:34.290 W/AudioALSACaptureDataProviderNormal( 1031): readThread, latency_in_s,0.000002,0.039116,0.000066, totalTime 0.039183 > logTimeout 0.022000 TIMEOUT!!
07-13 08:46:34.295 D/C2MtkBufferManager( 1041): over 5000ms not request from VCodec but callback hooked, slow BM Cc fetch thread
07-13 08:46:34.317 D/C2MtkBufferManager( 1041): over 5000ms not request from VCodec but callback hooked, slow BM Cc fetch thread
07-13 08:46:34.328 W/audio_sw_mixer( 1031): sw_mixer_mix_fp_direct_write(-),   MIXER_PLAYBACK  , path T_VOIP=>T_PRIMARY   , size_out  8192, rb     0, latency/total: 21.333/55.621 (2.610+0.008+53.003) ms
07-13 08:46:34.328 I/book.appmanager(28196): Background concurrent copying GC freed 4934KB AllocSpace bytes, 0(0B) LOS objects, 49% free, 4513KB/9026KB, paused 225us,109us total 188.969ms
07-13 08:46:34.329 W/AudioFlinger( 1117): Dolby Effect is NULL
07-13 08:46:34.333 W/AudioALSACaptureDataProviderNormal( 1031): readThread, latency_in_s,0.000001,0.022203,0.000030, totalTime 0.022234 > logTimeout 0.022000 TIMEOUT!!
07-13 08:46:34.333 W/AudioFlinger( 1117): Dolby Effect is NULL
07-13 08:46:34.337 W/AudioFlinger( 1117): Dolby Effect is NULL
07-13 08:46:34.339 D/C2MtkBufferManager( 1041): over 5000ms not request from VCodec but callback hooked, slow BM Cc fetch thread
07-13 08:46:34.360 D/C2MtkBufferManager( 1041): over 5000ms not request from VCodec but callback hooked, slow BM Cc fetch thread
07-13 08:46:34.380 D/C2MtkBufferManager( 1041): over 5000ms not request from VCodec but callback hooked, slow BM Cc fetch thread
07-13 08:46:34.392 W/audio_sw_mixer( 1031): sw_mixer_mix_fp_direct_write(-),   MIXER_PLAYBACK  , path T_VOIP=>T_PRIMARY   , size_out  8192, rb     0, latency/total: 21.333/55.717 (2.769+0.007+52.941) ms
07-13 08:46:34.393 W/AudioFlinger( 1117): Dolby Effect is NULL
07-13 08:46:34.396 D/ActivityManager( 1813): getProcessesInErrorState callingUid=10279, CallingPid=443
07-13 08:46:34.397 W/AudioFlinger( 1117): Dolby Effect is NULL
07-13 08:46:34.401 D/C2MtkBufferManager( 1041): over 5000ms not request from VCodec but callback hooked, slow BM Cc fetch thread
07-13 08:46:34.401 W/AudioFlinger( 1117): Dolby Effect is NULL
07-13 08:46:34.415 D/ActivityManager( 1813): getProcessesInErrorState callingUid=10288, CallingPid=19459
07-13 08:46:34.421 D/C2MtkBufferManager( 1041): over 5000ms not request from VCodec but callback hooked, slow BM Cc fetch thread
07-13 08:46:34.442 D/C2MtkBufferManager( 1041): over 5000ms not request from VCodec but callback hooked, slow BM Cc fetch thread
07-13 08:46:34.456 W/audio_sw_mixer( 1031): sw_mixer_mix_fp_direct_write(-),   MIXER_PLAYBACK  , path T_VOIP=>T_PRIMARY   , size_out  8192, rb     0, latency/total: 21.333/55.469 (2.819+0.008+52.642) ms
07-13 08:46:34.457 W/AudioFlinger( 1117): Dolby Effect is NULL
07-13 08:46:34.461 W/AudioFlinger( 1117): Dolby Effect is NULL
07-13 08:46:34.463 W/AudioFlinger( 1117): Dolby Effect is NULL
07-13 08:46:34.463 D/C2MtkBufferManager( 1041): over 5000ms not request from VCodec but callback hooked, slow BM Cc fetch thread
07-13 08:46:34.485 D/C2MtkBufferManager( 1041): over 5000ms not request from VCodec but callback hooked, slow BM Cc fetch thread
07-13 08:46:34.490 W/AudioALSACaptureDataProviderNormal( 1031): readThread, latency_in_s,0.000002,0.039769,0.000030, totalTime 0.039800 > logTimeout 0.022000 TIMEOUT!!
07-13 08:46:34.497 D/AppCompatDelegate(29872): Checking for metadata for AppLocalesMetadataHolderService : Service not found
07-13 08:46:34.505 D/C2MtkBufferManager( 1041): over 5000ms not request from VCodec but callback hooked, slow BM Cc fetch thread
07-13 08:46:34.520 W/audio_sw_mixer( 1031): sw_mixer_mix_fp_direct_write(-),   MIXER_PLAYBACK  , path T_VOIP=>T_PRIMARY   , size_out  8192, rb     0, latency/total: 21.333/56.966 (1.888+0.007+55.071) ms
07-13 08:46:34.521 W/AudioFlinger( 1117): Dolby Effect is NULL
07-13 08:46:34.521 I/SmartPower: com.google.android.inputmethod.latin/10186(4463)( 1813): background->idle(3006ms) R(broadcast start Intent { act=android.intent.action.SCREEN_OFF flg=0x50200010 }) adj=100.
07-13 08:46:34.523 W/AudioFlinger( 1117): Dolby Effect is NULL
07-13 08:46:34.526 D/C2MtkBufferManager( 1041): over 5000ms not request from VCodec but callback hooked, slow BM Cc fetch thread
07-13 08:46:34.528 W/AudioFlinger( 1117): Dolby Effect is NULL
07-13 08:46:34.536 I/ClipboardServiceI( 1813): checkProviderWakePathForClipboard: primaryClip is null
07-13 08:46:34.546 D/C2MtkBufferManager( 1041): over 5000ms not request from VCodec but callback hooked, slow BM Cc fetch thread
07-13 08:46:34.547 I/SmartPower: com.video.fun.app:core/10308(28660)( 1813): background->idle(3001ms) R(broadcast start Intent { act=android.intent.action.SCREEN_OFF flg=0x50200010 }) adj=200.
07-13 08:46:34.567 D/C2MtkBufferManager( 1041): over 5000ms not request from VCodec but callback hooked, slow BM Cc fetch thread
07-13 08:46:34.584 W/audio_sw_mixer( 1031): sw_mixer_mix_fp_direct_write(-),   MIXER_PLAYBACK  , path T_VOIP=>T_PRIMARY   , size_out  8192, rb     0, latency/total: 21.333/57.072 (3.320+0.009+53.743) ms
07-13 08:46:34.585 W/AudioFlinger( 1117): Dolby Effect is NULL
07-13 08:46:34.587 D/C2MtkBufferManager( 1041): over 5000ms not request from VCodec but callback hooked, slow BM Cc fetch thread
07-13 08:46:34.588 W/AudioFlinger( 1117): Dolby Effect is NULL
07-13 08:46:34.593 W/AudioFlinger( 1117): Dolby Effect is NULL
07-13 08:46:34.595 D/TaskStackChangeListeners( 2470): onTaskDescriptionChanged =  taskId = 5351
07-13 08:46:34.608 D/C2MtkBufferManager( 1041): over 5000ms not request from VCodec but callback hooked, slow BM Cc fetch thread
07-13 08:46:34.611 D/TaskStackChangeListeners( 2470): onTaskDescriptionChanged =  taskId = 5351
07-13 08:46:34.628 D/C2MtkBufferManager( 1041): over 5000ms not request from VCodec but callback hooked, slow BM Cc fetch thread
07-13 08:46:34.634 I/libPerfCtl( 1059): xgfGetFPS pid:1813 fps:-1
07-13 08:46:34.634 I/libPerfCtl( 1059): xgfGetFPS pid:2459 fps:-1
07-13 08:46:34.648 W/audio_sw_mixer( 1031): sw_mixer_mix_fp_direct_write(-),   MIXER_PLAYBACK  , path T_VOIP=>T_PRIMARY   , size_out  8192, rb     0, latency/total: 21.333/55.567 (2.941+0.007+52.619) ms
07-13 08:46:34.649 W/AudioFlinger( 1117): Dolby Effect is NULL
07-13 08:46:34.649 D/C2MtkBufferManager( 1041): over 5000ms not request from VCodec but callback hooked, slow BM Cc fetch thread
07-13 08:46:34.653 W/AudioFlinger( 1117): Dolby Effect is NULL
07-13 08:46:34.658 W/AudioFlinger( 1117): Dolby Effect is NULL
07-13 08:46:34.670 D/C2MtkBufferManager( 1041): over 5000ms not request from VCodec but callback hooked, slow BM Cc fetch thread
07-13 08:46:34.670 W/AudioALSACaptureDataProviderNormal( 1031): readThread, latency_in_s,0.000002,0.039849,0.000090, totalTime 0.039941 > logTimeout 0.022000 TIMEOUT!!
07-13 08:46:34.690 D/C2MtkBufferManager( 1041): over 5000ms not request from VCodec but callback hooked, slow BM Cc fetch thread
07-13 08:46:34.711 D/C2MtkBufferManager( 1041): over 5000ms not request from VCodec but callback hooked, slow BM Cc fetch thread
07-13 08:46:34.712 W/audio_sw_mixer( 1031): sw_mixer_mix_fp_direct_write(-),   MIXER_PLAYBACK  , path T_VOIP=>T_PRIMARY   , size_out  8192, rb     0, latency/total: 21.333/55.116 (3.267+0.008+51.841) ms
07-13 08:46:34.713 W/AudioFlinger( 1117): Dolby Effect is NULL
07-13 08:46:34.717 W/AudioFlinger( 1117): Dolby Effect is NULL
07-13 08:46:34.722 W/libc    (29872): Access denied finding property "ro.vendor.df.effect.conflict"
07-13 08:46:34.722 W/AudioFlinger( 1117): Dolby Effect is NULL
07-13 08:46:34.715 W/illsroom.mobile(29872): type=1400 audit(0.0:606730): avc:  denied  { read } for  name="u:object_r:vendor_displayfeature_prop:s0" dev="tmpfs" ino=8559 scontext=u:r:untrusted_app:s0:c210,c256,c512,c768 tcontext=u:object_r:vendor_displayfeature_prop:s0 tclass=file permissive=0 app=com.skillsroom.mobile
07-13 08:46:34.731 D/C2MtkBufferManager( 1041): over 5000ms not request from VCodec but callback hooked, slow BM Cc fetch thread
07-13 08:46:34.752 D/C2MtkBufferManager( 1041): over 5000ms not request from VCodec but callback hooked, slow BM Cc fetch thread
07-13 08:46:34.772 I/SmartPower: com.mi.globalminusscreen/10161(3531)( 1813): background->idle(3002ms) R(broadcast start Intent { act=android.intent.action.SCREEN_OFF flg=0x50200010 }) adj=100.
07-13 08:46:34.773 D/C2MtkBufferManager( 1041): over 5000ms not request from VCodec but callback hooked, slow BM Cc fetch thread
07-13 08:46:34.776 W/audio_sw_mixer( 1031): sw_mixer_mix_fp_direct_write(-),   MIXER_PLAYBACK  , path T_VOIP=>T_PRIMARY   , size_out  8192, rb     0, latency/total: 21.333/55.198 (2.811+0.007+52.380) ms
07-13 08:46:34.777 W/AudioFlinger( 1117): Dolby Effect is NULL
07-13 08:46:34.781 W/AudioFlinger( 1117): Dolby Effect is NULL
07-13 08:46:34.786 W/AudioFlinger( 1117): Dolby Effect is NULL
07-13 08:46:34.795 D/C2MtkBufferManager( 1041): over 5000ms not request from VCodec but callback hooked, slow BM Cc fetch thread
07-13 08:46:34.810 W/AudioALSACaptureDataProviderNormal( 1031): readThread, latency_in_s,0.000002,0.039772,0.000030, totalTime 0.039804 > logTimeout 0.022000 TIMEOUT!!
07-13 08:46:34.815 D/C2MtkBufferManager( 1041): over 5000ms not request from VCodec but callback hooked, slow BM Cc fetch thread
07-13 08:46:34.836 D/C2MtkBufferManager( 1041): over 5000ms not request from VCodec but callback hooked, slow BM Cc fetch thread
07-13 08:46:34.836 D/ULogGuard( 1314): Monitoring: 16 threads, 0 requests, 0 time-bombs; 2 guards. ResetFlags = 0x7
07-13 08:46:34.840 W/audio_sw_mixer( 1031): sw_mixer_mix_fp_direct_write(-),   MIXER_PLAYBACK  , path T_VOIP=>T_PRIMARY   , size_out  8192, rb     0, latency/total: 21.333/55.677 (3.558+0.008+52.111) ms
07-13 08:46:34.841 W/AudioFlinger( 1117): Dolby Effect is NULL
07-13 08:46:34.844 W/Settings( 2457): Setting airplane_mode_on has moved from android.provider.Settings.System to android.provider.Settings.Global, returning read-only value.
07-13 08:46:34.845 W/AudioFlinger( 1117): Dolby Effect is NULL
07-13 08:46:34.846 D