07-13 08:46:27.195 W/fb4a.ServiceInfoParser(29430): X.56l: Service com.facebook.businessintegrity.cloakingdetection.service.CloakingDetectionService is missing meta key com.facebook.common.jobscheduler.compat.jobIds
07-13 08:46:27.195 W/fb4a.ServiceInfoParser(29430): X.56l: Service com.facebook.contacts.service.ContactLocaleChangeService is missing meta key com.facebook.common.jobscheduler.compat.jobIds
07-13 08:46:27.195 W/fb4a.ServiceInfoParser(29430): X.56l: Service com.facebook.analytics2.fabric.onefabric.FFAlarmUploadJobService is missing meta key com.facebook.common.jobscheduler.compat.jobIds
07-13 08:46:27.195 W/fb4a.ServiceInfoParser(29430): X.56l: Service com.facebook.falco.jobscheduler.FFJobService is missing meta key com.facebook.common.jobscheduler.compat.jobIds
07-13 08:46:27.196 W/fb4a.ServiceInfoParser(29430): X.56l: Service com.facebook.registration.notification.RegistrationNotificationService is missing meta key com.facebook.common.jobscheduler.compat.jobIds
07-13 08:46:27.196 D/C2MtkBufferManager( 1041): over 5000ms not request from VCodec but callback hooked, slow BM Cc fetch thread
07-13 08:46:27.196 W/fb4a.ServiceInfoParser(29430): X.56l: Service com.facebook.notifications.appwidget.bugreporter.NotificationsWidgetDebugHelper is missing meta key com.facebook.common.jobscheduler.compat.jobIds
07-13 08:46:27.196 W/fb4a.ServiceInfoParser(29430): X.56l: Service com.facebook.account.login.notification.LoginNotificationService is missing meta key com.facebook.common.jobscheduler.compat.jobIds
07-13 08:46:27.196 W/fb4a.ServiceInfoParser(29430): X.56l: Service com.facebook.battery.monitor.ContinuousBatteryMonitorService is missing meta key com.facebook.common.jobscheduler.compat.jobIds
07-13 08:46:27.196 W/fb4a.ServiceInfoParser(29430): X.56l: Service com.facebook.googleplay.GooglePlayInstallRefererService is missing meta key com.facebook.common.jobscheduler.compat.jobIds
07-13 08:46:27.202 W/fb4a.ServiceInfoParser(29430): X.56l: Service com.facebook.glc.GLCService is missing meta key com.facebook.common.jobscheduler.compat.jobIds
07-13 08:46:27.202 W/fb4a.ServiceInfoParser(29430): X.56l: Service com.facebook.papaya.fb.client.services.FBPapayaJobService is missing meta key com.facebook.common.jobscheduler.compat.jobIds
07-13 08:46:27.202 W/fb4a.ServiceInfoParser(29430): X.56l: Service com.facebook.push.fcm.FcmRegistrarFbJobIntentService is missing meta key com.facebook.common.jobscheduler.compat.jobIds
07-13 08:46:27.203 W/fb4a.ServiceInfoParser(29430): X.56l: Service com.facebook.push.fbpushdata.common.FbPushDataHandlerService is missing meta key com.facebook.common.jobscheduler.compat.jobIds
07-13 08:46:27.203 W/AudioFlinger( 1117): Dolby Effect is NULL
07-13 08:46:27.203 W/fb4a.ServiceInfoParser(29430): X.56l: Service com.facebook.conditionalworker.ConditionalWorkerService is missing meta key com.facebook.common.jobscheduler.compat.jobIds
07-13 08:46:27.205 I/GmscoreIpa( 8414): Starting mediastore instant index [CONTEXT service_id=255 ]
07-13 08:46:27.206 W/fb4a.ServiceInfoParser(29430): X.56l: Service com.facebook.compost.service.CompostNotificationService is missing meta key com.facebook.common.jobscheduler.compat.jobIds
07-13 08:46:27.206 W/fb4a.ServiceInfoParser(29430): X.56l: Service com.facebook.messaging.notify.client.MessagesNotificationService is missing meta key com.facebook.common.jobscheduler.compat.jobIds
07-13 08:46:27.206 W/fb4a.ServiceInfoParser(29430): X.56l: Service com.facebook.confirmation.notification.ConfirmationNotificationService is missing meta key com.facebook.common.jobscheduler.compat.jobIds
07-13 08:46:27.206 W/fb4a.ServiceInfoParser(29430): X.56l: Service com.facebook.voltron.download.scheduledinstaller.OxygenScheduledInstallerJobService is missing meta key com.facebook.common.jobscheduler.compat.jobIds
07-13 08:46:27.206 W/fb4a.ServiceInfoParser(29430): X.56l: Service com.facebook.messaging.prefs.notifications.NotificationPrefsSyncService is missing meta key com.facebook.common.jobscheduler.compat.jobIds
07-13 08:46:27.207 W/fb4a.ServiceInfoParser(29430): X.56l: Service com.facebook.push.adm.ADMService is missing meta key com.facebook.common.jobscheduler.compat.jobIds
07-13 08:46:27.207 W/fb4a.ServiceInfoParser(29430): X.56l: Service com.facebook.push.adm.ADMBroadcastReceiverJobBase is missing meta key com.facebook.common.jobscheduler.compat.jobIds
07-13 08:46:27.207 W/fb4a.ServiceInfoParser(29430): X.56l: Service com.facebook.push.adm.ADMJobIntentService is missing meta key com.facebook.common.jobscheduler.compat.jobIds
07-13 08:46:27.207 W/fb4a.ServiceInfoParser(29430): X.56l: Service com.facebook.push.negativefeedback.PushNegativeFeedbackFbJobIntentService is missing meta key com.facebook.common.jobscheduler.compat.jobIds
07-13 08:46:27.207 E/PlayCore(29430): UID: [10265]  PID: [29430] SplitInstallService : onError(-15)
07-13 08:46:27.207 W/fb4a.ServiceInfoParser(29430): X.56l: Service com.facebook.push.registration.RegistrarHelperService is missing meta key com.facebook.common.jobscheduler.compat.jobIds
07-13 08:46:27.208 D/MediaCodec(19459): [mId: 6] audio-debug Stats over last 6001ms:
07-13 08:46:27.208 D/MediaCodec(19459): [mId: 6] audio-debug Qinput: 0, DQinput: 0 success out of 6 tries
07-13 08:46:27.208 D/MediaCodec(19459): [mId: 6] audio-debug Render: 0, Drop: 0, DQoutput: 0 success out of 0 tries
07-13 08:46:27.208 E/PlayCore(29430): UID: [10265]  PID: [29430] SplitInstallService : onError(-15)
07-13 08:46:27.208 E/PlayCore(29430): UID: [10265]  PID: [29430] SplitInstallService : onError(-15)
07-13 08:46:27.208 W/fb4a.ServiceInfoParser(29430): X.56l: Service com.facebook.feed.platformads.AppInstallService is missing meta key com.facebook.common.jobscheduler.compat.jobIds
07-13 08:46:27.208 W/fb4a.ServiceInfoParser(29430): X.56l: Service com.google.android.gms.analytics.AnalyticsJobService is missing meta key com.facebook.common.jobscheduler.compat.jobIds
07-13 08:46:27.208 W/fb4a.ServiceInfoParser(29430): X.56l: Service com.facebook.oxygen.preloads.sdk.firstparty.managedappcache.IsManagedAppCacheJobService is missing meta key com.facebook.common.jobscheduler.compat.jobIds
07-13 08:46:27.209 W/fb4a.ServiceInfoParser(29430): X.56l: Service com.facebook.videolite.api.VideoUploadJobService is missing meta key com.facebook.common.jobscheduler.compat.jobIds
07-13 08:46:27.209 W/fb4a.ServiceInfoParser(29430): X.56l: Service com.facebook.videolite.api.jobscheduler.UploadJobSchedulerService is missing meta key com.facebook.common.jobscheduler.compat.jobIds
07-13 08:46:27.209 W/fb4a.ServiceInfoParser(29430): X.56l: Service com.google.android.datatransport.runtime.scheduling.jobscheduling.JobInfoSchedulerService is missing meta key com.facebook.common.jobscheduler.compat.jobIds
07-13 08:46:27.209 W/fb4a.ServiceInfoParser(29430): X.56l: Service androidx.work.impl.background.systemjob.SystemJobService is missing meta key com.facebook.common.jobscheduler.compat.jobIds
07-13 08:46:27.209 W/fb4a.ServiceInfoParser(29430): X.56l: Service com.facebook.push.mqtt.service.MqttPushHelperService is missing meta key com.facebook.common.jobscheduler.compat.jobIds
07-13 08:46:27.209 W/fb4a.ServiceInfoParser(29430): X.56l: Service com.facebook.reportaproblem.base.bugreport.BugReportUploadService is missing meta key com.facebook.common.jobscheduler.compat.jobIds
07-13 08:46:27.210 W/fb4a.ServiceInfoParser(29430): X.56l: Service com.facebook.appcomponentmanager.AppComponentManagerService is missing meta key com.facebook.common.jobscheduler.compat.jobIds
07-13 08:46:27.210 W/fb4a.ServiceInfoParser(29430): X.56l: Service com.facebook.fbservice.service.BlueServiceJobIntentService is missing meta key com.facebook.common.jobscheduler.compat.jobIds
07-13 08:46:27.211 W/fb4a.ServiceInfoParser(29430): X.56l: Service com.facebook.delayedworker.DelayedWorkerService is missing meta key com.facebook.common.jobscheduler.compat.jobIds
07-13 08:46:27.211 W/fb4a.ServiceInfoParser(29430): X.56l: Service com.facebook.analytics2.logger.service.LollipopUploadSafeService is missing meta key com.facebook.common.jobscheduler.compat.jobIds
07-13 08:46:27.211 W/fb4a.ServiceInfoParser(29430): X.56l: Service com.facebook.analytics2.logger.legacy.uploader.LollipopUploadService is missing meta key com.facebook.common.jobscheduler.compat.jobIds
07-13 08:46:27.211 W/fb4a.ServiceInfoParser(29430): X.56l: Service com.facebook.analytics2.logger.legacy.uploader.Analytics2UploadService is missing meta key com.facebook.common.jobscheduler.compat.jobIds
07-13 08:46:27.216 D/C2MtkBufferManager( 1041): over 5000ms not request from VCodec but callback hooked, slow BM Cc fetch thread
07-13 08:46:27.224 W/AudioFlinger( 1117): Dolby Effect is NULL
07-13 08:46:27.230 W/AudioALSACaptureDataProviderNormal( 1031): readThread, latency_in_s,0.000001,0.039506,0.000065, totalTime 0.039572 > logTimeout 0.022000 TIMEOUT!!
07-13 08:46:27.236 D/C2MtkBufferManager( 1041): over 5000ms not request from VCodec but callback hooked, slow BM Cc fetch thread
07-13 08:46:27.236 W/fb4a.3SZ(29430): creating VideoPerformanceTracking with event bus
07-13 08:46:27.246 W/AudioFlinger( 1117): Dolby Effect is NULL
07-13 08:46:27.257 D/C2MtkBufferManager( 1041): over 5000ms not request from VCodec but callback hooked, slow BM Cc fetch thread
07-13 08:46:27.267 W/AudioFlinger( 1117): Dolby Effect is NULL
07-13 08:46:27.270 W/AudioALSACaptureDataProviderNormal( 1031): readThread, latency_in_s,0.000001,0.039571,0.000071, totalTime 0.039643 > logTimeout 0.022000 TIMEOUT!!
07-13 08:46:27.274 I/ClipboardServiceI( 1813): checkProviderWakePathForClipboard: primaryClip is null
07-13 08:46:27.278 D/C2MtkBufferManager( 1041): over 5000ms not request from VCodec but callback hooked, slow BM Cc fetch thread
07-13 08:46:27.288 W/AudioFlinger( 1117): Dolby Effect is NULL
07-13 08:46:27.293 D/CompatibilityChangeReporter( 1813): Compat change id reported: 182734110; UID 10157; state: ENABLED
07-13 08:46:27.299 D/C2MtkBufferManager( 1041): over 5000ms not request from VCodec but callback hooked, slow BM Cc fetch thread
07-13 08:46:27.310 W/AudioFlinger( 1117): Dolby Effect is NULL
07-13 08:46:27.310 W/AudioALSACaptureDataProviderNormal( 1031): readThread, latency_in_s,0.000001,0.039591,0.000067, totalTime 0.039659 > logTimeout 0.022000 TIMEOUT!!
07-13 08:46:27.319 D/C2MtkBufferManager( 1041): over 5000ms not request from VCodec but callback hooked, slow BM Cc fetch thread
07-13 08:46:27.315 W/app_process(29817): type=1400 audit(0.0:606701): avc:  denied  { read } for  name="u:object_r:vendor_misound_ro_prop:s0" dev="tmpfs" ino=8564 scontext=u:r:shell:s0 tcontext=u:object_r:vendor_misound_ro_prop:s0 tclass=file permissive=0 app=ng.mtn.nextgen
07-13 08:46:27.322 W/libc    (29817): Access denied finding property "ro.vendor.audio.dolby.dax3_3point8"
07-13 08:46:27.328 D/AndroidRuntime(29817): >>>>>> START com.android.internal.os.RuntimeInit uid 2000 <<<<<<
07-13 08:46:27.331 W/AudioFlinger( 1117): Dolby Effect is NULL
07-13 08:46:27.339 D/ActivityManager( 1813): getProcessesInErrorState callingUid=10279, CallingPid=443
07-13 08:46:27.339 D/C2MtkBufferManager( 1041): over 5000ms not request from VCodec but callback hooked, slow BM Cc fetch thread
07-13 08:46:27.350 W/AudioALSACaptureDataProviderNormal( 1031): readThread, latency_in_s,0.000001,0.039543,0.000086, totalTime 0.039630 > logTimeout 0.022000 TIMEOUT!!
07-13 08:46:27.352 W/AudioFlinger( 1117): Dolby Effect is NULL
07-13 08:46:27.355 D/ActivityManager( 1813): getProcessesInErrorState callingUid=10288, CallingPid=19459
07-13 08:46:27.360 D/C2MtkBufferManager( 1041): over 5000ms not request from VCodec but callback hooked, slow BM Cc fetch thread
07-13 08:46:27.373 W/AudioFlinger( 1117): Dolby Effect is NULL
07-13 08:46:27.380 D/C2MtkBufferManager( 1041): over 5000ms not request from VCodec but callback hooked, slow BM Cc fetch thread
07-13 08:46:27.384 I/AndroidRuntime(29817): Using default boot image
07-13 08:46:27.384 I/AndroidRuntime(29817): Leaving lock profiling enabled
07-13 08:46:27.390 W/AudioALSACaptureDataProviderNormal( 1031): readThread, latency_in_s,0.000001,0.039620,0.000096, totalTime 0.039717 > logTimeout 0.022000 TIMEOUT!!
07-13 08:46:27.395 W/AudioFlinger( 1117): Dolby Effect is NULL
07-13 08:46:27.401 D/C2MtkBufferManager( 1041): over 5000ms not request from VCodec but callback hooked, slow BM Cc fetch thread
07-13 08:46:27.408 I/app_process(29817): Using generational CollectorTypeCC GC.
07-13 08:46:27.416 W/AudioFlinger( 1117): Dolby Effect is NULL
07-13 08:46:27.421 D/C2MtkBufferManager( 1041): over 5000ms not request from VCodec but callback hooked, slow BM Cc fetch thread
07-13 08:46:27.430 W/AudioALSACaptureDataProviderNormal( 1031): readThread, latency_in_s,0.000001,0.039530,0.000068, totalTime 0.039598 > logTimeout 0.022000 TIMEOUT!!
07-13 08:46:27.438 W/AudioFlinger( 1117): Dolby Effect is NULL
07-13 08:46:27.442 D/C2MtkBufferManager( 1041): over 5000ms not request from VCodec but callback hooked, slow BM Cc fetch thread
07-13 08:46:27.458 D/PackageManager( 1813): set app component=ComponentInfo{com.facebook.katana/com.facebook.fbpay.w3c.ipc.IsReadyToPayServiceImpl} enabled state: 2 from com.facebook.katana,uid=10265,pid=29430
07-13 08:46:27.459 W/AudioFlinger( 1117): Dolby Effect is NULL
07-13 08:46:27.459 D/PackageManager( 1813): set app component=ComponentInfo{com.facebook.katana/com.facebook.fbpay.w3c.ipc.FBPaymentServiceImpl} enabled state: 2 from com.facebook.katana,uid=10265,pid=29430
07-13 08:46:27.460 D/PackageManager( 1813): set app component=ComponentInfo{com.facebook.katana/com.facebook.fbpay.w3c.views.PaymentActivity} enabled state: 2 from com.facebook.katana,uid=10265,pid=29430
07-13 08:46:27.462 D/C2MtkBufferManager( 1041): over 5000ms not request from VCodec but callback hooked, slow BM Cc fetch thread
07-13 08:46:27.470 W/AudioALSACaptureDataProviderNormal( 1031): readThread, latency_in_s,0.000001,0.039669,0.000073, totalTime 0.039743 > logTimeout 0.022000 TIMEOUT!!
07-13 08:46:27.480 W/AudioFlinger( 1117): Dolby Effect is NULL
07-13 08:46:27.483 D/C2MtkBufferManager( 1041): over 5000ms not request from VCodec but callback hooked, slow BM Cc fetch thread
07-13 08:46:27.493 D/FileUtils( 1813): Rounded bytes from 3899887616 to 4000000000
07-13 08:46:27.502 W/AudioFlinger( 1117): Dolby Effect is NULL
07-13 08:46:27.503 D/C2MtkBufferManager( 1041): over 5000ms not request from VCodec but callback hooked, slow BM Cc fetch thread
07-13 08:46:27.510 W/AudioALSACaptureDataProviderNormal( 1031): readThread, latency_in_s,0.000001,0.039345,0.000077, totalTime 0.039423 > logTimeout 0.022000 TIMEOUT!!
07-13 08:46:27.515 I/gralloc4(27937): @set_metadata: update dataspace from GM (0x00000000 -> 0x08010000)
07-13 08:46:27.521 I/BufferQueueProducer( 1133): [com.whatsapp.w4b/com.whatsapp.calling.ui.VoipActivityV2#77610](this:0xb40000785b451a30,id:-1,api:0,p:-1,c:1133) queueBuffer: fps=1.00 dur=1000.01 max=1000.01 min=1000.01
07-13 08:46:27.523 W/AudioFlinger( 1117): Dolby Effect is NULL
07-13 08:46:27.524 D/C2MtkBufferManager( 1041): over 5000ms not request from VCodec but callback hooked, slow BM Cc fetch thread
07-13 08:46:27.525 I/hwcomposer( 1039): [HWCDisplay] [Display_0 (type:1)] fps:3.156230,dur:1267.33,max:1001.36,min:14.48  
07-13 08:46:27.544 D/C2MtkBufferManager( 1041): over 5000ms not request from VCodec but callback hooked, slow BM Cc fetch thread
07-13 08:46:27.544 W/AudioFlinger( 1117): Dolby Effect is NULL
07-13 08:46:27.550 W/AudioALSACaptureDataProviderNormal( 1031): readThread, latency_in_s,0.000001,0.039595,0.000078, totalTime 0.039674 > logTimeout 0.022000 TIMEOUT!!
07-13 08:46:27.565 D/C2MtkBufferManager( 1041): over 5000ms not request from VCodec but callback hooked, slow BM Cc fetch thread
07-13 08:46:27.566 W/AudioFlinger( 1117): Dolby Effect is NULL
07-13 08:46:27.578 E/fb4a.AppState(29430): Returning default for firstRunInfo
07-13 08:46:27.583 D/UiModeManager( 1813): updateConfigurationLocked: mDockState=0; mCarMode=false; mCar=false; mPowerSave=false; mComputedNightMode=false; mNightMode=0; uiMode=28
07-13 08:46:27.585 I/PowerSaveService( 5491): onReceive: android.intent.action.BATTERY_CHANGED
07-13 08:46:27.586 D/C2MtkBufferManager( 1041): over 5000ms not request from VCodec but callback hooked, slow BM Cc fetch thread
07-13 08:46:27.587 W/AudioFlinger( 1117): Dolby Effect is NULL
07-13 08:46:27.587 E/fb4a.AppState(29430): Returning default for firstRunInfo
07-13 08:46:27.588 D/PowerCheckerService( 7233): onBatteryChanged, mBatteryLevel = 78, status = 2, level = 78, plug = 2, scale = 100
07-13 08:46:27.589 D/PowerKeeper.FrozenApp( 7233): onBatteryChanged plug=true mBatteryPlugged=2
07-13 08:46:27.594 D/PowerKeeper.Thermal( 7233): mBatteryTemperature: 36
07-13 08:46:27.606 D/C2MtkBufferManager( 1041): over 5000ms not request from VCodec but callback hooked, slow BM Cc fetch thread
07-13 08:46:27.607 I/PowerNoticeUI( 5491): handleBatteryChanged oldPlugType 2 mPlugType 2 oldBatteryLevel 78 mBatteryLevel 78 temperature 367
07-13 08:46:27.608 W/AudioFlinger( 1117): Dolby Effect is NULL
07-13 08:46:27.609 I/ChargerBatteryIntelligenceReceiver( 5491): onBatteryChanged temperature：36,plugType:2
07-13 08:46:27.610 W/AudioALSACaptureDataProviderNormal( 1031): readThread, latency_in_s,0.000002,0.039623,0.000019, totalTime 0.039644 > logTimeout 0.022000 TIMEOUT!!
07-13 08:46:27.627 D/C2MtkBufferManager( 1041): over 5000ms not request from VCodec but callback hooked, slow BM Cc fetch thread
07-13 08:46:27.629 W/AudioFlinger( 1117): Dolby Effect is NULL
07-13 08:46:27.630 E/fb4a.AppState(29430): Returning default for firstRunInfo
07-13 08:46:27.633 I/libPerfCtl( 1059): xgfGetFPS pid:2459 fps:-1
07-13 08:46:27.633 I/libPerfCtl( 1059): xgfGetFPS pid:27937 fps:-1
07-13 08:46:27.648 D/C2MtkBufferManager( 1041): over 5000ms not request from VCodec but callback hooked, slow BM Cc fetch thread
07-13 08:46:27.650 W/AudioALSACaptureDataProviderNormal( 1031): readThread, latency_in_s,0.000001,0.039672,0.000069, totalTime 0.039741 > logTimeout 0.022000 TIMEOUT!!
07-13 08:46:27.651 W/AudioFlinger( 1117): Dolby Effect is NULL
07-13 08:46:27.652 D/PackageManager( 1813): set app component=ComponentInfo{com.facebook.katana/com.facebook.inspiration.fbshorts.shareintent.InpirationFbShortsShareAlias} enabled state: 1 from com.facebook.katana,uid=10265,pid=29430
07-13 08:46:27.653 D/PackageManager( 1813): set app component=ComponentInfo{com.facebook.katana/com.facebook.inspiration.fbshorts.shareintent.InpirationFbShortsSharePhotoAlias} enabled state: 2 from com.facebook.katana,uid=10265,pid=29430
07-13 08:46:27.654 D/PackageManager( 1813): set app component=ComponentInfo{com.facebook.katana/com.facebook.inspiration.fbshorts.shareintent.InpirationFbShortsShareMultipleAlias} enabled state: 1 from com.facebook.katana,uid=10265,pid=29430
07-13 08:46:27.668 D/C2MtkBufferManager( 1041): over 5000ms not request from VCodec but callback hooked, slow BM Cc fetch thread
07-13 08:46:27.670 W/fb4a.ReqContexts(29430): fail() skipped
07-13 08:46:27.672 W/AudioFlinger( 1117): Dolby Effect is NULL
07-13 08:46:27.678 D/PackageManager( 1813): set app component=ComponentInfo{com.facebook.katana/com.facebook.inspiration.platformsharing.activity.InspirationCameraShareMultipleCollageAlias} enabled state: 2 from com.facebook.katana,uid=10265,pid=29430
07-13 08:46:27.690 D/C2MtkBufferManager( 1041): over 5000ms not request from VCodec but callback hooked, slow BM Cc fetch thread
07-13 08:46:27.690 W/AudioALSACaptureDataProviderNormal( 1031): readThread, latency_in_s,0.000001,0.039490,0.000070, totalTime 0.039561 > logTimeout 0.022000 TIMEOUT!!
07-13 08:46:27.694 W/AudioFlinger( 1117): Dolby Effect is NULL
07-13 08:46:27.710 D/C2MtkBufferManager( 1041): over 5000ms not request from VCodec but callback hooked, slow BM Cc fetch thread
07-13 08:46:27.715 W/AudioFlinger( 1117): Dolby Effect is NULL
07-13 08:46:27.730 D/C2MtkBufferManager( 1041): over 5000ms not request from VCodec but callback hooked, slow BM Cc fetch thread
07-13 08:46:27.730 W/AudioALSACaptureDataProviderNormal( 1031): readThread, latency_in_s,0.000001,0.039777,0.000111, totalTime 0.039888 > logTimeout 0.022000 TIMEOUT!!
07-13 08:46:27.737 W/AudioFlinger( 1117): Dolby Effect is NULL
07-13 08:46:27.751 D/C2MtkBufferManager( 1041): over 5000ms not request from VCodec but callback hooked, slow BM Cc fetch thread
07-13 08:46:27.758 W/AudioFlinger( 1117): Dolby Effect is NULL
07-13 08:46:27.770 W/AudioALSACaptureDataProviderNormal( 1031): readThread, latency_in_s,0.000001,0.039322,0.000093, totalTime 0.039417 > logTimeout 0.022000 TIMEOUT!!
07-13 08:46:27.772 D/C2MtkBufferManager( 1041): over 5000ms not request from VCodec but callback hooked, slow BM Cc fetch thread
07-13 08:46:27.779 W/AudioFlinger( 1117): Dolby Effect is NULL
07-13 08:46:27.785 W/fb4a.GlobalAutoGenDeserializerCache(29430): [AI] Failed to find deserializer by naming convention
07-13 08:46:27.792 D/C2MtkBufferManager( 1041): over 5000ms not request from VCodec but callback hooked, slow BM Cc fetch thread
07-13 08:46:27.796 W/fb4a.GlobalAutoGenDeserializerCache(29430): [AI] Failed to find deserializer by naming convention
07-13 08:46:27.800 W/AudioFlinger( 1117): Dolby Effect is NULL
07-13 08:46:27.801 W/fb4a.GlobalAutoGenDeserializerCache(29430): [AI] Failed to find deserializer by naming convention
07-13 08:46:27.810 W/AudioALSACaptureDataProviderNormal( 1031): readThread, latency_in_s,0.000001,0.039240,0.000023, totalTime 0.039265 > logTimeout 0.022000 TIMEOUT!!
07-13 08:46:27.813 D/C2MtkBufferManager( 1041): over 5000ms not request from VCodec but callback hooked, slow BM Cc fetch thread
07-13 08:46:27.813 W/fb4a.GlobalAutoGenDeserializerCache(29430): [AI] Failed to find deserializer by naming convention
07-13 08:46:27.816 D/nativeloader(29817): InitDefaultPublicLibraries for_preload=1: libandroid.so:libaaudio.so:libamidi.so:libbinder_ndk.so:libc.so:libcamera2ndk.so:libdl.so:libEGL.so:libGLESv1_CM.so:libGLESv2.so:libGLESv3.so:libicu.so:libicui18n.so:libicuuc.so:libjnigraphics.so:liblog.so:libmediandk.so:libm.so:libnativehelper.so:libnativewindow.so:libOpenMAXAL.so:libOpenSLES.so:libRS.so:libstdc++.so:libsync.so:libvulkan.so:libwebviewchromium_plat_support.so:libz.so
07-13 08:46:27.819 W/fb4a.GlobalAutoGenDeserializerCache(29430): [AI] Failed to find deserializer by naming convention
07-13 08:46:27.821 W/AudioFlinger( 1117): Dolby Effect is NULL
07-13 08:46:27.826 W/fb4a.GlobalAutoGenDeserializerCache(29430): [AI] Failed to find deserializer by naming convention
07-13 08:46:27.833 D/C2MtkBufferManager( 1041): over 5000ms not request from VCodec but callback hooked, slow BM Cc fetch thread
07-13 08:46:27.837 W/fb4a.GlobalAutoGenDeserializerCache(29430): [AI] Failed to find deserializer by naming convention
07-13 08:46:27.841 D/ActivityManager( 1813): getProcessesInErrorState callingUid=10279, CallingPid=443
07-13 08:46:27.843 W/AudioFlinger( 1117): Dolby Effect is NULL
07-13 08:46:27.849 W/ContentProviderHelper( 1813): No provider info for content provider com.android.launcher3.cornermark.unreadbadge when providerRunning is false, caller is ProcessRecord{eeb0bdb 29430:com.facebook.katana/u0a265}
07-13 08:46:27.850 E/ActivityThread(29430): Failed to find provider info for com.android.launcher3.cornermark.unreadbadge
07-13 08:46:27.850 W/AudioALSACaptureDataProviderNormal( 1031): readThread, latency_in_s,0.000001,0.039596,0.000021, totalTime 0.039618 > logTimeout 0.022000 TIMEOUT!!
07-13 08:46:27.854 D/C2MtkBufferManager( 1041): over 5000ms not request from VCodec but callback hooked, slow BM Cc fetch thread
07-13 08:46:27.858 D/ActivityManager( 1813): getProcessesInErrorState callingUid=10288, CallingPid=19459
07-13 08:46:27.864 W/AudioFlinger( 1117): Dolby Effect is NULL
07-13 08:46:27.874 D/C2MtkBufferManager( 1041): over 5000ms not request from VCodec but callback hooked, slow BM Cc fetch thread
07-13 08:46:27.886 W/AudioFlinger( 1117): Dolby Effect is NULL
07-13 08:46:27.890 W/AudioALSACaptureDataProviderNormal( 1031): readThread, latency_in_s,0.000001,0.039569,0.000021, totalTime 0.039591 > logTimeout 0.022000 TIMEOUT!!
07-13 08:46:27.893 D/nativeloader(29817): Load libicu_jni.so using APEX ns com_android_art for caller /apex/com.android.art/javalib/core-oj.jar: ok
07-13 08:46:27.893 D/app_process(29817): Time zone APEX ICU file found: /apex/com.android.tzdata/etc/icu/icu_tzdata.dat
07-13 08:46:27.893 D/TrafficManageService( 5491): onReceive: intent.action = com.android.server.action.NETWORK_STATS_UPDATED
07-13 08:46:27.893 D/app_process(29817): I18n APEX ICU file found: /apex/com.android.i18n/etc/icu/icudt72l.dat
07-13 08:46:27.895 D/C2MtkBufferManager( 1041): over 5000ms not request from VCodec but callback hooked, slow BM Cc fetch thread
07-13 08:46:27.898 D/TrafficManageService-TrafficSimManager( 5491): notifyByNetChange: gooooo
07-13 08:46:27.907 W/AudioFlinger( 1117): Dolby Effect is NULL
07-13 08:46:27.909 D/nativeloader(29817): Load libjavacore.so using APEX ns com_android_art for caller /apex/com.android.art/javalib/core-oj.jar: ok
07-13 08:46:27.911 D/TrafficManageService-TrafficSimManager( 5491): getMonthDataUsageUsed: new_get = 59795360659
07-13 08:46:27.915 D/C2MtkBufferManager( 1041): over 5000ms not request from VCodec but callback hooked, slow BM Cc fetch thread
07-13 08:46:27.920 D/nativeloader(29817): Load libopenjdk.so using APEX ns com_android_art for caller /apex/com.android.art/javalib/core-oj.jar: ok
07-13 08:46:27.926 I/app_process(29817): Priority-to-niceness mapping: 19, 16, 13, 10, 0, -2, -4, -5, -6, -8
07-13 08:46:27.928 W/AudioFlinger( 1117): Dolby Effect is NULL
07-13 08:46:27.930 W/AudioALSACaptureDataProviderNormal( 1031): readThread, latency_in_s,0.000001,0.039654,0.000020, totalTime 0.039674 > logTimeout 0.022000 TIMEOUT!!
07-13 08:46:27.936 D/C2MtkBufferManager( 1041): over 5000ms not request from VCodec but callback hooked, slow BM Cc fetch thread
07-13 08:46:27.950 W/AudioFlinger( 1117): Dolby Effect is NULL
07-13 08:46:27.956 D/C2MtkBufferManager( 1041): over 5000ms not request from VCodec but callback hooked, slow BM Cc fetch thread
07-13 08:46:27.970 W/AudioALSACaptureDataProviderNormal( 1031): readThread, latency_in_s,0.000001,0.039588,0.000019, totalTime 0.039608 > logTimeout 0.022000 TIMEOUT!!
07-13 08:46:27.971 W/AudioFlinger( 1117): Dolby Effect is NULL
07-13 08:46:27.975 D/UiModeManager( 1813): updateConfigurationLocked: mDockState=0; mCarMode=false; mCar=false; mPowerSave=false; mComputedNightMode=false; mNightMode=0; uiMode=28
07-13 08:46:27.977 D/C2MtkBufferManager( 1041): over 5000ms not request from VCodec but callback hooked, slow BM Cc fetch thread
07-13 08:46:27.984 I/PowerSaveService( 5491): onReceive: android.intent.action.BATTERY_CHANGED
07-13 08:46:27.985 I/PowerNoticeUI( 5491): handleBatteryChanged oldPlugType 2 mPlugType 2 oldBatteryLevel 78 mBatteryLevel 78 temperature 367
07-13 08:46:27.985 I/ChargerBatteryIntelligenceReceiver( 5491): onBatteryChanged temperature：36,plugType:2
07-13 08:46:27.987 D/PowerCheckerService( 7233): onBatteryChanged, mBatteryLevel = 78, status = 2, level = 78, plug = 2, scale = 100
07-13 08:46:27.987 D/PowerKeeper.FrozenApp( 7233): onBatteryChanged plug=true mBatteryPlugged=2
07-13 08:46:27.989 D/PowerKeeper.Thermal( 7233): mBatteryTemperature: 36
07-13 08:46:27.992 W/AudioFlinger( 1117): Dolby Effect is NULL
07-13 08:46:27.997 D/C2MtkBufferManager( 1041): over 5000ms not request from VCodec but callback hooked, slow BM Cc fetch thread
07-13 08:46:28.010 W/AudioALSACaptureDataProviderNormal( 1031): readThread, latency_in_s,0.000001,0.039682,0.000024, totalTime 0.039706 > logTimeout 0.022000 TIMEOUT!!
07-13 08:46:28.014 W/AudioFlinger( 1117): Dolby Effect is NULL
07-13 08:46:28.014 W/fb4a.InitStatus(29430): Not blocking Provider (268077815)
07-13 08:46:28.015 W/fb4a.InitStatus(29430): Not blocking Provider (268077815)
07-13 08:46:28.017 D/C2MtkBufferManager( 1041): over 5000ms not request from VCodec but callback hooked, slow BM Cc fetch thread
07-13 08:46:28.033 D/connsyslogger( 1516): SD_LOG_ROOT is /data/debuglogger/connsyslog/fw.
07-13 08:46:28.034 D/connsyslogger( 1516): systemReady:1
07-13 08:46:28.035 W/AudioFlinger( 1117): Dolby Effect is NULL
07-13 08:46:28.038 D/C2MtkBufferManager( 1041): over 5000ms not request from VCodec but callback hooked, slow BM Cc fetch thread
07-13 08:46:28.050 W/AudioALSACaptureDataProviderNormal( 1031): readThread, latency_in_s,0.000001,0.039661,0.000021, totalTime 0.039683 > logTimeout 0.022000 TIMEOUT!!
07-13 08:46:28.056 W/AudioFlinger( 1117): Dolby Effect is NULL
07-13 08:46:28.058 D/C2MtkBufferManager( 1041): over 5000ms not request from VCodec but callback hooked, slow BM Cc fetch thread
07-13 08:46:28.078 W/AudioFlinger( 1117): Dolby Effect is NULL
07-13 08:46:28.079 D/C2MtkBufferManager( 1041): over 5000ms not request from VCodec but callback hooked, slow BM Cc fetch thread
07-13 08:46:28.090 W/AudioALSACaptureDataProviderNormal( 1031): readThread, latency_in_s,0.000001,0.039509,0.000021, totalTime 0.039531 > logTimeout 0.022000 TIMEOUT!!
07-13 08:46:28.099 W/AudioFlinger( 1117): Dolby Effect is NULL
07-13 08:46:28.099 D/C2MtkBufferManager( 1041): over 5000ms not request from VCodec but callback hooked, slow BM Cc fetch thread
07-13 08:46:28.120 D/C2MtkBufferManager( 1041): over 5000ms not request from VCodec but callback hooked, slow BM Cc fetch thread
07-13 08:46:28.120 W/AudioFlinger( 1117): Dolby Effect is NULL
07-13 08:46:28.140 D/C2MtkBufferManager( 1041): over 5000ms not request from VCodec but callback hooked, slow BM Cc fetch thread
07-13 08:46:28.142 W/AudioFlinger( 1117): Dolby Effect is NULL
07-13 08:46:28.150 W/AudioALSACaptureDataProviderNormal( 1031): readThread, latency_in_s,0.000001,0.039765,0.000026, totalTime 0.039792 > logTimeout 0.022000 TIMEOUT!!
07-13 08:46:28.160 D/C2MtkBufferManager( 1041): over 5000ms not request from VCodec but callback hooked, slow BM Cc fetch thread
07-13 08:46:28.163 W/AudioFlinger( 1117): Dolby Effect is NULL
07-13 08:46:28.181 D/C2MtkBufferManager( 1041): over 5000ms not request from VCodec but callback hooked, slow BM Cc fetch thread
07-13 08:46:28.184 W/AudioFlinger( 1117): Dolby Effect is NULL
07-13 08:46:28.179 W/main    (29817): type=1400 audit(0.0:606702): avc:  denied  { read } for  name="u:object_r:build_attestation_prop:s0" dev="tmpfs" ino=118 scontext=u:r:shell:s0 tcontext=u:object_r:build_attestation_prop:s0 tclass=file permissive=0 app=ng.mtn.nextgen
07-13 08:46:28.185 W/libc    (29817): Access denied finding property "ro.product.name_for_attestation"
07-13 08:46:28.179 W/main    (29817): type=1400 audit(0.0:606703): avc:  denied  { read } for  name="u:object_r:build_attestation_prop:s0" dev="tmpfs" ino=118 scontext=u:r:shell:s0 tcontext=u:object_r:build_attestation_prop:s0 tclass=file permissive=0 app=ng.mtn.nextgen
07-13 08:46:28.186 W/libc    (29817): Access denied finding property "ro.product.device_for_attestation"
07-13 08:46:28.183 W/main    (29817): type=1400 audit(0.0:606704): avc:  denied  { read } for  name="u:object_r:build_attestation_prop:s0" dev="tmpfs" ino=118 scontext=u:r:shell:s0 tcontext=u:object_r:build_attestation_prop:s0 tclass=file permissive=0 app=ng.mtn.nextgen
07-13 08:46:28.188 W/libc    (29817): Access denied finding property "ro.product.manufacturer_for_attestation"
07-13 08:46:28.189 W/libc    (29817): Access denied finding property "ro.product.brand_for_attestation"
07-13 08:46:28.183 W/main    (29817): type=1400 audit(0.0:606705): avc:  denied  { read } for  name="u:object_r:build_attestation_prop:s0" dev="tmpfs" ino=118 scontext=u:r:shell:s0 tcontext=u:object_r:build_attestation_prop:s0 tclass=file permissive=0 app=ng.mtn.nextgen
07-13 08:46:28.183 W/main    (29817): type=1400 audit(0.0:606706): avc:  denied  { read } for  name="u:object_r:build_attestation_prop:s0" dev="tmpfs" ino=118 scontext=u:r:shell:s0 tcontext=u:object_r:build_attestation_prop:s0 tclass=file permissive=0 app=ng.mtn.nextgen
07-13 08:46:28.189 W/libc    (29817): Access denied finding property "ro.product.model_for_attestation"
07-13 08:46:28.190 W/AudioALSACaptureDataProviderNormal( 1031): readThread, latency_in_s,0.000001,0.039609,0.000022, totalTime 0.039631 > logTimeout 0.022000 TIMEOUT!!
07-13 08:46:28.198 W/libc    (29817): Access denied finding property "ro.vendor.mtk.hbt_binfmt_misc_support"
07-13 08:46:28.201 W/libc    (29817): Access denied finding property "ro.vendor.mtk.hbt_dyn_type"
07-13 08:46:28.201 W/libc    (29817): Access denied finding property "persist.vendor.mtk.hbt_dyn_type"
07-13 08:46:28.201 D/C2MtkBufferManager( 1041): over 5000ms not request from VCodec but callback hooked, slow BM Cc fetch thread
07-13 08:46:28.205 W/AudioFlinger( 1117): Dolby Effect is NULL
07-13 08:46:28.206 D/MediaCodec(19459): [mId: 2] audio-debug Stats over last 5006ms:
07-13 08:46:28.206 D/MediaCodec(19459): [mId: 2] audio-debug Qinput: 0, DQinput: 0 success out of 5 tries
07-13 08:46:28.206 D/MediaCodec(19459): [mId: 2] audio-debug Render: 0, Drop: 0, DQoutput: 0 success out of 0 tries
07-13 08:46:28.222 D/C2MtkBufferManager( 1041): over 5000ms not request from VCodec but callback hooked, slow BM Cc fetch thread
07-13 08:46:28.225 D/PackageManager( 1813): set app component=ComponentInfo{com.facebook.katana/com.facebook.notifications.settings.InAppNotificationSettingsActivity} enabled state: 1 from com.facebook.katana,uid=10265,pid=29430
07-13 08:46:28.227 W/AudioFlinger( 1117): Dolby Effect is NULL
07-13 08:46:28.230 W/AudioALSACaptureDataProviderNormal( 1031): readThread, latency_in_s,0.000001,0.039526,0.000019, totalTime 0.039546 > logTimeout 0.022000 TIMEOUT!!
07-13 08:46:28.242 D/C2MtkBufferManager( 1041): over 5000ms not request from VCodec but callback hooked, slow BM Cc fetch thread
07-13 08:46:28.248 W/AudioFlinger( 1117): Dolby Effect is NULL
07-13 08:46:28.257 D/TelephonyManager( 2457): requestModemActivityInfo: Sending result to app: ModemActivityInfo{ mTimestamp=690387899 mSleepTimeMs=291155530 mIdleTimeMs=82919789 mActivityStatsTechSpecificInfo=[{mRat=UNKNOWN,mFrequencyRange=UNKNOWN,mTxTimeMs[]=[99490, 852855, 16296587, 16723002, 35359066],mRxTimeMs=318046454}]}
07-13 08:46:28.263 D/C2MtkBufferManager( 1041): over 5000ms not request from VCodec but callback hooked, slow BM Cc fetch thread
07-13 08:46:28.270 W/AudioFlinger( 1117): Dolby Effect is NULL
07-13 08:46:28.284 D/C2MtkBufferManager( 1041): over 5000ms not request from VCodec but callback hooked, slow BM Cc fetch thread
07-13 08:46:28.290 W/AudioALSACaptureDataProviderNormal( 1031): readThread, latency_in_s,0.000001,0.039678,0.000073, totalTime 0.039751 > logTimeout 0.022000 TIMEOUT!!
07-13 08:46:28.291 W/AudioFlinger( 1117): Dolby Effect is NULL
07-13 08:46:28.304 D/C2MtkBufferManager( 1041): over 5000ms not request from VCodec but callback hooked, slow BM Cc fetch thread
07-13 08:46:28.309 W/fb4a.BloksPrivacySelectorFetchQpl(29430): markerPoint is called unexpectedly with render location: BPS_COMPOSER
07-13 08:46:28.311 D/nativeloader(29817): Load libframework-connectivity-tiramisu-jni.so using APEX ns com_android_tethering for caller /apex/com.android.tethering/javalib/framework-connectivity-t.jar: ok
07-13 08:46:28.312 D/AndroidRuntime(29817): Calling main entry com.android.commands.monkey.Monkey
07-13 08:46:28.312 W/AudioFlinger( 1117): Dolby Effect is NULL
07-13 08:46:28.314 W/Monkey  (29817): args: [-p, com.skillsroom.mobile, -c, android.intent.category.LAUNCHER, 1]
07-13 08:46:28.314 W/Monkey  (29817):  arg: "-p"
07-13 08:46:28.314 W/Monkey  (29817):  arg: "com.skillsroom.mobile"
07-13 08:46:28.314 W/Monkey  (29817):  arg: "-c"
07-13 08:46:28.314 W/Monkey  (29817):  arg: "android.intent.category.LAUNCHER"
07-13 08:46:28.314 W/Monkey  (29817):  arg: "1"
07-13 08:46:28.315 W/Monkey  (29817): data="com.skillsroom.mobile"
07-13 08:46:28.315 W/Monkey  (29817): data="android.intent.category.LAUNCHER"
07-13 08:46:28.325 D/C2MtkBufferManager( 1041): over 5000ms not request from VCodec but callback hooked, slow BM Cc fetch thread
07-13 08:46:28.326 I/AS.AudioService( 1813): getMode, get current owner's mode
07-13 08:46:28.328 I/AS.AudioService( 1813): getMode, mode = 3
07-13 08:46:28.328 W/fb4a.BloksPrivacySelectorFetchQpl(29430): markerPoint is called unexpectedly with render location: BPS_COMPOSER
07-13 08:46:28.330 W/AudioALSACaptureDataProviderNormal( 1031): readThread, latency_in_s,0.000001,0.039542,0.000150, totalTime 0.039693 > logTimeout 0.022000 TIMEOUT!!
07-13 08:46:28.333 W/AudioFlinger( 1117): Dolby Effect is NULL
07-13 08:46:28.339 W/fb4a.BloksPrivacySelectorFetchQpl(29430): markerPoint is called unexpectedly with render location: BPS_VIDEO_PRODUCTION_UNIFICATION
07-13 08:46:28.341 W/fb4a.BloksPrivacySelectorFetchQpl(29430): markerPoint is called unexpectedly with render location: BPS_COMPOSER
07-13 08:46:28.341 W/fb4a.BloksPrivacySelectorFetchQpl(29430): success is called unexpectedly with render location: BPS_COMPOSER
07-13 08:46:28.342 D/ActivityManager( 1813): getProcessesInErrorState callingUid=10279, CallingPid=443
07-13 08:46:28.345 D/C2MtkBufferManager( 1041): over 5000ms not request from VCodec but callback hooked, slow BM Cc fetch thread
07-13 08:46:28.351 W/fb4a.BloksPrivacySelectorFetchQpl(29430): markerPoint is called unexpectedly with render location: BPS_COMPOSER
07-13 08:46:28.351 W/fb4a.BloksPrivacySelectorFetchQpl(29430): success is called unexpectedly with render location: BPS_COMPOSER
07-13 08:46:28.355 W/AudioFlinger( 1117): Dolby Effect is NULL
07-13 08:46:28.358 W/fb4a.BloksPrivacySelectorFetchQpl(29430): markerPoint is called unexpectedly with render location: BPS_VIDEO_PRODUCTION_UNIFICATION
07-13 08:46:28.358 W/fb4a.BloksPrivacySelectorFetchQpl(29430): success is called unexpectedly with render location: BPS_VIDEO_PRODUCTION_UNIFICATION
07-13 08:46:28.359 D/ActivityManager( 1813): getProcessesInErrorState callingUid=10288, CallingPid=19459
07-13 08:46:28.366 D/C2MtkBufferManager( 1041): over 5000ms not request from VCodec but callback hooked, slow BM Cc fetch thread
07-13 08:46:28.370 W/AudioALSACaptureDataProviderNormal( 1031): readThread, latency_in_s,0.000001,0.039587,0.000082, totalTime 0.039670 > logTimeout 0.022000 TIMEOUT!!
07-13 08:46:28.376 W/AudioFlinger( 1117): Dolby Effect is NULL
07-13 08:46:28.386 D/C2MtkBufferManager( 1041): over 5000ms not request from VCodec but callback hooked, slow BM Cc fetch thread
07-13 08:46:28.398 W/AudioFlinger( 1117): Dolby Effect is NULL
07-13 08:46:28.407 D/C2MtkBufferManager( 1041): over 5000ms not request from VCodec but callback hooked, slow BM Cc fetch thread
07-13 08:46:28.410 W/AudioALSACaptureDataProviderNormal( 1031): readThread, latency_in_s,0.000001,0.039634,0.000022, totalTime 0.039657 > logTimeout 0.022000 TIMEOUT!!
07-13 08:46:28.419 W/AudioFlinger( 1117): Dolby Effect is NULL
07-13 08:46:28.424 D/CompatibilityChangeReporter(29430): Compat change id reported: 194532703; UID 10265; state: ENABLED
07-13 08:46:28.425 D/CompatibilityChangeReporter(29430): Compat change id reported: 253665015; UID 10265; state: ENABLED
07-13 08:46:28.427 D/C2MtkBufferManager( 1041): over 5000ms not request from VCodec but callback hooked, slow BM Cc fetch thread
07-13 08:46:28.428 D/CompatibilityChangeReporter( 1813): Compat change id reported: 271850009; UID 10265; state: ENABLED
07-13 08:46:28.429 D/CompatibilityChangeReporter( 1813): Compat change id reported: 253665015; UID 10265; state: ENABLED
07-13 08:46:28.429 D/CompatibilityChangeReporter( 1813): Compat change id reported: 194532703; UID 10265; state: ENABLED
07-13 08:46:28.431 E/msys    (28813): E[N mns:TigonMNS]_OnResolverSuccess(308)=>Cache refresh succeeded with system DNS resolver. IP count: 1
07-13 08:46:28.440 W/AudioFlinger( 1117): Dolby Effect is NULL
07-13 08:46:28.447 D/C2MtkBufferManager( 1041): over 5000ms not request from VCodec but callback hooked, slow BM Cc fetch thread
07-13 08:46:28.450 W/AudioALSACaptureDataProviderNormal( 1031): readThread, latency_in_s,0.000001,0.039376,0.000021, totalTime 0.039398 > logTimeout 0.022000 TIMEOUT!!
07-13 08:46:28.461 W/AudioFlinger( 1117): Dolby Effect is NULL
07-13 08:46:28.464 I/ActivityManager( 1813): Waited long enough for: ServiceRecord{b2bb1a6 u0 com.instagram.android/com.instagram.jobscheduler.bgfetch.scheduler.IgBgFetchTaskLifeService}
07-13 08:46:28.467 I/SmartPower: cn.xender/10279(443)( 1813): idle->background(10235ms) R(broadcast start Intent { act=android.intent.action.BATTERY_CHANGED flg=0x60000010 (has extras) }) adj=200.
07-13 08:46:28.468 I/SmartPower: com.shaiban.audioplayer.mplayer/10288(19459)( 1813): idle->background(10236ms) R(broadcast start Intent { act=android.intent.action.BATTERY_CHANGED flg=0x60000010 (has extras) }) adj=200.
07-13 08:46:28.468 D/C2MtkBufferManager( 1041): over 5000ms not request from VCodec but callback hooked, slow BM Cc fetch thread
07-13 08:46:28.483 W/AudioFlinger( 1117): Dolby Effect is NULL
07-13 08:46:28.488 D/C2MtkBufferManager( 1041): over 5000ms not request from VCodec but callback hooked, slow BM Cc fetch thread
07-13 08:46:28.490 W/AudioALSACaptureDataProviderNormal( 1031): readThread, latency_in_s,0.000001,0.039508,0.000022, totalTime 0.039531 > logTimeout 0.022000 TIMEOUT!!
07-13 08:46:28.495 W/SecurityDistractHooks_LibraryLoaders(29430): Invalid blocklist fetched from MC: . Default one will be used.
07-13 08:46:28.499 W/NotificationHistory( 1813): Attempted to remove conversation for locked/gone/disabled user 0
07-13 08:46:28.500 I/SmartPower: com.facebook.services/10100(29107)( 1813): idle->background(2608ms) R(service start com.facebook.services/com.facebook.oxygen.services.fbns.PreloadedFbnsService) adj=0.
07-13 08:46:28.501 W/fbservices-stub:InitStatus(29107): Not blocking Service (111347946)
07-13 08:46:28.502 W/fbservices-stub:InitStatus(29107): Not blocking Service (111347946)
07-13 08:46:28.503 D/PackageManager( 1813): set app component=ComponentInfo{com.facebook.katana/com.facebook.rti.orca.FbnsLiteBroadcastReceiver} enabled state: 2 from com.facebook.katana,uid=10265,pid=29430
07-13 08:46:28.504 W/AudioFlinger( 1117): Dolby Effect is NULL
07-13 08:46:28.507 W/MiuiStubRegistry(29817): Failed to collect stub providers in com.miui.autoui.MIUIAutoUIStub$$: /system_ext/framework/miui-framework.autoui.jar not exist
07-13 08:46:28.509 D/C2MtkBufferManager( 1041): over 5000ms not request from VCodec but callback hooked, slow BM Cc fetch thread
07-13 08:46:28.511 W/MiuiStubRegistry(29817): Failed to collect stub providers in android.hovermode.MiuiHoverModeStub$$: /system_ext/framework/miui-framework.hovermode.jar not exist
07-13 08:46:28.513 W/MiuiFrameworkImpl(29817): MiuiFrameworkImpl already collected
07-13 08:46:28.514 I/gralloc4(27937): @set_metadata: update dataspace from GM (0x00000000 -> 0x08010000)
07-13 08:46:28.515 D/nativeloader(29430): Load /data/app/~~0Do3nKB7oKzSnG9YsFiL1Q==/com.facebook.katana-bcicghKI6OMyW8FGFwgEXA==/lib/arm64/libdextricks-early.so using class loader ns clns-5 (caller=/data/app/~~0Do3nKB7oKzSnG9YsFiL1Q==/com.facebook.katana-bcicghKI6OMyW8FGFwgEXA==/base.apk): ok
07-13 08:46:28.517 W/soloader.ApplicationInfoProvider(29430): initialized: getApplicationInfo: yes; myUserId: yes
07-13 08:46:28.525 W/AudioFlinger( 1117): Dolby Effect is NULL
07-13 08:46:28.529 D/C2MtkBufferManager( 1041): over 5000ms not request from VCodec but callback hooked, slow BM Cc fetch thread
07-13 08:46:28.530 W/AudioALSACaptureDataProviderNormal( 1031): readThread, latency_in_s,0.000001,0.039668,0.000021, totalTime 0.039690 > logTimeout 0.022000 TIMEOUT!!
07-13 08:46:28.534 W/fb4a.SyncInitializer(29430): Start regular sync initialization
07-13 08:46:28.547 W/AudioFlinger( 1117): Dolby Effect is NULL
07-13 08:46:28.550 E/BoostFramework(29817): BoostFramework() : Exception_1 = java.lang.ClassNotFoundException: com.qualcomm.qti.Performance
07-13 08:46:28.550 D/C2MtkBufferManager( 1041): over 5000ms not request from VCodec but callback hooked, slow BM Cc fetch thread
07-13 08:46:28.551 E/BoostFramework(29817): BoostFramework() Ux Perf: Exception = java.lang.ClassNotFoundException: com.qualcomm.qti.UxPerformance
07-13 08:46:28.557 W/MiuiStubRegistry(29817): Failed to collect stub providers in android.magicpointer.util.MiuiMagicPointerUtilsStubHeadManifest$$: /system_ext/framework/miui-framework-pointer-pad.jar not exist
07-13 08:46:28.568 W/AudioFlinger( 1117): Dolby Effect is NULL
07-13 08:46:28.570 W/AudioALSACaptureDataProviderNormal( 1031): readThread, latency_in_s,0.000001,0.039828,0.000020, totalTime 0.039849 > logTimeout 0.022000 TIMEOUT!!
07-13 08:46:28.571 D/C2MtkBufferManager( 1041): over 5000ms not request from VCodec but callback hooked, slow BM Cc fetch thread
07-13 08:46:28.576 D/PackageManager( 1813): set app component=ComponentInfo{com.facebook.katana/com.facebook.timeline.stagingground.Fb4aProfilePictureShareActivityAlias} enabled state: 1 from com.facebook.katana,uid=10265,pid=29430
07-13 08:46:28.578 D/PackageManager( 1813): set app component=ComponentInfo{com.facebook.katana/com.facebook.timeline.stagingground.WorkProfilePictureShareActivityAlias} enabled state: 2 from com.facebook.katana,uid=10265,pid=29430
07-13 08:46:28.589 W/AudioFlinger( 1117): Dolby Effect is NULL
07-13 08:46:28.592 D/C2MtkBufferManager( 1041): over 5000ms not request from VCodec but callback hooked, slow BM Cc fetch thread
07-13 08:46:28.610 D/ATMSImpl( 1813): setActivityController callingUid:2000 control=true
07-13 08:46:28.610 W/AudioALSACaptureDataProviderNormal( 1031): readThread, latency_in_s,0.000001,0.039454,0.000019, totalTime 0.039473 > logTimeout 0.022000 TIMEOUT!!
07-13 08:46:28.611 W/AudioFlinger( 1117): Dolby Effect is NULL
07-13 08:46:28.612 D/C2MtkBufferManager( 1041): over 5000ms not request from VCodec but callback hooked, slow BM Cc fetch thread
07-13 08:46:28.614 W/ActivityManager( 1813): registerReceiverWithFeature: no app for null
07-13 08:46:28.632 W/AudioFlinger( 1117): Dolby Effect is NULL
07-13 08:46:28.633 D/C2MtkBufferManager( 1041): over 5000ms not request from VCodec but callback hooked, slow BM Cc fetch thread
07-13 08:46:28.633 I/libPerfCtl( 1059): xgfGetFPS pid:2459 fps:-1
07-13 08:46:28.633 I/libPerfCtl( 1059): xgfGetFPS pid:27937 fps:-1
07-13 08:46:28.650 W/AudioALSACaptureDataProviderNormal( 1031): readThread, latency_in_s,0.000001,0.039635,0.000022, totalTime 0.039658 > logTimeout 0.022000 TIMEOUT!!
07-13 08:46:28.651 D/Launcher.Model( 2470): LauncherAppsCallback onShortcutsChanged|com.facebook.katana|UserHandle{0}
07-13 08:46:28.653 D/C2MtkBufferManager( 1041): over 5000ms not request from VCodec but callback hooked, slow BM Cc fetch thread
07-13 08:46:28.653 W/AudioFlinger( 1117): Dolby Effect is NULL
07-13 08:46:28.659 D/CompatibilityChangeReporter(29430): Compat change id reported: 263076149; UID 10265; state: ENABLED
07-13 08:46:28.674 D/C2MtkBufferManager( 1041): over 5000ms not request from VCodec but callback hooked, slow BM Cc fetch thread
07-13 08:46:28.675 W/AudioFlinger( 1117): Dolby Effect is NULL
07-13 08:46:28.690 W/AudioALSACaptureDataProviderNormal( 1031): readThread, latency_in_s,0.000001,0.039562,0.000020, totalTime 0.039583 > logTimeout 0.022000 TIMEOUT!!
07-13 08:46:28.694 D/C2MtkBufferManager( 1041): over 5000ms not request from VCodec but callback hooked, slow BM Cc fetch thread
07-13 08:46:28.696 W/AudioFlinger( 1117): Dolby Effect is NULL
07-13 08:46:28.705 D/CompatibilityChangeReporter( 1813): Compat change id reported: 161252188; UID 10210; state: DISABLED
07-13 08:46:28.715 D/C2MtkBufferManager( 1041): over 5000ms not request from VCodec but callback hooked, slow BM Cc fetch thread
07-13 08:46:28.718 W/AudioFlinger( 1117): Dolby Effect is NULL
07-13 08:46:28.725 W/ActivityTaskManager( 1813): callingPackage for (uid=2000, pid=29817) has no WPC
07-13 08:46:28.730 W/AudioALSACaptureDataProviderNormal( 1031): readThread, latency_in_s,0.000001,0.039721,0.000022, totalTime 0.039743 > logTimeout 0.022000 TIMEOUT!!
07-13 08:46:28.735 D/C2MtkBufferManager( 1041): over 5000ms not request from VCodec but callback hooked, slow BM Cc fetch thread
07-13 08:46:28.738 D/CompatibilityChangeReporter( 1813): Compat change id reported: 265464455; UID 10210; state: DISABLED
07-13 08:46:28.739 W/AudioFlinger( 1117): Dolby Effect is NULL
07-13 08:46:28.739 D/CompatibilityChangeReporter( 1813): Compat change id reported: 265452344; UID 10210; state: DISABLED
07-13 08:46:28.740 D/CompatibilityChangeReporter( 1813): Compat change id reported: 266124927; UID 10210; state: DISABLED
07-13 08:46:28.741 D/CompatibilityChangeReporter( 1813): Compat change id reported: 265451093; UID 10210; state: DISABLED
07-13 08:46:28.741 D/CompatibilityChangeReporter( 1813): Compat change id reported: 265456536; UID 10210; state: DISABLED
07-13 08:46:28.742 D/CompatibilityChangeReporter( 1813): Compat change id reported: 255940284; UID 10210; state: DISABLED
07-13 08:46:28.743 D/CompatibilityChangeReporter( 1813): Compat change id reported: 236283604; UID 10210; state: DISABLED
07-13 08:46:28.744 D/CompatibilityChangeReporter( 1813): Compat change id reported: 263959004; UID 10210; state: DISABLED
07-13 08:46:28.744 D/CompatibilityChangeReporter( 1813): Compat change id reported: 264304459; UID 10210; state: DISABLED
07-13 08:46:28.745 D/CompatibilityChangeReporter( 1813): Compat change id reported: 264301586; UID 10210; state: DISABLED
07-13 08:46:28.745 D/CompatibilityChangeReporter( 1813): Compat change id reported: 254631730; UID 10210; state: DISABLED
07-13 08:46:28.746 D/CompatibilityChangeReporter( 1813): Compat change id reported: 273509367; UID 10210; state: DISABLED
07-13 08:46:28.747 D/CompatibilityChangeReporter( 1813): Compat change id reported: 263259275; UID 10210; state: DISABLED
07-13 08:46:28.747 D/CompatibilityChangeReporter( 1813): Compat change id reported: 174042980; UID 10210; state: DISABLED
07-13 08:46:28.748 D/CompatibilityChangeReporter( 1813): Compat change id reported: 174042936; UID 10210; state: DISABLED
