07-13 10:24:43.791 W/fb4a.AppInitScheduler|Run(17831):   Finished RunEarlyInitForActivity in 1ms
07-13 10:24:43.792 W/fb4a.AppInitScheduler|Run(17831): Running CheckUnstableContentProvider, order=55, priorityHint=VERY_HIGH 
07-13 10:24:43.792 W/fb4a.AppInitScheduler|Run(17831):   Finished CheckUnstableContentProvider in 1ms
07-13 10:24:43.792 W/fb4a.AppInitScheduler|Run(17831): Running StartupQPLInit, order=58, priorityHint=VERY_HIGH 
07-13 10:24:43.793 W/fb4a.InitStatus(17831): Not blocking Provider (126200781)
07-13 10:24:43.793 W/fb4a.QuickPerformanceLoggerModule(17831): Providing QPL... begin
07-13 10:24:43.794 W/fb4a.InitStatus(17831): Unblocked Service (198233218)
07-13 10:24:43.795 W/fb4a.AppComponentFactory(17831): Instantiating Service
07-13 10:24:43.795 E/facebook.katana(17831): No implementation found for void com.facebook.quicklog.QuickPerformanceLoggerNativeProvider.nativeUpdateQPLInstance() (tried Java_com_facebook_quicklog_QuickPerformanceLoggerNativeProvider_nativeUpdateQPLInstance and Java_com_facebook_quicklog_QuickPerformanceLoggerNativeProvider_nativeUpdateQPLInstance__) - is the library loaded, e.g. System.loadLibrary?
07-13 10:24:43.795 W/fb4a.QPLProvider(17831): QuickPerformanceLoggerProvider failed to update native QPL instance, native library. This is expected during early app initialization
07-13 10:24:43.795 W/fb4a.QuickPerformanceLoggerModule(17831): Providing QPL... end
07-13 10:24:43.797 E/fb4a.QPLProvider(17831): QuickPerformanceLogger instance wasn't installed in provider, returning noop. Please call QuickPerformanceLoggerProvider.setQuickPerformanceLogger() before getting the instance.
07-13 10:24:43.797 E/fb4a.QPLProvider(17831): java.lang.IllegalStateException: No QPL instance provided
07-13 10:24:43.797 E/fb4a.QPLProvider(17831): 	at com.facebook.quicklog.QuickPerformanceLoggerProvider.getQPLInstance(:35)
07-13 10:24:43.797 E/fb4a.QPLProvider(17831): 	at X.1OI.<init>(:9)
07-13 10:24:43.797 E/fb4a.QPLProvider(17831): 	at X.1OD.<clinit>(:6)
07-13 10:24:43.797 E/fb4a.QPLProvider(17831): 	at X.WzZ.A0E(:957)
07-13 10:24:43.797 E/fb4a.QPLProvider(17831): 	at X.WzZ.A04(:11)
07-13 10:24:43.797 E/fb4a.QPLProvider(17831): 	at X.WzZ.A0D(:11)
07-13 10:24:43.797 E/fb4a.QPLProvider(17831): 	at X.WzZ.A09(:11)
07-13 10:24:43.797 E/fb4a.QPLProvider(17831): 	at X.18P.A01(:91)
07-13 10:24:43.797 E/fb4a.QPLProvider(17831): 	at X.3Rn.A03(:69)
07-13 10:24:43.797 E/fb4a.QPLProvider(17831): 	at X.3UU.get(:15)
07-13 10:24:43.797 E/fb4a.QPLProvider(17831): 	at X.3UV.A0Z(:2)
07-13 10:24:43.797 E/fb4a.QPLProvider(17831): 	at X.3Vf.B5G(:2)
07-13 10:24:43.797 E/fb4a.QPLProvider(17831): 	at X.3Ij.<init>(:41)
07-13 10:24:43.797 E/fb4a.QPLProvider(17831): 	at X.3Ij.A03(:19)
07-13 10:24:43.797 E/fb4a.QPLProvider(17831): 	at X.WzZ.A0E(:667)
07-13 10:24:43.797 E/fb4a.QPLProvider(17831): 	at X.WzZ.A04(:11)
07-13 10:24:43.797 E/fb4a.QPLProvider(17831): 	at X.WzZ.A0D(:11)
07-13 10:24:43.797 E/fb4a.QPLProvider(17831): 	at X.WzZ.A09(:11)
07-13 10:24:43.797 E/fb4a.QPLProvider(17831): 	at X.18P.A01(:91)
07-13 10:24:43.797 E/fb4a.QPLProvider(17831): 	at X.3Rn.A03(:69)
07-13 10:24:43.797 E/fb4a.QPLProvider(17831): 	at X.3Rn.A02(:4)
07-13 10:24:43.797 E/fb4a.QPLProvider(17831): 	at X.WzZ.A0E(:421)
07-13 10:24:43.797 E/fb4a.QPLProvider(17831): 	at X.WzZ.A04(:11)
07-13 10:24:43.797 E/fb4a.QPLProvider(17831): 	at X.WzZ.A0D(:11)
07-13 10:24:43.797 E/fb4a.QPLProvider(17831): 	at X.WzZ.A09(:11)
07-13 10:24:43.797 E/fb4a.QPLProvider(17831): 	at X.18P.A01(:91)
07-13 10:24:43.797 E/fb4a.QPLProvider(17831): 	at X.3Rn.A03(:69)
07-13 10:24:43.797 E/fb4a.QPLProvider(17831): 	at X.3Rn.A02(:4)
07-13 10:24:43.797 E/fb4a.QPLProvider(17831): 	at com.facebook.common.appinit.invoker.OnApplicationInitInvoker.CNC(:6629)
07-13 10:24:43.797 E/fb4a.QPLProvider(17831): 	at X.0ks.run(:292)
07-13 10:24:43.797 E/fb4a.QPLProvider(17831): 	at java.util.concurrent.ThreadPoolExecutor.runWorker(ThreadPoolExecutor.java:1100)
07-13 10:24:43.797 E/fb4a.QPLProvider(17831): 	at java.util.concurrent.ThreadPoolExecutor$Worker.run(ThreadPoolExecutor.java:624)
07-13 10:24:43.797 E/fb4a.QPLProvider(17831): 	at X.0Fr.run(:11)
07-13 10:24:43.797 E/fb4a.QPLProvider(17831): 	at java.lang.Thread.run(Thread.java:1572)
07-13 10:24:43.797 D/C2MtkBufferManager( 1041): over 5000ms not request from VCodec but callback hooked, slow BM Cc fetch thread
07-13 10:24:43.805 W/fb4a.AppInitScheduler|Run(17831):   Finished StartupQPLInit in 12ms
07-13 10:24:43.805 W/fb4a.AppInitScheduler|Schedule(17831):   Executing 361:PreloadFeedRequestHighPriority
07-13 10:24:43.805 W/fb4a.AppInitScheduler|Schedule(17831):   Executing 184:INeedInitForBroadcastReceiverRegister
07-13 10:24:43.805 W/fb4a.AppInitScheduler|Schedule(17831):   Executing 203:InitFeedVpvSeenStore
07-13 10:24:43.805 W/fb4a.AppInitScheduler|Schedule(17831):   Executing 365:PreloadIconsInit
07-13 10:24:43.805 W/fb4a.AppInitScheduler|Schedule(17831):   Executing 381:PreloadVideoHomeDataController
07-13 10:24:43.805 W/fb4a.AppInitScheduler|Schedule(17831):   Executing 386:ProfiloBridgeFactoryImpl
07-13 10:24:43.805 W/fb4a.AppInitScheduler|Schedule(17831):   Executing 400:ReliabilityUserPerceptibleScopeToQPL
07-13 10:24:43.805 W/fb4a.AppInitScheduler|Schedule(17831):   Executing 356:PreloadFeedDataLoader
07-13 10:24:43.805 W/fb4a.AppInitScheduler|Schedule(17831):   Executing 358:PreloadFeedFullCacheLoad
07-13 10:24:43.805 W/fb4a.AppInitScheduler|Schedule(17831):   Executing 141:EarlyInitStoriesTrayForActivity
07-13 10:24:43.805 W/fb4a.AppInitScheduler|Schedule(17831):   Executing 233:KeepWarm
07-13 10:24:43.805 W/fb4a.AppInitScheduler|Schedule(17831):   Executing 265:MetaCasper
07-13 10:24:43.805 W/fb4a.AppInitScheduler|Schedule(17831):   Executing 347:PartialScrollOnFirstForegroundWarmStart
07-13 10:24:43.805 W/fb4a.AppInitScheduler|Schedule(17831):   Executing 359:PreloadFeedRequest
07-13 10:24:43.805 W/fb4a.AppInitScheduler|Schedule(17831):   Executing 351:PreloadClashManager
07-13 10:24:43.805 W/fb4a.AppInitScheduler|Schedule(17831):   Executing 355:PreloadFeedConfig
07-13 10:24:43.805 W/fb4a.AppInitScheduler|Schedule(17831):   Executing 357:PreloadFeedFetchMetadata
07-13 10:24:43.805 W/fb4a.AppInitScheduler|Schedule(17831):   Executing 360:PreloadFeedRequestForAllStarts
07-13 10:24:43.805 W/fb4a.AppInitScheduler|Schedule(17831):   Executing 362:PreloadFreshFeedRanker
07-13 10:24:43.805 W/fb4a.AppInitScheduler|Schedule(17831):   Executing 363:PreloadFriendlyFeedFullCacheLoad
07-13 10:24:43.805 W/fb4a.AppInitScheduler|Schedule(17831):   Executing 364:PreloadHeroManager
07-13 10:24:43.805 W/fb4a.AppInitScheduler|Schedule(17831):   Executing 368:PreloadLogDb
07-13 10:24:43.805 W/fb4a.AppInitScheduler|Schedule(17831):   Executing 372:PreloadReactions
07-13 10:24:43.805 W/fb4a.AppInitScheduler|Schedule(17831):   Executing 378:PreloadStoriesTrayFetchController
07-13 10:24:43.805 W/fb4a.AppInitScheduler|Schedule(17831):   Executing 379:PreloadStoriesTrayQuery
07-13 10:24:43.805 W/fb4a.AppInitScheduler|Schedule(17831):   Executing 380:PreloadTabPreloadablesBackgroundPrefetch
07-13 10:24:43.805 W/fb4a.AppInitScheduler|Schedule(17831):   Executing 382:PreloadVideoPrivateSharing
07-13 10:24:43.805 W/fb4a.AppInitScheduler|Schedule(17831):   Executing 413:SetupBlockingBackgroundComponentReporting
07-13 10:24:43.805 W/fb4a.AppInitScheduler|Schedule(17831):   Executing 423:StartupQPLReplayer
07-13 10:24:43.805 W/fb4a.AppInitScheduler|Schedule(17831):   Executing 456:VideoMetaCasper
07-13 10:24:43.806 W/fb4a.AppInitScheduler|Run(17831): Running PreloadFeedRequestHighPriority, order=61, priorityHint=HIGH 
07-13 10:24:43.806 W/fb4a.AppInitScheduler|Run(17831):   Finished PreloadFeedRequestHighPriority in 0ms
07-13 10:24:43.806 W/fb4a.AppInitScheduler|Run(17831): Running AnalyticsInit, order=64, priorityHint=NORMAL 
07-13 10:24:43.810 W/fb4a.AppInitScheduler|Run(17831):   Finished PreloadWordmark in 41ms
07-13 10:24:43.810 W/fb4a.AppInitScheduler|Run(17831): Running AnalyticsLoggerPostInitReplay, order=65, priorityHint=NORMAL 
07-13 10:24:43.811 W/fb4a.AppInitScheduler|Run(17831):   Finished AnalyticsLoggerPostInitReplay in 0ms
07-13 10:24:43.811 W/fb4a.AppInitScheduler|Run(17831): Running BloksInitializer, order=66, priorityHint=NORMAL 
07-13 10:24:43.811 W/fb4a.AppInitScheduler|Run(17831):   Finished BloksInitializer in 1ms
07-13 10:24:43.811 W/fb4a.AppInitScheduler|Run(17831): RUN AppInit 114:ClientCacheEdgeManagerInitializer for start destination 6
07-13 10:24:43.811 W/fb4a.AppInitScheduler|Run(17831): Running ClientCacheEdgeManagerInitializer, order=67, priorityHint=NORMAL 
07-13 10:24:43.812 W/fb4a.AppInitScheduler|Run(17831):   Finished ClientCacheEdgeManagerInitializer in 0ms
07-13 10:24:43.812 W/fb4a.AppInitScheduler|Run(17831): RUN AppInit 115:ClientCacheEdgeManagerInitializerUserScoped for start destination 6
07-13 10:24:43.812 W/fb4a.AppInitScheduler|Run(17831): Running ClientCacheEdgeManagerInitializerUserScoped, order=68, priorityHint=NORMAL 
07-13 10:24:43.816 W/fb4a.AppInitScheduler|Run(17831):   Finished ClientCacheEdgeManagerInitializerUserScoped in 4ms
07-13 10:24:43.816 W/fb4a.AppInitScheduler|Run(17831): Running DgwEarlySyncInitializer, order=70, priorityHint=NORMAL 
07-13 10:24:43.816 W/fb4a.AppInitScheduler|Run(17831):   Finished DgwEarlySyncInitializer in 0ms
07-13 10:24:43.817 W/fb4a.AppInitScheduler|Run(17831): Running DownloadedFbResources, order=71, priorityHint=NORMAL 
07-13 10:24:43.817 D/C2MtkBufferManager( 1041): over 5000ms not request from VCodec but callback hooked, slow BM Cc fetch thread
07-13 10:24:43.831 D/FileUtils( 1813): Rounded bytes from 3899887616 to 4000000000
07-13 10:24:43.837 W/fb4a.AppInitScheduler|Run(17831):   Finished FbSharedPreferenceInitializerAsync in 232ms
07-13 10:24:43.837 W/fb4a.AppInitScheduler|Run(17831): Running Fb4aReactEagerInitHotMCUnpacker, order=74, priorityHint=NORMAL 
07-13 10:24:43.837 E/fb4a.AppState(17831): Returning default for firstRunInfo
07-13 10:24:43.837 E/fb4a.AppState(17831): Returning default for firstRunInfo
07-13 10:24:43.837 E/fb4a.AppState(17831): Returning default for firstRunInfo
07-13 10:24:43.837 W/fb4a.AppInitScheduler|Run(17831):   Finished Fb4aReactEagerInitHotMCUnpacker in 1ms
07-13 10:24:43.837 W/fb4a.AppInitScheduler|Run(17831): Running FbMsysImmediateInitializer, order=76, priorityHint=NORMAL 
07-13 10:24:43.837 W/fb4a.AppInitScheduler|Run(17831):   Finished FbMsysImmediateInitializer in 0ms
07-13 10:24:43.838 W/fb4a.AppInitScheduler|Run(17831): Running FbMsysPostBootstrapListenerRegistrarOnAppInit, order=77, priorityHint=NORMAL 
07-13 10:24:43.838 D/C2MtkBufferManager( 1041): over 5000ms not request from VCodec but callback hooked, slow BM Cc fetch thread
07-13 10:24:43.838 W/fb4a.AppInitScheduler|Run(17831):   Finished FbMsysPostBootstrapListenerRegistrarOnAppInit in 1ms
07-13 10:24:43.838 W/fb4a.AppInitScheduler|Run(17831): Running NotifyAppStateManagerOnCreateComplete, order=78, priorityHint=NORMAL 
07-13 10:24:43.839 W/fb4a.BackgroundStartupDetector(17831): coldStartMode=DEFINITELY_BACKGROUND
07-13 10:24:43.839 W/fb4a.AppInitScheduler|Run(17831):   Finished NotifyAppStateManagerOnCreateComplete in 0ms
07-13 10:24:43.839 W/fb4a.AppInitScheduler|Schedule(17831):   Executing 160:FbSharedUIQREnvironment
07-13 10:24:43.839 W/fb4a.AppInitScheduler|Run(17831): Running FbSharedUIQREnvironment, order=79, priorityHint=NORMAL 
07-13 10:24:43.839 W/fb4a.StartupMetricTracker(17831): Begin BACKGROUND UNTRACKED start
07-13 10:24:43.842 D/nativeloader(17830): Load /data/app/~~Z-HmI1stqjfbfkWhJgGGiQ==/com.google.android.googlequicksearchbox-QHCqd3nTI1c_r9Njs0kq1w==/base.apk!/lib/arm64-v8a/libnative_crash_handler_jni.so using class loader ns clns-5 (caller=/data/app/~~Z-HmI1stqjfbfkWhJgGGiQ==/com.google.android.googlequicksearchbox-QHCqd3nTI1c_r9Njs0kq1w==/base.apk!classes2.dex): ok
07-13 10:24:43.842 W/fb4a.BackgroundStartupDetector(17831): bgMode=BACKGROUND
07-13 10:24:43.842 W/fb4a.AppInitScheduler|Run(17831):   Finished FbSharedUIQREnvironment in 3ms
07-13 10:24:43.842 W/fb4a.AppInitScheduler|Schedule(17831):   Executing 234:LanguageSwitcherCommonExInit
07-13 10:24:43.842 W/fb4a.AppInitScheduler|Run(17831): Running FixieNoSync, order=82, priorityHint=NORMAL 
07-13 10:24:43.842 W/fb4a.AppInitScheduler|Run(17831):   Finished FixieNoSync in 0ms
07-13 10:24:43.843 W/fb4a.AppInitScheduler|Run(17831): Running INeedInitForBroadcastReceiverRegister, order=86, priorityHint=NORMAL 
07-13 10:24:43.847 W/fb4a.AppInitScheduler|Run(17831):   Finished EagerInitImagePipeline in 59ms
07-13 10:24:43.847 W/fb4a.AppInitScheduler|Schedule(17831):   Executing 457:WaitForUIDependenciesInitializer
07-13 10:24:43.847 W/fb4a.AppInitScheduler|Schedule(17831):   Executing 366:PreloadInlineComposerProfileImage
07-13 10:24:43.847 W/fb4a.AppInitScheduler|Schedule(17831):   Executing 367:PreloadInlineComposerProfileImageDeferred
07-13 10:24:43.848 W/fb4a.AppInitScheduler|Run(17831): Running WaitForUIDependenciesInitializer [*], order=43, priorityHint=CRITICAL_PATH 
07-13 10:24:43.848 W/fb4a.AppInitScheduler|Run(17831):   Finished WaitForUIDependenciesInitializer in 1ms
07-13 10:24:43.849 W/fb4a.AppInitScheduler|Schedule(17831):   Executing 125:DismissSplashScreens
07-13 10:24:43.849 W/fb4a.AppInitScheduler|Schedule(17831):   Executing 167:FixieScheduleIdleWork
07-13 10:24:43.849 W/fb4a.AppInitScheduler|Schedule(17831):   Executing 401:ReplayBroadcastReceivedDuringAppInit
07-13 10:24:43.849 W/fb4a.AppInitScheduler|Schedule(17831):   Executing 406:ScheduleLowPriWork
07-13 10:24:43.849 W/fb4a.AppInitScheduler|Run(17831): Running DismissSplashScreens [*], order=44, priorityHint=CRITICAL_PATH 
07-13 10:24:43.849 W/fb4a.InitStatus(17831): Providers unblocked (126200781)
07-13 10:24:43.849 W/fb4a.InitStatus(17831): Services unblocked (198233218)
07-13 10:24:43.850 W/fb4a.InitStatus(17831): BroadcastReceivers unblocked (79880083)
07-13 10:24:43.850 W/fb4a.AppInitScheduler|Run(17831):   Finished DismissSplashScreens in 0ms
07-13 10:24:43.850 W/fb4a.AppInitScheduler|Schedule(17831):   Executing 275:MqttEarlySyncInitializerAfterAppCreate
07-13 10:24:43.850 W/fb4a.AppInitScheduler|Schedule(17831):   Executing 190:InitAppComponentFactoryStartupController
07-13 10:24:43.850 W/fb4a.AppInitScheduler|Run(17831): Running FixieScheduleIdleWork, order=84, priorityHint=NORMAL 
07-13 10:24:43.850 W/fb4a.AppInitScheduler|Run(17831):   Finished FixieScheduleIdleWork in 1ms
07-13 10:24:43.850 W/fb4a.AppInitScheduler|Run(17831): Running INeedInitForSharedPrefsListenerRegister, order=88, priorityHint=NORMAL 
07-13 10:24:43.851 E/fb4a.SlowAppComponent(17831): 0ms: FacebookApplication instantiating…
07-13 10:24:43.851 E/fb4a.SlowAppComponent(17831): Main thread was blocked for 625ms in the background starting with FacebookApplication
07-13 10:24:43.853 D/CompatibilityChangeReporter( 1813): Compat change id reported: 161145287; UID 10265; state: ENABLED
07-13 10:24:43.859 D/C2MtkBufferManager( 1041): over 5000ms not request from VCodec but callback hooked, slow BM Cc fetch thread
07-13 10:24:43.862 W/fb4a.AppInitScheduler|Run(17831):   Finished INeedInitForSharedPrefsListenerRegister in 12ms
07-13 10:24:43.862 W/fb4a.AppInitScheduler|Run(17831): RUN AppInit 203:InitFeedVpvSeenStore for start destination 6
07-13 10:24:43.862 W/fb4a.AppInitScheduler|Run(17831): Running InitFeedVpvSeenStore, order=90, priorityHint=NORMAL 
07-13 10:24:43.863 W/fb4a.AppInitScheduler|Run(17831):   Finished InitFeedVpvSeenStore in 0ms
07-13 10:24:43.863 W/fb4a.AppInitScheduler|Run(17831): Running InitFury, order=91, priorityHint=NORMAL 
07-13 10:24:43.867 I/eqpd    (17830): SslGuard completed installation.
07-13 10:24:43.871 D/SoScUtils( 2459): monitorTransitionFinished transition:android.os.BinderProxy@e0a560d transaction: android.view.SurfaceControl$Transaction@2c18117 mRequestCloseTransition:null mRequestOpenTransition:null mStartTransition:null mRequestOpenTriggerTask:-1 mRequestCloseTriggerTask:-1 mOrientationTransition: null mMainStartingTask:-1 mSideStartingTask:-1
07-13 10:24:43.873 W/fb4a.AppInitScheduler|Run(17831):   Finished InitFury in 10ms
07-13 10:24:43.873 W/fb4a.AppInitScheduler|Run(17831): Running InitHelium, order=92, priorityHint=NORMAL 
07-13 10:24:43.874 W/fb4a.AppInitScheduler|Run(17831):   Finished InitHelium in 1ms
07-13 10:24:43.874 W/fb4a.AppInitScheduler|Run(17831): Running InitMallocHooks, order=95, priorityHint=NORMAL 
07-13 10:24:43.874 W/fb4a.1UZ(17831): GWP-ASan gate: noMallocHooks=false, enableGwpAsan=false
07-13 10:24:43.874 W/fb4a.AppInitScheduler|Run(17831):   Finished InitMallocHooks in 1ms
07-13 10:24:43.875 W/fb4a.AppInitScheduler|Run(17831): Running InitMemoryDumpHandler, order=96, priorityHint=NORMAL 
07-13 10:24:43.875 W/fb4a.AppInitScheduler|Run(17831):   Finished InitMemoryDumpHandler in 1ms
07-13 10:24:43.875 W/fb4a.AppInitScheduler|Run(17831): Running InitSurfaces, order=100, priorityHint=NORMAL 
07-13 10:24:43.876 D/MI-SF   ( 1133): updateScene: module = 268 (Unknown), value = 0, pkg = perf_interaction
07-13 10:24:43.876 W/fb4a.AppInitScheduler|Run(17831):   Finished InitSurfaces in 1ms
07-13 10:24:43.876 W/fb4a.AppInitScheduler|Run(17831): Running InitSystrace, order=101, priorityHint=NORMAL 
07-13 10:24:43.877 I/DisplayModeDirectorImpl( 1813): onDesiredDisplayModeSpecsChanged:baseModeId=2 allowGroupSwitching=false primary=physical: (0.0 Infinity) render:  (0.0 60.0) appRequest=physical: (0.0 Infinity) render:  (0.0 60.0) noVotes=false
07-13 10:24:43.879 D/C2MtkBufferManager( 1041): over 5000ms not request from VCodec but callback hooked, slow BM Cc fetch thread
07-13 10:24:43.880 W/WindowManager( 1813): Exception thrown during dispatchAppVisibility Window{a4c20d8 u0 com.skillsroom.mobile/com.skillsroom.mobile.MainActivity EXITING}
07-13 10:24:43.880 W/WindowManager( 1813): android.os.DeadObjectException
07-13 10:24:43.880 W/WindowManager( 1813): 	at android.os.BinderProxy.transactNative(Native Method)
07-13 10:24:43.880 W/WindowManager( 1813): 	at android.os.BinderProxy.transact(BinderProxy.java:639)
07-13 10:24:43.880 W/WindowManager( 1813): 	at android.view.IWindow$Stub$Proxy.dispatchAppVisibility(IWindow.java:675)
07-13 10:24:43.880 W/WindowManager( 1813): 	at com.android.server.wm.WindowState.sendAppVisibilityToClients(WindowState.java:3502)
07-13 10:24:43.880 W/WindowManager( 1813): 	at com.android.server.wm.WindowContainer.sendAppVisibilityToClients(WindowContainer.java:1302)
07-13 10:24:43.880 W/WindowManager( 1813): 	at com.android.server.wm.WindowToken.setClientVisible(WindowToken.java:420)
07-13 10:24:43.880 W/WindowManager( 1813): 	at com.android.server.wm.ActivityRecord.setClientVisible(ActivityRecord.java:7995)
07-13 10:24:43.880 W/WindowManager( 1813): 	at com.android.server.wm.ActivityRecord.postApplyAnimation(ActivityRecord.java:6566)
07-13 10:24:43.880 W/WindowManager( 1813): 	at com.android.server.wm.ActivityRecord.commitVisibility(ActivityRecord.java:6508)
07-13 10:24:43.880 W/WindowManager( 1813): 	at com.android.server.wm.Transition.finishTransition(Transition.java:1340)
07-13 10:24:43.880 W/WindowManager( 1813): 	at com.android.server.wm.TransitionController.finishTransition(TransitionController.java:991)
07-13 10:24:43.880 W/WindowManager( 1813): 	at com.android.server.wm.WindowOrganizerController.finishTransition(WindowOrganizerController.java:442)
07-13 10:24:43.880 W/WindowManager( 1813): 	at android.window.IWindowOrganizerController$Stub.onTransact(IWindowOrganizerController.java:304)
07-13 10:24:43.880 W/WindowManager( 1813): 	at com.android.server.wm.WindowOrganizerController.onTransact(WindowOrganizerController.java:207)
07-13 10:24:43.880 W/WindowManager( 1813): 	at android.os.Binder.execTransactInternal(Binder.java:1351)
07-13 10:24:43.880 W/WindowManager( 1813): 	at android.os.Binder.execTransact(Binder.java:1282)
07-13 10:24:43.881 W/Process ( 1813): Unable to open /proc/15877/status
07-13 10:24:43.881 W/WindowManager( 1813): The process may be dead, tid:15877,tgid:-1
07-13 10:24:43.889 W/fb4a.AppInitScheduler|Run(17831):   Finished InitSystrace in 12ms
07-13 10:24:43.889 W/fb4a.AppInitScheduler|Run(17831): Running LanguageSwitcherCommonExInit, order=103, priorityHint=NORMAL 
07-13 10:24:43.890 I/PowerManagerServiceImpl( 1813): Release wakelock: SCREEN_BRIGHT_WAKE_LOCK        'WindowManager/displayId:0' ON_AFTER_RELEASE DISABLED ACQ=-1m5s117ms (uid=1000 pid=1813 pkg=android ws=WorkSource{10210 com.skillsroom.mobile})
07-13 10:24:43.890 W/fb4a.AppInitScheduler|Run(17831):   Finished INeedInitForBroadcastReceiverRegister in 48ms
07-13 10:24:43.890 W/fb4a.AppInitScheduler|Run(17831): Running LocationRequestDetector, order=104, priorityHint=NORMAL 
07-13 10:24:43.891 W/fb4a.AppInitScheduler|Run(17831):   Finished LocationRequestDetector in 0ms
07-13 10:24:43.891 W/fb4a.AppInitScheduler|Run(17831): Running LogController, order=105, priorityHint=NORMAL 
07-13 10:24:43.891 W/fb4a.AppInitScheduler|Run(17831):   Finished LogController in 1ms
07-13 10:24:43.892 W/fb4a.AppInitScheduler|Run(17831): Running MessageQueueDoctor, order=106, priorityHint=NORMAL 
07-13 10:24:43.893 W/fb4a.AppInitScheduler|Run(17831):   Finished MessageQueueDoctor in 1ms
07-13 10:24:43.895 I/MI-SF   ( 1133): surfaceflinger setAffinity mode=0
07-13 10:24:43.896 W/fb4a.AppInitScheduler|Run(17831): Running MqttEarlySyncInitializerAfterAppCreate, order=107, priorityHint=NORMAL 
07-13 10:24:43.897 W/fb4a.AppInitScheduler|Run(17831):   Finished MqttEarlySyncInitializerAfterAppCreate in 0ms
07-13 10:24:43.897 W/fb4a.AppInitScheduler|Run(17831): Running ObjectCountJestE2EBridge, order=108, priorityHint=NORMAL 
07-13 10:24:43.897 W/fb4a.AppInitScheduler|Run(17831):   Finished ObjectCountJestE2EBridge in 1ms
07-13 10:24:43.897 W/fb4a.AppInitScheduler|Run(17831): Running PendingStoryStoreInitializer, order=109, priorityHint=NORMAL 
07-13 10:24:43.897 W/fb4a.AppInitScheduler|Run(17831):   Finished PendingStoryStoreInitializer in 0ms
07-13 10:24:43.891 W/Lacrima_single_(17831): type=1400 audit(0.0:611163): avc:  denied  { read } for  name="memory.usage_in_bytes" dev="cgroup" ino=8 scontext=u:r:untrusted_app:s0:c9,c257,c512,c768 tcontext=u:object_r:cgroup:s0 tclass=file permissive=0 app=com.facebook.katana
07-13 10:24:43.897 W/fb4a.AppInitScheduler|Run(17831): Running PreloadIconsInit, order=110, priorityHint=NORMAL 
07-13 10:24:43.898 W/facebook.katana(17831): Long monitor contention with owner AppInit4 (17899) at boolean com.facebook.soloader.SoLoader.A0D(android.os.StrictMode$ThreadPolicy, java.lang.String, java.lang.String, java.lang.String, int)(:69814) waiters=0 in boolean com.facebook.soloader.SoLoader.A0D(android.os.StrictMode$ThreadPolicy, java.lang.String, java.lang.String, java.lang.String, int) for 138ms
07-13 10:24:43.899 D/C2MtkBufferManager( 1041): over 5000ms not request from VCodec but callback hooked, slow BM Cc fetch thread
07-13 10:24:43.902 D/WindowManager( 1813): setParent old=ActivityRecord{ee6c3bf u0 com.skillsroom.mobile/.MainActivity t5369 f}},new=null,this window=Window{a4c20d8 u0 com.skillsroom.mobile/com.skillsroom.mobile.MainActivity EXITING},callers=com.android.server.wm.WindowContainer.removeChild:831 com.android.server.wm.ActivityRecord.removeChild:5163 com.android.server.wm.ActivityRecord.removeChild:458 com.android.server.wm.WindowContainer.removeImmediately:889 com.android.server.wm.WindowState.removeImmediately:2490 com.android.server.wm.WindowState.removeIfPossible:2662 
07-13 10:24:43.903 I/BufferQueueDebug( 1133): [Transition Root: Task=5370#78979](this:0xb40000785599fa30,id:-1,api:0,p:-1,c:1133) onDestructor()
07-13 10:24:43.903 I/WindowManager( 1813): cancelAnimation removed leash : Surface(name=Surface(name=143addc InputMethod#139)/@0x3f7a46b - animation-leash of insets_animation#78958)/@0x287776d
07-13 10:24:43.904 E/BufferQueueDebug( 1133): [Surface(name=143addc InputMethod#139)/@0x3f7a46b - animation-leash of insets_animation#78984](this:0xb400007855b38a30,id:-1,api:0,p:-1,c:-1) id info cannot be read from 'Surface(name=143addc InputMethod#139)/@0x3f7a46b - animation-leash of insets_animation#78984'
07-13 10:24:43.904 I/BufferQueueDebug( 1133): [Surface(name=143addc InputMethod#139)/@0x3f7a46b - animation-leash of insets_animation#78984](this:0xb400007855b38a30,id:-1,api:0,p:-1,c:-1) BufferQueue core=(1133:/system/bin/surfaceflinger)
07-13 10:24:43.907 W/fb4a.DefaultNetworkConfig(17831): com.facebook.katana: getShouldCheckCertsInternal: true
07-13 10:24:43.913 I/BufferQueueDebug( 1133): [a8b7860 ActivityRecordInputSink com.skillsroom.mobile/.MainActivity#78956](this:0xb400007855af4a30,id:-1,api:0,p:-1,c:1133) onDestructor()
07-13 10:24:43.915 W/fb4a.AppInitScheduler|Run(17831):   Finished AnalyticsInit in 108ms
07-13 10:24:43.915 W/fb4a.AppInitScheduler|Run(17831): Running PreloadNativeLibrariesVif, order=111, priorityHint=NORMAL 
07-13 10:24:43.915 W/fb4a.AppInitScheduler|Run(17831):   Finished PreloadNativeLibrariesVif in 0ms
07-13 10:24:43.916 W/fb4a.AppInitScheduler|Run(17831): SKIP AppInit 381:PreloadVideoHomeDataController for start destination 6
07-13 10:24:43.916 W/fb4a.AppInitScheduler|Run(17831):   Finished PreloadVideoHomeDataController in 0ms
07-13 10:24:43.916 W/fb4a.AppInitScheduler|Run(17831): Running ProfiloBridgeFactoryImpl, order=114, priorityHint=NORMAL 
07-13 10:24:43.916 D/WindowManager( 1813): setParent old=Task{c9fba8c #5369 type=standard A=10210:com.skillsroom.mobile},new=null,this window=ActivityRecord{ee6c3bf u0 com.skillsroom.mobile/.MainActivity t5369 f}},callers=com.android.server.wm.WindowContainer.removeChild:831 com.android.server.wm.TaskFragment.removeChild:3100 com.android.server.wm.Task.removeChild:1815 com.android.server.wm.Task.removeChild:1795 com.android.server.wm.WindowContainer.removeImmediately:889 com.android.server.wm.WindowToken.removeImmediately:376 
07-13 10:24:43.917 E/BufferQueueDebug( 1133): [Task=5369#78985](this:0xb40000785b4b5a30,id:-1,api:0,p:-1,c:-1) id info cannot be read from 'Task=5369#78985'
07-13 10:24:43.917 I/BufferQueueDebug( 1133): [Task=5369#78985](this:0xb40000785b4b5a30,id:-1,api:0,p:-1,c:-1) BufferQueue core=(1133:/system/bin/surfaceflinger)
07-13 10:24:43.918 W/Profilo/TraceControl(17831): START PROFILO_TRACEID: HG5EEljHtE3 30539777
07-13 10:24:43.919 W/fb4a.AppInitScheduler|Run(17831):   Finished LanguageSwitcherCommonExInit in 31ms
07-13 10:24:43.919 W/fb4a.AppInitScheduler|Run(17831): Running RasFileInitializer, order=115, priorityHint=NORMAL 
07-13 10:24:43.920 W/fb4a.AppInitScheduler|Run(17831): Running RegisterMainLooperTracer, order=116, priorityHint=NORMAL 
07-13 10:24:43.920 W/fb4a.AppInitScheduler|Run(17831):   Finished RasFileInitializer in 0ms
07-13 10:24:43.920 W/fb4a.AppInitScheduler|Run(17831): Running ReleaseDeferredBroadcastReceiver, order=117, priorityHint=NORMAL 
07-13 10:24:43.920 W/fb4a.AppInitScheduler|Run(17831):   Finished RegisterMainLooperTracer in 0ms
07-13 10:24:43.920 W/fb4a.AppInitScheduler|Run(17831): Running ReliabilityExperiments, order=118, priorityHint=NORMAL 
07-13 10:24:43.920 D/C2MtkBufferManager( 1041): over 5000ms not request from VCodec but callback hooked, slow BM Cc fetch thread
07-13 10:24:43.920 W/fb4a.AppInitScheduler|Run(17831):   Finished ReleaseDeferredBroadcastReceiver in 1ms
07-13 10:24:43.920 W/fb4a.AppInitScheduler|Run(17831): Running ReliabilityUserPerceptibleScopeToQPL, order=119, priorityHint=NORMAL 
07-13 10:24:43.920 W/fb4a.AppInitScheduler|Run(17831):   Finished ReliabilityUserPerceptibleScopeToQPL in 0ms
07-13 10:24:43.920 W/fb4a.AppInitScheduler|Run(17831): Running ReplayBroadcastReceivedDuringAppInit, order=120, priorityHint=NORMAL 
07-13 10:24:43.921 W/fb4a.AppInitScheduler|Run(17831):   Finished ReplayBroadcastReceivedDuringAppInit in 0ms
07-13 10:24:43.921 W/fb4a.AppInitScheduler|Run(17831): Running ScheduleLowPriWork, order=121, priorityHint=NORMAL 
07-13 10:24:43.921 W/fb4a.AppInitScheduler|Run(17831):   Finished ScheduleLowPriWork in 0ms
07-13 10:24:43.921 W/fb4a.AppInitScheduler|Run(17831): Running SetupDynaBuilds, order=122, priorityHint=NORMAL 
07-13 10:24:43.921 W/fb4a.AppInitScheduler|Run(17831):   Finished SetupDynaBuilds in 0ms
07-13 10:24:43.921 W/fb4a.AppInitScheduler|Run(17831): Running TabBadgeFetchAppInit, order=123, priorityHint=NORMAL 
07-13 10:24:43.921 W/fb4a.AppInitScheduler|Run(17831):   Finished TabBadgeFetchAppInit in 0ms
07-13 10:24:43.921 W/fb4a.AppInitScheduler|Run(17831): Running WarmFacebookEmojiFont, order=124, priorityHint=NORMAL 
07-13 10:24:43.921 W/fb4a.AppInitScheduler|Run(17831):   Finished WarmFacebookEmojiFont in 0ms
07-13 10:24:43.921 W/fb4a.AppInitScheduler|Run(17831): Running WhitehatOverlayInitializer, order=125, priorityHint=NORMAL 
07-13 10:24:43.922 W/fb4a.AppInitScheduler|Run(17831):   Finished WhitehatOverlayInitializer in 0ms
07-13 10:24:43.922 W/fb4a.AppInitScheduler|Run(17831): RUN AppInit 356:PreloadFeedDataLoader for start destination 6
07-13 10:24:43.922 W/fb4a.AppInitScheduler|Run(17831): Running PreloadFeedDataLoader, order=126, priorityHint=LOW 
07-13 10:24:43.926 D/WindowManager( 1813): setParent old=DefaultTaskDisplayArea@53641789,new=null,this window=Task{c9fba8c #5369 type=standard A=10210:com.skillsroom.mobile},callers=com.android.server.wm.WindowContainer.removeChild:831 com.android.server.wm.TaskDisplayArea.removeChildTask:359 com.android.server.wm.TaskDisplayArea.removeChild:350 com.android.server.wm.WindowContainer.removeImmediately:889 com.android.server.wm.TaskFragment.removeImmediately:3184 com.android.server.wm.Task.removeImmediately:3213 
07-13 10:24:43.926 D/MiuiMultiWindowUtils( 1813): DeviceLevel.IS_MIUI_LITE_VERSION 2.0 not support miui multiWindowgale
07-13 10:24:43.926 D/MiuiMultiWindowUtils( 1813): DeviceLevel.IS_MIUI_LITE_VERSION 2.0 not support miui multiWindowgale
07-13 10:24:43.927 D/MiuiFullScreenTaskRepository( 2459): addOrUpdateFullScreenTaskInfo taskId=5369, topActivity=null
07-13 10:24:43.930 W/fb4a.AppInitScheduler|Run(17831):   Finished ReliabilityExperiments in 10ms
07-13 10:24:43.930 W/fb4a.AppInitScheduler|Run(17831): RUN AppInit 358:PreloadFeedFullCacheLoad for start destination 6
07-13 10:24:43.930 W/fb4a.AppInitScheduler|Run(17831): Running PreloadFeedFullCacheLoad, order=127, priorityHint=LOW 
07-13 10:24:43.930 D/SurfaceFlinger( 1133): setDesiredDisplayModeSpecs: defaultMode：1 primaryRangesMin:0.000000 primaryRangesMax:60.000000appRequestRangesMin:0.000000 appRequestRangesMax:60.000000
07-13 10:24:43.932 I/RefreshRateSelector( 1133): Display 0 policy changed
07-13 10:24:43.932 I/RefreshRateSelector( 1133): Previous: {defaultModeId=1, allowGroupSwitching=false, primaryRanges={physical=[0.00 Hz, inf Hz], render=[0.00 Hz, 90.00 Hz]}, appRequestRanges={physical=[0.00 Hz, inf Hz], render=[0.00 Hz, 90.00 Hz]}}
07-13 10:24:43.932 I/RefreshRateSelector( 1133): Current:  DisplayManagerPolicy{defaultModeId=1, allowGroupSwitching=false, primaryRanges={physical=[0.00 Hz, inf Hz], render=[0.00 Hz, 60.00 Hz]}, appRequestRanges={physical=[0.00 Hz, inf Hz], render=[0.00 Hz, 60.00 Hz]}}
07-13 10:24:43.932 I/RefreshRateSelector( 1133): 0 mode changes were performed under the previous policy
07-13 10:24:43.932 D/SurfaceFlinger( 1133): MtkOverrideDuration: update vsync 60
07-13 10:24:43.932 E/SurfaceFlinger( 1133): MtkDuration override mode is disabled
07-13 10:24:43.932 D/SurfaceFlinger( 1133): MtkOverrideDuration: reset override duration
07-13 10:24:43.933 W/ComponentDiscovery(17831): Class com.google.firebase.dynamicloading.DynamicLoadingRegistrar is not an found.
07-13 10:24:43.934 D/CompatibilityChangeReporter(17831): Compat change id reported: 147600208; UID 10265; state: ENABLED
07-13 10:24:43.934 W/ActivityManager( 1813): setHasOverlayUi called on unknown pid: 15877
07-13 10:24:43.934 E/fb4a.AppState(17831): Returning default for firstRunInfo
07-13 10:24:43.935 W/ActivityTaskManager( 1813): Can't find TaskDisplayArea to determine support for multi window. Task id=5369 attached=false
07-13 10:24:43.936 E/BpTransactionCompletedListener( 1133): Failed to transact (-32)
07-13 10:24:43.936 I/BufferQueueDebug( 1133): [com.skillsroom.mobile/com.skillsroom.mobile.MainActivity#78957](this:0xb4000078559dda30,id:-1,api:0,p:-1,c:1133) onDestructor()
07-13 10:24:43.936 D/MiuiFullScreenTaskRepository( 2459): removeFullScreenTask taskId=5369, topActivity=null
07-13 10:24:43.937 D/RecentsModel( 2470): onTaskStackChangedBackground
07-13 10:24:43.937 D/EventBus( 2470): No subscribers registered for event class com.miui.home.recents.messages.RecentTasksChangedEvent
07-13 10:24:43.937 D/EventBus( 2470): No subscribers registered for event class org.greenrobot.eventbus.NoSubscriberEvent
07-13 10:24:43.937 D/RecentsModel( 2470): onTaskStackChangedBackground    MSG_TASK_STACK_CHANGE
07-13 10:24:43.937 D/RecentsModel( 2470): preloadRecents
07-13 10:24:43.937 W/RecentsModel( 2470): getRunningTask
07-13 10:24:43.937 I/BufferQueueDebug( 1133): [Surface(name=143addc InputMethod#139)/@0x3f7a46b - animation-leash of insets_animation#78958](this:0xb400007855a5fa30,id:-1,api:0,p:-1,c:1133) onDestructor()
07-13 10:24:43.938 D/BoundBrokerSvc( 8414): onBind: Intent { act=com.google.android.mobstore.service.START pkg=com.google.android.gms }
07-13 10:24:43.938 D/BoundBrokerSvc( 8414): Loading bound service for intent: Intent { act=com.google.android.mobstore.service.START pkg=com.google.android.gms }
07-13 10:24:43.938 I/BufferQueueDebug( 1133): [a4c20d8 com.skillsroom.mobile/com.skillsroom.mobile.MainActivity#78926](this:0xb400007855ab6a30,id:-1,api:0,p:-1,c:1133) onDestructor()
07-13 10:24:43.939 I/gralloc4( 1133): @set_metadata: update dataspace from GM (0x00000000 -> 0x08010000)
07-13 10:24:43.940 I/hwcomposer( 1039): [HWC] (0) displaySetActiveConfig config:0  
07-13 10:24:43.940 D/C2MtkBufferManager( 1041): over 5000ms not request from VCodec but callback hooked, slow BM Cc fetch thread
07-13 10:24:43.947 I/BufferQueueDebug( 1133): [Task=5369#78985](this:0xb40000785b4b5a30,id:-1,api:0,p:-1,c:1133) onDestructor()
07-13 10:24:43.947 I/BufferQueueDebug( 1133): [ActivityRecord{ee6c3bf u0 com.skillsroom.mobile/.MainActivity t5369}#78913](this:0xb40000785b4f5a30,id:-1,api:0,p:-1,c:1133) onDestructor()
07-13 10:24:43.947 I/DisplayDeviceRepository( 1813): Display device changed: DisplayDeviceInfo{"Built-in Screen": uniqueId="local:0", 720 x 1600, modeId 1, renderFrameRate 60.0, defaultModeId 2, supportedModes [{id=1, width=720, height=1600, fps=60.0, alternativeRefreshRates=[90.0], supportedHdrTypes=[]}, {id=2, width=720, height=1600, fps=90.0, alternativeRefreshRates=[60.0], supportedHdrTypes=[]}], colorMode 0, supportedColorModes [0], hdrCapabilities HdrCapabilities{mSupportedHdrTypes=[], mMaxLuminance=500.0, mMaxAverageLuminance=500.0, mMinLuminance=0.0}, allmSupported false, gameContentTypeSupported false, density 320, 260.105 x 260.112 dpi, appVsyncOff 5400001, presDeadline 28600000, cutout DisplayCutout{insets=Rect(0, 68 - 0, 0) waterfall=Insets{left=0, top=0, right=0, bottom=0} boundingRect={Bounds=[Rect(0, 0 - 0, 0), Rect(320, 0 - 400, 68), Rect(0, 0 - 0, 0), Rect(0, 0 - 0, 0)]} cutoutPathParserInfo={CutoutPathParserInfo{displayWidth=720 displayHeight=1600 physicalDisplayWidth=720 physicalDisplayHeight=1600 density={2.0} cutoutSpec={M 0,0 H -40 V 68 H 40 V 0 H 0 Z} rotation={0} scale={1.0} physicalPixelDisplaySizeRatio={1.0}}}}, touch INTERNAL, rotation 0, type INTERNAL, address {port=0}, deviceProductInfo null, state ON, committedState ON, frameRateOverride , brightnessMinimum 0.0, brightnessMaximum 1.0, brightnessDefault 0.14956012, hdrSdrRatio NaN, roundedCorners RoundedCorners{[RoundedCorner{position=TopLeft, radius=66, center=Point(66, 66)}, RoundedCorner{position=TopRight, radius=66, center=Point(654, 66)}, RoundedCorner{position=BottomRight, radius=66, center=Point(654, 1534)}, RoundedCorner{position=BottomLeft, radius=66, center=Point(66, 1534)}]}, FLAG_ALLOWED_TO_BE_DEFAULT_DISPLAY, FLAG_ROTATES_WITH_CONTENT, FLAG_SECURE, FLAG_SUPPORTS_PROTECTED_BUFFERS, FLAG_TRUSTED, installOrientation 0, displayShape DisplayShape{ spec=2134893525 displayWidth=720 displayHeight=1600 physicalPixelDisplaySizeRatio=1.0 rotation=0 offsetX=0 offsetY=0 scale=1.0}}
07-13 10:24:43.948 W/RecentsModel( 2470): getRunningTask   taskInfo=TaskInfo{userId=0 taskId=5370 displayId=0 isRunning=true baseIntent=Intent { flg=0x10000000 cmp=com.skillsroom.mobile/.MainActivity } baseActivity=ComponentInfo{com.skillsroom.mobile/com.skillsroom.mobile.MainActivity} topActivity=ComponentInfo{com.skillsroom.mobile/com.skillsroom.mobile.MainActivity} origActivity=null realActivity=ComponentInfo{com.skillsroom.mobile/com.skillsroom.mobile.MainActivity} numActivities=1 lastActiveTime=696283596 supportsSplitScreenMultiWindow=true supportsMultiWindow=true resizeMode=1 isResizeable=true minWidth=-1 minHeight=-1 defaultMinSize=200 token=WCT{android.window.IWindowContainerToken$Stub$Proxy@aaab6a7} topActivityType=1 pictureInPictureParams=null shouldDockBigOverlays=false launchIntoPipHostTaskId=-1 lastParentTaskIdBeforePip=-1 displayCutoutSafeInsets=Rect(0, 68 - 0, 0) topActivityInfo=ActivityInfo{a80d754 com.skillsroom.mobile.MainActivity} launchCookies=[] positionInParent=Point(0, 0) parentTaskId=-1 isFocused=true isVisible=true isVisibleRequested=true isSleeping=false topActivityInSizeCompat=false topActivityEligibleForLetterboxEducation= false topActivityLetterboxed= false isFromDoubleTap= false topActivityLetterboxVerticalPosition= -1 topActivityLetterboxHorizontalPosition= -1 topActivityLetterboxWidth=-1 topActivityLetterboxHeight=-1 locusId=null displayAreaFeatureId=1 cameraCompatControlState=hidden mIsCastMode=false mTopActivityMediaSize=null mTopActivityRecordName=ActivityRecord{bcd63e6 u0 com.skillsroom.mobile/.MainActivity t5370} mTopActivityOrientation=1 mTopActivityWindowIsNowVisible=false isTranslucent=false isEmbedded=false shouldBeVisible=true mBehindAppLockPkg=null mOriginatingUid=0}
07-13 10:24:43.948 W/RecentsModel( 2470): getTaskInfoIgnoreHomeAndFreeform   taskInfo=ComponentInfo{com.skillsroom.mobile/com.skillsroom.mobile.MainActivity}
07-13 10:24:43.952 W/Launcher( 2470): onDisplayChanged: newRotation=0, mCurrentRotation=0
07-13 10:24:43.954 I/BtGatt.ScanManager(29492): msg.what = MSG_SCREEN_ON, msg.arg1 = None
07-13 10:24:43.958 E/ActivityManagerWrapper( 2470): get all recent tasks force including 5370
07-13 10:24:43.961 D/C2MtkBufferManager( 1041): over 5000ms not request from VCodec but callback hooked, slow BM Cc fetch thread
07-13 10:24:43.963 V/AutoDensityController( 2459): on display changed 0 context dpi:296 origin dpi:320 target dpi:296
07-13 10:24:43.978 W/fb4a.AppInitScheduler|Run(17831): RUN AppInit 141:EarlyInitStoriesTrayForActivity for start destination 6
07-13 10:24:43.978 W/fb4a.AppInitScheduler|Run(17831): Running EarlyInitStoriesTrayForActivity, order=129, priorityHint=LOW 
07-13 10:24:43.978 E/ActivityManagerWrapper( 2470): getRecentTasks: size=9
07-13 10:24:43.978 E/ActivityManagerWrapper( 2470): getRecentTasks: mainTaskId=5370   userId=0   windowMode=1   baseIntent=Intent { act=null flag=268435456 cmp=ComponentInfo{com.skillsroom.mobile/com.skillsroom.mobile.MainActivity} }
07-13 10:24:43.978 W/fb4a.AppInitScheduler|Run(17831):   Finished EarlyInitStoriesTrayForActivity in 0ms
07-13 10:24:43.978 E/ActivityManagerWrapper( 2470): getRecentTasks: mainTaskId=5341   userId=0   windowMode=1   baseIntent=Intent { act=android.intent.action.MAIN flag=270532608 cmp=ComponentInfo{com.whatsapp.w4b/com.whatsapp.Main} }
07-13 10:24:43.978 W/fb4a.AppInitScheduler|Run(17831): Running FriendlyFeedPrefetch, order=130, priorityHint=LOW 
07-13 10:24:43.978 E/ActivityManagerWrapper( 2470): getRecentTasks: mainTaskId=5344   userId=0   windowMode=1   baseIntent=Intent { act=android.intent.action.MAIN flag=270532608 cmp=ComponentInfo{com.facebook.lite/com.facebook.lite.MainActivity} }
07-13 10:24:43.978 E/ActivityManagerWrapper( 2470): getRecentTasks: mainTaskId=5336   userId=0   windowMode=1   baseIntent=Intent { act=android.intent.action.MAIN flag=270532608 cmp=ComponentInfo{com.google.android.dialer/com.google.android.dialer.extensions.GoogleDialtactsActivity} }
07-13 10:24:43.978 W/fb4a.AppInitScheduler|Run(17831):   Finished FriendlyFeedPrefetch in 0ms
07-13 10:24:43.978 E/ActivityManagerWrapper( 2470): getRecentTasks: mainTaskId=5335   userId=0   windowMode=1   baseIntent=Intent { act=android.intent.action.MAIN flag=270532608 cmp=ComponentInfo{com.shaiban.audioplayer.mplayer/com.shaiban.audioplayer.mplayer.app.navigation.NavigatingActivity} }
07-13 10:24:43.978 E/ActivityManagerWrapper( 2470): getRecentTasks: mainTaskId=5287   userId=0   windowMode=1   baseIntent=Intent { act=android.intent.action.MAIN flag=270532608 cmp=ComponentInfo{ng.mtn.nextgen/ng.mtn.nextgen.MainActivity} }
07-13 10:24:43.978 E/ActivityManagerWrapper( 2470): getRecentTasks: mainTaskId=5273   userId=0   windowMode=1   baseIntent=Intent { act=android.settings.APPLICATION_DEVELOPMENT_SETTINGS flag=268468224 cmp=ComponentInfo{com.android.settings/com.android.settings.Settings$DevelopmentSettingsDashboardActivity} }
07-13 10:24:43.978 E/ActivityManagerWrapper( 2470): getRecentTasks: mainTaskId=5246   userId=0   windowMode=1   baseIntent=Intent { act=android.intent.action.MAIN flag=270532608 cmp=ComponentInfo{cn.xender/cn.xender.ui.activity.SplashActivity} }
07-13 10:24:43.978 E/ActivityManagerWrapper( 2470): getRecentTasks: mainTaskId=5239   userId=0   windowMode=1   baseIntent=Intent { act=android.intent.action.MAIN flag=270532608 cmp=ComponentInfo{com.android.camera/com.android.camera.Camera} }
07-13 10:24:43.978 W/fb4a.AppInitScheduler|Run(17831): Running FriendlyFeedPrefetchOnFirstForegroundWarmStart, order=131, priorityHint=LOW 
07-13 10:24:43.978 W/fb4a.AppInitScheduler|Run(17831):   Finished FriendlyFeedPrefetchOnFirstForegroundWarmStart in 0ms
07-13 10:24:43.978 W/fb4a.AppInitScheduler|Run(17831): Running InitAppComponentFactoryStartupController, order=132, priorityHint=LOW 
07-13 10:24:43.979 W/fb4a.AppInitScheduler|Run(17831):   Finished InitAppComponentFactoryStartupController in 0ms
07-13 10:24:43.979 W/fb4a.AppInitScheduler|Run(17831): Running InitPeriodicThreadBooster, order=133, priorityHint=LOW 
07-13 10:24:43.979 W/fb4a.AppInitScheduler|Run(17831):   Finished InitPeriodicThreadBooster in 1ms
07-13 10:24:43.981 W/fb4a.AppInitScheduler|Run(17831): RUN AppInit 233:KeepWarm for start destination 6
07-13 10:24:43.981 W/fb4a.AppInitScheduler|Run(17831): Running KeepWarm, order=134, priorityHint=LOW 
07-13 10:24:43.982 D/C2MtkBufferManager( 1041): over 5000ms not request from VCodec but callback hooked, slow BM Cc fetch thread
07-13 10:24:43.986 D/ActivityManager( 1813): getProcessesInErrorState callingUid=10279, CallingPid=443
07-13 10:24:43.994 W/fb4a.AppInitScheduler|Run(17831):   Finished KeepWarm in 13ms
07-13 10:24:43.994 W/fb4a.AppInitScheduler|Run(17831): Running LongtailVoltronAppInit, order=135, priorityHint=LOW 
07-13 10:24:43.994 E/fb4a.AppState(17831): Returning default for firstRunInfo
07-13 10:24:43.994 E/fb4a.AppState(17831): Returning default for firstRunInfo
07-13 10:24:43.994 W/fb4a.HalfnosisInitializer(17831): Not first run! Skip eager unpacking of longtail.
07-13 10:24:43.995 W/fb4a.LongtailVoltronAppInit(17831): HalfnosisInitializer: fail
07-13 10:24:43.995 W/fb4a.AppInitScheduler|Run(17831):   Finished LongtailVoltronAppInit in 0ms
07-13 10:24:43.995 W/fb4a.AppInitScheduler|Run(17831): RUN AppInit 265:MetaCasper for start destination 6
07-13 10:24:43.995 W/fb4a.AppInitScheduler|Run(17831): Running MetaCasper, order=136, priorityHint=LOW 
07-13 10:24:43.995 W/fb4a.AppInitScheduler|Schedule(17831):   Executing async work for MetaCasper: MetaCasperInit
07-13 10:24:43.995 W/fb4a.AppInitScheduler|Run(17831):   Finished MetaCasper in 1ms
07-13 10:24:43.998 W/fb4a.AppInitScheduler|Run(17831): Running MobileConfigAdminIdLaterInit, order=137, priorityHint=LOW 
07-13 10:24:43.999 W/fb4a.AppInitScheduler|Run(17831):   Finished MobileConfigAdminIdLaterInit in 2ms
07-13 10:24:43.999 W/fb4a.AppInitScheduler|Run(17831): Running MobileConfigLaterInit, order=138, priorityHint=LOW 
07-13 10:24:44.000 W/fb4a.AppInitScheduler|Run(17831):   Finished MobileConfigLaterInit in 0ms
07-13 10:24:44.000 W/fb4a.AppInitScheduler|Run(17831): Running MobileConfigSessionlessLaterInit, order=139, priorityHint=LOW 
07-13 10:24:44.000 W/fb4a.AppInitScheduler|Run(17831):   Finished MobileConfigSessionlessLaterInit in 1ms
07-13 10:24:44.000 D/ActivityManager( 1813): getProcessesInErrorState callingUid=10288, CallingPid=19459
07-13 10:24:44.000 W/fb4a.AppInitScheduler|Run(17831): RUN AppInit 347:PartialScrollOnFirstForegroundWarmStart for start destination 6
07-13 10:24:44.000 W/fb4a.AppInitScheduler|Run(17831): Running PartialScrollOnFirstForegroundWarmStart, order=140, priorityHint=LOW 
07-13 10:24:44.000 W/fb4a.AppInitScheduler|Run(17831):   Finished PartialScrollOnFirstForegroundWarmStart in 0ms
07-13 10:24:44.001 W/fb4a.AppInitScheduler|Run(17831): RUN AppInit 359:PreloadFeedRequest for start destination 6
07-13 10:24:44.001 W/fb4a.AppInitScheduler|Run(17831): Running PreloadFeedRequest, order=141, priorityHint=LOW 
07-13 10:24:44.001 W/fb4a.AppInitScheduler|Run(17831):   Finished PreloadFeedRequest in 1ms
07-13 10:24:44.002 W/fb4a.AppInitScheduler|Schedule(17831):   Executing 350:PrefetchFeedNetwork
07-13 10:24:44.002 W/fb4a.AppInitScheduler|Run(17831): RUN AppInit 350:PrefetchFeedNetwork for start destination 6
07-13 10:24:44.002 W/fb4a.AppInitScheduler|Run(17831): Running PrefetchFeedNetwork, order=142, priorityHint=LOW 
07-13 10:24:44.002 W/fb4a.AppInitScheduler|Run(17831):   Finished PrefetchFeedNetwork in 1ms
07-13 10:24:44.002 D/C2MtkBufferManager( 1041): over 5000ms not request from VCodec but callback hooked, slow BM Cc fetch thread
07-13 10:24:44.002 W/fb4a.AppInitScheduler|Run(17831): RUN AppInit 351:PreloadClashManager for start destination 6
07-13 10:24:44.002 W/fb4a.AppInitScheduler|Run(17831): Running PreloadClashManager, order=143, priorityHint=LOW 
07-13 10:24:44.004 W/fb4a.AppInitScheduler|Run(17831):   Finished PreloadClashManager in 2ms
07-13 10:24:44.004 W/fb4a.AppInitScheduler|Run(17831): RUN AppInit 354:PreloadCreatorsHomeToHUnit for start destination 6
07-13 10:24:44.004 W/fb4a.AppInitScheduler|Run(17831): Running PreloadCreatorsHomeToHUnit, order=144, priorityHint=LOW 
07-13 10:24:44.004 W/fb4a.AppInitScheduler|Run(17831):   Finished PreloadCreatorsHomeToHUnit in 0ms
07-13 10:24:44.005 W/fb4a.AppInitScheduler|Run(17831): RUN AppInit 355:PreloadFeedConfig for start destination 6
07-13 10:24:44.005 W/fb4a.AppInitScheduler|Run(17831): Running PreloadFeedConfig, order=145, priorityHint=LOW 
07-13 10:24:44.005 W/fb4a.AppInitScheduler|Run(17831):   Finished PreloadFeedConfig in 0ms
07-13 10:24:44.005 W/fb4a.AppInitScheduler|Run(17831): RUN AppInit 357:PreloadFeedFetchMetadata for start destination 6
07-13 10:24:44.005 W/fb4a.AppInitScheduler|Run(17831): Running PreloadFeedFetchMetadata, order=146, priorityHint=LOW 
07-13 10:24:44.005 W/fb4a.AppInitScheduler|Run(17831):   Finished PreloadFeedFetchMetadata in 0ms
07-13 10:24:44.005 W/fb4a.AppInitScheduler|Run(17831): Running PreloadFeedRequestForAllStarts, order=147, priorityHint=LOW 
07-13 10:24:44.005 W/fb4a.AppInitScheduler|Run(17831):   Finished PreloadFeedRequestForAllStarts in 0ms
07-13 10:24:44.005 W/fb4a.AppInitScheduler|Run(17831): RUN AppInit 362:PreloadFreshFeedRanker for start destination 6
07-13 10:24:44.005 W/fb4a.AppInitScheduler|Run(17831): Running PreloadFreshFeedRanker, order=148, priorityHint=LOW 
07-13 10:24:44.011 D/nativeloader(17864): Configuring clns-4 for other apk /data/app/~~Qyju_0-PA18nVLxjupslVA==/com.skillsroom.mobile-WpgcrRSYcBTi6eVic6V-QQ==/base.apk. target_sdk_version=36, uses_libraries=, library_path=/data/app/~~Qyju_0-PA18nVLxjupslVA==/com.skillsroom.mobile-WpgcrRSYcBTi6eVic6V-QQ==/lib/arm64:/data/app/~~Qyju_0-PA18nVLxjupslVA==/com.skillsroom.mobile-WpgcrRSYcBTi6eVic6V-QQ==/base.apk!/lib/arm64-v8a, permitted_path=/data:/mnt/expand:/data/user/0/com.skillsroom.mobile
07-13 10:24:44.021 D/CompatibilityChangeReporter(17830): Compat change id reported: 247079863; UID 10174; state: ENABLED
07-13 10:24:44.022 D/C2MtkBufferManager( 1041): over 5000ms not request from VCodec but callback hooked, slow BM Cc fetch thread
07-13 10:24:44.027 W/fb4a.AppInitScheduler|Run(17831):   Finished ProfiloBridgeFactoryImpl in 112ms
07-13 10:24:44.027 W/fb4a.AppInitScheduler|Run(17831): Running PreloadFriendlyFeedFullCacheLoad, order=149, priorityHint=LOW 
07-13 10:24:44.027 W/fb4a.AppInitScheduler|Run(17831):   Finished PreloadFriendlyFeedFullCacheLoad in 0ms
07-13 10:24:44.028 W/fb4a.AppInitScheduler|Run(17831): SKIP AppInit 364:PreloadHeroManager for start destination 6
07-13 10:24:44.028 W/fb4a.AppInitScheduler|Run(17831):   Finished PreloadHeroManager in 0ms
07-13 10:24:44.028 W/fb4a.AppInitScheduler|Run(17831): RUN AppInit 366:PreloadInlineComposerProfileImage for start destination 6
07-13 10:24:44.028 W/fb4a.AppInitScheduler|Run(17831): Running PreloadInlineComposerProfileImage, order=151, priorityHint=LOW 
07-13 10:24:44.032 W/fb4a.AppInitScheduler|Run(17831):   Finished PreloadFreshFeedRanker in 27ms
07-13 10:24:44.032 W/fb4a.AppInitScheduler|Run(17831): Running PreloadInlineComposerProfileImageDeferred, order=152, priorityHint=LOW 
07-13 10:24:44.032 W/fb4a.AppInitScheduler|Run(17831):   Finished PreloadInlineComposerProfileImageDeferred in 0ms
07-13 10:24:44.032 W/fb4a.AppInitScheduler|Run(17831): RUN AppInit 368:PreloadLogDb for start destination 6
07-13 10:24:44.032 W/fb4a.AppInitScheduler|Run(17831): Running PreloadLogDb, order=153, priorityHint=LOW 
07-13 10:24:44.033 W/fb4a.AppInitScheduler|Run(17831):   Finished PreloadLogDb in 0ms
07-13 10:24:44.033 W/fb4a.AppInitScheduler|Run(17831): RUN AppInit 372:PreloadReactions for start destination 6
07-13 10:24:44.033 W/fb4a.AppInitScheduler|Run(17831): Running PreloadReactions, order=154, priorityHint=LOW 
