07-13 10:24:42.694 D/WindowManager( 1813): Collecting in transition 6458: ActivityRecord{8061640 u0 com.miui.home/.launcher.Launcher t2} init visibleRequested:true
07-13 10:24:42.695 D/Layer   ( 1133): Focus: Task=1#46 isHiddenByPolicy s.flags&layer_state_t::eLayerHidden=1
07-13 10:24:42.695 D/Layer   ( 1133): Focus: isHiddenByPolicy parent Task=1#46 is hidden cause not visible
07-13 10:24:42.695 D/SurfaceFlinger( 1133): Focus inVisible Reason:isVisibleForInput(){hasInputInfo()?canReceiveInput():isVisible()}=0 has=1 can{!isHiddenByPolicy()&&(mBuffer==nullptr||getAlpha()>0.0f)}=0 Hidden=1 Buf=1 getA=1
07-13 10:24:42.695 D/SurfaceFlinger( 1133): updateWinowInfo=1, setFocusedWindow timestamp=627186058125766, windowName=52dece7 com.miui.home/com.miui.home.launcher.Launcher
07-13 10:24:42.699 E/BufferQueueDebug( 1133): [Splash Screen com.skillsroom.mobile#78976](this:0xb40000785b41da30,id:-1,api:0,p:-1,c:-1) id info cannot be read from 'Splash Screen com.skillsroom.mobile#78976'
07-13 10:24:42.699 I/MiuiNetworkPolicy( 1813): updateUidState uid = 10265, uidState = 8
07-13 10:24:42.700 I/BufferQueueDebug( 1133): [Splash Screen com.skillsroom.mobile#78976](this:0xb40000785b41da30,id:-1,api:0,p:-1,c:-1) BufferQueue core=(1133:/system/bin/surfaceflinger)
07-13 10:24:42.709 D/CompatibilityChangeReporter(17831): Compat change id reported: 171979766; UID 10265; state: ENABLED
07-13 10:24:42.709 D/CompatibilityChangeReporter(17831): Compat change id reported: 242716250; UID 10265; state: ENABLED
07-13 10:24:42.710 I/system_server( 1813): Background young concurrent copying GC freed 10075KB AllocSpace bytes, 67(1272KB) LOS objects, 8% free, 141MB/153MB, paused 1.942ms,206us total 138.127ms
07-13 10:24:42.712 D/C2MtkBufferManager( 1041): over 5000ms not request from VCodec but callback hooked, slow BM Cc fetch thread
07-13 10:24:42.716 W/WindowManager( 1813): Changing focus from Window{52dece7 u0 com.miui.home/com.miui.home.launcher.Launcher} to null displayId=0 Callers=com.android.server.wm.RootWindowContainer.updateFocusedWindowLocked:541 com.android.server.wm.WindowManagerService.updateFocusedWindowLocked:6840 com.android.server.wm.WindowManagerService.relayoutWindow:2940 com.android.server.wm.Session.relayout:263 
07-13 10:24:42.717 I/WindowManager( 1813): cancelAnimation removed leash : Surface(name=Surface(name=d59f9dd NavigationBar0#77073)/@0xd8156d9 - animation-leash of insets_animation#78973)/@0xa84e17
07-13 10:24:42.718 E/BufferQueueDebug( 1133): [Surface(name=d59f9dd NavigationBar0#77073)/@0xd8156d9 - animation-leash of insets_animation#78977](this:0xb400007855afea30,id:-1,api:0,p:-1,c:-1) id info cannot be read from 'Surface(name=d59f9dd NavigationBar0#77073)/@0xd8156d9 - animation-leash of insets_animation#78977'
07-13 10:24:42.718 I/BufferQueueDebug( 1133): [Surface(name=d59f9dd NavigationBar0#77073)/@0xd8156d9 - animation-leash of insets_animation#78977](this:0xb400007855afea30,id:-1,api:0,p:-1,c:-1) BufferQueue core=(1133:/system/bin/surfaceflinger)
07-13 10:24:42.720 D/CompatibilityChangeReporter( 1813): Compat change id reported: 170503758; UID 10265; state: ENABLED
07-13 10:24:42.720 I/WindowManager( 1813): cancelAnimation removed leash : Surface(name=Surface(name=5a869db StatusBar#93)/@0xba1daa7 - animation-leash of insets_animation#78974)/@0x6bf3ed
07-13 10:24:42.721 E/BufferQueueDebug( 1133): [Surface(name=5a869db StatusBar#93)/@0xba1daa7 - animation-leash of insets_animation#78978](this:0xb400007855b0ca30,id:-1,api:0,p:-1,c:-1) id info cannot be read from 'Surface(name=5a869db StatusBar#93)/@0xba1daa7 - animation-leash of insets_animation#78978'
07-13 10:24:42.721 I/BufferQueueDebug( 1133): [Surface(name=5a869db StatusBar#93)/@0xba1daa7 - animation-leash of insets_animation#78978](this:0xb400007855b0ca30,id:-1,api:0,p:-1,c:-1) BufferQueue core=(1133:/system/bin/surfaceflinger)
07-13 10:24:42.724 D/WindowManager( 1813): wms.Input focus has changed to null display=0 updateInputWindows = true
07-13 10:24:42.725 I/MultiSenceManagerInternalStub( 1813): getInstance
07-13 10:24:42.728 D/CoreBackPreview( 1813): Window{58a03ca u0 Splash Screen com.skillsroom.mobile}: Setting back callback OnBackInvokedCallbackInfo{mCallback=android.window.IOnBackInvokedCallback$Stub$Proxy@8974222, mPriority=0, mIsAnimationCallback=false}
07-13 10:24:42.729 D/VRI[Launcher]( 2470): vri.reportNextDraw android.view.ViewRootImpl.performTraversals:4402 android.view.ViewRootImpl.doTraversal:3018 android.view.ViewRootImpl$TraversalRunnable.run:10526 android.view.Choreographer$CallbackRecord.run:1682 android.view.Choreographer$CallbackRecord.run:1691 
07-13 10:24:42.730 I/PowerHalWrapper( 1813): amsBoostProcessCreate package:com.skillsroom.mobile 
07-13 10:24:42.730 D/VRI[Launcher]( 2470): vri.Setup new sync=wmsSync-VRI[Launcher]#62
07-13 10:24:42.731 D/BufferQueueConsumer( 2459): [](id:99b00000b3b,api:0,p:-1,c:2459) connect: controlledByApp=false
07-13 10:24:42.731 W/ServiceManagerCppClient( 1813): Failed to get isDeclared for vendor.mediatek.hardware.mtkpower.IMtkPowerService/default: Status(-1, EX_SECURITY): 'SELinux denied.'
07-13 10:24:42.731 I/mtkpower_client( 1813): IMtkPowerService_isDeclared 0
07-13 10:24:42.732 D/C2MtkBufferManager( 1041): over 5000ms not request from VCodec but callback hooked, slow BM Cc fetch thread
07-13 10:24:42.732 W/ServiceManagerCppClient( 1813): Failed to get isDeclared for vendor.mediatek.hardware.mtkpower.IMtkPowerService/default: Status(-1, EX_SECURITY): 'SELinux denied.'
07-13 10:24:42.732 I/mtkpower_client( 1813): IMtkPowerService_isDeclared 0
07-13 10:24:42.733 I/libPowerHal( 1059): [perfLockAcq] idx:5 hdl:247319 hint:21 pid:1059 duration:10000 lock_user:mtkpower@1.0-se => ret_hdl:247319
07-13 10:24:42.734 W/libprocessgroup( 1813): SetCgroup::ExecuteForProcess: failed to open /dev/blkio//cgroup.procs: No such file or directory
07-13 10:24:42.734 D/CompatibilityChangeReporter( 1813): Compat change id reported: 135634846; UID 10210; state: DISABLED
07-13 10:24:42.734 D/CompatibilityChangeReporter( 1813): Compat change id reported: 177438394; UID 10210; state: DISABLED
07-13 10:24:42.734 D/CompatibilityChangeReporter( 1813): Compat change id reported: 135772972; UID 10210; state: DISABLED
07-13 10:24:42.734 D/CompatibilityChangeReporter( 1813): Compat change id reported: 135754954; UID 10210; state: ENABLED
07-13 10:24:42.735 I/libPowerHal( 1059): [PE] MTKPOWER_HINT_PROCESS_CREATE update cmd:2020000, param:15
07-13 10:24:42.736 I/libPowerHal( 1059): [PE] MTKPOWER_HINT_PROCESS_CREATE update cmd:1410000, param:1
07-13 10:24:42.736 E/OpenGLRenderer( 2459): Unable to match the desired swap behavior.
07-13 10:24:42.737 I/libPowerHal( 1059): [perfLockRel] hdl:247301, idx:-1
07-13 10:24:42.737 D/RecentsModel( 2470): onTaskStackChangedBackground
07-13 10:24:42.737 D/SurfaceComposerClient( 1813): Transaction::apply InputWindowCommands.focusRequests timestamp=627186111529689, windowName=<null>
07-13 10:24:42.738 D/CompatibilityChangeReporter( 1813): Compat change id reported: 143937733; UID 10210; state: ENABLED
07-13 10:24:42.738 D/EventBus( 2470): No subscribers registered for event class com.miui.home.recents.messages.RecentTasksChangedEvent
07-13 10:24:42.738 D/EventBus( 2470): No subscribers registered for event class org.greenrobot.eventbus.NoSubscriberEvent
07-13 10:24:42.738 I/SurfaceFlinger( 1133): sf.setTransactionState focusRequest transactionId:7786776407949 frontWin:<null>
07-13 10:24:42.738 D/RecentsModel( 2470): onTaskStackChangedBackground
07-13 10:24:42.738 D/EventBus( 2470): No subscribers registered for event class com.miui.home.recents.messages.RecentTasksChangedEvent
07-13 10:24:42.738 D/EventBus( 2470): No subscribers registered for event class org.greenrobot.eventbus.NoSubscriberEvent
07-13 10:24:42.738 D/RecentsModel( 2470): onTaskStackChangedBackground    MSG_TASK_STACK_CHANGE
07-13 10:24:42.738 D/RecentsModel( 2470): preloadRecents
07-13 10:24:42.738 W/RecentsModel( 2470): getRunningTask
07-13 10:24:42.740 W/WindowManager( 1813): Failed to deliver inset control state change to w=Window{a4c20d8 u0 com.skillsroom.mobile/com.skillsroom.mobile.MainActivity EXITING}
07-13 10:24:42.740 W/WindowManager( 1813): android.os.DeadObjectException
07-13 10:24:42.740 W/WindowManager( 1813): 	at android.os.BinderProxy.transactNative(Native Method)
07-13 10:24:42.740 W/WindowManager( 1813): 	at android.os.BinderProxy.transact(BinderProxy.java:639)
07-13 10:24:42.740 W/WindowManager( 1813): 	at android.view.IWindow$Stub$Proxy.insetsControlChanged(IWindow.java:608)
07-13 10:24:42.740 W/WindowManager( 1813): 	at com.android.server.wm.WindowState.notifyInsetsControlChanged(WindowState.java:4153)
07-13 10:24:42.740 W/WindowManager( 1813): 	at com.android.server.wm.InsetsStateController.lambda$notifyPendingInsetsControlChanged$3(InsetsStateController.java:343)
07-13 10:24:42.740 W/WindowManager( 1813): 	at com.android.server.wm.InsetsStateController.$r8$lambda$8yykPRG1GyNq_J17QvL9d5xANMc(InsetsStateController.java:0)
07-13 10:24:42.740 W/WindowManager( 1813): 	at com.android.server.wm.InsetsStateController$$ExternalSyntheticLambda2.run(D8$$SyntheticClass:2)
07-13 10:24:42.740 W/WindowManager( 1813): 	at com.android.server.wm.WindowAnimator.executeAfterPrepareSurfacesRunnables(WindowAnimator.java:309)
07-13 10:24:42.740 W/WindowManager( 1813): 	at com.android.server.wm.WindowAnimator.animate(WindowAnimator.java:217)
07-13 10:24:42.740 W/WindowManager( 1813): 	at com.android.server.wm.WindowAnimator.lambda$new$1(WindowAnimator.java:102)
07-13 10:24:42.740 W/WindowManager( 1813): 	at com.android.server.wm.WindowAnimator.$r8$lambda$aHNu1uhcqxihX5NZc4McDDQPAyw(WindowAnimator.java:0)
07-13 10:24:42.740 W/WindowManager( 1813): 	at com.android.server.wm.WindowAnimator$$ExternalSyntheticLambda1.doFrame(D8$$SyntheticClass:2)
07-13 10:24:42.740 W/WindowManager( 1813): 	at android.view.Choreographer$CallbackRecord.run(Choreographer.java:1680)
07-13 10:24:42.740 W/WindowManager( 1813): 	at android.view.Choreographer$CallbackRecord.run(Choreographer.java:1691)
07-13 10:24:42.740 W/WindowManager( 1813): 	at android.view.Choreographer.doCallbacks(Choreographer.java:1191)
07-13 10:24:42.740 W/WindowManager( 1813): 	at android.view.Choreographer.doFrame(Choreographer.java:1057)
07-13 10:24:42.740 W/WindowManager( 1813): 	at android.view.Choreographer$FrameDisplayEventReceiver.run(Choreographer.java:1655)
07-13 10:24:42.740 W/WindowManager( 1813): 	at android.os.Handler.handleCallback(Handler.java:958)
07-13 10:24:42.740 W/WindowManager( 1813): 	at android.os.Handler.dispatchMessage(Handler.java:99)
07-13 10:24:42.740 W/WindowManager( 1813): 	at android.os.Looper.loopOnce(Looper.java:222)
07-13 10:24:42.740 W/WindowManager( 1813): 	at android.os.Looper.loop(Looper.java:314)
07-13 10:24:42.740 W/WindowManager( 1813): 	at android.os.HandlerThread.run(HandlerThread.java:67)
07-13 10:24:42.740 W/WindowManager( 1813): 	at com.android.server.ServiceThread.run(ServiceThread.java:46)
07-13 10:24:42.742 D/VRI[mobile]( 2459): vri.reportNextDraw android.view.ViewRootImpl.performTraversals:4402 android.view.ViewRootImpl.doTraversal:3018 android.view.ViewRootImpl$TraversalRunnable.run:10526 android.view.Choreographer$CallbackRecord.run:1682 android.view.Choreographer$CallbackRecord.run:1691 
07-13 10:24:42.742 D/VRI[mobile]( 2459): vri.Setup new sync=wmsSync-VRI[mobile]#75
07-13 10:24:42.743 D/OpenGLRenderer( 2459): makeCurrent grContext:0xb400007c8cc6f720 reset mTextureAvailable
07-13 10:24:42.745 W/chbox:googleapp(17830): Failed to find entry 'classes.dex': Entry not found
07-13 10:24:42.746 I/MiuiNetworkPolicy( 1813): updateUidState uid = 10210, uidState = 19
07-13 10:24:42.747 I/SurfaceFlinger( 1133): sf.transactionReadyTimelineCheck focusRequest transactionId:7786776407949 vsyncId: -1
07-13 10:24:42.747 D/SurfaceFlinger( 1133): Focus addInputWindowCommands timestamp=627186111529689, windowName=<null>
07-13 10:24:42.748 W/RecentsModel( 2470): getRunningTask   taskInfo=TaskInfo{userId=0 taskId=5370 displayId=0 isRunning=true baseIntent=Intent { flg=0x10000000 cmp=com.skillsroom.mobile/.MainActivity } baseActivity=ComponentInfo{com.skillsroom.mobile/com.skillsroom.mobile.MainActivity} topActivity=ComponentInfo{com.skillsroom.mobile/com.skillsroom.mobile.MainActivity} origActivity=null realActivity=ComponentInfo{com.skillsroom.mobile/com.skillsroom.mobile.MainActivity} numActivities=1 lastActiveTime=696282402 supportsSplitScreenMultiWindow=true supportsMultiWindow=true resizeMode=1 isResizeable=true minWidth=-1 minHeight=-1 defaultMinSize=200 token=WCT{android.window.IWindowContainerToken$Stub$Proxy@6e84ecf} topActivityType=1 pictureInPictureParams=null shouldDockBigOverlays=false launchIntoPipHostTaskId=-1 lastParentTaskIdBeforePip=-1 displayCutoutSafeInsets=Rect(0, 68 - 0, 0) topActivityInfo=ActivityInfo{c06d05c com.skillsroom.mobile.MainActivity} launchCookies=[] positionInParent=Point(0, 0) parentTaskId=-1 isFocused=false isVisible=false isVisibleRequested=true isSleeping=false topActivityInSizeCompat=false topActivityEligibleForLetterboxEducation= false topActivityLetterboxed= false isFromDoubleTap= false topActivityLetterboxVerticalPosition= -1 topActivityLetterboxHorizontalPosition= -1 topActivityLetterboxWidth=-1 topActivityLetterboxHeight=-1 locusId=null displayAreaFeatureId=1 cameraCompatControlState=hidden mIsCastMode=false mTopActivityMediaSize=null mTopActivityRecordName=ActivityRecord{bcd63e6 u0 com.skillsroom.mobile/.MainActivity t5370} mTopActivityOrientation=1 mTopActivityWindowIsNowVisible=false isTranslucent=false isEmbedded=false shouldBeVisible=true mBehindAppLockPkg=null mOriginatingUid=0}
07-13 10:24:42.748 W/RecentsModel( 2470): getTaskInfoIgnoreHomeAndFreeform   taskInfo=ComponentInfo{com.skillsroom.mobile/com.skillsroom.mobile.MainActivity}
07-13 10:24:42.748 D/SurfaceFlinger( 1133): Find Focus windowName=<null>, notVisible=1
07-13 10:24:42.748 D/Layer   ( 1133): Focus: Task=1#46 isHiddenByPolicy s.flags&layer_state_t::eLayerHidden=1
07-13 10:24:42.748 D/Layer   ( 1133): Focus: isHiddenByPolicy parent Task=1#46 is hidden cause not visible
07-13 10:24:42.748 D/SurfaceFlinger( 1133): Focus inVisible Reason:isVisibleForInput(){hasInputInfo()?canReceiveInput():isVisible()}=0 has=1 can{!isHiddenByPolicy()&&(mBuffer==nullptr||getAlpha()>0.0f)}=0 Hidden=1 Buf=1 getA=1
07-13 10:24:42.748 D/nativeloader(17831): Configuring clns-4 for other apk /system/framework/org.apache.http.legacy.jar. target_sdk_version=36, uses_libraries=ALL, library_path=/data/app/~~0Do3nKB7oKzSnG9YsFiL1Q==/com.facebook.katana-bcicghKI6OMyW8FGFwgEXA==/lib/arm64:/data/app/~~0Do3nKB7oKzSnG9YsFiL1Q==/com.facebook.katana-bcicghKI6OMyW8FGFwgEXA==/base.apk!/lib/arm64-v8a, permitted_path=/data:/mnt/expand:/data/user/0/com.facebook.katana
07-13 10:24:42.748 D/SurfaceFlinger( 1133): Find Focus windowName=<null>, notVisible=1
07-13 10:24:42.748 D/Layer   ( 1133): Focus: com.miui.miwallpaper.wallpaperservice.MiuiKeyguardPictorialWallpaper#50 isHiddenByPolicy s.flags&layer_state_t::eLayerHidden=1
07-13 10:24:42.748 D/Layer   ( 1133): Focus: isHiddenByPolicy parent com.miui.miwallpaper.wallpaperservice.MiuiKeyguardPictorialWallpaper#50 is hidden cause not visible
07-13 10:24:42.748 D/SurfaceFlinger( 1133): Focus inVisible Reason:isVisibleForInput(){hasInputInfo()?canReceiveInput():isVisible()}=0 has=1 can{!isHiddenByPolicy()&&(mBuffer==nullptr||getAlpha()>0.0f)}=0 Hidden=1 Buf=0 getA=0
07-13 10:24:42.748 D/SurfaceFlinger( 1133): Find Focus windowName=<null>, notVisible=1
07-13 10:24:42.748 D/Layer   ( 1133): Focus: com.miui.miwallpaper.wallpaperservice.ImageWallpaper#57 isHiddenByPolicy s.flags&layer_state_t::eLayerHidden=1
07-13 10:24:42.748 D/Layer   ( 1133): Focus: isHiddenByPolicy parent com.miui.miwallpaper.wallpaperservice.ImageWallpaper#57 is hidden cause not visible
07-13 10:24:42.748 D/SurfaceFlinger( 1133): Focus inVisible Reason:isVisibleForInput(){hasInputInfo()?canReceiveInput():isVisible()}=0 has=1 can{!isHiddenByPolicy()&&(mBuffer==nullptr||getAlpha()>0.0f)}=0 Hidden=1 Buf=0 getA=1
07-13 10:24:42.748 D/nativeloader(17831): Extending system_exposed_libraries: libapuwareapusys.mtk.so:libapuwareapusys_v2.mtk.so:libapuwarexrp.mtk.so:libapuwarexrp_v2.mtk.so:libapuwareutils.mtk.so:libapuwareutils_v2.mtk.so:libapuwarehmp.mtk.so:libmcv_runtime_usdk.mtk.so:libneuron_graph_delegate.mtk.so:libneuronusdk_adapter.mtk.so:libtflite_mtk.mtk.so:libarmnn_ndk.mtk.so:libcmdl_ndk.mtk.so:libnir_neon_driver_ndk.mtk.so:libmvpu_runtime.mtk.so:libmvpu_runtime_pub.mtk.so:libmvpu_engine_pub.mtk.so:libmvpu_pattern_pub.mtk.so:libmvpuop_mtk_cv.mtk.so:libmvpuop_mtk_nn.mtk.so:libmvpu_runtime_25.mtk.so:libmvpu_runtime_25_pub.mtk.so:libmvpu_engine_25_pub.mtk.so:libmvpu_pattern_25_pub.mtk.so:libmvpuop25_mtk_cv.mtk.so:libmvpuop25_mtk_nn.mtk.so:libmvpu_config.mtk.so:libteeservice_client.trustonic.so:libmisys_jni.xiaomi.so
07-13 10:24:42.749 D/SurfaceFlinger( 1133): updateWinowInfo=1, setFocusedWindow timestamp=627186111529689, windowName=<null>
07-13 10:24:42.750 D/InputDispatcher( 1813): setFocusedWindow <null> on display 0 ignored, reason: already focused
07-13 10:24:42.750 E/ActivityManagerWrapper( 2470): get all recent tasks force including 5370
07-13 10:24:42.752 D/C2MtkBufferManager( 1041): over 5000ms not request from VCodec but callback hooked, slow BM Cc fetch thread
07-13 10:24:42.754 D/BLASTBufferQueue( 2459): [VRI[mobile]#2782](f:0,a:1) acquireNextBufferLocked size=720x1600 mFrameNumber=1 applyTransaction=true mTimestamp=627186134653459(auto) mPendingTransactions.size=0 graphicBufferId=10561324610930 transform=0
07-13 10:24:42.755 E/surfaceflinger( 1133): == MALI DEBUG ===eglp_winsys_populate_image_templates ==12288
07-13 10:24:42.756 D/VRI[mobile]( 2459): vri.reportDrawFinished
07-13 10:24:42.756 W/chbox:googleapp(17830): Failed to find entry 'classes.dex': Entry not found
07-13 10:24:42.758 I/gralloc4( 1133): @set_metadata: update dataspace from GM (0x08010000 -> 0x00000000)
07-13 10:24:42.759 W/WindowManager( 1813): finishDrawingWindow: Window{58a03ca u0 Splash Screen com.skillsroom.mobile} mDrawState=DRAW_PENDING
07-13 10:24:42.760 D/Zygote  ( 1023): Forked child process 17864
07-13 10:24:42.762 I/ActivityManager( 1813): Start proc 17864:com.skillsroom.mobile/u0a210 for next-top-activity {com.skillsroom.mobile/com.skillsroom.mobile.MainActivity} caller=com.android.shell
07-13 10:24:42.765 W/chbox:googleapp(17830): Failed to find entry 'classes.dex': Entry not found
07-13 10:24:42.765 E/ActivityManagerWrapper( 2470): getRecentTasks: size=9
07-13 10:24:42.766 E/ActivityManagerWrapper( 2470): getRecentTasks: mainTaskId=5370   userId=0   windowMode=1   baseIntent=Intent { act=null flag=268435456 cmp=ComponentInfo{com.skillsroom.mobile/com.skillsroom.mobile.MainActivity} }
07-13 10:24:42.766 E/ActivityManagerWrapper( 2470): getRecentTasks: mainTaskId=5341   userId=0   windowMode=1   baseIntent=Intent { act=android.intent.action.MAIN flag=270532608 cmp=ComponentInfo{com.whatsapp.w4b/com.whatsapp.Main} }
07-13 10:24:42.766 E/ActivityManagerWrapper( 2470): getRecentTasks: mainTaskId=5344   userId=0   windowMode=1   baseIntent=Intent { act=android.intent.action.MAIN flag=270532608 cmp=ComponentInfo{com.facebook.lite/com.facebook.lite.MainActivity} }
07-13 10:24:42.766 E/ActivityManagerWrapper( 2470): getRecentTasks: mainTaskId=5336   userId=0   windowMode=1   baseIntent=Intent { act=android.intent.action.MAIN flag=270532608 cmp=ComponentInfo{com.google.android.dialer/com.google.android.dialer.extensions.GoogleDialtactsActivity} }
07-13 10:24:42.766 E/ActivityManagerWrapper( 2470): getRecentTasks: mainTaskId=5335   userId=0   windowMode=1   baseIntent=Intent { act=android.intent.action.MAIN flag=270532608 cmp=ComponentInfo{com.shaiban.audioplayer.mplayer/com.shaiban.audioplayer.mplayer.app.navigation.NavigatingActivity} }
07-13 10:24:42.766 E/ActivityManagerWrapper( 2470): getRecentTasks: mainTaskId=5287   userId=0   windowMode=1   baseIntent=Intent { act=android.intent.action.MAIN flag=270532608 cmp=ComponentInfo{ng.mtn.nextgen/ng.mtn.nextgen.MainActivity} }
07-13 10:24:42.766 E/ActivityManagerWrapper( 2470): getRecentTasks: mainTaskId=5273   userId=0   windowMode=1   baseIntent=Intent { act=android.settings.APPLICATION_DEVELOPMENT_SETTINGS flag=268468224 cmp=ComponentInfo{com.android.settings/com.android.settings.Settings$DevelopmentSettingsDashboardActivity} }
07-13 10:24:42.766 E/ActivityManagerWrapper( 2470): getRecentTasks: mainTaskId=5246   userId=0   windowMode=1   baseIntent=Intent { act=android.intent.action.MAIN flag=270532608 cmp=ComponentInfo{cn.xender/cn.xender.ui.activity.SplashActivity} }
07-13 10:24:42.766 E/ActivityManagerWrapper( 2470): getRecentTasks: mainTaskId=5239   userId=0   windowMode=1   baseIntent=Intent { act=android.intent.action.MAIN flag=270532608 cmp=ComponentInfo{com.android.camera/com.android.camera.Camera} }
07-13 10:24:42.766 E/Zygote  (17864): process_name_ptr:17864 com.skillsroom.mobile
07-13 10:24:42.767 D/nativeloader(17830): Configuring clns-5 for other apk /data/app/~~Z-HmI1stqjfbfkWhJgGGiQ==/com.google.android.googlequicksearchbox-QHCqd3nTI1c_r9Njs0kq1w==/base.apk:/data/app/~~Z-HmI1stqjfbfkWhJgGGiQ==/com.google.android.googlequicksearchbox-QHCqd3nTI1c_r9Njs0kq1w==/split_config.xhdpi.apk:/data/app/~~Z-HmI1stqjfbfkWhJgGGiQ==/com.google.android.googlequicksearchbox-QHCqd3nTI1c_r9Njs0kq1w==/split_lens_ondevice_engine_feature_module.apk:/data/app/~~Z-HmI1stqjfbfkWhJgGGiQ==/com.google.android.googlequicksearchbox-QHCqd3nTI1c_r9Njs0kq1w==/split_lens_ondevice_engine_play_ml_module.apk. target_sdk_version=37, uses_libraries=, library_path=/data/app/~~Z-HmI1stqjfbfkWhJgGGiQ==/com.google.android.googlequicksearchbox-QHCqd3nTI1c_r9Njs0kq1w==/lib/arm64:/data/app/~~Z-HmI1stqjfbfkWhJgGGiQ==/com.google.android.googlequicksearchbox-QHCqd3nTI1c_r9Njs0kq1w==/base.apk!/lib/arm64-v8a:/data/app/~~Z-HmI1stqjfbfkWhJgGGiQ==/com.google.android.googlequicksearchbox-QHCqd3nTI1c_r9Njs0kq1w==/split_config.xhdpi.apk!/lib/arm64-v8a:/data/app/~~Z-HmI1stqjfbfk
07-13 10:24:42.773 D/C2MtkBufferManager( 1041): over 5000ms not request from VCodec but callback hooked, slow BM Cc fetch thread
07-13 10:24:42.777 I/illsroom.mobile(17864): Late-enabling -Xcheck:jni
07-13 10:24:42.793 D/C2MtkBufferManager( 1041): over 5000ms not request from VCodec but callback hooked, slow BM Cc fetch thread
07-13 10:24:42.800 I/mtkpower@impl( 1059): [powerd_req] TIMER_MSG_PERF_LOCK_TIMEOUT hdl:247315
07-13 10:24:42.800 I/libPowerHal( 1059): [perfLockRel] hdl:247315, idx:3
07-13 10:24:42.800 I/libPowerHal( 1059): [unsetGPUFreq] current min:0, max:0; scn_gpu_min:0, scn_gpu_max:-1; scn_gpu_min(HL):-1, scn_gpu_max(HL):-1
07-13 10:24:42.800 I/libPowerHal( 1059): system_server: set gpu opp level: 31
07-13 10:24:42.801 I/libPowerHal( 1059): system_server: set gpu opp level max: 0
07-13 10:24:42.801 I/libPowerHal( 1059): [setGPUFreq] Soft min/max = (31, 0); Hard min/max = (31, 0)
07-13 10:24:42.801 I/libPowerHal( 1059): [setGPUFreq] final min/max = (31, 0)
07-13 10:24:42.801 I/libPowerHal( 1059): system_server: set gpu opp level: 31
07-13 10:24:42.801 I/libPowerHal( 1059): system_server: set gpu opp level max: 0
07-13 10:24:42.813 D/RecentsModel( 2470): onTaskStackChangedBackground    MSG_TASK_STACK_CHANGE
07-13 10:24:42.813 D/RecentsModel( 2470): preloadRecents
07-13 10:24:42.814 W/RecentsModel( 2470): getRunningTask
07-13 10:24:42.814 D/C2MtkBufferManager( 1041): over 5000ms not request from VCodec but callback hooked, slow BM Cc fetch thread
07-13 10:24:42.819 W/RecentsModel( 2470): getRunningTask   taskInfo=TaskInfo{userId=0 taskId=5370 displayId=0 isRunning=true baseIntent=Intent { flg=0x10000000 cmp=com.skillsroom.mobile/.MainActivity } baseActivity=ComponentInfo{com.skillsroom.mobile/com.skillsroom.mobile.MainActivity} topActivity=ComponentInfo{com.skillsroom.mobile/com.skillsroom.mobile.MainActivity} origActivity=null realActivity=ComponentInfo{com.skillsroom.mobile/com.skillsroom.mobile.MainActivity} numActivities=1 lastActiveTime=696282473 supportsSplitScreenMultiWindow=true supportsMultiWindow=true resizeMode=1 isResizeable=true minWidth=-1 minHeight=-1 defaultMinSize=200 token=WCT{android.window.IWindowContainerToken$Stub$Proxy@58aef65} topActivityType=1 pictureInPictureParams=null shouldDockBigOverlays=false launchIntoPipHostTaskId=-1 lastParentTaskIdBeforePip=-1 displayCutoutSafeInsets=Rect(0, 68 - 0, 0) topActivityInfo=ActivityInfo{e36e43a com.skillsroom.mobile.MainActivity} launchCookies=[] positionInParent=Point(0, 0) parentTaskId=-1 isFocused=false isVisible=false isVisibleRequested=true isSleeping=false topActivityInSizeCompat=false topActivityEligibleForLetterboxEducation= false topActivityLetterboxed= false isFromDoubleTap= false topActivityLetterboxVerticalPosition= -1 topActivityLetterboxHorizontalPosition= -1 topActivityLetterboxWidth=-1 topActivityLetterboxHeight=-1 locusId=null displayAreaFeatureId=1 cameraCompatControlState=hidden mIsCastMode=false mTopActivityMediaSize=null mTopActivityRecordName=ActivityRecord{bcd63e6 u0 com.skillsroom.mobile/.MainActivity t5370} mTopActivityOrientation=1 mTopActivityWindowIsNowVisible=false isTranslucent=false isEmbedded=false shouldBeVisible=true mBehindAppLockPkg=null mOriginatingUid=0}
07-13 10:24:42.819 I/illsroom.mobile(17864): Using generational CollectorTypeCC GC.
07-13 10:24:42.819 W/RecentsModel( 2470): getTaskInfoIgnoreHomeAndFreeform   taskInfo=ComponentInfo{com.skillsroom.mobile/com.skillsroom.mobile.MainActivity}
07-13 10:24:42.821 E/ActivityManagerWrapper( 2470): get all recent tasks force including 5370
07-13 10:24:42.827 E/ActivityManagerWrapper( 2470): getRecentTasks: size=9
07-13 10:24:42.827 E/ActivityManagerWrapper( 2470): getRecentTasks: mainTaskId=5370   userId=0   windowMode=1   baseIntent=Intent { act=null flag=268435456 cmp=ComponentInfo{com.skillsroom.mobile/com.skillsroom.mobile.MainActivity} }
07-13 10:24:42.827 E/ActivityManagerWrapper( 2470): getRecentTasks: mainTaskId=5341   userId=0   windowMode=1   baseIntent=Intent { act=android.intent.action.MAIN flag=270532608 cmp=ComponentInfo{com.whatsapp.w4b/com.whatsapp.Main} }
07-13 10:24:42.827 E/ActivityManagerWrapper( 2470): getRecentTasks: mainTaskId=5344   userId=0   windowMode=1   baseIntent=Intent { act=android.intent.action.MAIN flag=270532608 cmp=ComponentInfo{com.facebook.lite/com.facebook.lite.MainActivity} }
07-13 10:24:42.827 E/ActivityManagerWrapper( 2470): getRecentTasks: mainTaskId=5336   userId=0   windowMode=1   baseIntent=Intent { act=android.intent.action.MAIN flag=270532608 cmp=ComponentInfo{com.google.android.dialer/com.google.android.dialer.extensions.GoogleDialtactsActivity} }
07-13 10:24:42.827 E/ActivityManagerWrapper( 2470): getRecentTasks: mainTaskId=5335   userId=0   windowMode=1   baseIntent=Intent { act=android.intent.action.MAIN flag=270532608 cmp=ComponentInfo{com.shaiban.audioplayer.mplayer/com.shaiban.audioplayer.mplayer.app.navigation.NavigatingActivity} }
07-13 10:24:42.827 E/ActivityManagerWrapper( 2470): getRecentTasks: mainTaskId=5287   userId=0   windowMode=1   baseIntent=Intent { act=android.intent.action.MAIN flag=270532608 cmp=ComponentInfo{ng.mtn.nextgen/ng.mtn.nextgen.MainActivity} }
07-13 10:24:42.827 E/ActivityManagerWrapper( 2470): getRecentTasks: mainTaskId=5273   userId=0   windowMode=1   baseIntent=Intent { act=android.settings.APPLICATION_DEVELOPMENT_SETTINGS flag=268468224 cmp=ComponentInfo{com.android.settings/com.android.settings.Settings$DevelopmentSettingsDashboardActivity} }
07-13 10:24:42.827 E/ActivityManagerWrapper( 2470): getRecentTasks: mainTaskId=5246   userId=0   windowMode=1   baseIntent=Intent { act=android.intent.action.MAIN flag=270532608 cmp=ComponentInfo{cn.xender/cn.xender.ui.activity.SplashActivity} }
07-13 10:24:42.827 E/ActivityManagerWrapper( 2470): getRecentTasks: mainTaskId=5239   userId=0   windowMode=1   baseIntent=Intent { act=android.intent.action.MAIN flag=270532608 cmp=ComponentInfo{com.android.camera/com.android.camera.Camera} }
07-13 10:24:42.827 W/ThermalCollecto( 7233): type=1400 audit(0.0:611157): avc:  denied  { read } for  name="charge_counter" dev="sysfs" ino=36942 scontext=u:r:system_app:s0 tcontext=u:object_r:sysfs_batteryinfo:s0 tclass=file permissive=0
07-13 10:24:42.831 E/ThermalInfoUtils( 7233): getCurrentCapacity Exceptionjava.io.FileNotFoundException: /sys/class/power_supply/battery/charge_counter: open failed: EACCES (Permission denied)
07-13 10:24:42.834 D/C2MtkBufferManager( 1041): over 5000ms not request from VCodec but callback hooked, slow BM Cc fetch thread
07-13 10:24:42.845 D/nativeloader(17864): Load libframework-connectivity-tiramisu-jni.so using APEX ns com_android_tethering for caller /apex/com.android.tethering/javalib/framework-connectivity-t.jar: ok
07-13 10:24:42.845 I/adbd    (21521): jdwp connection from 17864
07-13 10:24:42.851 D/DragContainerLayout( 2470): dispatch draw with clip rect: null
07-13 10:24:42.855 D/C2MtkBufferManager( 1041): over 5000ms not request from VCodec but callback hooked, slow BM Cc fetch thread
07-13 10:24:42.861 I/MessageMonitor(17864): Load libmiui_runtime
07-13 10:24:42.875 D/SymlinkUtils( 1813): attachApplication file op go pass: 0 ms
07-13 10:24:42.875 D/C2MtkBufferManager( 1041): over 5000ms not request from VCodec but callback hooked, slow BM Cc fetch thread
07-13 10:24:42.876 I/SmartPower: com.skillsroom.mobile/10210(17864)( 1813): died->invisible(536ms) R(process start ) adj=-10000.
07-13 10:24:42.879 D/SchedBoost( 1813): com.skillsroom.mobile boosting, skip reset priority
07-13 10:24:42.896 D/C2MtkBufferManager( 1041): over 5000ms not request from VCodec but callback hooked, slow BM Cc fetch thread
07-13 10:24:42.899 D/BLASTBufferQueue( 2470): [VRI[Launcher]#1338](f:0,a:1) acquireNextBufferLocked size=720x1600 mFrameNumber=1 applyTransaction=true mTimestamp=627186279467536(auto) mPendingTransactions.size=0 graphicBufferId=10608569235485 transform=0
07-13 10:24:42.900 E/surfaceflinger( 1133): == MALI DEBUG ===eglp_winsys_populate_image_templates ==12288
07-13 10:24:42.900 D/VRI[Launcher]( 2470): vri.reportDrawFinished
07-13 10:24:42.901 W/WindowManager( 1813): finishDrawingWindow: Window{52dece7 u0 com.miui.home/com.miui.home.launcher.Launcher} mDrawState=DRAW_PENDING
07-13 10:24:42.901 D/WindowManager( 1813): wms.finishDrawingLocked: mDrawState=COMMIT_DRAW_PENDING Window{52dece7 u0 com.miui.home/com.miui.home.launcher.Launcher} in Surface(name=com.miui.home/com.miui.home.launcher.Launcher#78972)/@0x87877d2
07-13 10:24:42.901 D/CompatibilityChangeReporter(17864): Compat change id reported: 171979766; UID 10210; state: ENABLED
07-13 10:24:42.903 W/Looper  ( 2470): PerfMonitor doFrame : time=344ms vsyncFrame=0 latency=141ms procState=-1 historyMsgCount=1 (msgIndex=1 wall=145ms seq=659226 late=1ms h=android.app.ActivityThread$H w=159)
07-13 10:24:42.903 I/gralloc4( 1133): @set_metadata: update dataspace from GM (0x08010000 -> 0x00000000)
07-13 10:24:42.904 W/Launcher( 2470): onDisplayChanged: newRotation=0, mCurrentRotation=0
07-13 10:24:42.904 D/CompatibilityChangeReporter(17864): Compat change id reported: 242716250; UID 10210; state: ENABLED
07-13 10:24:42.905 I/Launcher.widget( 2470): onInvisible Search
07-13 10:24:42.905 D/Launcher.RecommendController( 2470): folder display but only request when folder open
07-13 10:24:42.916 D/C2MtkBufferManager( 1041): over 5000ms not request from VCodec but callback hooked, slow BM Cc fetch thread
07-13 10:24:42.926 D/RecentsImpl( 2470): mActivityStateObserver com.miui.home.launcher.Launcher
07-13 10:24:42.926 W/RecentsImpl( 2470): onResumed className=com.miui.home.launcher.Launcher   mIsInAnotherPro=false   isKeyguardLocked=false   mSecuritySpaceGuideShown=false
07-13 10:24:42.926 I/Choreographer( 2470): Skipped 32 frames!  The application may be doing too much work on its main thread.
07-13 10:24:42.928 W/Looper  ( 2470): PerfMonitor doFrame : time=1ms vsyncFrame=0 latency=358ms procState=-1 historyMsgCount=9 (msgIndex=1 wall=344ms seq=659227 late=141ms h=android.view.Choreographer$FrameHandler c=android.view.Choreographer$FrameDisplayEventReceiver)
07-13 10:24:42.929 W/Looper  ( 2470): PerfMonitor looperActivity : package=com.miui.home/.launcher.Launcher time=0ms latency=339ms  procState=-1  historyMsgCount=12 (msgIndex=1 wall=344ms seq=659227 late=141ms h=android.view.Choreographer$FrameHandler c=android.view.Choreographer$FrameDisplayEventReceiver)
07-13 10:24:42.930 W/Looper  ( 2470): PerfMonitor looperActivity : package=com.miui.home/.launcher.Launcher time=0ms latency=326ms  procState=-1  historyMsgCount=13 (msgIndex=1 wall=344ms seq=659227 late=141ms h=android.view.Choreographer$FrameHandler c=android.view.Choreographer$FrameDisplayEventReceiver)
07-13 10:24:42.931 D/Launcher.Lifecycle( 2470): onPause:UserHandle{0},63f4ca8,false
07-13 10:24:42.931 D/Launcher_UnlockAnimationStateMachine( 2470): onPause = IDLE
07-13 10:24:42.931 D/Launcher_UnlockAnimationStateMachine( 2470): setState:PAUSE_WAIT
07-13 10:24:42.931 D/LauncherAssistantCompatGoogle( 2470): onPause com.google.android.libraries.gsa.launcherclient.LauncherClient@80e5266
07-13 10:24:42.932 D/PerfMTKStubImpl( 1813): perfLockAcquire
07-13 10:24:42.932 I/mtkpower_client( 1813): perf_lock_acq, hdl:0, dur:400, num:10, pid:1813, tid:1925
07-13 10:24:42.933 W/ServiceManagerCppClient( 1813): Failed to get isDeclared for vendor.mediatek.hardware.mtkpower.IMtkPowerService/default: Status(-1, EX_SECURITY): 'SELinux denied.'
07-13 10:24:42.933 I/mtkpower_client( 1813): IMtkPowerService_isDeclared 0
07-13 10:24:42.934 I/mtkpower_client( 1813): ret_hdl:247320
07-13 10:24:42.935 I/libPowerHal( 1059): [perfLockAcq] idx:3 hdl:247320 hint:-1 pid:1813 duration:400 lock_user:system_server => ret_hdl:247320
07-13 10:24:42.935 I/libPowerHal( 1059): [setGPUFreq] system_server user set gpu freq min:0, max:-1
07-13 10:24:42.935 I/libPowerHal( 1059): system_server: set gpu opp level: 0
07-13 10:24:42.937 D/C2MtkBufferManager( 1041): over 5000ms not request from VCodec but callback hooked, slow BM Cc fetch thread
07-13 10:24:42.937 I/libPowerHal( 1059): system_server: set gpu opp level max: 0
07-13 10:24:42.938 I/libPowerHal( 1059): [setGPUFreq] Soft min/max = (0, 0); Hard min/max = (31, 0)
07-13 10:24:42.938 I/libPowerHal( 1059): [setGPUFreq] final min/max = (0, 0)
07-13 10:24:42.938 I/libPowerHal( 1059): system_server: set gpu opp level: 0
07-13 10:24:42.938 D/WindowManager( 1813): Collecting in transition 6458: ActivityRecord{bcd63e6 u0 com.skillsroom.mobile/.MainActivity t5370} init visibleRequested:true
07-13 10:24:42.939 I/libPowerHal( 1059): system_server: set gpu opp level max: 0
07-13 10:24:42.940 D/nativeloader(17830): Load libframework-connectivity-jni.so using APEX ns com_android_tethering for caller /apex/com.android.tethering/javalib/framework-connectivity.jar: ok
07-13 10:24:42.941 D/CompatibilityChangeReporter( 1813): Compat change id reported: 170503758; UID 10210; state: ENABLED
07-13 10:24:42.942 I/PowerHalWrapper( 1813): amsBoostNotify pid:17864,activity:com.skillsroom.mobile.MainActivity, package:com.skillsroom.mobile, mProcessCreatePackcom.skillsroom.mobile 
07-13 10:24:42.942 I/PowerHalWrapper( 1813): state: 1 
07-13 10:24:42.943 I/mtkpower_client( 1813): [Legacy][PowerHal_Wrap_notifyAppState] com.skillsroom.mobile/com.skillsroom.mobile.MainActivity pid=17864 state:1
07-13 10:24:42.943 I/libPowerHal( 1059): [perfNotifyAppState] pack:com.skillsroom.mobile, act:com.skillsroom.mobile.MainActivity, state:1, pid:17864, uid:10210, fps:-1
07-13 10:24:42.943 I/libPowerHal( 1059): [perfNotifyAppState] foreground:com.skillsroom.mobile, pid:17864, uid:10210
07-13 10:24:42.943 I/PowerHalWrapper( 1813): amsBoostNotify AMS_BOOST_PROCESS_CREATE_BOOST:true 
07-13 10:24:42.944 D/WindowManager( 1813): Collecting in transition 6458: ActivityRecord{bcd63e6 u0 com.skillsroom.mobile/.MainActivity t5370} init visibleRequested:true
07-13 10:24:42.944 D/WindowManager( 1813): Set transition=TransitionRecord{1fdd54f id=6458 type=CLOSE flags=0x0}, ready=true, SyncId=6458 
07-13 10:24:42.945 I/UxUtility( 1059): notifyForegroundApp pack:com.skillsroom.mobile, uid:10210
07-13 10:24:42.945 I/TouchUtility( 1059): notifyAppState error = NULL
07-13 10:24:42.946 I/mtkpower@impl( 1059): [notifyAppState] pc:1, com.miui.home => com.skillsroom.mobile
07-13 10:24:42.954 V/GraphicsEnvironment(17830): Currently set values for:
07-13 10:24:42.954 V/GraphicsEnvironment(17830):   angle_gl_driver_selection_pkgs=[]
07-13 10:24:42.954 V/GraphicsEnvironment(17830):   angle_gl_driver_selection_values=[]
07-13 10:24:42.955 D/MiuiFullScreenTaskRepository( 2459): removeFocusedTask displayId=0
07-13 10:24:42.955 D/MiuiFullScreenTaskRepository( 2459): addOrUpdateFullScreenTaskInfo taskId=1, topActivity=ComponentInfo{com.miui.home/com.miui.home.launcher.Launcher}
07-13 10:24:42.955 V/GraphicsEnvironment(17830): ANGLE GameManagerService for com.google.android.googlequicksearchbox: false
07-13 10:24:42.955 V/GraphicsEnvironment(17830): com.google.android.googlequicksearchbox is not listed in per-application setting
07-13 10:24:42.956 V/GraphicsEnvironment(17830): Neither updatable production driver nor prerelease driver is supported.
07-13 10:24:42.956 I/SmartPower: com.skillsroom.mobile/10210(17864)( 1813): invisible->visible(81ms) R(become visible) adj=905.
07-13 10:24:42.957 D/C2MtkBufferManager( 1041): over 5000ms not request from VCodec but callback hooked, slow BM Cc fetch thread
07-13 10:24:42.957 W/WindowManager( 1813): real show surface Splash Screen com.skillsroom.mobile sc:Surface(name=Splash Screen com.skillsroom.mobile#78976)/@0xc3d8fa0
07-13 10:24:42.958 D/WindowManager( 1813): Final targets: [Task{4c7cd27 #5370 type=standard A=10210:com.skillsroom.mobile}, Task{c9fba8c #5369 type=standard A=10210:com.skillsroom.mobile}]
07-13 10:24:42.959 E/BufferQueueDebug( 1133): [Transition Root: Task=5370#78979](this:0xb40000785599fa30,id:-1,api:0,p:-1,c:-1) id info cannot be read from 'Transition Root: Task=5370#78979'
07-13 10:24:42.959 I/BufferQueueDebug( 1133): [Transition Root: Task=5370#78979](this:0xb40000785599fa30,id:-1,api:0,p:-1,c:-1) BufferQueue core=(1133:/system/bin/surfaceflinger)
07-13 10:24:42.964 I/MiuiWallpaper-MiuiWallpaperManagerService( 2200): receive broadcast action = android.intent.action.PACKAGE_RESTARTED
07-13 10:24:42.964 I/ForceDarkHelperStubImpl(17830): initialize for com.google.android.googlequicksearchbox , ForceDarkOrigin
07-13 10:24:42.965 E/BufferQueueDebug( 1133): [Screenshot Parent#78980](this:0xb400007855aa0a30,id:-1,api:0,p:-1,c:-1) id info cannot be read from 'Screenshot Parent#78980'
07-13 10:24:42.965 I/BufferQueueDebug( 1133): [Screenshot Parent#78980](this:0xb400007855aa0a30,id:-1,api:0,p:-1,c:-1) BufferQueue core=(1133:/system/bin/surfaceflinger)
07-13 10:24:42.967 E/surfaceflinger( 1133): == MALI DEBUG ===eglp_winsys_populate_image_templates ==12288
07-13 10:24:42.967 W/SurfaceFlingerInspector( 1133): Slow frame composition: ScreenCaptureOutput prepareFrame took 58 ms
07-13 10:24:42.971 D/nativeloader(17830): Load libforcedarkimpl.so using system ns (caller=/system_ext/framework/miui-framework.jar): ok
07-13 10:24:42.971 I/BufferQueueDebug( 1133): [Screenshot Parent#78980](this:0xb400007855aa0a30,id:-1,api:0,p:-1,c:1133) onDestructor()
07-13 10:24:42.972 D/OpenGLRenderer(17830): JNI_OnLoad success
07-13 10:24:42.973 I/MiuiForceDarkConfig(17830): setConfig density:2.000000, mainRule:0, secondaryRule:0, tertiaryRule:0
07-13 10:24:42.974 D/WindowManager( 1813): Calling onTransitionReady info={id=6458 t=CLOSE f=0x0 trk=0 r=[0@Point(0, 0)] c=[{WCT{RemoteToken{e7c05cc Task{4c7cd27 #5370 type=standard A=10210:com.skillsroom.mobile}}} m=OPEN f=MOVE_TO_TOP leash=Surface(name=Task=5370#78970)/@0x4c23f1e sb=Rect(0, 0 - 720, 1600) eb=Rect(0, 0 - 720, 1600) d=0},{WCT{RemoteToken{2e4bb Task{c9fba8c #5369 type=standard A=10210:com.skillsroom.mobile}}} m=CLOSE f=NONE leash=Surface(name=Task=5369#78912)/@0xaa52b5 sb=Rect(0, 0 - 720, 1600) eb=Rect(0, 0 - 720, 1600) d=0}] noAni=[false] mk=[true]}, mToken=Token{c5ad015 TransitionRecord{1fdd54f id=6458 type=CLOSE flags=0x0}}
07-13 10:24:42.975 D/MI-SF   ( 1133): updateScene: module = 268 (Unknown), value = 1, pkg = perf_interaction
07-13 10:24:42.975 D/SurfaceFlinger( 1133): setDesiredDisplayModeSpecs: defaultMode：1 primaryRangesMin:0.000000 primaryRangesMax:90.000000appRequestRangesMin:0.000000 appRequestRangesMax:90.000000
07-13 10:24:42.976 I/RefreshRateSelector( 1133): Display 0 policy changed
07-13 10:24:42.976 I/RefreshRateSelector( 1133): Previous: {defaultModeId=1, allowGroupSwitching=false, primaryRanges={physical=[0.00 Hz, inf Hz], render=[0.00 Hz, 90.00 Hz]}, appRequestRanges={physical=[0.00 Hz, inf Hz], render=[0.00 Hz, 90.00 Hz]}}
07-13 10:24:42.976 I/RefreshRateSelector( 1133): Current:  DisplayManagerPolicy{defaultModeId=1, allowGroupSwitching=false, primaryRanges={physical=[0.00 Hz, inf Hz], render=[0.00 Hz, 90.00 Hz]}, appRequestRanges={physical=[0.00 Hz, inf Hz], render=[0.00 Hz, 90.00 Hz]}}
07-13 10:24:42.976 I/RefreshRateSelector( 1133): 1 mode changes were performed under the previous policy
07-13 10:24:42.976 I/BLASTSyncEngine( 1813): finishNow: after onTransactionReady, mSyncId=6458
07-13 10:24:42.977 I/DisplayModeDirectorImpl( 1813): onDesiredDisplayModeSpecsChanged:baseModeId=1 allowGroupSwitching=false primary=physical: (0.0 Infinity) render:  (0.0 90.0) appRequest=physical: (0.0 Infinity) render:  (0.0 90.0) noVotes=true
07-13 10:24:42.977 D/C2MtkBufferManager( 1041): over 5000ms not request from VCodec but callback hooked, slow BM Cc fetch thread
07-13 10:24:42.978 W/Looper  ( 2470): PerfMonitor looperActivity : package=com.miui.home/.launcher.Launcher time=47ms latency=315ms  procState=-1  historyMsgCount=14 (msgIndex=1 wall=344ms seq=659227 late=141ms h=android.view.Choreographer$FrameHandler c=android.view.Choreographer$FrameDisplayEventReceiver)
07-13 10:24:42.978 D/ActivityManager( 1813): mediaResourceManagerBinder get success
07-13 10:24:42.979 D/TouchInteractionService( 2470): onSystemUiFlagsChanged, mSystemUiStateFlags=10000000
07-13 10:24:42.979 I/DisplayModeDirectorImpl( 1813): onDesiredDisplayModeSpecsChanged:baseModeId=2 allowGroupSwitching=false primary=physical: (0.0 Infinity) render:  (0.0 90.0) appRequest=physical: (0.0 Infinity) render:  (0.0 90.0) noVotes=false
07-13 10:24:42.979 D/ResourceManagerService( 1289): update package name: com.skillsroom.mobile
07-13 10:24:42.983 D/isUidValid( 1813): uid = 10210
07-13 10:24:42.983 W/libprocessgroup( 1813): SetCgroup::ExecuteForProcess: failed to open /dev/blkio//cgroup.procs: No such file or directory
07-13 10:24:42.983 D/ActivityManager( 1813): getProcessesInErrorState callingUid=10279, CallingPid=443
07-13 10:24:42.984 D/TouchInteractionService( 2470): onSystemUiFlagsChanged, mSystemUiStateFlags=10000000
07-13 10:24:42.984 I/MiuiNetworkPolicy( 1813): updateUidState uid = 10210, uidState = 2
07-13 10:24:42.984 D/MiuiMultiWindowUtils( 1813): DeviceLevel.IS_MIUI_LITE_VERSION 2.0 not support miui multiWindowgale
07-13 10:24:42.984 D/AppObserver( 2470): ForegroundInfo{mForegroundPackageName='com.skillsroom.mobile', mForegroundUid=10210, mForegroundPid=17864, mLastForegroundPackageName='com.miui.home', mLastForegroundUid=10166, mLastForegroundPid=2470, mMultiWindowForegroundPackageName='com.skillsroom.mobile', mMultiWindowForegroundUid=10210, mFlags=1}
07-13 10:24:42.985 E/BufferQueueDebug( 1133): [46a3241 ActivityRecordInputSink com.skillsroom.mobile/.MainActivity#78981](this:0xb400007855b2fa30,id:-1,api:0,p:-1,c:-1) id info cannot be read from '46a3241 ActivityRecordInputSink com.skillsroom.mobile/.MainActivity#78981'
07-13 10:24:42.985 I/BufferQueueDebug( 1133): [46a3241 ActivityRecordInputSink com.skillsroom.mobile/.MainActivity#78981](this:0xb400007855b2fa30,id:-1,api:0,p:-1,c:-1) BufferQueue core=(1133:/system/bin/surfaceflinger)
07-13 10:24:42.986 D/ResourceManagerService( 1289): packageName: com.skillsroom.mobile, uid : 10210, hashCode : 213806036
07-13 10:24:42.986 D/ResourceManagerService( 1289): ResourceManagerService::setCodecsVppMode
07-13 10:24:42.986 D/ResourceManagerService( 1289): all codecs setVppMode return fail
07-13 10:24:42.986 D/PerfEngineController( 7233): ForegroundInfo{mForegroundPackageName='com.skillsroom.mobile', mForegroundUid=10210, mForegroundPid=17864, mLastForegroundPackageName='com.miui.home', mLastForegroundUid=10166, mLastForegroundPid=2470, mMultiWindowForegroundPackageName='com.skillsroom.mobile', mMultiWindowForegroundUid=10210, mFlags=1}
07-13 10:24:42.989 D/StatusBarController( 2470): handleMessage: flag 800000  disable false
07-13 10:24:42.990 D/t1      ( 5491): myUserId = 0	currentUserId0
07-13 10:24:42.991 W/DisplayManagerService( 1813): Failed to notify process 15877 that displays changed, assuming it died.
07-13 10:24:42.991 W/DisplayManagerService( 1813): android.os.DeadObjectException
07-13 10:24:42.991 W/DisplayManagerService( 1813): 	at android.os.BinderProxy.transactNative(Native Method)
07-13 10:24:42.991 W/DisplayManagerService( 1813): 	at android.os.BinderProxy.transact(BinderProxy.java:639)
07-13 10:24:42.991 W/DisplayManagerService( 1813): 	at android.hardware.display.IDisplayManagerCallback$Stub$Proxy.onDisplayEvent(IDisplayManagerCallback.java:121)
07-13 10:24:42.991 W/DisplayManagerService( 1813): 	at com.android.server.display.DisplayManagerService$CallbackRecord.notifyDisplayEventAsync(DisplayManagerService.java:3484)
07-13 10:24:42.991 W/DisplayManagerService( 1813): 	at com.android.server.display.DisplayManagerService$PendingCallback.sendPendingDisplayEvent(DisplayManagerService.java:3553)
07-13 10:24:42.991 W/DisplayManagerService( 1813): 	at com.android.server.display.DisplayManagerService$UidImportanceListener.onUidImportance(DisplayManagerService.java:994)
07-13 10:24:42.991 W/DisplayManagerService( 1813): 	at android.app.ActivityManager$MyUidObserver.onUidStateChanged(ActivityManager.java:207)
07-13 10:24:42.991 W/DisplayManagerService( 1813): 	at com.android.server.am.UidObserverController.dispatchUidsChangedForObserver(UidObserverController.java:414)
07-13 10:24:42.991 W/DisplayManagerService( 1813): 	at com.android.server.am.UidObserverController.dispatchUidsChanged(UidObserverController.java:280)
07-13 10:24:42.991 W/DisplayManagerService( 1813): 	at com.android.server.am.UidObserverController$$ExternalSyntheticLambda0.run(D8$$SyntheticClass:2)
07-13 10:24:42.991 W/DisplayManagerService( 1813): 	at android.os.Handler.handleCallback(Handler.java:958)
07-13 10:24:42.991 W/DisplayManagerService( 1813): 	at android.os.Handler.dispatchMessage(Handler.java:99)
07-13 10:24:42.991 W/DisplayManagerService( 1813): 	at android.os.Looper.loopOnce(Looper.java:222)
07-13 10:24:42.991 W/DisplayManagerService( 1813): 	at android.os.Looper.loop(Looper.java:314)
07-13 10:24:42.991 W/DisplayManagerService( 1813): 	at android.os.HandlerThread.run(HandlerThread.java:67)
07-13 10:24:42.991 W/DisplayManagerService( 1813): 	at com.android.server.ServiceThread.run(ServiceThread.java:46)
07-13 10:24:42.991 W/DisplayManagerService( 1813): 	at com.android.server.UiThread.run(UiThread.java:45)
07-13 10:24:42.997 D/ActivityManager( 1813): getProcessesInErrorState callingUid=10288, CallingPid=19459
07-13 10:24:42.998 D/C2MtkBufferManager( 1041): over 5000ms not request from VCodec but callback hooked, slow BM Cc fetch thread
07-13 10:24:42.999 D/DisplayManagerService( 1813): Drop pending events for dead process 15877
07-13 10:24:43.001 I/WindowManager( 1813): cancelAnimation removed leash : Surface(name=Surface(name=d59f9dd NavigationBar0#77073)/@0xd8156d9 - animation-leash of insets_animation#78977)/@0x1aa7982
07-13 10:24:43.001 D/connsyslogger( 1516): data recycle:time out
07-13 10:24:43.001 D/connsyslogger( 1516): idx=0 Bootup Log: 2 log files! filecount=3 
07-13 10:24:43.001 E/BufferQueueDebug( 1133): [Surface(name=d59f9dd NavigationBar0#77073)/@0xd8156d9 - animation-leash of insets_animation#78982](this:0xb400007855b32a30,id:-1,api:0,p:-1,c:-1) id info cannot be read from 'Surface(name=d59f9dd NavigationBar0#77073)/@0xd8156d9 - animation-leash of insets_animation#78982'
07-13 10:24:43.002 I/BufferQueueDebug( 1133): [Surface(name=d59f9dd NavigationBar0#77073)/@0xd8156d9 - animation-leash of insets_animation#78982](this:0xb400007855b32a30,id:-1,api:0,p:-1,c:-1) BufferQueue core=(1133:/system/bin/surfaceflinger)
07-13 10:24:43.002 I/BufferQueueDebug( 1133): [Surface(name=d59f9dd NavigationBar0#77073)/@0xd8156d9 - animation-leash of insets_animation#78973](this:0xb400007855899a30,id:-1,api:0,p:-1,c:1133) onDestructor()
07-13 10:24:43.002 I/BufferQueueDebug( 1133): [Surface(name=5a869db StatusBar#93)/@0xba1daa7 - animation-leash of insets_animation#78974](this:0xb4000078558e9a30,id:-1,api:0,p:-1,c:1133) onDestructor()
07-13 10:24:43.003 I/WindowManager( 1813): cancelAnimation removed leash : Surface(name=Surface(name=5a869db StatusBar#93)/@0xba1daa7 - animation-leash of insets_animation#78978)/@0x82420d0
07-13 10:24:43.004 E/BufferQueueDebug( 1133): [Surface(name=5a869db StatusBar#93)/@0xba1daa7 - animation-leash of insets_animation#78983](this:0xb40000785b459a30,id:-1,api:0,p:-1,c:-1) id info cannot be read from 'Surface(name=5a869db StatusBar#93)/@0xba1daa7 - animation-leash of insets_animation#78983'
07-13 10:24:43.004 I/BufferQueueDebug( 1133): [Surface(name=5a869db StatusBar#93)/@0xba1daa7 - animation-leash of insets_animation#78983](this:0xb40000785b459a30,id:-1,api:0,p:-1,c:-1) BufferQueue core=(1133:/system/bin/surfaceflinger)
07-13 10:24:43.005 D/MiuiFreeformAnimation( 2459): startAnimation change: {WCT{android.window.IWindowContainerToken$Stub$Proxy@69cc379} m=OPEN f=MOVE_TO_TOP leash=Surface(name=Task=5370#78970)/@0x660ad41 sb=Rect(0, 0 - 720, 1600) eb=Rect(0, 0 - 720, 1600) d=0} info.getType(): 2
07-13 10:24:43.005 I/MiuiFreeformAnimation( 2459): isLaunchWidgetPicker=false,taskInfo.getWindowingMode()=1, taskInfo.getActivityType()=1
