07-13 10:24:43.571 W/com.facebook.katana(17831): type=1400 audit(0.0:611162): avc:  denied  { execmod } for  comm=4173796E635461736B202331 path="/data/app/~~0Do3nKB7oKzSnG9YsFiL1Q==/com.facebook.katana-bcicghKI6OMyW8FGFwgEXA==/oat/arm64/base.odex" dev="dm-48" ino=1666723 scontext=u:r:untrusted_app:s0:c9,c257,c512,c768 tcontext=u:object_r:dalvikcache_data_file:s0 tclass=file permissive=0 app=com.facebook.katana
07-13 10:24:43.579 W/MlockOptimization(17831): mlock2 0x7cb2cd4000 72165376 successful for 7cb2cd4000-7cbb679000 rw-p 00000000 fd:30 486356                         /data/app/~~0Do3nKB7oKzSnG9YsFiL1Q==/com.facebook.katana-bcicghKI6OMyW8FGFwgEXA==/oat/arm64/base.vdex
07-13 10:24:43.579 W/ExperimentConfigurator(17831): onAppInit completed: 2 configs executed
07-13 10:24:43.579 I/mtkpower@impl( 1059): [powerd_req] TIMER_MSG_PERF_LOCK_TIMEOUT hdl:247321
07-13 10:24:43.579 I/libPowerHal( 1059): [perfLockRel] hdl:247321, idx:8
07-13 10:24:43.581 I/hwservicemanager(  477): getTransport: Cannot find entry android.hardware.configstore@1.0::ISurfaceFlingerConfigs/default in either framework or device VINTF manifest.
07-13 10:24:43.583 W/AppInitScheduler|Schedule(17831): Schedule 158:FbSharedPreferenceInitializer, deps=null (3 pending tasks, PriorityHint=VERY_HIGH, isCritical=true)
07-13 10:24:43.583 W/AppInitScheduler|Schedule(17831):   Executing 158:FbSharedPreferenceInitializer
07-13 10:24:43.584 W/AppInitScheduler|Schedule(17831): Schedule 192:InitAuthentication, deps=null (4 pending tasks, PriorityHint=NORMAL, isCritical=true)
07-13 10:24:43.584 W/AppInitScheduler|Schedule(17831):   Executing 192:InitAuthentication
07-13 10:24:43.584 W/AppInitScheduler|Schedule(17831): Schedule 266:MobileConfigAdminIdInit, deps=[192] (5 pending tasks, PriorityHint=VERY_HIGH, isCritical=true)
07-13 10:24:43.584 W/AppInitScheduler|Schedule(17831): Schedule 268:MobileConfigInit, deps=[192] (6 pending tasks, PriorityHint=VERY_HIGH, isCritical=true)
07-13 10:24:43.584 W/AppInitScheduler|Schedule(17831): Schedule 271:MobileConfigSessionlessInit, deps=null (7 pending tasks, PriorityHint=VERY_HIGH, isCritical=true)
07-13 10:24:43.584 W/AppInitScheduler|Schedule(17831):   Executing 271:MobileConfigSessionlessInit
07-13 10:24:43.584 W/AppInitScheduler|Schedule(17831): Schedule 201:InitExecutors, deps=null (8 pending tasks, PriorityHint=NORMAL, isCritical=true)
07-13 10:24:43.584 W/AppInitScheduler|Schedule(17831):   Executing 201:InitExecutors
07-13 10:24:43.584 W/AppInitScheduler|Schedule(17831): Schedule 427:StringResourcesDelegate, deps=[158, 201] (9 pending tasks, PriorityHint=HIGH, isCritical=true)
07-13 10:24:43.584 W/AppInitScheduler|Schedule(17831): Schedule 3:AnalyticsLoggerInit, deps=[201, 266, 268, 271] (10 pending tasks, PriorityHint=NORMAL, isCritical=true)
07-13 10:24:43.584 W/AppInitScheduler|Run(17831): Running FbSharedPreferenceInitializer [*], order=25, priorityHint=VERY_HIGH 
07-13 10:24:43.584 W/AppInitScheduler|Run(17831): Running InitAuthentication [*], order=26, priorityHint=NORMAL 
07-13 10:24:43.584 W/AppInitScheduler|Run(17831): Running MobileConfigSessionlessInit [*], order=29, priorityHint=VERY_HIGH 
07-13 10:24:43.584 W/AppInitScheduler|Run(17831): Running InitExecutors [*], order=30, priorityHint=NORMAL 
07-13 10:24:43.585 W/AppInitScheduler|Schedule(17831): Schedule 131:E2EForceMobileConfigFetch, deps=[268] (11 pending tasks, PriorityHint=NORMAL, isCritical=true)
07-13 10:24:43.585 W/AppInitScheduler|Schedule(17831): Schedule 132:E2EForceMobileConfigSessionlessFetch, deps=[271] (12 pending tasks, PriorityHint=NORMAL, isCritical=true)
07-13 10:24:43.585 W/AppInitScheduler|Schedule(17831): Schedule 161:FdidInitSync, deps=[268] (13 pending tasks, PriorityHint=NORMAL, isCritical=true)
07-13 10:24:43.585 W/AppInitScheduler|Schedule(17831): Schedule 191:InitAppModuleFallbackLoader, deps=null (14 pending tasks, PriorityHint=NORMAL, isCritical=true)
07-13 10:24:43.585 W/AppInitScheduler|Schedule(17831):   Executing 191:InitAppModuleFallbackLoader
07-13 10:24:43.586 W/AppInitScheduler|Run(17831): Running InitAppModuleFallbackLoader [*], order=36, priorityHint=NORMAL 
07-13 10:24:43.587 W/AppInitScheduler|Schedule(17831): Schedule 404:RunPerfMarkers, deps=[201, 247] (15 pending tasks, PriorityHint=NORMAL, isCritical=true)
07-13 10:24:43.587 W/AppInitScheduler|Schedule(17831): Schedule 220:InitPushLiteSdk, deps=[3, 404] (16 pending tasks, PriorityHint=NORMAL, isCritical=true)
07-13 10:24:43.587 W/AppInitScheduler|Schedule(17831): Schedule 237:LithoConfiguration, deps=[158, 201, 266, 268] (17 pending tasks, PriorityHint=NORMAL, isCritical=true)
07-13 10:24:43.588 W/AppInitScheduler|Schedule(17831): Schedule 384:PreloadWordmark, deps=[3] (18 pending tasks, PriorityHint=NORMAL, isCritical=true)
07-13 10:24:43.588 W/AppInitScheduler|Schedule(17831): Schedule 137:EagerInitImagePipeline, deps=[3] (19 pending tasks, PriorityHint=LOW, isCritical=true)
07-13 10:24:43.588 W/AppInitScheduler|Schedule(17831): Schedule 385:PrivacyUiiDetectionLogger, deps=[271] (20 pending tasks, PriorityHint=LOW, isCritical=true)
07-13 10:24:43.588 W/AppInitScheduler|Schedule(17831): Schedule 457:WaitForUIDependenciesInitializer, deps=[131, 132, 137, 161, 191, 220, 237, 384, 385, 427] (21 pending tasks, PriorityHint=CRITICAL_PATH, isCritical=true)
07-13 10:24:43.588 W/AppInitScheduler|Schedule(17831): Schedule 125:DismissSplashScreens, deps=[457] (22 pending tasks, PriorityHint=CRITICAL_PATH, isCritical=true)
07-13 10:24:43.588 W/AppInitScheduler|Schedule(17831): Schedule 135:EagerInitFBTigonLight, deps=[192, 239] (23 pending tasks, PriorityHint=CRITICAL_PATH, isCritical=true)
07-13 10:24:43.588 W/AppInitScheduler|Schedule(17831): Schedule 463:ZeroABTestStaticBootstrap, deps=null (24 pending tasks, PriorityHint=NORMAL, isCritical=true)
07-13 10:24:43.588 W/AppInitScheduler|Schedule(17831):   Executing 463:ZeroABTestStaticBootstrap
07-13 10:24:43.588 W/AppInitScheduler|Schedule(17831): Schedule 134:EagerInitFBTigon, deps=[135, 201, 271, 463] (25 pending tasks, PriorityHint=CRITICAL_PATH, isCritical=true)
07-13 10:24:43.588 W/AppInitScheduler|Schedule(17831): Schedule 421:StartupDestinationAppInit, deps=[158, 231, 266] (26 pending tasks, PriorityHint=CRITICAL_PATH, isCritical=true)
07-13 10:24:43.588 W/AppInitScheduler|Schedule(17831): Schedule 140:EarlyFetchStartupDestinationAppInit, deps=[421] (27 pending tasks, PriorityHint=CRITICAL_PATH, isCritical=true)
07-13 10:24:43.588 W/AppInitScheduler|Run(17831):   Finished CreateApplicationImpl in 21ms
07-13 10:24:43.588 W/AppInitScheduler|Schedule(17831): Schedule 164:FixieEarlyBroadcastExecutor, deps=null (28 pending tasks, PriorityHint=CRITICAL_PATH, isCritical=true)
07-13 10:24:43.589 W/AppInitScheduler|Schedule(17831):   Executing 164:FixieEarlyBroadcastExecutor
07-13 10:24:43.589 W/AppInitScheduler|Run(17831): Running ZeroABTestStaticBootstrap [*], order=46, priorityHint=NORMAL 
07-13 10:24:43.589 W/AppInitScheduler|Schedule(17831): Schedule 425:StaticGraphServiceFactoryInitializer, deps=[239] (28 pending tasks, PriorityHint=CRITICAL_PATH, isCritical=true)
07-13 10:24:43.589 W/AppInitScheduler|Schedule(17831):   Executing 425:StaticGraphServiceFactoryInitializer
07-13 10:24:43.589 W/AppInitScheduler|Run(17831): Running FixieEarlyBroadcastExecutor [*], order=50, priorityHint=CRITICAL_PATH 
07-13 10:24:43.590 E/libEGL  (17831): call to OpenGL ES API with no current context (logged once per thread)
07-13 10:24:43.590 E/libEGL  (17831): call to OpenGL ES API with no current context (logged once per thread)
07-13 10:24:43.590 E/libEGL  (17831): call to OpenGL ES API with no current context (logged once per thread)
07-13 10:24:43.591 W/AppInitScheduler|Schedule(17831): Schedule 181:GraphServiceEagerInit, deps=[134, 425] (29 pending tasks, PriorityHint=CRITICAL_PATH, isCritical=true)
07-13 10:24:43.591 W/AppInitScheduler|Schedule(17831): Schedule 248:MaybeUnblockComponentsEarly, deps=[266, 268, 271] (30 pending tasks, PriorityHint=CRITICAL_PATH, isCritical=true)
07-13 10:24:43.591 W/AppInitScheduler|Schedule(17831): Schedule 402:RunEarlyInitForActivity, deps=[131, 132, 421] (31 pending tasks, PriorityHint=CRITICAL_PATH, isCritical=true)
07-13 10:24:43.591 W/AppInitScheduler|Schedule(17831): Schedule 113:CheckUnstableContentProvider, deps=[268] (32 pending tasks, PriorityHint=VERY_HIGH, isCritical=false)
07-13 10:24:43.591 W/AppInitScheduler|Schedule(17831): Schedule 159:FbSharedPreferenceInitializerAsync, deps=null (33 pending tasks, PriorityHint=VERY_HIGH, isCritical=false)
07-13 10:24:43.591 W/AppInitScheduler|Schedule(17831):   Executing 159:FbSharedPreferenceInitializerAsync
07-13 10:24:43.591 W/AppInitScheduler|Schedule(17831): Schedule 375:PreloadStartupLightSharedPreferenceUsagesAppInit, deps=null (34 pending tasks, PriorityHint=VERY_HIGH, isCritical=false)
07-13 10:24:43.591 W/AppInitScheduler|Schedule(17831):   Executing 375:PreloadStartupLightSharedPreferenceUsagesAppInit
07-13 10:24:43.591 W/AppInitScheduler|Schedule(17831): Schedule 422:StartupQPLInit, deps=[201, 266, 268, 271] (35 pending tasks, PriorityHint=VERY_HIGH, isCritical=false)
07-13 10:24:43.591 W/AppInitScheduler|Schedule(17831): Schedule 465:ZeroV2GateEarlyInit, deps=null (36 pending tasks, PriorityHint=VERY_HIGH, isCritical=false)
07-13 10:24:43.591 W/AppInitScheduler|Schedule(17831):   Executing 465:ZeroV2GateEarlyInit
07-13 10:24:43.591 W/AppInitScheduler|Schedule(17831): Schedule 138:EarliestPossibleColdStartClassPreloadStarter, deps=null (37 pending tasks, PriorityHint=HIGH, isCritical=false)
07-13 10:24:43.591 W/AppInitScheduler|Schedule(17831):   Executing 138:EarliestPossibleColdStartClassPreloadStarter
07-13 10:24:43.591 W/AppInitScheduler|Schedule(17831): Schedule 361:PreloadFeedRequestHighPriority, deps=[421, 422] (38 pending tasks, PriorityHint=HIGH, isCritical=false)
07-13 10:24:43.592 W/AppInitScheduler|Schedule(17831): Schedule 461:WarmVolumeCache, deps=[158, 266] (39 pending tasks, PriorityHint=HIGH, isCritical=false)
07-13 10:24:43.592 W/AppInitScheduler|Schedule(17831): Schedule 1:AddProcessNameToErrorReport, deps=null (40 pending tasks, PriorityHint=NORMAL, isCritical=false)
07-13 10:24:43.592 W/AppInitScheduler|Schedule(17831):   Executing 1:AddProcessNameToErrorReport
07-13 10:24:43.592 W/AppInitScheduler|Schedule(17831): Schedule 2:AnalyticsInit, deps=[268] (41 pending tasks, PriorityHint=NORMAL, isCritical=false)
07-13 10:24:43.592 W/AppInitScheduler|Schedule(17831): Schedule 4:AnalyticsLoggerPostInitReplay, deps=[3] (42 pending tasks, PriorityHint=NORMAL, isCritical=false)
07-13 10:24:43.592 D/C2MtkBufferManager( 1041): over 5000ms not request from VCodec but callback hooked, slow BM Cc fetch thread
07-13 10:24:43.592 W/AppInitScheduler|Schedule(17831): Schedule 103:BloksInitializer, deps=[3] (43 pending tasks, PriorityHint=NORMAL, isCritical=false)
07-13 10:24:43.592 W/AppInitScheduler|Schedule(17831): Schedule 114:ClientCacheEdgeManagerInitializer, deps=[201, 268, 421] (44 pending tasks, PriorityHint=NORMAL, isCritical=false)
07-13 10:24:43.592 W/AppInitScheduler|Schedule(17831): Schedule 115:ClientCacheEdgeManagerInitializerUserScoped, deps=[201, 268, 421] (45 pending tasks, PriorityHint=NORMAL, isCritical=false)
07-13 10:24:43.592 W/AppInitScheduler|Schedule(17831): Schedule 117:ComposerSavedSessionStoreInitializer, deps=[158, 192, 201] (46 pending tasks, PriorityHint=NORMAL, isCritical=false)
07-13 10:24:43.592 W/AppInitScheduler|Schedule(17831): Schedule 122:DgwEarlySyncInitializer, deps=[201, 239, 266, 268, 271, 463] (47 pending tasks, PriorityHint=NORMAL, isCritical=false)
07-13 10:24:43.593 W/AppInitScheduler|Schedule(17831): Schedule 129:DownloadedFbResources, deps=[268, 271] (48 pending tasks, PriorityHint=NORMAL, isCritical=false)
07-13 10:24:43.593 W/AppInitScheduler|Schedule(17831): Schedule 130:E2EForceMobileConfigAdminIdFetch, deps=[266, 271] (49 pending tasks, PriorityHint=NORMAL, isCritical=false)
07-13 10:24:43.593 W/AppInitScheduler|Schedule(17831): Schedule 151:ErrorReporterSecondaryInit, deps=[158, 192, 201] (50 pending tasks, PriorityHint=NORMAL, isCritical=false)
07-13 10:24:43.593 W/AppInitScheduler|Schedule(17831): Schedule 153:Fb4aReactEagerInitHotMCUnpacker, deps=[158, 201, 268] (51 pending tasks, PriorityHint=NORMAL, isCritical=false)
07-13 10:24:43.593 W/AppInitScheduler|Schedule(17831): Schedule 155:FbMCPPluginInitializer, deps=[158, 239] (52 pending tasks, PriorityHint=NORMAL, isCritical=false)
07-13 10:24:43.593 W/AppInitScheduler|Schedule(17831): Schedule 156:FbMsysImmediateInitializer, deps=[3, 155] (53 pending tasks, PriorityHint=NORMAL, isCritical=false)
07-13 10:24:43.593 W/AppInitScheduler|Schedule(17831): Schedule 157:FbMsysPostBootstrapListenerRegistrarOnAppInit, deps=[201, 268, 271] (54 pending tasks, PriorityHint=NORMAL, isCritical=false)
07-13 10:24:43.593 D/BufferQueueConsumer(17831): [](id:45a700000000,api:0,p:-1,c:17831) connect: controlledByApp=true
07-13 10:24:43.594 W/AppInitScheduler|Schedule(17831): Schedule 342:NotifyAppStateManagerOnCreateComplete, deps=[201, 268] (55 pending tasks, PriorityHint=NORMAL, isCritical=false)
07-13 10:24:43.594 W/AppInitScheduler|Schedule(17831): Schedule 160:FbSharedUIQREnvironment, deps=[158, 342] (56 pending tasks, PriorityHint=NORMAL, isCritical=false)
07-13 10:24:43.595 W/AppInitScheduler|Schedule(17831): Schedule 163:FixieActivityManagerHook, deps=null (57 pending tasks, PriorityHint=NORMAL, isCritical=false)
07-13 10:24:43.595 W/AppInitScheduler|Schedule(17831):   Executing 163:FixieActivityManagerHook
07-13 10:24:43.595 W/AppInitScheduler|Schedule(17831): Schedule 165:FixieLimitNativeStackSize, deps=null (58 pending tasks, PriorityHint=NORMAL, isCritical=false)
07-13 10:24:43.595 W/AppInitScheduler|Schedule(17831):   Executing 165:FixieLimitNativeStackSize
07-13 10:24:43.595 W/AppInitScheduler|Schedule(17831): Schedule 166:FixieNoSync, deps=[268] (59 pending tasks, PriorityHint=NORMAL, isCritical=false)
07-13 10:24:43.595 W/AppInitScheduler|Schedule(17831): Schedule 189:InitAppChoreographer, deps=null (60 pending tasks, PriorityHint=NORMAL, isCritical=false)
07-13 10:24:43.595 W/AppInitScheduler|Schedule(17831):   Executing 189:InitAppChoreographer
07-13 10:24:43.595 W/AppInitScheduler|Schedule(17831): Schedule 167:FixieScheduleIdleWork, deps=[189, 457] (61 pending tasks, PriorityHint=NORMAL, isCritical=false)
07-13 10:24:43.595 W/AppInitScheduler|Schedule(17831): Schedule 182:HandleAppComponentsForPreTosBuild, deps=null (62 pending tasks, PriorityHint=NORMAL, isCritical=false)
07-13 10:24:43.595 W/AppInitScheduler|Schedule(17831):   Executing 182:HandleAppComponentsForPreTosBuild
07-13 10:24:43.595 W/AppInitScheduler|Schedule(17831): Schedule 184:INeedInitForBroadcastReceiverRegister, deps=[422] (63 pending tasks, PriorityHint=NORMAL, isCritical=false)
07-13 10:24:43.595 W/AppInitScheduler|Schedule(17831): Schedule 185:INeedInitForEventBusRegister, deps=null (64 pending tasks, PriorityHint=NORMAL, isCritical=false)
07-13 10:24:43.595 W/AppInitScheduler|Schedule(17831):   Executing 185:INeedInitForEventBusRegister
07-13 10:24:43.595 W/AppInitScheduler|Schedule(17831): Schedule 187:INeedInitForSharedPrefsListenerRegister, deps=[266, 268, 271] (65 pending tasks, PriorityHint=NORMAL, isCritical=false)
07-13 10:24:43.595 W/AppInitScheduler|Schedule(17831): Schedule 188:InitAndroidX, deps=[238] (66 pending tasks, PriorityHint=NORMAL, isCritical=false)
07-13 10:24:43.595 W/AppInitScheduler|Schedule(17831):   Executing 188:InitAndroidX
07-13 10:24:43.595 W/AppInitScheduler|Schedule(17831): Schedule 203:InitFeedVpvSeenStore, deps=[158, 422] (67 pending tasks, PriorityHint=NORMAL, isCritical=false)
07-13 10:24:43.595 W/AppInitScheduler|Schedule(17831): Schedule 204:InitFury, deps=[268] (68 pending tasks, PriorityHint=NORMAL, isCritical=false)
07-13 10:24:43.595 W/AppInitScheduler|Schedule(17831): Schedule 205:InitHelium, deps=[268] (69 pending tasks, PriorityHint=NORMAL, isCritical=false)
07-13 10:24:43.595 W/AppInitScheduler|Schedule(17831): Schedule 208:InitLacrimaLaterInit, deps=[201, 207] (70 pending tasks, PriorityHint=NORMAL, isCritical=false)
07-13 10:24:43.595 W/AppInitScheduler|Schedule(17831): Schedule 209:InitLogging, deps=null (71 pending tasks, PriorityHint=NORMAL, isCritical=false)
07-13 10:24:43.595 W/AppInitScheduler|Schedule(17831):   Executing 209:InitLogging
07-13 10:24:43.595 W/AppInitScheduler|Schedule(17831): Schedule 210:InitMallocHooks, deps=null (72 pending tasks, PriorityHint=NORMAL, isCritical=false)
07-13 10:24:43.595 W/AppInitScheduler|Schedule(17831):   Executing 210:InitMallocHooks
07-13 10:24:43.595 W/AppInitScheduler|Schedule(17831): Schedule 211:InitMemoryDumpHandler, deps=[268] (73 pending tasks, PriorityHint=NORMAL, isCritical=false)
07-13 10:24:43.595 W/AppInitScheduler|Schedule(17831): Schedule 219:InitPushabilityCheck, deps=[181, 220] (74 pending tasks, PriorityHint=NORMAL, isCritical=false)
07-13 10:24:43.595 W/AppInitScheduler|Schedule(17831): Schedule 464:ZeroLibraryInitializer, deps=[3, 134, 158, 422, 465] (75 pending tasks, PriorityHint=NORMAL, isCritical=false)
07-13 10:24:43.595 W/AppInitScheduler|Schedule(17831): Schedule 221:InitReliableMedia, deps=[404, 464] (76 pending tasks, PriorityHint=NORMAL, isCritical=false)
07-13 10:24:43.595 W/AppInitScheduler|Schedule(17831): Schedule 227:InitSurfaces, deps=[201] (77 pending tasks, PriorityHint=NORMAL, isCritical=false)
07-13 10:24:43.595 W/AppInitScheduler|Schedule(17831): Schedule 228:InitSystrace, deps=null (78 pending tasks, PriorityHint=NORMAL, isCritical=false)
07-13 10:24:43.595 W/AppInitScheduler|Schedule(17831):   Executing 228:InitSystrace
07-13 10:24:43.595 W/AppInitScheduler|Schedule(17831): Schedule 230:InitTrafficNTS, deps=[134, 266, 268] (79 pending tasks, PriorityHint=NORMAL, isCritical=false)
07-13 10:24:43.595 W/AppInitScheduler|Schedule(17831): Schedule 234:LanguageSwitcherCommonExInit, deps=[160] (80 pending tasks, PriorityHint=NORMAL, isCritical=false)
07-13 10:24:43.595 W/AppInitScheduler|Schedule(17831): Schedule 242:LocationRequestDetector, deps=[268] (81 pending tasks, PriorityHint=NORMAL, isCritical=false)
07-13 10:24:43.595 W/AppInitScheduler|Schedule(17831): Schedule 243:LogController, deps=[158] (82 pending tasks, PriorityHint=NORMAL, isCritical=false)
07-13 10:24:43.595 W/AppInitScheduler|Schedule(17831): Schedule 249:MessageQueueDoctor, deps=[3] (83 pending tasks, PriorityHint=NORMAL, isCritical=false)
07-13 10:24:43.595 W/AppInitScheduler|Schedule(17831): Schedule 275:MqttEarlySyncInitializerAfterAppCreate, deps=[125, 155] (84 pending tasks, PriorityHint=NORMAL, isCritical=false)
07-13 10:24:43.596 W/AppInitScheduler|Schedule(17831): Schedule 343:ObjectCountJestE2EBridge, deps=null (85 pending tasks, PriorityHint=NORMAL, isCritical=false)
07-13 10:24:43.596 W/AppInitScheduler|Schedule(17831):   Executing 343:ObjectCountJestE2EBridge
07-13 10:24:43.596 W/AppInitScheduler|Schedule(17831): Schedule 348:PendingStoryStoreInitializer, deps=[158, 201, 268] (86 pending tasks, PriorityHint=NORMAL, isCritical=false)
07-13 10:24:43.596 W/AppInitScheduler|Schedule(17831): Schedule 365:PreloadIconsInit, deps=[421, 422] (87 pending tasks, PriorityHint=NORMAL, isCritical=false)
07-13 10:24:43.596 W/AppInitScheduler|Schedule(17831): Schedule 370:PreloadNativeLibrariesVif, deps=[239, 266, 268] (88 pending tasks, PriorityHint=NORMAL, isCritical=false)
07-13 10:24:43.596 W/AppInitScheduler|Schedule(17831): Schedule 373:PreloadReelsCsrForReelsTabStarts, deps=[181, 422] (89 pending tasks, PriorityHint=NORMAL, isCritical=false)
07-13 10:24:43.596 W/AppInitScheduler|Schedule(17831): Schedule 381:PreloadVideoHomeDataController, deps=[421, 422] (90 pending tasks, PriorityHint=NORMAL, isCritical=false)
07-13 10:24:43.596 W/AppInitScheduler|Schedule(17831): Schedule 386:ProfiloBridgeFactoryImpl, deps=[247, 422] (91 pending tasks, PriorityHint=NORMAL, isCritical=false)
07-13 10:24:43.596 W/AppInitScheduler|Schedule(17831): Schedule 393:RasFileInitializer, deps=null (92 pending tasks, PriorityHint=NORMAL, isCritical=false)
07-13 10:24:43.596 W/AppInitScheduler|Schedule(17831):   Executing 393:RasFileInitializer
07-13 10:24:43.596 W/AppInitScheduler|Schedule(17831): Schedule 394:RegisterMainLooperTracer, deps=null (93 pending tasks, PriorityHint=NORMAL, isCritical=false)
07-13 10:24:43.596 W/AppInitScheduler|Schedule(17831):   Executing 394:RegisterMainLooperTracer
07-13 10:24:43.596 W/AppInitScheduler|Schedule(17831): Schedule 396:ReleaseDeferredBroadcastReceiver, deps=null (94 pending tasks, PriorityHint=NORMAL, isCritical=false)
07-13 10:24:43.596 W/AppInitScheduler|Schedule(17831):   Executing 396:ReleaseDeferredBroadcastReceiver
07-13 10:24:43.596 W/AppInitScheduler|Schedule(17831): Schedule 397:ReliabilityExperiments, deps=null (95 pending tasks, PriorityHint=NORMAL, isCritical=false)
07-13 10:24:43.596 W/AppInitScheduler|Schedule(17831):   Executing 397:ReliabilityExperiments
07-13 10:24:43.596 W/AppInitScheduler|Schedule(17831): Schedule 400:ReliabilityUserPerceptibleScopeToQPL, deps=[422] (96 pending tasks, PriorityHint=NORMAL, isCritical=false)
07-13 10:24:43.597 W/AppInitScheduler|Schedule(17831): Schedule 401:ReplayBroadcastReceivedDuringAppInit, deps=[457] (97 pending tasks, PriorityHint=NORMAL, isCritical=false)
07-13 10:24:43.597 W/AppInitScheduler|Schedule(17831): Schedule 406:ScheduleLowPriWork, deps=[457] (98 pending tasks, PriorityHint=NORMAL, isCritical=false)
07-13 10:24:43.597 W/AppInitScheduler|Schedule(17831): Schedule 414:SetupDynaBuilds, deps=null (99 pending tasks, PriorityHint=NORMAL, isCritical=false)
07-13 10:24:43.598 W/AppInitScheduler|Schedule(17831):   Executing 414:SetupDynaBuilds
07-13 10:24:43.598 W/AppInitScheduler|Schedule(17831): Schedule 428:TabBadgeFetchAppInit, deps=[266, 268] (100 pending tasks, PriorityHint=NORMAL, isCritical=false)
07-13 10:24:43.598 W/AppInitScheduler|Schedule(17831): Schedule 459:WarmFacebookEmojiFont, deps=[158, 268] (101 pending tasks, PriorityHint=NORMAL, isCritical=false)
07-13 10:24:43.598 W/AppInitScheduler|Schedule(17831): Schedule 462:WhitehatOverlayInitializer, deps=[158] (102 pending tasks, PriorityHint=NORMAL, isCritical=false)
07-13 10:24:43.598 W/AppInitScheduler|Schedule(17831): Schedule 356:PreloadFeedDataLoader, deps=[421, 422] (103 pending tasks, PriorityHint=LOW, isCritical=false)
07-13 10:24:43.598 W/AppInitScheduler|Schedule(17831): Schedule 358:PreloadFeedFullCacheLoad, deps=[421, 422] (104 pending tasks, PriorityHint=LOW, isCritical=false)
07-13 10:24:43.599 W/AppInitScheduler|Schedule(17831): Schedule 136:EagerInitFeedDataLoader, deps=[356, 358] (105 pending tasks, PriorityHint=LOW, isCritical=false)
07-13 10:24:43.599 W/AppInitScheduler|Schedule(17831): Schedule 141:EarlyInitStoriesTrayForActivity, deps=[421, 422] (106 pending tasks, PriorityHint=LOW, isCritical=false)
07-13 10:24:43.599 W/AppInitScheduler|Schedule(17831): Schedule 172:FriendlyFeedPrefetch, deps=[266] (107 pending tasks, PriorityHint=LOW, isCritical=false)
07-13 10:24:43.599 W/AppInitScheduler|Schedule(17831): Schedule 173:FriendlyFeedPrefetchOnFirstForegroundWarmStart, deps=[266] (108 pending tasks, PriorityHint=LOW, isCritical=false)
07-13 10:24:43.599 W/AppInitScheduler|Schedule(17831): Schedule 190:InitAppComponentFactoryStartupController, deps=[125] (109 pending tasks, PriorityHint=LOW, isCritical=false)
07-13 10:24:43.599 W/AppInitScheduler|Schedule(17831): Schedule 216:InitPeriodicThreadBooster, deps=[189, 268] (110 pending tasks, PriorityHint=LOW, isCritical=false)
07-13 10:24:43.599 W/AppInitScheduler|Schedule(17831): Schedule 233:KeepWarm, deps=[421, 422] (111 pending tasks, PriorityHint=LOW, isCritical=false)
07-13 10:24:43.599 W/AppInitScheduler|Schedule(17831): Schedule 245:LongtailVoltronAppInit, deps=[201, 268] (112 pending tasks, PriorityHint=LOW, isCritical=false)
07-13 10:24:43.599 W/AppInitScheduler|Schedule(17831): Schedule 265:MetaCasper, deps=[421, 422] (113 pending tasks, PriorityHint=LOW, isCritical=false)
07-13 10:24:43.599 W/AppInitScheduler|Schedule(17831): Schedule 267:MobileConfigAdminIdLaterInit, deps=[201, 266, 271] (114 pending tasks, PriorityHint=LOW, isCritical=false)
07-13 10:24:43.599 W/AppInitScheduler|Schedule(17831): Schedule 269:MobileConfigLaterInit, deps=[131, 201, 271] (115 pending tasks, PriorityHint=LOW, isCritical=false)
07-13 10:24:43.599 W/AppInitScheduler|Schedule(17831): Schedule 272:MobileConfigSessionlessLaterInit, deps=[132, 201] (116 pending tasks, PriorityHint=LOW, isCritical=false)
07-13 10:24:43.599 W/AppInitScheduler|Schedule(17831): Schedule 347:PartialScrollOnFirstForegroundWarmStart, deps=[421, 422] (117 pending tasks, PriorityHint=LOW, isCritical=false)
07-13 10:24:43.599 W/AppInitScheduler|Schedule(17831): Schedule 359:PreloadFeedRequest, deps=[421, 422] (118 pending tasks, PriorityHint=LOW, isCritical=false)
07-13 10:24:43.599 W/AppInitScheduler|Schedule(17831): Schedule 350:PrefetchFeedNetwork, deps=[359] (119 pending tasks, PriorityHint=LOW, isCritical=false)
07-13 10:24:43.599 W/AppInitScheduler|Schedule(17831): Schedule 351:PreloadClashManager, deps=[421, 422] (120 pending tasks, PriorityHint=LOW, isCritical=false)
07-13 10:24:43.599 W/AppInitScheduler|Schedule(17831): Schedule 354:PreloadCreatorsHomeToHUnit, deps=[266, 268] (121 pending tasks, PriorityHint=LOW, isCritical=false)
07-13 10:24:43.599 W/AppInitScheduler|Schedule(17831): Schedule 355:PreloadFeedConfig, deps=[421, 422] (122 pending tasks, PriorityHint=LOW, isCritical=false)
07-13 10:24:43.599 W/AppInitScheduler|Schedule(17831): Schedule 357:PreloadFeedFetchMetadata, deps=[421, 422] (123 pending tasks, PriorityHint=LOW, isCritical=false)
07-13 10:24:43.599 W/AppInitScheduler|Schedule(17831): Schedule 360:PreloadFeedRequestForAllStarts, deps=[421, 422] (124 pending tasks, PriorityHint=LOW, isCritical=false)
07-13 10:24:43.599 W/AppInitScheduler|Schedule(17831): Schedule 362:PreloadFreshFeedRanker, deps=[158, 422] (125 pending tasks, PriorityHint=LOW, isCritical=false)
07-13 10:24:43.599 W/AppInitScheduler|Schedule(17831): Schedule 363:PreloadFriendlyFeedFullCacheLoad, deps=[421, 422] (126 pending tasks, PriorityHint=LOW, isCritical=false)
07-13 10:24:43.599 W/AppInitScheduler|Schedule(17831): Schedule 364:PreloadHeroManager, deps=[421, 422] (127 pending tasks, PriorityHint=LOW, isCritical=false)
07-13 10:24:43.599 W/AppInitScheduler|Schedule(17831): Schedule 366:PreloadInlineComposerProfileImage, deps=[137, 158, 422] (128 pending tasks, PriorityHint=LOW, isCritical=false)
07-13 10:24:43.599 W/AppInitScheduler|Schedule(17831): Schedule 367:PreloadInlineComposerProfileImageDeferred, deps=[137, 189, 421, 422] (129 pending tasks, PriorityHint=LOW, isCritical=false)
07-13 10:24:43.599 W/AppInitScheduler|Schedule(17831): Schedule 368:PreloadLogDb, deps=[3, 421, 422] (130 pending tasks, PriorityHint=LOW, isCritical=false)
07-13 10:24:43.599 W/AppInitScheduler|Schedule(17831): Schedule 372:PreloadReactions, deps=[3, 158, 422] (131 pending tasks, PriorityHint=LOW, isCritical=false)
07-13 10:24:43.599 W/AppInitScheduler|Schedule(17831): Schedule 377:PreloadStoriesTray, deps=[136] (132 pending tasks, PriorityHint=LOW, isCritical=false)
07-13 10:24:43.599 W/AppInitScheduler|Schedule(17831): Schedule 378:PreloadStoriesTrayFetchController, deps=[158, 422] (133 pending tasks, PriorityHint=LOW, isCritical=false)
07-13 10:24:43.599 W/AppInitScheduler|Schedule(17831): Schedule 379:PreloadStoriesTrayQuery, deps=[158, 422] (134 pending tasks, PriorityHint=LOW, isCritical=false)
07-13 10:24:43.599 W/AppInitScheduler|Schedule(17831): Schedule 380:PreloadTabPreloadablesBackgroundPrefetch, deps=[158, 422] (135 pending tasks, PriorityHint=LOW, isCritical=false)
07-13 10:24:43.599 W/AppInitScheduler|Schedule(17831): Schedule 382:PreloadVideoPrivateSharing, deps=[158, 422] (136 pending tasks, PriorityHint=LOW, isCritical=false)
07-13 10:24:43.599 W/AppInitScheduler|Schedule(17831): Schedule 407:ScreenOnFeedPrefetch, deps=[266, 268] (137 pending tasks, PriorityHint=LOW, isCritical=false)
07-13 10:24:43.599 W/AppInitScheduler|Schedule(17831): Schedule 409:SecondaryDexPreloaderBg, deps=[138, 268] (138 pending tasks, PriorityHint=LOW, isCritical=false)
07-13 10:24:43.599 W/AppInitScheduler|Schedule(17831): Schedule 413:SetupBlockingBackgroundComponentReporting, deps=[422] (139 pending tasks, PriorityHint=LOW, isCritical=false)
07-13 10:24:43.599 W/AppInitScheduler|Schedule(17831): Schedule 423:StartupQPLReplayer, deps=[422] (140 pending tasks, PriorityHint=LOW, isCritical=false)
07-13 10:24:43.599 W/AppInitScheduler|Schedule(17831): Schedule 424:StartupQPLTransitToMatureStage, deps=[423] (141 pending tasks, PriorityHint=LOW, isCritical=false)
07-13 10:24:43.599 W/AppInitScheduler|Schedule(17831): Schedule 456:VideoMetaCasper, deps=[421, 422] (142 pending tasks, PriorityHint=LOW, isCritical=false)
07-13 10:24:43.599 W/OnApplicationInitInvoker(17831): Ignored missing AppInit dependency: 116:ComposeRecompositionTracking
07-13 10:24:43.599 W/OnApplicationInitInvoker(17831): Ignored missing AppInit dependency: 118:ComposeTracingInit
07-13 10:24:43.600 W/OnApplicationInitInvoker(17831): Ignored missing AppInit dependency: 174:GatekeeperStoreInitializer
07-13 10:24:43.600 W/OnApplicationInitInvoker(17831): Ignored missing AppInit dependency: 256:MessengerMCPPluginInitializer
07-13 10:24:43.600 W/AppInitScheduler|Run(17831):   Finished RunOnApplicationInit in 32ms
07-13 10:24:43.600 W/AppInitScheduler|Run(17831): Running StaticGraphServiceFactoryInitializer [*], order=51, priorityHint=CRITICAL_PATH 
07-13 10:24:43.604 W/AppInitScheduler|Run(17831):   Finished InitUltralight in 37ms
07-13 10:24:43.604 W/AppInitScheduler|Run(17831): Running FbSharedPreferenceInitializerAsync, order=56, priorityHint=VERY_HIGH 
07-13 10:24:43.610 W/AppInitScheduler|Run(17831):   Finished ZeroABTestStaticBootstrap in 22ms
07-13 10:24:43.610 W/AppInitScheduler|Run(17831): Running PreloadStartupLightSharedPreferenceUsagesAppInit, order=57, priorityHint=VERY_HIGH 
07-13 10:24:43.612 W/AppInitScheduler|Schedule(17831): Shutting down, all work scheduled.
07-13 10:24:43.612 W/AppInitScheduler|Schedule(17831): java.lang.RuntimeException
07-13 10:24:43.612 W/AppInitScheduler|Schedule(17831): 	at X.0l3.A04(:5)
07-13 10:24:43.612 W/AppInitScheduler|Schedule(17831): 	at com.facebook.katana.app.FacebookApplicationImpl.A00(:55)
07-13 10:24:43.612 W/AppInitScheduler|Schedule(17831): 	at X.0iF.run(:9)
07-13 10:24:43.612 W/AppInitScheduler|Schedule(17831): Shut down called with 140 pending tasks
07-13 10:24:43.612 D/C2MtkBufferManager( 1041): over 5000ms not request from VCodec but callback hooked, slow BM Cc fetch thread
07-13 10:24:43.615 W/AppInitScheduler|Run(17831):   Finished FixieEarlyBroadcastExecutor in 26ms
07-13 10:24:43.615 W/AppInitScheduler|Run(17831): Running ZeroV2GateEarlyInit, order=59, priorityHint=VERY_HIGH 
07-13 10:24:43.615 W/AppInitScheduler|Run(17831):   Finished InitAppModuleFallbackLoader in 30ms
07-13 10:24:43.615 W/AppInitScheduler|Run(17831): Running EarliestPossibleColdStartClassPreloadStarter, order=60, priorityHint=HIGH 
07-13 10:24:43.616 W/AppInitScheduler|Run(17831):   Finished ZeroV2GateEarlyInit in 1ms
07-13 10:24:43.616 W/AppInitScheduler|Run(17831): Running AddProcessNameToErrorReport, order=63, priorityHint=NORMAL 
07-13 10:24:43.620 W/AppInitScheduler|Run(17831):   Finished AddProcessNameToErrorReport in 4ms
07-13 10:24:43.621 W/AppInitScheduler|Run(17831): Running FixieActivityManagerHook, order=80, priorityHint=NORMAL 
07-13 10:24:43.622 E/facebook.katana(17831): No implementation found for int com.facebook.soloader.MergedSoMapping$Invoke_JNI_OnLoad.libelfconfig_so() (tried Java_com_facebook_soloader_MergedSoMapping_00024Invoke_1JNI_1OnLoad_libelfconfig_1so and Java_com_facebook_soloader_MergedSoMapping_00024Invoke_1JNI_1OnLoad_libelfconfig_1so__) - is the library loaded, e.g. System.loadLibrary?
07-13 10:24:43.628 W/EarliestPossibleColdStartClassPreloadStarter(17831): Class preload op code: 0
07-13 10:24:43.628 W/AppInitScheduler|Run(17831):   Finished PreloadStartupLightSharedPreferenceUsagesAppInit in 18ms
07-13 10:24:43.629 W/AppInitScheduler|Run(17831): Running FixieLimitNativeStackSize, order=81, priorityHint=NORMAL 
07-13 10:24:43.629 W/AppInitScheduler|Run(17831):   Finished FixieLimitNativeStackSize in 0ms
07-13 10:24:43.629 W/AppInitScheduler|Run(17831): Running InitAppChoreographer, order=83, priorityHint=NORMAL 
07-13 10:24:43.633 D/C2MtkBufferManager( 1041): over 5000ms not request from VCodec but callback hooked, slow BM Cc fetch thread
07-13 10:24:43.639 W/AppInitScheduler|Run(17831):   Finished InitAppChoreographer in 11ms
07-13 10:24:43.639 W/AppInitScheduler|Run(17831): Running HandleAppComponentsForPreTosBuild, order=85, priorityHint=NORMAL 
07-13 10:24:43.649 W/AppInitScheduler|Run(17831):   Finished FbSharedPreferenceInitializer in 66ms
07-13 10:24:43.649 W/AppInitScheduler|Schedule(17831):   Executing 155:FbMCPPluginInitializer
07-13 10:24:43.649 W/AppInitScheduler|Schedule(17831):   Executing 243:LogController
07-13 10:24:43.649 W/AppInitScheduler|Schedule(17831):   Executing 462:WhitehatOverlayInitializer
07-13 10:24:43.649 W/AppInitScheduler|Run(17831): Running FbMCPPluginInitializer, order=75, priorityHint=NORMAL 
07-13 10:24:43.652 W/AppInitScheduler|Run(17831):   Finished HandleAppComponentsForPreTosBuild in 13ms
07-13 10:24:43.652 W/AppInitScheduler|Run(17831): Running INeedInitForEventBusRegister, order=87, priorityHint=NORMAL 
07-13 10:24:43.653 D/C2MtkBufferManager( 1041): over 5000ms not request from VCodec but callback hooked, slow BM Cc fetch thread
07-13 10:24:43.653 D/CompatibilityChangeReporter(17831): Compat change id reported: 289878283; UID 10265; state: ENABLED
07-13 10:24:43.655 W/AppInitScheduler|Run(17831):   Finished InitExecutors in 70ms
07-13 10:24:43.655 W/AppInitScheduler|Schedule(17831):   Executing 427:StringResourcesDelegate
07-13 10:24:43.655 W/AppInitScheduler|Schedule(17831):   Executing 404:RunPerfMarkers
07-13 10:24:43.655 W/AppInitScheduler|Schedule(17831):   Executing 208:InitLacrimaLaterInit
07-13 10:24:43.655 W/AppInitScheduler|Schedule(17831):   Executing 227:InitSurfaces
07-13 10:24:43.655 W/AppInitScheduler|Run(17831): Running StringResourcesDelegate [*], order=31, priorityHint=HIGH 
07-13 10:24:43.660 W/libc    (17831): Access denied finding property "vendor.migl.debug"
07-13 10:24:43.661 E/libMiGL (17831): libmigl:This GPU version is note support Variable Shading Rate
07-13 10:24:43.662 E/libEGL  (17831): call to OpenGL ES API with no current context (logged once per thread)
07-13 10:24:43.664 W/AppInitScheduler|Run(17831):   Finished FbMCPPluginInitializer in 15ms
07-13 10:24:43.665 W/AppInitScheduler|Run(17831): Running RunPerfMarkers [*], order=37, priorityHint=NORMAL 
07-13 10:24:43.665 W/StartupMetricTracker(17831): Waiting for foreground/background determination...
07-13 10:24:43.670 W/AppInitScheduler|Run(17831):   Finished InitAuthentication in 87ms
07-13 10:24:43.671 W/AppInitScheduler|Schedule(17831):   Executing 266:MobileConfigAdminIdInit
07-13 10:24:43.671 W/AppInitScheduler|Schedule(17831):   Executing 268:MobileConfigInit
07-13 10:24:43.671 W/AppInitScheduler|Schedule(17831):   Executing 135:EagerInitFBTigonLight
07-13 10:24:43.671 W/AppInitScheduler|Schedule(17831):   Executing 117:ComposerSavedSessionStoreInitializer
07-13 10:24:43.671 W/AppInitScheduler|Schedule(17831):   Executing 151:ErrorReporterSecondaryInit
07-13 10:24:43.671 W/AppInitScheduler|Run(17831): Running MobileConfigAdminIdInit [*], order=27, priorityHint=VERY_HIGH 
07-13 10:24:43.674 D/C2MtkBufferManager( 1041): over 5000ms not request from VCodec but callback hooked, slow BM Cc fetch thread
07-13 10:24:43.694 D/C2MtkBufferManager( 1041): over 5000ms not request from VCodec but callback hooked, slow BM Cc fetch thread
07-13 10:24:43.695 W/AppInitScheduler|Run(17831):   Finished INeedInitForEventBusRegister in 42ms
07-13 10:24:43.695 W/AppInitScheduler|Run(17831): Running MobileConfigInit [*], order=28, priorityHint=VERY_HIGH 
07-13 10:24:43.698 W/AppInitScheduler|Run(17831):   Finished StaticGraphServiceFactoryInitializer in 99ms
07-13 10:24:43.698 W/AppInitScheduler|Run(17831): Running EagerInitFBTigonLight [*], order=45, priorityHint=CRITICAL_PATH 
07-13 10:24:43.698 W/AppInitScheduler|Run(17831):   Finished EagerInitFBTigonLight in 0ms
07-13 10:24:43.699 W/AppInitScheduler|Run(17831): RUN AppInit 117:ComposerSavedSessionStoreInitializer for start destination null
07-13 10:24:43.699 W/AppInitScheduler|Run(17831): Running ComposerSavedSessionStoreInitializer, order=69, priorityHint=NORMAL 
07-13 10:24:43.706 E/QPLProvider(17831): QuickPerformanceLogger instance wasn't installed in provider, returning noop. Please call QuickPerformanceLoggerProvider.setQuickPerformanceLogger() before getting the instance.
07-13 10:24:43.706 E/QPLProvider(17831): java.lang.IllegalStateException: No QPL instance provided
07-13 10:24:43.706 E/QPLProvider(17831): 	at com.facebook.quicklog.QuickPerformanceLoggerProvider.getQPLInstance(:35)
07-13 10:24:43.706 E/QPLProvider(17831): 	at X.1I2.Egn(:1)
07-13 10:24:43.706 E/QPLProvider(17831): 	at X.1Hp.<init>(:11)
07-13 10:24:43.706 E/QPLProvider(17831): 	at X.1Hw.apply(:18)
07-13 10:24:43.706 E/QPLProvider(17831): 	at java.util.concurrent.ConcurrentHashMap.computeIfAbsent(ConcurrentHashMap.java:1729)
07-13 10:24:43.706 E/QPLProvider(17831): 	at X.1Hk.A00(:71)
07-13 10:24:43.706 E/QPLProvider(17831): 	at X.1Ha.<clinit>(:2)
07-13 10:24:43.706 E/QPLProvider(17831): 	at X.1HW.<init>(:9)
07-13 10:24:43.706 E/QPLProvider(17831): 	at X.TqZ.A04(:991)
07-13 10:24:43.706 E/QPLProvider(17831): 	at X.18P.A01(:86)
07-13 10:24:43.706 E/QPLProvider(17831): 	at X.3Rn.A03(:69)
07-13 10:24:43.706 E/QPLProvider(17831): 	at com.facebook.common.appinit.invoker.OnApplicationInitInvoker.CNC(:2334)
07-13 10:24:43.706 E/QPLProvider(17831): 	at X.0ks.run(:292)
07-13 10:24:43.706 E/QPLProvider(17831): 	at java.util.concurrent.ThreadPoolExecutor.runWorker(ThreadPoolExecutor.java:1100)
07-13 10:24:43.706 E/QPLProvider(17831): 	at java.util.concurrent.ThreadPoolExecutor$Worker.run(ThreadPoolExecutor.java:624)
07-13 10:24:43.706 E/QPLProvider(17831): 	at X.0Fr.run(:11)
07-13 10:24:43.706 E/QPLProvider(17831): 	at java.lang.Thread.run(Thread.java:1572)
07-13 10:24:43.708 W/AppInitScheduler|Run(17831):   Finished ComposerSavedSessionStoreInitializer in 9ms
07-13 10:24:43.708 W/AppInitScheduler|Run(17831): Running ErrorReporterSecondaryInit, order=73, priorityHint=NORMAL 
07-13 10:24:43.710 W/AppInitScheduler|Run(17831):   Finished ErrorReporterSecondaryInit in 1ms
07-13 10:24:43.710 W/AppInitScheduler|Run(17831): Running InitAndroidX, order=89, priorityHint=NORMAL 
07-13 10:24:43.713 W/AppInitScheduler|Run(17831):   Finished InitAndroidX in 4ms
07-13 10:24:43.714 W/AppInitScheduler|Run(17831): Running InitLacrimaLaterInit, order=93, priorityHint=NORMAL 
07-13 10:24:43.715 D/C2MtkBufferManager( 1041): over 5000ms not request from VCodec but callback hooked, slow BM Cc fetch thread
07-13 10:24:43.716 W/AppInitScheduler|Run(17831):   Finished MobileConfigSessionlessInit in 132ms
07-13 10:24:43.716 W/AppInitScheduler|Schedule(17831):   Executing 132:E2EForceMobileConfigSessionlessFetch
07-13 10:24:43.716 W/AppInitScheduler|Schedule(17831):   Executing 385:PrivacyUiiDetectionLogger
07-13 10:24:43.716 W/AppInitScheduler|Schedule(17831):   Executing 134:EagerInitFBTigon
07-13 10:24:43.717 W/AppInitScheduler|Run(17831):   Finished MobileConfigAdminIdInit in 45ms
07-13 10:24:43.717 W/AppInitScheduler|Schedule(17831):   Executing 421:StartupDestinationAppInit
07-13 10:24:43.717 W/AppInitScheduler|Schedule(17831):   Executing 461:WarmVolumeCache
07-13 10:24:43.717 W/AppInitScheduler|Schedule(17831):   Executing 130:E2EForceMobileConfigAdminIdFetch
07-13 10:24:43.717 W/AppInitScheduler|Schedule(17831):   Executing 172:FriendlyFeedPrefetch
07-13 10:24:43.717 W/AppInitScheduler|Schedule(17831):   Executing 173:FriendlyFeedPrefetchOnFirstForegroundWarmStart
07-13 10:24:43.717 W/AppInitScheduler|Schedule(17831):   Executing 267:MobileConfigAdminIdLaterInit
07-13 10:24:43.717 W/AppInitScheduler|Run(17831): Running E2EForceMobileConfigSessionlessFetch [*], order=34, priorityHint=NORMAL 
07-13 10:24:43.717 W/AppInitScheduler|Run(17831):   Finished E2EForceMobileConfigSessionlessFetch in 0ms
07-13 10:24:43.717 W/AppInitScheduler|Schedule(17831):   Executing 272:MobileConfigSessionlessLaterInit
07-13 10:24:43.717 W/AppInitScheduler|Run(17831): Running PrivacyUiiDetectionLogger [*], order=42, priorityHint=LOW 
07-13 10:24:43.717 W/AppInitScheduler|Run(17831): Running EagerInitFBTigon [*], order=47, priorityHint=CRITICAL_PATH 
07-13 10:24:43.718 W/lacrima (17831): FbErrorReportingConfig.laterInit
07-13 10:24:43.723 W/AppInitScheduler|Run(17831):   Finished PrivacyUiiDetectionLogger in 6ms
07-13 10:24:43.723 W/AppInitScheduler|Run(17831): Running StartupDestinationAppInit [*], order=48, priorityHint=CRITICAL_PATH 
07-13 10:24:43.723 W/AppInitScheduler|Run(17831):   Finished StartupDestinationAppInit in 0ms
07-13 10:24:43.723 W/AppInitScheduler|Schedule(17831):   Executing 140:EarlyFetchStartupDestinationAppInit
07-13 10:24:43.724 W/AppInitScheduler|Run(17831): Running EarlyFetchStartupDestinationAppInit [*], order=49, priorityHint=CRITICAL_PATH 
07-13 10:24:43.724 W/AppInitScheduler|Run(17831):   Finished EarlyFetchStartupDestinationAppInit in 0ms
07-13 10:24:43.724 W/AppInitScheduler|Run(17831): RUN AppInit 461:WarmVolumeCache for start destination 6
07-13 10:24:43.724 W/AppInitScheduler|Run(17831): Running WarmVolumeCache, order=62, priorityHint=HIGH 
07-13 10:24:43.727 W/AppInitScheduler|Run(17831):   Finished WarmVolumeCache in 4ms
07-13 10:24:43.727 W/AppInitScheduler|Run(17831): Running E2EForceMobileConfigAdminIdFetch, order=72, priorityHint=NORMAL 
07-13 10:24:43.727 W/AppInitScheduler|Run(17831):   Finished E2EForceMobileConfigAdminIdFetch in 0ms
07-13 10:24:43.728 W/AppInitScheduler|Schedule(17831):   Executing async work for EagerInitFBTigon: InjectTigonServiceHolder
07-13 10:24:43.728 W/AppInitScheduler|Schedule(17831):   Executing async work for EagerInitFBTigon: InjectNativePlatformContextHolder
07-13 10:24:43.728 W/AppInitScheduler|Run(17831): Running InitLogging, order=94, priorityHint=NORMAL 
07-13 10:24:43.730 W/AppInitScheduler|Run(17831):   Finished MobileConfigInit in 36ms
07-13 10:24:43.731 W/AppInitScheduler|Schedule(17831):   Executing 3:AnalyticsLoggerInit
07-13 10:24:43.731 W/AppInitScheduler|Schedule(17831):   Executing 131:E2EForceMobileConfigFetch
07-13 10:24:43.731 W/AppInitScheduler|Schedule(17831):   Executing 161:FdidInitSync
07-13 10:24:43.731 W/AppInitScheduler|Schedule(17831):   Executing 237:LithoConfiguration
07-13 10:24:43.731 W/AppInitScheduler|Schedule(17831):   Executing 248:MaybeUnblockComponentsEarly
07-13 10:24:43.731 W/AppInitScheduler|Schedule(17831):   Executing 113:CheckUnstableContentProvider
07-13 10:24:43.731 E/AppState(17831): Returning default for firstRunInfo
07-13 10:24:43.731 W/AppInitScheduler|Schedule(17831):   Executing 422:StartupQPLInit
07-13 10:24:43.731 E/AppState(17831): Returning default for firstRunInfo
07-13 10:24:43.731 W/AppInitScheduler|Schedule(17831):   Executing 2:AnalyticsInit
07-13 10:24:43.731 W/AppInitScheduler|Schedule(17831):   Executing 114:ClientCacheEdgeManagerInitializer
07-13 10:24:43.731 W/AppInitScheduler|Schedule(17831):   Executing 115:ClientCacheEdgeManagerInitializerUserScoped
07-13 10:24:43.731 W/AppInitScheduler|Schedule(17831):   Executing 122:DgwEarlySyncInitializer
07-13 10:24:43.731 W/AppInitScheduler|Schedule(17831):   Executing 129:DownloadedFbResources
07-13 10:24:43.731 W/AppInitScheduler|Schedule(17831):   Executing 153:Fb4aReactEagerInitHotMCUnpacker
07-13 10:24:43.731 W/AppInitScheduler|Schedule(17831):   Executing 157:FbMsysPostBootstrapListenerRegistrarOnAppInit
07-13 10:24:43.731 W/AppInitScheduler|Schedule(17831):   Executing 342:NotifyAppStateManagerOnCreateComplete
07-13 10:24:43.731 W/AppInitScheduler|Schedule(17831):   Executing 166:FixieNoSync
07-13 10:24:43.731 W/AppInitScheduler|Schedule(17831):   Executing 187:INeedInitForSharedPrefsListenerRegister
07-13 10:24:43.731 W/AppInitScheduler|Run(17831):   Finished RunPerfMarkers in 67ms
07-13 10:24:43.731 W/AppInitScheduler|Schedule(17831):   Executing 204:InitFury
07-13 10:24:43.731 W/AppInitScheduler|Schedule(17831):   Executing 205:InitHelium
07-13 10:24:43.731 W/AppInitScheduler|Schedule(17831):   Executing 211:InitMemoryDumpHandler
07-13 10:24:43.731 W/AppInitScheduler|Schedule(17831):   Executing 242:LocationRequestDetector
07-13 10:24:43.731 W/AppInitScheduler|Schedule(17831):   Executing 348:PendingStoryStoreInitializer
07-13 10:24:43.731 W/AppInitScheduler|Schedule(17831):   Executing 370:PreloadNativeLibrariesVif
07-13 10:24:43.731 W/AppInitScheduler|Schedule(17831):   Executing 428:TabBadgeFetchAppInit
07-13 10:24:43.731 W/AppInitScheduler|Schedule(17831):   Executing 459:WarmFacebookEmojiFont
07-13 10:24:43.731 W/AppInitScheduler|Schedule(17831):   Executing 216:InitPeriodicThreadBooster
07-13 10:24:43.731 W/AppInitScheduler|Schedule(17831):   Executing 245:LongtailVoltronAppInit
07-13 10:24:43.731 W/AppInitScheduler|Schedule(17831):   Executing 354:PreloadCreatorsHomeToHUnit
07-13 10:24:43.731 W/AppInitScheduler|Schedule(17831):   Executing 407:ScreenOnFeedPrefetch
07-13 10:24:43.736 D/C2MtkBufferManager( 1041): over 5000ms not request from VCodec but callback hooked, slow BM Cc fetch thread
07-13 10:24:43.741 W/fb4a.AppInitScheduler|Run(17831):   Finished InitLogging in 4ms
07-13 10:24:43.742 W/fb4a.AppInitScheduler|Run(17831): Running AnalyticsLoggerInit [*], order=32, priorityHint=NORMAL 
07-13 10:24:43.743 W/fb4a.AppInitScheduler|Schedule(17831):   Executing async work for EagerInitFBTigon: InjectHttpClient
07-13 10:24:43.750 W/fb4a.AppInitScheduler|Run(17831):   Finished EarliestPossibleColdStartClassPreloadStarter in 135ms
07-13 10:24:43.750 W/fb4a.AppInitScheduler|Schedule(17831):   Executing 409:SecondaryDexPreloaderBg
07-13 10:24:43.755 D/CompatibilityChangeReporter( 1813): Compat change id reported: 261072174; UID 10174; state: ENABLED
07-13 10:24:43.756 D/C2MtkBufferManager( 1041): over 5000ms not request from VCodec but callback hooked, slow BM Cc fetch thread
07-13 10:24:43.759 W/fb4a.EndToEndAnalyticsEventListener(17831): WRITE_ANALYTICS_TO_LOGCAT = null, EndToEnd.isRunningEndToEndTest() = false
07-13 10:24:43.762 W/fb4a.AppInitScheduler|Run(17831):   Finished FixieActivityManagerHook in 142ms
07-13 10:24:43.762 W/fb4a.AppInitScheduler|Run(17831): Running E2EForceMobileConfigFetch [*], order=33, priorityHint=NORMAL 
07-13 10:24:43.763 W/fb4a.AppInitScheduler|Run(17831):   Finished E2EForceMobileConfigFetch in 1ms
07-13 10:24:43.763 W/fb4a.AppInitScheduler|Schedule(17831):   Executing 402:RunEarlyInitForActivity
07-13 10:24:43.763 W/fb4a.AppInitScheduler|Schedule(17831):   Executing 269:MobileConfigLaterInit
07-13 10:24:43.764 W/fb4a.AppInitScheduler|Run(17831): Running FdidInitSync [*], order=35, priorityHint=NORMAL 
07-13 10:24:43.767 W/fb4a.AppInitScheduler|Run(17831):   Finished AnalyticsLoggerInit in 24ms
07-13 10:24:43.767 W/fb4a.AppInitScheduler|Schedule(17831):   Executing 220:InitPushLiteSdk
07-13 10:24:43.767 W/fb4a.AppInitScheduler|Schedule(17831):   Executing 384:PreloadWordmark
07-13 10:24:43.767 W/fb4a.AppInitScheduler|Schedule(17831):   Executing 137:EagerInitImagePipeline
07-13 10:24:43.767 W/fb4a.AppInitScheduler|Schedule(17831):   Executing 4:AnalyticsLoggerPostInitReplay
07-13 10:24:43.767 W/fb4a.AppInitScheduler|Schedule(17831):   Executing 103:BloksInitializer
07-13 10:24:43.767 W/fb4a.AppInitScheduler|Schedule(17831):   Executing 156:FbMsysImmediateInitializer
07-13 10:24:43.767 W/fb4a.AppInitScheduler|Schedule(17831):   Executing 249:MessageQueueDoctor
07-13 10:24:43.767 W/fb4a.AppInitScheduler|Run(17831): Running InitPushLiteSdk [*], order=38, priorityHint=NORMAL 
07-13 10:24:43.768 W/fb4a.AppInitScheduler|Run(17831):   Finished FdidInitSync in 4ms
07-13 10:24:43.768 W/fb4a.AppInitScheduler|Run(17831): Running LithoConfiguration [*], order=39, priorityHint=NORMAL 
07-13 10:24:43.768 W/fb4a.FrscLanguagePackLoader(17831): Loading FRSC strings for locale (en_GB)
07-13 10:24:43.769 W/fb4a.AppInitScheduler|Run(17831):   Finished StringResourcesDelegate in 113ms
07-13 10:24:43.769 W/fb4a.AppInitScheduler|Run(17831): RUN AppInit 384:PreloadWordmark for start destination 6
07-13 10:24:43.769 W/fb4a.AppInitScheduler|Run(17831): Running PreloadWordmark [*], order=40, priorityHint=NORMAL 
07-13 10:24:43.777 D/C2MtkBufferManager( 1041): over 5000ms not request from VCodec but callback hooked, slow BM Cc fetch thread
07-13 10:24:43.777 E/fb4a.AppState(17831): Returning default for firstRunInfo
07-13 10:24:43.788 W/fb4a.AppInitScheduler|Run(17831):   Finished InitPushLiteSdk in 20ms
07-13 10:24:43.788 W/fb4a.AppInitScheduler|Run(17831): Running EagerInitImagePipeline [*], order=41, priorityHint=LOW 
07-13 10:24:43.789 W/fb4a.AppInitScheduler|Run(17831):   Finished LithoConfiguration in 21ms
07-13 10:24:43.789 W/fb4a.AppInitScheduler|Run(17831): Running MaybeUnblockComponentsEarly [*], order=53, priorityHint=CRITICAL_PATH 
07-13 10:24:43.790 W/fb4a.InitStatus(17831): Providers unblocked (126200781)
07-13 10:24:43.790 W/fb4a.InitStatus(17831): Services unblocked (198233218)
07-13 10:24:43.790 W/fb4a.InitStatus(17831): BroadcastReceivers unblocked (79880083)
07-13 10:24:43.790 W/fb4a.InitStatus(17831): Unblocked Provider (126200781)
07-13 10:24:43.790 W/fb4a.AppInitScheduler|Run(17831):   Finished MaybeUnblockComponentsEarly in 1ms
07-13 10:24:43.791 W/fb4a.AppInitScheduler|Run(17831): RUN AppInit 402:RunEarlyInitForActivity for start destination 6
07-13 10:24:43.791 W/fb4a.AppInitScheduler|Run(17831): Running RunEarlyInitForActivity [*], order=54, priorityHint=CRITICAL_PATH 
