07-13 10:24:44.942 D/C2MtkBufferManager( 1041): over 5000ms not request from VCodec but callback hooked, slow BM Cc fetch thread
07-13 10:24:44.949 I/M-ProMotion(17864): M-ProMotion is disabled
07-13 10:24:44.962 D/C2MtkBufferManager( 1041): over 5000ms not request from VCodec but callback hooked, slow BM Cc fetch thread
07-13 10:24:44.963 D/libMEOW (17864): meow new tls: 0xb400007d1d08c080
07-13 10:24:44.964 D/libMEOW (17864): meow reload base cfg path: na
07-13 10:24:44.964 D/libMEOW (17864): meow reload overlay cfg path: na
07-13 10:24:44.970 E/QT      (17864): [QT]file does not exist
07-13 10:24:44.971 D/libMEOW (17864): applied 1 plugins for [com.skillsroom.mobile]:
07-13 10:24:44.971 D/libMEOW (17864):   plugin 1: [libMEOW_gift.so]: 0xb400007d126c2dc0
07-13 10:24:44.972 D/libMEOW (17864): rebuild call chain: 0xb400007d1d0a8140
07-13 10:24:44.972 D/libMEOW (17864): meow delete tls: 0xb400007d1d08c080
07-13 10:24:44.982 D/C2MtkBufferManager( 1041): over 5000ms not request from VCodec but callback hooked, slow BM Cc fetch thread
07-13 10:24:44.990 D/ActivityManager( 1813): getProcessesInErrorState callingUid=10279, CallingPid=443
07-13 10:24:45.003 D/C2MtkBufferManager( 1041): over 5000ms not request from VCodec but callback hooked, slow BM Cc fetch thread
07-13 10:24:45.004 D/ActivityManager( 1813): getProcessesInErrorState callingUid=10288, CallingPid=19459
07-13 10:24:45.023 D/C2MtkBufferManager( 1041): over 5000ms not request from VCodec but callback hooked, slow BM Cc fetch thread
07-13 10:24:45.044 D/C2MtkBufferManager( 1041): over 5000ms not request from VCodec but callback hooked, slow BM Cc fetch thread
07-13 10:24:45.063 D/AppCompatDelegate(17864): Checking for metadata for AppLocalesMetadataHolderService : Service not found
07-13 10:24:45.064 D/C2MtkBufferManager( 1041): over 5000ms not request from VCodec but callback hooked, slow BM Cc fetch thread
07-13 10:24:45.074 I/ClipboardServiceI( 1813): checkProviderWakePathForClipboard: primaryClip is null
07-13 10:24:45.084 D/C2MtkBufferManager( 1041): over 5000ms not request from VCodec but callback hooked, slow BM Cc fetch thread
07-13 10:24:45.091 D/TaskStackChangeListeners( 2470): onTaskDescriptionChanged =  taskId = 5370
07-13 10:24:45.094 D/TaskStackChangeListeners( 2470): onTaskDescriptionChanged =  taskId = 5370
07-13 10:24:45.105 D/C2MtkBufferManager( 1041): over 5000ms not request from VCodec but callback hooked, slow BM Cc fetch thread
07-13 10:24:45.125 D/C2MtkBufferManager( 1041): over 5000ms not request from VCodec but callback hooked, slow BM Cc fetch thread
07-13 10:24:45.127 W/libc    (17864): Access denied finding property "ro.vendor.df.effect.conflict"
07-13 10:24:45.123 W/illsroom.mobile(17864): type=1400 audit(0.0:611169): avc:  denied  { read } for  name="u:object_r:vendor_displayfeature_prop:s0" dev="tmpfs" ino=8559 scontext=u:r:untrusted_app:s0:c210,c256,c512,c768 tcontext=u:object_r:vendor_displayfeature_prop:s0 tclass=file permissive=0 app=com.skillsroom.mobile
07-13 10:24:45.143 I/libPerfCtl( 1059): xgfGetFPS pid:2459 fps:-1
07-13 10:24:45.143 I/libPerfCtl( 1059): xgfGetFPS pid:2470 fps:-1
07-13 10:24:45.143 I/libPerfCtl( 1059): xgfGetFPS pid:17830 fps:-1
07-13 10:24:45.145 D/C2MtkBufferManager( 1041): over 5000ms not request from VCodec but callback hooked, slow BM Cc fetch thread
07-13 10:24:45.166 D/C2MtkBufferManager( 1041): over 5000ms not request from VCodec but callback hooked, slow BM Cc fetch thread
07-13 10:24:45.186 D/C2MtkBufferManager( 1041): over 5000ms not request from VCodec but callback hooked, slow BM Cc fetch thread
07-13 10:24:45.199 D/ULogGuard( 1314): Monitoring: 16 threads, 0 requests, 0 time-bombs; 2 guards. ResetFlags = 0x7
07-13 10:24:45.207 D/C2MtkBufferManager( 1041): over 5000ms not request from VCodec but callback hooked, slow BM Cc fetch thread
07-13 10:24:45.220 W/facebook.katana(17831): JNI RegisterNativeMethods: attempt to register 0 native methods for com.facebook.traffic.nts.providers.reachability.ReachabilityV2ProviderAppLayerUpcallsImpl
07-13 10:24:45.223 D/ConnectivityService( 1813): requestNetwork for uid/pid:10265/17831 activeRequest: null callbackRequest: 78166 [NetworkRequest [ REQUEST id=78167, [ Capabilities: INTERNET&NOT_RESTRICTED&TRUSTED&NOT_VCN_MANAGED Uid: 10265 RequestorUid: 10265 RequestorPkg: com.facebook.katana UnderlyingNetworks: Null] ]] callback flags: 0 order: 2147483647 isUidTracked: false declaredMethods: AVAIL|LOST|NC|LP
07-13 10:24:45.226 D/WifiNetworkFactory( 1813): got request NetworkRequest [ REQUEST id=78167, [ Capabilities: INTERNET&NOT_RESTRICTED&TRUSTED&NOT_VCN_MANAGED Uid: 10265 RequestorUid: 10265 RequestorPkg: com.facebook.katana UnderlyingNetworks: Null] ]
07-13 10:24:45.226 D/UntrustedWifiNetworkFactory( 1813): got request NetworkRequest [ REQUEST id=78167, [ Capabilities: INTERNET&NOT_RESTRICTED&TRUSTED&NOT_VCN_MANAGED Uid: 10265 RequestorUid: 10265 RequestorPkg: com.facebook.katana UnderlyingNetworks: Null] ]
07-13 10:24:45.227 D/OemPaidWifiNetworkFactory( 1813): got request NetworkRequest [ REQUEST id=78167, [ Capabilities: INTERNET&NOT_RESTRICTED&TRUSTED&NOT_VCN_MANAGED Uid: 10265 RequestorUid: 10265 RequestorPkg: com.facebook.katana UnderlyingNetworks: Null] ]
07-13 10:24:45.227 D/C2MtkBufferManager( 1041): over 5000ms not request from VCodec but callback hooked, slow BM Cc fetch thread
07-13 10:24:45.227 D/MultiInternetWifiNetworkFactory( 1813): got request NetworkRequest [ REQUEST id=78167, [ Capabilities: INTERNET&NOT_RESTRICTED&TRUSTED&NOT_VCN_MANAGED Uid: 10265 RequestorUid: 10265 RequestorPkg: com.facebook.katana UnderlyingNetworks: Null] ]
07-13 10:24:45.228 D/ConnectivityService( 1813): NetReassign [78167 : null → 141] [c 1] [a 1] [i 3]
07-13 10:24:45.230 D/connsyslogger( 1516): SD_LOG_ROOT is /data/debuglogger/connsyslog/fw.
07-13 10:24:45.230 D/connsyslogger( 1516): systemReady:1
07-13 10:24:45.247 D/C2MtkBufferManager( 1041): over 5000ms not request from VCodec but callback hooked, slow BM Cc fetch thread
07-13 10:24:45.259 E/SensorService( 1813): CL_L  VirtualAlspscanAccess packet:com.facebook.react.common.ShakeDetector use Sensorname:ACCELEROMETER 
07-13 10:24:45.262 D/ActivityManager( 1813): getProcessesInErrorState callingUid=10265, CallingPid=17831
07-13 10:24:45.265 I/Accelerometer( 1046): flush, flushCnt:1
07-13 10:24:45.268 D/C2MtkBufferManager( 1041): over 5000ms not request from VCodec but callback hooked, slow BM Cc fetch thread
07-13 10:24:45.268 I/Accelerometer( 1046): flush complete, flushCnt:0
07-13 10:24:45.271 D/CompatibilityChangeReporter( 1813): Compat change id reported: 161145287; UID 10210; state: ENABLED
07-13 10:24:45.284 W/fb4a.AppInitScheduler|Run(17831): DeadlockMonitor exiting.
07-13 10:24:45.288 D/C2MtkBufferManager( 1041): over 5000ms not request from VCodec but callback hooked, slow BM Cc fetch thread
07-13 10:24:45.309 D/C2MtkBufferManager( 1041): over 5000ms not request from VCodec but callback hooked, slow BM Cc fetch thread
07-13 10:24:45.329 D/C2MtkBufferManager( 1041): over 5000ms not request from VCodec but callback hooked, slow BM Cc fetch thread
07-13 10:24:45.340 W/unknown:BridgelessReact(17864): ReactHost{0}.startSurface(surfaceId = 0): Schedule
07-13 10:24:45.340 W/unknown:BridgelessReact(17864): ReactHost{0}.attachSurface(surfaceId = 0)
07-13 10:24:45.342 W/unknown:BridgelessReact(17864): ReactHost{0}.getOrCreateReactInstanceTask()
07-13 10:24:45.342 W/unknown:BridgelessReact(17864): ReactHost{0}.getOrCreateReactInstanceTask(): Start
07-13 10:24:45.342 W/unknown:BridgelessReact(17864): ReactHost{0}.getJSBundleLoader()
07-13 10:24:45.343 W/unknown:BridgelessReact(17864): ReactHost{0}.isMetroRunning()
07-13 10:24:45.350 D/C2MtkBufferManager( 1041): over 5000ms not request from VCodec but callback hooked, slow BM Cc fetch thread
07-13 10:24:45.350 D/DecorView[](17864): getWindowModeFromSystem  windowmode is 1
07-13 10:24:45.363 W/unknown:BridgelessReact(17864): ReactHost{0}.isMetroRunning(): Async result = true
07-13 10:24:45.364 W/unknown:BridgelessReact(17864): ReactHost{0}.loadJSBundleFromMetro()
07-13 10:24:45.370 D/C2MtkBufferManager( 1041): over 5000ms not request from VCodec but callback hooked, slow BM Cc fetch thread
07-13 10:24:45.379 I/illsroom.mobile(17864): hiddenapi: Accessing hidden method Landroid/view/ViewGroup;->makeOptionalFitsSystemWindows()V (runtime_flags=0, domain=platform, api=unsupported) from Landroidx/appcompat/widget/ViewUtils; (domain=app, TargetSdkVersion=36) using reflection: allowed
07-13 10:24:45.382 D/TaskStackChangeListeners( 2470): onTaskDescriptionChanged =  taskId = 5370
07-13 10:24:45.383 D/TaskStackChangeListeners( 2470): onTaskDescriptionChanged =  taskId = 5370
07-13 10:24:45.390 D/C2MtkBufferManager( 1041): over 5000ms not request from VCodec but callback hooked, slow BM Cc fetch thread
07-13 10:24:45.402 W/unknown:BridgelessReact(17864): ReactHost{0}.onHostResume(activity)
07-13 10:24:45.402 W/unknown:ReactNative(17864): Packager connection already open, nooping.
07-13 10:24:45.411 D/C2MtkBufferManager( 1041): over 5000ms not request from VCodec but callback hooked, slow BM Cc fetch thread
07-13 10:24:45.413 I/SurfaceFactory(17864): [static] sSurfaceFactory = com.mediatek.view.impl.SurfaceFactoryImpl@e444da
07-13 10:24:45.415 D/SurfaceFlinger( 1133): [SF client] NEW(0xb40000786cc57280) for (17864:com.skillsroom.mobile)
07-13 10:24:45.417 D/CompatibilityChangeReporter(17864): Compat change id reported: 237531167; UID 10210; state: DISABLED
07-13 10:24:45.418 D/nativeloader(17864): Load libpowerhalwrap_jni.so using system ns (caller=/system_ext/framework/mediatek-framework.jar): ok
07-13 10:24:45.419 I/PowerHalWrapper(17864): PowerHalWrapper.getInstance 
07-13 10:24:45.422 D/FramePredict(17864): FramePredict init: true
07-13 10:24:45.422 D/FramePredict(17864): init success
07-13 10:24:45.424 W/OpenGLRenderer(17864): Unknown dataspace 0
07-13 10:24:45.425 W/ActivityManager( 1813): Permission Denial: getCurrentUser() from pid=17864, uid=10210 requires android.permission.INTERACT_ACROSS_USERS
07-13 10:24:45.425 E/FramePredict(17864): registerContentObserver fail
07-13 10:24:45.431 W/libc    (17864): Access denied finding property "ro.vendor.display.iris_x7.support"
07-13 10:24:45.431 D/C2MtkBufferManager( 1041): over 5000ms not request from VCodec but callback hooked, slow BM Cc fetch thread
07-13 10:24:45.436 I/ForceDarkHelperStubImpl(17864): setViewRootImplForceDark: false for com.skillsroom.mobile.MainActivity@7b3310d, reason: DarkModeEnabled
07-13 10:24:45.436 D/VRI[MainActivity](17864): hardware acceleration = true, forceHwAccelerated = false
07-13 10:24:45.438 D/SurfaceFlinger( 1133): [SF client] NEW(0xb40000786cd4cd80) for (1813:system_server)
07-13 10:24:45.440 E/BufferQueueDebug( 1133): [133500c com.skillsroom.mobile/com.skillsroom.mobile.MainActivity#78988](this:0xb40000786c9fea30,id:-1,api:0,p:-1,c:-1) id info cannot be read from '133500c com.skillsroom.mobile/com.skillsroom.mobile.MainActivity#78988'
07-13 10:24:45.440 I/BufferQueueDebug( 1133): [133500c com.skillsroom.mobile/com.skillsroom.mobile.MainActivity#78988](this:0xb40000786c9fea30,id:-1,api:0,p:-1,c:-1) BufferQueue core=(1133:/system/bin/surfaceflinger)
07-13 10:24:45.446 W/Choreographer( 1813): Frame time is 0.027139  now = 627188827647920  timestampNanos = 627188827675059 ms in the future!  Check that graphics HAL is generating vsync timestamps using the correct timebase.
07-13 10:24:45.447 D/libMEOW (17864): meow new tls: 0xb400007cbd188d80
07-13 10:24:45.447 D/libMEOW (17864): applied 1 plugins for [com.skillsroom.mobile]:
07-13 10:24:45.448 D/libMEOW (17864):   plugin 1: [libMEOW_gift.so]: 0xb400007d126c2dc0
07-13 10:24:45.448 D/libMEOW (17864): rebuild call chain: 0xb400007cbd09f9c0
07-13 10:24:45.448 D/MiuiFullScreenTaskRepository( 2459): setFocusedTask taskId=5370, displayId=0, topActivity=ComponentInfo{com.skillsroom.mobile/com.skillsroom.mobile.MainActivity}
07-13 10:24:45.449 D/MiuiFullScreenTaskRepository( 2459): addOrUpdateFullScreenTaskInfo taskId=5370, topActivity=ComponentInfo{com.skillsroom.mobile/com.skillsroom.mobile.MainActivity}
07-13 10:24:45.449 D/MiuiDesktopModeController( 2459): onFocusTaskChanged newFocus: TaskInfo{userId=0 taskId=5370 displayId=0 isRunning=true baseIntent=Intent { flg=0x10000000 cmp=com.skillsroom.mobile/.MainActivity } baseActivity=ComponentInfo{com.skillsroom.mobile/com.skillsroom.mobile.MainActivity} topActivity=ComponentInfo{com.skillsroom.mobile/com.skillsroom.mobile.MainActivity} origActivity=null realActivity=ComponentInfo{com.skillsroom.mobile/com.skillsroom.mobile.MainActivity} numActivities=1 lastActiveTime=696282593 supportsSplitScreenMultiWindow=true supportsMultiWindow=true resizeMode=1 isResizeable=true minWidth=-1 minHeight=-1 defaultMinSize=200 token=WCT{android.window.IWindowContainerToken$Stub$Proxy@832904} topActivityType=1 pictureInPictureParams=null shouldDockBigOverlays=false launchIntoPipHostTaskId=-1 lastParentTaskIdBeforePip=-1 displayCutoutSafeInsets=Rect(0, 68 - 0, 0) topActivityInfo=ActivityInfo{b6fdeed com.skillsroom.mobile.MainActivity} launchCookies=[] positionInParent=Point(0, 0) parentTaskId=-1 isFocused=true isVisible=true isVisibleRequested=true isSleeping=false topActivityInSizeCompat=false topActivityEligibleForLetterboxEducation= false topActivityLetterboxed= false isFromDoubleTap= false topActivityLetterboxVerticalPosition= -1 topActivityLetterboxHorizontalPosition= -1 topActivityLetterboxWidth=-1 topActivityLetterboxHeight=-1 locusId=null displayAreaFeatureId=1 cameraCompatControlState=hidden mIsCastMode=false mTopActivityMediaSize=null mTopActivityRecordName=ActivityRecord{bcd63e6 u0 com.skillsroom.mobile/.MainActivity t5370} mTopActivityOrientation=1 mTopActivityWindowIsNowVisible=false isTranslucent=false isEmbedded=false shouldBeVisible=true mBehindAppLockPkg=null mOriginatingUid=0}
07-13 10:24:45.450 D/MiuiFreeformModeController( 2459): onFocusTaskChanged taskInfo: TaskInfo{userId=0 taskId=5370 displayId=0 isRunning=true baseIntent=Intent { flg=0x10000000 cmp=com.skillsroom.mobile/.MainActivity } baseActivity=ComponentInfo{com.skillsroom.mobile/com.skillsroom.mobile.MainActivity} topActivity=ComponentInfo{com.skillsroom.mobile/com.skillsroom.mobile.MainActivity} origActivity=null realActivity=ComponentInfo{com.skillsroom.mobile/com.skillsroom.mobile.MainActivity} numActivities=1 lastActiveTime=696282593 supportsSplitScreenMultiWindow=true supportsMultiWindow=true resizeMode=1 isResizeable=true minWidth=-1 minHeight=-1 defaultMinSize=200 token=WCT{android.window.IWindowContainerToken$Stub$Proxy@832904} topActivityType=1 pictureInPictureParams=null shouldDockBigOverlays=false launchIntoPipHostTaskId=-1 lastParentTaskIdBeforePip=-1 displayCutoutSafeInsets=Rect(0, 68 - 0, 0) topActivityInfo=ActivityInfo{b6fdeed com.skillsroom.mobile.MainActivity} launchCookies=[] positionInParent=Point(0, 0) parentTaskId=-1 isFocused=true isVisible=true isVisibleRequested=true isSleeping=false topActivityInSizeCompat=false topActivityEligibleForLetterboxEducation= false topActivityLetterboxed= false isFromDoubleTap= false topActivityLetterboxVerticalPosition= -1 topActivityLetterboxHorizontalPosition= -1 topActivityLetterboxWidth=-1 topActivityLetterboxHeight=-1 locusId=null displayAreaFeatureId=1 cameraCompatControlState=hidden mIsCastMode=false mTopActivityMediaSize=null mTopActivityRecordName=ActivityRecord{bcd63e6 u0 com.skillsroom.mobile/.MainActivity t5370} mTopActivityOrientation=1 mTopActivityWindowIsNowVisible=false isTranslucent=false isEmbedded=false shouldBeVisible=true mBehindAppLockPkg=null mOriginatingUid=0}
07-13 10:24:45.451 D/C2MtkBufferManager( 1041): over 5000ms not request from VCodec but callback hooked, slow BM Cc fetch thread
07-13 10:24:45.452 W/Looper  (17864): PerfMonitor looperActivity : package=com.skillsroom.mobile/.MainActivity time=499ms latency=1991ms  procState=-1  historyMsgCount=1 (msgIndex=1 wall=2022ms seq=3 late=1ms h=android.app.ActivityThread$H w=110)
07-13 10:24:45.452 D/MiuiFreeformModeObserver( 2459): activityResumed() intent： Intent { cmp=com.skillsroom.mobile/.MainActivity (has extras) }
07-13 10:24:45.452 D/RecentsImpl( 2470): mActivityStateObserver com.skillsroom.mobile.MainActivity
07-13 10:24:45.453 W/RecentsImpl( 2470): onResumed className=com.skillsroom.mobile.MainActivity   mIsInAnotherPro=false   isKeyguardLocked=false   mSecuritySpaceGuideShown=false
07-13 10:24:45.456 W/Looper  (17864): PerfMonitor looperActivity : package=com.skillsroom.mobile/.MainActivity time=1ms latency=2487ms  procState=-1  historyMsgCount=2 (msgIndex=1 wall=2022ms seq=3 late=1ms h=android.app.ActivityThread$H w=110) (msgIndex=2 wall=499ms seq=4 late=1991ms h=android.app.ActivityThread$H w=159)
07-13 10:24:45.458 I/Choreographer(17864): Skipped 76 frames!  The application may be doing too much work on its main thread.
07-13 10:24:45.466 I/hwcomposer( 1039): [HWCDisplay] [Display_0 (type:1)] fps:6.987833,dur:1001.74,max:797.89,min:15.70  
07-13 10:24:45.469 D/CoreBackPreview( 1813): Window{133500c u0 com.skillsroom.mobile/com.skillsroom.mobile.MainActivity}: Setting back callback OnBackInvokedCallbackInfo{mCallback=android.window.IOnBackInvokedCallback$Stub$Proxy@4f0905b, mPriority=0, mIsAnimationCallback=false}
07-13 10:24:45.472 D/C2MtkBufferManager( 1041): over 5000ms not request from VCodec but callback hooked, slow BM Cc fetch thread
07-13 10:24:45.473 E/BufferQueueDebug( 1133): [com.skillsroom.mobile/com.skillsroom.mobile.MainActivity#78989](this:0xb400007855809a30,id:-1,api:0,p:-1,c:-1) id info cannot be read from 'com.skillsroom.mobile/com.skillsroom.mobile.MainActivity#78989'
07-13 10:24:45.473 I/BufferQueueDebug( 1133): [com.skillsroom.mobile/com.skillsroom.mobile.MainActivity#78989](this:0xb400007855809a30,id:-1,api:0,p:-1,c:-1) BufferQueue core=(1133:/system/bin/surfaceflinger)
07-13 10:24:45.490 W/WindowManager( 1813): Changing focus from null to Window{133500c u0 com.skillsroom.mobile/com.skillsroom.mobile.MainActivity} displayId=0 Callers=com.android.server.wm.RootWindowContainer.updateFocusedWindowLocked:541 com.android.server.wm.WindowManagerService.updateFocusedWindowLocked:6840 com.android.server.wm.WindowManagerService.relayoutWindow:2940 com.android.server.wm.Session.relayout:263 
07-13 10:24:45.490 I/WindowManager( 1813): cancelAnimation removed leash : Surface(name=Surface(name=d59f9dd NavigationBar0#77073)/@0xd8156d9 - animation-leash of insets_animation#78982)/@0xe1dd737
07-13 10:24:45.490 E/BufferQueueDebug( 1133): [Surface(name=d59f9dd NavigationBar0#77073)/@0xd8156d9 - animation-leash of insets_animation#78990](this:0xb40000785584ba30,id:-1,api:0,p:-1,c:-1) id info cannot be read from 'Surface(name=d59f9dd NavigationBar0#77073)/@0xd8156d9 - animation-leash of insets_animation#78990'
07-13 10:24:45.491 I/BufferQueueDebug( 1133): [Surface(name=d59f9dd NavigationBar0#77073)/@0xd8156d9 - animation-leash of insets_animation#78990](this:0xb40000785584ba30,id:-1,api:0,p:-1,c:-1) BufferQueue core=(1133:/system/bin/surfaceflinger)
07-13 10:24:45.491 D/ActivityManager( 1813): getProcessesInErrorState callingUid=10279, CallingPid=443
07-13 10:24:45.492 D/C2MtkBufferManager( 1041): over 5000ms not request from VCodec but callback hooked, slow BM Cc fetch thread
07-13 10:24:45.492 I/WindowManager( 1813): cancelAnimation removed leash : Surface(name=Surface(name=5a869db StatusBar#93)/@0xba1daa7 - animation-leash of insets_animation#78983)/@0x5e720d
07-13 10:24:45.493 E/BufferQueueDebug( 1133): [Surface(name=5a869db StatusBar#93)/@0xba1daa7 - animation-leash of insets_animation#78991](this:0xb40000785588aa30,id:-1,api:0,p:-1,c:-1) id info cannot be read from 'Surface(name=5a869db StatusBar#93)/@0xba1daa7 - animation-leash of insets_animation#78991'
07-13 10:24:45.493 I/BufferQueueDebug( 1133): [Surface(name=5a869db StatusBar#93)/@0xba1daa7 - animation-leash of insets_animation#78991](this:0xb40000785588aa30,id:-1,api:0,p:-1,c:-1) BufferQueue core=(1133:/system/bin/surfaceflinger)
07-13 10:24:45.495 D/WindowManager( 1813): wms.Input focus has changed to Window{133500c u0 com.skillsroom.mobile/com.skillsroom.mobile.MainActivity} display=0 updateInputWindows = true
07-13 10:24:45.495 I/MultiSenceManagerInternalStub( 1813): getInstance
07-13 10:24:45.496 I/WindowManager( 1813): Relayout Window{133500c u0 com.skillsroom.mobile/com.skillsroom.mobile.MainActivity}: oldVis=4 newVis=0 focusMayChange = true requestedWidth = 720 requestedHeight = 1600 outFrames = ClientWindowFrames{frame=[0,0][720,1600] display=[0,0][720,1600] parentFrame=[0,0][0,0]} outSurfaceControl = Surface(name=com.skillsroom.mobile/com.skillsroom.mobile.MainActivity#78989)/@0x204b5c2
07-13 10:24:45.500 D/BufferQueueConsumer(17864): [](id:45c800000000,api:0,p:-1,c:17864) connect: controlledByApp=false
07-13 10:24:45.506 D/ActivityManager( 1813): getProcessesInErrorState callingUid=10288, CallingPid=19459
07-13 10:24:45.506 D/libMEOW (17864): meow new tls: 0xb400007cbd1a5d00
07-13 10:24:45.506 D/libMEOW (17864): applied 1 plugins for [com.skillsroom.mobile]:
07-13 10:24:45.506 D/libMEOW (17864):   plugin 1: [libMEOW_gift.so]: 0xb400007d126c2dc0
07-13 10:24:45.506 D/libMEOW (17864): rebuild call chain: 0xb400007cbd1bffc0
07-13 10:24:45.512 D/VRI[MainActivity](17864): vri.reportNextDraw android.view.ViewRootImpl.performTraversals:4402 android.view.ViewRootImpl.doTraversal:3018 android.view.ViewRootImpl$TraversalRunnable.run:10526 android.view.Choreographer$CallbackRecord.run:1682 android.view.Choreographer$CallbackRecord.run:1691 
07-13 10:24:45.512 D/C2MtkBufferManager( 1041): over 5000ms not request from VCodec but callback hooked, slow BM Cc fetch thread
07-13 10:24:45.513 D/VRI[MainActivity](17864): vri.Setup new sync=wmsSync-VRI[MainActivity]#0
07-13 10:24:45.513 D/SurfaceComposerClient( 1813): Transaction::apply InputWindowCommands.focusRequests timestamp=627188878689382, windowName=133500c com.skillsroom.mobile/com.skillsroom.mobile.MainActivity
07-13 10:24:45.514 I/SurfaceFlinger( 1133): sf.setTransactionState focusRequest transactionId:7786776407997 frontWin:133500c com.skillsroom.mobile/com.skillsroom.mobile.MainActivity
07-13 10:24:45.515 I/hwservicemanager(  477): getTransport: Cannot find entry android.hardware.configstore@1.0::ISurfaceFlingerConfigs/default in either framework or device VINTF manifest.
07-13 10:24:45.517 E/OpenGLRenderer(17864): Device claims wide gamut support, cannot find matching config, error = EGL_SUCCESS
07-13 10:24:45.517 W/OpenGLRenderer(17864): Failed to initialize 101010-2 format, error = EGL_SUCCESS
07-13 10:24:45.522 W/libc    (17864): Access denied finding property "vendor.migl.debug"
07-13 10:24:45.522 E/libMiGL (17864): libmigl:This GPU version is note support Variable Shading Rate
07-13 10:24:45.525 E/libEGL  (17864): pre_cache appList: ,,
07-13 10:24:45.529 I/SurfaceFlinger( 1133): sf.transactionReadyTimelineCheck focusRequest transactionId:7786776407997 vsyncId: -1
07-13 10:24:45.530 D/SurfaceFlinger( 1133): Focus addInputWindowCommands timestamp=627188878689382, windowName=133500c com.skillsroom.mobile/com.skillsroom.mobile.MainActivity
07-13 10:24:45.531 D/MI-SF   ( 1133): debug.config.media.video.dolby_vision_suports == false
07-13 10:24:45.531 D/MI-SF   ( 1133): debug.config.media.video.dolby_vision_suports == false
07-13 10:24:45.531 D/MI-SF   ( 1133): debug.config.media.video.dolby_vision_suports == false
07-13 10:24:45.531 E/HWComposer( 1133): getSupportedContentTypes: getSupportedContentTypes failed for display 0: Unsupported (8)
07-13 10:24:45.532 D/SurfaceFlinger( 1133): Find Focus windowName=133500c com.skillsroom.mobile/com.skillsroom.mobile.MainActivity, notVisible=1
07-13 10:24:45.532 D/Layer   ( 1133): Focus: com.skillsroom.mobile/com.skillsroom.mobile.MainActivity#78989 isHiddenByPolicy s.flags&layer_state_t::eLayerHidden=1
07-13 10:24:45.532 E/OpenGLRenderer(17864): Unable to match the desired swap behavior.
07-13 10:24:45.532 D/SurfaceFlinger( 1133): Focus inVisible Reason:isVisibleForInput(){hasInputInfo()?canReceiveInput():isVisible()}=0 has=1 can{!isHiddenByPolicy()&&(mBuffer==nullptr||getAlpha()>0.0f)}=0 Hidden=1 Buf=1 getA=1
07-13 10:24:45.533 D/SurfaceFlinger( 1133): updateWinowInfo=1, setFocusedWindow timestamp=627188878689382, windowName=133500c com.skillsroom.mobile/com.skillsroom.mobile.MainActivity
07-13 10:24:45.533 D/C2MtkBufferManager( 1041): over 5000ms not request from VCodec but callback hooked, slow BM Cc fetch thread
07-13 10:24:45.536 D/OpenGLRenderer(17864): makeCurrent grContext:0xb400007d17143640 reset mTextureAvailable
07-13 10:24:45.539 D/illsroom.mobile(17864): MiuiProcessManagerServiceStub setSchedFifo
07-13 10:24:45.539 I/MiuiProcessManagerImpl(17864): setSchedFifo pid:17864, mode:3
07-13 10:24:45.540 D/ProcessManager( 1813): beginSchedThreads is not Enabled
07-13 10:24:45.542 W/libc    (17864): Access denied finding property "ro.vendor.magt.mtk_magt_support"
07-13 10:24:45.542 D/MAGT_SYNC_FRAME(17864): MAGT Sync: MAGT is not supported. Disabling Sync.
07-13 10:24:45.544 D/hw-ProcessState(17864): Binder ioctl to enable oneway spam detection failed: Invalid argument
07-13 10:24:45.546 I/BufferQueueDebug( 1133): [Surface(name=d59f9dd NavigationBar0#77073)/@0xd8156d9 - animation-leash of insets_animation#78982](this:0xb400007855b32a30,id:-1,api:0,p:-1,c:1133) onDestructor()
07-13 10:24:45.546 I/BufferQueueDebug( 1133): [Surface(name=5a869db StatusBar#93)/@0xba1daa7 - animation-leash of insets_animation#78983](this:0xb40000785b459a30,id:-1,api:0,p:-1,c:1133) onDestructor()
07-13 10:24:45.549 W/libc    (17864): Access denied finding property "ro.vendor.display.iris_x7.support"
07-13 10:24:45.553 D/C2MtkBufferManager( 1041): over 5000ms not request from VCodec but callback hooked, slow BM Cc fetch thread
07-13 10:24:45.574 D/C2MtkBufferManager( 1041): over 5000ms not request from VCodec but callback hooked, slow BM Cc fetch thread
07-13 10:24:45.594 D/C2MtkBufferManager( 1041): over 5000ms not request from VCodec but callback hooked, slow BM Cc fetch thread
07-13 10:24:45.606 I/ExtendedUtils( 1059): [timer_thread_start] epoll wait thread while start
07-13 10:24:45.606 I/ExtendedPerfBoost( 1059): [restore_callback_expires] thermalbreak callback
07-13 10:24:45.606 I/ExtendedPerfBoost( 1059): [triggerList_update] del one node to freelist
07-13 10:24:45.606 I/ExtendedPerfBoost( 1059): [triggerList_update] now trigger boost:0  info
07-13 10:24:45.606 I/ExtendedPerfBoost( 1059): [trig_thermalbreak] curr target time is same last target time
07-13 10:24:45.606 I/ExtendedPerfBoost( 1059): [setThermalBreak] [setThermalBreak] : boost:0
07-13 10:24:45.615 D/C2MtkBufferManager( 1041): over 5000ms not request from VCodec but callback hooked, slow BM Cc fetch thread
07-13 10:24:45.635 D/C2MtkBufferManager( 1041): over 5000ms not request from VCodec but callback hooked, slow BM Cc fetch thread
07-13 10:24:45.642 E/LB      (17864): fail to open file: No such file or directory
07-13 10:24:45.642 E/LB      (17864): fail to open node: No such file or directory
07-13 10:24:45.643 W/libc    (17864): Access denied finding property "ro.vendor.display.iris_x7.support"
07-13 10:24:45.644 D/BLASTBufferQueue(17864): [VRI[MainActivity]#0](f:0,a:1) acquireNextBufferLocked size=720x1600 mFrameNumber=1 applyTransaction=true mTimestamp=627189024786074(auto) mPendingTransactions.size=0 graphicBufferId=76725295775744 transform=0
07-13 10:24:45.646 E/surfaceflinger( 1133): == MALI DEBUG ===eglp_winsys_populate_image_templates ==12288
07-13 10:24:45.646 I/gralloc4( 1133): @set_metadata: update dataspace from GM (0x08010000 -> 0x00000000)
07-13 10:24:45.647 D/VRI[MainActivity](17864): vri.reportDrawFinished
07-13 10:24:45.648 W/WindowManager( 1813): finishDrawingWindow: Window{133500c u0 com.skillsroom.mobile/com.skillsroom.mobile.MainActivity} mDrawState=DRAW_PENDING
07-13 10:24:45.648 D/WindowManager( 1813): wms.finishDrawingLocked: mDrawState=COMMIT_DRAW_PENDING Window{133500c u0 com.skillsroom.mobile/com.skillsroom.mobile.MainActivity} in Surface(name=com.skillsroom.mobile/com.skillsroom.mobile.MainActivity#78989)/@0x5e55710
07-13 10:24:45.648 W/Looper  (17864): PerfMonitor doFrame : time=189ms vsyncFrame=0 latency=1280ms procState=-1 historyMsgCount=5 (msgIndex=1 wall=2022ms seq=3 late=1ms h=android.app.ActivityThread$H w=110) (msgIndex=2 wall=499ms seq=4 late=1991ms h=android.app.ActivityThread$H w=159)
07-13 10:24:45.651 D/TaskSnapshot_Helper( 1813): shouldDelay()... Not launched by home, no delay needed.
07-13 10:24:45.651 E/BufferQueueDebug( 1133): [Surface(name=133500c com.skillsroom.mobile/com.skillsroom.mobile.MainActivity#78988)/@0x98d2209 - animation-leash of starting_reveal#78992](this:0xb40000785b59fa30,id:-1,api:0,p:-1,c:-1) id info cannot be read from 'Surface(name=133500c com.skillsroom.mobile/com.skillsroom.mobile.MainActivity#78988)/@0x98d2209 - animation-leash of starting_reveal#78992'
07-13 10:24:45.651 I/OpenGLRenderer(17864): Davey! duration=1466ms; Flags=1, FrameTimelineVsyncId=226345323, IntendedVsync=627187560810311, Vsync=627188827477003, InputEventId=0, HandleInputStart=627188841467613, AnimationStart=627188841482305, PerformTraversalsStart=627188841762997, DrawStart=627188914650920, FrameDeadline=627187577810311, FrameInterval=627188840398382, FrameStartTime=16666667, SyncQueued=627188918076228, SyncStart=627188918659228, IssueDrawCommandsStart=627188922661151, SwapBuffers=627189019628151, FrameCompleted=627189028191536, DequeueBufferDuration=1612924, QueueBufferDuration=1155462, GpuCompleted=627189022732228, SwapBuffersCompleted=627189028191536, DisplayPresentTime=4294901833, CommandSubmissionCompleted=627189019628151, 
07-13 10:24:45.651 I/BufferQueueDebug( 1133): [Surface(name=133500c com.skillsroom.mobile/com.skillsroom.mobile.MainActivity#78988)/@0x98d2209 - animation-leash of starting_reveal#78992](this:0xb40000785b59fa30,id:-1,api:0,p:-1,c:-1) BufferQueue core=(1133:/system/bin/surfaceflinger)
07-13 10:24:45.655 D/C2MtkBufferManager( 1041): over 5000ms not request from VCodec but callback hooked, slow BM Cc fetch thread
07-13 10:24:45.658 W/WindowManager( 1813): real show surface com.skillsroom.mobile/com.skillsroom.mobile.MainActivity sc:Surface(name=com.skillsroom.mobile/com.skillsroom.mobile.MainActivity#78989)/@0x5e55710
07-13 10:24:45.663 I/gralloc4( 1133): @set_metadata: update dataspace from GM (0x00000000 -> 0x08010000)
07-13 10:24:45.664 D/View    ( 2459): [Warning] assignParent to null: this = android.widget.FrameLayout{cd317b3 V.E...... ......I. 0,0-720,1600}
07-13 10:24:45.665 W/libprocessgroup( 1813): SetCgroup::ExecuteForProcess: failed to open /dev/blkio//cgroup.procs: No such file or directory
07-13 10:24:45.676 D/C2MtkBufferManager( 1041): over 5000ms not request from VCodec but callback hooked, slow BM Cc fetch thread
07-13 10:24:45.677 I/ActivityTaskManager( 1813): Displayed com.skillsroom.mobile/.MainActivity for user 0: +3s73ms
07-13 10:24:45.680 W/WindowOnBackDispatcher( 2459): sendCancelIfRunning: isInProgress=falsecallback=android.view.ViewRootImpl$$ExternalSyntheticLambda23@e78483c
07-13 10:24:45.682 D/CoreBackPreview( 1813): Window{58a03ca u0 Splash Screen com.skillsroom.mobile}: Setting back callback null
07-13 10:24:45.682 D/CompatibilityChangeReporter(17864): Compat change id reported: 210923482; UID 10210; state: ENABLED
07-13 10:24:45.684 D/BLASTBufferQueue( 2459): [VRI[mobile]#2782](f:0,a:1) destructor()
07-13 10:24:45.684 I/BpBinder( 1133): onLastStrongRef automatically unlinking death recipients: 
07-13 10:24:45.684 D/BufferQueueConsumer( 2459): [VRI[mobile]#2782(BLAST Consumer)2782](id:99b00000b3b,api:0,p:-1,c:2459) disconnect
07-13 10:24:45.690 W/InputManager-JNI( 1813): Input channel object '58a03ca Splash Screen com.skillsroom.mobile (client)' was disposed without first being removed with the input manager!
07-13 10:24:45.693 E/BufferQueueDebug( 1133): [Surface(name=58a03ca Splash Screen com.skillsroom.mobile#78975)/@0x873b1a - animation-leash of window_animation#78993](this:0xb40000785b5e6a30,id:-1,api:0,p:-1,c:-1) id info cannot be read from 'Surface(name=58a03ca Splash Screen com.skillsroom.mobile#78975)/@0x873b1a - animation-leash of window_animation#78993'
07-13 10:24:45.694 I/BufferQueueDebug( 1133): [Surface(name=58a03ca Splash Screen com.skillsroom.mobile#78975)/@0x873b1a - animation-leash of window_animation#78993](this:0xb40000785b5e6a30,id:-1,api:0,p:-1,c:-1) BufferQueue core=(1133:/system/bin/surfaceflinger)
07-13 10:24:45.696 D/C2MtkBufferManager( 1041): over 5000ms not request from VCodec but callback hooked, slow BM Cc fetch thread
07-13 10:24:45.701 I/gralloc4( 2459): @set_metadata: update dataspace from GM (0x00000000 -> 0x08010000)
07-13 10:24:45.707 D/SurfaceFlinger( 1133): [SF client] NEW(0xb40000786cdf9a00) for (17864:com.skillsroom.mobile)
07-13 10:24:45.710 I/gralloc4( 2459): @set_metadata: update dataspace from GM (0x00000000 -> 0x08010000)
07-13 10:24:45.711 I/PowerHalWrapper( 1813): amsBoostNotify pid:2470,activity:com.miui.home.launcher.Launcher, package:com.miui.home, mProcessCreatePackcom.skillsroom.mobile 
07-13 10:24:45.711 I/PowerHalWrapper( 1813): state: 0 
07-13 10:24:45.713 I/BufferQueueProducer( 1133): [NavigationBar0#77076](this:0xb4000078557c9a30,id:-1,api:0,p:-1,c:1133) queueBuffer: fps=3.74 dur=2677.11 max=2555.13 min=9.03
07-13 10:24:45.714 I/BufferQueueProducer( 1133): [StatusBar#98](this:0xb400007865c71a30,id:-1,api:0,p:-1,c:1133) queueBuffer: fps=0.36 dur=5526.70 max=4544.42 min=982.28
07-13 10:24:45.717 D/C2MtkBufferManager( 1041): over 5000ms not request from VCodec but callback hooked, slow BM Cc fetch thread
07-13 10:24:45.719 I/mtkpower_client( 1813): [Legacy][PowerHal_Wrap_notifyAppState] com.miui.home/com.miui.home.launcher.Launcher pid=2470 state:0
07-13 10:24:45.720 I/libPowerHal( 1059): [perfNotifyAppState] pack:com.miui.home, act:com.miui.home.launcher.Launcher, state:0, pid:2470, uid:10166, fps:-1
07-13 10:24:45.721 W/libc    (17864): Access denied finding property "ro.vendor.display.iris_x7.support"
07-13 10:24:45.722 I/PowerHalWrapper( 1813): amsBoostNotify AMS_BOOST_PROCESS_CREATE_BOOST:true 
07-13 10:24:45.722 I/ForceDarkHelperStubImpl(17864): setViewRootImplForceDark: false for com.skillsroom.mobile.MainActivity@7b3310d, reason: DarkModeEnabled
07-13 10:24:45.722 D/VRI[PopupWindow:562382c](17864): hardware acceleration = true, forceHwAccelerated = false
07-13 10:24:45.726 I/gralloc4( 2459): @set_metadata: update dataspace from GM (0x00000000 -> 0x08010000)
07-13 10:24:45.731 E/BufferQueueDebug( 1133): [1ba0941 PopupWindow:562382c#78994](this:0xb400007855899a30,id:-1,api:0,p:-1,c:-1) id info cannot be read from '1ba0941 PopupWindow:562382c#78994'
07-13 10:24:45.731 I/BufferQueueDebug( 1133): [1ba0941 PopupWindow:562382c#78994](this:0xb400007855899a30,id:-1,api:0,p:-1,c:-1) BufferQueue core=(1133:/system/bin/surfaceflinger)
07-13 10:24:45.733 I/gralloc4( 2459): @set_metadata: update dataspace from GM (0x00000000 -> 0x08010000)
07-13 10:24:45.734 I/GED     ( 2470): ged_boost_gpu_freq, level 100, eOrigin 2, final_idx 31, oppidx_max 31, oppidx_min 0
07-13 10:24:45.737 D/C2MtkBufferManager( 1041): over 5000ms not request from VCodec but callback hooked, slow BM Cc fetch thread
07-13 10:24:45.737 I/gralloc4( 2459): @set_metadata: update dataspace from GM (0x00000000 -> 0x08010000)
07-13 10:24:45.747 I/gralloc4( 2459): @set_metadata: update dataspace from GM (0x00000000 -> 0x08010000)
07-13 10:24:45.750 D/CoreBackPreview( 1813): Window{1ba0941 u0 PopupWindow:562382c}: Setting back callback OnBackInvokedCallbackInfo{mCallback=android.window.IOnBackInvokedCallback$Stub$Proxy@3156ed4, mPriority=0, mIsAnimationCallback=false}
07-13 10:24:45.751 D/Launcher.Lifecycle( 2470): onStop:UserHandle{0},63f4ca8,false
07-13 10:24:45.753 D/SoscSplitStateController( 2470): updateDividerFixedState: isFixed = false
07-13 10:24:45.754 I/gralloc4( 2459): @set_metadata: update dataspace from GM (0x00000000 -> 0x08010000)
07-13 10:24:45.755 D/SoScSplitScreenController( 2459): updateDividerFixedState isFixed:false
07-13 10:24:45.761 D/Launcher_UnlockAnimationStateMachine( 2470): onStop = IDLE
07-13 10:24:45.761 D/C2MtkBufferManager( 1041): over 5000ms not request from VCodec but callback hooked, slow BM Cc fetch thread
07-13 10:24:45.762 I/gralloc4( 2459): @set_metadata: update dataspace from GM (0x00000000 -> 0x08010000)
07-13 10:24:45.764 D/ActivityManager( 1813): getProcessesInErrorState callingUid=10265, CallingPid=17831
07-13 10:24:45.767 D/LauncherAssistantCompatGoogle( 2470): onStop com.google.android.libraries.gsa.launcherclient.LauncherClient@80e5266
07-13 10:24:45.771 E/BufferQueueDebug( 1133): [PopupWindow:562382c#78995](this:0xb4000078558ada30,id:-1,api:0,p:-1,c:-1) id info cannot be read from 'PopupWindow:562382c#78995'
07-13 10:24:45.771 I/BufferQueueDebug( 1133): [PopupWindow:562382c#78995](this:0xb4000078558ada30,id:-1,api:0,p:-1,c:-1) BufferQueue core=(1133:/system/bin/surfaceflinger)
07-13 10:24:45.773 I/gralloc4( 2459): @set_metadata: update dataspace from GM (0x00000000 -> 0x08010000)
07-13 10:24:45.779 I/gralloc4( 2459): @set_metadata: update dataspace from GM (0x00000000 -> 0x08010000)
07-13 10:24:45.781 D/C2MtkBufferManager( 1041): over 5000ms not request from VCodec but callback hooked, slow BM Cc fetch thread
07-13 10:24:45.787 D/BufferQueueConsumer(17864): [](id:45c800000001,api:0,p:-1,c:17864) connect: controlledByApp=false
07-13 10:24:45.790 I/gralloc4( 2459): @set_metadata: update dataspace from GM (0x00000000 -> 0x08010000)
07-13 10:24:45.790 I/ForceDarkHelperStubImpl(17864): setViewRootImplForceDark: false for com.skillsroom.mobile.MainActivity@7b3310d, reason: DarkModeEnabled
07-13 10:24:45.792 E/OpenGLRenderer(17864): Unable to match the desired swap behavior.
07-13 10:24:45.793 D/VRI[PopupWindow:562382c](17864): vri.reportNextDraw android.view.ViewRootImpl.performTraversals:4402 android.view.ViewRootImpl.doTraversal:3018 android.view.ViewRootImpl$TraversalRunnable.run:10526 android.view.Choreographer$CallbackRecord.run:1682 android.view.Choreographer$CallbackRecord.run:1691 
07-13 10:24:45.793 D/VRI[PopupWindow:562382c](17864): vri.Setup new sync=wmsSync-VRI[PopupWindow:562382c]#2
07-13 10:24:45.795 I/gralloc4( 2459): @set_metadata: update dataspace from GM (0x00000000 -> 0x08010000)
07-13 10:24:45.799 I/MiuiNetworkPolicy( 1813): updateUidState uid = 10174, uidState = 5
07-13 10:24:45.800 D/LauncherOverlay( 3531): setActivityState:0
07-13 10:24:45.800 I/LauncherOverlayCallback( 3531): handleMessage WHAT_ACTIVITY_STATE_CHANGED what：0
07-13 10:24:45.802 D/LauncherOverlay.Window( 3531): onStop
07-13 10:24:45.802 I/LauncherOverlayCallback( 3531): handleMessage WHAT_LAUNCHER_STATE what：0
07-13 10:24:45.802 D/LauncherOverlay.Window( 3531): launcherState 0
07-13 10:24:45.802 D/LauncherOverlay.Window( 3531): resumedStateNow 0,resumedStateNew = 0
07-13 10:24:45.802 D/C2MtkBufferManager( 1041): over 5000ms not request from VCodec but callback hooked, slow BM Cc fetch thread
07-13 10:24:45.806 D/OpenGLRenderer(17864): makeCurrent grContext:0xb400007d17143640 reset mTextureAvailable
07-13 10:24:45.809 I/gralloc4( 2459): @set_metadata: update dataspace from GM (0x00000000 -> 0x08010000)
07-13 10:24:45.814 I/gralloc4( 2459): @set_metadata: update dataspace from GM (0x00000000 -> 0x08010000)
07-13 10:24:45.819 I/gralloc4( 2459): @set_metadata: update dataspace from GM (0x00000000 -> 0x08010000)
07-13 10:24:45.823 D/C2MtkBufferManager( 1041): over 5000ms not request from VCodec but callback hooked, slow BM Cc fetch thread
07-13 10:24:45.824 D/BLASTBufferQueue( 2470): [VRI[Launcher]#1338](f:0,a:1) destructor()
07-13 10:24:45.824 I/BpBinder( 1133): onLastStrongRef automatically unlinking death recipients: 
07-13 10:24:45.824 D/BufferQueueConsumer( 2470): [VRI[Launcher]#1338(BLAST Consumer)1338](id:9a60000053b,api:0,p:-1,c:2470) disconnect
07-13 10:24:45.825 I/GED     ( 2470): ged_boost_gpu_freq, level 100, eOrigin 2, final_idx 31, oppidx_max 31, oppidx_min 0
07-13 10:24:45.826 I/gralloc4( 2459): @set_metadata: update dataspace from GM (0x00000000 -> 0x08010000)
07-13 10:24:45.835 I/gralloc4( 2459): @set_metadata: update dataspace from GM (0x00000000 -> 0x08010000)
07-13 10:24:45.839 I/gralloc4( 2459): @set_metadata: update dataspace from GM (0x00000000 -> 0x08010000)
07-13 10:24:45.843 D/C2MtkBufferManager( 1041): over 5000ms not request from VCodec but callback hooked, slow BM Cc fetch thread
07-13 10:24:45.843 D/Aurogon ( 1813):  uid = 10166 switch to BG
07-13 10:24:45.844 D/PMonitor( 4459):  onForegroundActivitiesChanged:pid = 2470,activity-uid=10166,foregroundActivities=false
07-13 10:24:45.845 W/MiPicks-ProcessObserverV10(21977): onForegroundActivitiesChanged:pid = 2470,activity-uid=10166,foregroundActivities=false
07-13 10:24:45.846 I/MiuiNetworkPolicy( 1813): updateUidState uid = 99051, uidState = 4
07-13 10:24:45.846 I/MiuiNetworkPolicy( 1813): updateUidState uid = 10240, uidState = 4
07-13 10:24:45.846 I/MiuiNetworkPolicy( 1813): updateUidState uid = 10213, uidState = 5
07-13 10:24:45.846 I/MiuiNetworkPolicy( 1813): updateUidState uid = 10194, uidState = 4
07-13 10:24:45.846 I/MiuiNetworkPolicy( 1813): updateUidState uid = 10175, uidState = 4
07-13 10:24:45.847 I/gralloc4( 2459): @set_metadata: update dataspace from GM (0x00000000 -> 0x08010000)
07-13 10:24:45.848 D/isUidValid( 1813): uid = 10166
07-13 10:24:45.852 W/libc    (17830): Access denied finding property "ro.vendor.display.iris_x7.support"
07-13 10:24:45.855 I/MiuiNetworkPolicy( 1813): updateUidState uid = 10166, uidState = 5
07-13 10:24:45.855 I/MiuiNetworkPolicy( 1813): updateUidState uid = 10161, uidState = 5
07-13 10:24:45.855 I/MiuiNetworkPolicy( 1813): updateUidState uid = 10157, uidState = 4
07-13 10:24:45.858 I/GED     (17830): ged_boost_gpu_freq, level 100, eOrigin 2, final_idx 31, oppidx_max 31, oppidx_min 0
07-13 10:24:45.859 I/gralloc4( 2459): @set_metadata: update dataspace from GM (0x00000000 -> 0x08010000)
07-13 10:24:45.863 I/BufferQueueDebug( 1133): [com.miui.home/com.miui.home.launcher.Launcher#78972](this:0xb40000786ca73a30,id:-1,api:0,p:-1,c:1133) onDestructor()
07-13 10:24:45.864 D/C2MtkBufferManager( 1041): over 5000ms not request from VCodec but callback hooked, slow BM Cc fetch thread
07-13 10:24:45.871 D/WindowManager( 1813): setParent old=ActivityRecord{bcd63e6 u0 com.skillsroom.mobile/.MainActivity t5370},new=null,this window=Window{58a03ca u0 Splash Screen com.skillsroom.mobile},callers=com.android.server.wm.WindowContainer.removeChild:831 com.android.server.wm.ActivityRecord.removeChild:5163 com.android.server.wm.ActivityRecord.removeChild:458 com.android.server.wm.WindowContainer.removeImmediately:889 com.android.server.wm.WindowState.removeImmediately:2490 com.android.server.wm.WindowState.destroySurface:3581 
07-13 10:24:45.871 D/BLASTBufferQueue(17830): [VRI[GoogleDiscoverWindow]#0](f:0,a:1) destructor()
07-13 10:24:45.872 I/BpBinder( 1133): onLastStrongRef automatically unlinking death recipients: 
07-13 10:24:45.872 D/BufferQueueConsumer(17830): [VRI[GoogleDiscoverWindow]#0(BLAST Consumer)0](id:45a600000000,api:0,p:-1,c:17830) disconnect
07-13 10:24:45.884 D/C2MtkBufferManager( 1041): over 5000ms not request from VCodec but callback hooked, slow BM Cc fetch thread
07-13 10:24:45.887 W/Settings( 2457): Setting airplane_mode_on has moved from android.provider.Settings.System to android.provider.Settings.Global, returning read-only value.
07-13 10:24:45.891 D/MobileStatusTracker(1)( 2459): onSignalStrengthsChanged signalStrength=SignalStrength:{mCdma=CellSignalStrengthCdma: cdmaDbm=2147483647 cdmaEcio=2147483647 evdoDbm=2147483647 evdoEcio=2147483647 evdoSnr=2147483647 miuiLevel=0 mOptimizedLevel=0 level=0,mGsm=CellSignalStrengthGsm: rssi=2147483647 ber=2147483647 mTa=2147483647 miuiLevel=0 isNtnMode=false mLevel=0,mWcdma=CellSignalStrengthWcdma: ss=2147483647 ber=2147483647 rscp=2147483647 ecno=2147483647 miuiLevel=0 mOptimizedLevel=0 level=0,mTdscdma=CellSignalStrengthTdscdma: rssi=2147483647 ber=2147483647 rscp=2147483647 miuiLevel=0 mOptimizedLevel=0 level=0,mLte=CellSignalStrengthLte: rssi=-77 rsrp=-87 rsrq=-11 rssnr=24 cqiTableIndex=2147483647 cqi=0 ta=0 miuiLevel=5 mOptimizedLevel=0 level=4 parametersUseForLevel=0,mNr=CellSignalStrengthNr:{ csiRsrp = 2147483647 csiRsrq = 2147483647 csiCqiTableIndex = 2147483647 csiCqiReport = [] ssRsrp = 2147483647 ssRsrq = 2147483647 ssSinr = 2147483647 miuiLevel = 0 mOptimizedLevel = 0 level = 0 parametersUseForLevel = 0 timingAdvance = 2147483647 },primary=CellSignalStrengthLte,mNrAsPrimaryInNrNsa=false}
07-13 10:24:45.891 D/NetworkController.MobileSignalController(1)( 2459): update5GConnectState: false
07-13 10:24:45.891 D/NetworkController.MobileSignalController(1)( 2459): ss use aosp level not 0, 5
07-13 10:24:45.896 I/BufferQueueDebug( 1133): [58a03ca Splash Screen com.skillsroom.mobile#78975](this:0xb400007855ad7a30,id:-1,api:0,p:-1,c:1133) onDestructor()
07-13 10:24:45.897 I/BufferQueueDebug( 1133): [Surface(name=58a03ca Splash Screen com.skillsroom.mobile#78975)/@0x873b1a - animation-leash of window_animation#78993](this:0xb40000785b5e6a30,id:-1,api:0,p:-1,c:1133) onDestructor()
07-13 10:24:45.905 D/C2MtkBufferManager( 1041): over 5000ms not request from VCodec but callback hooked, slow BM Cc fetch thread
07-13 10:24:45.925 D/C2MtkBufferManager( 1041): over 5000ms not request from VCodec but callback hooked, slow BM Cc fetch thread
07-13 10:24:45.945 D/C2MtkBufferManager( 1041): over 5000ms not request from VCodec but callback hooked, slow BM Cc fetch thread
07-13 10:24:45.966 D/C2MtkBufferManager( 1041): over 5000ms not request from VCodec but callback hooked, slow BM Cc fetch thread
07-13 10:24:45.986 D/C2MtkBufferManager( 1041): over 5000ms not request from VCodec but callback hooked, slow BM Cc fetch thread
07-13 10:24:45.992 D/ActivityManager( 1813): getProcessesInErrorState callingUid=10279, CallingPid=443
07-13 10:24:46.006 D/C2MtkBufferManager( 1041): over 5000ms not request from VCodec but callback hooked, slow BM Cc fetch thread
07-13 10:24:46.007 D/ActivityManager( 1813): getProcessesInErrorState callingUid=10288, CallingPid=19459
07-13 10:24:46.027 D/C2MtkBufferManager( 1041): over 5000ms not request from VCodec but callback hooked, slow BM Cc fetch thread
07-13 10:24:46.039 D/BLASTBufferQueue(17864): [VRI[PopupWindow:562382c]#1](f:0,a:1) acquireNextBufferLocked size=720x50 mFrameNumber=1 applyTransaction=true mTimestamp=627189420348767(auto) mPendingTransactions.size=0 graphicBufferId=76725295775753 transform=0
07-13 10:24:46.040 E/surfaceflinger( 1133): == MALI DEBUG ===eglp_winsys_populate_image_templates ==12288
07-13 10:24:46.040 D/VRI[PopupWindow:562382c](17864): vri.reportDrawFinished
07-13 10:24:46.040 W/WindowManager( 1813): finishDrawingWindow: Window{1ba0941 u0 PopupWindow:562382c} mDrawState=DRAW_PENDING
07-13 10:24:46.041 D/WindowManager( 1813): wms.finishDrawingLocked: mDrawState=COMMIT_DRAW_PENDING Window{1ba0941 u0 PopupWindow:562382c} in Surface(name=PopupWindow:562382c#78995)/@0xeeb491f
07-13 10:24:46.044 W/WindowManager( 1813): real show surface PopupWindow:562382c sc:Surface(name=PopupWindow:562382c#78995)/@0xeeb491f
07-13 10:24:46.046 I/gralloc4( 1133): @set_metadata: update dataspace from GM (0x08010000 -> 0x00000000)
07-13 10:24:46.047 D/C2MtkBufferManager( 1041): over 5000ms not request from VCodec but callback hooked, slow BM Cc fetch thread
07-13 10:24:46.051 W/unknown:BridgelessReact(17864): ReactHost{0}.raiseSoftException(onWindowFocusChange(hasFocus = "true")): Tried to access onWindowFocusChange while context is not ready
07-13 10:24:46.058 E/unknown:ReactHost(17864): Unhandled SoftException
07-13 10:24:46.058 E/unknown:ReactHost(17864): com.facebook.react.bridge.ReactNoCrashSoftException: raiseSoftException(onWindowFocusChange(hasFocus = "true")): Tried to access onWindowFocusChange while context is not ready
07-13 10:24:46.058 E/unknown:ReactHost(17864): 	at com.facebook.react.runtime.ReactHostImpl.raiseSoftException(ReactHostImpl.kt:861)
07-13 10:24:46.058 E/unknown:ReactHost(17864): 	at com.facebook.react.runtime.ReactHostImpl.raiseSoftException$default(ReactHostImpl.kt:852)
07-13 10:24:46.058 E/unknown:ReactHost(17864): 	at com.facebook.react.runtime.ReactHostImpl.onWindowFocusChange(ReactHostImpl.kt:625)
07-13 10:24:46.058 E/unknown:ReactHost(17864): 	at com.facebook.react.ReactDelegate.onWindowFocusChanged(ReactDelegate.kt:232)
07-13 10:24:46.058 E/unknown:ReactHost(17864): 	at com.facebook.react.ReactActivityDelegate.onWindowFocusChanged(ReactActivityDelegate.java:237)
07-13 10:24:46.058 E/unknown:ReactHost(17864): 	at expo.modules.ReactActivityDelegateWrapper$onWindowFocusChanged$1.invokeSuspend(ReactActivityDelegateWrapper.kt:320)
07-13 10:24:46.058 E/unknown:ReactHost(17864): 	at expo.modules.ReactActivityDelegateWrapper$onWindowFocusChanged$1.invoke(ReactActivityDelegateWrapper.kt:8)
07-13 10:24:46.058 E/unknown:ReactHost(17864): 	at expo.modules.ReactActivityDelegateWrapper$onWindowFocusChanged$1.invoke(ReactActivityDelegateWrapper.kt:4)
07-13 10:24:46.058 E/unknown:ReactHost(17864): 	at expo.modules.ReactActivityDelegateWrapper$launchLifecycleScopeWithLock$1.invokeSuspend(ReactActivityDelegateWrapper.kt:452)
07-13 10:24:46.058 E/unknown:ReactHost(17864): 	at kotlin.coroutines.jvm.internal.BaseContinuationImpl.resumeWith(ContinuationImpl.kt:33)
07-13 10:24:46.058 E/unknown:ReactHost(17864): 	at kotlinx.coroutines.internal.DispatchedContinuationKt.resumeCancellableWith(DispatchedContinuation.kt:375)
07-13 10:24:46.058 E/unknown:ReactHost(17864): 	at kotlinx.coroutines.intrinsics.CancellableKt.startCoroutineCancellable(Cancellable.kt:26)
07-13 10:24:46.058 E/unknown:ReactHost(17864): 	at kotlinx.coroutines.CoroutineStart.invoke(CoroutineStart.kt:358)
07-13 10:24:46.058 E/unknown:ReactHost(17864): 	at kotlinx.coroutines.AbstractCoroutine.start(AbstractCoroutine.kt:134)
