07-13 09:24:45.275 D/AppObserver( 2470): ForegroundInfo{mForegroundPackageName='com.skillsroom.mobile', mForegroundUid=10210, mForegroundPid=10944, mLastForegroundPackageName='com.miui.home', mLastForegroundUid=10166, mLastForegroundPid=2470, mMultiWindowForegroundPackageName='com.skillsroom.mobile', mMultiWindowForegroundUid=10210, mFlags=1}
07-13 09:24:45.276 D/t1      ( 5491): myUserId = 0	currentUserId0
07-13 09:24:45.277 W/RecentsImpl( 2470): onResumed className=com.miui.home.launcher.Launcher   mIsInAnotherPro=false   isKeyguardLocked=false   mSecuritySpaceGuideShown=false
07-13 09:24:45.278 W/Launcher( 2470): onDisplayChanged: newRotation=0, mCurrentRotation=0
07-13 09:24:45.280 D/TouchInteractionService( 2470): onSystemUiFlagsChanged, mSystemUiStateFlags=10000000
07-13 09:24:45.281 W/libprocessgroup( 1813): SetCgroup::ExecuteForProcess: failed to open /dev/blkio//cgroup.procs: No such file or directory
07-13 09:24:45.282 D/TouchInteractionService( 2470): onSystemUiFlagsChanged, mSystemUiStateFlags=10000000
07-13 09:24:45.283 D/C2MtkBufferManager( 1041): over 5000ms not request from VCodec but callback hooked, slow BM Cc fetch thread
07-13 09:24:45.283 I/WindowManager( 1813): cancelAnimation removed leash : Surface(name=Surface(name=5a869db StatusBar#93)/@0xba1daa7 - animation-leash of insets_animation#78288)/@0x1bf2f3a
07-13 09:24:45.284 E/BufferQueueDebug( 1133): [Surface(name=5a869db StatusBar#93)/@0xba1daa7 - animation-leash of insets_animation#78292](this:0xb400007855c02a30,id:-1,api:0,p:-1,c:-1) id info cannot be read from 'Surface(name=5a869db StatusBar#93)/@0xba1daa7 - animation-leash of insets_animation#78292'
07-13 09:24:45.284 I/MiuiNetworkPolicy( 1813): updateUidState uid = 10210, uidState = 2
07-13 09:24:45.284 I/BufferQueueDebug( 1133): [Surface(name=5a869db StatusBar#93)/@0xba1daa7 - animation-leash of insets_animation#78292](this:0xb400007855c02a30,id:-1,api:0,p:-1,c:-1) BufferQueue core=(1133:/system/bin/surfaceflinger)
07-13 09:24:45.284 D/isUidValid( 1813): uid = 10210
07-13 09:24:45.288 W/MiPicks-ProcessObserverV10(21977): onForegroundActivitiesChanged:pid = 10944,activity-uid=10210,foregroundActivities=true
07-13 09:24:45.289 D/PMonitor( 4459):  onForegroundActivitiesChanged:pid = 10944,activity-uid=10210,foregroundActivities=true
07-13 09:24:45.294 W/WindowManager( 1813): Failed to deliver inset control state change to w=Window{66c5166 u0 com.skillsroom.mobile/com.skillsroom.mobile.MainActivity EXITING}
07-13 09:24:45.294 W/WindowManager( 1813): android.os.DeadObjectException
07-13 09:24:45.294 W/WindowManager( 1813): 	at android.os.BinderProxy.transactNative(Native Method)
07-13 09:24:45.294 W/WindowManager( 1813): 	at android.os.BinderProxy.transact(BinderProxy.java:639)
07-13 09:24:45.294 W/WindowManager( 1813): 	at android.view.IWindow$Stub$Proxy.insetsControlChanged(IWindow.java:608)
07-13 09:24:45.294 W/WindowManager( 1813): 	at com.android.server.wm.WindowState.notifyInsetsControlChanged(WindowState.java:4153)
07-13 09:24:45.294 W/WindowManager( 1813): 	at com.android.server.wm.InsetsStateController.lambda$notifyPendingInsetsControlChanged$3(InsetsStateController.java:343)
07-13 09:24:45.294 W/WindowManager( 1813): 	at com.android.server.wm.InsetsStateController.$r8$lambda$8yykPRG1GyNq_J17QvL9d5xANMc(InsetsStateController.java:0)
07-13 09:24:45.294 W/WindowManager( 1813): 	at com.android.server.wm.InsetsStateController$$ExternalSyntheticLambda2.run(D8$$SyntheticClass:2)
07-13 09:24:45.294 W/WindowManager( 1813): 	at com.android.server.wm.WindowAnimator.executeAfterPrepareSurfacesRunnables(WindowAnimator.java:309)
07-13 09:24:45.294 W/WindowManager( 1813): 	at com.android.server.wm.RootWindowContainer.performSurfacePlacementNoTrace(RootWindowContainer.java:905)
07-13 09:24:45.294 W/WindowManager( 1813): 	at com.android.server.wm.RootWindowContainer.performSurfacePlacement(RootWindowContainer.java:847)
07-13 09:24:45.294 W/WindowManager( 1813): 	at com.android.server.wm.WindowSurfacePlacer.performSurfacePlacementLoop(WindowSurfacePlacer.java:200)
07-13 09:24:45.294 W/WindowManager( 1813): 	at com.android.server.wm.WindowSurfacePlacer.performSurfacePlacement(WindowSurfacePlacer.java:149)
07-13 09:24:45.294 W/WindowManager( 1813): 	at com.android.server.wm.WindowManagerService.relayoutWindow(WindowManagerService.java:2891)
07-13 09:24:45.294 W/WindowManager( 1813): 	at com.android.server.wm.Session.relayout(Session.java:263)
07-13 09:24:45.294 W/WindowManager( 1813): 	at android.view.IWindowSession$Stub.onTransact(IWindowSession.java:730)
07-13 09:24:45.294 W/WindowManager( 1813): 	at com.android.server.wm.Session.onTransact(Session.java:192)
07-13 09:24:45.294 W/WindowManager( 1813): 	at android.os.Binder.execTransactInternal(Binder.java:1351)
07-13 09:24:45.294 W/WindowManager( 1813): 	at android.os.Binder.execTransact(Binder.java:1282)
07-13 09:24:45.294 D/StatusBarController( 2470): handleMessage: flag 800000  disable false
07-13 09:24:45.286 D/Aurogon ( 1813):  uid = 10210 switch to FG
07-13 09:24:45.298 I/BufferQueueDebug( 1133): [Surface(name=5a869db StatusBar#93)/@0xba1daa7 - animation-leash of insets_animation#78285](this:0xb400007855b32a30,id:-1,api:0,p:-1,c:1133) onDestructor()
07-13 09:24:45.300 E/surfaceflinger( 1133): == MALI DEBUG ===eglp_winsys_populate_image_templates ==12288
07-13 09:24:45.303 E/OpenGLRenderer( 2459): Unable to match the desired swap behavior.
07-13 09:24:45.303 D/C2MtkBufferManager( 1041): over 5000ms not request from VCodec but callback hooked, slow BM Cc fetch thread
07-13 09:24:45.309 I/BufferQueueDebug( 1133): [Surface(name=5a869db StatusBar#93)/@0xba1daa7 - animation-leash of insets_animation#78288](this:0xb400007855bb9a30,id:-1,api:0,p:-1,c:1133) onDestructor()
07-13 09:24:45.310 I/gralloc4( 1133): @set_metadata: update dataspace from GM (0x08010000 -> 0x00000000)
07-13 09:24:45.313 D/MiuiFreeformAnimation( 2459): startAnimation change: {WCT{android.window.IWindowContainerToken$Stub$Proxy@c0fbe7} m=OPEN f=MOVE_TO_TOP leash=Surface(name=Task=5362#78280)/@0xfb24385 sb=Rect(0, 0 - 720, 1600) eb=Rect(0, 0 - 720, 1600) d=0} info.getType(): 2
07-13 09:24:45.314 I/MiuiFreeformAnimation( 2459): isLaunchWidgetPicker=false,taskInfo.getWindowingMode()=1, taskInfo.getActivityType()=1
07-13 09:24:45.314 D/MiuiFreeFormManager( 2459):  isSplitRootTask taskId=5362
07-13 09:24:45.315 D/MiuiFreeformAnimation( 2459): startAnimation change: {WCT{android.window.IWindowContainerToken$Stub$Proxy@a95d394} m=CLOSE f=NONE leash=Surface(name=Task=5361#78188)/@0xd5775da sb=Rect(0, 0 - 720, 1600) eb=Rect(0, 0 - 720, 1600) d=0} info.getType(): 2
07-13 09:24:45.315 W/MiuiTaskTransitionHandler( 2459): Receive an unknown transition, token=android.os.BinderProxy@1df49b8, type=2
07-13 09:24:45.315 D/ActivityManager( 1813): mediaResourceManagerBinder get success
07-13 09:24:45.315 D/ResourceManagerService( 1289): update package name: com.skillsroom.mobile
07-13 09:24:45.316 I/DisplayModeDirectorImpl( 1813): onDesiredDisplayModeSpecsChanged:baseModeId=2 allowGroupSwitching=false primary=physical: (0.0 Infinity) render:  (0.0 90.0) appRequest=physical: (0.0 Infinity) render:  (0.0 90.0) noVotes=false
07-13 09:24:45.322 I/AS.AudioService( 1813): getMode, get current owner's mode
07-13 09:24:45.322 I/AS.AudioService( 1813): getMode, currentModeHandler is null
07-13 09:24:45.324 D/C2MtkBufferManager( 1041): over 5000ms not request from VCodec but callback hooked, slow BM Cc fetch thread
07-13 09:24:45.324 D/BLASTBufferQueue( 2459): [VRI[mobile]#2769](f:0,a:2) producer disconnected before acquireNextBufferLocked
07-13 09:24:45.324 D/ResourceManagerService( 1289): packageName: com.skillsroom.mobile, uid : 10210, hashCode : 145556735
07-13 09:24:45.325 D/ResourceManagerService( 1289): ResourceManagerService::setCodecsVppMode
07-13 09:24:45.325 D/ResourceManagerService( 1289): all codecs setVppMode return fail
07-13 09:24:45.326 E/surfaceflinger( 1133): == MALI DEBUG ===eglp_winsys_populate_image_templates ==12288
07-13 09:24:45.329 D/RecentsModel( 2470): onTaskStackChangedBackground
07-13 09:24:45.329 D/RecentsModel( 2470): onTaskStackChangedBackground    MSG_TASK_STACK_CHANGE
07-13 09:24:45.329 D/RecentsModel( 2470): preloadRecents
07-13 09:24:45.329 W/RecentsModel( 2470): getRunningTask
07-13 09:24:45.331 I/gralloc4( 1133): @set_metadata: update dataspace from GM (0x08010000 -> 0x00000000)
07-13 09:24:45.332 D/SurfaceFlinger( 1133): setDesiredDisplayModeSpecs: defaultMode：1 primaryRangesMin:0.000000 primaryRangesMax:90.000000appRequestRangesMin:0.000000 appRequestRangesMax:90.000000
07-13 09:24:45.334 I/RefreshRateSelector( 1133): Display 0 policy changed
07-13 09:24:45.334 I/RefreshRateSelector( 1133): Previous: {defaultModeId=1, allowGroupSwitching=false, primaryRanges={physical=[0.00 Hz, inf Hz], render=[0.00 Hz, 90.00 Hz]}, appRequestRanges={physical=[0.00 Hz, inf Hz], render=[0.00 Hz, 90.00 Hz]}}
07-13 09:24:45.334 I/RefreshRateSelector( 1133): Current:  DisplayManagerPolicy{defaultModeId=1, allowGroupSwitching=false, primaryRanges={physical=[0.00 Hz, inf Hz], render=[0.00 Hz, 90.00 Hz]}, appRequestRanges={physical=[0.00 Hz, inf Hz], render=[0.00 Hz, 90.00 Hz]}}
07-13 09:24:45.334 I/RefreshRateSelector( 1133): 0 mode changes were performed under the previous policy
07-13 09:24:45.337 D/TransitionAnimationHelper( 2459):  load default animation  type = 2 enter = false animAttr = 11 isTask = true translucent = false
07-13 09:24:45.340 E/surfaceflinger( 1133): == MALI DEBUG ===eglp_winsys_populate_image_templates ==12288
07-13 09:24:45.342 I/gralloc4( 1133): @set_metadata: update dataspace from GM (0x08010000 -> 0x00000000)
07-13 09:24:45.343 I/lowmemorykiller(  475): Kill 'com.google.process.gservices' (10080), uid 10157, oom_score_adj 935 to free 38756kB rss, 40768kB swap; reason: cw
07-13 09:24:45.343 D/TransitionAnimationHelper( 2459):  load default animation  type = 2 enter = true animAttr = 10 isTask = true translucent = false
07-13 09:24:45.344 D/C2MtkBufferManager( 1041): over 5000ms not request from VCodec but callback hooked, slow BM Cc fetch thread
07-13 09:24:45.345 D/Launcher_WallpaperUtils( 2470): changeStatusBarMode:false
07-13 09:24:45.345 D/TouchInteractionService( 2470): onSystemUiFlagsChanged, mSystemUiStateFlags=10020000
07-13 09:24:45.345 W/RecentsModel( 2470): getRunningTask   taskInfo=TaskInfo{userId=0 taskId=5362 displayId=0 isRunning=true baseIntent=Intent { flg=0x10000000 cmp=com.skillsroom.mobile/.MainActivity } baseActivity=ComponentInfo{com.skillsroom.mobile/com.skillsroom.mobile.MainActivity} topActivity=ComponentInfo{com.skillsroom.mobile/com.skillsroom.mobile.MainActivity} origActivity=null realActivity=ComponentInfo{com.skillsroom.mobile/com.skillsroom.mobile.MainActivity} numActivities=1 lastActiveTime=692684996 supportsSplitScreenMultiWindow=true supportsMultiWindow=true resizeMode=1 isResizeable=true minWidth=-1 minHeight=-1 defaultMinSize=200 token=WCT{android.window.IWindowContainerToken$Stub$Proxy@9c3329a} topActivityType=1 pictureInPictureParams=null shouldDockBigOverlays=false launchIntoPipHostTaskId=-1 lastParentTaskIdBeforePip=-1 displayCutoutSafeInsets=Rect(0, 68 - 0, 0) topActivityInfo=ActivityInfo{ea3a7cb com.skillsroom.mobile.MainActivity} launchCookies=[] positionInParent=Point(0, 0) parentTaskId=-1 isFocused=true isVisible=true isVisibleRequested=true isSleeping=false topActivityInSizeCompat=false topActivityEligibleForLetterboxEducation= false topActivityLetterboxed= false isFromDoubleTap= false topActivityLetterboxVerticalPosition= -1 topActivityLetterboxHorizontalPosition= -1 topActivityLetterboxWidth=-1 topActivityLetterboxHeight=-1 locusId=null displayAreaFeatureId=1 cameraCompatControlState=hidden mIsCastMode=false mTopActivityMediaSize=null mTopActivityRecordName=ActivityRecord{a574059 u0 com.skillsroom.mobile/.MainActivity t5362} mTopActivityOrientation=1 mTopActivityWindowIsNowVisible=false isTranslucent=false isEmbedded=false shouldBeVisible=true mBehindAppLockPkg=null mOriginatingUid=0}
07-13 09:24:45.345 W/RecentsModel( 2470): getTaskInfoIgnoreHomeAndFreeform   taskInfo=ComponentInfo{com.skillsroom.mobile/com.skillsroom.mobile.MainActivity}
07-13 09:24:45.346 E/ActivityManagerWrapper( 2470): get all recent tasks force including 5362
07-13 09:24:45.348 D/ShellTransitions( 2459): speed ui!!!!!!!!!!!
07-13 09:24:45.350 D/EventBus( 2470): No subscribers registered for event class com.miui.home.recents.messages.TaskSnapshotChangedEvent
07-13 09:24:45.350 D/EventBus( 2470): No subscribers registered for event class org.greenrobot.eventbus.NoSubscriberEvent
07-13 09:24:45.353 I/gralloc4( 1133): @set_metadata: update dataspace from GM (0x00000000 -> 0x08010000)
07-13 09:24:45.355 I/libprocessgroup( 1813): Successfully killed process cgroup uid 10157 pid 10080 in 11ms
07-13 09:24:45.360 D/MiuiFullScreenTaskRepository( 2459): setFocusedTask taskId=5362, displayId=0, topActivity=ComponentInfo{com.skillsroom.mobile/com.skillsroom.mobile.MainActivity}
07-13 09:24:45.361 D/MiuiFullScreenTaskRepository( 2459): addOrUpdateFullScreenTaskInfo taskId=5362, topActivity=ComponentInfo{com.skillsroom.mobile/com.skillsroom.mobile.MainActivity}
07-13 09:24:45.362 W/FirebaseRemoteConfig(21977): No value of type 'FirebaseRemoteConfigValue' exists for parameter key 'c_window_and_activity_config'.
07-13 09:24:45.362 E/surfaceflinger( 1133): == MALI DEBUG ===eglp_winsys_populate_image_templates ==12288
07-13 09:24:45.363 D/RecentsModel( 2470): onTaskStackChangedBackground
07-13 09:24:45.363 D/EventBus( 2470): No subscribers registered for event class com.miui.home.recents.messages.RecentTasksChangedEvent
07-13 09:24:45.363 D/EventBus( 2470): No subscribers registered for event class org.greenrobot.eventbus.NoSubscriberEvent
07-13 09:24:45.365 D/C2MtkBufferManager( 1041): over 5000ms not request from VCodec but callback hooked, slow BM Cc fetch thread
07-13 09:24:45.365 E/surfaceflinger( 1133): == MALI DEBUG ===eglp_winsys_populate_image_templates ==12288
07-13 09:24:45.365 I/BufferQueueProducer( 1133): [FramebufferSurface](this:0xb40000793ab518d0,id:-1,api:1,p:1133,c:1133) queueBuffer: fps=0.97 dur=54628.80 max=53862.78 min=7.83
07-13 09:24:45.365 D/ULogGuard( 1314): Monitoring: 16 threads, 0 requests, 0 time-bombs; 2 guards. ResetFlags = 0x7
07-13 09:24:45.370 I/MI-SF   ( 1133): surfaceflinger setAffinity mode=1
07-13 09:24:45.370 I/MI-SF   ( 1133): surfaceflinger setreAffinity reTid=1349
07-13 09:24:45.371 I/gralloc4( 1133): @set_metadata: update dataspace from GM (0x08010000 -> 0x00000000)
07-13 09:24:45.372 D/LauncherClient.Service( 2470): service already connected:com.mi.globalminusscreen
07-13 09:24:45.377 E/surfaceflinger( 1133): == MALI DEBUG ===eglp_winsys_populate_image_templates ==12288
07-13 09:24:45.378 I/PowerHalWrapper( 1813): amsBoostStop AMS_BOOST_PACK_SWITCH:true, AMS_BOOST_ACT_SWITCH:false, AMS_BOOST_PROCESS_CREATE:true 
07-13 09:24:45.381 W/ServiceManagerCppClient( 1813): Failed to get isDeclared for vendor.mediatek.hardware.mtkpower.IMtkPowerService/default: Status(-1, EX_SECURITY): 'SELinux denied.'
07-13 09:24:45.382 I/mtkpower_client( 1813): IMtkPowerService_isDeclared 0
07-13 09:24:45.382 I/mtkpower@impl( 1059): [mtkPowerHint] hint:22, hold:500, ext:0, ext_hold:0
07-13 09:24:45.383 D/StatusBarController( 2470): handleMessage: flag 800000  disable false
07-13 09:24:45.383 D/Launcher_WallpaperUtils( 2470): changeStatusBarMode:false
07-13 09:24:45.385 D/C2MtkBufferManager( 1041): over 5000ms not request from VCodec but callback hooked, slow BM Cc fetch thread
07-13 09:24:45.385 W/ServiceManagerCppClient( 1813): Failed to get isDeclared for vendor.mediatek.hardware.mtkpower.IMtkPowerService/default: Status(-1, EX_SECURITY): 'SELinux denied.'
07-13 09:24:45.385 I/mtkpower_client( 1813): IMtkPowerService_isDeclared 0
07-13 09:24:45.385 I/libPowerHal( 1059): [perfLockAcq] idx:8 hdl:246274 hint:22 pid:1059 duration:500 lock_user:mtkpower@1.0-se => ret_hdl:246274
07-13 09:24:45.386 I/mtkpower@impl( 1059): [mtkPowerHint] hint:21, hold:6000, ext:30, ext_hold:35000
07-13 09:24:45.387 I/libPowerHal( 1059): [perfLockRel] hdl:246271, idx:7
07-13 09:24:45.387 I/MMKV    (21977): <MMKV.cpp:1189::sync> MMKV::sync, SyncFlag = 1
07-13 09:24:45.388 E/surfaceflinger( 1133): == MALI DEBUG ===eglp_winsys_populate_image_templates ==12288
07-13 09:24:45.389 I/libPowerHal( 1059): [perfLockAcq] idx:9 hdl:246275 hint:21 pid:1059 duration:6000 lock_user:mtkpower@1.0-se => ret_hdl:246275
07-13 09:24:45.391 I/ActivityManager( 1813): Process com.google.process.gservices (pid 10080) has died: cch+35 CEM 
07-13 09:24:45.392 I/lowmemorykiller(  475): Kill 'com.google.android.cellbroadcastreceiver' (10844), uid 10249, oom_score_adj 925 to free 67940kB rss, 41624kB swap; reason: cw
07-13 09:24:45.392 I/libPowerHal( 1059): [perfLockRel] hdl:246272, idx:3
07-13 09:24:45.393 E/ProcessManager( 1813): error write exception log
07-13 09:24:45.394 I/IPCThreadState( 4459): oneway function results for code 3 on binder at 0xb400007cb4ffdc20 will be dropped but finished with status UNKNOWN_TRANSACTION
07-13 09:24:45.395 E/ActivityManagerWrapper( 2470): getRecentTasks: size=9
07-13 09:24:45.396 E/ActivityManagerWrapper( 2470): getRecentTasks: mainTaskId=5362   userId=0   windowMode=1   baseIntent=Intent { act=null flag=268435456 cmp=ComponentInfo{com.skillsroom.mobile/com.skillsroom.mobile.MainActivity} }
07-13 09:24:45.396 E/ActivityManagerWrapper( 2470): getRecentTasks: mainTaskId=5341   userId=0   windowMode=1   baseIntent=Intent { act=android.intent.action.MAIN flag=270532608 cmp=ComponentInfo{com.whatsapp.w4b/com.whatsapp.Main} }
07-13 09:24:45.396 E/ActivityManagerWrapper( 2470): getRecentTasks: mainTaskId=5344   userId=0   windowMode=1   baseIntent=Intent { act=android.intent.action.MAIN flag=270532608 cmp=ComponentInfo{com.facebook.lite/com.facebook.lite.MainActivity} }
07-13 09:24:45.396 E/ActivityManagerWrapper( 2470): getRecentTasks: mainTaskId=5336   userId=0   windowMode=1   baseIntent=Intent { act=android.intent.action.MAIN flag=270532608 cmp=ComponentInfo{com.google.android.dialer/com.google.android.dialer.extensions.GoogleDialtactsActivity} }
07-13 09:24:45.396 E/ActivityManagerWrapper( 2470): getRecentTasks: mainTaskId=5335   userId=0   windowMode=1   baseIntent=Intent { act=android.intent.action.MAIN flag=270532608 cmp=ComponentInfo{com.shaiban.audioplayer.mplayer/com.shaiban.audioplayer.mplayer.app.navigation.NavigatingActivity} }
07-13 09:24:45.396 E/ActivityManagerWrapper( 2470): getRecentTasks: mainTaskId=5287   userId=0   windowMode=1   baseIntent=Intent { act=android.intent.action.MAIN flag=270532608 cmp=ComponentInfo{ng.mtn.nextgen/ng.mtn.nextgen.MainActivity} }
07-13 09:24:45.396 I/libPowerHal( 1059): [perfLockAcq] idx:7 hdl:246276 hint:30 pid:1059 duration:35000 lock_user:mtkpower@1.0-se => ret_hdl:246276
07-13 09:24:45.396 E/ActivityManagerWrapper( 2470): getRecentTasks: mainTaskId=5273   userId=0   windowMode=1   baseIntent=Intent { act=android.settings.APPLICATION_DEVELOPMENT_SETTINGS flag=268468224 cmp=ComponentInfo{com.android.settings/com.android.settings.Settings$DevelopmentSettingsDashboardActivity} }
07-13 09:24:45.396 E/ActivityManagerWrapper( 2470): getRecentTasks: mainTaskId=5246   userId=0   windowMode=1   baseIntent=Intent { act=android.intent.action.MAIN flag=270532608 cmp=ComponentInfo{cn.xender/cn.xender.ui.activity.SplashActivity} }
07-13 09:24:45.396 E/ActivityManagerWrapper( 2470): getRecentTasks: mainTaskId=5239   userId=0   windowMode=1   baseIntent=Intent { act=android.intent.action.MAIN flag=270532608 cmp=ComponentInfo{com.android.camera/com.android.camera.Camera} }
07-13 09:24:45.397 I/libprocessgroup( 1813): Successfully killed process cgroup uid 10157 pid 10080 in 0ms
07-13 09:24:45.399 I/Zygote  ( 1023): Process 10080 exited due to signal 9 (Killed)
07-13 09:24:45.399 E/surfaceflinger( 1133): == MALI DEBUG ===eglp_winsys_populate_image_templates ==12288
07-13 09:24:45.403 I/mtkpower_client( 1813): [Legacy][PowerHal_Wrap_notifyAppState] com.google.android.gsf/com.google.android.gsf pid=10080 state:3
07-13 09:24:45.404 I/libPowerHal( 1059): [perfNotifyAppState] pack:com.google.android.gsf, act:com.google.android.gsf, state:3, pid:10080, uid:10157, fps:-1
07-13 09:24:45.404 I/libPowerHal( 1059): [perfNotifyAppState] pack:com.google.android.gsf, pid:10080, STATE_DEAD
07-13 09:24:45.404 D/RilUtility( 1059): notify_rild_crash_pid_set certPid:-1, crash:10080, scn:0x0
07-13 09:24:45.405 D/C2MtkBufferManager( 1041): over 5000ms not request from VCodec but callback hooked, slow BM Cc fetch thread
07-13 09:24:45.406 W/MiPicks-ProcessObserverV10(21977): onProcessDied:pid = 10080,died-uid=10157
07-13 09:24:45.409 I/libprocessgroup( 1813): Successfully killed process cgroup uid 10249 pid 10844 in 0ms
07-13 09:24:45.411 E/surfaceflinger( 1133): == MALI DEBUG ===eglp_winsys_populate_image_templates ==12288
07-13 09:24:45.423 E/surfaceflinger( 1133): == MALI DEBUG ===eglp_winsys_populate_image_templates ==12288
07-13 09:24:45.427 D/C2MtkBufferManager( 1041): over 5000ms not request from VCodec but callback hooked, slow BM Cc fetch thread
07-13 09:24:45.434 E/surfaceflinger( 1133): == MALI DEBUG ===eglp_winsys_populate_image_templates ==12288
07-13 09:24:45.445 E/surfaceflinger( 1133): == MALI DEBUG ===eglp_winsys_populate_image_templates ==12288
07-13 09:24:45.448 I/Zygote  ( 1023): Process 10844 exited due to signal 9 (Killed)
07-13 09:24:45.448 I/ActivityManager( 1813): Process com.google.android.cellbroadcastreceiver (pid 10844) has died: cch+25 CEM 
07-13 09:24:45.449 D/C2MtkBufferManager( 1041): over 5000ms not request from VCodec but callback hooked, slow BM Cc fetch thread
07-13 09:24:45.450 E/ProcessManager( 1813): error write exception log
07-13 09:24:45.451 W/MiPicks-ProcessObserverV10(21977): onProcessDied:pid = 10844,died-uid=10249
07-13 09:24:45.452 D/UidObserver( 7233): onUidGone entry uid = 10249
07-13 09:24:45.452 I/MiuiNetworkPolicy( 1813): removeUidState uid = 10249
07-13 09:24:45.453 I/IPCThreadState( 4459): oneway function results for code 3 on binder at 0xb400007cb4ffdc20 will be dropped but finished with status UNKNOWN_TRANSACTION
07-13 09:24:45.454 D/DisplayManagerService( 1813): Drop pending events for gone uid 10249
07-13 09:24:45.455 I/libPowerHal( 1059): [perfNotifyAppState] pack:com.google.android.cellbroadcastreceiver, act:com.google.android.cellbroadcastreceiver, state:3, pid:10844, uid:10249, fps:-1
07-13 09:24:45.455 I/mtkpower_client( 1813): [Legacy][PowerHal_Wrap_notifyAppState] com.google.android.cellbroadcastreceiver/com.google.android.cellbroadcastreceiver pid=10844 state:3
07-13 09:24:45.455 I/libprocessgroup( 1813): Successfully killed process cgroup uid 10249 pid 10844 in 0ms
07-13 09:24:45.455 I/libPowerHal( 1059): [perfNotifyAppState] pack:com.google.android.cellbroadcastreceiver, pid:10844, STATE_DEAD
07-13 09:24:45.455 D/RilUtility( 1059): notify_rild_crash_pid_set certPid:-1, crash:10844, scn:0x0
07-13 09:24:45.455 E/surfaceflinger( 1133): == MALI DEBUG ===eglp_winsys_populate_image_templates ==12288
07-13 09:24:45.466 E/surfaceflinger( 1133): == MALI DEBUG ===eglp_winsys_populate_image_templates ==12288
07-13 09:24:45.467 I/SettingsProvider( 1813): refresh rate settings changed, name:miui_refresh_rate,value:60,pkg:com.miui.powerkeeper
07-13 09:24:45.468 D/RecentsModel( 2470): onTaskStackChangedBackground    MSG_TASK_STACK_CHANGE
07-13 09:24:45.468 D/RecentsModel( 2470): preloadRecents
07-13 09:24:45.468 W/RecentsModel( 2470): getRunningTask
07-13 09:24:45.470 D/C2MtkBufferManager( 1041): over 5000ms not request from VCodec but callback hooked, slow BM Cc fetch thread
07-13 09:24:45.474 W/RecentsModel( 2470): getRunningTask   taskInfo=TaskInfo{userId=0 taskId=5362 displayId=0 isRunning=true baseIntent=Intent { flg=0x10000000 cmp=com.skillsroom.mobile/.MainActivity } baseActivity=ComponentInfo{com.skillsroom.mobile/com.skillsroom.mobile.MainActivity} topActivity=ComponentInfo{com.skillsroom.mobile/com.skillsroom.mobile.MainActivity} origActivity=null realActivity=ComponentInfo{com.skillsroom.mobile/com.skillsroom.mobile.MainActivity} numActivities=1 lastActiveTime=692685128 supportsSplitScreenMultiWindow=true supportsMultiWindow=true resizeMode=1 isResizeable=true minWidth=-1 minHeight=-1 defaultMinSize=200 token=WCT{android.window.IWindowContainerToken$Stub$Proxy@c6206c1} topActivityType=1 pictureInPictureParams=null shouldDockBigOverlays=false launchIntoPipHostTaskId=-1 lastParentTaskIdBeforePip=-1 displayCutoutSafeInsets=Rect(0, 68 - 0, 0) topActivityInfo=ActivityInfo{e11de66 com.skillsroom.mobile.MainActivity} launchCookies=[] positionInParent=Point(0, 0) parentTaskId=-1 isFocused=true isVisible=true isVisibleRequested=true isSleeping=false topActivityInSizeCompat=false topActivityEligibleForLetterboxEducation= false topActivityLetterboxed= false isFromDoubleTap= false topActivityLetterboxVerticalPosition= -1 topActivityLetterboxHorizontalPosition= -1 topActivityLetterboxWidth=-1 topActivityLetterboxHeight=-1 locusId=null displayAreaFeatureId=1 cameraCompatControlState=hidden mIsCastMode=false mTopActivityMediaSize=null mTopActivityRecordName=ActivityRecord{a574059 u0 com.skillsroom.mobile/.MainActivity t5362} mTopActivityOrientation=1 mTopActivityWindowIsNowVisible=false isTranslucent=false isEmbedded=false shouldBeVisible=true mBehindAppLockPkg=null mOriginatingUid=0}
07-13 09:24:45.474 W/RecentsModel( 2470): getTaskInfoIgnoreHomeAndFreeform   taskInfo=ComponentInfo{com.skillsroom.mobile/com.skillsroom.mobile.MainActivity}
07-13 09:24:45.476 E/surfaceflinger( 1133): == MALI DEBUG ===eglp_winsys_populate_image_templates ==12288
07-13 09:24:45.477 E/ThermalInfoUtils( 7233): getCurrentCapacity Exceptionjava.io.FileNotFoundException: /sys/class/power_supply/battery/charge_counter: open failed: EACCES (Permission denied)
07-13 09:24:45.471 W/ThermalCollecto( 7233): type=1400 audit(0.0:608612): avc:  denied  { read } for  name="charge_counter" dev="sysfs" ino=36942 scontext=u:r:system_app:s0 tcontext=u:object_r:sysfs_batteryinfo:s0 tclass=file permissive=0
07-13 09:24:45.478 E/ActivityManagerWrapper( 2470): get all recent tasks force including 5362
07-13 09:24:45.484 D/ActivityManager( 1813): getProcessesInErrorState callingUid=10288, CallingPid=19459
07-13 09:24:45.487 E/surfaceflinger( 1133): == MALI DEBUG ===eglp_winsys_populate_image_templates ==12288
07-13 09:24:45.489 D/ActivityManager( 1813): getProcessesInErrorState callingUid=10279, CallingPid=443
07-13 09:24:45.491 D/C2MtkBufferManager( 1041): over 5000ms not request from VCodec but callback hooked, slow BM Cc fetch thread
07-13 09:24:45.495 E/ActivityManagerWrapper( 2470): getRecentTasks: size=9
07-13 09:24:45.495 E/ActivityManagerWrapper( 2470): getRecentTasks: mainTaskId=5362   userId=0   windowMode=1   baseIntent=Intent { act=null flag=268435456 cmp=ComponentInfo{com.skillsroom.mobile/com.skillsroom.mobile.MainActivity} }
07-13 09:24:45.495 E/ActivityManagerWrapper( 2470): getRecentTasks: mainTaskId=5341   userId=0   windowMode=1   baseIntent=Intent { act=android.intent.action.MAIN flag=270532608 cmp=ComponentInfo{com.whatsapp.w4b/com.whatsapp.Main} }
07-13 09:24:45.495 E/ActivityManagerWrapper( 2470): getRecentTasks: mainTaskId=5344   userId=0   windowMode=1   baseIntent=Intent { act=android.intent.action.MAIN flag=270532608 cmp=ComponentInfo{com.facebook.lite/com.facebook.lite.MainActivity} }
07-13 09:24:45.495 E/ActivityManagerWrapper( 2470): getRecentTasks: mainTaskId=5336   userId=0   windowMode=1   baseIntent=Intent { act=android.intent.action.MAIN flag=270532608 cmp=ComponentInfo{com.google.android.dialer/com.google.android.dialer.extensions.GoogleDialtactsActivity} }
07-13 09:24:45.495 E/ActivityManagerWrapper( 2470): getRecentTasks: mainTaskId=5335   userId=0   windowMode=1   baseIntent=Intent { act=android.intent.action.MAIN flag=270532608 cmp=ComponentInfo{com.shaiban.audioplayer.mplayer/com.shaiban.audioplayer.mplayer.app.navigation.NavigatingActivity} }
07-13 09:24:45.495 E/ActivityManagerWrapper( 2470): getRecentTasks: mainTaskId=5287   userId=0   windowMode=1   baseIntent=Intent { act=android.intent.action.MAIN flag=270532608 cmp=ComponentInfo{ng.mtn.nextgen/ng.mtn.nextgen.MainActivity} }
07-13 09:24:45.495 E/ActivityManagerWrapper( 2470): getRecentTasks: mainTaskId=5273   userId=0   windowMode=1   baseIntent=Intent { act=android.settings.APPLICATION_DEVELOPMENT_SETTINGS flag=268468224 cmp=ComponentInfo{com.android.settings/com.android.settings.Settings$DevelopmentSettingsDashboardActivity} }
07-13 09:24:45.495 E/ActivityManagerWrapper( 2470): getRecentTasks: mainTaskId=5246   userId=0   windowMode=1   baseIntent=Intent { act=android.intent.action.MAIN flag=270532608 cmp=ComponentInfo{cn.xender/cn.xender.ui.activity.SplashActivity} }
07-13 09:24:45.495 E/ActivityManagerWrapper( 2470): getRecentTasks: mainTaskId=5239   userId=0   windowMode=1   baseIntent=Intent { act=android.intent.action.MAIN flag=270532608 cmp=ComponentInfo{com.android.camera/com.android.camera.Camera} }
07-13 09:24:45.498 E/surfaceflinger( 1133): == MALI DEBUG ===eglp_winsys_populate_image_templates ==12288
07-13 09:24:45.500 D/nativeloader(10924): Load libframework-connectivity-jni.so using APEX ns com_android_tethering for caller /apex/com.android.tethering/javalib/framework-connectivity.jar: ok
07-13 09:24:45.507 E/surfaceflinger( 1133): == MALI DEBUG ===eglp_winsys_populate_image_templates ==12288
07-13 09:24:45.508 V/GraphicsEnvironment(10924): Currently set values for:
07-13 09:24:45.508 V/GraphicsEnvironment(10924):   angle_gl_driver_selection_pkgs=[]
07-13 09:24:45.509 V/GraphicsEnvironment(10924):   angle_gl_driver_selection_values=[]
07-13 09:24:45.511 V/GraphicsEnvironment(10924): ANGLE GameManagerService for com.google.android.googlequicksearchbox: false
07-13 09:24:45.511 V/GraphicsEnvironment(10924): com.google.android.googlequicksearchbox is not listed in per-application setting
07-13 09:24:45.511 V/GraphicsEnvironment(10924): Neither updatable production driver nor prerelease driver is supported.
07-13 09:24:45.511 D/C2MtkBufferManager( 1041): over 5000ms not request from VCodec but callback hooked, slow BM Cc fetch thread
07-13 09:24:45.515 I/ForceDarkHelperStubImpl(10924): initialize for com.google.android.googlequicksearchbox , ForceDarkOrigin
07-13 09:24:45.517 E/surfaceflinger( 1133): == MALI DEBUG ===eglp_winsys_populate_image_templates ==12288
07-13 09:24:45.525 D/nativeloader(10924): Load libforcedarkimpl.so using system ns (caller=/system_ext/framework/miui-framework.jar): ok
07-13 09:24:45.525 D/OpenGLRenderer(10924): JNI_OnLoad success
07-13 09:24:45.525 I/MiuiForceDarkConfig(10924): setConfig density:2.000000, mainRule:0, secondaryRule:0, tertiaryRule:0
07-13 09:24:45.527 E/surfaceflinger( 1133): == MALI DEBUG ===eglp_winsys_populate_image_templates ==12288
07-13 09:24:45.532 D/C2MtkBufferManager( 1041): over 5000ms not request from VCodec but callback hooked, slow BM Cc fetch thread
07-13 09:24:45.537 E/surfaceflinger( 1133): == MALI DEBUG ===eglp_winsys_populate_image_templates ==12288
07-13 09:24:45.546 E/surfaceflinger( 1133): == MALI DEBUG ===eglp_winsys_populate_image_templates ==12288
07-13 09:24:45.553 D/C2MtkBufferManager( 1041): over 5000ms not request from VCodec but callback hooked, slow BM Cc fetch thread
07-13 09:24:45.557 E/surfaceflinger( 1133): == MALI DEBUG ===eglp_winsys_populate_image_templates ==12288
07-13 09:24:45.569 E/surfaceflinger( 1133): == MALI DEBUG ===eglp_winsys_populate_image_templates ==12288
07-13 09:24:45.573 D/C2MtkBufferManager( 1041): over 5000ms not request from VCodec but callback hooked, slow BM Cc fetch thread
07-13 09:24:45.580 E/surfaceflinger( 1133): == MALI DEBUG ===eglp_winsys_populate_image_templates ==12288
07-13 09:24:45.585 D/NetworkController.MobileSignalController(1)( 2459): notifyListeners: mFeatureRelayData=false
07-13 09:24:45.591 E/surfaceflinger( 1133): == MALI DEBUG ===eglp_winsys_populate_image_templates ==12288
07-13 09:24:45.593 D/C2MtkBufferManager( 1041): over 5000ms not request from VCodec but callback hooked, slow BM Cc fetch thread
07-13 09:24:45.591 W/sensors@2.0-ser( 1046): type=1400 audit(0.0:608613): avc:  denied  { read } for  name="current_now" dev="sysfs" ino=36938 scontext=u:r:mtk_hal_sensors:s0 tcontext=u:object_r:sysfs_usb_supply:s0 tclass=file permissive=0
07-13 09:24:45.597 D/Launcher_UnlockAnimationStateMachine( 2470): mResetIdleStateRunnable
07-13 09:24:45.601 I/mtkpower@impl( 1059): [powerd_req] TIMER_MSG_PERF_LOCK_TIMEOUT hdl:246273
07-13 09:24:45.602 I/libPowerHal( 1059): [perfLockRel] hdl:246273, idx:5
07-13 09:24:45.602 I/libPowerHal( 1059): [unsetGPUFreq] current min:0, max:0; scn_gpu_min:0, scn_gpu_max:-1; scn_gpu_min(HL):-1, scn_gpu_max(HL):-1
07-13 09:24:45.602 I/libPowerHal( 1059): system_server: set gpu opp level: 31
07-13 09:24:45.602 I/libPowerHal( 1059): system_server: set gpu opp level max: 0
07-13 09:24:45.602 I/libPowerHal( 1059): [setGPUFreq] Soft min/max = (31, 0); Hard min/max = (31, 0)
07-13 09:24:45.602 I/libPowerHal( 1059): [setGPUFreq] final min/max = (31, 0)
07-13 09:24:45.602 I/libPowerHal( 1059): system_server: set gpu opp level: 31
07-13 09:24:45.602 E/surfaceflinger( 1133): == MALI DEBUG ===eglp_winsys_populate_image_templates ==12288
07-13 09:24:45.602 I/libPowerHal( 1059): system_server: set gpu opp level max: 0
07-13 09:24:45.606 I/gralloc4( 2459): @set_metadata: update dataspace from GM (0x00000000 -> 0x08010000)
07-13 09:24:45.612 E/surfaceflinger( 1133): == MALI DEBUG ===eglp_winsys_populate_image_templates ==12288
07-13 09:24:45.614 D/C2MtkBufferManager( 1041): over 5000ms not request from VCodec but callback hooked, slow BM Cc fetch thread
07-13 09:24:45.624 E/surfaceflinger( 1133): == MALI DEBUG ===eglp_winsys_populate_image_templates ==12288
07-13 09:24:45.634 D/C2MtkBufferManager( 1041): over 5000ms not request from VCodec but callback hooked, slow BM Cc fetch thread
07-13 09:24:45.635 E/surfaceflinger( 1133): == MALI DEBUG ===eglp_winsys_populate_image_templates ==12288
07-13 09:24:45.646 E/surfaceflinger( 1133): == MALI DEBUG ===eglp_winsys_populate_image_templates ==12288
07-13 09:24:45.654 D/CompatibilityChangeReporter(10924): Compat change id reported: 3400644; UID 10174; state: ENABLED
07-13 09:24:45.655 D/C2MtkBufferManager( 1041): over 5000ms not request from VCodec but callback hooked, slow BM Cc fetch thread
07-13 09:24:45.657 E/surfaceflinger( 1133): == MALI DEBUG ===eglp_winsys_populate_image_templates ==12288
07-13 09:24:45.668 E/surfaceflinger( 1133): == MALI DEBUG ===eglp_winsys_populate_image_templates ==12288
07-13 09:24:45.675 D/C2MtkBufferManager( 1041): over 5000ms not request from VCodec but callback hooked, slow BM Cc fetch thread
07-13 09:24:45.675 W/C2BqBuffer( 1041): last successful dequeue was 92336940337 us ago, 0 consecutive failures
07-13 09:24:45.696 D/C2MtkBufferManager( 1041): over 5000ms not request from VCodec but callback hooked, slow BM Cc fetch thread
07-13 09:24:45.704 D/CompatibilityChangeReporter( 1813): Compat change id reported: 161145287; UID 10174; state: ENABLED
07-13 09:24:45.716 D/C2MtkBufferManager( 1041): over 5000ms not request from VCodec but callback hooked, slow BM Cc fetch thread
07-13 09:24:45.737 D/C2MtkBufferManager( 1041): over 5000ms not request from VCodec but callback hooked, slow BM Cc fetch thread
07-13 09:24:45.757 D/C2MtkBufferManager( 1041): over 5000ms not request from VCodec but callback hooked, slow BM Cc fetch thread
07-13 09:24:45.778 D/C2MtkBufferManager( 1041): over 5000ms not request from VCodec but callback hooked, slow BM Cc fetch thread
07-13 09:24:45.789 I/libPerfCtl( 1059): xgfGetFPS pid:2459 fps:-1
07-13 09:24:45.789 I/libPerfCtl( 1059): xgfGetFPS pid:2470 fps:-1
07-13 09:24:45.789 I/libPerfCtl( 1059): xgfGetFPS pid:4463 fps:-1
07-13 09:24:45.789 I/libPerfCtl( 1059): xgfGetFPS pid:8388 fps:-1
07-13 09:24:45.799 D/C2MtkBufferManager( 1041): over 5000ms not request from VCodec but callback hooked, slow BM Cc fetch thread
07-13 09:24:45.819 D/C2MtkBufferManager( 1041): over 5000ms not request from VCodec but callback hooked, slow BM Cc fetch thread
07-13 09:24:45.840 D/C2MtkBufferManager( 1041): over 5000ms not request from VCodec but callback hooked, slow BM Cc fetch thread
07-13 09:24:45.860 D/C2MtkBufferManager( 1041): over 5000ms not request from VCodec but callback hooked, slow BM Cc fetch thread
07-13 09:24:45.880 D/C2MtkBufferManager( 1041): over 5000ms not request from VCodec but callback hooked, slow BM Cc fetch thread
07-13 09:24:45.886 I/mtkpower@impl( 1059): [powerd_req] TIMER_MSG_PERF_LOCK_TIMEOUT hdl:246274
07-13 09:24:45.886 I/libPowerHal( 1059): [perfLockRel] hdl:246274, idx:8
07-13 09:24:45.901 D/C2MtkBufferManager( 1041): over 5000ms not request from VCodec but callback hooked, slow BM Cc fetch thread
07-13 09:24:45.903 I/hwcomposer( 1039): [HWCDisplay] [Display_0 (type:1)] fps:62.305779,dur:1011.14,max:202.33,min:7.09  
07-13 09:24:45.921 D/C2MtkBufferManager( 1041): over 5000ms not request from VCodec but callback hooked, slow BM Cc fetch thread
07-13 09:24:45.942 D/C2MtkBufferManager( 1041): over 5000ms not request from VCodec but callback hooked, slow BM Cc fetch thread
07-13 09:24:45.962 D/C2MtkBufferManager( 1041): over 5000ms not request from VCodec but callback hooked, slow BM Cc fetch thread
07-13 09:24:45.983 D/C2MtkBufferManager( 1041): over 5000ms not request from VCodec but callback hooked, slow BM Cc fetch thread
07-13 09:24:45.986 D/ActivityManager( 1813): getProcessesInErrorState callingUid=10288, CallingPid=19459
07-13 09:24:45.992 D/ActivityManager( 1813): getProcessesInErrorState callingUid=10279, CallingPid=443
07-13 09:24:45.996 D/CompatibilityChangeReporter( 1813): Compat change id reported: 261072174; UID 10174; state: ENABLED
07-13 09:24:46.003 D/C2MtkBufferManager( 1041): over 5000ms not request from VCodec but callback hooked, slow BM Cc fetch thread
07-13 09:24:46.024 D/C2MtkBufferManager( 1041): over 5000ms not request from VCodec but callback hooked, slow BM Cc fetch thread
07-13 09:24:46.033 D/nativeloader(10924): Load /data/app/~~Z-HmI1stqjfbfkWhJgGGiQ==/com.google.android.googlequicksearchbox-QHCqd3nTI1c_r9Njs0kq1w==/base.apk!/lib/arm64-v8a/libnative_crash_handler_jni.so using class loader ns clns-5 (caller=/data/app/~~Z-HmI1stqjfbfkWhJgGGiQ==/com.google.android.googlequicksearchbox-QHCqd3nTI1c_r9Njs0kq1w==/base.apk!classes2.dex): ok
07-13 09:24:46.044 D/C2MtkBufferManager( 1041): over 5000ms not request from VCodec but callback hooked, slow BM Cc fetch thread
07-13 09:24:46.047 I/Tethering( 2392): [BpfCoordinator] onAlertReached
07-13 09:24:46.055 I/MiuiNetworkPolicy( 1813): updateUidState uid = 10317, uidState = 19
07-13 09:24:46.058 I/MiuiNetworkPolicy( 1813): updateUidState uid = 10317, uidState = 11
07-13 09:24:46.059 D/connsyslogger( 1516): SD_LOG_ROOT is /data/debuglogger/connsyslog/fw.
07-13 09:24:46.059 D/connsyslogger( 1516): systemReady:1
07-13 09:24:46.064 D/C2MtkBufferManager( 1041): over 5000ms not request from VCodec but callback hooked, slow BM Cc fetch thread
07-13 09:24:46.065 I/eqpd    (10924): SslGuard completed installation.
07-13 09:24:46.074 E/WifiStandalone( 1305): conditional wait timedout
07-13 09:24:46.076 E/WifiStandalone( 1305): write_to_file write kernel_log error, errno = 9(Bad file descriptor)
07-13 09:24:46.085 D/C2MtkBufferManager( 1041): over 5000ms not request from VCodec but callback hooked, slow BM Cc fetch thread
07-13 09:24:46.105 D/C2MtkBufferManager( 1041): over 5000ms not request from VCodec but callback hooked, slow BM Cc fetch thread
07-13 09:24:46.118 D/CompatibilityChangeReporter(10924): Compat change id reported: 247079863; UID 10174; state: ENABLED
07-13 09:24:46.126 D/C2MtkBufferManager( 1041): over 5000ms not request from VCodec but callback hooked, slow BM Cc fetch thread
07-13 09:24:46.133 I/ClipboardServiceI( 1813): checkProviderWakePathForClipboard: primaryClip is null
07-13 09:24:46.146 D/C2MtkBufferManager( 1041): over 5000ms not request from VCodec but callback hooked, slow BM Cc fetch thread
07-13 09:24:46.155 D/CompatibilityChangeReporter( 1813): Compat change id reported: 135634846; UID 10203; state: DISABLED
07-13 09:24:46.156 D/CompatibilityChangeReporter( 1813): Compat change id reported: 177438394; UID 10203; state: DISABLED
07-13 09:24:46.156 D/CompatibilityChangeReporter( 1813): Compat change id reported: 135772972; UID 10203; state: DISABLED
07-13 09:24:46.156 D/CompatibilityChangeReporter( 1813): Compat change id reported: 135754954; UID 10203; state: ENABLED
07-13 09:24:46.157 D/CompatibilityChangeReporter( 1813): Compat change id reported: 143937733; UID 10203; state: ENABLED
07-13 09:24:46.161 I/ClipboardServiceI( 1813): checkProviderWakePathForClipboard: primaryClip is null
07-13 09:24:46.162 I/dbgk    (10924): Initializing GMS Compliance Client Library...
07-13 09:24:46.162 I/dbgk    (10924): Checking for device compliance...
07-13 09:24:46.162 I/dbgk    (10924): Completed library init.
07-13 09:24:46.166 I/ActivityManager( 1813): Flag disabled. Ignoring finishAttachApplication from uid: 10174. pid: 10924
07-13 09:24:46.167 D/C2MtkBufferManager( 1041): over 5000ms not request from VCodec but callback hooked, slow BM Cc fetch thread
07-13 09:24:46.168 D/SoScUtils( 2459): monitorTransitionFinished transition:android.os.BinderProxy@1df49b8 transaction: android.view.SurfaceControl$Transaction@ee9098a mRequestCloseTransition:null mRequestOpenTransition:null mStartTransition:null mRequestOpenTriggerTask:-1 mRequestCloseTriggerTask:-1 mOrientationTransition: null mMainStartingTask:-1 mSideStartingTask:-1
07-13 09:24:46.171 D/MI-SF   ( 1133): updateScene: module = 268 (Unknown), value = 0, pkg = perf_interaction
07-13 09:24:46.172 I/DisplayModeDirectorImpl( 1813): onDesiredDisplayModeSpecsChanged:baseModeId=2 allowGroupSwitching=false primary=physical: (0.0 Infinity) render:  (0.0 60.0) appRequest=physical: (0.0 Infinity) render:  (0.0 60.0) noVotes=false
07-13 09:24:46.173 W/Looper  (10924): PerfMonitor longMsg : seq=2 plan=09:24:44.901 late=4ms wall=1265ms h=android.app.ActivityThread$H w=110 procState=-1
07-13 09:24:46.177 W/WindowManager( 1813): Exception thrown during dispatchAppVisibility Window{66c5166 u0 com.skillsroom.mobile/com.skillsroom.mobile.MainActivity EXITING}
07-13 09:24:46.177 W/WindowManager( 1813): android.os.DeadObjectException
07-13 09:24:46.177 W/WindowManager( 1813): 	at android.os.BinderProxy.transactNative(Native Method)
07-13 09:24:46.177 W/WindowManager( 1813): 	at android.os.BinderProxy.transact(BinderProxy.java:639)
07-13 09:24:46.177 W/WindowManager( 1813): 	at android.view.IWindow$Stub$Proxy.dispatchAppVisibility(IWindow.java:675)
07-13 09:24:46.177 W/WindowManager( 1813): 	at com.android.server.wm.WindowState.sendAppVisibilityToClients(WindowState.java:3502)
07-13 09:24:46.177 W/WindowManager( 1813): 	at com.android.server.wm.WindowContainer.sendAppVisibilityToClients(WindowContainer.java:1302)
07-13 09:24:46.177 W/WindowManager( 1813): 	at com.android.server.wm.WindowToken.setClientVisible(WindowToken.java:420)
07-13 09:24:46.177 W/WindowManager( 1813): 	at com.android.server.wm.ActivityRecord.setClientVisible(ActivityRecord.java:7995)
07-13 09:24:46.177 W/WindowManager( 1813): 	at com.android.server.wm.ActivityRecord.postApplyAnimation(ActivityRecord.java:6566)
07-13 09:24:46.177 W/WindowManager( 1813): 	at com.android.server.wm.ActivityRecord.commitVisibility(ActivityRecord.java:6508)
07-13 09:24:46.177 W/WindowManager( 1813): 	at com.android.server.wm.Transition.finishTransition(Transition.java:1340)
07-13 09:24:46.177 W/WindowManager( 1813): 	at com.android.server.wm.TransitionController.finishTransition(TransitionController.java:991)
07-13 09:24:46.177 W/WindowManager( 1813): 	at com.android.server.wm.WindowOrganizerController.finishTransition(WindowOrganizerController.java:442)
07-13 09:24:46.177 W/WindowManager( 1813): 	at android.window.IWindowOrganizerController$Stub.onTransact(IWindowOrganizerController.java:304)
07-13 09:24:46.177 W/WindowManager( 1813): 	at com.android.server.wm.WindowOrganizerController.onTransact(WindowOrganizerController.java:207)
07-13 09:24:46.177 W/WindowManager( 1813): 	at android.os.Binder.execTransactInternal(Binder.java:1351)
07-13 09:24:46.177 W/WindowManager( 1813): 	at android.os.Binder.execTransact(Binder.java:1282)
07-13 09:24:46.178 W/Process ( 1813): Unable to open /proc/8388/status
07-13 09:24:46.179 W/WindowManager( 1813): The process may be dead, tid:8388,tgid:-1
07-13 09:24:46.182 D/Zygote  ( 1023): Forked child process 10986
07-13 09:24:46.185 I/PowerManagerServiceImpl( 1813): Release wakelock: SCREEN_BRIGHT_WAKE_LOCK        'WindowManager/displayId:0' ON_AFTER_RELEASE DISABLED ACQ=-54s929ms (uid=1000 pid=1813 pkg=android ws=WorkSource{10210 com.skillsroom.mobile})
07-13 09:24:46.186 I/ActivityManager( 1813): Start proc 10986:com.milink.service/u0a203 for service {com.milink.service/com.milink.ui.service.MiLinkTileService} caller=com.android.systemui
07-13 09:24:46.187 D/C2MtkBufferManager( 1041): over 5000ms not request from VCodec but callback hooked, slow BM Cc fetch thread
07-13 09:24:46.190 I/MI-SF   ( 1133): surfaceflinger setAffinity mode=0
07-13 09:24:46.196 D/WindowManager( 1813): setParent old=ActivityRecord{42f66d6 u0 com.skillsroom.mobile/.MainActivity t5361 f}},new=null,this window=Window{66c5166 u0 com.skillsroom.mobile/com.skillsroom.mobile.MainActivity EXITING},callers=com.android.server.wm.WindowContainer.removeChild:831 com.android.server.wm.ActivityRecord.removeChild:5163 com.android.server.wm.ActivityRecord.removeChild:458 com.android.server.wm.WindowContainer.removeImmediately:889 com.android.server.wm.WindowState.removeImmediately:2490 com.android.server.wm.WindowState.removeIfPossible:2662 
07-13 09:24:46.197 I/WindowManager( 1813): cancelAnimation removed leash : Surface(name=Surface(name=143addc InputMethod#139)/@0x3f7a46b - animation-leash of insets_animation#78271)/@0x3755fb5
07-13 09:24:46.197 I/BufferQueueDebug( 1133): [Transition Root: Task=5362#78289](this:0xb400007855bfca30,id:-1,api:0,p:-1,c:1133) onDestructor()
07-13 09:24:46.198 E/BufferQueueDebug( 1133): [Surface(name=143addc InputMethod#139)/@0x3f7a46b - animation-leash of insets_animation#78293](this:0xb400007855aeca30,id:-1,api:0,p:-1,c:-1) id info cannot be read from 'Surface(name=143addc InputMethod#139)/@0x3f7a46b - animation-leash of insets_animation#78293'
07-13 09:24:46.198 I/BufferQueueDebug( 1133): [Surface(name=143addc InputMethod#139)/@0x3f7a46b - animation-leash of insets_animation#78293](this:0xb400007855aeca30,id:-1,api:0,p:-1,c:-1) BufferQueue core=(1133:/system/bin/surfaceflinger)
07-13 09:24:46.200 E/Zygote  (10986): process_name_ptr:10986 com.milink.service
07-13 09:24:46.200 I/WindowManager( 1813): input method visible height changed 0
07-13 09:24:46.208 D/C2MtkBufferManager( 1041): over 5000ms not request from VCodec but callback hooked, slow BM Cc fetch thread
07-13 09:24:46.208 I/BufferQueueDebug( 1133): [b37aaf1 ActivityRecordInputSink com.skillsroom.mobile/.MainActivity#78268](this:0xb400007855b17a30,id:-1,api:0,p:-1,c:1133) onDestructor()
07-13 09:24:46.208 I/BufferQueueDebug( 1133): [IME-snapshot-surface#78284](this:0xb40000785b5b8a30,id:-1,api:0,p:-1,c:1133) onDestructor()
07-13 09:24:46.209 E/SELinux (  477): avc:  denied  { find } for interface=vendor.xiaomi.hw.touchfeature::ITouchFeature sid=u:r:system_server:s0 pid=1813 scontext=u:r:system_server:s0 tcontext=u:object_r:default_android_hwservice:s0 tclass=hwservice_manager permissive=0
07-13 09:24:46.212 E/ITouchFeature( 1813): java.util.NoSuchElementException
07-13 09:24:46.212 E/SELinux (  477): avc:  denied  { find } for interface=vendor.xiaomi.hardware.touchfeature::ITouchFeature sid=u:r:system_server:s0 pid=1813 scontext=u:r:system_server:s0 tcontext=u:object_r:default_android_hwservice:s0 tclass=hwservice_manager permissive=0
07-13 09:24:46.213 E/ITouchFeature( 1813): java.util.NoSuchElementException
07-13 09:24:46.213 E/ITouchFeature( 1813): current device and process not support, v1/v2 HIDL service and v1 AIDL service not found
07-13 09:24:46.214 E/BufferQueueDebug( 1133): [Surface(name=d59f9dd NavigationBar0#77073)/@0xd8156d9 - animation-leash of insets_animation#78294](this:0xb400007855aefa30,id:-1,api:0,p:-1,c:-1) id info cannot be read from 'Surface(name=d59f9dd NavigationBar0#77073)/@0xd8156d9 - animation-leash of insets_animation#78294'
07-13 09:24:46.214 I/BufferQueueDebug( 1133): [Surface(name=d59f9dd NavigationBar0#77073)/@0xd8156d9 - animation-leash of insets_animation#78294](this:0xb400007855aefa30,id:-1,api:0,p:-1,c:-1) BufferQueue core=(1133:/system/bin/surfaceflinger)
07-13 09:24:46.220 I/fomw    (10924): (REDACTED) Scoped context discovery schemas: %s.
07-13 09:24:46.225 D/WindowManager( 1813): setParent old=Task{3c5704f #5361 type=standard A=10210:com.skillsroom.mobile},new=null,this window=ActivityRecord{42f66d6 u0 com.skillsroom.mobile/.MainActivity t5361 f}},callers=com.android.server.wm.WindowContainer.removeChild:831 com.android.server.wm.TaskFragment.removeChild:3100 com.android.server.wm.Task.removeChild:1815 com.android.server.wm.Task.removeChild:1795 com.android.server.wm.WindowContainer.removeImmediately:889 com.android.server.wm.WindowToken.removeImmediately:376 
07-13 09:24:46.226 E/BufferQueueDebug( 1133): [Task=5361#78295](this:0xb400007855b66a30,id:-1,api:0,p:-1,c:-1) id info cannot be read from 'Task=5361#78295'
07-13 09:24:46.226 D/nativeloader(10944): Configuring clns-4 for other apk /data/app/~~YLnmsdzZwEre--bK2d7z9w==/com.skillsroom.mobile-f9Bv9at9m-3mkcSkMrJiDw==/base.apk. target_sdk_version=36, uses_libraries=, library_path=/data/app/~~YLnmsdzZwEre--bK2d7z9w==/com.skillsroom.mobile-f9Bv9at9m-3mkcSkMrJiDw==/lib/arm64:/data/app/~~YLnmsdzZwEre--bK2d7z9w==/com.skillsroom.mobile-f9Bv9at9m-3mkcSkMrJiDw==/base.apk!/lib/arm64-v8a, permitted_path=/data:/mnt/expand:/data/user/0/com.skillsroom.mobile
