07-13 09:24:54.369 D/ULogGuard( 1314): Monitoring: 16 threads, 0 requests, 0 time-bombs; 2 guards. ResetFlags = 0x7
07-13 09:24:54.385 D/C2MtkBufferManager( 1041): over 5000ms not request from VCodec but callback hooked, slow BM Cc fetch thread
07-13 09:24:54.406 D/C2MtkBufferManager( 1041): over 5000ms not request from VCodec but callback hooked, slow BM Cc fetch thread
07-13 09:24:54.426 D/C2MtkBufferManager( 1041): over 5000ms not request from VCodec but callback hooked, slow BM Cc fetch thread
07-13 09:24:54.447 D/C2MtkBufferManager( 1041): over 5000ms not request from VCodec but callback hooked, slow BM Cc fetch thread
07-13 09:24:54.468 D/C2MtkBufferManager( 1041): over 5000ms not request from VCodec but callback hooked, slow BM Cc fetch thread
07-13 09:24:54.481 I/system_server( 1813): Background young concurrent copying GC freed 6447KB AllocSpace bytes, 25(844KB) LOS objects, 5% free, 145MB/153MB, paused 1.559ms,776us total 186.978ms
07-13 09:24:54.488 D/C2MtkBufferManager( 1041): over 5000ms not request from VCodec but callback hooked, slow BM Cc fetch thread
07-13 09:24:54.508 D/C2MtkBufferManager( 1041): over 5000ms not request from VCodec but callback hooked, slow BM Cc fetch thread
07-13 09:24:54.518 D/ActivityManager( 1813): getProcessesInErrorState callingUid=10288, CallingPid=19459
07-13 09:24:54.522 D/ActivityManager( 1813): getProcessesInErrorState callingUid=10279, CallingPid=443
07-13 09:24:54.529 D/C2MtkBufferManager( 1041): over 5000ms not request from VCodec but callback hooked, slow BM Cc fetch thread
07-13 09:24:54.549 D/C2MtkBufferManager( 1041): over 5000ms not request from VCodec but callback hooked, slow BM Cc fetch thread
07-13 09:24:54.570 D/C2MtkBufferManager( 1041): over 5000ms not request from VCodec but callback hooked, slow BM Cc fetch thread
07-13 09:24:54.590 D/C2MtkBufferManager( 1041): over 5000ms not request from VCodec but callback hooked, slow BM Cc fetch thread
07-13 09:24:54.611 D/C2MtkBufferManager( 1041): over 5000ms not request from VCodec but callback hooked, slow BM Cc fetch thread
07-13 09:24:54.612 W/Settings( 2457): Setting airplane_mode_on has moved from android.provider.Settings.System to android.provider.Settings.Global, returning read-only value.
07-13 09:24:54.615 D/MobileStatusTracker(1)( 2459): onSignalStrengthsChanged signalStrength=SignalStrength:{mCdma=CellSignalStrengthCdma: cdmaDbm=2147483647 cdmaEcio=2147483647 evdoDbm=2147483647 evdoEcio=2147483647 evdoSnr=2147483647 miuiLevel=0 mOptimizedLevel=0 level=0,mGsm=CellSignalStrengthGsm: rssi=2147483647 ber=2147483647 mTa=2147483647 miuiLevel=0 isNtnMode=false mLevel=0,mWcdma=CellSignalStrengthWcdma: ss=2147483647 ber=2147483647 rscp=2147483647 ecno=2147483647 miuiLevel=0 mOptimizedLevel=0 level=0,mTdscdma=CellSignalStrengthTdscdma: rssi=2147483647 ber=2147483647 rscp=2147483647 miuiLevel=0 mOptimizedLevel=0 level=0,mLte=CellSignalStrengthLte: rssi=-93 rsrp=-102 rsrq=-9 rssnr=11 cqiTableIndex=2147483647 cqi=0 ta=0 miuiLevel=4 mOptimizedLevel=0 level=3 parametersUseForLevel=0,mNr=CellSignalStrengthNr:{ csiRsrp = 2147483647 csiRsrq = 2147483647 csiCqiTableIndex = 2147483647 csiCqiReport = [] ssRsrp = 2147483647 ssRsrq = 2147483647 ssSinr = 2147483647 miuiLevel = 0 mOptimizedLevel = 0 level = 0 parametersUseForLevel = 0 timingAdvance = 2147483647 },primary=CellSignalStrengthLte,mNrAsPrimaryInNrNsa=false}
07-13 09:24:54.616 D/NetworkController.MobileSignalController(1)( 2459): update5GConnectState: false
07-13 09:24:54.616 D/NetworkController.MobileSignalController(1)( 2459): ss use aosp level not 0, 4
07-13 09:24:54.620 D/NetworkController.MobileSignalController(1)( 2459): notifyListeners: mFeatureRelayData=false
07-13 09:24:54.632 D/C2MtkBufferManager( 1041): over 5000ms not request from VCodec but callback hooked, slow BM Cc fetch thread
07-13 09:24:54.639 I/gralloc4( 2459): @set_metadata: update dataspace from GM (0x00000000 -> 0x08010000)
07-13 09:24:54.645 I/BufferQueueProducer( 1133): [StatusBar#98](this:0xb400007865c71a30,id:-1,api:0,p:-1,c:1133) queueBuffer: fps=0.98 dur=1017.34 max=1017.34 min=1017.34
07-13 09:24:54.650 I/hwcomposer( 1039): [HWCDisplay] [Display_0 (type:1)] fps:0.983416,dur:1016.86,max:1016.86,min:1016.86  
07-13 09:24:54.652 D/C2MtkBufferManager( 1041): over 5000ms not request from VCodec but callback hooked, slow BM Cc fetch thread
07-13 09:24:54.673 D/C2MtkBufferManager( 1041): over 5000ms not request from VCodec but callback hooked, slow BM Cc fetch thread
07-13 09:24:54.684 I/MiuiNetworkPolicy( 1813): updateUidState uid = 10157, uidState = 4
07-13 09:24:54.685 I/MiuiNetworkPolicy( 1813): updateUidState uid = 10078, uidState = 15
07-13 09:24:54.693 D/C2MtkBufferManager( 1041): over 5000ms not request from VCodec but callback hooked, slow BM Cc fetch thread
07-13 09:24:54.691 W/sensors@2.0-ser( 1046): type=1400 audit(0.0:608627): avc:  denied  { read } for  name="current_now" dev="sysfs" ino=36938 scontext=u:r:mtk_hal_sensors:s0 tcontext=u:object_r:sysfs_usb_supply:s0 tclass=file permissive=0
07-13 09:24:54.714 D/C2MtkBufferManager( 1041): over 5000ms not request from VCodec but callback hooked, slow BM Cc fetch thread
07-13 09:24:54.733 W/adbd    (21521): timeout expired while flushing socket, closing
07-13 09:24:54.734 D/C2MtkBufferManager( 1041): over 5000ms not request from VCodec but callback hooked, slow BM Cc fetch thread
07-13 09:24:54.755 D/C2MtkBufferManager( 1041): over 5000ms not request from VCodec but callback hooked, slow BM Cc fetch thread
07-13 09:24:54.775 D/C2MtkBufferManager( 1041): over 5000ms not request from VCodec but callback hooked, slow BM Cc fetch thread
07-13 09:24:54.791 I/libPerfCtl( 1059): xgfGetFPS pid:2459 fps:-1
07-13 09:24:54.791 I/libPerfCtl( 1059): xgfGetFPS pid:2470 fps:-1
07-13 09:24:54.791 I/libPerfCtl( 1059): xgfGetFPS pid:10924 fps:-1
07-13 09:24:54.791 I/libPerfCtl( 1059): xgfGetFPS pid:10944 fps:-1
07-13 09:24:54.796 D/C2MtkBufferManager( 1041): over 5000ms not request from VCodec but callback hooked, slow BM Cc fetch thread
07-13 09:24:54.817 D/C2MtkBufferManager( 1041): over 5000ms not request from VCodec but callback hooked, slow BM Cc fetch thread
07-13 09:24:54.837 D/C2MtkBufferManager( 1041): over 5000ms not request from VCodec but callback hooked, slow BM Cc fetch thread
07-13 09:24:54.858 D/C2MtkBufferManager( 1041): over 5000ms not request from VCodec but callback hooked, slow BM Cc fetch thread
07-13 09:24:54.879 D/C2MtkBufferManager( 1041): over 5000ms not request from VCodec but callback hooked, slow BM Cc fetch thread
07-13 09:24:54.899 D/C2MtkBufferManager( 1041): over 5000ms not request from VCodec but callback hooked, slow BM Cc fetch thread
07-13 09:24:54.920 D/C2MtkBufferManager( 1041): over 5000ms not request from VCodec but callback hooked, slow BM Cc fetch thread
07-13 09:24:54.941 D/C2MtkBufferManager( 1041): over 5000ms not request from VCodec but callback hooked, slow BM Cc fetch thread
07-13 09:24:54.961 D/C2MtkBufferManager( 1041): over 5000ms not request from VCodec but callback hooked, slow BM Cc fetch thread
07-13 09:24:54.982 D/C2MtkBufferManager( 1041): over 5000ms not request from VCodec but callback hooked, slow BM Cc fetch thread
07-13 09:24:54.989 I/ProtoXDBBufferWrapper( 4463): ProtoXDBBufferWrapper.flushToStorage():158 Flushed 6 data item(s) to storage.
07-13 09:24:55.002 D/C2MtkBufferManager( 1041): over 5000ms not request from VCodec but callback hooked, slow BM Cc fetch thread
07-13 09:24:55.023 D/C2MtkBufferManager( 1041): over 5000ms not request from VCodec but callback hooked, slow BM Cc fetch thread
07-13 09:24:55.027 D/ActivityManager( 1813): getProcessesInErrorState callingUid=10288, CallingPid=19459
07-13 09:24:55.027 D/ActivityManager( 1813): getProcessesInErrorState callingUid=10279, CallingPid=443
07-13 09:24:55.044 D/C2MtkBufferManager( 1041): over 5000ms not request from VCodec but callback hooked, slow BM Cc fetch thread
07-13 09:24:55.050 D/CompatibilityChangeReporter( 1813): Compat change id reported: 261072174; UID 10157; state: ENABLED
07-13 09:24:55.064 D/C2MtkBufferManager( 1041): over 5000ms not request from VCodec but callback hooked, slow BM Cc fetch thread
07-13 09:24:55.085 D/C2MtkBufferManager( 1041): over 5000ms not request from VCodec but callback hooked, slow BM Cc fetch thread
07-13 09:24:55.106 D/C2MtkBufferManager( 1041): over 5000ms not request from VCodec but callback hooked, slow BM Cc fetch thread
07-13 09:24:55.126 D/C2MtkBufferManager( 1041): over 5000ms not request from VCodec but callback hooked, slow BM Cc fetch thread
07-13 09:24:55.147 D/C2MtkBufferManager( 1041): over 5000ms not request from VCodec but callback hooked, slow BM Cc fetch thread
07-13 09:24:55.167 D/C2MtkBufferManager( 1041): over 5000ms not request from VCodec but callback hooked, slow BM Cc fetch thread
07-13 09:24:55.171 I/SmartPower: com.google.process.gservices/10157(10999)( 1813): background->idle(8842ms) R(remove from whitelist) adj=915.
07-13 09:24:55.171 I/SmartPower: com.google.android.gms/10157(8414)( 1813): background->idle(6002ms) R(remove from whitelist) adj=200.
07-13 09:24:55.188 D/C2MtkBufferManager( 1041): over 5000ms not request from VCodec but callback hooked, slow BM Cc fetch thread
07-13 09:24:55.209 D/C2MtkBufferManager( 1041): over 5000ms not request from VCodec but callback hooked, slow BM Cc fetch thread
07-13 09:24:55.229 D/C2MtkBufferManager( 1041): over 5000ms not request from VCodec but callback hooked, slow BM Cc fetch thread
07-13 09:24:55.250 D/C2MtkBufferManager( 1041): over 5000ms not request from VCodec but callback hooked, slow BM Cc fetch thread
07-13 09:24:55.271 D/C2MtkBufferManager( 1041): over 5000ms not request from VCodec but callback hooked, slow BM Cc fetch thread
07-13 09:24:55.292 D/C2MtkBufferManager( 1041): over 5000ms not request from VCodec but callback hooked, slow BM Cc fetch thread
07-13 09:24:55.312 D/C2MtkBufferManager( 1041): over 5000ms not request from VCodec but callback hooked, slow BM Cc fetch thread
07-13 09:24:55.330 I/AS.AudioService( 1813): getMode, get current owner's mode
07-13 09:24:55.330 I/AS.AudioService( 1813): getMode, currentModeHandler is null
07-13 09:24:55.333 D/C2MtkBufferManager( 1041): over 5000ms not request from VCodec but callback hooked, slow BM Cc fetch thread
07-13 09:24:55.354 D/C2MtkBufferManager( 1041): over 5000ms not request from VCodec but callback hooked, slow BM Cc fetch thread
07-13 09:24:55.375 D/C2MtkBufferManager( 1041): over 5000ms not request from VCodec but callback hooked, slow BM Cc fetch thread
07-13 09:24:55.395 D/C2MtkBufferManager( 1041): over 5000ms not request from VCodec but callback hooked, slow BM Cc fetch thread
07-13 09:24:55.416 D/C2MtkBufferManager( 1041): over 5000ms not request from VCodec but callback hooked, slow BM Cc fetch thread
07-13 09:24:55.437 D/C2MtkBufferManager( 1041): over 5000ms not request from VCodec but callback hooked, slow BM Cc fetch thread
07-13 09:24:55.457 D/C2MtkBufferManager( 1041): over 5000ms not request from VCodec but callback hooked, slow BM Cc fetch thread
07-13 09:24:55.478 D/C2MtkBufferManager( 1041): over 5000ms not request from VCodec but callback hooked, slow BM Cc fetch thread
07-13 09:24:55.499 D/C2MtkBufferManager( 1041): over 5000ms not request from VCodec but callback hooked, slow BM Cc fetch thread
07-13 09:24:55.519 D/C2MtkBufferManager( 1041): over 5000ms not request from VCodec but callback hooked, slow BM Cc fetch thread
07-13 09:24:55.530 D/ActivityManager( 1813): getProcessesInErrorState callingUid=10288, CallingPid=19459
07-13 09:24:55.530 D/ActivityManager( 1813): getProcessesInErrorState callingUid=10279, CallingPid=443
07-13 09:24:55.540 D/C2MtkBufferManager( 1041): over 5000ms not request from VCodec but callback hooked, slow BM Cc fetch thread
07-13 09:24:55.561 D/C2MtkBufferManager( 1041): over 5000ms not request from VCodec but callback hooked, slow BM Cc fetch thread
07-13 09:24:55.581 D/C2MtkBufferManager( 1041): over 5000ms not request from VCodec but callback hooked, slow BM Cc fetch thread
07-13 09:24:55.602 D/C2MtkBufferManager( 1041): over 5000ms not request from VCodec but callback hooked, slow BM Cc fetch thread
07-13 09:24:55.623 D/C2MtkBufferManager( 1041): over 5000ms not request from VCodec but callback hooked, slow BM Cc fetch thread
07-13 09:24:55.625 D/NetworkController.MobileSignalController(1)( 2459): notifyListeners: mFeatureRelayData=false
07-13 09:24:55.641 I/gralloc4( 2459): @set_metadata: update dataspace from GM (0x00000000 -> 0x08010000)
07-13 09:24:55.643 D/C2MtkBufferManager( 1041): over 5000ms not request from VCodec but callback hooked, slow BM Cc fetch thread
07-13 09:24:55.664 D/C2MtkBufferManager( 1041): over 5000ms not request from VCodec but callback hooked, slow BM Cc fetch thread
07-13 09:24:55.684 D/C2MtkBufferManager( 1041): over 5000ms not request from VCodec but callback hooked, slow BM Cc fetch thread
07-13 09:24:55.691 W/sensors@2.0-ser( 1046): type=1400 audit(0.0:608628): avc:  denied  { read } for  name="current_now" dev="sysfs" ino=36938 scontext=u:r:mtk_hal_sensors:s0 tcontext=u:object_r:sysfs_usb_supply:s0 tclass=file permissive=0
07-13 09:24:55.705 D/C2MtkBufferManager( 1041): over 5000ms not request from VCodec but callback hooked, slow BM Cc fetch thread
07-13 09:24:55.705 W/C2BqBuffer( 1041): last successful dequeue was 92346970054 us ago, 0 consecutive failures
07-13 09:24:55.718 D/FileUtils( 1813): Rounded bytes from 3899887616 to 4000000000
07-13 09:24:55.722 D/FileUtils( 1813): Rounded bytes from 3899887616 to 4000000000
07-13 09:24:55.726 D/C2MtkBufferManager( 1041): over 5000ms not request from VCodec but callback hooked, slow BM Cc fetch thread
07-13 09:24:55.746 D/C2MtkBufferManager( 1041): over 5000ms not request from VCodec but callback hooked, slow BM Cc fetch thread
07-13 09:24:55.767 D/C2MtkBufferManager( 1041): over 5000ms not request from VCodec but callback hooked, slow BM Cc fetch thread
07-13 09:24:55.787 D/C2MtkBufferManager( 1041): over 5000ms not request from VCodec but callback hooked, slow BM Cc fetch thread
07-13 09:24:55.791 I/libPerfCtl( 1059): xgfGetFPS pid:2459 fps:-1
07-13 09:24:55.791 I/libPerfCtl( 1059): xgfGetFPS pid:10924 fps:-1
07-13 09:24:55.791 I/libPerfCtl( 1059): xgfGetFPS pid:10944 fps:-1
07-13 09:24:55.808 D/C2MtkBufferManager( 1041): over 5000ms not request from VCodec but callback hooked, slow BM Cc fetch thread
07-13 09:24:55.829 D/C2MtkBufferManager( 1041): over 5000ms not request from VCodec but callback hooked, slow BM Cc fetch thread
07-13 09:24:55.849 D/C2MtkBufferManager( 1041): over 5000ms not request from VCodec but callback hooked, slow BM Cc fetch thread
07-13 09:24:55.870 D/C2MtkBufferManager( 1041): over 5000ms not request from VCodec but callback hooked, slow BM Cc fetch thread
07-13 09:24:55.890 D/C2MtkBufferManager( 1041): over 5000ms not request from VCodec but callback hooked, slow BM Cc fetch thread
07-13 09:24:55.911 D/C2MtkBufferManager( 1041): over 5000ms not request from VCodec but callback hooked, slow BM Cc fetch thread
07-13 09:24:55.932 D/C2MtkBufferManager( 1041): over 5000ms not request from VCodec but callback hooked, slow BM Cc fetch thread
07-13 09:24:55.952 D/C2MtkBufferManager( 1041): over 5000ms not request from VCodec but callback hooked, slow BM Cc fetch thread
07-13 09:24:55.973 D/C2MtkBufferManager( 1041): over 5000ms not request from VCodec but callback hooked, slow BM Cc fetch thread
07-13 09:24:55.993 D/C2MtkBufferManager( 1041): over 5000ms not request from VCodec but callback hooked, slow BM Cc fetch thread
07-13 09:24:56.014 D/C2MtkBufferManager( 1041): over 5000ms not request from VCodec but callback hooked, slow BM Cc fetch thread
07-13 09:24:56.032 D/ActivityManager( 1813): getProcessesInErrorState callingUid=10288, CallingPid=19459
07-13 09:24:56.033 D/ActivityManager( 1813): getProcessesInErrorState callingUid=10279, CallingPid=443
07-13 09:24:56.035 D/C2MtkBufferManager( 1041): over 5000ms not request from VCodec but callback hooked, slow BM Cc fetch thread
07-13 09:24:56.051 I/Tethering( 2392): [BpfCoordinator] onAlertReached
07-13 09:24:56.055 D/C2MtkBufferManager( 1041): over 5000ms not request from VCodec but callback hooked, slow BM Cc fetch thread
07-13 09:24:56.060 D/connsyslogger( 1516): SD_LOG_ROOT is /data/debuglogger/connsyslog/fw.
07-13 09:24:56.060 D/connsyslogger( 1516): systemReady:1
07-13 09:24:56.075 D/C2MtkBufferManager( 1041): over 5000ms not request from VCodec but callback hooked, slow BM Cc fetch thread
07-13 09:24:56.096 D/C2MtkBufferManager( 1041): over 5000ms not request from VCodec but callback hooked, slow BM Cc fetch thread
07-13 09:24:56.116 D/C2MtkBufferManager( 1041): over 5000ms not request from VCodec but callback hooked, slow BM Cc fetch thread
07-13 09:24:56.137 D/C2MtkBufferManager( 1041): over 5000ms not request from VCodec but callback hooked, slow BM Cc fetch thread
07-13 09:24:56.140 I/MiuiNetworkPolicy( 1813): updateUidState uid = 10317, uidState = 19
07-13 09:24:56.144 I/MiuiNetworkPolicy( 1813): updateUidState uid = 10317, uidState = 11
07-13 09:24:56.146 W/Settings( 2457): Setting airplane_mode_on has moved from android.provider.Settings.System to android.provider.Settings.Global, returning read-only value.
07-13 09:24:56.151 D/MobileStatusTracker(1)( 2459): onSignalStrengthsChanged signalStrength=SignalStrength:{mCdma=CellSignalStrengthCdma: cdmaDbm=2147483647 cdmaEcio=2147483647 evdoDbm=2147483647 evdoEcio=2147483647 evdoSnr=2147483647 miuiLevel=0 mOptimizedLevel=0 level=0,mGsm=CellSignalStrengthGsm: rssi=2147483647 ber=2147483647 mTa=2147483647 miuiLevel=0 isNtnMode=false mLevel=0,mWcdma=CellSignalStrengthWcdma: ss=2147483647 ber=2147483647 rscp=2147483647 ecno=2147483647 miuiLevel=0 mOptimizedLevel=0 level=0,mTdscdma=CellSignalStrengthTdscdma: rssi=2147483647 ber=2147483647 rscp=2147483647 miuiLevel=0 mOptimizedLevel=0 level=0,mLte=CellSignalStrengthLte: rssi=-89 rsrp=-102 rsrq=-13 rssnr=11 cqiTableIndex=2147483647 cqi=0 ta=0 miuiLevel=4 mOptimizedLevel=0 level=3 parametersUseForLevel=0,mNr=CellSignalStrengthNr:{ csiRsrp = 2147483647 csiRsrq = 2147483647 csiCqiTableIndex = 2147483647 csiCqiReport = [] ssRsrp = 2147483647 ssRsrq = 2147483647 ssSinr = 2147483647 miuiLevel = 0 mOptimizedLevel = 0 level = 0 parametersUseForLevel = 0 timingAdvance = 2147483647 },primary=CellSignalStrengthLte,mNrAsPrimaryInNrNsa=false}
07-13 09:24:56.152 D/NetworkController.MobileSignalController(1)( 2459): update5GConnectState: false
07-13 09:24:56.152 D/NetworkController.MobileSignalController(1)( 2459): ss use aosp level not 0, 4
07-13 09:24:56.157 D/C2MtkBufferManager( 1041): over 5000ms not request from VCodec but callback hooked, slow BM Cc fetch thread
07-13 09:24:56.178 D/C2MtkBufferManager( 1041): over 5000ms not request from VCodec but callback hooked, slow BM Cc fetch thread
07-13 09:24:56.198 D/C2MtkBufferManager( 1041): over 5000ms not request from VCodec but callback hooked, slow BM Cc fetch thread
07-13 09:24:56.219 D/C2MtkBufferManager( 1041): over 5000ms not request from VCodec but callback hooked, slow BM Cc fetch thread
07-13 09:24:56.239 D/C2MtkBufferManager( 1041): over 5000ms not request from VCodec but callback hooked, slow BM Cc fetch thread
07-13 09:24:56.259 D/power@timer( 1059): [mtkPowerTimer] visRead:0
07-13 09:24:56.260 D/C2MtkBufferManager( 1041): over 5000ms not request from VCodec but callback hooked, slow BM Cc fetch thread
07-13 09:24:56.280 D/C2MtkBufferManager( 1041): over 5000ms not request from VCodec but callback hooked, slow BM Cc fetch thread
07-13 09:24:56.294 D/UidObserver( 7233): onUidIdle uid=10203 uidstate=100
07-13 09:24:56.301 D/C2MtkBufferManager( 1041): over 5000ms not request from VCodec but callback hooked, slow BM Cc fetch thread
07-13 09:24:56.321 D/C2MtkBufferManager( 1041): over 5000ms not request from VCodec but callback hooked, slow BM Cc fetch thread
07-13 09:24:56.342 D/C2MtkBufferManager( 1041): over 5000ms not request from VCodec but callback hooked, slow BM Cc fetch thread
07-13 09:24:56.362 D/C2MtkBufferManager( 1041): over 5000ms not request from VCodec but callback hooked, slow BM Cc fetch thread
07-13 09:24:56.366 W/soft_error.cpp( 9698): [pando::graphql::PandoGraphQLRequestHybrid::assertValid] : Using a PandoGraphQLRequest after it has been consumed. Query name is IGSharedAccountsQuery
07-13 09:24:56.383 D/C2MtkBufferManager( 1041): over 5000ms not request from VCodec but callback hooked, slow BM Cc fetch thread
07-13 09:24:56.403 D/C2MtkBufferManager( 1041): over 5000ms not request from VCodec but callback hooked, slow BM Cc fetch thread
07-13 09:24:56.424 D/C2MtkBufferManager( 1041): over 5000ms not request from VCodec but callback hooked, slow BM Cc fetch thread
07-13 09:24:56.444 D/C2MtkBufferManager( 1041): over 5000ms not request from VCodec but callback hooked, slow BM Cc fetch thread
07-13 09:24:56.465 D/C2MtkBufferManager( 1041): over 5000ms not request from VCodec but callback hooked, slow BM Cc fetch thread
07-13 09:24:56.485 D/C2MtkBufferManager( 1041): over 5000ms not request from VCodec but callback hooked, slow BM Cc fetch thread
07-13 09:24:56.506 D/C2MtkBufferManager( 1041): over 5000ms not request from VCodec but callback hooked, slow BM Cc fetch thread
07-13 09:24:56.526 D/C2MtkBufferManager( 1041): over 5000ms not request from VCodec but callback hooked, slow BM Cc fetch thread
07-13 09:24:56.534 D/ActivityManager( 1813): getProcessesInErrorState callingUid=10279, CallingPid=443
07-13 09:24:56.535 D/ActivityManager( 1813): getProcessesInErrorState callingUid=10288, CallingPid=19459
07-13 09:24:56.547 D/C2MtkBufferManager( 1041): over 5000ms not request from VCodec but callback hooked, slow BM Cc fetch thread
07-13 09:24:56.568 D/C2MtkBufferManager( 1041): over 5000ms not request from VCodec but callback hooked, slow BM Cc fetch thread
07-13 09:24:56.588 D/C2MtkBufferManager( 1041): over 5000ms not request from VCodec but callback hooked, slow BM Cc fetch thread
07-13 09:24:56.609 D/C2MtkBufferManager( 1041): over 5000ms not request from VCodec but callback hooked, slow BM Cc fetch thread
07-13 09:24:56.628 D/NetworkController.MobileSignalController(1)( 2459): notifyListeners: mFeatureRelayData=false
07-13 09:24:56.630 D/C2MtkBufferManager( 1041): over 5000ms not request from VCodec but callback hooked, slow BM Cc fetch thread
07-13 09:24:56.650 D/C2MtkBufferManager( 1041): over 5000ms not request from VCodec but callback hooked, slow BM Cc fetch thread
07-13 09:24:56.658 I/gralloc4( 2459): @set_metadata: update dataspace from GM (0x00000000 -> 0x08010000)
07-13 09:24:56.662 I/BufferQueueProducer( 1133): [StatusBar#98](this:0xb400007865c71a30,id:-1,api:0,p:-1,c:1133) queueBuffer: fps=0.99 dur=2016.59 max=1016.99 min=999.61
07-13 09:24:56.665 I/hwcomposer( 1039): [HWCDisplay] [Display_0 (type:1)] fps:0.992031,dur:2016.07,max:1016.76,min:999.31  
07-13 09:24:56.671 D/C2MtkBufferManager( 1041): over 5000ms not request from VCodec but callback hooked, slow BM Cc fetch thread
07-13 09:24:56.691 D/C2MtkBufferManager( 1041): over 5000ms not request from VCodec but callback hooked, slow BM Cc fetch thread
07-13 09:24:56.713 D/C2MtkBufferManager( 1041): over 5000ms not request from VCodec but callback hooked, slow BM Cc fetch thread
07-13 09:24:56.707 W/sensors@2.0-ser( 1046): type=1400 audit(0.0:608629): avc:  denied  { read } for  name="current_now" dev="sysfs" ino=36938 scontext=u:r:mtk_hal_sensors:s0 tcontext=u:object_r:sysfs_usb_supply:s0 tclass=file permissive=0
07-13 09:24:56.734 D/C2MtkBufferManager( 1041): over 5000ms not request from VCodec but callback hooked, slow BM Cc fetch thread
07-13 09:24:56.754 D/C2MtkBufferManager( 1041): over 5000ms not request from VCodec but callback hooked, slow BM Cc fetch thread
07-13 09:24:56.775 D/C2MtkBufferManager( 1041): over 5000ms not request from VCodec but callback hooked, slow BM Cc fetch thread
07-13 09:24:56.792 I/libPerfCtl( 1059): xgfGetFPS pid:2459 fps:-1
07-13 09:24:56.792 I/libPerfCtl( 1059): xgfGetFPS pid:10944 fps:-1
07-13 09:24:56.796 D/C2MtkBufferManager( 1041): over 5000ms not request from VCodec but callback hooked, slow BM Cc fetch thread
07-13 09:24:56.816 D/C2MtkBufferManager( 1041): over 5000ms not request from VCodec but callback hooked, slow BM Cc fetch thread
07-13 09:24:56.837 D/C2MtkBufferManager( 1041): over 5000ms not request from VCodec but callback hooked, slow BM Cc fetch thread
07-13 09:24:56.858 D/C2MtkBufferManager( 1041): over 5000ms not request from VCodec but callback hooked, slow BM Cc fetch thread
07-13 09:24:56.878 D/C2MtkBufferManager( 1041): over 5000ms not request from VCodec but callback hooked, slow BM Cc fetch thread
07-13 09:24:56.899 D/C2MtkBufferManager( 1041): over 5000ms not request from VCodec but callback hooked, slow BM Cc fetch thread
07-13 09:24:56.920 D/C2MtkBufferManager( 1041): over 5000ms not request from VCodec but callback hooked, slow BM Cc fetch thread
07-13 09:24:56.940 D/C2MtkBufferManager( 1041): over 5000ms not request from VCodec but callback hooked, slow BM Cc fetch thread
07-13 09:24:56.961 D/C2MtkBufferManager( 1041): over 5000ms not request from VCodec but callback hooked, slow BM Cc fetch thread
07-13 09:24:56.982 D/C2MtkBufferManager( 1041): over 5000ms not request from VCodec but callback hooked, slow BM Cc fetch thread
07-13 09:24:57.003 D/C2MtkBufferManager( 1041): over 5000ms not request from VCodec but callback hooked, slow BM Cc fetch thread
07-13 09:24:57.023 D/C2MtkBufferManager( 1041): over 5000ms not request from VCodec but callback hooked, slow BM Cc fetch thread
07-13 09:24:57.036 D/ActivityManager( 1813): getProcessesInErrorState callingUid=10288, CallingPid=19459
07-13 09:24:57.036 D/ActivityManager( 1813): getProcessesInErrorState callingUid=10279, CallingPid=443
07-13 09:24:57.044 D/C2MtkBufferManager( 1041): over 5000ms not request from VCodec but callback hooked, slow BM Cc fetch thread
07-13 09:24:57.065 D/C2MtkBufferManager( 1041): over 5000ms not request from VCodec but callback hooked, slow BM Cc fetch thread
07-13 09:24:57.081 D/ccci_mdinit( 1136): (1):monitor_time_update_thread round:72259 ########
07-13 09:24:57.085 D/C2MtkBufferManager( 1041): over 5000ms not request from VCodec but callback hooked, slow BM Cc fetch thread
07-13 09:24:57.106 D/C2MtkBufferManager( 1041): over 5000ms not request from VCodec but callback hooked, slow BM Cc fetch thread
07-13 09:24:57.108 D/TrafficManageService( 5491): onReceive: intent.action = com.android.server.action.NETWORK_STATS_UPDATED
07-13 09:24:57.110 D/TrafficManageService-TrafficSimManager( 5491): notifyByNetChange: gooooo
07-13 09:24:57.127 D/C2MtkBufferManager( 1041): over 5000ms not request from VCodec but callback hooked, slow BM Cc fetch thread
07-13 09:24:57.136 D/TrafficManageService-TrafficSimManager( 5491): getMonthDataUsageUsed: new_get = 59891455296
07-13 09:24:57.147 D/C2MtkBufferManager( 1041): over 5000ms not request from VCodec but callback hooked, slow BM Cc fetch thread
07-13 09:24:57.149 I/MiuiNetworkPolicy( 1813): updateUidState uid = 10317, uidState = 19
07-13 09:24:57.152 I/MiuiNetworkPolicy( 1813): updateUidState uid = 10317, uidState = 11
07-13 09:24:57.168 D/C2MtkBufferManager( 1041): over 5000ms not request from VCodec but callback hooked, slow BM Cc fetch thread
07-13 09:24:57.188 D/C2MtkBufferManager( 1041): over 5000ms not request from VCodec but callback hooked, slow BM Cc fetch thread
07-13 09:24:57.209 D/C2MtkBufferManager( 1041): over 5000ms not request from VCodec but callback hooked, slow BM Cc fetch thread
07-13 09:24:57.229 D/C2MtkBufferManager( 1041): over 5000ms not request from VCodec but callback hooked, slow BM Cc fetch thread
07-13 09:24:57.241 D/BoundBrokerSvc( 8414): onUnbind: Intent { act=com.google.android.gms.measurement.START pkg=com.google.android.gms }
07-13 09:24:57.250 D/C2MtkBufferManager( 1041): over 5000ms not request from VCodec but callback hooked, slow BM Cc fetch thread
07-13 09:24:57.271 D/C2MtkBufferManager( 1041): over 5000ms not request from VCodec but callback hooked, slow BM Cc fetch thread
07-13 09:24:57.285 I/PowerManagerServiceImpl( 1813): Acquire wakelock: SCREEN_BRIGHT_WAKE_LOCK        'WindowManager/displayId:0' ON_AFTER_RELEASE (uid=1000 pid=1813 pkg=android ws=WorkSource{10210 com.skillsroom.mobile})
07-13 09:24:57.291 D/C2MtkBufferManager( 1041): over 5000ms not request from VCodec but callback hooked, slow BM Cc fetch thread
07-13 09:24:57.312 D/C2MtkBufferManager( 1041): over 5000ms not request from VCodec but callback hooked, slow BM Cc fetch thread
07-13 09:24:57.317 E/illsroom.mobile(10944): DynamicFPS DF open fail: No such file or directory
07-13 09:24:57.318 W/illsroom.mobile(10944): remote service is not exist
07-13 09:24:57.320 E/surfaceflinger( 1133): == MALI DEBUG ===eglp_winsys_populate_image_templates ==12288
07-13 09:24:57.328 I/BufferQueueProducer( 1133): [com.skillsroom.mobile/com.skillsroom.mobile.MainActivity#78299](this:0xb400007855be2a30,id:-1,api:0,p:-1,c:1133) queueBuffer: fps=0.11 dur=9349.09 max=9349.09 min=9349.09
07-13 09:24:57.330 I/gralloc4( 1133): @set_metadata: update dataspace from GM (0x08010000 -> 0x00000000)
07-13 09:24:57.332 D/C2MtkBufferManager( 1041): over 5000ms not request from VCodec but callback hooked, slow BM Cc fetch thread
07-13 09:24:57.344 E/surfaceflinger( 1133): == MALI DEBUG ===eglp_winsys_populate_image_templates ==12288
07-13 09:24:57.346 I/gralloc4( 1133): @set_metadata: update dataspace from GM (0x08010000 -> 0x00000000)
07-13 09:24:57.353 D/C2MtkBufferManager( 1041): over 5000ms not request from VCodec but callback hooked, slow BM Cc fetch thread
07-13 09:24:57.371 D/ULogGuard( 1314): Monitoring: 16 threads, 0 requests, 0 time-bombs; 2 guards. ResetFlags = 0x7
07-13 09:24:57.373 D/C2MtkBufferManager( 1041): over 5000ms not request from VCodec but callback hooked, slow BM Cc fetch thread
07-13 09:24:57.394 D/C2MtkBufferManager( 1041): over 5000ms not request from VCodec but callback hooked, slow BM Cc fetch thread
07-13 09:24:57.415 D/C2MtkBufferManager( 1041): over 5000ms not request from VCodec but callback hooked, slow BM Cc fetch thread
07-13 09:24:57.416 W/Looper  (10944): PerfMonitor longMsg : seq=5 plan=09:24:49.866 late=0ms wall=7546ms h=com.facebook.react.bridge.queue.MessageQueueThreadHandler c=com.facebook.jni.NativeRunnable procState=-1
07-13 09:24:57.431 E/surfaceflinger( 1133): == MALI DEBUG ===eglp_winsys_populate_image_templates ==12288
07-13 09:24:57.435 D/C2MtkBufferManager( 1041): over 5000ms not request from VCodec but callback hooked, slow BM Cc fetch thread
07-13 09:24:57.446 I/gralloc4( 1133): @set_metadata: update dataspace from GM (0x08010000 -> 0x00000000)
07-13 09:24:57.456 D/C2MtkBufferManager( 1041): over 5000ms not request from VCodec but callback hooked, slow BM Cc fetch thread
07-13 09:24:57.476 D/C2MtkBufferManager( 1041): over 5000ms not request from VCodec but callback hooked, slow BM Cc fetch thread
07-13 09:24:57.497 D/C2MtkBufferManager( 1041): over 5000ms not request from VCodec but callback hooked, slow BM Cc fetch thread
07-13 09:24:57.517 D/C2MtkBufferManager( 1041): over 5000ms not request from VCodec but callback hooked, slow BM Cc fetch thread
07-13 09:24:57.538 D/C2MtkBufferManager( 1041): over 5000ms not request from VCodec but callback hooked, slow BM Cc fetch thread
07-13 09:24:57.538 D/ActivityManager( 1813): getProcessesInErrorState callingUid=10279, CallingPid=443
07-13 09:24:57.538 D/ActivityManager( 1813): getProcessesInErrorState callingUid=10288, CallingPid=19459
07-13 09:24:57.559 D/C2MtkBufferManager( 1041): over 5000ms not request from VCodec but callback hooked, slow BM Cc fetch thread
07-13 09:24:57.571 W/Settings( 2457): Setting airplane_mode_on has moved from android.provider.Settings.System to android.provider.Settings.Global, returning read-only value.
07-13 09:24:57.575 D/MobileStatusTracker(5)( 2459): onSignalStrengthsChanged signalStrength=SignalStrength:{mCdma=CellSignalStrengthCdma: cdmaDbm=2147483647 cdmaEcio=2147483647 evdoDbm=2147483647 evdoEcio=2147483647 evdoSnr=2147483647 miuiLevel=0 mOptimizedLevel=0 level=0,mGsm=CellSignalStrengthGsm: rssi=2147483647 ber=2147483647 mTa=2147483647 miuiLevel=0 isNtnMode=false mLevel=0,mWcdma=CellSignalStrengthWcdma: ss=2147483647 ber=2147483647 rscp=2147483647 ecno=2147483647 miuiLevel=0 mOptimizedLevel=0 level=0,mTdscdma=CellSignalStrengthTdscdma: rssi=2147483647 ber=2147483647 rscp=2147483647 miuiLevel=0 mOptimizedLevel=0 level=0,mLte=CellSignalStrengthLte: rssi=-73 rsrp=-83 rsrq=-10 rssnr=20 cqiTableIndex=2147483647 cqi=0 ta=0 miuiLevel=5 mOptimizedLevel=0 level=4 parametersUseForLevel=0,mNr=CellSignalStrengthNr:{ csiRsrp = 2147483647 csiRsrq = 2147483647 csiCqiTableIndex = 2147483647 csiCqiReport = [] ssRsrp = 2147483647 ssRsrq = 2147483647 ssSinr = 2147483647 miuiLevel = 0 mOptimizedLevel = 0 level = 0 parametersUseForLevel = 0 timingAdvance = 2147483647 },primary=CellSignalStrengthLte,mNrAsPrimaryInNrNsa=false}
07-13 09:24:57.576 D/NetworkController.MobileSignalController(5)( 2459): update5GConnectState: false
07-13 09:24:57.576 D/NetworkController.MobileSignalController(5)( 2459): ss use aosp level not 0, 5
07-13 09:24:57.580 D/C2MtkBufferManager( 1041): over 5000ms not request from VCodec but callback hooked, slow BM Cc fetch thread
07-13 09:24:57.600 D/C2MtkBufferManager( 1041): over 5000ms not request from VCodec but callback hooked, slow BM Cc fetch thread
07-13 09:24:57.621 D/C2MtkBufferManager( 1041): over 5000ms not request from VCodec but callback hooked, slow BM Cc fetch thread
07-13 09:24:57.636 D/NetworkController.MobileSignalController(1)( 2459): notifyListeners: mFeatureRelayData=false
07-13 09:24:57.642 D/C2MtkBufferManager( 1041): over 5000ms not request from VCodec but callback hooked, slow BM Cc fetch thread
07-13 09:24:57.659 I/gralloc4( 2459): @set_metadata: update dataspace from GM (0x00000000 -> 0x08010000)
07-13 09:24:57.662 D/C2MtkBufferManager( 1041): over 5000ms not request from VCodec but callback hooked, slow BM Cc fetch thread
07-13 09:24:57.683 D/C2MtkBufferManager( 1041): over 5000ms not request from VCodec but callback hooked, slow BM Cc fetch thread
07-13 09:24:57.694 D/TelephonyManager( 2457): requestModemActivityInfo: Sending result to app: ModemActivityInfo{ mTimestamp=692697337 mSleepTimeMs=291174034 mIdleTimeMs=82983268 mActivityStatsTechSpecificInfo=[{mRat=UNKNOWN,mFrequencyRange=UNKNOWN,mTxTimeMs[]=[99490, 858220, 16458271, 16834030, 35541603],mRxTimeMs=320269182}]}
07-13 09:24:57.703 D/C2MtkBufferManager( 1041): over 5000ms not request from VCodec but callback hooked, slow BM Cc fetch thread
07-13 09:24:57.711 W/sensors@2.0-ser( 1046): type=1400 audit(0.0:608630): avc:  denied  { read } for  name="current_now" dev="sysfs" ino=36938 scontext=u:r:mtk_hal_sensors:s0 tcontext=u:object_r:sysfs_usb_supply:s0 tclass=file permissive=0
07-13 09:24:57.724 D/C2MtkBufferManager( 1041): over 5000ms not request from VCodec but callback hooked, slow BM Cc fetch thread
07-13 09:24:57.740 D/MediaCodec(19459): [mId: 2] audio-debug Stats over last 5006ms:
07-13 09:24:57.740 D/MediaCodec(19459): [mId: 2] audio-debug Qinput: 0, DQinput: 0 success out of 5 tries
07-13 09:24:57.740 D/MediaCodec(19459): [mId: 2] audio-debug Render: 0, Drop: 0, DQoutput: 0 success out of 0 tries
07-13 09:24:57.744 D/C2MtkBufferManager( 1041): over 5000ms not request from VCodec but callback hooked, slow BM Cc fetch thread
07-13 09:24:57.765 D/C2MtkBufferManager( 1041): over 5000ms not request from VCodec but callback hooked, slow BM Cc fetch thread
07-13 09:24:57.785 D/C2MtkBufferManager( 1041): over 5000ms not request from VCodec but callback hooked, slow BM Cc fetch thread
07-13 09:24:57.792 I/libPerfCtl( 1059): xgfGetFPS pid:2459 fps:-1
07-13 09:24:57.792 I/libPerfCtl( 1059): xgfGetFPS pid:10944 fps:-1
07-13 09:24:57.797 W/unknown:ReactNative(10944): StatusBarModule: Ignored status bar change, current activity is edge-to-edge.
07-13 09:24:57.798 W/unknown:ReactNative(10944): StatusBarModule: Ignored status bar change, current activity is edge-to-edge.
07-13 09:24:57.805 D/MediaCodec(19459): [mId: 6] audio-debug Stats over last 5006ms:
07-13 09:24:57.805 D/MediaCodec(19459): [mId: 6] audio-debug Qinput: 0, DQinput: 0 success out of 5 tries
07-13 09:24:57.805 D/MediaCodec(19459): [mId: 6] audio-debug Render: 0, Drop: 0, DQoutput: 0 success out of 0 tries
07-13 09:24:57.806 D/C2MtkBufferManager( 1041): over 5000ms not request from VCodec but callback hooked, slow BM Cc fetch thread
07-13 09:24:57.813 W/[RNScreens](10944): backTitleFontFamily prop is not available on Android
07-13 09:24:57.813 W/[RNScreens](10944): disableBackButtonMenu prop is not available on Android
07-13 09:24:57.813 W/[RNScreens](10944): backTitleVisible prop is not available on Android
07-13 09:24:57.813 W/[RNScreens](10944): topInsetEnabled prop is not available on Android
07-13 09:24:57.813 W/[RNScreens](10944): largeTitleHideShadow prop is not available on Android
07-13 09:24:57.814 W/[RNScreens](10944): largeTitleFontWeight prop is not available on Android
07-13 09:24:57.814 W/[RNScreens](10944): userInterfaceStyle prop is not available on Android
07-13 09:24:57.814 W/[RNScreens](10944): largeTitleFontFamily prop is not available on Android
07-13 09:24:57.827 D/C2MtkBufferManager( 1041): over 5000ms not request from VCodec but callback hooked, slow BM Cc fetch thread
07-13 09:24:57.839 W/ReactNativeJS(10944): '`setBackgroundColorAsync` is not supported with edge-to-edge enabled.', { [Stack] name: 'Stack' }
07-13 09:24:57.844 I/ReactNative(10944): [GESTURE HANDLER] Initialize gesture handler for root view com.facebook.react.runtime.ReactSurfaceView{d471de8 V.E...... .......D 0,0-720,1600 #1}
07-13 09:24:57.847 D/C2MtkBufferManager( 1041): over 5000ms not request from VCodec but callback hooked, slow BM Cc fetch thread
07-13 09:24:57.868 D/C2MtkBufferManager( 1041): over 5000ms not request from VCodec but callback hooked, slow BM Cc fetch thread
07-13 09:24:57.888 D/C2MtkBufferManager( 1041): over 5000ms not request from VCodec but callback hooked, slow BM Cc fetch thread
07-13 09:24:57.909 D/C2MtkBufferManager( 1041): over 5000ms not request from VCodec but callback hooked, slow BM Cc fetch thread
07-13 09:24:57.929 D/C2MtkBufferManager( 1041): over 5000ms not request from VCodec but callback hooked, slow BM Cc fetch thread
07-13 09:24:57.950 D/C2MtkBufferManager( 1041): over 5000ms not request from VCodec but callback hooked, slow BM Cc fetch thread
07-13 09:24:57.971 D/C2MtkBufferManager( 1041): over 5000ms not request from VCodec but callback hooked, slow BM Cc fetch thread
07-13 09:24:57.991 D/C2MtkBufferManager( 1041): over 5000ms not request from VCodec but callback hooked, slow BM Cc fetch thread
07-13 09:24:58.012 D/C2MtkBufferManager( 1041): over 5000ms not request from VCodec but callback hooked, slow BM Cc fetch thread
07-13 09:24:58.032 D/C2MtkBufferManager( 1041): over 5000ms not request from VCodec but callback hooked, slow BM Cc fetch thread
07-13 09:24:58.033 I/illsroom.mobile(10944): NativeAlloc concurrent copying GC freed 4236KB AllocSpace bytes, 3(60KB) LOS objects, 49% free, 10MB/20MB, paused 353us,221us total 153.079ms
07-13 09:24:58.040 D/ActivityManager( 1813): getProcessesInErrorState callingUid=10279, CallingPid=443
07-13 09:24:58.041 D/ActivityManager( 1813): getProcessesInErrorState callingUid=10288, CallingPid=19459
07-13 09:24:58.053 D/C2MtkBufferManager( 1041): over 5000ms not request from VCodec but callback hooked, slow BM Cc fetch thread
07-13 09:24:58.061 D/connsyslogger( 1516): SD_LOG_ROOT is /data/debuglogger/connsyslog/fw.
07-13 09:24:58.061 D/connsyslogger( 1516): systemReady:1
07-13 09:24:58.074 D/C2MtkBufferManager( 1041): over 5000ms not request from VCodec but callback hooked, slow BM Cc fetch thread
07-13 09:24:58.080 D/UidObserver( 7233): onUidIdle uid=10203 uidstate=100
07-13 09:24:58.094 D/C2MtkBufferManager( 1041): over 5000ms not request from VCodec but callback hooked, slow BM Cc fetch thread
07-13 09:24:58.114 D/C2MtkBufferManager( 1041): over 5000ms not request from VCodec but callback hooked, slow BM Cc fetch thread
07-13 09:24:58.135 D/C2MtkBufferManager( 1041): over 5000ms not request from VCodec but callback hooked, slow BM Cc fetch thread
07-13 09:24:58.156 D/C2MtkBufferManager( 1041): over 5000ms not request from VCodec but callback hooked, slow BM Cc fetch thread
07-13 09:24:58.159 I/MiuiNetworkPolicy( 1813): updateUidState uid = 10317, uidState = 19
07-13 09:24:58.160 D/TouchInteractionService( 2470): onSystemUiFlagsChanged, mSystemUiStateFlags=10000000
07-13 09:24:58.161 I/MiuiNetworkPolicy( 1813): updateUidState uid = 10317, uidState = 11
07-13 09:24:58.172 I/gralloc4( 2459): @set_metadata: update dataspace from GM (0x00000000 -> 0x08010000)
07-13 09:24:58.176 D/C2MtkBufferManager( 1041): over 5000ms not request from VCodec but callback hooked, slow BM Cc fetch thread
07-13 09:24:58.178 I/BufferQueueProducer( 1133): [StatusBar#98](this:0xb400007865c71a30,id:-1,api:0,p:-1,c:1133) queueBuffer: fps=1.32 dur=1515.53 max=999.20 min=516.33
07-13 09:24:58.179 E/surfaceflinger( 1133): == MALI DEBUG ===eglp_winsys_populate_image_templates ==12288
07-13 09:24:58.181 I/hwcomposer( 1039): [HWCDisplay] [Display_0 (type:1)] fps:3.298553,dur:1515.82,max:669.22,min:14.47  
07-13 09:24:58.195 I/gralloc4( 1133): @set_metadata: update dataspace from GM (0x08010000 -> 0x00000000)
07-13 09:24:58.196 I/gralloc4(10944): @set_metadata: update dataspace from GM (0x00000000 -> 0x08010000)
07-13 09:24:58.197 D/C2MtkBufferManager( 1041): over 5000ms not request from VCodec but callback hooked, slow BM Cc fetch thread
07-13 09:24:58.201 I/gralloc4(10944): @set_metadata: update dataspace from GM (0x00000000 -> 0x08010000)
07-13 09:24:58.205 I/gralloc4( 2459): @set_metadata: update dataspace from GM (0x00000000 -> 0x08010000)
07-13 09:24:58.216 I/gralloc4( 2459): @set_metadata: update dataspace from GM (0x00000000 -> 0x08010000)
07-13 09:24:58.217 D/C2MtkBufferManager( 1041): over 5000ms not request from VCodec but callback hooked, slow BM Cc fetch thread
07-13 09:24:58.221 D/nativeloader(10944): Load /data/app/~~YLnmsdzZwEre--bK2d7z9w==/com.skillsroom.mobile-f9Bv9at9m-3mkcSkMrJiDw==/base.apk!/lib/arm64-v8a/libgesturehandler.so using class loader ns clns-4 (caller=/data/app/~~YLnmsdzZwEre--bK2d7z9w==/com.skillsroom.mobile-f9Bv9at9m-3mkcSkMrJiDw==/base.apk!classes20.dex): ok
07-13 09:24:58.221 D/jni_lib_merge(10944): Entering merged library JNI_OnLoad.
07-13 09:24:58.221 I/gralloc4(10944): @set_metadata: update dataspace from GM (0x00000000 -> 0x08010000)
07-13 09:24:58.221 D/jni_lib_merge(10944): Preparing 12 pre-merged libs (including stub)
07-13 09:24:58.221 D/jni_lib_merge(10944): Preparing to register libfabricjni_so.  onload_func: 0x7cb59bbf38
07-13 09:24:58.221 D/jni_lib_merge(10944): Preparing to register libreact_devsupportjni_so.  onload_func: 0x7cb5bc481c
07-13 09:24:58.221 D/jni_lib_merge(10944): Preparing to register libreact_featureflagsjni_so.  onload_func: 0x7cb5bd6b7c
07-13 09:24:58.221 D/jni_lib_merge(10944): Preparing to register libreact_newarchdefaults_so.  onload_func: 0x7cb5c7bf24
07-13 09:24:58.221 D/jni_lib_merge(10944): Preparing to register libreactnativeblob_so.  onload_func: 0x7cb5e8e088
07-13 09:24:58.221 D/jni_lib_merge(10944): Preparing to register libreactnativejni_so.  onload_func: 0x7cb5ed0ffc
07-13 09:24:58.221 D/jni_lib_merge(10944): Preparing to register libreactnativejni_common_so.  onload_func: 0x7cb5ee19f0
07-13 09:24:58.221 D/jni_lib_merge(10944): Preparing to register librninstance_so.  onload_func: 0x7cb5f2062c
07-13 09:24:58.221 D/jni_lib_merge(10944): Preparing to register libturbomodulejsijni_so.  onload_func: 0x7cb607d734
07-13 09:24:58.221 D/jni_lib_merge(10944): Preparing to register libuimanagerjni_so.  onload_func: 0x7cb60966e8
07-13 09:24:58.222 D/jni_lib_merge(10944): Preparing to register libyoga_so.  onload_func: 0x7cb60a616c
07-13 09:24:58.222 D/jni_lib_merge(10944): About to register 11 actual methods.
07-13 09:24:58.228 I/gralloc4( 2459): @set_metadata: update dataspace from GM (0x00000000 -> 0x08010000)
07-13 09:24:58.230 D/nativeloader(10944): Load /data/app/~~YLnmsdzZwEre--bK2d7z9w==/com.skillsroom.mobile-f9Bv9at9m-3mkcSkMrJiDw==/base.apk!/lib/arm64-v8a/libimagepipeline.so using class loader ns clns-4 (caller=/data/app/~~YLnmsdzZwEre--bK2d7z9w==/com.skillsroom.mobile-f9Bv9at9m-3mkcSkMrJiDw==/base.apk!classes20.dex): ok
07-13 09:24:58.232 I/gralloc4(10944): @set_metadata: update dataspace from GM (0x00000000 -> 0x08010000)
07-13 09:24:58.238 D/C2MtkBufferManager( 1041): over 5000ms not request from VCodec but callback hooked, slow BM Cc fetch thread
07-13 09:24:58.243 I/gralloc4( 2459): @set_metadata: update dataspace from GM (0x00000000 -> 0x08010000)
07-13 09:24:58.243 I/beanpodkeymaster(  546): Enter BeanpodKeymaster BeginOperation
07-13 09:24:58.249 I/beanpodkeymaster(  546): cmd:4 Received 24 byte response
07-13 09:24:58.249 I/beanpodkeymaster(  546): Exit BeanpodKeymaster BeginOperation
07-13 09:24:58.252 I/gralloc4(10944): @set_metadata: update dataspace from GM (0x00000000 -> 0x08010000)
07-13 09:24:58.259 D/C2MtkBufferManager( 1041): over 5000ms not request from VCodec but callback hooked, slow BM Cc fetch thread
07-13 09:24:58.263 I/gralloc4( 2459): @set_metadata: update dataspace from GM (0x00000000 -> 0x08010000)
07-13 09:24:58.262 I/beanpodkeymaster(  546): Enter BeanpodKeymaster UpdateOperation
07-13 09:24:58.267 I/beanpodkeymaster(  546): cmd:8 Received 393 byte response
07-13 09:24:58.267 I/beanpodkeymaster(  546): Exit BeanpodKeymaster UpdateOperation
07-13 09:24:58.268 I/gralloc4(10944): @set_metadata: update dataspace from GM (0x00000000 -> 0x08010000)
07-13 09:24:58.273 I/beanpodkeymaster(  546): Enter BeanpodKeymaster FinishOperation
07-13 09:24:58.273 I/beanpodkeymaster(  546): cmd:c Received 20 byte response
07-13 09:24:58.273 I/beanpodkeymaster(  546): Exit BeanpodKeymaster FinishOperation
07-13 09:24:58.279 D/C2MtkBufferManager( 1041): over 5000ms not request from VCodec but callback hooked, slow BM Cc fetch thread
07-13 09:24:58.281 I/gralloc4( 2459): @set_metadata: update dataspace from GM (0x00000000 -> 0x08010000)
07-13 09:24:58.287 I/gralloc4(10944): @set_metadata: update dataspace from GM (0x00000000 -> 0x08010000)
07-13 09:24:58.294 I/gralloc4( 2459): @set_metadata: update dataspace from GM (0x00000000 -> 0x08010000)
07-13 09:24:58.300 D/C2MtkBufferManager( 1041): over 5000ms not request from VCodec but callback hooked, slow BM Cc fetch thread
07-13 09:24:58.301 I/beanpodkeymaster(  546): Enter BeanpodKeymaster BeginOperation
07-13 09:24:58.302 I/beanpodkeymaster(  546): cmd:4 Received 24 byte response
07-13 09:24:58.302 I/beanpodkeymaster(  546): Exit BeanpodKeymaster BeginOperation
07-13 09:24:58.303 I/gralloc4(10944): @set_metadata: update dataspace from GM (0x00000000 -> 0x08010000)
07-13 09:24:58.304 I/gralloc4( 2459): @set_metadata: update dataspace from GM (0x00000000 -> 0x08010000)
07-13 09:24:58.304 I/beanpodkeymaster(  546): Enter BeanpodKeymaster UpdateOperation
07-13 09:24:58.306 I/beanpodkeymaster(  546): cmd:8 Received 88 byte response
07-13 09:24:58.306 I/beanpodkeymaster(  546): Exit BeanpodKeymaster UpdateOperation
07-13 09:24:58.307 I/beanpodkeymaster(  546): Enter BeanpodKeymaster FinishOperation
07-13 09:24:58.308 I/beanpodkeymaster(  546): cmd:c Received 20 byte response
07-13 09:24:58.308 I/beanpodkeymaster(  546): Exit BeanpodKeymaster FinishOperation
07-13 09:24:58.320 D/C2MtkBufferManager( 1041): over 5000ms not request from VCodec but callback hooked, slow BM Cc fetch thread
07-13 09:24:58.334 I/beanpodkeymaster(  546): Enter BeanpodKeymaster BeginOperation
07-13 09:24:58.335 I/beanpodkeymaster(  546): cmd:4 Received 24 byte response
07-13 09:24:58.335 I/beanpodkeymaster(  546): Exit BeanpodKeymaster BeginOperation
07-13 09:24:58.337 I/beanpodkeymaster(  546): Enter BeanpodKeymaster UpdateOperation
07-13 09:24:58.338 I/beanpodkeymaster(  546): cmd:8 Received 393 byte response
07-13 09:24:58.338 I/beanpodkeymaster(  546): Exit BeanpodKeymaster UpdateOperation
07-13 09:24:58.340 I/beanpodkeymaster(  546): Enter BeanpodKeymaster FinishOperation
07-13 09:24:58.340 I/beanpodkeymaster(  546): cmd:c Received 20 byte response
07-13 09:24:58.340 I/beanpodkeymaster(  546): Exit BeanpodKeymaster FinishOperation
07-13 09:24:58.341 D/C2MtkBufferManager( 1041): over 5000ms not request from VCodec but callback hooked, slow BM Cc fetch thread
07-13 09:24:58.357 I/beanpodkeymaster(  546): Enter BeanpodKeymaster BeginOperation
07-13 09:24:58.357 I/beanpodkeymaster(  546): cmd:4 Received 24 byte response
07-13 09:24:58.357 I/beanpodkeymaster(  546): Exit BeanpodKeymaster BeginOperation
07-13 09:24:58.359 I/beanpodkeymaster(  546): Enter BeanpodKeymaster UpdateOperation
07-13 09:24:58.360 I/beanpodkeymaster(  546): cmd:8 Received 88 byte response
07-13 09:24:58.360 I/beanpodkeymaster(  546): Exit BeanpodKeymaster UpdateOperation
07-13 09:24:58.361 I/beanpodkeymaster(  546): Enter BeanpodKeymaster FinishOperation
07-13 09:24:58.361 D/C2MtkBufferManager( 1041): over 5000ms not request from VCodec but callback hooked, slow BM Cc fetch thread
07-13 09:24:58.362 I/beanpodkeymaster(  546): cmd:c Received 20 byte response
07-13 09:24:58.362 I/beanpodkeymaster(  546): Exit BeanpodKeymaster FinishOperation
07-13 09:24:58.382 D/C2MtkBufferManager( 1041): over 5000ms not request from VCodec but callback hooked, slow BM Cc fetch thread
07-13 09:24:58.402 D/C2MtkBufferManager( 1041): over 5000ms not request from VCodec but callback hooked, slow BM Cc fetch thread
07-13 09:24:58.423 D/C2MtkBufferManager( 1041): over 5000ms not request from VCodec but callback hooked, slow BM Cc fetch thread
07-13 09:24:58.433 I/gralloc4(10944): @set_metadata: update dataspace from GM (0x00000000 -> 0x08010000)
07-13 09:24:58.442 I/gralloc4(10944): @set_metadata: update dataspace from GM (0x00000000 -> 0x08010000)
