07-13 09:24:58.443 D/C2MtkBufferManager( 1041): over 5000ms not request from VCodec but callback hooked, slow BM Cc fetch thread
07-13 09:24:58.444 I/BufferQueueProducer( 1133): [com.skillsroom.mobile/com.skillsroom.mobile.MainActivity#78299](this:0xb400007855be2a30,id:-1,api:0,p:-1,c:1133) queueBuffer: fps=10.76 dur=1115.13 max=749.05 min=16.29
07-13 09:24:58.452 I/gralloc4(10944): @set_metadata: update dataspace from GM (0x00000000 -> 0x08010000)
07-13 09:24:58.464 D/C2MtkBufferManager( 1041): over 5000ms not request from VCodec but callback hooked, slow BM Cc fetch thread
07-13 09:24:58.469 I/gralloc4(10944): @set_metadata: update dataspace from GM (0x00000000 -> 0x08010000)
07-13 09:24:58.484 D/C2MtkBufferManager( 1041): over 5000ms not request from VCodec but callback hooked, slow BM Cc fetch thread
07-13 09:24:58.486 I/gralloc4(10944): @set_metadata: update dataspace from GM (0x00000000 -> 0x08010000)
07-13 09:24:58.501 I/gralloc4(10944): @set_metadata: update dataspace from GM (0x00000000 -> 0x08010000)
07-13 09:24:58.505 D/C2MtkBufferManager( 1041): over 5000ms not request from VCodec but callback hooked, slow BM Cc fetch thread
07-13 09:24:58.519 I/gralloc4(10944): @set_metadata: update dataspace from GM (0x00000000 -> 0x08010000)
07-13 09:24:58.525 D/C2MtkBufferManager( 1041): over 5000ms not request from VCodec but callback hooked, slow BM Cc fetch thread
07-13 09:24:58.536 I/gralloc4(10944): @set_metadata: update dataspace from GM (0x00000000 -> 0x08010000)
07-13 09:24:58.542 D/ActivityManager( 1813): getProcessesInErrorState callingUid=10279, CallingPid=443
07-13 09:24:58.542 D/ActivityManager( 1813): getProcessesInErrorState callingUid=10288, CallingPid=19459
07-13 09:24:58.546 D/C2MtkBufferManager( 1041): over 5000ms not request from VCodec but callback hooked, slow BM Cc fetch thread
07-13 09:24:58.556 I/gralloc4(10944): @set_metadata: update dataspace from GM (0x00000000 -> 0x08010000)
07-13 09:24:58.566 D/C2MtkBufferManager( 1041): over 5000ms not request from VCodec but callback hooked, slow BM Cc fetch thread
07-13 09:24:58.569 I/gralloc4(10944): @set_metadata: update dataspace from GM (0x00000000 -> 0x08010000)
07-13 09:24:58.582 W/Settings( 2457): Setting airplane_mode_on has moved from android.provider.Settings.System to android.provider.Settings.Global, returning read-only value.
07-13 09:24:58.587 D/C2MtkBufferManager( 1041): over 5000ms not request from VCodec but callback hooked, slow BM Cc fetch thread
07-13 09:24:58.587 D/MobileStatusTracker(1)( 2459): onSignalStrengthsChanged signalStrength=SignalStrength:{mCdma=CellSignalStrengthCdma: cdmaDbm=2147483647 cdmaEcio=2147483647 evdoDbm=2147483647 evdoEcio=2147483647 evdoSnr=2147483647 miuiLevel=0 mOptimizedLevel=0 level=0,mGsm=CellSignalStrengthGsm: rssi=2147483647 ber=2147483647 mTa=2147483647 miuiLevel=0 isNtnMode=false mLevel=0,mWcdma=CellSignalStrengthWcdma: ss=2147483647 ber=2147483647 rscp=2147483647 ecno=2147483647 miuiLevel=0 mOptimizedLevel=0 level=0,mTdscdma=CellSignalStrengthTdscdma: rssi=2147483647 ber=2147483647 rscp=2147483647 miuiLevel=0 mOptimizedLevel=0 level=0,mLte=CellSignalStrengthLte: rssi=-93 rsrp=-101 rsrq=-9 rssnr=12 cqiTableIndex=2147483647 cqi=0 ta=0 miuiLevel=4 mOptimizedLevel=0 level=3 parametersUseForLevel=0,mNr=CellSignalStrengthNr:{ csiRsrp = 2147483647 csiRsrq = 2147483647 csiCqiTableIndex = 2147483647 csiCqiReport = [] ssRsrp = 2147483647 ssRsrq = 2147483647 ssSinr = 2147483647 miuiLevel = 0 mOptimizedLevel = 0 level = 0 parametersUseForLevel = 0 timingAdvance = 2147483647 },primary=CellSignalStrengthLte,mNrAsPrimaryInNrNsa=false}
07-13 09:24:58.587 D/NetworkController.MobileSignalController(1)( 2459): update5GConnectState: false
07-13 09:24:58.587 D/NetworkController.MobileSignalController(1)( 2459): ss use aosp level not 0, 4
07-13 09:24:58.588 I/gralloc4(10944): @set_metadata: update dataspace from GM (0x00000000 -> 0x08010000)
07-13 09:24:58.603 I/gralloc4(10944): @set_metadata: update dataspace from GM (0x00000000 -> 0x08010000)
07-13 09:24:58.607 D/C2MtkBufferManager( 1041): over 5000ms not request from VCodec but callback hooked, slow BM Cc fetch thread
07-13 09:24:58.619 I/gralloc4(10944): @set_metadata: update dataspace from GM (0x00000000 -> 0x08010000)
07-13 09:24:58.627 D/C2MtkBufferManager( 1041): over 5000ms not request from VCodec but callback hooked, slow BM Cc fetch thread
07-13 09:24:58.636 D/NetworkController.MobileSignalController(1)( 2459): notifyListeners: mFeatureRelayData=false
07-13 09:24:58.636 I/gralloc4(10944): @set_metadata: update dataspace from GM (0x00000000 -> 0x08010000)
07-13 09:24:58.648 D/C2MtkBufferManager( 1041): over 5000ms not request from VCodec but callback hooked, slow BM Cc fetch thread
07-13 09:24:58.648 I/gralloc4( 2459): @set_metadata: update dataspace from GM (0x00000000 -> 0x08010000)
07-13 09:24:58.654 I/gralloc4(10944): @set_metadata: update dataspace from GM (0x00000000 -> 0x08010000)
07-13 09:24:58.668 D/C2MtkBufferManager( 1041): over 5000ms not request from VCodec but callback hooked, slow BM Cc fetch thread
07-13 09:24:58.670 I/gralloc4(10944): @set_metadata: update dataspace from GM (0x00000000 -> 0x08010000)
07-13 09:24:58.686 I/gralloc4(10944): @set_metadata: update dataspace from GM (0x00000000 -> 0x08010000)
07-13 09:24:58.689 D/C2MtkBufferManager( 1041): over 5000ms not request from VCodec but callback hooked, slow BM Cc fetch thread
07-13 09:24:58.702 I/gralloc4(10944): @set_metadata: update dataspace from GM (0x00000000 -> 0x08010000)
07-13 09:24:58.709 D/C2MtkBufferManager( 1041): over 5000ms not request from VCodec but callback hooked, slow BM Cc fetch thread
07-13 09:24:58.719 I/gralloc4(10944): @set_metadata: update dataspace from GM (0x00000000 -> 0x08010000)
07-13 09:24:58.722 D/UidObserver( 7233): onUidIdle uid=10168 uidstate=100
07-13 09:24:58.730 D/C2MtkBufferManager( 1041): over 5000ms not request from VCodec but callback hooked, slow BM Cc fetch thread
07-13 09:24:58.731 W/sensors@2.0-ser( 1046): type=1400 audit(0.0:608631): avc:  denied  { read } for  name="current_now" dev="sysfs" ino=36938 scontext=u:r:mtk_hal_sensors:s0 tcontext=u:object_r:sysfs_usb_supply:s0 tclass=file permissive=0
07-13 09:24:58.735 I/gralloc4(10944): @set_metadata: update dataspace from GM (0x00000000 -> 0x08010000)
07-13 09:24:58.750 D/C2MtkBufferManager( 1041): over 5000ms not request from VCodec but callback hooked, slow BM Cc fetch thread
07-13 09:24:58.752 I/gralloc4(10944): @set_metadata: update dataspace from GM (0x00000000 -> 0x08010000)
07-13 09:24:58.769 I/gralloc4(10944): @set_metadata: update dataspace from GM (0x00000000 -> 0x08010000)
07-13 09:24:58.771 D/C2MtkBufferManager( 1041): over 5000ms not request from VCodec but callback hooked, slow BM Cc fetch thread
07-13 09:24:58.786 I/gralloc4(10944): @set_metadata: update dataspace from GM (0x00000000 -> 0x08010000)
07-13 09:24:58.790 E/FeatureFlagsImplExport(10944): android.os.flagging.AconfigStorageReadException: ERROR_PACKAGE_NOT_FOUND: package com.android.libcore cannot be found on the device
07-13 09:24:58.783 W/railway.app/...(10944): type=1400 audit(0.0:608632): avc:  denied  { search } for  name="/" dev="mmcblk0p11" ino=2 scontext=u:r:untrusted_app:s0:c210,c256,c512,c768 tcontext=u:object_r:metadata_file:s0 tclass=dir permissive=0 app=com.whatsapp.w4b
07-13 09:24:58.791 D/C2MtkBufferManager( 1041): over 5000ms not request from VCodec but callback hooked, slow BM Cc fetch thread
07-13 09:24:58.792 I/libPerfCtl( 1059): xgfGetFPS pid:2459 fps:60
07-13 09:24:58.792 I/libPerfCtl( 1059): xgfGetFPS pid:10944 fps:62
07-13 09:24:58.794 I/libPowerHal( 1059): [updateFPS] pid(10944) : -1 => 60
07-13 09:24:58.796 I/libPowerHal( 1059): [perfNotifyAppState] pack:com.skillsroom.mobile, act:com.skillsroom.mobile.MainActivity, state:5, pid:10944, uid:10210, fps:60
07-13 09:24:58.802 I/gralloc4(10944): @set_metadata: update dataspace from GM (0x00000000 -> 0x08010000)
07-13 09:24:58.803 I/UxUtility( 1059): notifyForegroundApp pack:com.skillsroom.mobile, uid:10210
07-13 09:24:58.804 I/TouchUtility( 1059): notifyAppState error = NULL
07-13 09:24:58.812 D/C2MtkBufferManager( 1041): over 5000ms not request from VCodec but callback hooked, slow BM Cc fetch thread
07-13 09:24:58.818 I/gralloc4(10944): @set_metadata: update dataspace from GM (0x00000000 -> 0x08010000)
07-13 09:24:58.833 D/C2MtkBufferManager( 1041): over 5000ms not request from VCodec but callback hooked, slow BM Cc fetch thread
07-13 09:24:58.836 I/gralloc4(10944): @set_metadata: update dataspace from GM (0x00000000 -> 0x08010000)
07-13 09:24:58.843 W/SoLoader( 9698): SoLoader already initialized
07-13 09:24:58.853 I/gralloc4(10944): @set_metadata: update dataspace from GM (0x00000000 -> 0x08010000)
07-13 09:24:58.853 D/C2MtkBufferManager( 1041): over 5000ms not request from VCodec but callback hooked, slow BM Cc fetch thread
07-13 09:24:58.870 I/gralloc4(10944): @set_metadata: update dataspace from GM (0x00000000 -> 0x08010000)
07-13 09:24:58.874 D/C2MtkBufferManager( 1041): over 5000ms not request from VCodec but callback hooked, slow BM Cc fetch thread
07-13 09:24:58.885 I/gralloc4(10944): @set_metadata: update dataspace from GM (0x00000000 -> 0x08010000)
07-13 09:24:58.894 D/C2MtkBufferManager( 1041): over 5000ms not request from VCodec but callback hooked, slow BM Cc fetch thread
07-13 09:24:58.902 I/gralloc4(10944): @set_metadata: update dataspace from GM (0x00000000 -> 0x08010000)
07-13 09:24:58.915 D/C2MtkBufferManager( 1041): over 5000ms not request from VCodec but callback hooked, slow BM Cc fetch thread
07-13 09:24:58.919 I/gralloc4(10944): @set_metadata: update dataspace from GM (0x00000000 -> 0x08010000)
07-13 09:24:58.927 E/msys    ( 9698): E[N mns:TigonMNS]_OnResolverSuccess(308)=>Cache refresh succeeded with system DNS resolver. IP count: 1
07-13 09:24:58.935 D/C2MtkBufferManager( 1041): over 5000ms not request from VCodec but callback hooked, slow BM Cc fetch thread
07-13 09:24:58.935 I/gralloc4(10944): @set_metadata: update dataspace from GM (0x00000000 -> 0x08010000)
07-13 09:24:58.951 I/gralloc4(10944): @set_metadata: update dataspace from GM (0x00000000 -> 0x08010000)
07-13 09:24:58.956 D/C2MtkBufferManager( 1041): over 5000ms not request from VCodec but callback hooked, slow BM Cc fetch thread
07-13 09:24:58.957 I/gralloc4(10944): @set_metadata: update dataspace from GM (0x00000000 -> 0x08010000)
07-13 09:24:58.976 I/gralloc4(10944): @set_metadata: update dataspace from GM (0x00000000 -> 0x08010000)
07-13 09:24:58.976 D/C2MtkBufferManager( 1041): over 5000ms not request from VCodec but callback hooked, slow BM Cc fetch thread
07-13 09:24:58.997 D/C2MtkBufferManager( 1041): over 5000ms not request from VCodec but callback hooked, slow BM Cc fetch thread
07-13 09:24:59.002 I/gralloc4(10944): @set_metadata: update dataspace from GM (0x00000000 -> 0x08010000)
07-13 09:24:59.017 D/C2MtkBufferManager( 1041): over 5000ms not request from VCodec but callback hooked, slow BM Cc fetch thread
07-13 09:24:59.019 I/gralloc4(10944): @set_metadata: update dataspace from GM (0x00000000 -> 0x08010000)
07-13 09:24:59.035 I/gralloc4(10944): @set_metadata: update dataspace from GM (0x00000000 -> 0x08010000)
07-13 09:24:59.038 D/C2MtkBufferManager( 1041): over 5000ms not request from VCodec but callback hooked, slow BM Cc fetch thread
07-13 09:24:59.044 D/ActivityManager( 1813): getProcessesInErrorState callingUid=10279, CallingPid=443
07-13 09:24:59.044 D/ActivityManager( 1813): getProcessesInErrorState callingUid=10288, CallingPid=19459
07-13 09:24:59.052 I/gralloc4(10944): @set_metadata: update dataspace from GM (0x00000000 -> 0x08010000)
07-13 09:24:59.058 D/C2MtkBufferManager( 1041): over 5000ms not request from VCodec but callback hooked, slow BM Cc fetch thread
07-13 09:24:59.069 I/gralloc4(10944): @set_metadata: update dataspace from GM (0x00000000 -> 0x08010000)
07-13 09:24:59.071 W/RenderInspector(10944): DequeueBuffer time out on com.skillsroom.mobile/com.skillsroom.mobile.MainActivity, count=1, avg=17 ms, max=17 ms.
07-13 09:24:59.078 D/C2MtkBufferManager( 1041): over 5000ms not request from VCodec but callback hooked, slow BM Cc fetch thread
07-13 09:24:59.086 I/gralloc4(10944): @set_metadata: update dataspace from GM (0x00000000 -> 0x08010000)
07-13 09:24:59.099 D/C2MtkBufferManager( 1041): over 5000ms not request from VCodec but callback hooked, slow BM Cc fetch thread
07-13 09:24:59.103 I/gralloc4(10944): @set_metadata: update dataspace from GM (0x00000000 -> 0x08010000)
07-13 09:24:59.118 I/gralloc4(10944): @set_metadata: update dataspace from GM (0x00000000 -> 0x08010000)
07-13 09:24:59.119 D/C2MtkBufferManager( 1041): over 5000ms not request from VCodec but callback hooked, slow BM Cc fetch thread
07-13 09:24:59.136 I/gralloc4(10944): @set_metadata: update dataspace from GM (0x00000000 -> 0x08010000)
07-13 09:24:59.140 D/C2MtkBufferManager( 1041): over 5000ms not request from VCodec but callback hooked, slow BM Cc fetch thread
07-13 09:24:59.153 I/gralloc4(10944): @set_metadata: update dataspace from GM (0x00000000 -> 0x08010000)
07-13 09:24:59.160 D/C2MtkBufferManager( 1041): over 5000ms not request from VCodec but callback hooked, slow BM Cc fetch thread
07-13 09:24:59.168 I/MiuiNetworkPolicy( 1813): updateUidState uid = 10317, uidState = 19
07-13 09:24:59.171 I/MiuiNetworkPolicy( 1813): updateUidState uid = 10317, uidState = 11
07-13 09:24:59.172 I/gralloc4(10944): @set_metadata: update dataspace from GM (0x00000000 -> 0x08010000)
07-13 09:24:59.181 D/C2MtkBufferManager( 1041): over 5000ms not request from VCodec but callback hooked, slow BM Cc fetch thread
07-13 09:24:59.186 I/gralloc4(10944): @set_metadata: update dataspace from GM (0x00000000 -> 0x08010000)
07-13 09:24:59.197 I/hwcomposer( 1039): [HWCDisplay] [Display_0 (type:1)] fps:53.170166,dur:1015.61,max:115.64,min:14.90  
07-13 09:24:59.201 D/C2MtkBufferManager( 1041): over 5000ms not request from VCodec but callback hooked, slow BM Cc fetch thread
07-13 09:24:59.202 I/gralloc4(10944): @set_metadata: update dataspace from GM (0x00000000 -> 0x08010000)
07-13 09:24:59.219 I/gralloc4(10944): @set_metadata: update dataspace from GM (0x00000000 -> 0x08010000)
07-13 09:24:59.221 D/C2MtkBufferManager( 1041): over 5000ms not request from VCodec but callback hooked, slow BM Cc fetch thread
07-13 09:24:59.239 I/gralloc4(10944): @set_metadata: update dataspace from GM (0x00000000 -> 0x08010000)
07-13 09:24:59.243 D/C2MtkBufferManager( 1041): over 5000ms not request from VCodec but callback hooked, slow BM Cc fetch thread
07-13 09:24:59.254 I/gralloc4(10944): @set_metadata: update dataspace from GM (0x00000000 -> 0x08010000)
07-13 09:24:59.263 D/C2MtkBufferManager( 1041): over 5000ms not request from VCodec but callback hooked, slow BM Cc fetch thread
07-13 09:24:59.272 I/gralloc4(10944): @set_metadata: update dataspace from GM (0x00000000 -> 0x08010000)
07-13 09:24:59.284 D/C2MtkBufferManager( 1041): over 5000ms not request from VCodec but callback hooked, slow BM Cc fetch thread
07-13 09:24:59.288 I/gralloc4(10944): @set_metadata: update dataspace from GM (0x00000000 -> 0x08010000)
07-13 09:24:59.305 D/C2MtkBufferManager( 1041): over 5000ms not request from VCodec but callback hooked, slow BM Cc fetch thread
07-13 09:24:59.305 I/gralloc4(10944): @set_metadata: update dataspace from GM (0x00000000 -> 0x08010000)
07-13 09:24:59.322 I/gralloc4(10944): @set_metadata: update dataspace from GM (0x00000000 -> 0x08010000)
07-13 09:24:59.325 D/C2MtkBufferManager( 1041): over 5000ms not request from VCodec but callback hooked, slow BM Cc fetch thread
07-13 09:24:59.339 I/gralloc4(10944): @set_metadata: update dataspace from GM (0x00000000 -> 0x08010000)
07-13 09:24:59.346 D/C2MtkBufferManager( 1041): over 5000ms not request from VCodec but callback hooked, slow BM Cc fetch thread
07-13 09:24:59.356 I/gralloc4(10944): @set_metadata: update dataspace from GM (0x00000000 -> 0x08010000)
07-13 09:24:59.366 D/C2MtkBufferManager( 1041): over 5000ms not request from VCodec but callback hooked, slow BM Cc fetch thread
07-13 09:24:59.373 I/gralloc4(10944): @set_metadata: update dataspace from GM (0x00000000 -> 0x08010000)
07-13 09:24:59.387 D/C2MtkBufferManager( 1041): over 5000ms not request from VCodec but callback hooked, slow BM Cc fetch thread
07-13 09:24:59.388 I/gralloc4(10944): @set_metadata: update dataspace from GM (0x00000000 -> 0x08010000)
07-13 09:24:59.407 I/gralloc4(10944): @set_metadata: update dataspace from GM (0x00000000 -> 0x08010000)
07-13 09:24:59.408 D/C2MtkBufferManager( 1041): over 5000ms not request from VCodec but callback hooked, slow BM Cc fetch thread
07-13 09:24:59.423 I/gralloc4(10944): @set_metadata: update dataspace from GM (0x00000000 -> 0x08010000)
07-13 09:24:59.429 D/C2MtkBufferManager( 1041): over 5000ms not request from VCodec but callback hooked, slow BM Cc fetch thread
07-13 09:24:59.439 I/gralloc4(10944): @set_metadata: update dataspace from GM (0x00000000 -> 0x08010000)
07-13 09:24:59.444 I/BufferQueueProducer( 1133): [com.skillsroom.mobile/com.skillsroom.mobile.MainActivity#78299](this:0xb400007855be2a30,id:-1,api:0,p:-1,c:1133) queueBuffer: fps=58.97 dur=1000.47 max=25.84 min=16.16
07-13 09:24:59.450 D/C2MtkBufferManager( 1041): over 5000ms not request from VCodec but callback hooked, slow BM Cc fetch thread
07-13 09:24:59.457 I/gralloc4(10944): @set_metadata: update dataspace from GM (0x00000000 -> 0x08010000)
07-13 09:24:59.470 D/C2MtkBufferManager( 1041): over 5000ms not request from VCodec but callback hooked, slow BM Cc fetch thread
07-13 09:24:59.471 I/gralloc4(10944): @set_metadata: update dataspace from GM (0x00000000 -> 0x08010000)
07-13 09:24:59.481 I/thermal_repeater( 1331): [recvMdThermalInfo] ret=24, strLen=127,  3, 44, 3, 196, 32767, 0
07-13 09:24:59.489 I/gralloc4(10944): @set_metadata: update dataspace from GM (0x00000000 -> 0x08010000)
07-13 09:24:59.491 D/C2MtkBufferManager( 1041): over 5000ms not request from VCodec but callback hooked, slow BM Cc fetch thread
07-13 09:24:59.507 I/gralloc4(10944): @set_metadata: update dataspace from GM (0x00000000 -> 0x08010000)
07-13 09:24:59.512 D/C2MtkBufferManager( 1041): over 5000ms not request from VCodec but callback hooked, slow BM Cc fetch thread
07-13 09:24:59.522 I/gralloc4(10944): @set_metadata: update dataspace from GM (0x00000000 -> 0x08010000)
07-13 09:24:59.533 D/C2MtkBufferManager( 1041): over 5000ms not request from VCodec but callback hooked, slow BM Cc fetch thread
07-13 09:24:59.539 I/gralloc4(10944): @set_metadata: update dataspace from GM (0x00000000 -> 0x08010000)
07-13 09:24:59.545 D/ActivityManager( 1813): getProcessesInErrorState callingUid=10288, CallingPid=19459
07-13 09:24:59.546 D/ActivityManager( 1813): getProcessesInErrorState callingUid=10279, CallingPid=443
07-13 09:24:59.554 D/C2MtkBufferManager( 1041): over 5000ms not request from VCodec but callback hooked, slow BM Cc fetch thread
07-13 09:24:59.556 I/gralloc4(10944): @set_metadata: update dataspace from GM (0x00000000 -> 0x08010000)
07-13 09:24:59.573 I/gralloc4(10944): @set_metadata: update dataspace from GM (0x00000000 -> 0x08010000)
07-13 09:24:59.574 D/C2MtkBufferManager( 1041): over 5000ms not request from VCodec but callback hooked, slow BM Cc fetch thread
07-13 09:24:59.588 I/gralloc4(10944): @set_metadata: update dataspace from GM (0x00000000 -> 0x08010000)
07-13 09:24:59.595 D/C2MtkBufferManager( 1041): over 5000ms not request from VCodec but callback hooked, slow BM Cc fetch thread
07-13 09:24:59.605 I/gralloc4(10944): @set_metadata: update dataspace from GM (0x00000000 -> 0x08010000)
07-13 09:24:59.615 D/C2MtkBufferManager( 1041): over 5000ms not request from VCodec but callback hooked, slow BM Cc fetch thread
07-13 09:24:59.622 I/gralloc4(10944): @set_metadata: update dataspace from GM (0x00000000 -> 0x08010000)
07-13 09:24:59.636 D/C2MtkBufferManager( 1041): over 5000ms not request from VCodec but callback hooked, slow BM Cc fetch thread
07-13 09:24:59.637 D/NetworkController.MobileSignalController(1)( 2459): notifyListeners: mFeatureRelayData=false
07-13 09:24:59.639 I/gralloc4(10944): @set_metadata: update dataspace from GM (0x00000000 -> 0x08010000)
07-13 09:24:59.650 I/gralloc4( 2459): @set_metadata: update dataspace from GM (0x00000000 -> 0x08010000)
07-13 09:24:59.655 I/gralloc4(10944): @set_metadata: update dataspace from GM (0x00000000 -> 0x08010000)
07-13 09:24:59.656 D/C2MtkBufferManager( 1041): over 5000ms not request from VCodec but callback hooked, slow BM Cc fetch thread
07-13 09:24:59.661 I/BufferQueueProducer( 1133): [StatusBar#98](this:0xb400007865c71a30,id:-1,api:0,p:-1,c:1133) queueBuffer: fps=6.74 dur=1483.26 max=1000.09 min=16.31
07-13 09:24:59.673 I/gralloc4(10944): @set_metadata: update dataspace from GM (0x00000000 -> 0x08010000)
07-13 09:24:59.677 D/C2MtkBufferManager( 1041): over 5000ms not request from VCodec but callback hooked, slow BM Cc fetch thread
07-13 09:24:59.687 I/gralloc4(10944): @set_metadata: update dataspace from GM (0x00000000 -> 0x08010000)
07-13 09:24:59.698 D/C2MtkBufferManager( 1041): over 5000ms not request from VCodec but callback hooked, slow BM Cc fetch thread
07-13 09:24:59.706 I/gralloc4(10944): @set_metadata: update dataspace from GM (0x00000000 -> 0x08010000)
07-13 09:24:59.718 D/C2MtkBufferManager( 1041): over 5000ms not request from VCodec but callback hooked, slow BM Cc fetch thread
07-13 09:24:59.722 I/gralloc4(10944): @set_metadata: update dataspace from GM (0x00000000 -> 0x08010000)
07-13 09:24:59.731 W/sensors@2.0-ser( 1046): type=1400 audit(0.0:608633): avc:  denied  { read } for  name="current_now" dev="sysfs" ino=36938 scontext=u:r:mtk_hal_sensors:s0 tcontext=u:object_r:sysfs_usb_supply:s0 tclass=file permissive=0
07-13 09:24:59.739 D/C2MtkBufferManager( 1041): over 5000ms not request from VCodec but callback hooked, slow BM Cc fetch thread
07-13 09:24:59.740 I/gralloc4(10944): @set_metadata: update dataspace from GM (0x00000000 -> 0x08010000)
07-13 09:24:59.756 I/gralloc4(10944): @set_metadata: update dataspace from GM (0x00000000 -> 0x08010000)
07-13 09:24:59.760 D/C2MtkBufferManager( 1041): over 5000ms not request from VCodec but callback hooked, slow BM Cc fetch thread
07-13 09:24:59.771 I/gralloc4(10944): @set_metadata: update dataspace from GM (0x00000000 -> 0x08010000)
07-13 09:24:59.781 D/C2MtkBufferManager( 1041): over 5000ms not request from VCodec but callback hooked, slow BM Cc fetch thread
07-13 09:24:59.788 I/gralloc4(10944): @set_metadata: update dataspace from GM (0x00000000 -> 0x08010000)
07-13 09:24:59.792 I/libPerfCtl( 1059): xgfGetFPS pid:2459 fps:-1
07-13 09:24:59.793 I/libPerfCtl( 1059): xgfGetFPS pid:10944 fps:59
07-13 09:24:59.801 D/C2MtkBufferManager( 1041): over 5000ms not request from VCodec but callback hooked, slow BM Cc fetch thread
07-13 09:24:59.805 I/gralloc4(10944): @set_metadata: update dataspace from GM (0x00000000 -> 0x08010000)
07-13 09:24:59.822 D/C2MtkBufferManager( 1041): over 5000ms not request from VCodec but callback hooked, slow BM Cc fetch thread
07-13 09:24:59.822 I/gralloc4(10944): @set_metadata: update dataspace from GM (0x00000000 -> 0x08010000)
07-13 09:24:59.839 I/gralloc4(10944): @set_metadata: update dataspace from GM (0x00000000 -> 0x08010000)
07-13 09:24:59.842 D/C2MtkBufferManager( 1041): over 5000ms not request from VCodec but callback hooked, slow BM Cc fetch thread
07-13 09:24:59.855 I/gralloc4(10944): @set_metadata: update dataspace from GM (0x00000000 -> 0x08010000)
07-13 09:24:59.857 D/AES     ( 1813): AEEIOCTL_GET/SET_SF_STATE IOCTL,cmd= 1074294797, lParam=0. 
07-13 09:24:59.860 D/HeapUsage Monitor( 1813): HeapAllocSize : 149MB; monitorSize : 500MB
07-13 09:24:59.863 D/C2MtkBufferManager( 1041): over 5000ms not request from VCodec but callback hooked, slow BM Cc fetch thread
07-13 09:24:59.863 D/AES     ( 1813): AEEIOCTL_RT_MON_Kick IOCTL,cmd= 2147774474, lParam=300. 
07-13 09:24:59.872 I/gralloc4(10944): @set_metadata: update dataspace from GM (0x00000000 -> 0x08010000)
07-13 09:24:59.884 D/C2MtkBufferManager( 1041): over 5000ms not request from VCodec but callback hooked, slow BM Cc fetch thread
07-13 09:24:59.889 I/gralloc4(10944): @set_metadata: update dataspace from GM (0x00000000 -> 0x08010000)
07-13 09:24:59.905 D/C2MtkBufferManager( 1041): over 5000ms not request from VCodec but callback hooked, slow BM Cc fetch thread
07-13 09:24:59.906 I/gralloc4(10944): @set_metadata: update dataspace from GM (0x00000000 -> 0x08010000)
07-13 09:24:59.922 I/gralloc4(10944): @set_metadata: update dataspace from GM (0x00000000 -> 0x08010000)
07-13 09:24:59.926 D/C2MtkBufferManager( 1041): over 5000ms not request from VCodec but callback hooked, slow BM Cc fetch thread
07-13 09:24:59.938 I/gralloc4(10944): @set_metadata: update dataspace from GM (0x00000000 -> 0x08010000)
07-13 09:24:59.946 D/C2MtkBufferManager( 1041): over 5000ms not request from VCodec but callback hooked, slow BM Cc fetch thread
07-13 09:24:59.953 I/gralloc4(10944): @set_metadata: update dataspace from GM (0x00000000 -> 0x08010000)
07-13 09:24:59.967 D/C2MtkBufferManager( 1041): over 5000ms not request from VCodec but callback hooked, slow BM Cc fetch thread
07-13 09:24:59.972 I/gralloc4(10944): @set_metadata: update dataspace from GM (0x00000000 -> 0x08010000)
07-13 09:24:59.988 D/C2MtkBufferManager( 1041): over 5000ms not request from VCodec but callback hooked, slow BM Cc fetch thread
07-13 09:24:59.989 I/gralloc4(10944): @set_metadata: update dataspace from GM (0x00000000 -> 0x08010000)
07-13 09:25:00.006 I/gralloc4(10944): @set_metadata: update dataspace from GM (0x00000000 -> 0x08010000)
07-13 09:25:00.009 D/C2MtkBufferManager( 1041): over 5000ms not request from VCodec but callback hooked, slow BM Cc fetch thread
07-13 09:25:00.010 D/AlarmManager( 1813): mBroadcastRefCount -> 1
07-13 09:25:00.012 D/MiuiClockController( 2459): fixed clock timezone, clockTimezone is null mCurrentTimezone is Africa/Lagos
07-13 09:25:00.018 I/gralloc4(10944): @set_metadata: update dataspace from GM (0x00000000 -> 0x08010000)
07-13 09:25:00.019 D/AlarmManager( 1813): mBroadcastRefCount -> 0
07-13 09:25:00.019 D/AlarmManager( 1813): mPendingIntent -> null
07-13 09:25:00.029 D/C2MtkBufferManager( 1041): over 5000ms not request from VCodec but callback hooked, slow BM Cc fetch thread
07-13 09:25:00.036 I/gralloc4(10944): @set_metadata: update dataspace from GM (0x00000000 -> 0x08010000)
07-13 09:25:00.036 I/GlassNumberView( 2459): mZeroTextWidth = 218, density = 2.0
07-13 09:25:00.036 I/GlassNumberView( 2459): isCopperplateStyle leftExtra = 240.6, rightExtra = 238.6, mIndex = 0
07-13 09:25:00.036 I/GlassNumberView( 2459): setPercentages, percentages = [0.805, 0.1, 0.06, 0.06, 0.13, 0.05, 0.02]
07-13 09:25:00.037 I/GlassNumberView( 2459): mZeroTextWidth = 212, density = 2.0
07-13 09:25:00.037 I/GlassNumberView( 2459): isCopperplateStyle leftExtra = 248.6, rightExtra = 240.6, mIndex = 9
07-13 09:25:00.037 I/GlassNumberView( 2459): setPercentages, percentages = [0.805, 0.1, 0.06, 0.06, 0.13, 0.05, 0.02]
07-13 09:25:00.037 I/GlassNumberView( 2459): mZeroTextWidth = 192, density = 2.0
07-13 09:25:00.037 I/GlassNumberView( 2459): isCopperplateStyle leftExtra = 255.6, rightExtra = 253.6, mIndex = 2
07-13 09:25:00.037 I/GlassNumberView( 2459): setPercentages, percentages = [0.805, 0.1, 0.06, 0.06, 0.13, 0.05, 0.02]
07-13 09:25:00.046 I/GlassNumberView( 2459): mZeroTextWidth = 200, density = 2.0
07-13 09:25:00.047 I/GlassNumberView( 2459): isCopperplateStyle leftExtra = 245.6, rightExtra = 247.6, mIndex = 5
07-13 09:25:00.047 I/GlassNumberView( 2459): setPercentages, percentages = [0.805, 0.1, 0.06, 0.06, 0.13, 0.05, 0.02]
07-13 09:25:00.047 I/GlassNumberView( 2459): mZeroTextWidth = 218, density = 2.0
07-13 09:25:00.047 I/GlassNumberView( 2459): isCopperplateStyle leftExtra = 240.6, rightExtra = 238.6, mIndex = 0
07-13 09:25:00.047 I/GlassNumberView( 2459): setPercentages, percentages = [0.805, 0.1, 0.06, 0.06, 0.13, 0.05, 0.02]
07-13 09:25:00.047 I/GlassNumberView( 2459): mZeroTextWidth = 212, density = 2.0
07-13 09:25:00.048 I/GlassNumberView( 2459): isCopperplateStyle leftExtra = 248.6, rightExtra = 240.6, mIndex = 9
07-13 09:25:00.048 I/GlassNumberView( 2459): setPercentages, percentages = [0.805, 0.1, 0.06, 0.06, 0.13, 0.05, 0.02]
07-13 09:25:00.048 I/GlassNumberView( 2459): mZeroTextWidth = 192, density = 2.0
07-13 09:25:00.048 D/ActivityManager( 1813): getProcessesInErrorState callingUid=10288, CallingPid=19459
07-13 09:25:00.048 D/ActivityManager( 1813): getProcessesInErrorState callingUid=10279, CallingPid=443
07-13 09:25:00.048 I/GlassNumberView( 2459): isCopperplateStyle leftExtra = 255.6, rightExtra = 253.6, mIndex = 2
07-13 09:25:00.048 I/GlassNumberView( 2459): setPercentages, percentages = [0.805, 0.1, 0.06, 0.06, 0.13, 0.05, 0.02]
07-13 09:25:00.048 I/GlassNumberView( 2459): mZeroTextWidth = 200, density = 2.0
07-13 09:25:00.048 I/GlassNumberView( 2459): isCopperplateStyle leftExtra = 245.6, rightExtra = 247.6, mIndex = 5
07-13 09:25:00.048 I/GlassNumberView( 2459): setPercentages, percentages = [0.805, 0.1, 0.06, 0.06, 0.13, 0.05, 0.02]
07-13 09:25:00.048 E/AnimationHelper( 2459): updateTime mToAod:false mHasNotification: true, mClockType: rhombus
07-13 09:25:00.050 D/C2MtkBufferManager( 1041): over 5000ms not request from VCodec but callback hooked, slow BM Cc fetch thread
07-13 09:25:00.053 I/gralloc4(10944): @set_metadata: update dataspace from GM (0x00000000 -> 0x08010000)
07-13 09:25:00.061 D/connsyslogger( 1516): SD_LOG_ROOT is /data/debuglogger/connsyslog/fw.
07-13 09:25:00.061 D/connsyslogger( 1516): systemReady:1
07-13 09:25:00.069 I/gralloc4(10944): @set_metadata: update dataspace from GM (0x00000000 -> 0x08010000)
07-13 09:25:00.070 D/C2MtkBufferManager( 1041): over 5000ms not request from VCodec but callback hooked, slow BM Cc fetch thread
07-13 09:25:00.085 I/gralloc4(10944): @set_metadata: update dataspace from GM (0x00000000 -> 0x08010000)
07-13 09:25:00.091 D/C2MtkBufferManager( 1041): over 5000ms not request from VCodec but callback hooked, slow BM Cc fetch thread
07-13 09:25:00.102 I/gralloc4(10944): @set_metadata: update dataspace from GM (0x00000000 -> 0x08010000)
07-13 09:25:00.111 D/C2MtkBufferManager( 1041): over 5000ms not request from VCodec but callback hooked, slow BM Cc fetch thread
07-13 09:25:00.119 I/gralloc4(10944): @set_metadata: update dataspace from GM (0x00000000 -> 0x08010000)
07-13 09:25:00.129 I/beanpodkeymaster(  546): Enter BeanpodKeymaster BeginOperation
07-13 09:25:00.131 I/beanpodkeymaster(  546): cmd:4 Received 24 byte response
07-13 09:25:00.131 I/beanpodkeymaster(  546): Exit BeanpodKeymaster BeginOperation
07-13 09:25:00.132 D/C2MtkBufferManager( 1041): over 5000ms not request from VCodec but callback hooked, slow BM Cc fetch thread
07-13 09:25:00.133 I/beanpodkeymaster(  546): Enter BeanpodKeymaster UpdateOperation
07-13 09:25:00.134 I/beanpodkeymaster(  546): cmd:8 Received 393 byte response
07-13 09:25:00.134 I/beanpodkeymaster(  546): Exit BeanpodKeymaster UpdateOperation
07-13 09:25:00.138 I/gralloc4(10944): @set_metadata: update dataspace from GM (0x00000000 -> 0x08010000)
07-13 09:25:00.141 I/beanpodkeymaster(  546): Enter BeanpodKeymaster FinishOperation
07-13 09:25:00.141 I/beanpodkeymaster(  546): cmd:c Received 20 byte response
07-13 09:25:00.141 I/beanpodkeymaster(  546): Exit BeanpodKeymaster FinishOperation
07-13 09:25:00.152 D/C2MtkBufferManager( 1041): over 5000ms not request from VCodec but callback hooked, slow BM Cc fetch thread
07-13 09:25:00.154 I/gralloc4(10944): @set_metadata: update dataspace from GM (0x00000000 -> 0x08010000)
07-13 09:25:00.158 I/beanpodkeymaster(  546): Enter BeanpodKeymaster BeginOperation
07-13 09:25:00.159 I/beanpodkeymaster(  546): cmd:4 Received 24 byte response
07-13 09:25:00.159 I/beanpodkeymaster(  546): Exit BeanpodKeymaster BeginOperation
07-13 09:25:00.161 I/beanpodkeymaster(  546): Enter BeanpodKeymaster UpdateOperation
07-13 09:25:00.162 I/beanpodkeymaster(  546): cmd:8 Received 88 byte response
07-13 09:25:00.162 I/beanpodkeymaster(  546): Exit BeanpodKeymaster UpdateOperation
07-13 09:25:00.164 I/beanpodkeymaster(  546): Enter BeanpodKeymaster FinishOperation
07-13 09:25:00.166 I/beanpodkeymaster(  546): cmd:c Received 20 byte response
07-13 09:25:00.166 I/beanpodkeymaster(  546): Exit BeanpodKeymaster FinishOperation
07-13 09:25:00.168 I/gralloc4( 2459): @set_metadata: update dataspace from GM (0x00000000 -> 0x08010000)
07-13 09:25:00.173 D/C2MtkBufferManager( 1041): over 5000ms not request from VCodec but callback hooked, slow BM Cc fetch thread
07-13 09:25:00.173 I/MiuiNetworkPolicy( 1813): updateUidState uid = 10317, uidState = 19
07-13 09:25:00.177 I/MiuiNetworkPolicy( 1813): updateUidState uid = 10317, uidState = 11
07-13 09:25:00.185 I/beanpodkeymaster(  546): Enter BeanpodKeymaster BeginOperation
07-13 09:25:00.185 I/beanpodkeymaster(  546): cmd:4 Received 24 byte response
07-13 09:25:00.185 I/beanpodkeymaster(  546): Exit BeanpodKeymaster BeginOperation
07-13 09:25:00.187 I/beanpodkeymaster(  546): Enter BeanpodKeymaster UpdateOperation
07-13 09:25:00.188 I/beanpodkeymaster(  546): cmd:8 Received 393 byte response
07-13 09:25:00.188 I/beanpodkeymaster(  546): Exit BeanpodKeymaster UpdateOperation
07-13 09:25:00.189 I/beanpodkeymaster(  546): Enter BeanpodKeymaster FinishOperation
07-13 09:25:00.189 I/beanpodkeymaster(  546): cmd:c Received 20 byte response
07-13 09:25:00.190 I/beanpodkeymaster(  546): Exit BeanpodKeymaster FinishOperation
07-13 09:25:00.193 D/C2MtkBufferManager( 1041): over 5000ms not request from VCodec but callback hooked, slow BM Cc fetch thread
07-13 09:25:00.203 I/beanpodkeymaster(  546): Enter BeanpodKeymaster BeginOperation
07-13 09:25:00.204 I/beanpodkeymaster(  546): cmd:4 Received 24 byte response
07-13 09:25:00.204 I/beanpodkeymaster(  546): Exit BeanpodKeymaster BeginOperation
07-13 09:25:00.205 I/beanpodkeymaster(  546): Enter BeanpodKeymaster UpdateOperation
07-13 09:25:00.206 I/beanpodkeymaster(  546): cmd:8 Received 88 byte response
07-13 09:25:00.206 I/beanpodkeymaster(  546): Exit BeanpodKeymaster UpdateOperation
07-13 09:25:00.207 I/beanpodkeymaster(  546): Enter BeanpodKeymaster FinishOperation
07-13 09:25:00.208 I/beanpodkeymaster(  546): cmd:c Received 20 byte response
07-13 09:25:00.208 I/beanpodkeymaster(  546): Exit BeanpodKeymaster FinishOperation
07-13 09:25:00.214 D/C2MtkBufferManager( 1041): over 5000ms not request from VCodec but callback hooked, slow BM Cc fetch thread
07-13 09:25:00.234 D/CompatibilityChangeReporter( 1813): Compat change id reported: 197654537; UID 10210; state: ENABLED
07-13 09:25:00.234 D/C2MtkBufferManager( 1041): over 5000ms not request from VCodec but callback hooked, slow BM Cc fetch thread
07-13 09:25:00.255 D/C2MtkBufferManager( 1041): over 5000ms not request from VCodec but callback hooked, slow BM Cc fetch thread
07-13 09:25:00.275 D/C2MtkBufferManager( 1041): over 5000ms not request from VCodec but callback hooked, slow BM Cc fetch thread
07-13 09:25:00.296 D/C2MtkBufferManager( 1041): over 5000ms not request from VCodec but callback hooked, slow BM Cc fetch thread
07-13 09:25:00.316 D/C2MtkBufferManager( 1041): over 5000ms not request from VCodec but callback hooked, slow BM Cc fetch thread
07-13 09:25:00.334 I/AS.AudioService( 1813): getMode, get current owner's mode
07-13 09:25:00.334 I/AS.AudioService( 1813): getMode, currentModeHandler is null
07-13 09:25:00.337 D/C2MtkBufferManager( 1041): over 5000ms not request from VCodec but callback hooked, slow BM Cc fetch thread
07-13 09:25:00.357 D/C2MtkBufferManager( 1041): over 5000ms not request from VCodec but callback hooked, slow BM Cc fetch thread
07-13 09:25:00.371 D/ULogGuard( 1314): Monitoring: 16 threads, 0 requests, 0 time-bombs; 2 guards. ResetFlags = 0x7
07-13 09:25:00.378 D/C2MtkBufferManager( 1041): over 5000ms not request from VCodec but callback hooked, slow BM Cc fetch thread
07-13 09:25:00.398 D/C2MtkBufferManager( 1041): over 5000ms not request from VCodec but callback hooked, slow BM Cc fetch thread
07-13 09:25:00.419 D/C2MtkBufferManager( 1041): over 5000ms not request from VCodec but callback hooked, slow BM Cc fetch thread
07-13 09:25:00.439 D/C2MtkBufferManager( 1041): over 5000ms not request from VCodec but callback hooked, slow BM Cc fetch thread
07-13 09:25:00.460 D/C2MtkBufferManager( 1041): over 5000ms not request from VCodec but callback hooked, slow BM Cc fetch thread
07-13 09:25:00.480 D/C2MtkBufferManager( 1041): over 5000ms not request from VCodec but callback hooked, slow BM Cc fetch thread
07-13 09:25:00.501 D/C2MtkBufferManager( 1041): over 5000ms not request from VCodec but callback hooked, slow BM Cc fetch thread
07-13 09:25:00.521 D/C2MtkBufferManager( 1041): over 5000ms not request from VCodec but callback hooked, slow BM Cc fetch thread
07-13 09:25:00.542 D/C2MtkBufferManager( 1041): over 5000ms not request from VCodec but callback hooked, slow BM Cc fetch thread
07-13 09:25:00.549 D/ActivityManager( 1813): getProcessesInErrorState callingUid=10279, CallingPid=443
07-13 09:25:00.549 D/ActivityManager( 1813): getProcessesInErrorState callingUid=10288, CallingPid=19459
07-13 09:25:00.562 D/C2MtkBufferManager( 1041): over 5000ms not request from VCodec but callback hooked, slow BM Cc fetch thread
07-13 09:25:00.583 D/C2MtkBufferManager( 1041): over 5000ms not request from VCodec but callback hooked, slow BM Cc fetch thread
07-13 09:25:00.603 D/C2MtkBufferManager( 1041): over 5000ms not request from VCodec but callback hooked, slow BM Cc fetch thread
07-13 09:25:00.624 D/C2MtkBufferManager( 1041): over 5000ms not request from VCodec but callback hooked, slow BM Cc fetch thread
07-13 09:25:00.644 D/C2MtkBufferManager( 1041): over 5000ms not request from VCodec but callback hooked, slow BM Cc fetch thread
07-13 09:25:00.665 D/C2MtkBufferManager( 1041): over 5000ms not request from VCodec but callback hooked, slow BM Cc fetch thread
07-13 09:25:00.685 D/C2MtkBufferManager( 1041): over 5000ms not request from VCodec but callback hooked, slow BM Cc fetch thread
07-13 09:25:00.706 D/C2MtkBufferManager( 1041): over 5000ms not request from VCodec but callback hooked, slow BM Cc fetch thread
07-13 09:25:00.706 W/C2BqBuffer( 1041): last successful dequeue was 92351971022 us ago, 0 consecutive failures
07-13 09:25:00.727 D/C2MtkBufferManager( 1041): over 5000ms not request from VCodec but callback hooked, slow BM Cc fetch thread
07-13 09:25:00.747 D/C2MtkBufferManager( 1041): over 5000ms not request from VCodec but callback hooked, slow BM Cc fetch thread
07-13 09:25:00.751 W/sensors@2.0-ser( 1046): type=1400 audit(0.0:608634): avc:  denied  { read } for  name="current_now" dev="sysfs" ino=36938 scontext=u:r:mtk_hal_sensors:s0 tcontext=u:object_r:sysfs_usb_supply:s0 tclass=file permissive=0
07-13 09:25:00.768 D/C2MtkBufferManager( 1041): over 5000ms not request from VCodec but callback hooked, slow BM Cc fetch thread
07-13 09:25:00.789 D/C2MtkBufferManager( 1041): over 5000ms not request from VCodec but callback hooked, slow BM Cc fetch thread
07-13 09:25:00.792 I/libPerfCtl( 1059): xgfGetFPS pid:2459 fps:-1
07-13 09:25:00.793 I/libPerfCtl( 1059): xgfGetFPS pid:10944 fps:60
07-13 09:25:00.809 D/C2MtkBufferManager( 1041): over 5000ms not request from VCodec but callback hooked, slow BM Cc fetch thread
07-13 09:25:00.830 D/C2MtkBufferManager( 1041): over 5000ms not request from VCodec but callback hooked, slow BM Cc fetch thread
07-13 09:25:00.850 D/C2MtkBufferManager( 1041): over 5000ms not request from VCodec but callback hooked, slow BM Cc fetch thread
07-13 09:25:00.871 D/C2MtkBufferManager( 1041): over 5000ms not request from VCodec but callback hooked, slow BM Cc fetch thread
07-13 09:25:00.891 D/C2MtkBufferManager( 1041): over 5000ms not request from VCodec but callback hooked, slow BM Cc fetch thread
07-13 09:25:00.912 D/C2MtkBufferManager( 1041): over 5000ms not request from VCodec but callback hooked, slow BM Cc fetch thread
07-13 09:25:00.932 D/C2MtkBufferManager( 1041): over 5000ms not request from VCodec but callback hooked, slow BM Cc fetch thread
07-13 09:25:00.953 D/C2MtkBufferManager( 1041): over 5000ms not request from VCodec but callback hooked, slow BM Cc fetch thread
07-13 09:25:00.973 D/C2MtkBufferManager( 1041): over 5000ms not request from VCodec but callback hooked, slow BM Cc fetch thread
07-13 09:25:00.994 D/C2MtkBufferManager( 1041): over 5000ms not request from VCodec but callback hooked, slow BM Cc fetch thread
07-13 09:25:01.014 D/C2MtkBufferManager( 1041): over 5000ms not request from VCodec but callback hooked, slow BM Cc fetch thread
07-13 09:25:01.035 D/C2MtkBufferManager( 1041): over 5000ms not request from VCodec but callback hooked, slow BM Cc fetch thread
07-13 09:25:01.050 D/ActivityManager( 1813): getProcessesInErrorState callingUid=10279, CallingPid=443
07-13 09:25:01.051 D/ActivityManager( 1813): getProcessesInErrorState callingUid=10288, CallingPid=19459
07-13 09:25:01.055 D/C2MtkBufferManager( 1041): over 5000ms not request from VCodec but callback hooked, slow BM Cc fetch thread
07-13 09:25:01.076 D/C2MtkBufferManager( 1041): over 5000ms not request from VCodec but callback hooked, slow BM Cc fetch thread
07-13 09:25:01.096 D/C2MtkBufferManager( 1041): over 5000ms not request from VCodec but callback hooked, slow BM Cc fetch thread
07-13 09:25:01.117 D/C2MtkBufferManager( 1041): over 5000ms not request from VCodec but callback hooked, slow BM Cc fetch thread
07-13 09:25:01.117 I/beanpodkeymaster(  546): Enter BeanpodKeymaster BeginOperation
07-13 09:25:01.118 I/beanpodkeymaster(  546): cmd:4 Received 24 byte response
07-13 09:25:01.118 I/beanpodkeymaster(  546): Exit BeanpodKeymaster BeginOperation
07-13 09:25:01.119 I/beanpodkeymaster(  546): Enter BeanpodKeymaster UpdateOperation
07-13 09:25:01.120 I/beanpodkeymaster(  546): cmd:8 Received 393 byte response
07-13 09:25:01.120 I/beanpodkeymaster(  546): Exit BeanpodKeymaster UpdateOperation
07-13 09:25:01.121 I/beanpodkeymaster(  546): Enter BeanpodKeymaster FinishOperation
07-13 09:25:01.122 I/beanpodkeymaster(  546): cmd:c Received 20 byte response
07-13 09:25:01.122 I/beanpodkeymaster(  546): Exit BeanpodKeymaster FinishOperation
07-13 09:25:01.134 I/beanpodkeymaster(  546): Enter BeanpodKeymaster BeginOperation
07-13 09:25:01.135 I/beanpodkeymaster(  546): cmd:4 Received 24 byte response
07-13 09:25:01.135 I/beanpodkeymaster(  546): Exit BeanpodKeymaster BeginOperation
07-13 09:25:01.137 I/beanpodkeymaster(  546): Enter BeanpodKeymaster UpdateOperation
07-13 09:25:01.137 D/C2MtkBufferManager( 1041): over 5000ms not request from VCodec but callback hooked, slow BM Cc fetch thread
07-13 09:25:01.137 I/beanpodkeymaster(  546): cmd:8 Received 88 byte response
07-13 09:25:01.137 I/beanpodkeymaster(  546): Exit BeanpodKeymaster UpdateOperation
07-13 09:25:01.139 I/beanpodkeymaster(  546): Enter BeanpodKeymaster FinishOperation
07-13 09:25:01.139 I/beanpodkeymaster(  546): cmd:c Received 20 byte response
07-13 09:25:01.139 I/beanpodkeymaster(  546): Exit BeanpodKeymaster FinishOperation
07-13 09:25:01.155 I/beanpodkeymaster(  546): Enter BeanpodKeymaster BeginOperation
07-13 09:25:01.156 I/beanpodkeymaster(  546): cmd:4 Received 24 byte response
07-13 09:25:01.156 I/beanpodkeymaster(  546): Exit BeanpodKeymaster BeginOperation
07-13 09:25:01.156 W/Settings( 2457): Setting airplane_mode_on has moved from android.provider.Settings.System to android.provider.Settings.Global, returning read-only value.
07-13 09:25:01.158 D/C2MtkBufferManager( 1041): over 5000ms not request from VCodec but callback hooked, slow BM Cc fetch thread
07-13 09:25:01.158 D/MobileStatusTracker(1)( 2459): onSignalStrengthsChanged signalStrength=SignalStrength:{mCdma=CellSignalStrengthCdma: cdmaDbm=2147483647 cdmaEcio=2147483647 evdoDbm=2147483647 evdoEcio=2147483647 evdoSnr=2147483647 miuiLevel=0 mOptimizedLevel=0 level=0,mGsm=CellSignalStrengthGsm: rssi=2147483647 ber=2147483647 mTa=2147483647 miuiLevel=0 isNtnMode=false mLevel=0,mWcdma=CellSignalStrengthWcdma: ss=2147483647 ber=2147483647 rscp=2147483647 ecno=2147483647 miuiLevel=0 mOptimizedLevel=0 level=0,mTdscdma=CellSignalStrengthTdscdma: rssi=2147483647 ber=2147483647 rscp=2147483647 miuiLevel=0 mOptimizedLevel=0 level=0,mLte=CellSignalStrengthLte: rssi=-89 rsrp=-99 rsrq=-10 rssnr=11 cqiTableIndex=2147483647 cqi=0 ta=0 miuiLevel=4 mOptimizedLevel=0 level=3 parametersUseForLevel=0,mNr=CellSignalStrengthNr:{ csiRsrp = 2147483647 csiRsrq = 2147483647 csiCqiTableIndex = 2147483647 csiCqiReport = [] ssRsrp = 2147483647 ssRsrq = 2147483647 ssSinr = 2147483647 miuiLevel = 0 mOptimizedLevel = 0 level = 0 parametersUseForLevel = 0 timingAdvance = 2147483647 },primary=CellSignalStrengthLte,mNrAsPrimaryInNrNsa=false}
07-13 09:25:01.158 D/NetworkController.MobileSignalController(1)( 2459): update5GConnectState: false
07-13 09:25:01.158 D/NetworkController.MobileSignalController(1)( 2459): ss use aosp level not 0, 4
07-13 09:25:01.159 I/beanpodkeymaster(  546): Enter BeanpodKeymaster UpdateOperation
07-13 09:25:01.159 I/beanpodkeymaster(  546): cmd:8 Received 393 byte response
07-13 09:25:01.160 I/beanpodkeymaster(  546): Exit BeanpodKeymaster UpdateOperation
07-13 09:25:01.161 I/beanpodkeymaster(  546): Enter BeanpodKeymaster FinishOperation
07-13 09:25:01.161 I/beanpodkeymaster(  546): cmd:c Received 20 byte response
07-13 09:25:01.161 I/beanpodkeymaster(  546): Exit BeanpodKeymaster FinishOperation
07-13 09:25:01.174 I/beanpodkeymaster(  546): Enter BeanpodKeymaster BeginOperation
07-13 09:25:01.175 I/beanpodkeymaster(  546): cmd:4 Received 24 byte response
07-13 09:25:01.175 I/beanpodkeymaster(  546): Exit BeanpodKeymaster BeginOperation
07-13 09:25:01.176 I/beanpodkeymaster(  546): Enter BeanpodKeymaster UpdateOperation
07-13 09:25:01.176 I/beanpodkeymaster(  546): cmd:8 Received 88 byte response
07-13 09:25:01.177 I/beanpodkeymaster(  546): Exit BeanpodKeymaster UpdateOperation
07-13 09:25:01.177 I/beanpodkeymaster(  546): Enter BeanpodKeymaster FinishOperation
07-13 09:25:01.178 I/beanpodkeymaster(  546): cmd:c Received 20 byte response
07-13 09:25:01.178 I/beanpodkeymaster(  546): Exit BeanpodKeymaster FinishOperation
07-13 09:25:01.178 D/C2MtkBufferManager( 1041): over 5000ms not request from VCodec but callback hooked, slow BM Cc fetch thread
07-13 09:25:01.181 I/MiuiNetworkPolicy( 1813): updateUidState uid = 10317, uidState = 19
07-13 09:25:01.185 I/MiuiNetworkPolicy( 1813): updateUidState uid = 10317, uidState = 11
07-13 09:25:01.191 I/beanpodkeymaster(  546): Enter BeanpodKeymaster BeginOperation
07-13 09:25:01.192 I/beanpodkeymaster(  546): cmd:4 Received 24 byte response
07-13 09:25:01.192 I/beanpodkeymaster(  546): Exit BeanpodKeymaster BeginOperation
07-13 09:25:01.193 I/beanpodkeymaster(  546): Enter BeanpodKeymaster UpdateOperation
07-13 09:25:01.194 I/beanpodkeymaster(  546): cmd:8 Received 393 byte response
07-13 09:25:01.194 I/beanpodkeymaster(  546): Exit BeanpodKeymaster UpdateOperation
07-13 09:25:01.195 I/beanpodkeymaster(  546): Enter BeanpodKeymaster FinishOperation
07-13 09:25:01.196 I/beanpodkeymaster(  546): cmd:c Received 20 byte response
07-13 09:25:01.196 I/beanpodkeymaster(  546): Exit BeanpodKeymaster FinishOperation
07-13 09:25:01.198 D/C2MtkBufferManager( 1041): over 5000ms not request from VCodec but callback hooked, slow BM Cc fetch thread
07-13 09:25:01.208 I/beanpodkeymaster(  546): Enter BeanpodKeymaster BeginOperation
07-13 09:25:01.208 I/beanpodkeymaster(  546): cmd:4 Received 24 byte response
07-13 09:25:01.208 I/beanpodkeymaster(  546): Exit BeanpodKeymaster BeginOperation
07-13 09:25:01.210 I/beanpodkeymaster(  546): Enter BeanpodKeymaster UpdateOperation
07-13 09:25:01.210 I/beanpodkeymaster(  546): cmd:8 Received 88 byte response
07-13 09:25:01.210 I/beanpodkeymaster(  546): Exit BeanpodKeymaster UpdateOperation
07-13 09:25:01.211 I/beanpodkeymaster(  546): Enter BeanpodKeymaster FinishOperation
07-13 09:25:01.212 I/beanpodkeymaster(  546): cmd:c Received 20 byte response
07-13 09:25:01.212 I/beanpodkeymaster(  546): Exit BeanpodKeymaster FinishOperation
07-13 09:25:01.219 D/C2MtkBufferManager( 1041): over 5000ms not request from VCodec but callback hooked, slow BM Cc fetch thread
07-13 09:25:01.224 I/beanpodkeymaster(  546): Enter BeanpodKeymaster BeginOperation
07-13 09:25:01.225 I/beanpodkeymaster(  546): cmd:4 Received 24 byte response
07-13 09:25:01.225 I/beanpodkeymaster(  546): Exit BeanpodKeymaster BeginOperation
07-13 09:25:01.226 I/beanpodkeymaster(  546): Enter BeanpodKeymaster UpdateOperation
07-13 09:25:01.227 I/beanpodkeymaster(  546): cmd:8 Received 393 byte response
07-13 09:25:01.227 I/beanpodkeymaster(  546): Exit BeanpodKeymaster UpdateOperation
07-13 09:25:01.228 I/beanpodkeymaster(  546): Enter BeanpodKeymaster FinishOperation
07-13 09:25:01.229 I/beanpodkeymaster(  546): cmd:c Received 20 byte response
07-13 09:25:01.229 I/beanpodkeymaster(  546): Exit BeanpodKeymaster FinishOperation
07-13 09:25:01.239 D/C2MtkBufferManager( 1041): over 5000ms not request from VCodec but callback hooked, slow BM Cc fetch thread
07-13 09:25:01.240 I/beanpodkeymaster(  546): Enter BeanpodKeymaster BeginOperation
07-13 09:25:01.240 I/beanpodkeymaster(  546): cmd:4 Received 24 byte response
07-13 09:25:01.240 I/beanpodkeymaster(  546): Exit BeanpodKeymaster BeginOperation
07-13 09:25:01.242 I/beanpodkeymaster(  546): Enter BeanpodKeymaster UpdateOperation
07-13 09:25:01.242 I/beanpodkeymaster(  546): cmd:8 Received 88 byte response
07-13 09:25:01.242 I/beanpodkeymaster(  546): Exit BeanpodKeymaster UpdateOperation
07-13 09:25:01.244 I/beanpodkeymaster(  546): Enter BeanpodKeymaster FinishOperation
07-13 09:25:01.244 I/beanpodkeymaster(  546): cmd:c Received 20 byte response
07-13 09:25:01.245 I/beanpodkeymaster(  546): Exit BeanpodKeymaster FinishOperation
07-13 09:25:01.258 I/beanpodkeymaster(  546): Enter BeanpodKeymaster BeginOperation
