07-13 09:24:46.227 I/BufferQueueDebug( 1133): [Task=5361#78295](this:0xb400007855b66a30,id:-1,api:0,p:-1,c:-1) BufferQueue core=(1133:/system/bin/surfaceflinger)
07-13 09:24:46.228 D/C2MtkBufferManager( 1041): over 5000ms not request from VCodec but callback hooked, slow BM Cc fetch thread
07-13 09:24:46.229 D/WindowManager( 1813): setParent old=DefaultTaskDisplayArea@53641789,new=null,this window=Task{3c5704f #5361 type=standard A=10210:com.skillsroom.mobile},callers=com.android.server.wm.WindowContainer.removeChild:831 com.android.server.wm.TaskDisplayArea.removeChildTask:359 com.android.server.wm.TaskDisplayArea.removeChild:350 com.android.server.wm.WindowContainer.removeImmediately:889 com.android.server.wm.TaskFragment.removeImmediately:3184 com.android.server.wm.Task.removeImmediately:3213 
07-13 09:24:46.230 D/MiuiMultiWindowUtils( 1813): DeviceLevel.IS_MIUI_LITE_VERSION 2.0 not support miui multiWindowgale
07-13 09:24:46.230 D/MiuiMultiWindowUtils( 1813): DeviceLevel.IS_MIUI_LITE_VERSION 2.0 not support miui multiWindowgale
07-13 09:24:46.232 D/SurfaceFlinger( 1133): setDesiredDisplayModeSpecs: defaultMode：1 primaryRangesMin:0.000000 primaryRangesMax:60.000000appRequestRangesMin:0.000000 appRequestRangesMax:60.000000
07-13 09:24:46.233 D/MiuiFullScreenTaskRepository( 2459): addOrUpdateFullScreenTaskInfo taskId=5361, topActivity=null
07-13 09:24:46.236 W/ActivityTaskManager( 1813): Can't find TaskDisplayArea to determine support for multi window. Task id=5361 attached=false
07-13 09:24:46.236 W/ActivityManager( 1813): Slow operation: 83ms so far, now at startProcess: done updating pids map
07-13 09:24:46.237 I/RefreshRateSelector( 1133): Display 0 policy changed
07-13 09:24:46.237 I/RefreshRateSelector( 1133): Previous: {defaultModeId=1, allowGroupSwitching=false, primaryRanges={physical=[0.00 Hz, inf Hz], render=[0.00 Hz, 90.00 Hz]}, appRequestRanges={physical=[0.00 Hz, inf Hz], render=[0.00 Hz, 90.00 Hz]}}
07-13 09:24:46.237 I/RefreshRateSelector( 1133): Current:  DisplayManagerPolicy{defaultModeId=1, allowGroupSwitching=false, primaryRanges={physical=[0.00 Hz, inf Hz], render=[0.00 Hz, 60.00 Hz]}, appRequestRanges={physical=[0.00 Hz, inf Hz], render=[0.00 Hz, 60.00 Hz]}}
07-13 09:24:46.237 I/RefreshRateSelector( 1133): 0 mode changes were performed under the previous policy
07-13 09:24:46.237 D/SurfaceFlinger( 1133): MtkOverrideDuration: update vsync 60
07-13 09:24:46.238 E/SurfaceFlinger( 1133): MtkDuration override mode is disabled
07-13 09:24:46.238 D/SurfaceFlinger( 1133): MtkOverrideDuration: reset override duration
07-13 09:24:46.242 I/BufferQueueDebug( 1133): [66c5166 com.skillsroom.mobile/com.skillsroom.mobile.MainActivity#78202](this:0xb400007855b41a30,id:-1,api:0,p:-1,c:1133) onDestructor()
07-13 09:24:46.243 I/BufferQueueDebug( 1133): [Surface(name=143addc InputMethod#139)/@0x3f7a46b - animation-leash of insets_animation#78271](this:0xb400007855bd2a30,id:-1,api:0,p:-1,c:1133) onDestructor()
07-13 09:24:46.243 I/BufferQueueDebug( 1133): [com.skillsroom.mobile/com.skillsroom.mobile.MainActivity#78270](this:0xb40000785b554a30,id:-1,api:0,p:-1,c:1133) onDestructor()
07-13 09:24:46.243 E/BpTransactionCompletedListener( 1133): Failed to transact (-32)
07-13 09:24:46.245 I/gralloc4( 1133): @set_metadata: update dataspace from GM (0x00000000 -> 0x08010000)
07-13 09:24:46.246 I/hwcomposer( 1039): [HWC] (0) displaySetActiveConfig config:0  
07-13 09:24:46.247 I/ClipboardServiceI( 1813): checkProviderWakePathForClipboard: primaryClip is null
07-13 09:24:46.247 I/.milink.service(10986): Using generational CollectorTypeCC GC.
07-13 09:24:46.249 D/C2MtkBufferManager( 1041): over 5000ms not request from VCodec but callback hooked, slow BM Cc fetch thread
07-13 09:24:46.249 D/nativeloader(10944): Load libframework-connectivity-jni.so using APEX ns com_android_tethering for caller /apex/com.android.tethering/javalib/framework-connectivity.jar: ok
07-13 09:24:46.250 D/MiuiFreeformModeController( 2459): avoidForInsetsBottomChangedIfNeed oldMoveableBottom: 1506 newMoveableBounds: 1506
07-13 09:24:46.250 D/ImePositionProcessor( 2459): onImeVisibilityChanged     isShowing:  false
07-13 09:24:46.250 D/CompatibilityChangeReporter( 1813): Compat change id reported: 135634846; UID 10157; state: DISABLED
07-13 09:24:46.251 D/CompatibilityChangeReporter( 1813): Compat change id reported: 177438394; UID 10157; state: DISABLED
07-13 09:24:46.252 D/CompatibilityChangeReporter( 1813): Compat change id reported: 135772972; UID 10157; state: DISABLED
07-13 09:24:46.252 D/CompatibilityChangeReporter( 1813): Compat change id reported: 135754954; UID 10157; state: ENABLED
07-13 09:24:46.252 D/CompatibilityChangeReporter( 1813): Compat change id reported: 143937733; UID 10157; state: ENABLED
07-13 09:24:46.253 D/MiuiFullScreenTaskRepository( 2459): removeFullScreenTask taskId=5361, topActivity=null
07-13 09:24:46.254 D/RecentsModel( 2470): onTaskStackChangedBackground
07-13 09:24:46.254 D/EventBus( 2470): No subscribers registered for event class com.miui.home.recents.messages.RecentTasksChangedEvent
07-13 09:24:46.254 D/RecentsModel( 2470): onTaskStackChangedBackground    MSG_TASK_STACK_CHANGE
07-13 09:24:46.254 D/RecentsModel( 2470): preloadRecents
07-13 09:24:46.254 D/EventBus( 2470): No subscribers registered for event class org.greenrobot.eventbus.NoSubscriberEvent
07-13 09:24:46.254 W/RecentsModel( 2470): getRunningTask
07-13 09:24:46.255 W/ActivityManager( 1813): setHasOverlayUi called on unknown pid: 8388
07-13 09:24:46.255 D/MiuiFreeformModeController( 2459): onImeVisibilityChanged imeVisible: false imeHeight: 0
07-13 09:24:46.255 D/MiuiFreeformModeAvoidAlgorithm( 2459): autoAvoidMiniTask res:AvoidResult{distance=0, combination={}, activeTaskPos=Rect(0, 0 - 0, 0)}
07-13 09:24:46.260 W/RecentsModel( 2470): getRunningTask   taskInfo=TaskInfo{userId=0 taskId=5362 displayId=0 isRunning=true baseIntent=Intent { flg=0x10000000 cmp=com.skillsroom.mobile/.MainActivity } baseActivity=ComponentInfo{com.skillsroom.mobile/com.skillsroom.mobile.MainActivity} topActivity=ComponentInfo{com.skillsroom.mobile/com.skillsroom.mobile.MainActivity} origActivity=null realActivity=ComponentInfo{com.skillsroom.mobile/com.skillsroom.mobile.MainActivity} numActivities=1 lastActiveTime=692685913 supportsSplitScreenMultiWindow=true supportsMultiWindow=true resizeMode=1 isResizeable=true minWidth=-1 minHeight=-1 defaultMinSize=200 token=WCT{android.window.IWindowContainerToken$Stub$Proxy@842f5a7} topActivityType=1 pictureInPictureParams=null shouldDockBigOverlays=false launchIntoPipHostTaskId=-1 lastParentTaskIdBeforePip=-1 displayCutoutSafeInsets=Rect(0, 68 - 0, 0) topActivityInfo=ActivityInfo{185aa54 com.skillsroom.mobile.MainActivity} launchCookies=[] positionInParent=Point(0, 0) parentTaskId=-1 isFocused=true isVisible=true isVisibleRequested=true isSleeping=false topActivityInSizeCompat=false topActivityEligibleForLetterboxEducation= false topActivityLetterboxed= false isFromDoubleTap= false topActivityLetterboxVerticalPosition= -1 topActivityLetterboxHorizontalPosition= -1 topActivityLetterboxWidth=-1 topActivityLetterboxHeight=-1 locusId=null displayAreaFeatureId=1 cameraCompatControlState=hidden mIsCastMode=false mTopActivityMediaSize=null mTopActivityRecordName=ActivityRecord{a574059 u0 com.skillsroom.mobile/.MainActivity t5362} mTopActivityOrientation=1 mTopActivityWindowIsNowVisible=false isTranslucent=false isEmbedded=false shouldBeVisible=true mBehindAppLockPkg=null mOriginatingUid=0}
07-13 09:24:46.260 W/RecentsModel( 2470): getTaskInfoIgnoreHomeAndFreeform   taskInfo=ComponentInfo{com.skillsroom.mobile/com.skillsroom.mobile.MainActivity}
07-13 09:24:46.261 E/ActivityManagerWrapper( 2470): get all recent tasks force including 5362
07-13 09:24:46.262 V/GraphicsEnvironment(10944): Currently set values for:
07-13 09:24:46.263 V/GraphicsEnvironment(10944):   angle_gl_driver_selection_pkgs=[]
07-13 09:24:46.263 V/GraphicsEnvironment(10944):   angle_gl_driver_selection_values=[]
07-13 09:24:46.264 D/nativeloader(10986): Load libframework-connectivity-tiramisu-jni.so using APEX ns com_android_tethering for caller /apex/com.android.tethering/javalib/framework-connectivity-t.jar: ok
07-13 09:24:46.264 V/GraphicsEnvironment(10944): ANGLE GameManagerService for com.skillsroom.mobile: false
07-13 09:24:46.264 V/GraphicsEnvironment(10944): com.skillsroom.mobile is not listed in per-application setting
07-13 09:24:46.264 V/GraphicsEnvironment(10944): Neither updatable production driver nor prerelease driver is supported.
07-13 09:24:46.269 I/BufferQueueDebug( 1133): [Task=5361#78295](this:0xb400007855b66a30,id:-1,api:0,p:-1,c:1133) onDestructor()
07-13 09:24:46.269 I/BufferQueueDebug( 1133): [ActivityRecord{42f66d6 u0 com.skillsroom.mobile/.MainActivity t5361}#78189](this:0xb400007855bd9a30,id:-1,api:0,p:-1,c:1133) onDestructor()
07-13 09:24:46.269 D/C2MtkBufferManager( 1041): over 5000ms not request from VCodec but callback hooked, slow BM Cc fetch thread
07-13 09:24:46.270 D/Zygote  ( 1023): Forked child process 10999
07-13 09:24:46.271 I/DisplayDeviceRepository( 1813): Display device changed: DisplayDeviceInfo{"Built-in Screen": uniqueId="local:0", 720 x 1600, modeId 1, renderFrameRate 60.0, defaultModeId 2, supportedModes [{id=1, width=720, height=1600, fps=60.0, alternativeRefreshRates=[90.0], supportedHdrTypes=[]}, {id=2, width=720, height=1600, fps=90.0, alternativeRefreshRates=[60.0], supportedHdrTypes=[]}], colorMode 0, supportedColorModes [0], hdrCapabilities HdrCapabilities{mSupportedHdrTypes=[], mMaxLuminance=500.0, mMaxAverageLuminance=500.0, mMinLuminance=0.0}, allmSupported false, gameContentTypeSupported false, density 320, 260.105 x 260.112 dpi, appVsyncOff 5400001, presDeadline 28600000, cutout DisplayCutout{insets=Rect(0, 68 - 0, 0) waterfall=Insets{left=0, top=0, right=0, bottom=0} boundingRect={Bounds=[Rect(0, 0 - 0, 0), Rect(320, 0 - 400, 68), Rect(0, 0 - 0, 0), Rect(0, 0 - 0, 0)]} cutoutPathParserInfo={CutoutPathParserInfo{displayWidth=720 displayHeight=1600 physicalDisplayWidth=720 physicalDisplayHeight=1600 density={2.0} cutoutSpec={M 0,0 H -40 V 68 H 40 V 0 H 0 Z} rotation={0} scale={1.0} physicalPixelDisplaySizeRatio={1.0}}}}, touch INTERNAL, rotation 0, type INTERNAL, address {port=0}, deviceProductInfo null, state ON, committedState ON, frameRateOverride , brightnessMinimum 0.0, brightnessMaximum 1.0, brightnessDefault 0.14956012, hdrSdrRatio NaN, roundedCorners RoundedCorners{[RoundedCorner{position=TopLeft, radius=66, center=Point(66, 66)}, RoundedCorner{position=TopRight, radius=66, center=Point(654, 66)}, RoundedCorner{position=BottomRight, radius=66, center=Point(654, 1534)}, RoundedCorner{position=BottomLeft, radius=66, center=Point(66, 1534)}]}, FLAG_ALLOWED_TO_BE_DEFAULT_DISPLAY, FLAG_ROTATES_WITH_CONTENT, FLAG_SECURE, FLAG_SUPPORTS_PROTECTED_BUFFERS, FLAG_TRUSTED, installOrientation 0, displayShape DisplayShape{ spec=2134893525 displayWidth=720 displayHeight=1600 physicalPixelDisplaySizeRatio=1.0 rotation=0 offsetX=0 offsetY=0 scale=1.0}}
07-13 09:24:46.271 E/ActivityManagerWrapper( 2470): getRecentTasks: size=9
07-13 09:24:46.272 E/ActivityManagerWrapper( 2470): getRecentTasks: mainTaskId=5362   userId=0   windowMode=1   baseIntent=Intent { act=null flag=268435456 cmp=ComponentInfo{com.skillsroom.mobile/com.skillsroom.mobile.MainActivity} }
07-13 09:24:46.272 E/ActivityManagerWrapper( 2470): getRecentTasks: mainTaskId=5341   userId=0   windowMode=1   baseIntent=Intent { act=android.intent.action.MAIN flag=270532608 cmp=ComponentInfo{com.whatsapp.w4b/com.whatsapp.Main} }
07-13 09:24:46.272 E/ActivityManagerWrapper( 2470): getRecentTasks: mainTaskId=5344   userId=0   windowMode=1   baseIntent=Intent { act=android.intent.action.MAIN flag=270532608 cmp=ComponentInfo{com.facebook.lite/com.facebook.lite.MainActivity} }
07-13 09:24:46.272 E/ActivityManagerWrapper( 2470): getRecentTasks: mainTaskId=5336   userId=0   windowMode=1   baseIntent=Intent { act=android.intent.action.MAIN flag=270532608 cmp=ComponentInfo{com.google.android.dialer/com.google.android.dialer.extensions.GoogleDialtactsActivity} }
07-13 09:24:46.272 E/ActivityManagerWrapper( 2470): getRecentTasks: mainTaskId=5335   userId=0   windowMode=1   baseIntent=Intent { act=android.intent.action.MAIN flag=270532608 cmp=ComponentInfo{com.shaiban.audioplayer.mplayer/com.shaiban.audioplayer.mplayer.app.navigation.NavigatingActivity} }
07-13 09:24:46.272 E/ActivityManagerWrapper( 2470): getRecentTasks: mainTaskId=5287   userId=0   windowMode=1   baseIntent=Intent { act=android.intent.action.MAIN flag=270532608 cmp=ComponentInfo{ng.mtn.nextgen/ng.mtn.nextgen.MainActivity} }
07-13 09:24:46.272 E/ActivityManagerWrapper( 2470): getRecentTasks: mainTaskId=5273   userId=0   windowMode=1   baseIntent=Intent { act=android.settings.APPLICATION_DEVELOPMENT_SETTINGS flag=268468224 cmp=ComponentInfo{com.android.settings/com.android.settings.Settings$DevelopmentSettingsDashboardActivity} }
07-13 09:24:46.272 E/ActivityManagerWrapper( 2470): getRecentTasks: mainTaskId=5246   userId=0   windowMode=1   baseIntent=Intent { act=android.intent.action.MAIN flag=270532608 cmp=ComponentInfo{cn.xender/cn.xender.ui.activity.SplashActivity} }
07-13 09:24:46.272 E/ActivityManagerWrapper( 2470): getRecentTasks: mainTaskId=5239   userId=0   windowMode=1   baseIntent=Intent { act=android.intent.action.MAIN flag=270532608 cmp=ComponentInfo{com.android.camera/com.android.camera.Camera} }
07-13 09:24:46.273 I/MessageMonitor(10986): Load libmiui_runtime
07-13 09:24:46.281 I/ActivityManager( 1813): Start proc 10999:com.google.process.gservices/u0a157 for content provider {com.google.android.gsf/com.google.android.gsf.gservices.GservicesProvider} caller=com.google.android.googlequicksearchbox
07-13 09:24:46.282 D/DisplayManagerService( 1813): Ignore redundant display event 0/2 to 10131/9604
07-13 09:24:46.282 V/AutoDensityController( 2459): on display changed 0 context dpi:296 origin dpi:320 target dpi:296
07-13 09:24:46.282 E/Zygote  (10999): process_name_ptr:10999 com.google.process.gservices
07-13 09:24:46.287 W/Launcher( 2470): onDisplayChanged: newRotation=0, mCurrentRotation=0
07-13 09:24:46.289 I/BtGatt.ScanManager(29492): msg.what = MSG_SCREEN_ON, msg.arg1 = None
07-13 09:24:46.290 D/C2MtkBufferManager( 1041): over 5000ms not request from VCodec but callback hooked, slow BM Cc fetch thread
07-13 09:24:46.298 I/ocess.gservices(10999): Using generational CollectorTypeCC GC.
07-13 09:24:46.298 D/ForceDarkAppConfigProvider( 1813): cloudConfigVersion: -1   localConfigVersion:20240119
07-13 09:24:46.298 D/SymlinkUtils( 1813): attachApplication file op go pass: 0 ms
07-13 09:24:46.298 I/UiModeManager( 1813): systemserver package:com.skillsroom.mobile null
07-13 09:24:46.299 I/SmartPower: com.milink.service/10203(10986)( 1813): died->background(1147ms) R(process start ) adj=-10000.
07-13 09:24:46.299 I/ForceDarkHelperStubImpl(10944): initialize for com.skillsroom.mobile , ForceDarkAppConfig: null
07-13 09:24:46.301 D/nativeloader(10944): Load libforcedarkimpl.so using system ns (caller=/system_ext/framework/miui-framework.jar): ok
07-13 09:24:46.302 D/OpenGLRenderer(10944): JNI_OnLoad success
07-13 09:24:46.302 I/MiuiForceDarkConfig(10944): setConfig density:2.000000, mainRule:0, secondaryRule:0, tertiaryRule:0
07-13 09:24:46.302 D/CompatibilityChangeReporter( 1813): Compat change id reported: 168419799; UID 10203; state: DISABLED
07-13 09:24:46.303 D/CompatibilityChangeReporter( 1813): Compat change id reported: 273564678; UID 10203; state: DISABLED
07-13 09:24:46.307 D/CompatibilityChangeReporter( 1813): Compat change id reported: 265195908; UID 10203; state: ENABLED
07-13 09:24:46.310 D/C2MtkBufferManager( 1041): over 5000ms not request from VCodec but callback hooked, slow BM Cc fetch thread
07-13 09:24:46.311 I/MiuiNetworkPolicy( 1813): updateUidState uid = 10203, uidState = 10
07-13 09:24:46.312 D/nativeloader(10999): Load libframework-connectivity-tiramisu-jni.so using APEX ns com_android_tethering for caller /apex/com.android.tethering/javalib/framework-connectivity-t.jar: ok
07-13 09:24:46.313 D/CompatibilityChangeReporter(10944): Compat change id reported: 183155436; UID 10210; state: ENABLED
07-13 09:24:46.316 D/CompatibilityChangeReporter(10986): Compat change id reported: 171979766; UID 10203; state: ENABLED
07-13 09:24:46.316 D/CompatibilityChangeReporter(10986): Compat change id reported: 242716250; UID 10203; state: DISABLED
07-13 09:24:46.318 I/bzac    (10924): (REDACTED) Dismissing old window %s
07-13 09:24:46.320 I/MessageMonitor(10999): Load libmiui_runtime
07-13 09:24:46.324 I/bzak    (10924): (REDACTED) onDestroy: isRecreating: %s
07-13 09:24:46.327 D/SymlinkUtils( 1813): attachApplication file op go pass: 0 ms
07-13 09:24:46.328 I/SmartPower: com.google.process.gservices/10157(10999)( 1813): died->background(938ms) R(process start ) adj=-10000.
07-13 09:24:46.330 D/C2MtkBufferManager( 1041): over 5000ms not request from VCodec but callback hooked, slow BM Cc fetch thread
07-13 09:24:46.332 D/CompatibilityChangeReporter( 1813): Compat change id reported: 170503758; UID 10203; state: ENABLED
07-13 09:24:46.332 D/CompatibilityChangeReporter( 1813): Compat change id reported: 168419799; UID 10157; state: DISABLED
07-13 09:24:46.332 D/CompatibilityChangeReporter( 1813): Compat change id reported: 273564678; UID 10157; state: DISABLED
07-13 09:24:46.332 W/FirebaseApp(10944): Default FirebaseApp failed to initialize because no default options were found. This usually means that com.google.gms:google-services was not applied to your gradle project.
07-13 09:24:46.332 I/FirebaseInitProvider(10944): FirebaseApp initialization unsuccessful
07-13 09:24:46.342 I/bzac    (10924): (REDACTED) Created new binder managed window %s
07-13 09:24:46.342 I/bzac    (10924): (REDACTED) WindowRefsActive: %d, TouchableWindowRefsActive: %b
07-13 09:24:46.342 I/bzak    (10924): (REDACTED) MinusoneConfigDbg windowAttached config=%s
07-13 09:24:46.342 I/bzak    (10924): (REDACTED) windowAttached start logFlowId=%s, configuration=%s, acetoneState=%s, overlayWindow=%s, fragmentHost=%s, binderManagedWindow=%s, params=%s
07-13 09:24:46.346 D/CompatibilityChangeReporter(10999): Compat change id reported: 171979766; UID 10157; state: ENABLED
07-13 09:24:46.346 D/CompatibilityChangeReporter(10999): Compat change id reported: 242716250; UID 10157; state: ENABLED
07-13 09:24:46.351 D/C2MtkBufferManager( 1041): over 5000ms not request from VCodec but callback hooked, slow BM Cc fetch thread
07-13 09:24:46.355 I/bzak    (10924): (REDACTED) onDestroy: isRecreating: %s
07-13 09:24:46.356 E/system_server( 1813): == MALI DEBUG ===eglp_winsys_populate_image_templates ==12288
07-13 09:24:46.356 I/bzak    (10924): (REDACTED) initWindow for %s with token %s
07-13 09:24:46.358 W/WindowOnBackDispatcher(10924): OnBackInvokedCallback is not enabled for the application.
07-13 09:24:46.358 W/WindowOnBackDispatcher(10924): Set 'android:enableOnBackInvokedCallback="true"' in the application manifest.
07-13 09:24:46.363 I/GED     ( 1813): ged_boost_gpu_freq, level 100, eOrigin 2, final_idx 31, oppidx_max 31, oppidx_min 0
07-13 09:24:46.371 D/C2MtkBufferManager( 1041): over 5000ms not request from VCodec but callback hooked, slow BM Cc fetch thread
07-13 09:24:46.381 D/nativeloader(10986): InitLlndkLibrariesProduct: libEGL.so:libGLESv1_CM.so:libGLESv2.so:libGLESv3.so:libRS.so:libandroid_net.so:libbinder_ndk.so:libc.so:libcgrouprc.so:libclang_rt.asan-aarch64-android.so:libclang_rt.asan-arm-android.so:libclang_rt.hwasan-aarch64-android.so:libcom.android.tethering.connectivity_native.so:libdl.so:libft2.so:liblog.so:libm.so:libmediandk.so:libnativewindow.so:libneuralnetworks.so:libselinux.so:libsync.so:libvndksupport.so:libvulkan.so
07-13 09:24:46.382 D/nativeloader(10986): Configuring product-clns-4 for unbundled product apk /product/app/MiLinkGlobal/MiLinkGlobal.apk. target_sdk_version=33, uses_libraries=, library_path=/product/app/MiLinkGlobal/lib/arm64:/product/app/MiLinkGlobal/MiLinkGlobal.apk!/lib/arm64-v8a:/product/lib64:/system/product/lib64, permitted_path=/data:/mnt/expand:/data/user/0/com.milink.service:/product/lib64:/system/product/lib64
07-13 09:24:46.385 D/nativeloader(10986): InitVndkspLibrariesProduct: android.hardware.common-V2-ndk.so:android.hardware.common.fmq-V1-ndk.so:android.hardware.graphics.allocator-V2-ndk.so:android.hardware.graphics.common-V4-ndk.so:android.hardware.graphics.common@1.0.so:android.hardware.graphics.common@1.1.so:android.hardware.graphics.common@1.2.so:android.hardware.graphics.composer3-V1-ndk.so:android.hardware.graphics.mapper@2.0.so:android.hardware.graphics.mapper@2.1.so:android.hardware.graphics.mapper@3.0.so:android.hardware.graphics.mapper@4.0.so:android.hardware.renderscript@1.0.so:android.hidl.memory.token@1.0.so:android.hidl.memory@1.0-impl.so:android.hidl.memory@1.0.so:android.hidl.safe_union@1.0.so:libRSCpuRef.so:libRSDriver.so:libRS_internal.so:libbase.so:libbcinfo.so:libblas.so:libc++.so:libcompiler_rt.so:libcutils.so:libdmabufheap.so:libgralloctypes.so:libhardware.so:libhidlbase.so:libhidlmemory.so:libion.so:libjsoncpp.so:liblzma.so:libprocessgroup.so:libunwindstack.so:libutils.so:libutilscallstack.so:libz.so
07-13 09:24:46.388 W/SoLoader(10944): Initializing SoLoader: 0
07-13 09:24:46.389 D/nativeloader(10999): Configuring clns-shared-4 for other apk /system/framework/org.apache.http.legacy.jar. target_sdk_version=34, uses_libraries=ALL, library_path=/system_ext/priv-app/GoogleServicesFramework/lib/arm64:/system_ext/priv-app/GoogleServicesFramework/GoogleServicesFramework.apk!/lib/arm64-v8a:/system/lib64:/system_ext/lib64, permitted_path=/data:/mnt/expand:/data/user/0/com.google.android.gsf:/system_ext/priv-app/GoogleServicesFramework:/system/lib64:/system_ext/lib64
07-13 09:24:46.389 D/nativeloader(10999): Extending system_exposed_libraries: libapuwareapusys.mtk.so:libapuwareapusys_v2.mtk.so:libapuwarexrp.mtk.so:libapuwarexrp_v2.mtk.so:libapuwareutils.mtk.so:libapuwareutils_v2.mtk.so:libapuwarehmp.mtk.so:libmcv_runtime_usdk.mtk.so:libneuron_graph_delegate.mtk.so:libneuronusdk_adapter.mtk.so:libtflite_mtk.mtk.so:libarmnn_ndk.mtk.so:libcmdl_ndk.mtk.so:libnir_neon_driver_ndk.mtk.so:libmvpu_runtime.mtk.so:libmvpu_runtime_pub.mtk.so:libmvpu_engine_pub.mtk.so:libmvpu_pattern_pub.mtk.so:libmvpuop_mtk_cv.mtk.so:libmvpuop_mtk_nn.mtk.so:libmvpu_runtime_25.mtk.so:libmvpu_runtime_25_pub.mtk.so:libmvpu_engine_25_pub.mtk.so:libmvpu_pattern_25_pub.mtk.so:libmvpuop25_mtk_cv.mtk.so:libmvpuop25_mtk_nn.mtk.so:libmvpu_config.mtk.so:libteeservice_client.trustonic.so:libmisys_jni.xiaomi.so
07-13 09:24:46.392 D/C2MtkBufferManager( 1041): over 5000ms not request from VCodec but callback hooked, slow BM Cc fetch thread
07-13 09:24:46.392 W/SoLoader(10944): Recording new base apk path: /data/app/~~YLnmsdzZwEre--bK2d7z9w==/com.skillsroom.mobile-f9Bv9at9m-3mkcSkMrJiDw==/base.apk
07-13 09:24:46.392 W/SoLoader(10944): Previously recorded 0 base apk paths.
07-13 09:24:46.395 I/SoLoader(10944): Preparing SO source: DirectorySoSource[root = /vendor/lib64 flags = 2]
07-13 09:24:46.395 I/SoLoader(10944): Preparing SO source: DirectorySoSource[root = /system/lib64 flags = 2]
07-13 09:24:46.395 I/SoLoader(10944): Preparing SO source: DirectApkSoSource[root = [/data/app/~~YLnmsdzZwEre--bK2d7z9w==/com.skillsroom.mobile-f9Bv9at9m-3mkcSkMrJiDw==/base.apk!/lib/arm64-v8a]]
07-13 09:24:46.397 D/CompatibilityChangeReporter(10924): Compat change id reported: 210923482; UID 10174; state: ENABLED
07-13 09:24:46.407 D/nativeloader(10999): Configuring clns-shared-5 for other apk /system_ext/priv-app/GoogleServicesFramework/GoogleServicesFramework.apk. target_sdk_version=34, uses_libraries=, library_path=/system_ext/priv-app/GoogleServicesFramework/lib/arm64:/system_ext/priv-app/GoogleServicesFramework/GoogleServicesFramework.apk!/lib/arm64-v8a:/system/lib64:/system_ext/lib64, permitted_path=/data:/mnt/expand:/data/user/0/com.google.android.gsf:/system_ext/priv-app/GoogleServicesFramework:/system/lib64:/system_ext/lib64
07-13 09:24:46.412 D/C2MtkBufferManager( 1041): over 5000ms not request from VCodec but callback hooked, slow BM Cc fetch thread
07-13 09:24:46.425 D/nativeloader(10986): Load libframework-connectivity-jni.so using APEX ns com_android_tethering for caller /apex/com.android.tethering/javalib/framework-connectivity.jar: ok
07-13 09:24:46.429 I/SurfaceFactory(10924): [static] sSurfaceFactory = com.mediatek.view.impl.SurfaceFactoryImpl@bad1fda
07-13 09:24:46.431 D/SurfaceFlinger( 1133): [SF client] NEW(0xb40000786c235880) for (10924:com.google.android.googlequicksearchbox:googleapp)
07-13 09:24:46.433 D/C2MtkBufferManager( 1041): over 5000ms not request from VCodec but callback hooked, slow BM Cc fetch thread
07-13 09:24:46.433 V/GraphicsEnvironment(10986): Currently set values for:
07-13 09:24:46.433 V/GraphicsEnvironment(10986):   angle_gl_driver_selection_pkgs=[]
07-13 09:24:46.433 V/GraphicsEnvironment(10986):   angle_gl_driver_selection_values=[]
07-13 09:24:46.434 V/GraphicsEnvironment(10986): ANGLE GameManagerService for com.milink.service: false
07-13 09:24:46.434 V/GraphicsEnvironment(10986): com.milink.service is not listed in per-application setting
07-13 09:24:46.434 V/GraphicsEnvironment(10986): Neither updatable production driver nor prerelease driver is supported.
07-13 09:24:46.435 D/CompatibilityChangeReporter(10924): Compat change id reported: 237531167; UID 10174; state: DISABLED
07-13 09:24:46.436 D/nativeloader(10999): Load libframework-connectivity-jni.so using APEX ns com_android_tethering for caller /apex/com.android.tethering/javalib/framework-connectivity.jar: ok
07-13 09:24:46.439 I/ForceDarkHelperStubImpl(10986): initialize for com.milink.service , ForceDarkOrigin
07-13 09:24:46.443 D/nativeloader(10986): Load libforcedarkimpl.so using system ns (caller=/system_ext/framework/miui-framework.jar): ok
07-13 09:24:46.443 D/OpenGLRenderer(10986): JNI_OnLoad success
07-13 09:24:46.443 I/MiuiForceDarkConfig(10986): setConfig density:2.000000, mainRule:0, secondaryRule:0, tertiaryRule:0
07-13 09:24:46.444 V/GraphicsEnvironment(10999): Currently set values for:
07-13 09:24:46.444 V/GraphicsEnvironment(10999):   angle_gl_driver_selection_pkgs=[]
07-13 09:24:46.444 V/GraphicsEnvironment(10999):   angle_gl_driver_selection_values=[]
07-13 09:24:46.444 V/GraphicsEnvironment(10999): ANGLE GameManagerService for com.google.android.gsf: false
07-13 09:24:46.444 V/GraphicsEnvironment(10999): com.google.android.gsf is not listed in per-application setting
07-13 09:24:46.444 V/GraphicsEnvironment(10999): Neither updatable production driver nor prerelease driver is supported.
07-13 09:24:46.446 D/FramePredict(10924): FramePredict init: true
07-13 09:24:46.447 D/FramePredict(10924): init success
07-13 09:24:46.448 I/ForceDarkHelperStubImpl(10999): initialize for com.google.android.gsf , ForceDarkOrigin
07-13 09:24:46.449 W/ActivityManager( 1813): Permission Denial: getCurrentUser() from pid=10924, uid=10174 requires android.permission.INTERACT_ACROSS_USERS
07-13 09:24:46.451 W/OpenGLRenderer(10924): Unknown dataspace 0
07-13 09:24:46.452 D/nativeloader(10999): Load libforcedarkimpl.so using system ns (caller=/system_ext/framework/miui-framework.jar): ok
07-13 09:24:46.452 D/OpenGLRenderer(10999): JNI_OnLoad success
07-13 09:24:46.453 D/C2MtkBufferManager( 1041): over 5000ms not request from VCodec but callback hooked, slow BM Cc fetch thread
07-13 09:24:46.454 I/MiuiForceDarkConfig(10999): setConfig density:2.000000, mainRule:0, secondaryRule:0, tertiaryRule:0
07-13 09:24:46.466 E/FramePredict(10924): registerContentObserver fail
07-13 09:24:46.473 W/miuix-app-comp(10986): enableComponentArch true, com.milink.service
07-13 09:24:46.474 I/GservicesProvider(10999): Gservices pushing to system: true; secure/global: true
07-13 09:24:46.474 D/C2MtkBufferManager( 1041): over 5000ms not request from VCodec but callback hooked, slow BM Cc fetch thread
07-13 09:24:46.475 W/libc    (10924): Access denied finding property "ro.vendor.display.iris_x7.support"
07-13 09:24:46.477 I/ClipboardServiceI( 1813): checkProviderWakePathForClipboard: primaryClip is null
07-13 09:24:46.481 D/VRI[GoogleDiscoverWindow](10924): hardware acceleration = true, forceHwAccelerated = false
07-13 09:24:46.488 D/ActivityManager( 1813): getProcessesInErrorState callingUid=10288, CallingPid=19459
07-13 09:24:46.490 D/SurfaceFlinger( 1133): [SF client] NEW(0xb40000786c236a80) for (1813:system_server)
07-13 09:24:46.493 E/BufferQueueDebug( 1133): [bbd4750 GoogleDiscoverWindow#78296](this:0xb400007855b69a30,id:-1,api:0,p:-1,c:-1) id info cannot be read from 'bbd4750 GoogleDiscoverWindow#78296'
07-13 09:24:46.493 I/BufferQueueDebug( 1133): [bbd4750 GoogleDiscoverWindow#78296](this:0xb400007855b69a30,id:-1,api:0,p:-1,c:-1) BufferQueue core=(1133:/system/bin/surfaceflinger)
07-13 09:24:46.494 D/ActivityManager( 1813): getProcessesInErrorState callingUid=10279, CallingPid=443
07-13 09:24:46.494 D/C2MtkBufferManager( 1041): over 5000ms not request from VCodec but callback hooked, slow BM Cc fetch thread
07-13 09:24:46.502 W/ActivityManager( 1813): Unable to start service Intent { act=com.google.android.gms.gservices.START pkg=com.google.android.gms } U=0: not found
07-13 09:24:46.502 W/ActivityManager( 1813): Unbind failed: could not find connection for android.os.BinderProxy@646536f
07-13 09:24:46.503 I/SoLoader(10944): Preparing SO source: ApplicationSoSource[DirectorySoSource[root = /data/app/~~YLnmsdzZwEre--bK2d7z9w==/com.skillsroom.mobile-f9Bv9at9m-3mkcSkMrJiDw==/lib/arm64 flags = 0]]
07-13 09:24:46.503 I/SoLoader(10944): init finish: 4 SO sources prepared
07-13 09:24:46.503 E/GmsClient(10999): unable to connect to service: com.google.android.gms.gservices.START on com.google.android.gms
07-13 09:24:46.503 W/SoLoader(10944): SoLoader initialized: 8
07-13 09:24:46.504 W/ComponentDiscovery(10986): Class com.google.firebase.dynamicloading.DynamicLoadingRegistrar is not an found.
07-13 09:24:46.511 D/CompatibilityChangeReporter(10986): Compat change id reported: 183155436; UID 10203; state: ENABLED
07-13 09:24:46.511 I/FirebaseApp(10986): Device unlocked: initializing all Firebase APIs for app [DEFAULT]
07-13 09:24:46.513 D/libMEOW (10924): meow new tls: 0xb400007c972a8e00
07-13 09:24:46.514 D/C2MtkBufferManager( 1041): over 5000ms not request from VCodec but callback hooked, slow BM Cc fetch thread
07-13 09:24:46.519 D/libMEOW (10924): meow reload base cfg path: na
07-13 09:24:46.519 D/libMEOW (10924): meow reload overlay cfg path: na
07-13 09:24:46.515 W/chbox:googleapp(10924): type=1400 audit(0.0:608614): avc:  denied  { search } for  name="mcd" dev="dm-48" ino=505 scontext=u:r:priv_app:s0:c512,c768 tcontext=u:object_r:mcd_data_file:s0 tclass=dir permissive=0 app=com.android.camera
07-13 09:24:46.521 I/FirebaseInitProvider(10986): FirebaseApp initialization successful
07-13 09:24:46.528 I/ClipboardServiceI( 1813): checkProviderWakePathForClipboard: primaryClip is null
07-13 09:24:46.530 I/ActivityManager( 1813): Flag disabled. Ignoring finishAttachApplication from uid: 10157. pid: 10999
07-13 09:24:46.532 I/IDM-CPPSDK-StartupInit(10986): create: PID =10986
07-13 09:24:46.533 I/IDM-CPPSDK-StartupInit(10986): create: TID =10986
07-13 09:24:46.535 D/C2MtkBufferManager( 1041): over 5000ms not request from VCodec but callback hooked, slow BM Cc fetch thread
07-13 09:24:46.538 W/.milink.service(10986): Unsupported class loader: java.lang.Class<com.google.android.gms.dynamite.h>
07-13 09:24:46.539 W/chbox:googleapp(10924): type=1400 audit(0.0:608615): avc:  denied  { search } for  name="mcd" dev="dm-48" ino=505 scontext=u:r:priv_app:s0:c512,c768 tcontext=u:object_r:mcd_data_file:s0 tclass=dir permissive=0 app=com.android.camera
07-13 09:24:46.544 W/.milink.service(10986): Unsupported class loader: java.lang.Class<com.google.android.gms.dynamite.h>
07-13 09:24:46.544 W/.milink.service(10986): Unsupported class loader: java.lang.Class<com.google.android.gms.dynamite.h>
07-13 09:24:46.546 E/QT      (10924): [QT]file does not exist
07-13 09:24:46.543 W/chbox:googleapp(10924): type=1400 audit(0.0:608616): avc:  denied  { search } for  name="mcd" dev="dm-48" ino=505 scontext=u:r:priv_app:s0:c512,c768 tcontext=u:object_r:mcd_data_file:s0 tclass=dir permissive=0 app=com.android.camera
07-13 09:24:46.547 D/AutoDensity(10986): autodensity debugEnable = 
07-13 09:24:46.548 D/libMEOW (10924): applied 1 plugins for [com.google.android.googlequicksearchbox:googleapp]:
07-13 09:24:46.548 D/libMEOW (10924):   plugin 1: [libMEOW_gift.so]: 0xb400007d126c2dc0
07-13 09:24:46.550 D/libMEOW (10924): rebuild call chain: 0xb400007c972b7900
07-13 09:24:46.553 I/DynamiteModule(10986): Considering local module com.google.android.gms.measurement.dynamite:46 and remote module com.google.android.gms.measurement.dynamite:196
07-13 09:24:46.553 I/DynamiteModule(10986): Selected remote version of com.google.android.gms.measurement.dynamite, version >= 196
07-13 09:24:46.554 V/DynamiteModule(10986): Dynamite loader version >= 2, using loadModule2NoCrashUtils
07-13 09:24:46.554 I/dbgk    (10924): (REDACTED) Device Compliance Fetch time taken = %sms
07-13 09:24:46.554 I/dbgk    (10924): Device is compliant!
07-13 09:24:46.555 D/C2MtkBufferManager( 1041): over 5000ms not request from VCodec but callback hooked, slow BM Cc fetch thread
07-13 09:24:46.555 I/ClipboardServiceI( 1813): checkProviderWakePathForClipboard: primaryClip is null
07-13 09:24:46.558 I/dbgk    (10924): Invoking "compliant" action...
07-13 09:24:46.562 I/ML::MiLinkApplication(10986): com.milink.service:10986 onCreate
07-13 09:24:46.565 I/MiPlayQuickCpuInfo(10986): mtk cpu is MT6769V/CZ
07-13 09:24:46.565 I/MiPlayQuickCpuInfo(10986): getCpuName=MT6769V/CZ
07-13 09:24:46.565 I/MiPlayQuickCpuInfo(10986): cpuinfo MT6769V/CZ
07-13 09:24:46.565 D/MiPlayQuickStat(10986): stat event : 4
07-13 09:24:46.565 I/ML::MiuiSdk(10986): get vendor: 
07-13 09:24:46.565 I/ML::SystemProperty(10986): SystemProperties.getInt ro.miui.ui.version.code=816
07-13 09:24:46.565 I/ML::MiuiSdk(10986): MiuiVersionCode: 816
07-13 09:24:46.567 I/ML::PrivacyUtils(10986): get user experience: 1
07-13 09:24:46.569 I/ML::PrivacyUtils(10986): get setting privacy: 1
07-13 09:24:46.569 D/CompatibilityChangeReporter( 1813): Compat change id reported: 161145287; UID 10203; state: DISABLED
07-13 09:24:46.571 I/ML::FirebaseImpl(10986): cn&global stat condition: mainSpace=true, monkey=false
07-13 09:24:46.575 D/C2MtkBufferManager( 1041): over 5000ms not request from VCodec but callback hooked, slow BM Cc fetch thread
07-13 09:24:46.576 I/ML::FirebaseImpl(10986): global stat condition: local=false, remote=false, experience=true, setting=true
07-13 09:24:46.576 I/ML::FirebaseImpl(10986): Firebase init ignore
07-13 09:24:46.579 W/System  (10986): ClassLoader referenced unknown path: 
07-13 09:24:46.582 D/nativeloader(10986): Configuring clns-5 for other apk . target_sdk_version=37, uses_libraries=, library_path=/data/app/~~cSclh6TyXFYukZNDYnHngw==/com.google.android.gms-ljlvoSCsNNYZN8qp-8KPsw==/lib/arm64:/data/app/~~cSclh6TyXFYukZNDYnHngw==/com.google.android.gms-ljlvoSCsNNYZN8qp-8KPsw==/base.apk!/lib/arm64-v8a, permitted_path=/data:/mnt/expand:/data/user/0/com.google.android.gms
07-13 09:24:46.584 D/NetworkController.MobileSignalController(1)( 2459): notifyListeners: mFeatureRelayData=false
07-13 09:24:46.590 I/ML-DP   (10986): 12.5.0.2-12050002/castGlobalrelease/2969683/1/12/24, 10:37:23 AM
07-13 09:24:46.590 I/ML-DP   (10986): release-keys:true:10203:10986
07-13 09:24:46.591 I/ML::MiLinkApplication(10986): privacy operate: agree=0, agreeReport=0, revoke=0, revokeReport=0
07-13 09:24:46.594 I/ActivityManager( 1813): Flag disabled. Ignoring finishAttachApplication from uid: 10203. pid: 10986
07-13 09:24:46.596 D/C2MtkBufferManager( 1041): over 5000ms not request from VCodec but callback hooked, slow BM Cc fetch thread
07-13 09:24:46.599 I/ML::MirrorCastManager(10986): observe mirrorCastState
07-13 09:24:46.604 I/ML::MiLinkTileService(10986): onCreate
07-13 09:24:46.606 I/gralloc4( 2459): @set_metadata: update dataspace from GM (0x00000000 -> 0x08010000)
07-13 09:24:46.609 D/CompatibilityChangeReporter( 1813): Compat change id reported: 261072174; UID 10203; state: DISABLED
07-13 09:24:46.609 E/vold    (  491): Failed to find mounted volume for /storage/0669-140F/Android/data/com.milink.service/files/
07-13 09:24:46.610 W/ContextImpl(10986): Failed to ensure /storage/0669-140F/Android/data/com.milink.service/files: android.os.ServiceSpecificException:  (code -22)
07-13 09:24:46.612 I/bzak    (10924): (REDACTED) windowAttached completed window=%s fragmentHost=%s
07-13 09:24:46.613 I/BufferQueueProducer( 1133): [StatusBar#98](this:0xb400007865c71a30,id:-1,api:0,p:-1,c:1133) queueBuffer: fps=1.02 dur=1970.26 max=993.45 min=976.82
07-13 09:24:46.613 D/nativeloader(10924): Load /data/app/~~Z-HmI1stqjfbfkWhJgGGiQ==/com.google.android.googlequicksearchbox-QHCqd3nTI1c_r9Njs0kq1w==/base.apk!/lib/arm64-v8a/libmappedcountercacheversionjni.so using class loader ns clns-5 (caller=/data/app/~~Z-HmI1stqjfbfkWhJgGGiQ==/com.google.android.googlequicksearchbox-QHCqd3nTI1c_r9Njs0kq1w==/base.apk!classes2.dex): ok
07-13 09:24:46.616 D/Launcher( 2470): LauncherOverlayCallbacksImpl_onScrollChanged:0.0
07-13 09:24:46.616 D/C2MtkBufferManager( 1041): over 5000ms not request from VCodec but callback hooked, slow BM Cc fetch thread
07-13 09:24:46.617 E/BranchAllAppsIndicator( 2470): changedByBranch: callBack = null
07-13 09:24:46.611 W/sensors@2.0-ser( 1046): type=1400 audit(0.0:608617): avc:  denied  { read } for  name="current_now" dev="sysfs" ino=36938 scontext=u:r:mtk_hal_sensors:s0 tcontext=u:object_r:sysfs_usb_supply:s0 tclass=file permissive=0
07-13 09:24:46.622 I/ML::MiLinkServerService(10986): MiLinkServerService remove all scan
07-13 09:24:46.623 I/M-ProMotion(10924): M-ProMotion is disabled
07-13 09:24:46.623 I/ML::ProtocolManager(10986): support miplay: false
07-13 09:24:46.625 I/ML::MiLinkServerService(10986): updateSystemProjectionBlackList
07-13 09:24:46.626 D/ML::MiLinkServerService(10986): MiLinkServerService onBind
07-13 09:24:46.629 I/MiuiNetworkPolicy( 1813): updateUidState uid = 10203, uidState = 19
07-13 09:24:46.633 I/ML::MiLinkTileService(10986): onServiceConnected
07-13 09:24:46.636 D/C2MtkBufferManager( 1041): over 5000ms not request from VCodec but callback hooked, slow BM Cc fetch thread
07-13 09:24:46.643 D/WindowManager( 1813): Update screen project privacy blacklist
07-13 09:24:46.644 D/CoreBackPreview( 1813): Window{bbd4750 u0 GoogleDiscoverWindow}: Setting back callback OnBackInvokedCallbackInfo{mCallback=android.window.IOnBackInvokedCallback$Stub$Proxy@f12354f, mPriority=0, mIsAnimationCallback=false}
07-13 09:24:46.647 E/BufferQueueDebug( 1133): [GoogleDiscoverWindow#78297](this:0xb400007855b6ca30,id:-1,api:0,p:-1,c:-1) id info cannot be read from 'GoogleDiscoverWindow#78297'
07-13 09:24:46.647 I/BufferQueueDebug( 1133): [GoogleDiscoverWindow#78297](this:0xb400007855b6ca30,id:-1,api:0,p:-1,c:-1) BufferQueue core=(1133:/system/bin/surfaceflinger)
07-13 09:24:46.651 D/nativeloader(10944): Load /data/app/~~YLnmsdzZwEre--bK2d7z9w==/com.skillsroom.mobile-f9Bv9at9m-3mkcSkMrJiDw==/base.apk!/lib/arm64-v8a/libc++_shared.so using class loader ns clns-4 (caller=/data/app/~~YLnmsdzZwEre--bK2d7z9w==/com.skillsroom.mobile-f9Bv9at9m-3mkcSkMrJiDw==/base.apk!classes20.dex): ok
07-13 09:24:46.656 D/C2MtkBufferManager( 1041): over 5000ms not request from VCodec but callback hooked, slow BM Cc fetch thread
07-13 09:24:46.658 D/BufferQueueConsumer(10924): [](id:2aac00000000,api:0,p:-1,c:10924) connect: controlledByApp=false
07-13 09:24:46.672 D/libMEOW (10924): meow new tls: 0xb400007c972dd300
07-13 09:24:46.672 D/libMEOW (10924): applied 1 plugins for [com.google.android.googlequicksearchbox:googleapp]:
07-13 09:24:46.672 D/libMEOW (10924):   plugin 1: [libMEOW_gift.so]: 0xb400007d126c2dc0
07-13 09:24:46.673 D/libMEOW (10924): rebuild call chain: 0xb400007c972ece40
07-13 09:24:46.674 D/VRI[GoogleDiscoverWindow](10924): vri.reportNextDraw android.view.ViewRootImpl.performTraversals:4402 android.view.ViewRootImpl.doTraversal:3018 android.view.ViewRootImpl$TraversalRunnable.run:10526 android.view.Choreographer$CallbackRecord.run:1682 android.view.Choreographer$CallbackRecord.run:1691 
07-13 09:24:46.675 D/VRI[GoogleDiscoverWindow](10924): vri.Setup new sync=wmsSync-VRI[GoogleDiscoverWindow]#0
07-13 09:24:46.677 D/C2MtkBufferManager( 1041): over 5000ms not request from VCodec but callback hooked, slow BM Cc fetch thread
07-13 09:24:46.697 D/C2MtkBufferManager( 1041): over 5000ms not request from VCodec but callback hooked, slow BM Cc fetch thread
07-13 09:24:46.716 I/hwservicemanager(  477): getTransport: Cannot find entry android.hardware.configstore@1.0::ISurfaceFlingerConfigs/default in either framework or device VINTF manifest.
07-13 09:24:46.717 D/StatusBarController( 2470): handleMessage: flag 800000  disable false
07-13 09:24:46.717 D/Launcher_WallpaperUtils( 2470): changeStatusBarMode:false
07-13 09:24:46.718 D/C2MtkBufferManager( 1041): over 5000ms not request from VCodec but callback hooked, slow BM Cc fetch thread
07-13 09:24:46.719 E/OpenGLRenderer(10924): Device claims wide gamut support, cannot find matching config, error = EGL_SUCCESS
07-13 09:24:46.719 W/OpenGLRenderer(10924): Failed to initialize 101010-2 format, error = EGL_SUCCESS
07-13 09:24:46.725 D/nativeloader(10944): Load /data/app/~~YLnmsdzZwEre--bK2d7z9w==/com.skillsroom.mobile-f9Bv9at9m-3mkcSkMrJiDw==/base.apk!/lib/arm64-v8a/libjsi.so using class loader ns clns-4 (caller=/data/app/~~YLnmsdzZwEre--bK2d7z9w==/com.skillsroom.mobile-f9Bv9at9m-3mkcSkMrJiDw==/base.apk!classes20.dex): ok
07-13 09:24:46.738 D/C2MtkBufferManager( 1041): over 5000ms not request from VCodec but callback hooked, slow BM Cc fetch thread
07-13 09:24:46.744 W/libc    (10924): Access denied finding property "vendor.migl.debug"
07-13 09:24:46.745 E/libMiGL (10924): libmigl:This GPU version is note support Variable Shading Rate
07-13 09:24:46.751 E/libEGL  (10924): pre_cache appList: ,,
07-13 09:24:46.758 D/C2MtkBufferManager( 1041): over 5000ms not request from VCodec but callback hooked, slow BM Cc fetch thread
07-13 09:24:46.772 D/MI-SF   ( 1133): debug.config.media.video.dolby_vision_suports == false
07-13 09:24:46.772 D/MI-SF   ( 1133): debug.config.media.video.dolby_vision_suports == false
07-13 09:24:46.772 D/MI-SF   ( 1133): debug.config.media.video.dolby_vision_suports == false
07-13 09:24:46.772 E/HWComposer( 1133): getSupportedContentTypes: getSupportedContentTypes failed for display 0: Unsupported (8)
07-13 09:24:46.774 E/OpenGLRenderer(10924): Unable to match the desired swap behavior.
07-13 09:24:46.779 D/C2MtkBufferManager( 1041): over 5000ms not request from VCodec but callback hooked, slow BM Cc fetch thread
07-13 09:24:46.779 D/OpenGLRenderer(10924): makeCurrent grContext:0xb400007d12d88fa0 reset mTextureAvailable
07-13 09:24:46.784 D/chbox:googleapp(10924): MiuiProcessManagerServiceStub setSchedFifo
07-13 09:24:46.785 I/MiuiProcessManagerImpl(10924): setSchedFifo pid:10924, mode:3
07-13 09:24:46.785 D/ProcessManager( 1813): beginSchedThreads is not Enabled
07-13 09:24:46.789 W/libc    (10924): Access denied finding property "ro.vendor.magt.mtk_magt_support"
07-13 09:24:46.789 I/libPerfCtl( 1059): xgfGetFPS pid:2459 fps:-1
07-13 09:24:46.789 D/MAGT_SYNC_FRAME(10924): MAGT Sync: MAGT is not supported. Disabling Sync.
07-13 09:24:46.789 I/libPerfCtl( 1059): xgfGetFPS pid:2470 fps:-1
07-13 09:24:46.789 I/libPerfCtl( 1059): xgfGetFPS pid:4463 fps:-1
07-13 09:24:46.789 I/libPerfCtl( 1059): xgfGetFPS pid:8388 fps:-1
07-13 09:24:46.792 D/nativeloader(10944): Load /data/app/~~YLnmsdzZwEre--bK2d7z9w==/com.skillsroom.mobile-f9Bv9at9m-3mkcSkMrJiDw==/base.apk!/lib/arm64-v8a/libfbjni.so using class loader ns clns-4 (caller=/data/app/~~YLnmsdzZwEre--bK2d7z9w==/com.skillsroom.mobile-f9Bv9at9m-3mkcSkMrJiDw==/base.apk!classes20.dex): ok
07-13 09:24:46.799 D/C2MtkBufferManager( 1041): over 5000ms not request from VCodec but callback hooked, slow BM Cc fetch thread
07-13 09:24:46.814 D/hw-ProcessState(10924): Binder ioctl to enable oneway spam detection failed: Invalid argument
07-13 09:24:46.820 D/C2MtkBufferManager( 1041): over 5000ms not request from VCodec but callback hooked, slow BM Cc fetch thread
07-13 09:24:46.822 W/libc    (10924): Access denied finding property "ro.vendor.display.iris_x7.support"
07-13 09:24:46.822 W/Settings( 2457): Setting airplane_mode_on has moved from android.provider.Settings.System to android.provider.Settings.Global, returning read-only value.
07-13 09:24:46.829 D/MobileStatusTracker(1)( 2459): onSignalStrengthsChanged signalStrength=SignalStrength:{mCdma=CellSignalStrengthCdma: cdmaDbm=2147483647 cdmaEcio=2147483647 evdoDbm=2147483647 evdoEcio=2147483647 evdoSnr=2147483647 miuiLevel=0 mOptimizedLevel=0 level=0,mGsm=CellSignalStrengthGsm: rssi=2147483647 ber=2147483647 mTa=2147483647 miuiLevel=0 isNtnMode=false mLevel=0,mWcdma=CellSignalStrengthWcdma: ss=2147483647 ber=2147483647 rscp=2147483647 ecno=2147483647 miuiLevel=0 mOptimizedLevel=0 level=0,mTdscdma=CellSignalStrengthTdscdma: rssi=2147483647 ber=2147483647 rscp=2147483647 miuiLevel=0 mOptimizedLevel=0 level=0,mLte=CellSignalStrengthLte: rssi=-95 rsrp=-104 rsrq=-10 rssnr=7 cqiTableIndex=2147483647 cqi=0 ta=0 miuiLevel=4 mOptimizedLevel=0 level=3 parametersUseForLevel=0,mNr=CellSignalStrengthNr:{ csiRsrp = 2147483647 csiRsrq = 2147483647 csiCqiTableIndex = 2147483647 csiCqiReport = [] ssRsrp = 2147483647 ssRsrq = 2147483647 ssSinr = 2147483647 miuiLevel = 0 mOptimizedLevel = 0 level = 0 parametersUseForLevel = 0 timingAdvance = 2147483647 },primary=CellSignalStrengthLte,mNrAsPrimaryInNrNsa=false}
07-13 09:24:46.829 D/NetworkController.MobileSignalController(1)( 2459): update5GConnectState: false
07-13 09:24:46.829 D/NetworkController.MobileSignalController(1)( 2459): ss use aosp level not 0, 4
07-13 09:24:46.834 E/LB      (10924): fail to open file: Permission denied
07-13 09:24:46.827 W/RenderThread(10924): type=1400 audit(0.0:608618): avc:  denied  { search } for  name="migt" dev="dm-48" ino=507 scontext=u:r:priv_app:s0:c512,c768 tcontext=u:object_r:migt_file:s0 tclass=dir permissive=0 app=com.android.camera
07-13 09:24:46.835 E/LB      (10924): fail to open node: No such file or directory
07-13 09:24:46.835 W/libc    (10924): Access denied finding property "ro.vendor.display.iris_x7.support"
07-13 09:24:46.836 D/BLASTBufferQueue(10924): [VRI[GoogleDiscoverWindow]#0](f:0,a:1) acquireNextBufferLocked size=720x1600 mFrameNumber=1 applyTransaction=true mTimestamp=623590216879398(auto) mPendingTransactions.size=0 graphicBufferId=46918222741504 transform=0
07-13 09:24:46.837 E/surfaceflinger( 1133): == MALI DEBUG ===eglp_winsys_populate_image_templates ==12288
07-13 09:24:46.838 D/VRI[GoogleDiscoverWindow](10924): vri.reportDrawFinished
07-13 09:24:46.839 W/WindowManager( 1813): finishDrawingWindow: Window{bbd4750 u0 GoogleDiscoverWindow} mDrawState=DRAW_PENDING
07-13 09:24:46.839 D/WindowManager( 1813): wms.finishDrawingLocked: mDrawState=COMMIT_DRAW_PENDING Window{bbd4750 u0 GoogleDiscoverWindow} in Surface(name=GoogleDiscoverWindow#78297)/@0x59cdcba
07-13 09:24:46.840 D/C2MtkBufferManager( 1041): over 5000ms not request from VCodec but callback hooked, slow BM Cc fetch thread
07-13 09:24:46.847 I/gralloc4( 1133): @set_metadata: update dataspace from GM (0x08010000 -> 0x00000000)
07-13 09:24:46.860 D/C2MtkBufferManager( 1041): over 5000ms not request from VCodec but callback hooked, slow BM Cc fetch thread
07-13 09:24:46.862 D/nativeloader(10944): Load /data/app/~~YLnmsdzZwEre--bK2d7z9w==/com.skillsroom.mobile-f9Bv9at9m-3mkcSkMrJiDw==/base.apk!/lib/arm64-v8a/libreactnative.so using class loader ns clns-4 (caller=/data/app/~~YLnmsdzZwEre--bK2d7z9w==/com.skillsroom.mobile-f9Bv9at9m-3mkcSkMrJiDw==/base.apk!classes20.dex): ok
07-13 09:24:46.863 D/jni_lib_merge(10944): Entering merged library JNI_OnLoad.
07-13 09:24:46.863 D/jni_lib_merge(10944): Preparing 12 pre-merged libs (including stub)
07-13 09:24:46.863 D/jni_lib_merge(10944): Preparing to register libfabricjni_so.  onload_func: 0x7cb59bbf38
07-13 09:24:46.863 D/jni_lib_merge(10944): Preparing to register libreact_devsupportjni_so.  onload_func: 0x7cb5bc481c
07-13 09:24:46.863 D/jni_lib_merge(10944): Preparing to register libreact_featureflagsjni_so.  onload_func: 0x7cb5bd6b7c
07-13 09:24:46.863 D/jni_lib_merge(10944): Preparing to register libreact_newarchdefaults_so.  onload_func: 0x7cb5c7bf24
07-13 09:24:46.863 D/jni_lib_merge(10944): Preparing to register libreactnativeblob_so.  onload_func: 0x7cb5e8e088
07-13 09:24:46.863 D/jni_lib_merge(10944): Preparing to register libreactnativejni_so.  onload_func: 0x7cb5ed0ffc
07-13 09:24:46.863 D/jni_lib_merge(10944): Preparing to register libreactnativejni_common_so.  onload_func: 0x7cb5ee19f0
07-13 09:24:46.863 D/jni_lib_merge(10944): Preparing to register librninstance_so.  onload_func: 0x7cb5f2062c
07-13 09:24:46.863 D/jni_lib_merge(10944): Preparing to register libturbomodulejsijni_so.  onload_func: 0x7cb607d734
07-13 09:24:46.863 D/jni_lib_merge(10944): Preparing to register libuimanagerjni_so.  onload_func: 0x7cb60966e8
07-13 09:24:46.863 D/jni_lib_merge(10944): Preparing to register libyoga_so.  onload_func: 0x7cb60a616c
07-13 09:24:46.863 D/jni_lib_merge(10944): About to register 11 actual methods.
07-13 09:24:46.881 D/C2MtkBufferManager( 1041): over 5000ms not request from VCodec but callback hooked, slow BM Cc fetch thread
07-13 09:24:46.901 D/C2MtkBufferManager( 1041): over 5000ms not request from VCodec but callback hooked, slow BM Cc fetch thread
