--------- beginning of main
07-13 08:59:41.506 D/C2MtkBufferManager( 1041): over 5000ms not request from VCodec but callback hooked, slow BM Cc fetch thread
07-13 08:59:41.527 D/C2MtkBufferManager( 1041): over 5000ms not request from VCodec but callback hooked, slow BM Cc fetch thread
07-13 08:59:41.541 I/adbd    (21521): adbd service requested 'shell,v2,raw:am force-stop com.skillsroom.mobile'
07-13 08:59:41.547 D/C2MtkBufferManager( 1041): over 5000ms not request from VCodec but callback hooked, slow BM Cc fetch thread
07-13 08:59:41.568 D/C2MtkBufferManager( 1041): over 5000ms not request from VCodec but callback hooked, slow BM Cc fetch thread
07-13 08:59:41.588 D/C2MtkBufferManager( 1041): over 5000ms not request from VCodec but callback hooked, slow BM Cc fetch thread
--------- beginning of system
07-13 08:59:41.593 I/ActivityManager( 1813): Force stopping com.skillsroom.mobile appid=10210 user=0: from process:20517
07-13 08:59:41.609 D/C2MtkBufferManager( 1041): over 5000ms not request from VCodec but callback hooked, slow BM Cc fetch thread
07-13 08:59:41.611 E/ActivityManager( 1813): Unable to freeze binder for 19236: java.lang.RuntimeException: Unable to freeze/unfreeze binder
07-13 08:59:41.611 W/libprocessgroup( 1813): Failed to apply Frozen process profile: Invalid argument
07-13 08:59:41.617 D/UidObserver( 7233): onUidGone entry uid = 10210
07-13 08:59:41.618 I/MiuiNetworkPolicy( 1813): removeUidState uid = 10210
07-13 08:59:41.624 I/ActivityManager( 1813): Killing 19236:com.skillsroom.mobile/u0a210 (adj 0): stop com.skillsroom.mobile due to from process:20517
07-13 08:59:41.626 E/ProcessManager( 1813): error write exception log
07-13 08:59:41.630 D/C2MtkBufferManager( 1041): over 5000ms not request from VCodec but callback hooked, slow BM Cc fetch thread
07-13 08:59:41.628 I/Accelerometer( 1046): enable: handle:0, en:0
07-13 08:59:41.635 D/DisplayManagerService( 1813): Drop pending events for gone uid 10210
07-13 08:59:41.641 W/MiPicks-ProcessObserverV10(21977): onProcessDied:pid = 19236,died-uid=10210
07-13 08:59:41.641 I/IPCThreadState( 4459): oneway function results for code 3 on binder at 0xb400007cb4ffdc20 will be dropped but finished with status UNKNOWN_TRANSACTION
07-13 08:59:41.642 D/ULogGuard( 1314): Monitoring: 16 threads, 0 requests, 0 time-bombs; 2 guards. ResetFlags = 0x7
07-13 08:59:41.645 I/mtkpower_client( 1813): [Legacy][PowerHal_Wrap_notifyAppState] com.skillsroom.mobile/com.skillsroom.mobile pid=19236 state:3
07-13 08:59:41.651 D/C2MtkBufferManager( 1041): over 5000ms not request from VCodec but callback hooked, slow BM Cc fetch thread
07-13 08:59:41.652 W/ActivityTaskManager( 1813): Force removing ActivityRecord{39213cd u0 com.skillsroom.mobile/.MainActivity t5358 f}}: app died, no saved state
07-13 08:59:41.653 D/WindowManager( 1813): Requesting StartTransition: TransitionRecord{dccccec id=6363 type=CLOSE flags=0x0}
07-13 08:59:41.653 I/libPowerHal( 1059): [perfNotifyAppState] pack:com.skillsroom.mobile, act:com.skillsroom.mobile, state:3, pid:19236, uid:10210, fps:-1
07-13 08:59:41.653 I/libPowerHal( 1059): [perfNotifyAppState] pack:com.skillsroom.mobile, pid:19236, STATE_DEAD
07-13 08:59:41.653 D/RilUtility( 1059): notify_rild_crash_pid_set certPid:-1, crash:19236, scn:0x0
07-13 08:59:41.655 D/WindowManager( 1813): Collecting in transition 6363: Task{eefb3d0 #5358 type=standard A=10210:com.skillsroom.mobile} init visibleRequested:true
07-13 08:59:41.659 D/WindowManager( 1813): Collecting in transition 6363: ActivityRecord{39213cd u0 com.skillsroom.mobile/.MainActivity t5358 f}} init visibleRequested:false
07-13 08:59:41.671 D/C2MtkBufferManager( 1041): over 5000ms not request from VCodec but callback hooked, slow BM Cc fetch thread
07-13 08:59:41.680 W/WindowManager( 1813): Changing focus from Window{9fad46e u0 com.skillsroom.mobile/com.skillsroom.mobile.MainActivity} to null displayId=0 Callers=com.android.server.wm.RootWindowContainer.updateFocusedWindowLocked:541 com.android.server.wm.WindowManagerService.updateFocusedWindowLocked:6840 com.android.server.wm.ActivityRecord.onRemovedFromDisplay:5090 com.android.server.wm.DisplayContent.removeAppToken:1728 
07-13 08:59:41.683 D/WindowManager( 1813): wms.Input focus has changed to null display=0 updateInputWindows = true
07-13 08:59:41.683 I/MultiSenceManagerInternalStub( 1813): getInstance
07-13 08:59:41.688 D/PerfMTKStubImpl( 1813): perfLockAcquire
07-13 08:59:41.689 I/mtkpower_client( 1813): perf_lock_acq, hdl:244850, dur:400, num:10, pid:1813, tid:4644
07-13 08:59:41.690 W/ServiceManagerCppClient( 1813): Failed to get isDeclared for vendor.mediatek.hardware.mtkpower.IMtkPowerService/default: Status(-1, EX_SECURITY): 'SELinux denied.'
07-13 08:59:41.690 I/mtkpower_client( 1813): IMtkPowerService_isDeclared 0
07-13 08:59:41.692 D/C2MtkBufferManager( 1041): over 5000ms not request from VCodec but callback hooked, slow BM Cc fetch thread
07-13 08:59:41.694 I/mtkpower_client( 1813): ret_hdl:244853
07-13 08:59:41.694 I/PowerHalWrapper( 1813): <amsBoostResume> last:null, next:com.miui.home 
07-13 08:59:41.694 I/libPowerHal( 1059): [perfLockAcq] idx:3 hdl:244853 hint:-1 pid:1813 duration:400 lock_user:system_server => ret_hdl:244853
07-13 08:59:41.694 I/libPowerHal( 1059): [setGPUFreq] system_server user set gpu freq min:0, max:-1
07-13 08:59:41.694 I/libPowerHal( 1059): system_server: set gpu opp level: 0
07-13 08:59:41.695 I/libPowerHal( 1059): system_server: set gpu opp level max: 0
07-13 08:59:41.695 W/ServiceManagerCppClient( 1813): Failed to get isDeclared for vendor.mediatek.hardware.mtkpower.IMtkPowerService/default: Status(-1, EX_SECURITY): 'SELinux denied.'
07-13 08:59:41.695 I/mtkpower_client( 1813): IMtkPowerService_isDeclared 0
07-13 08:59:41.696 I/libPowerHal( 1059): [setGPUFreq] Soft min/max = (0, 0); Hard min/max = (31, 0)
07-13 08:59:41.696 I/libPowerHal( 1059): [setGPUFreq] final min/max = (0, 0)
07-13 08:59:41.696 I/libPowerHal( 1059): system_server: set gpu opp level: 0
07-13 08:59:41.696 I/libPowerHal( 1059): system_server: set gpu opp level max: 0
07-13 08:59:41.696 I/libPowerHal( 1059): system_server: cpu_ctrl set cpu freq: 1800000 -1 2000000 -1
07-13 08:59:41.696 I/libPowerHal( 1059): [PE] system_server update cmd:1000000, param:0
07-13 08:59:41.697 W/ServiceManagerCppClient( 1813): Failed to get isDeclared for vendor.mediatek.hardware.mtkpower.IMtkPowerService/default: Status(-1, EX_SECURITY): 'SELinux denied.'
07-13 08:59:41.697 I/mtkpower_client( 1813): IMtkPowerService_isDeclared 0
07-13 08:59:41.697 I/libPowerHal( 1059): [PE] system_server update cmd:1000000 param:0
07-13 08:59:41.698 I/libPowerHal( 1059): [perfLockAcq] idx:5 hdl:244854 hint:22 pid:1059 duration:10000 lock_user:mtkpower@1.0-se => ret_hdl:244854
07-13 08:59:41.699 I/libPowerHal( 1059): [PE] MTKPOWER_HINT_PACK_SWITCH update cmd:1408300, param:100
07-13 08:59:41.699 I/libPowerHal( 1059): [perfLockRel] hdl:244852, idx:-1
07-13 08:59:41.701 D/WindowManager( 1813): Collecting in transition 6363: ActivityRecord{8061640 u0 com.miui.home/.launcher.Launcher t2} init visibleRequested:false
07-13 08:59:41.704 D/ActivityManager( 1813): mediaResourceManagerBinder get success
07-13 08:59:41.710 I/SmartPower: com.miui.home/10166(2470)( 1813): idle->invisible(75478ms) R(become foreground) adj=100.
07-13 08:59:41.712 D/ResourceManagerService( 1289): update package name: com.miui.home
07-13 08:59:41.712 D/C2MtkBufferManager( 1041): over 5000ms not request from VCodec but callback hooked, slow BM Cc fetch thread
07-13 08:59:41.720 D/WindowManager( 1813): Collecting in transition 6363: ActivityRecord{8061640 u0 com.miui.home/.launcher.Launcher t2} init visibleRequested:true
07-13 08:59:41.724 D/ResourceManagerService( 1289): packageName: com.miui.home, uid : 10166, hashCode : 205371070
07-13 08:59:41.724 D/ResourceManagerService( 1289): ResourceManagerService::setCodecsVppMode
07-13 08:59:41.725 D/ResourceManagerService( 1289): all codecs setVppMode return fail
07-13 08:59:41.729 D/WindowManager( 1813): Set transition=TransitionRecord{dccccec id=6363 type=CLOSE flags=0x0}, ready=true, SyncId=6363 
07-13 08:59:41.731 D/PerfEngineController( 7233): ForegroundInfo{mForegroundPackageName='com.miui.home', mForegroundUid=10166, mForegroundPid=2470, mLastForegroundPackageName='com.skillsroom.mobile', mLastForegroundUid=10210, mLastForegroundPid=19236, mMultiWindowForegroundPackageName='null', mMultiWindowForegroundUid=-1, mFlags=0}
07-13 08:59:41.733 D/C2MtkBufferManager( 1041): over 5000ms not request from VCodec but callback hooked, slow BM Cc fetch thread
07-13 08:59:41.734 D/MiuiFullScreenTaskRepository( 2459): removeFocusedTask displayId=0
07-13 08:59:41.734 D/MiuiFullScreenTaskRepository( 2459): addOrUpdateFullScreenTaskInfo taskId=5358, topActivity=null
07-13 08:59:41.735 D/MiuiMultiWindowUtils( 1813): DeviceLevel.IS_MIUI_LITE_VERSION 2.0 not support miui multiWindowgale
07-13 08:59:41.735 D/AppObserver( 2470): ForegroundInfo{mForegroundPackageName='com.miui.home', mForegroundUid=10166, mForegroundPid=2470, mLastForegroundPackageName='com.skillsroom.mobile', mLastForegroundUid=10210, mLastForegroundPid=19236, mMultiWindowForegroundPackageName='null', mMultiWindowForegroundUid=-1, mFlags=0}
07-13 08:59:41.737 D/t1      ( 5491): myUserId = 0	currentUserId0
07-13 08:59:41.740 I/SettingsProvider( 1813): refresh rate settings changed, name:miui_refresh_rate,value:90,pkg:com.miui.powerkeeper
07-13 08:59:41.744 D/Aurogon ( 1813):  uid = 10166 switch to FG
07-13 08:59:41.744 W/MiPicks-ProcessObserverV10(21977): onForegroundActivitiesChanged:pid = 2470,activity-uid=10166,foregroundActivities=true
07-13 08:59:41.745 I/Tethering( 2392): [BpfCoordinator] onAlertReached
07-13 08:59:41.746 I/MiuiNetworkPolicy( 1813): updateUidState uid = 10213, uidState = 3
07-13 08:59:41.746 D/PMonitor( 4459):  onForegroundActivitiesChanged:pid = 2470,activity-uid=10166,foregroundActivities=true
07-13 08:59:41.747 I/MiuiNetworkPolicy( 1813): updateUidState uid = 10175, uidState = 3
07-13 08:59:41.747 I/BpBinder( 1133): onLastStrongRef automatically unlinking death recipients: 
07-13 08:59:41.751 W/libprocessgroup( 1813): Failed to apply Unfrozen process profile: Success
07-13 08:59:41.753 D/C2MtkBufferManager( 1041): over 5000ms not request from VCodec but callback hooked, slow BM Cc fetch thread
07-13 08:59:41.753 D/WindowManager( 1813): Set transition=TransitionRecord{dccccec id=6363 type=CLOSE flags=0x0}, ready=true, SyncId=6363 
07-13 08:59:41.755 I/AppsFilter( 1813): interaction: PackageSetting{84376c0 com.android.microdroid.empty_payload/10390} -> PackageSetting{e8a5abb com.skillsroom.mobile/10210} BLOCKED
07-13 08:59:41.756 I/AppsFilter( 1813): interaction: PackageSetting{2774b3e com.fido.asm/10367} -> PackageSetting{e8a5abb com.skillsroom.mobile/10210} BLOCKED
07-13 08:59:41.765 D/Launcher.Lifecycle( 2470): onStart:UserHandle{0},63f4ca8,false
07-13 08:59:41.774 D/C2MtkBufferManager( 1041): over 5000ms not request from VCodec but callback hooked, slow BM Cc fetch thread
07-13 08:59:41.780 W/system_server( 1813): Long monitor contention with owner binder:1813_18 (4644) at void com.android.server.am.ActivityManagerService.forceStopPackage(java.lang.String, int, int, java.lang.String)(ActivityManagerService.java:4153) waiters=1 in boolean com.android.server.am.AppStateManager$AppState.isAppRunningComponent() for 107ms
07-13 08:59:41.787 D/SurfaceFlinger( 1133): [SF client] REMOVE (0xb40000786ccbb780) for (19236:com.skillsroom.mobile)
07-13 08:59:41.787 D/SurfaceFlinger( 1133): [SF client] REMOVE (0xb40000786cc74d80) for (19236:com.skillsroom.mobile)
07-13 08:59:41.787 D/SurfaceFlinger( 1133): [SF client] REMOVE (0xb40000788a553400) for (19236:com.skillsroom.mobile)
07-13 08:59:41.787 D/SurfaceFlinger( 1133): [SF client] REMOVE (0xb400007865d45a00) for (19236:com.skillsroom.mobile)
07-13 08:59:41.787 D/SurfaceFlinger( 1133): [SF client] REMOVE (0xb400007898ee9a80) for (19236:com.skillsroom.mobile)
07-13 08:59:41.787 D/SurfaceFlinger( 1133): [SF client] REMOVE (0xb400007898fc3700) for (19236:com.skillsroom.mobile)
07-13 08:59:41.787 D/SurfaceFlinger( 1133): [SF client] REMOVE (0xb40000786c236100) for (19236:com.skillsroom.mobile)
07-13 08:59:41.787 D/SurfaceFlinger( 1133): [SF client] REMOVE (0xb40000786c236a80) for (19236:com.skillsroom.mobile)
07-13 08:59:41.787 D/SurfaceFlinger( 1133): [SF client] REMOVE (0xb40000786c236300) for (19236:com.skillsroom.mobile)
07-13 08:59:41.788 I/WindowManager( 1813): WIN DEATH: Window{9fad46e u0 com.skillsroom.mobile/com.skillsroom.mobile.MainActivity}
07-13 08:59:41.788 D/LauncherAssistantCompatGoogle( 2470): onStart com.google.android.libraries.gsa.launcherclient.LauncherClient@80e5266
07-13 08:59:41.788 W/InputManager-JNI( 1813): Input channel object '9fad46e com.skillsroom.mobile/com.skillsroom.mobile.MainActivity (client)' was disposed without first being removed with the input manager!
07-13 08:59:41.791 I/Zygote  ( 1023): Process 19236 exited due to signal 9 (Killed)
07-13 08:59:41.791 I/adbd    (21521): Remote process closed the socket (on MSG_PEEK)
07-13 08:59:41.792 I/DisplayModeDirectorImpl( 1813): onDesiredDisplayModeSpecsChanged:baseModeId=2 allowGroupSwitching=false primary=physical: (0.0 Infinity) render:  (0.0 90.0) appRequest=physical: (0.0 Infinity) render:  (0.0 90.0) noVotes=false
07-13 08:59:41.794 D/C2MtkBufferManager( 1041): over 5000ms not request from VCodec but callback hooked, slow BM Cc fetch thread
07-13 08:59:41.797 I/BufferQueueDebug( 1133): [PopupWindow:e9b694b#77961](this:0xb400007855ae6a30,id:-1,api:0,p:-1,c:1133) onDestructor()
07-13 08:59:41.797 E/BpTransactionCompletedListener( 1133): Failed to transact (-32)
07-13 08:59:41.797 I/BufferQueueDebug( 1133): [PopupWindow:7f493be#77963](this:0xb400007855aefa30,id:-1,api:0,p:-1,c:1133) onDestructor()
07-13 08:59:41.797 I/ImeTracker( 1813): com.skillsroom.mobile:967e98d2: onRequestHide at ORIGIN_SERVER_HIDE_INPUT reason HIDE_REMOVE_CLIENT
07-13 08:59:41.797 E/BpTransactionCompletedListener( 1133): Failed to transact (-32)
07-13 08:59:41.797 I/BufferQueueDebug( 1133): [PopupWindow:b49d6b3#77966](this:0xb40000785b5dfa30,id:-1,api:0,p:-1,c:1133) onDestructor()
07-13 08:59:41.797 E/BpTransactionCompletedListener( 1133): Failed to transact (-32)
07-13 08:59:41.799 D/MirrorManager( 7233):  sendAcceptInput 0 0
07-13 08:59:41.804 I/ImeTracker( 1813): com.skillsroom.mobile:967e98d2: onCancelled at PHASE_SERVER_SHOULD_HIDE
07-13 08:59:41.807 I/adbd    (21521): adbd service requested 'shell,v2,raw:am start -n com.skillsroom.mobile/.MainActivity'
07-13 08:59:41.811 D/CarrierSvcBindHelper( 2457): onHandleForceStop: [com.skillsroom.mobile]
07-13 08:59:41.812 D/CarrierSvcBindHelper( 2457): No carrier app for: 0
07-13 08:59:41.812 D/CarrierSvcBindHelper( 2457): No carrier app for: 1
07-13 08:59:41.813 W/Choreographer( 1813): Frame time is 0.08853  now = 622085195051232  timestampNanos = 622085195139762 ms in the future!  Check that graphics HAL is generating vsync timestamps using the correct timebase.
07-13 08:59:41.815 D/C2MtkBufferManager( 1041): over 5000ms not request from VCodec but callback hooked, slow BM Cc fetch thread
07-13 08:59:41.815 I/MiuiNetworkPolicy( 1813): updateUidState uid = 10166, uidState = 2
07-13 08:59:41.815 I/MiuiNetworkPolicy( 1813): updateUidState uid = 10161, uidState = 3
07-13 08:59:41.816 I/MiuiNetworkPolicy( 1813): updateUidState uid = 10078, uidState = 19
07-13 08:59:41.816 D/SurfaceFlinger( 1133): setDesiredDisplayModeSpecs: defaultMode：1 primaryRangesMin:0.000000 primaryRangesMax:90.000000appRequestRangesMin:0.000000 appRequestRangesMax:90.000000
07-13 08:59:41.816 I/RefreshRateSelector( 1133): Display 0 policy changed
07-13 08:59:41.816 I/RefreshRateSelector( 1133): Previous: {defaultModeId=1, allowGroupSwitching=false, primaryRanges={physical=[0.00 Hz, inf Hz], render=[0.00 Hz, 60.00 Hz]}, appRequestRanges={physical=[0.00 Hz, inf Hz], render=[0.00 Hz, 60.00 Hz]}}
07-13 08:59:41.816 I/RefreshRateSelector( 1133): Current:  DisplayManagerPolicy{defaultModeId=1, allowGroupSwitching=false, primaryRanges={physical=[0.00 Hz, inf Hz], render=[0.00 Hz, 90.00 Hz]}, appRequestRanges={physical=[0.00 Hz, inf Hz], render=[0.00 Hz, 90.00 Hz]}}
07-13 08:59:41.816 I/RefreshRateSelector( 1133): 1 mode changes were performed under the previous policy
07-13 08:59:41.816 D/SurfaceFlinger( 1133): MtkOverrideDuration: update vsync 90
07-13 08:59:41.816 E/SurfaceFlinger( 1133): MtkDuration override mode is disabled
07-13 08:59:41.816 D/SurfaceFlinger( 1133): MtkOverrideDuration: reset override duration
07-13 08:59:41.821 D/CompatibilityChangeReporter( 1813): Compat change id reported: 135634846; UID 10174; state: DISABLED
07-13 08:59:41.821 D/CompatibilityChangeReporter( 1813): Compat change id reported: 177438394; UID 10174; state: DISABLED
07-13 08:59:41.822 D/CompatibilityChangeReporter( 1813): Compat change id reported: 135772972; UID 10174; state: DISABLED
07-13 08:59:41.822 D/CompatibilityChangeReporter( 1813): Compat change id reported: 135754954; UID 10174; state: ENABLED
07-13 08:59:41.823 D/CompatibilityChangeReporter( 1813): Compat change id reported: 143937733; UID 10174; state: ENABLED
07-13 08:59:41.826 D/BadgeCoordinator( 2459): recevie broadbcast ACTION_APPLICATION_MESSAGE_QUERY, requestFirstTime=false
07-13 08:59:41.831 I/hwcomposer( 1039): [HWC] (0) displaySetActiveConfig config:1  
07-13 08:59:41.833 D/Zygote  ( 1023): Forked child process 20531
07-13 08:59:41.834 D/MiuiProcessPolicyManager( 1813): promote com.google.android.googlequicksearchbox:googleapp maxAdj to svcb  , maxProcState to + PER 
07-13 08:59:41.834 I/ActivityManager( 1813): Start proc 20531:com.google.android.googlequicksearchbox:googleapp/u0a174 for service {com.google.android.googlequicksearchbox/com.google.android.apps.gsa.nowoverlayservice.DrawerOverlayService} caller=com.miui.home
07-13 08:59:41.835 D/C2MtkBufferManager( 1041): over 5000ms not request from VCodec but callback hooked, slow BM Cc fetch thread
07-13 08:59:41.838 D/LauncherOverlay( 3531): setActivityState:1
07-13 08:59:41.838 I/LauncherOverlayCallback( 3531): handleMessage WHAT_ACTIVITY_STATE_CHANGED what：1
07-13 08:59:41.839 E/Zygote  (20531): process_name_ptr:20531 com.google.android.googlequicksearchbox:googleapp
07-13 08:59:41.841 D/LauncherOverlay.Window( 3531): onStart
07-13 08:59:41.847 I/chbox:googleapp(20531): Using generational CollectorTypeCC GC.
07-13 08:59:41.851 W/Activity( 2470): PerfMonitor: Slow Operation: Activity com.miui.home/.launcher.Launcher onStart took 124ms
07-13 08:59:41.855 I/DisplayDeviceRepository( 1813): Display device changed: DisplayDeviceInfo{"Built-in Screen": uniqueId="local:0", 720 x 1600, modeId 2, renderFrameRate 90.0, defaultModeId 2, supportedModes [{id=1, width=720, height=1600, fps=60.0, alternativeRefreshRates=[90.0], supportedHdrTypes=[]}, {id=2, width=720, height=1600, fps=90.0, alternativeRefreshRates=[60.0], supportedHdrTypes=[]}], colorMode 0, supportedColorModes [0], hdrCapabilities HdrCapabilities{mSupportedHdrTypes=[], mMaxLuminance=500.0, mMaxAverageLuminance=500.0, mMinLuminance=0.0}, allmSupported false, gameContentTypeSupported false, density 320, 260.105 x 260.112 dpi, appVsyncOff 444444, presDeadline 23000000, cutout DisplayCutout{insets=Rect(0, 68 - 0, 0) waterfall=Insets{left=0, top=0, right=0, bottom=0} boundingRect={Bounds=[Rect(0, 0 - 0, 0), Rect(320, 0 - 400, 68), Rect(0, 0 - 0, 0), Rect(0, 0 - 0, 0)]} cutoutPathParserInfo={CutoutPathParserInfo{displayWidth=720 displayHeight=1600 physicalDisplayWidth=720 physicalDisplayHeight=1600 density={2.0} cutoutSpec={M 0,0 H -40 V 68 H 40 V 0 H 0 Z} rotation={0} scale={1.0} physicalPixelDisplaySizeRatio={1.0}}}}, touch INTERNAL, rotation 0, type INTERNAL, address {port=0}, deviceProductInfo null, state ON, committedState ON, frameRateOverride , brightnessMinimum 0.0, brightnessMaximum 1.0, brightnessDefault 0.14956012, hdrSdrRatio NaN, roundedCorners RoundedCorners{[RoundedCorner{position=TopLeft, radius=66, center=Point(66, 66)}, RoundedCorner{position=TopRight, radius=66, center=Point(654, 66)}, RoundedCorner{position=BottomRight, radius=66, center=Point(654, 1534)}, RoundedCorner{position=BottomLeft, radius=66, center=Point(66, 1534)}]}, FLAG_ALLOWED_TO_BE_DEFAULT_DISPLAY, FLAG_ROTATES_WITH_CONTENT, FLAG_SECURE, FLAG_SUPPORTS_PROTECTED_BUFFERS, FLAG_TRUSTED, installOrientation 0, displayShape DisplayShape{ spec=2134893525 displayWidth=720 displayHeight=1600 physicalPixelDisplaySizeRatio=1.0 rotation=0 offsetX=0 offsetY=0 scale=1.0}}
07-13 08:59:41.855 D/C2MtkBufferManager( 1041): over 5000ms not request from VCodec but callback hooked, slow BM Cc fetch thread
07-13 08:59:41.857 D/nativeloader(20531): Load libframework-connectivity-tiramisu-jni.so using APEX ns com_android_tethering for caller /apex/com.android.tethering/javalib/framework-connectivity-t.jar: ok
07-13 08:59:41.863 D/DisplayManagerService( 1813): Ignore redundant display event 0/2 to 10317/17084
07-13 08:59:41.864 D/DisplayManagerService( 1813): Ignore redundant display event 0/2 to 10131/19766
07-13 08:59:41.864 D/MI-SF   ( 1133): updateScene: module = 270 (Unknown), value = 0, pkg = com.miui.home
07-13 08:59:41.866 I/MessageMonitor(20531): Load libmiui_runtime
07-13 08:59:41.869 I/BtGatt.ScanManager(29492): msg.what = MSG_SCREEN_ON, msg.arg1 = None
07-13 08:59:41.876 D/C2MtkBufferManager( 1041): over 5000ms not request from VCodec but callback hooked, slow BM Cc fetch thread
07-13 08:59:41.879 D/SymlinkUtils( 1813): attachApplication file op go pass: 1 ms
07-13 08:59:41.879 I/SmartPower: com.google.android.googlequicksearchbox:googleapp/10174(20531)( 1813): died->background(66726ms) R(process start ) adj=-10000.
07-13 08:59:41.883 D/CompatibilityChangeReporter( 1813): Compat change id reported: 168419799; UID 10174; state: DISABLED
07-13 08:59:41.883 D/CompatibilityChangeReporter( 1813): Compat change id reported: 273564678; UID 10174; state: DISABLED
07-13 08:59:41.886 I/LauncherOverlayCallback( 3531): handleMessage WHAT_LAUNCHER_STATE what：1
07-13 08:59:41.886 I/MiuiNetworkPolicy( 1813): updateUidState uid = 10174, uidState = 3
07-13 08:59:41.886 D/LauncherOverlay.Window( 3531): launcherState 1
07-13 08:59:41.887 D/LauncherOverlay.Window( 3531): resumedStateNow 0,resumedStateNew = 0
07-13 08:59:41.887 V/AutoDensityController( 2459): on display changed 0 context dpi:296 origin dpi:320 target dpi:296
07-13 08:59:41.889 W/ActivityTaskManager( 1813): callingPackage for (uid=2000, pid=20530) has no WPC
07-13 08:59:41.891 D/CompatibilityChangeReporter(20531): Compat change id reported: 171979766; UID 10174; state: ENABLED
07-13 08:59:41.891 D/CompatibilityChangeReporter(20531): Compat change id reported: 242716250; UID 10174; state: ENABLED
07-13 08:59:41.896 D/C2MtkBufferManager( 1041): over 5000ms not request from VCodec but callback hooked, slow BM Cc fetch thread
07-13 08:59:41.897 D/CompatibilityChangeReporter( 1813): Compat change id reported: 170503758; UID 10174; state: ENABLED
07-13 08:59:41.907 D/WindowManager( 1813): Collecting in transition 6363: ActivityRecord{ec9314c u0 com.skillsroom.mobile/.MainActivity init visibleRequested:false
07-13 08:59:41.908 D/Launcher.Lifecycle( 2470): onResume:UserHandle{0},63f4ca8,false
07-13 08:59:41.908 W/Settings( 2470): Setting device_provisioned has moved from android.provider.Settings.Secure to android.provider.Settings.Global.
07-13 08:59:41.908 D/MiuiFreeFormManagerService( 1813): activeOrFullscreenFreeformTaskIfNeed startDefaultAr:false
07-13 08:59:41.913 I/PowerHalWrapper( 1813): PowerHalWrapper.getInstance 
07-13 08:59:41.913 D/PerfMTKStubImpl( 1813): initBoostParamByDevice
07-13 08:59:41.913 D/ActivityManager( 1813): getProcessesInErrorState callingUid=10279, CallingPid=443
07-13 08:59:41.915 D/OneHandedController( 2459): stopOneHanded state is 0
07-13 08:59:41.916 D/SoscSplitStateController( 2470): updateDividerFixedState: isFixed = true
07-13 08:59:41.916 D/Launcher.FullbackHome( 2470): FallbackHomeCompat::needKillSelf::needKillSelf = false
07-13 08:59:41.916 D/C2MtkBufferManager( 1041): over 5000ms not request from VCodec but callback hooked, slow BM Cc fetch thread
07-13 08:59:41.918 D/SoScSplitScreenController( 2459): updateDividerFixedState isFixed:true
07-13 08:59:41.919 E/BufferQueueDebug( 1133): [Task=5359#77969](this:0xb400007855a59a30,id:-1,api:0,p:-1,c:-1) id info cannot be read from 'Task=5359#77969'
07-13 08:59:41.919 I/BufferQueueDebug( 1133): [Task=5359#77969](this:0xb400007855a59a30,id:-1,api:0,p:-1,c:-1) BufferQueue core=(1133:/system/bin/surfaceflinger)
07-13 08:59:41.921 D/ActivityManager( 1813): getProcessesInErrorState callingUid=10288, CallingPid=19459
07-13 08:59:41.922 I/PowerHalWrapper( 1813): amsBoostNotify pid:2470,activity:com.miui.home.launcher.Launcher, package:com.miui.home, mProcessCreatePackcom.skillsroom.mobile 
07-13 08:59:41.922 I/PowerHalWrapper( 1813): state: 1 
07-13 08:59:41.923 I/mtkpower_client( 1813): [Legacy][PowerHal_Wrap_notifyAppState] com.miui.home/com.miui.home.launcher.Launcher pid=2470 state:1
07-13 08:59:41.923 I/libPowerHal( 1059): [perfNotifyAppState] pack:com.miui.home, act:com.miui.home.launcher.Launcher, state:1, pid:2470, uid:10166, fps:-1
07-13 08:59:41.923 I/libPowerHal( 1059): [perfNotifyAppState] foreground:com.miui.home, pid:2470, uid:10166
07-13 08:59:41.924 I/PowerHalWrapper( 1813): amsBoostNotify AMS_BOOST_PROCESS_CREATE_BOOST:false 
07-13 08:59:41.924 D/WindowManager( 1813): setLockTaskAuth: task=Task{5775595 #5359 type=standard A=10210:com.skillsroom.mobile} mLockTaskAuth=LOCK_TASK_AUTH_PINNABLE
07-13 08:59:41.924 D/WindowManager( 1813): Collecting in transition 6363: Task{5775595 #5359 type=standard A=10210:com.skillsroom.mobile} init visibleRequested:false
07-13 08:59:41.926 D/CompatibilityChangeReporter( 1813): Compat change id reported: 184838306; UID 10210; state: DISABLED
07-13 08:59:41.926 D/CompatibilityChangeReporter( 1813): Compat change id reported: 185004937; UID 10210; state: DISABLED
07-13 08:59:41.927 E/BufferQueueDebug( 1133): [ActivityRecord{ec9314c u0 com.skillsroom.mobile/.MainActivity t5359}#77970](this:0xb400007855a62a30,id:-1,api:0,p:-1,c:-1) id info cannot be read from 'ActivityRecord{ec9314c u0 com.skillsroom.mobile/.MainActivity t5359}#77970'
07-13 08:59:41.927 D/LauncherAssistantCompatGoogle( 2470): onResume com.google.android.libraries.gsa.launcherclient.LauncherClient@80e5266
07-13 08:59:41.927 I/BufferQueueDebug( 1133): [ActivityRecord{ec9314c u0 com.skillsroom.mobile/.MainActivity t5359}#77970](this:0xb400007855a62a30,id:-1,api:0,p:-1,c:-1) BufferQueue core=(1133:/system/bin/surfaceflinger)
07-13 08:59:41.928 D/Launcher_UnlockAnimationStateMachine( 2470): onResume = IDLE
07-13 08:59:41.929 D/WindowManager( 1813): setLockTaskAuth: task=Task{5775595 #5359 type=standard A=10210:com.skillsroom.mobile} mLockTaskAuth=LOCK_TASK_AUTH_PINNABLE
07-13 08:59:41.930 I/UxUtility( 1059): notifyForegroundApp pack:com.miui.home, uid:10166
07-13 08:59:41.931 I/TouchUtility( 1059): notifyAppState error = NULL
07-13 08:59:41.930 D/MiuiFreeFormManagerService( 1813): onStartActivityInner as = Task{5775595 #5359 type=standard A=10210:com.skillsroom.mobile} op = null
07-13 08:59:41.931 I/mtkpower@impl( 1059): [notifyAppState] pc:0, com.skillsroom.mobile => com.miui.home
07-13 08:59:41.932 D/ActivityTaskManager( 1813): Task#startActivityLocked isOrhasTask=true newTask=true
07-13 08:59:41.933 I/mtkpower@impl( 1059): [setMode] type:5, enabled:1
07-13 08:59:41.934 I/libPowerHal( 1059): [perfLockAcq] idx:6 hdl:244855 hint:11 pid:1059 duration:30000 lock_user:mtkpower@1.0-se => ret_hdl:244855
07-13 08:59:41.934 I/ThermalBreakConfigReader( 1059): [getTargetfreqinfo] [getTargetfreqinfo] hint get target result freq:boost:1 cpu0:1800000 cpu6:2000000 cpumask:ff
07-13 08:59:41.934 I/ExtendedPerfBoost( 1059): [thermalbreak_verification] needbreak curr breakmode 1, scence id 0, set: boost:1 cpu0:1800000 cpu6:2000000 cpumask:ff
07-13 08:59:41.934 I/ExtendedPerfBoost( 1059): [triggerList_add] [triggerList_add] come into triggerList_add
07-13 08:59:41.934 I/ExtendedPerfBoost( 1059): [triggerList_add] get item from freelist 0x76b7cb7ab8
07-13 08:59:41.934 I/ExtendedPerfBoost( 1059): [triggerList_add] init new item prio:2, duration:3000, param:boost:1 cpu0:1800000 cpu6:2000000 cpumask:ff
07-13 08:59:41.934 I/ExtendedPerfBoost( 1059): [triggerList_add] add item prio in empty list
07-13 08:59:41.934 I/ExtendedPerfBoost( 1059): [trig_thermalbreak] trigger one node
07-13 08:59:41.934 I/ExtendedUtils( 1059): [timer_sampling_set] come in timer_sampling_set, duration :3000
07-13 08:59:41.934 I/ExtendedUtils( 1059): [settimer] come in settimer, time_now :622085315, time_end: 622088315
07-13 08:59:41.934 I/ExtendedPerfBoost( 1059): [setThermalBreak] [setThermalBreak] : boost:1 cpu0:1800000 cpu6:2000000 cpumask:ff
07-13 08:59:41.937 D/C2MtkBufferManager( 1041): over 5000ms not request from VCodec but callback hooked, slow BM Cc fetch thread
07-13 08:59:41.935 W/ThermalCollecto( 7233): type=1400 audit(0.0:607627): avc:  denied  { read } for  name="charge_counter" dev="sysfs" ino=36942 scontext=u:r:system_app:s0 tcontext=u:object_r:sysfs_batteryinfo:s0 tclass=file permissive=0
07-13 08:59:41.940 I/Launcher( 2470): changeMIUIWidgetEditMode false
07-13 08:59:41.941 E/ThermalInfoUtils( 7233): getCurrentCapacity Exceptionjava.io.FileNotFoundException: /sys/class/power_supply/battery/charge_counter: open failed: EACCES (Permission denied)
07-13 08:59:41.945 D/CompatibilityChangeReporter( 1813): Compat change id reported: 205907456; UID 10210; state: ENABLED
07-13 08:59:41.947 I/PowerHalWrapper( 1813): amsBoostNotify pid:2470,activity:com.miui.home.launcher.Launcher, package:com.miui.home, mProcessCreatePackcom.skillsroom.mobile 
07-13 08:59:41.947 I/PowerHalWrapper( 1813): state: 0 
07-13 08:59:41.947 I/mtkpower_client( 1813): [Legacy][PowerHal_Wrap_notifyAppState] com.miui.home/com.miui.home.launcher.Launcher pid=2470 state:0
07-13 08:59:41.948 I/libPowerHal( 1059): [perfNotifyAppState] pack:com.miui.home, act:com.miui.home.launcher.Launcher, state:0, pid:2470, uid:10166, fps:-1
07-13 08:59:41.948 I/PowerHalWrapper( 1813): amsBoostNotify AMS_BOOST_PROCESS_CREATE_BOOST:false 
07-13 08:59:41.949 D/WindowManager( 1813): Set transition=TransitionRecord{dccccec id=6363 type=CLOSE flags=0x0}, ready=false, SyncId=6363 used=true, override=false, defer=0, states=Display{#0 state=ON size=720x1600 ROTATION_0}:false
07-13 08:59:41.950 I/PowerHalWrapper( 1813): <amsBoostResume> last:null, next:com.skillsroom.mobile 
07-13 08:59:41.951 D/nativeloader(20531): Configuring clns-4 for other apk /system/framework/org.apache.http.legacy.jar. target_sdk_version=37, uses_libraries=ALL, library_path=/data/app/~~Z-HmI1stqjfbfkWhJgGGiQ==/com.google.android.googlequicksearchbox-QHCqd3nTI1c_r9Njs0kq1w==/lib/arm64:/data/app/~~Z-HmI1stqjfbfkWhJgGGiQ==/com.google.android.googlequicksearchbox-QHCqd3nTI1c_r9Njs0kq1w==/base.apk!/lib/arm64-v8a:/data/app/~~Z-HmI1stqjfbfkWhJgGGiQ==/com.google.android.googlequicksearchbox-QHCqd3nTI1c_r9Njs0kq1w==/split_config.xhdpi.apk!/lib/arm64-v8a:/data/app/~~Z-HmI1stqjfbfkWhJgGGiQ==/com.google.android.googlequicksearchbox-QHCqd3nTI1c_r9Njs0kq1w==/split_lens_ondevice_engine_feature_module.apk!/lib/arm64-v8a:/data/app/~~Z-HmI1stqjfbfkWhJgGGiQ==/com.google.android.googlequicksearchbox-QHCqd3nTI1c_r9Njs0kq1w==/split_lens_ondevice_engine_play_ml_module.apk!/lib/arm64-v8a, permitted_path=/data:/mnt/expand:/data/user/0/com.google.android.googlequicksearchbox
07-13 08:59:41.951 D/nativeloader(20531): Extending system_exposed_libraries: libapuwareapusys.mtk.so:libapuwareapusys_v2.mtk.so:libapuwarexrp.mtk.so:libapuwarexrp_v2.mtk.so:libapuwareutils.mtk.so:libapuwareutils_v2.mtk.so:libapuwarehmp.mtk.so:libmcv_runtime_usdk.mtk.so:libneuron_graph_delegate.mtk.so:libneuronusdk_adapter.mtk.so:libtflite_mtk.mtk.so:libarmnn_ndk.mtk.so:libcmdl_ndk.mtk.so:libnir_neon_driver_ndk.mtk.so:libmvpu_runtime.mtk.so:libmvpu_runtime_pub.mtk.so:libmvpu_engine_pub.mtk.so:libmvpu_pattern_pub.mtk.so:libmvpuop_mtk_cv.mtk.so:libmvpuop_mtk_nn.mtk.so:libmvpu_runtime_25.mtk.so:libmvpu_runtime_25_pub.mtk.so:libmvpu_engine_25_pub.mtk.so:libmvpu_pattern_25_pub.mtk.so:libmvpuop25_mtk_cv.mtk.so:libmvpuop25_mtk_nn.mtk.so:libmvpu_config.mtk.so:libteeservice_client.trustonic.so:libmisys_jni.xiaomi.so
07-13 08:59:41.951 W/ServiceManagerCppClient( 1813): Failed to get isDeclared for vendor.mediatek.hardware.mtkpower.IMtkPowerService/default: Status(-1, EX_SECURITY): 'SELinux denied.'
07-13 08:59:41.951 I/mtkpower_client( 1813): IMtkPowerService_isDeclared 0
07-13 08:59:41.952 W/ServiceManagerCppClient( 1813): Failed to get isDeclared for vendor.mediatek.hardware.mtkpower.IMtkPowerService/default: Status(-1, EX_SECURITY): 'SELinux denied.'
07-13 08:59:41.953 I/mtkpower_client( 1813): IMtkPowerService_isDeclared 0
07-13 08:59:41.953 I/ActivityTaskManager( 1813): Add Task{eefb3d0 #5358 type=standard A=10210:com.skillsroom.mobile} to hidden list because adding Task{5775595 #5359 type=standard A=10210:com.skillsroom.mobile}
07-13 08:59:41.954 I/libPowerHal( 1059): [perfLockAcq] idx:7 hdl:244856 hint:22 pid:1059 duration:10000 lock_user:mtkpower@1.0-se => ret_hdl:244856
07-13 08:59:41.954 I/libPowerHal( 1059): [perfLockRel] hdl:244854, idx:5
07-13 08:59:41.955 D/WindowManager( 1813): Collecting in transition 6363: ActivityRecord{ec9314c u0 com.skillsroom.mobile/.MainActivity t5359} init visibleRequested:false
07-13 08:59:41.955 D/WindowManager( 1813): Set transition=TransitionRecord{dccccec id=6363 type=CLOSE flags=0x0}, ready=false, SyncId=6363 used=true, override=false, defer=0, states=Display{#0 state=ON size=720x1600 ROTATION_0}:false
07-13 08:59:41.957 D/C2MtkBufferManager( 1041): over 5000ms not request from VCodec but callback hooked, slow BM Cc fetch thread
07-13 08:59:41.961 D/MiuiFullScreenTaskRepository( 2459): setFocusedTask taskId=1, displayId=0, topActivity=ComponentInfo{com.miui.home/com.miui.home.launcher.Launcher}
07-13 08:59:41.961 D/MiuiFullScreenTaskRepository( 2459): addOrUpdateFullScreenTaskInfo taskId=1, topActivity=ComponentInfo{com.miui.home/com.miui.home.launcher.Launcher}
07-13 08:59:41.962 I/ActivityTaskManager( 1813): START u0 {flg=0x10000000 cmp=com.skillsroom.mobile/.MainActivity} with LAUNCH_SINGLE_TASK from uid 2000 (BAL_ALLOW_PERMISSION) result code=0
07-13 08:59:41.964 D/SurfaceFlinger( 1133): [SF client] NEW(0xb40000786c236d80) for (2459:com.android.systemui)
07-13 08:59:41.966 D/StatusBarController( 2470): handleMessage: flag 1000000  disable false
07-13 08:59:41.966 D/MiuiDesktopModeController( 2459): onFocusTaskChanged newFocus: TaskInfo{userId=0 taskId=1 displayId=0 isRunning=true baseIntent=Intent { act=android.intent.action.MAIN cat=[android.intent.category.HOME] flg=0x10000100 cmp=com.miui.home/.launcher.Launcher } baseActivity=ComponentInfo{com.miui.home/com.miui.home.launcher.Launcher} topActivity=ComponentInfo{com.miui.home/com.miui.home.launcher.Launcher} origActivity=null realActivity=null numActivities=1 lastActiveTime=52422 supportsSplitScreenMultiWindow=true supportsMultiWindow=true resizeMode=2 isResizeable=true minWidth=-1 minHeight=-1 defaultMinSize=200 token=WCT{android.window.IWindowContainerToken$Stub$Proxy@3774656} topActivityType=2 pictureInPictureParams=null shouldDockBigOverlays=false launchIntoPipHostTaskId=-1 lastParentTaskIdBeforePip=-1 displayCutoutSafeInsets=null topActivityInfo=ActivityInfo{dbb56d7 com.miui.home.launcher.Launcher} launchCookies=[] positionInParent=Point(0, 0) parentTaskId=-1 isFocused=true isVisible=false isVisibleRequested=true isSleeping=false topActivityInSizeCompat=false topActivityEligibleForLetterboxEducation= false topActivityLetterboxed= false isFromDoubleTap= false topActivityLetterboxVerticalPosition= -1 topActivityLetterboxHorizontalPosition= -1 topActivityLetterboxWidth=-1 topActivityLetterboxHeight=-1 locusId=null displayAreaFeatureId=1 cameraCompatControlState=hidden mIsCastMode=false mTopActivityMediaSize=null mTopActivityRecordName=ActivityRecord{8061640 u0 com.miui.home/.launcher.Launcher t2} mTopActivityOrientation=1 mTopActivityWindowIsNowVisible=false isTranslucent=false isEmbedded=false shouldBeVisible=true mBehindAppLockPkg=null mOriginatingUid=0}
07-13 08:59:41.967 D/MiuiFreeformModeController( 2459): onFocusTaskChanged taskInfo: TaskInfo{userId=0 taskId=1 displayId=0 isRunning=true baseIntent=Intent { act=android.intent.action.MAIN cat=[android.intent.category.HOME] flg=0x10000100 cmp=com.miui.home/.launcher.Launcher } baseActivity=ComponentInfo{com.miui.home/com.miui.home.launcher.Launcher} topActivity=ComponentInfo{com.miui.home/com.miui.home.launcher.Launcher} origActivity=null realActivity=null numActivities=1 lastActiveTime=52422 supportsSplitScreenMultiWindow=true supportsMultiWindow=true resizeMode=2 isResizeable=true minWidth=-1 minHeight=-1 defaultMinSize=200 token=WCT{android.window.IWindowContainerToken$Stub$Proxy@3774656} topActivityType=2 pictureInPictureParams=null shouldDockBigOverlays=false launchIntoPipHostTaskId=-1 lastParentTaskIdBeforePip=-1 displayCutoutSafeInsets=null topActivityInfo=ActivityInfo{dbb56d7 com.miui.home.launcher.Launcher} launchCookies=[] positionInParent=Point(0, 0) parentTaskId=-1 isFocused=true isVisible=false isVisibleRequested=true isSleeping=false topActivityInSizeCompat=false topActivityEligibleForLetterboxEducation= false topActivityLetterboxed= false isFromDoubleTap= false topActivityLetterboxVerticalPosition= -1 topActivityLetterboxHorizontalPosition= -1 topActivityLetterboxWidth=-1 topActivityLetterboxHeight=-1 locusId=null displayAreaFeatureId=1 cameraCompatControlState=hidden mIsCastMode=false mTopActivityMediaSize=null mTopActivityRecordName=ActivityRecord{8061640 u0 com.miui.home/.launcher.Launcher t2} mTopActivityOrientation=1 mTopActivityWindowIsNowVisible=false isTranslucent=false isEmbedded=false shouldBeVisible=true mBehindAppLockPkg=null mOriginatingUid=0}
07-13 08:59:41.968 D/MiuiMultiWindowUtils( 1813): DeviceLevel.IS_MIUI_LITE_VERSION 2.0 not support miui multiWindowgale
07-13 08:59:41.969 D/PerfEngineController( 7233): ForegroundInfo{mForegroundPackageName='com.miui.home', mForegroundUid=10166, mForegroundPid=2470, mLastForegroundPackageName='com.miui.home', mLastForegroundUid=10166, mLastForegroundPid=2470, mMultiWindowForegroundPackageName='com.miui.home', mMultiWindowForegroundUid=10166, mFlags=0}
07-13 08:59:41.969 D/AppObserver( 2470): ForegroundInfo{mForegroundPackageName='com.miui.home', mForegroundUid=10166, mForegroundPid=2470, mLastForegroundPackageName='com.miui.home', mLastForegroundUid=10166, mLastForegroundPid=2470, mMultiWindowForegroundPackageName='com.miui.home', mMultiWindowForegroundUid=10166, mFlags=0}
07-13 08:59:41.972 D/TaskSnapshot_Helper( 2459): app is not pre-defined.
07-13 08:59:41.973 D/OneHandedController( 2459): stopOneHanded state is 0
07-13 08:59:41.974 D/t1      ( 5491): myUserId = 0	currentUserId0
07-13 08:59:41.974 W/libc    ( 2459): Access denied finding property "ro.vendor.display.iris_x7.support"
07-13 08:59:41.975 D/TaskStackChangeListeners( 2470): onTaskDescriptionChanged =  taskId = 5359
07-13 08:59:41.976 D/MiuiFreeformModeObserver( 2459): activityResumed() intent： Intent { cmp=com.miui.home/.launcher.Launcher (has extras) }
07-13 08:59:41.977 D/OneHandedController( 2459): stopOneHanded state is 0
07-13 08:59:41.978 I/PowerHalWrapper( 1813): amsBoostProcessCreate package:com.skillsroom.mobile 
07-13 08:59:41.979 D/C2MtkBufferManager( 1041): over 5000ms not request from VCodec but callback hooked, slow BM Cc fetch thread
07-13 08:59:41.979 W/ServiceManagerCppClient( 1813): Failed to get isDeclared for vendor.mediatek.hardware.mtkpower.IMtkPowerService/default: Status(-1, EX_SECURITY): 'SELinux denied.'
07-13 08:59:41.979 I/mtkpower_client( 1813): IMtkPowerService_isDeclared 0
07-13 08:59:41.980 D/VRI[mobile]( 2459): hardware acceleration = true, forceHwAccelerated = false
07-13 08:59:41.980 W/ServiceManagerCppClient( 1813): Failed to get isDeclared for vendor.mediatek.hardware.mtkpower.IMtkPowerService/default: Status(-1, EX_SECURITY): 'SELinux denied.'
07-13 08:59:41.980 I/mtkpower_client( 1813): IMtkPowerService_isDeclared 0
07-13 08:59:41.981 E/BufferQueueDebug( 1133): [com.miui.home/com.miui.home.launcher.Launcher#77971](this:0xb400007855a65a30,id:-1,api:0,p:-1,c:-1) id info cannot be read from 'com.miui.home/com.miui.home.launcher.Launcher#77971'
07-13 08:59:41.981 I/BufferQueueDebug( 1133): [com.miui.home/com.miui.home.launcher.Launcher#77971](this:0xb400007855a65a30,id:-1,api:0,p:-1,c:-1) BufferQueue core=(1133:/system/bin/surfaceflinger)
07-13 08:59:41.981 I/libPowerHal( 1059): [perfLockAcq] idx:5 hdl:244857 hint:21 pid:1059 duration:10000 lock_user:mtkpower@1.0-se => ret_hdl:244857
07-13 08:59:41.981 D/CompatibilityChangeReporter( 1813): Compat change id reported: 135634846; UID 10210; state: DISABLED
07-13 08:59:41.981 D/CompatibilityChangeReporter( 1813): Compat change id reported: 177438394; UID 10210; state: DISABLED
07-13 08:59:41.981 D/CompatibilityChangeReporter( 1813): Compat change id reported: 135772972; UID 10210; state: DISABLED
07-13 08:59:41.982 D/CompatibilityChangeReporter( 1813): Compat change id reported: 135754954; UID 10210; state: ENABLED
07-13 08:59:41.982 W/libprocessgroup( 1813): SetCgroup::ExecuteForProcess: failed to open /dev/blkio//cgroup.procs: No such file or directory
07-13 08:59:41.983 D/CompatibilityChangeReporter( 1813): Compat change id reported: 143937733; UID 10210; state: ENABLED
07-13 08:59:41.983 I/libPowerHal( 1059): [PE] MTKPOWER_HINT_PROCESS_CREATE update cmd:2020000, param:15
07-13 08:59:41.983 I/libPowerHal( 1059): [PE] MTKPOWER_HINT_PROCESS_CREATE update cmd:1410000, param:1
07-13 08:59:41.984 I/libPowerHal( 1059): [perfLockRel] hdl:244841, idx:-1
07-13 08:59:41.985 D/RecentsModel( 2470): onTaskStackChangedBackground
07-13 08:59:41.985 D/EventBus( 2470): No subscribers registered for event class com.miui.home.recents.messages.RecentTasksChangedEvent
07-13 08:59:41.985 I/MiuiNetworkPolicy( 1813): updateUidState uid = 10157, uidState = 3
07-13 08:59:41.985 D/RecentsModel( 2470): onTaskStackChangedBackground    MSG_TASK_STACK_CHANGE
07-13 08:59:41.985 D/RecentsModel( 2470): preloadRecents
07-13 08:59:41.985 W/RecentsModel( 2470): getRunningTask
07-13 08:59:41.985 D/EventBus( 2470): No subscribers registered for event class org.greenrobot.eventbus.NoSubscriberEvent
07-13 08:59:41.986 D/RecentsModel( 2470): onTaskStackChangedBackground
07-13 08:59:41.986 D/EventBus( 2470): No subscribers registered for event class com.miui.home.recents.messages.RecentTasksChangedEvent
07-13 08:59:41.986 D/EventBus( 2470): No subscribers registered for event class org.greenrobot.eventbus.NoSubscriberEvent
07-13 08:59:41.987 I/MiuiNetworkPolicy( 1813): updateUidState uid = 99051, uidState = 3
07-13 08:59:41.987 I/MiuiNetworkPolicy( 1813): updateUidState uid = 10240, uidState = 3
07-13 08:59:41.988 W/ProcessStats( 1813): Tracking association SourceState{38758b8 com.google.android.gms/10157 BTop #2344562} whose proc state 2 is better than process ProcessState{b6a3c10 com.google.android.webview:sandboxed_process0:org.chromium.content.app.SandboxedProcessService0:0/10157 pkg=com.google.android.gms} proc state 3 (478 skipped)
07-13 08:59:41.996 D/Zygote  ( 1023): Forked child process 20554
07-13 08:59:41.997 I/ActivityManager( 1813): Start proc 20554:com.skillsroom.mobile/u0a210 for next-top-activity {com.skillsroom.mobile/com.skillsroom.mobile.MainActivity} caller=com.android.shell
07-13 08:59:41.998 W/WindowManager( 1813): Changing focus from null to Window{52dece7 u0 com.miui.home/com.miui.home.launcher.Launcher} displayId=0 Callers=com.android.server.wm.RootWindowContainer.updateFocusedWindowLocked:541 com.android.server.wm.WindowManagerService.updateFocusedWindowLocked:6840 com.android.server.wm.WindowManagerService.relayoutWindow:2940 com.android.server.wm.Session.relayout:263 
07-13 08:59:41.999 D/C2MtkBufferManager( 1041): over 5000ms not request from VCodec but callback hooked, slow BM Cc fetch thread
07-13 08:59:42.001 I/WindowManager( 1813): cancelAnimation removed leash : Surface(name=Surface(name=d59f9dd NavigationBar0#77073)/@0xd8156d9 - animation-leash of insets_animation#77944)/@0x66ffa13
07-13 08:59:42.002 E/BufferQueueDebug( 1133): [Surface(name=d59f9dd NavigationBar0#77073)/@0xd8156d9 - animation-leash of insets_animation#77972](this:0xb400007855a32a30,id:-1,api:0,p:-1,c:-1) id info cannot be read from 'Surface(name=d59f9dd NavigationBar0#77073)/@0xd8156d9 - animation-leash of insets_animation#77972'
07-13 08:59:42.002 I/BufferQueueDebug( 1133): [Surface(name=d59f9dd NavigationBar0#77073)/@0xd8156d9 - animation-leash of insets_animation#77972](this:0xb400007855a32a30,id:-1,api:0,p:-1,c:-1) BufferQueue core=(1133:/system/bin/surfaceflinger)
07-13 08:59:42.003 I/WindowManager( 1813): cancelAnimation removed leash : Surface(name=Surface(name=5a869db StatusBar#93)/@0xba1daa7 - animation-leash of insets_animation#77945)/@0xa3f1649
07-13 08:59:42.004 E/BufferQueueDebug( 1133): [Surface(name=5a869db StatusBar#93)/@0xba1daa7 - animation-leash of insets_animation#77973](this:0xb400007855a4ba30,id:-1,api:0,p:-1,c:-1) id info cannot be read from 'Surface(name=5a869db StatusBar#93)/@0xba1daa7 - animation-leash of insets_animation#77973'
07-13 08:59:42.004 I/BufferQueueDebug( 1133): [Surface(name=5a869db StatusBar#93)/@0xba1daa7 - animation-leash of insets_animation#77973](this:0xb400007855a4ba30,id:-1,api:0,p:-1,c:-1) BufferQueue core=(1133:/system/bin/surfaceflinger)
07-13 08:59:42.005 D/WindowManager( 1813): wms.Input focus has changed to Window{52dece7 u0 com.miui.home/com.miui.home.launcher.Launcher} display=0 updateInputWindows = true
07-13 08:59:42.005 I/MultiSenceManagerInternalStub( 1813): getInstance
07-13 08:59:42.005 I/WindowManager( 1813): Relayout Window{52dece7 u0 com.miui.home/com.miui.home.launcher.Launcher}: oldVis=8 newVis=0 focusMayChange = true requestedWidth = 720 requestedHeight = 1600 outFrames = ClientWindowFrames{frame=[0,0][720,1600] display=[0,0][720,1600] parentFrame=[0,0][0,0]} outSurfaceControl = Surface(name=com.miui.home/com.miui.home.launcher.Launcher#77971)/@0xb1ceb4e
07-13 08:59:42.007 E/BufferQueueDebug( 1133): [ba1857c Splash Screen com.skillsroom.mobile#77974](this:0xb400007855a90a30,id:-1,api:0,p:-1,c:-1) id info cannot be read from 'ba1857c Splash Screen com.skillsroom.mobile#77974'
07-13 08:59:42.007 I/BufferQueueDebug( 1133): [ba1857c Splash Screen com.skillsroom.mobile#77974](this:0xb400007855a90a30,id:-1,api:0,p:-1,c:-1) BufferQueue core=(1133:/system/bin/surfaceflinger)
07-13 08:59:42.008 D/BufferQueueConsumer( 2470): [](id:9a600000521,api:0,p:-1,c:2470) connect: controlledByApp=false
07-13 08:59:42.010 E/Zygote  (20554): process_name_ptr:20554 com.skillsroom.mobile
07-13 08:59:42.012 D/VRI[Launcher]( 2470): vri.reportNextDraw android.view.ViewRootImpl.performTraversals:4402 android.view.ViewRootImpl.doTraversal:3018 android.view.ViewRootImpl$TraversalRunnable.run:10526 android.view.Choreographer$CallbackRecord.run:1682 android.view.Choreographer$CallbackRecord.run:1691 
07-13 08:59:42.014 W/RecentsModel( 2470): getRunningTask   taskInfo=TaskInfo{userId=0 taskId=2 displayId=0 isRunning=true baseIntent=Intent { act=android.intent.action.MAIN cat=[android.intent.category.HOME] flg=0x10000100 cmp=com.miui.home/.launcher.Launcher } baseActivity=ComponentInfo{com.miui.home/com.miui.home.launcher.Launcher} topActivity=ComponentInfo{com.miui.home/com.miui.home.launcher.Launcher} origActivity=null realActivity=ComponentInfo{com.miui.home/com.miui.home.launcher.Launcher} numActivities=1 lastActiveTime=691181666 supportsSplitScreenMultiWindow=true supportsMultiWindow=true resizeMode=2 isResizeable=true minWidth=-1 minHeight=-1 defaultMinSize=200 token=WCT{android.window.IWindowContainerToken$Stub$Proxy@18a896c} topActivityType=2 pictureInPictureParams=null shouldDockBigOverlays=false launchIntoPipHostTaskId=-1 lastParentTaskIdBeforePip=-1 displayCutoutSafeInsets=null topActivityInfo=ActivityInfo{3639b35 com.miui.home.launcher.Launcher} launchCookies=[] positionInParent=Point(0, 0) parentTaskId=-1 isFocused=true isVisible=false isVisibleRequested=true isSleeping=false topActivityInSizeCompat=false topActivityEligibleForLetterboxEducation= false topActivityLetterboxed= false isFromDoubleTap= false topActivityLetterboxVerticalPosition= -1 topActivityLetterboxHorizontalPosition= -1 topActivityLetterboxWidth=-1 topActivityLetterboxHeight=-1 locusId=null displayAreaFeatureId=1 cameraCompatControlState=hidden mIsCastMode=false mTopActivityMediaSize=null mTopActivityRecordName=ActivityRecord{8061640 u0 com.miui.home/.launcher.Launcher t2} mTopActivityOrientation=1 mTopActivityWindowIsNowVisible=false isTranslucent=false isEmbedded=false shouldBeVisible=true mBehindAppLockPkg=null mOriginatingUid=0}
07-13 08:59:42.014 D/VRI[Launcher]( 2470): vri.Setup new sync=wmsSync-VRI[Launcher]#6
07-13 08:59:42.014 W/RecentsModel( 2470): getTaskInfoIgnoreHomeAndFreeform   taskInfo=ComponentInfo{com.miui.home/com.miui.home.launcher.Launcher}
07-13 08:59:42.014 E/OpenGLRenderer( 2470): Unable to match the desired swap behavior.
07-13 08:59:42.015 D/SurfaceComposerClient( 1813): Transaction::apply InputWindowCommands.focusRequests timestamp=622085391593462, windowName=52dece7 com.miui.home/com.miui.home.launcher.Launcher
07-13 08:59:42.015 D/BoundBrokerSvc( 8414): onBind: Intent { act=com.google.android.gms.measurement.START pkg=com.google.android.gms }
07-13 08:59:42.015 D/BoundBrokerSvc( 8414): Loading bound service for intent: Intent { act=com.google.android.gms.measurement.START pkg=com.google.android.gms }
07-13 08:59:42.015 E/ActivityManagerWrapper( 2470): get all recent tasks force including 2
07-13 08:59:42.016 I/SurfaceFlinger( 1133): sf.setTransactionState focusRequest transactionId:7786776393057 frontWin:52dece7 com.miui.home/com.miui.home.launcher.Launcher
