07-13 08:59:57.209 W/Looper  (20554): PerfMonitor longMsg : seq=23 plan=08:59:55.871 late=1ms wall=1337ms h=com.facebook.react.bridge.queue.MessageQueueThreadHandler c=com.facebook.jni.NativeRunnable procState=-1
07-13 08:59:57.228 D/C2MtkBufferManager( 1041): over 5000ms not request from VCodec but callback hooked, slow BM Cc fetch thread
07-13 08:59:57.248 D/C2MtkBufferManager( 1041): over 5000ms not request from VCodec but callback hooked, slow BM Cc fetch thread
07-13 08:59:57.269 D/C2MtkBufferManager( 1041): over 5000ms not request from VCodec but callback hooked, slow BM Cc fetch thread
07-13 08:59:57.286 W/[RNScreens](20554): backTitleFontFamily prop is not available on Android
07-13 08:59:57.286 W/[RNScreens](20554): disableBackButtonMenu prop is not available on Android
07-13 08:59:57.286 W/[RNScreens](20554): backTitleVisible prop is not available on Android
07-13 08:59:57.286 W/[RNScreens](20554): topInsetEnabled prop is not available on Android
07-13 08:59:57.286 W/[RNScreens](20554): largeTitleHideShadow prop is not available on Android
07-13 08:59:57.287 W/[RNScreens](20554): largeTitleFontWeight prop is not available on Android
07-13 08:59:57.287 W/[RNScreens](20554): userInterfaceStyle prop is not available on Android
07-13 08:59:57.287 W/[RNScreens](20554): largeTitleFontFamily prop is not available on Android
07-13 08:59:57.289 D/C2MtkBufferManager( 1041): over 5000ms not request from VCodec but callback hooked, slow BM Cc fetch thread
07-13 08:59:57.292 W/[RNScreens](20554): backTitleFontFamily prop is not available on Android
07-13 08:59:57.292 W/[RNScreens](20554): disableBackButtonMenu prop is not available on Android
07-13 08:59:57.292 W/[RNScreens](20554): backTitleVisible prop is not available on Android
07-13 08:59:57.293 W/[RNScreens](20554): topInsetEnabled prop is not available on Android
07-13 08:59:57.293 W/[RNScreens](20554): largeTitleHideShadow prop is not available on Android
07-13 08:59:57.293 W/[RNScreens](20554): largeTitleFontWeight prop is not available on Android
07-13 08:59:57.293 W/[RNScreens](20554): userInterfaceStyle prop is not available on Android
07-13 08:59:57.293 W/[RNScreens](20554): largeTitleFontFamily prop is not available on Android
07-13 08:59:57.303 W/Looper  (20554): PerfMonitor doFrame : time=371ms vsyncFrame=0 latency=1ms procState=-1
07-13 08:59:57.310 D/C2MtkBufferManager( 1041): over 5000ms not request from VCodec but callback hooked, slow BM Cc fetch thread
07-13 08:59:57.330 D/C2MtkBufferManager( 1041): over 5000ms not request from VCodec but callback hooked, slow BM Cc fetch thread
07-13 08:59:57.337 D/WM-SystemJobScheduler(19459): Scheduling work ID 2ac7a88b-557d-4cd2-8721-5fe8e1119027Job ID 7361
07-13 08:59:57.350 D/C2MtkBufferManager( 1041): over 5000ms not request from VCodec but callback hooked, slow BM Cc fetch thread
07-13 08:59:57.356 I/libPerfCtl( 1059): xgfGetFPS pid:2459 fps:-1
07-13 08:59:57.356 I/libPerfCtl( 1059): xgfGetFPS pid:20554 fps:-1
07-13 08:59:57.356 I/libPowerHal( 1059): [updateFPS] pid(20554) : 60 => -1
07-13 08:59:57.358 I/libPowerHal( 1059): [perfNotifyAppState] pack:com.skillsroom.mobile, act:com.skillsroom.mobile.MainActivity, state:5, pid:20554, uid:10210, fps:-1
07-13 08:59:57.358 I/UxUtility( 1059): notifyForegroundApp pack:com.skillsroom.mobile, uid:10210
07-13 08:59:57.359 I/TouchUtility( 1059): notifyAppState error = NULL
07-13 08:59:57.371 D/C2MtkBufferManager( 1041): over 5000ms not request from VCodec but callback hooked, slow BM Cc fetch thread
07-13 08:59:57.373 D/WM-GreedyScheduler(19459): Starting tracking for 2ac7a88b-557d-4cd2-8721-5fe8e1119027
07-13 08:59:57.377 D/WM-SystemJobService(19459): onStartJob for WorkGenerationalId(workSpecId=2ac7a88b-557d-4cd2-8721-5fe8e1119027, generation=0)
07-13 08:59:57.388 D/WM-Processor(19459): Processor: processing WorkGenerationalId(workSpecId=2ac7a88b-557d-4cd2-8721-5fe8e1119027, generation=0)
07-13 08:59:57.391 D/C2MtkBufferManager( 1041): over 5000ms not request from VCodec but callback hooked, slow BM Cc fetch thread
07-13 08:59:57.412 D/C2MtkBufferManager( 1041): over 5000ms not request from VCodec but callback hooked, slow BM Cc fetch thread
07-13 08:59:57.431 D/WM-ConstraintTracker(19459): NetworkStateTracker24: initial state = NetworkState(isConnected=true, isValidated=true, isMetered=true, isNotRoaming=true)
07-13 08:59:57.431 D/WM-NetworkStateTracker(19459): Registering network callback
07-13 08:59:57.432 D/C2MtkBufferManager( 1041): over 5000ms not request from VCodec but callback hooked, slow BM Cc fetch thread
07-13 08:59:57.438 D/ConnectivityService( 1813): requestNetwork for uid/pid:10288/19459 activeRequest: null callbackRequest: 77197 [NetworkRequest [ REQUEST id=77198, [ Capabilities: INTERNET&NOT_RESTRICTED&TRUSTED&NOT_VCN_MANAGED Uid: 10288 RequestorUid: 10288 RequestorPkg: com.shaiban.audioplayer.mplayer UnderlyingNetworks: Null] ]] callback flags: 0 order: 2147483647 isUidTracked: false declaredMethods: AVAIL|LOST|NC
07-13 08:59:57.443 D/PackageManager( 1813): set app component=ComponentInfo{com.shaiban.audioplayer.mplayer/androidx.work.impl.background.systemalarm.RescheduleReceiver} enabled state: 1 from com.shaiban.audioplayer.mplayer,uid=10288,pid=19459
07-13 08:59:57.443 D/WM-WorkerWrapper(19459): Starting work for com.moloco.sdk.acm.eventprocessing.DBRequestWorker
07-13 08:59:57.449 D/WM-PackageManagerHelper(19459): androidx.work.impl.background.systemalarm.RescheduleReceiver enabled
07-13 08:59:57.451 D/WM-NetworkStateTracker(19459): Network capabilities changed: [ Transports: CELLULAR Capabilities: INTERNET&NOT_RESTRICTED&TRUSTED&NOT_VPN&VALIDATED&NOT_ROAMING&FOREGROUND&NOT_CONGESTED&NOT_SUSPENDED&NOT_VCN_MANAGED LinkUpBandwidth>=10955Kbps LinkDnBandwidth>=10955Kbps Specifier: <TelephonyNetworkSpecifier [mSubId = 1]> SubscriptionIds: {1} UnderlyingNetworks: Null]
07-13 08:59:57.451 D/WM-GreedyScheduler(19459): Constraints met: Scheduling work ID WorkGenerationalId(workSpecId=2ac7a88b-557d-4cd2-8721-5fe8e1119027, generation=0)
07-13 08:59:57.453 D/C2MtkBufferManager( 1041): over 5000ms not request from VCodec but callback hooked, slow BM Cc fetch thread
07-13 08:59:57.455 D/ConnectivityService( 1813): NetReassign [77198 : null → 141] [c 1] [a 8] [i 6]
07-13 08:59:57.458 D/WifiNetworkFactory( 1813): got request NetworkRequest [ REQUEST id=77198, [ Capabilities: INTERNET&NOT_RESTRICTED&TRUSTED&NOT_VCN_MANAGED Uid: 10288 RequestorUid: 10288 RequestorPkg: com.shaiban.audioplayer.mplayer UnderlyingNetworks: Null] ]
07-13 08:59:57.458 D/WM-Processor(19459): Work WorkGenerationalId(workSpecId=2ac7a88b-557d-4cd2-8721-5fe8e1119027, generation=0) is already enqueued for processing
07-13 08:59:57.462 D/UntrustedWifiNetworkFactory( 1813): got request NetworkRequest [ REQUEST id=77198, [ Capabilities: INTERNET&NOT_RESTRICTED&TRUSTED&NOT_VCN_MANAGED Uid: 10288 RequestorUid: 10288 RequestorPkg: com.shaiban.audioplayer.mplayer UnderlyingNetworks: Null] ]
07-13 08:59:57.464 D/OemPaidWifiNetworkFactory( 1813): got request NetworkRequest [ REQUEST id=77198, [ Capabilities: INTERNET&NOT_RESTRICTED&TRUSTED&NOT_VCN_MANAGED Uid: 10288 RequestorUid: 10288 RequestorPkg: com.shaiban.audioplayer.mplayer UnderlyingNetworks: Null] ]
07-13 08:59:57.465 D/MultiInternetWifiNetworkFactory( 1813): got request NetworkRequest [ REQUEST id=77198, [ Capabilities: INTERNET&NOT_RESTRICTED&TRUSTED&NOT_VCN_MANAGED Uid: 10288 RequestorUid: 10288 RequestorPkg: com.shaiban.audioplayer.mplayer UnderlyingNetworks: Null] ]
07-13 08:59:57.465 I/WM-WorkerWrapper(19459): Worker result SUCCESS for Work [ id=2ac7a88b-557d-4cd2-8721-5fe8e1119027, tags={ com.moloco.sdk.acm.eventprocessing.DBRequestWorker } ]
07-13 08:59:57.469 D/WM-Processor(19459): Processor 2ac7a88b-557d-4cd2-8721-5fe8e1119027 executed; reschedule = false
07-13 08:59:57.469 D/WM-GreedyScheduler(19459): Stopping tracking for WorkGenerationalId(workSpecId=2ac7a88b-557d-4cd2-8721-5fe8e1119027, generation=0)
07-13 08:59:57.471 D/WM-SystemJobService(19459): 2ac7a88b-557d-4cd2-8721-5fe8e1119027 executed on JobScheduler
07-13 08:59:57.473 D/C2MtkBufferManager( 1041): over 5000ms not request from VCodec but callback hooked, slow BM Cc fetch thread
07-13 08:59:57.483 D/WM-GreedyScheduler(19459): Cancelling work ID 2ac7a88b-557d-4cd2-8721-5fe8e1119027
07-13 08:59:57.488 D/ActivityManager( 1813): getProcessesInErrorState callingUid=10288, CallingPid=19459
07-13 08:59:57.488 D/ActivityManager( 1813): getProcessesInErrorState callingUid=10279, CallingPid=443
07-13 08:59:57.492 D/WM-NetworkStateTracker(19459): Unregistering network callback
07-13 08:59:57.494 D/C2MtkBufferManager( 1041): over 5000ms not request from VCodec but callback hooked, slow BM Cc fetch thread
07-13 08:59:57.506 D/PackageManager( 1813): set app component=ComponentInfo{com.shaiban.audioplayer.mplayer/androidx.work.impl.background.systemalarm.RescheduleReceiver} enabled state: 2 from com.shaiban.audioplayer.mplayer,uid=10288,pid=19459
07-13 08:59:57.511 D/WM-PackageManagerHelper(19459): androidx.work.impl.background.systemalarm.RescheduleReceiver disabled
07-13 08:59:57.514 D/C2MtkBufferManager( 1041): over 5000ms not request from VCodec but callback hooked, slow BM Cc fetch thread
07-13 08:59:57.526 I/gralloc4(20554): @set_metadata: update dataspace from GM (0x00000000 -> 0x08010000)
07-13 08:59:57.531 I/BufferQueueProducer( 1133): [com.skillsroom.mobile/com.skillsroom.mobile.MainActivity#77988](this:0xb40000785b584a30,id:-1,api:0,p:-1,c:1133) queueBuffer: fps=18.16 dur=2147.64 max=1515.24 min=15.70
07-13 08:59:57.534 I/hwcomposer( 1039): [HWCDisplay] [Display_0 (type:1)] fps:18.487286,dur:2163.65,max:1516.06,min:14.50  
07-13 08:59:57.535 D/C2MtkBufferManager( 1041): over 5000ms not request from VCodec but callback hooked, slow BM Cc fetch thread
07-13 08:59:57.555 D/C2MtkBufferManager( 1041): over 5000ms not request from VCodec but callback hooked, slow BM Cc fetch thread
07-13 08:59:57.576 D/C2MtkBufferManager( 1041): over 5000ms not request from VCodec but callback hooked, slow BM Cc fetch thread
07-13 08:59:57.596 D/C2MtkBufferManager( 1041): over 5000ms not request from VCodec but callback hooked, slow BM Cc fetch thread
07-13 08:59:57.616 D/C2MtkBufferManager( 1041): over 5000ms not request from VCodec but callback hooked, slow BM Cc fetch thread
07-13 08:59:57.637 D/C2MtkBufferManager( 1041): over 5000ms not request from VCodec but callback hooked, slow BM Cc fetch thread
07-13 08:59:57.657 D/C2MtkBufferManager( 1041): over 5000ms not request from VCodec but callback hooked, slow BM Cc fetch thread
07-13 08:59:57.678 D/C2MtkBufferManager( 1041): over 5000ms not request from VCodec but callback hooked, slow BM Cc fetch thread
07-13 08:59:57.699 D/C2MtkBufferManager( 1041): over 5000ms not request from VCodec but callback hooked, slow BM Cc fetch thread
07-13 08:59:57.719 D/C2MtkBufferManager( 1041): over 5000ms not request from VCodec but callback hooked, slow BM Cc fetch thread
07-13 08:59:57.740 D/C2MtkBufferManager( 1041): over 5000ms not request from VCodec but callback hooked, slow BM Cc fetch thread
07-13 08:59:57.740 W/C2BqBuffer( 1041): last successful dequeue was 90849004645 us ago, 0 consecutive failures
07-13 08:59:57.760 D/C2MtkBufferManager( 1041): over 5000ms not request from VCodec but callback hooked, slow BM Cc fetch thread
07-13 08:59:57.781 D/C2MtkBufferManager( 1041): over 5000ms not request from VCodec but callback hooked, slow BM Cc fetch thread
07-13 08:59:57.793 D/TrafficManageService( 5491): onReceive: intent.action = com.android.server.action.NETWORK_STATS_UPDATED
07-13 08:59:57.796 D/TrafficManageService-TrafficSimManager( 5491): notifyByNetChange: gooooo
07-13 08:59:57.802 D/C2MtkBufferManager( 1041): over 5000ms not request from VCodec but callback hooked, slow BM Cc fetch thread
07-13 08:59:57.822 D/C2MtkBufferManager( 1041): over 5000ms not request from VCodec but callback hooked, slow BM Cc fetch thread
07-13 08:59:57.828 D/TrafficManageService-TrafficSimManager( 5491): getMonthDataUsageUsed: new_get = 59827262817
07-13 08:59:57.843 D/C2MtkBufferManager( 1041): over 5000ms not request from VCodec but callback hooked, slow BM Cc fetch thread
07-13 08:59:57.863 D/C2MtkBufferManager( 1041): over 5000ms not request from VCodec but callback hooked, slow BM Cc fetch thread
07-13 08:59:57.871 I/gralloc4(20554): @set_metadata: update dataspace from GM (0x00000000 -> 0x08010000)
07-13 08:59:57.884 D/C2MtkBufferManager( 1041): over 5000ms not request from VCodec but callback hooked, slow BM Cc fetch thread
07-13 08:59:57.891 I/gralloc4(20554): @set_metadata: update dataspace from GM (0x00000000 -> 0x08010000)
07-13 08:59:57.904 D/C2MtkBufferManager( 1041): over 5000ms not request from VCodec but callback hooked, slow BM Cc fetch thread
07-13 08:59:57.925 D/C2MtkBufferManager( 1041): over 5000ms not request from VCodec but callback hooked, slow BM Cc fetch thread
07-13 08:59:57.934 I/gralloc4(20554): @set_metadata: update dataspace from GM (0x00000000 -> 0x08010000)
07-13 08:59:57.945 D/C2MtkBufferManager( 1041): over 5000ms not request from VCodec but callback hooked, slow BM Cc fetch thread
07-13 08:59:57.959 I/gralloc4(20554): @set_metadata: update dataspace from GM (0x00000000 -> 0x08010000)
07-13 08:59:57.966 D/C2MtkBufferManager( 1041): over 5000ms not request from VCodec but callback hooked, slow BM Cc fetch thread
07-13 08:59:57.971 I/gralloc4(20554): @set_metadata: update dataspace from GM (0x00000000 -> 0x08010000)
07-13 08:59:57.981 I/gralloc4(20554): @set_metadata: update dataspace from GM (0x00000000 -> 0x08010000)
07-13 08:59:57.986 D/C2MtkBufferManager( 1041): over 5000ms not request from VCodec but callback hooked, slow BM Cc fetch thread
07-13 08:59:57.990 D/ActivityManager( 1813): getProcessesInErrorState callingUid=10288, CallingPid=19459
07-13 08:59:57.990 D/ActivityManager( 1813): getProcessesInErrorState callingUid=10279, CallingPid=443
07-13 08:59:57.999 I/gralloc4(20554): @set_metadata: update dataspace from GM (0x00000000 -> 0x08010000)
07-13 08:59:58.007 D/C2MtkBufferManager( 1041): over 5000ms not request from VCodec but callback hooked, slow BM Cc fetch thread
07-13 08:59:58.016 I/gralloc4(20554): @set_metadata: update dataspace from GM (0x00000000 -> 0x08010000)
07-13 08:59:58.028 D/C2MtkBufferManager( 1041): over 5000ms not request from VCodec but callback hooked, slow BM Cc fetch thread
07-13 08:59:58.030 I/gralloc4(20554): @set_metadata: update dataspace from GM (0x00000000 -> 0x08010000)
07-13 08:59:58.048 I/gralloc4(20554): @set_metadata: update dataspace from GM (0x00000000 -> 0x08010000)
07-13 08:59:58.048 D/C2MtkBufferManager( 1041): over 5000ms not request from VCodec but callback hooked, slow BM Cc fetch thread
07-13 08:59:58.069 D/C2MtkBufferManager( 1041): over 5000ms not request from VCodec but callback hooked, slow BM Cc fetch thread
07-13 08:59:58.070 I/gralloc4(20554): @set_metadata: update dataspace from GM (0x00000000 -> 0x08010000)
07-13 08:59:58.081 D/ServiceStateProvider( 2457): subId=5
07-13 08:59:58.083 I/gralloc4(20554): @set_metadata: update dataspace from GM (0x00000000 -> 0x08010000)
07-13 08:59:58.084 D/MobileStatusTracker(5)( 2459): onServiceStateChanged state={mVoiceRegState=0(IN_SERVICE), mDataRegState=0(IN_SERVICE), mChannelNumber=1873, duplexMode()=1, mCellBandwidths=[10000], mOperatorAlphaLong=Airtel Nigeria, mOperatorAlphaShort=Airtel Nigeria, isManualNetworkSelection=false(automatic), getRilVoiceRadioTechnology=14(LTE), getRilDataRadioTechnology=14(LTE), mCssIndicator=unsupported, mNetworkId=-1, mSystemId=-1, mCdmaRoamingIndicator=-1, mCdmaDefaultRoamingIndicator=-1, mIsEmergencyOnly=false, isUsingCarrierAggregation=false, mArfcnRsrpBoost=0, mNetworkRegistrationInfos=[NetworkRegistrationInfo{ domain=PS transportType=WLAN registrationState=NOT_REG_OR_SEARCHING networkRegistrationState=NOT_REG_OR_SEARCHING roamingType=NOT_ROAMING accessNetworkTechnology=UNKNOWN rejectCause=0 emergencyEnabled=false availableServices=[] cellIdentity=null voiceSpecificInfo=null dataSpecificInfo=android.telephony.DataSpecificRegistrationInfo :{ maxDataCalls = 0 isDcNrRestricted = false isNrAvailable = false isEnDcAvailable = false mLteAttachResultType = 0 mLteAttachExtraInfo = 0 LteVopsSupportInfo :  mVopsSupport = 1 mEmcBearerSupport = 1 } nrState=**** rRplmn=null isUsingCarrierAggregation=false}, NetworkRegistrationInfo{ domain=CS transportType=WWAN registrationState=HOME networkRegistrationState=HOME roamingType=NOT_ROAMING accessNetworkTechnology=LTE rejectCause=0 emergencyEnabled=false availableServices=[VOICE,SMS,VIDEO] cellIdentity=CellIdentityLte:{ mBandwidth=10000 mMcc=621 mMnc=20 mAlphaLong=Airtel Nigeria mAlphaShort=Airtel Nigeria mAdditionalPlmns={} mCsgInfo=null} voiceSpecificInfo=VoiceSpecificRegistrationInfo { mCssSupported=false mRoamingIndicator=0 mSystemIsInPrl=0 mDefaultRoamingIndicator=0} dataSpecificInfo=null nrState=**** rRplmn=62120 isUsingCarrierAggregation=false}, NetworkRegistrationInfo{ domain=PS transportType=WWAN registrationState=HOME networkRegistrationState=HOME roamingType=NOT_ROAMING accessNetworkTechnology=LTE rejectCause=0 emergencyEnabled=false availableServices=[DATA] cellIdentity=CellIdentityLte:{ mBandwidth=10000 mMcc=621 mMnc=20 mAlphaLong=Airtel Nigeria mAlphaShort=Airtel Nigeria mAdditionalPlmns={} mCsgInfo=null} voiceSpecificInfo=null dataSpecificInfo=android.telephony.DataSpecificRegistrationInfo :{ maxDataCalls = 16 isDcNrRestricted = false isNrAvailable = false isEnDcAvailable = false mLteAttachResultType = 0 mLteAttachExtraInfo = 0 LteVopsSupportInfo :  mVopsSupport = 3 mEmcBearerSupport = 3 } nrState=**** rRplmn=62120 isUsingCarrierAggregation=false}], mNrFrequencyRange=0, mOperatorAlphaLongRaw=Airtel Nigeria, mOperatorAlphaShortRaw=Airtel Nigeria, mIsDataRoamingFromRegistration=false, mIsIwlanPreferred=false}
07-13 08:59:58.084 D/NetworkController.MobileSignalController(5)( 2459): update5GConnectState: false
07-13 08:59:58.084 D/NetworkController.MobileSignalController(5)( 2459): ss use aosp level not 0, 5
07-13 08:59:58.090 D/C2MtkBufferManager( 1041): over 5000ms not request from VCodec but callback hooked, slow BM Cc fetch thread
07-13 08:59:58.095 I/gralloc4(20554): @set_metadata: update dataspace from GM (0x00000000 -> 0x08010000)
07-13 08:59:58.102 W/ContextImpl( 1813): Calling a method in the system process without a qualified user: android.app.ContextImpl.sendBroadcastMultiplePermissions:1281 android.content.Context.sendBroadcastMultiplePermissions:2487 com.android.server.TelephonyRegistry.broadcastServiceStateChanged:3616 com.android.server.TelephonyRegistry.notifyServiceStateForPhoneId:1778 com.android.internal.telephony.ITelephonyRegistry$Stub.onTransact:534 
07-13 08:59:58.107 W/ContextImpl( 1813): Calling a method in the system process without a qualified user: android.app.ContextImpl.sendBroadcastMultiplePermissions:1314 com.android.server.TelephonyRegistry.broadcastServiceStateChanged:3621 com.android.server.TelephonyRegistry.notifyServiceStateForPhoneId:1778 com.android.internal.telephony.ITelephonyRegistry$Stub.onTransact:534 android.os.Binder.execTransactInternal:1351 
07-13 08:59:58.110 D/C2MtkBufferManager( 1041): over 5000ms not request from VCodec but callback hooked, slow BM Cc fetch thread
07-13 08:59:58.110 D/MiuiCarrierTextController( 2459): updateCarrierText: MTN - NG | Airtel NG
07-13 08:59:58.111 I/gralloc4(20554): @set_metadata: update dataspace from GM (0x00000000 -> 0x08010000)
07-13 08:59:58.112 W/ContextImpl( 1813): Calling a method in the system process without a qualified user: android.app.ContextImpl.sendBroadcastMultiplePermissions:1314 com.android.server.TelephonyRegistry.broadcastServiceStateChanged:3630 com.android.server.TelephonyRegistry.notifyServiceStateForPhoneId:1778 com.android.internal.telephony.ITelephonyRegistry$Stub.onTransact:534 android.os.Binder.execTransactInternal:1351 
07-13 08:59:58.114 W/ContextImpl( 1813): Calling a method in the system process without a qualified user: android.app.ContextImpl.sendBroadcastMultiplePermissions:1314 com.android.server.TelephonyRegistry.broadcastServiceStateChanged:3636 com.android.server.TelephonyRegistry.notifyServiceStateForPhoneId:1778 com.android.internal.telephony.ITelephonyRegistry$Stub.onTransact:534 android.os.Binder.execTransactInternal:1351 
07-13 08:59:58.117 I/SmartPower: com.google.android.cellbroadcastreceiver/10249(20478)( 1813): idle->background(14700ms) R(broadcast start Intent { act=android.intent.action.SERVICE_STATE flg=0x1000010 (has extras) }) adj=915.
07-13 08:59:58.119 I/MiuiNetworkPolicy( 1813): updateUidState uid = 10249, uidState = 11
07-13 08:59:58.126 I/gralloc4(20554): @set_metadata: update dataspace from GM (0x00000000 -> 0x08010000)
07-13 08:59:58.129 D/MediaCodec(19459): [mId: 2] audio-debug Stats over last 5007ms:
07-13 08:59:58.129 D/MediaCodec(19459): [mId: 2] audio-debug Qinput: 0, DQinput: 0 success out of 5 tries
07-13 08:59:58.129 D/MediaCodec(19459): [mId: 2] audio-debug Render: 0, Drop: 0, DQoutput: 0 success out of 0 tries
07-13 08:59:58.131 D/C2MtkBufferManager( 1041): over 5000ms not request from VCodec but callback hooked, slow BM Cc fetch thread
07-13 08:59:58.141 D/CellBroadcastReceiver(20478): onReceive Intent { act=android.intent.action.SERVICE_STATE flg=0x1000010 cmp=com.google.android.cellbroadcastreceiver/com.android.cellbroadcastreceiver.CellBroadcastReceiver (has extras) }
07-13 08:59:58.146 D/CellBroadcastReceiver(20478): onServiceStateChanged, ss: 0
07-13 08:59:58.147 D/CellBroadcastReceiver(20478): networkOperator: 62130
07-13 08:59:58.147 I/gralloc4(20554): @set_metadata: update dataspace from GM (0x00000000 -> 0x08010000)
07-13 08:59:58.151 D/C2MtkBufferManager( 1041): over 5000ms not request from VCodec but callback hooked, slow BM Cc fetch thread
07-13 08:59:58.151 D/CellBroadcastReceiver(20478): update supported roaming operator as 
07-13 08:59:58.152 D/MediaCodec(19459): [mId: 6] audio-debug Stats over last 5007ms:
07-13 08:59:58.152 D/MediaCodec(19459): [mId: 6] audio-debug Qinput: 0, DQinput: 0 success out of 5 tries
07-13 08:59:58.152 D/MediaCodec(19459): [mId: 6] audio-debug Render: 0, Drop: 0, DQoutput: 0 success out of 0 tries
07-13 08:59:58.154 I/MiuiNetworkPolicy( 1813): updateUidState uid = 10249, uidState = 19
07-13 08:59:58.163 I/gralloc4(20554): @set_metadata: update dataspace from GM (0x00000000 -> 0x08010000)
07-13 08:59:58.171 D/C2MtkBufferManager( 1041): over 5000ms not request from VCodec but callback hooked, slow BM Cc fetch thread
07-13 08:59:58.181 I/gralloc4(20554): @set_metadata: update dataspace from GM (0x00000000 -> 0x08010000)
07-13 08:59:58.192 D/C2MtkBufferManager( 1041): over 5000ms not request from VCodec but callback hooked, slow BM Cc fetch thread
07-13 08:59:58.194 I/gralloc4(20554): @set_metadata: update dataspace from GM (0x00000000 -> 0x08010000)
07-13 08:59:58.212 D/C2MtkBufferManager( 1041): over 5000ms not request from VCodec but callback hooked, slow BM Cc fetch thread
07-13 08:59:58.213 I/gralloc4(20554): @set_metadata: update dataspace from GM (0x00000000 -> 0x08010000)
07-13 08:59:58.233 D/C2MtkBufferManager( 1041): over 5000ms not request from VCodec but callback hooked, slow BM Cc fetch thread
07-13 08:59:58.253 D/C2MtkBufferManager( 1041): over 5000ms not request from VCodec but callback hooked, slow BM Cc fetch thread
07-13 08:59:58.274 D/C2MtkBufferManager( 1041): over 5000ms not request from VCodec but callback hooked, slow BM Cc fetch thread
07-13 08:59:58.294 D/C2MtkBufferManager( 1041): over 5000ms not request from VCodec but callback hooked, slow BM Cc fetch thread
07-13 08:59:58.315 D/C2MtkBufferManager( 1041): over 5000ms not request from VCodec but callback hooked, slow BM Cc fetch thread
07-13 08:59:58.336 D/C2MtkBufferManager( 1041): over 5000ms not request from VCodec but callback hooked, slow BM Cc fetch thread
07-13 08:59:58.356 I/libPerfCtl( 1059): xgfGetFPS pid:2459 fps:-1
07-13 08:59:58.356 I/libPerfCtl( 1059): xgfGetFPS pid:20554 fps:55
07-13 08:59:58.356 I/libPowerHal( 1059): [updateFPS] pid(20554) : -1 => 60
07-13 08:59:58.356 D/C2MtkBufferManager( 1041): over 5000ms not request from VCodec but callback hooked, slow BM Cc fetch thread
07-13 08:59:58.357 I/libPowerHal( 1059): [perfNotifyAppState] pack:com.skillsroom.mobile, act:com.skillsroom.mobile.MainActivity, state:5, pid:20554, uid:10210, fps:60
07-13 08:59:58.357 I/UxUtility( 1059): notifyForegroundApp pack:com.skillsroom.mobile, uid:10210
07-13 08:59:58.357 I/TouchUtility( 1059): notifyAppState error = NULL
07-13 08:59:58.377 D/C2MtkBufferManager( 1041): over 5000ms not request from VCodec but callback hooked, slow BM Cc fetch thread
07-13 08:59:58.397 D/C2MtkBufferManager( 1041): over 5000ms not request from VCodec but callback hooked, slow BM Cc fetch thread
07-13 08:59:58.418 D/C2MtkBufferManager( 1041): over 5000ms not request from VCodec but callback hooked, slow BM Cc fetch thread
07-13 08:59:58.430 I/gralloc4(20554): @set_metadata: update dataspace from GM (0x00000000 -> 0x08010000)
07-13 08:59:58.432 D/PerfShielderService( 1813): com.skillsroom.mobile|com.skillsroom.mobile/com.skillsroom.mobile.MainActivity|771|622101466735540|351|2|13
07-13 08:59:58.432 W/MiuiPerfServiceClient( 3978): interceptAndQueuing:20554|com.skillsroom.mobile|771|351|622101466735540|Slow handle animation|13
07-13 08:59:58.438 D/C2MtkBufferManager( 1041): over 5000ms not request from VCodec but callback hooked, slow BM Cc fetch thread
07-13 08:59:58.454 I/AppsFilter( 1813): interaction: PackageSetting{84376c0 com.android.microdroid.empty_payload/10390} -> PackageSetting{1317bd9 com.shaiban.audioplayer.mplayer/10288} BLOCKED
07-13 08:59:58.454 I/AppsFilter( 1813): interaction: PackageSetting{2774b3e com.fido.asm/10367} -> PackageSetting{1317bd9 com.shaiban.audioplayer.mplayer/10288} BLOCKED
07-13 08:59:58.455 I/AppsFilter( 1813): interaction: PackageSetting{8a4099e com.skillsroom.mobile/10210} -> PackageSetting{1317bd9 com.shaiban.audioplayer.mplayer/10288} BLOCKED
07-13 08:59:58.459 D/C2MtkBufferManager( 1041): over 5000ms not request from VCodec but callback hooked, slow BM Cc fetch thread
07-13 08:59:58.464 D/TelephonyManager( 2457): requestModemActivityInfo: Sending result to app: ModemActivityInfo{ mTimestamp=691198116 mSleepTimeMs=291162459 mIdleTimeMs=82939158 mActivityStatsTechSpecificInfo=[{mRat=UNKNOWN,mFrequencyRange=UNKNOWN,mTxTimeMs[]=[99490, 856041, 16352519, 16775184, 35418455],mRxTimeMs=318827980}]}
07-13 08:59:58.479 D/C2MtkBufferManager( 1041): over 5000ms not request from VCodec but callback hooked, slow BM Cc fetch thread
07-13 08:59:58.492 D/ActivityManager( 1813): getProcessesInErrorState callingUid=10288, CallingPid=19459
07-13 08:59:58.493 D/ActivityManager( 1813): getProcessesInErrorState callingUid=10279, CallingPid=443
07-13 08:59:58.500 D/C2MtkBufferManager( 1041): over 5000ms not request from VCodec but callback hooked, slow BM Cc fetch thread
07-13 08:59:58.507 D/CarrierSvcBindHelper( 2457): onPackageModified: com.shaiban.audioplayer.mplayer
07-13 08:59:58.507 D/CarrierSvcBindHelper( 2457): No carrier app for: 0
07-13 08:59:58.507 D/CarrierSvcBindHelper( 2457): No carrier app for: 1
07-13 08:59:58.510 D/ImsResolver( 2457): maybeAddedImsService, packageName: com.shaiban.audioplayer.mplayer
07-13 08:59:58.519 V/MediaPlayerList(29492): mPackageChangedBroadcastReceiver: action: android.intent.action.PACKAGE_CHANGED
07-13 08:59:58.520 D/ControlsListingControllerImpl( 2459): ServiceConfig reloaded, count: 1
07-13 08:59:58.520 I/PermissionControllerServiceImpl(32414): Updating user sensitive for uid 10288
07-13 08:59:58.520 D/C2MtkBufferManager( 1041): over 5000ms not request from VCodec but callback hooked, slow BM Cc fetch thread
07-13 08:59:58.523 D/LockScreenMagazineController( 2459): received broadcast android.intent.action.PACKAGE_CHANGED
07-13 08:59:58.531 D/ActivityManager( 1813): getProcessesInErrorState callingUid=10283, CallingPid=7279
07-13 08:59:58.541 D/C2MtkBufferManager( 1041): over 5000ms not request from VCodec but callback hooked, slow BM Cc fetch thread
07-13 08:59:58.547 D/connsyslogger( 1516): SD_LOG_ROOT is /data/debuglogger/connsyslog/fw.
07-13 08:59:58.548 D/connsyslogger( 1516): systemReady:1
07-13 08:59:58.561 D/C2MtkBufferManager( 1041): over 5000ms not request from VCodec but callback hooked, slow BM Cc fetch thread
07-13 08:59:58.582 D/C2MtkBufferManager( 1041): over 5000ms not request from VCodec but callback hooked, slow BM Cc fetch thread
07-13 08:59:58.602 D/C2MtkBufferManager( 1041): over 5000ms not request from VCodec but callback hooked, slow BM Cc fetch thread
07-13 08:59:58.623 D/C2MtkBufferManager( 1041): over 5000ms not request from VCodec but callback hooked, slow BM Cc fetch thread
07-13 08:59:58.624 W/Settings( 2457): Setting airplane_mode_on has moved from android.provider.Settings.System to android.provider.Settings.Global, returning read-only value.
07-13 08:59:58.643 D/C2MtkBufferManager( 1041): over 5000ms not request from VCodec but callback hooked, slow BM Cc fetch thread
07-13 08:59:58.664 D/C2MtkBufferManager( 1041): over 5000ms not request from VCodec but callback hooked, slow BM Cc fetch thread
07-13 08:59:58.684 D/C2MtkBufferManager( 1041): over 5000ms not request from VCodec but callback hooked, slow BM Cc fetch thread
07-13 08:59:58.685 W/Settings( 2457): Setting airplane_mode_on has moved from android.provider.Settings.System to android.provider.Settings.Global, returning read-only value.
07-13 08:59:58.688 D/MobileStatusTracker(5)( 2459): onSignalStrengthsChanged signalStrength=SignalStrength:{mCdma=CellSignalStrengthCdma: cdmaDbm=2147483647 cdmaEcio=2147483647 evdoDbm=2147483647 evdoEcio=2147483647 evdoSnr=2147483647 miuiLevel=0 mOptimizedLevel=0 level=0,mGsm=CellSignalStrengthGsm: rssi=2147483647 ber=2147483647 mTa=2147483647 miuiLevel=0 isNtnMode=false mLevel=0,mWcdma=CellSignalStrengthWcdma: ss=2147483647 ber=2147483647 rscp=2147483647 ecno=2147483647 miuiLevel=0 mOptimizedLevel=0 level=0,mTdscdma=CellSignalStrengthTdscdma: rssi=2147483647 ber=2147483647 rscp=2147483647 miuiLevel=0 mOptimizedLevel=0 level=0,mLte=CellSignalStrengthLte: rssi=-71 rsrp=-83 rsrq=-13 rssnr=17 cqiTableIndex=2147483647 cqi=0 ta=0 miuiLevel=5 mOptimizedLevel=0 level=4 parametersUseForLevel=0,mNr=CellSignalStrengthNr:{ csiRsrp = 2147483647 csiRsrq = 2147483647 csiCqiTableIndex = 2147483647 csiCqiReport = [] ssRsrp = 2147483647 ssRsrq = 2147483647 ssSinr = 2147483647 miuiLevel = 0 mOptimizedLevel = 0 level = 0 parametersUseForLevel = 0 timingAdvance = 2147483647 },primary=CellSignalStrengthLte,mNrAsPrimaryInNrNsa=false}
07-13 08:59:58.688 D/NetworkController.MobileSignalController(5)( 2459): update5GConnectState: false
07-13 08:59:58.688 D/NetworkController.MobileSignalController(5)( 2459): ss use aosp level not 0, 5
07-13 08:59:58.705 D/C2MtkBufferManager( 1041): over 5000ms not request from VCodec but callback hooked, slow BM Cc fetch thread
07-13 08:59:58.715 I/InputReader( 1813): Reconfiguring input devices, changes=KEYBOARD_LAYOUTS
07-13 08:59:58.725 D/C2MtkBufferManager( 1041): over 5000ms not request from VCodec but callback hooked, slow BM Cc fetch thread
07-13 08:59:58.745 D/MiuiFreeformCursorHandler( 2459): updateSupportMouse mSupportMouse：false
07-13 08:59:58.745 D/MiuiFreeformCursorHandler( 2459): updateSupportMouse mSupportMouse：false
07-13 08:59:58.745 D/MiuiFreeformCursorHandler( 2459): updateSupportMouse mSupportMouse：false
07-13 08:59:58.745 D/MiuiFreeformCursorHandler( 2459): updateSupportMouse mSupportMouse：false
07-13 08:59:58.746 D/MiuiFreeformCursorHandler( 2459): updateSupportMouse mSupportMouse：false
07-13 08:59:58.746 D/C2MtkBufferManager( 1041): over 5000ms not request from VCodec but callback hooked, slow BM Cc fetch thread
07-13 08:59:58.756 I/PkDeviceHelper( 4463): PkDeviceHelper.refreshDevices():87 refreshing devices
07-13 08:59:58.757 I/PkDeviceHelper( 4463): PkDeviceHelper.refreshDevices():87 refreshing devices
07-13 08:59:58.757 I/PkDeviceHelper( 4463): PkDeviceHelper.refreshDevices():87 refreshing devices
07-13 08:59:58.757 I/PkDeviceHelper( 4463): PkDeviceHelper.refreshDevices():87 refreshing devices
07-13 08:59:58.757 I/PkDeviceHelper( 4463): PkDeviceHelper.refreshDevices():87 refreshing devices
07-13 08:59:58.766 D/C2MtkBufferManager( 1041): over 5000ms not request from VCodec but callback hooked, slow BM Cc fetch thread
07-13 08:59:58.787 D/C2MtkBufferManager( 1041): over 5000ms not request from VCodec but callback hooked, slow BM Cc fetch thread
07-13 08:59:58.800 I/gralloc4(20554): @set_metadata: update dataspace from GM (0x00000000 -> 0x08010000)
07-13 08:59:58.807 D/C2MtkBufferManager( 1041): over 5000ms not request from VCodec but callback hooked, slow BM Cc fetch thread
07-13 08:59:58.809 I/gralloc4(20554): @set_metadata: update dataspace from GM (0x00000000 -> 0x08010000)
07-13 08:59:58.815 I/BufferQueueProducer( 1133): [com.skillsroom.mobile/com.skillsroom.mobile.MainActivity#77988](this:0xb40000785b584a30,id:-1,api:0,p:-1,c:1133) queueBuffer: fps=17.12 dur=1284.68 max=383.54 min=16.12
07-13 08:59:58.819 I/hwcomposer( 1039): [HWCDisplay] [Display_0 (type:1)] fps:17.120537,dur:1285.01,max:384.78,min:15.75  
07-13 08:59:58.827 D/C2MtkBufferManager( 1041): over 5000ms not request from VCodec but callback hooked, slow BM Cc fetch thread
07-13 08:59:58.848 D/C2MtkBufferManager( 1041): over 5000ms not request from VCodec but callback hooked, slow BM Cc fetch thread
07-13 08:59:58.869 D/C2MtkBufferManager( 1041): over 5000ms not request from VCodec but callback hooked, slow BM Cc fetch thread
07-13 08:59:58.890 D/C2MtkBufferManager( 1041): over 5000ms not request from VCodec but callback hooked, slow BM Cc fetch thread
07-13 08:59:58.910 D/C2MtkBufferManager( 1041): over 5000ms not request from VCodec but callback hooked, slow BM Cc fetch thread
07-13 08:59:58.931 D/C2MtkBufferManager( 1041): over 5000ms not request from VCodec but callback hooked, slow BM Cc fetch thread
07-13 08:59:58.951 D/C2MtkBufferManager( 1041): over 5000ms not request from VCodec but callback hooked, slow BM Cc fetch thread
07-13 08:59:58.972 D/C2MtkBufferManager( 1041): over 5000ms not request from VCodec but callback hooked, slow BM Cc fetch thread
07-13 08:59:58.974 I/SmartPower: com.mi.globalminusscreen/10161(3531)( 1813): idle->background(91486ms) R(broadcast start Intent { act=android.intent.action.PACKAGE_CHANGED dat=package: flg=0x45000010 (has extras) }) adj=100.
07-13 08:59:58.984 I/SmartPower: android.process.acore/10078(20339)( 1813): idle->background(49563ms) R(broadcast start Intent { act=android.intent.action.PACKAGE_CHANGED dat=package: flg=0x45000010 (has extras) }) adj=800.
07-13 08:59:58.985 I/SmartPower: com.google.android.contacts/10183(20287)( 1813): idle->background(36197ms) R(broadcast start Intent { act=android.intent.action.PACKAGE_CHANGED dat=package: flg=0x45000010 (has extras) }) adj=905.
07-13 08:59:58.992 D/C2MtkBufferManager( 1041): over 5000ms not request from VCodec but callback hooked, slow BM Cc fetch thread
07-13 08:59:58.993 I/PackageInstallReceiver( 3531): action = android.intent.action.PACKAGE_CHANGED packageName = com.shaiban.audioplayer.mplayer
07-13 08:59:58.993 D/ActivityManager( 1813): getProcessesInErrorState callingUid=10288, CallingPid=19459
07-13 08:59:58.996 D/ActivityManager( 1813): getProcessesInErrorState callingUid=10279, CallingPid=443
07-13 08:59:58.996 D/AppFinder:PackageUpdatedTask( 3531): app enable status changed: com.shaiban.audioplayer.mplayer
07-13 08:59:59.001 V/ContactsTaskScheduler(20339): [ContactsPackageMonitor] Thread[Worker-1,5,main] started.
07-13 08:59:59.002 V/ContactsTaskScheduler(20339): [ContactsPackageMonitor] Thread[Worker-1,5,main] dispatching 0
07-13 08:59:59.012 D/ContactDirectoryManager(20339): onPackageChanged,updateDirectoriesForPackage, packageName:com.shaiban.audioplayer.mplayer
07-13 08:59:59.013 D/C2MtkBufferManager( 1041): over 5000ms not request from VCodec but callback hooked, slow BM Cc fetch thread
07-13 08:59:59.033 D/C2MtkBufferManager( 1041): over 5000ms not request from VCodec but callback hooked, slow BM Cc fetch thread
07-13 08:59:59.054 D/C2MtkBufferManager( 1041): over 5000ms not request from VCodec but callback hooked, slow BM Cc fetch thread
07-13 08:59:59.058 V/ContactsTaskScheduler(20339): [ContactsPackageMonitor] Thread[Worker-1,5,main] dispatching end 0
07-13 08:59:59.074 D/C2MtkBufferManager( 1041): over 5000ms not request from VCodec but callback hooked, slow BM Cc fetch thread
07-13 08:59:59.095 D/C2MtkBufferManager( 1041): over 5000ms not request from VCodec but callback hooked, slow BM Cc fetch thread
07-13 08:59:59.111 I/FraudProtectUtils( 8414): Not in testing population, skipping local test bank apps. [CONTEXT service_id=469 ]
07-13 08:59:59.115 D/C2MtkBufferManager( 1041): over 5000ms not request from VCodec but callback hooked, slow BM Cc fetch thread
07-13 08:59:59.119 I/FraudProtectUtils( 8414): (REDACTED) Latest bank app list size: %d, %s isBankApp: false
07-13 08:59:59.120 W/ComponentChangedIO( 8414): No package name in intent data or package is not a bank app [CONTEXT service_id=469 ]
07-13 08:59:59.136 D/C2MtkBufferManager( 1041): over 5000ms not request from VCodec but callback hooked, slow BM Cc fetch thread
07-13 08:59:59.156 D/C2MtkBufferManager( 1041): over 5000ms not request from VCodec but callback hooked, slow BM Cc fetch thread
07-13 08:59:59.177 D/C2MtkBufferManager( 1041): over 5000ms not request from VCodec but callback hooked, slow BM Cc fetch thread
07-13 08:59:59.197 D/C2MtkBufferManager( 1041): over 5000ms not request from VCodec but callback hooked, slow BM Cc fetch thread
07-13 08:59:59.217 D/C2MtkBufferManager( 1041): over 5000ms not request from VCodec but callback hooked, slow BM Cc fetch thread
07-13 08:59:59.231 I/gralloc4(20554): @set_metadata: update dataspace from GM (0x00000000 -> 0x08010000)
07-13 08:59:59.238 D/C2MtkBufferManager( 1041): over 5000ms not request from VCodec but callback hooked, slow BM Cc fetch thread
07-13 08:59:59.244 I/AS.AudioService( 1813): getMode, get current owner's mode
07-13 08:59:59.244 I/AS.AudioService( 1813): getMode, currentModeHandler is null
07-13 08:59:59.247 I/gralloc4(20554): @set_metadata: update dataspace from GM (0x00000000 -> 0x08010000)
07-13 08:59:59.259 D/C2MtkBufferManager( 1041): over 5000ms not request from VCodec but callback hooked, slow BM Cc fetch thread
07-13 08:59:59.264 I/gralloc4(20554): @set_metadata: update dataspace from GM (0x00000000 -> 0x08010000)
07-13 08:59:59.279 D/C2MtkBufferManager( 1041): over 5000ms not request from VCodec but callback hooked, slow BM Cc fetch thread
07-13 08:59:59.281 I/gralloc4(20554): @set_metadata: update dataspace from GM (0x00000000 -> 0x08010000)
07-13 08:59:59.299 D/C2MtkBufferManager( 1041): over 5000ms not request from VCodec but callback hooked, slow BM Cc fetch thread
07-13 08:59:59.320 D/C2MtkBufferManager( 1041): over 5000ms not request from VCodec but callback hooked, slow BM Cc fetch thread
07-13 08:59:59.333 I/gralloc4(20554): @set_metadata: update dataspace from GM (0x00000000 -> 0x08010000)
07-13 08:59:59.340 D/C2MtkBufferManager( 1041): over 5000ms not request from VCodec but callback hooked, slow BM Cc fetch thread
07-13 08:59:59.345 I/gralloc4(20554): @set_metadata: update dataspace from GM (0x00000000 -> 0x08010000)
07-13 08:59:59.356 I/libPerfCtl( 1059): xgfGetFPS pid:2459 fps:-1
07-13 08:59:59.357 I/libPerfCtl( 1059): xgfGetFPS pid:20554 fps:48
07-13 08:59:59.358 I/gralloc4(20554): @set_metadata: update dataspace from GM (0x00000000 -> 0x08010000)
07-13 08:59:59.361 D/C2MtkBufferManager( 1041): over 5000ms not request from VCodec but callback hooked, slow BM Cc fetch thread
07-13 08:59:59.369 I/gralloc4(20554): @set_metadata: update dataspace from GM (0x00000000 -> 0x08010000)
07-13 08:59:59.381 I/gralloc4(20554): @set_metadata: update dataspace from GM (0x00000000 -> 0x08010000)
07-13 08:59:59.381 D/C2MtkBufferManager( 1041): over 5000ms not request from VCodec but callback hooked, slow BM Cc fetch thread
07-13 08:59:59.395 I/gralloc4(20554): @set_metadata: update dataspace from GM (0x00000000 -> 0x08010000)
07-13 08:59:59.402 D/C2MtkBufferManager( 1041): over 5000ms not request from VCodec but callback hooked, slow BM Cc fetch thread
07-13 08:59:59.412 I/gralloc4(20554): @set_metadata: update dataspace from GM (0x00000000 -> 0x08010000)
07-13 08:59:59.422 D/C2MtkBufferManager( 1041): over 5000ms not request from VCodec but callback hooked, slow BM Cc fetch thread
07-13 08:59:59.431 I/gralloc4(20554): @set_metadata: update dataspace from GM (0x00000000 -> 0x08010000)
07-13 08:59:59.442 I/gralloc4(20554): @set_metadata: update dataspace from GM (0x00000000 -> 0x08010000)
07-13 08:59:59.443 D/C2MtkBufferManager( 1041): over 5000ms not request from VCodec but callback hooked, slow BM Cc fetch thread
07-13 08:59:59.463 D/C2MtkBufferManager( 1041): over 5000ms not request from VCodec but callback hooked, slow BM Cc fetch thread
07-13 08:59:59.463 I/gralloc4(20554): @set_metadata: update dataspace from GM (0x00000000 -> 0x08010000)
07-13 08:59:59.478 I/gralloc4(20554): @set_metadata: update dataspace from GM (0x00000000 -> 0x08010000)
07-13 08:59:59.483 D/C2MtkBufferManager( 1041): over 5000ms not request from VCodec but callback hooked, slow BM Cc fetch thread
07-13 08:59:59.494 D/ActivityManager( 1813): getProcessesInErrorState callingUid=10288, CallingPid=19459
07-13 08:59:59.497 I/gralloc4(20554): @set_metadata: update dataspace from GM (0x00000000 -> 0x08010000)
07-13 08:59:59.498 D/ActivityManager( 1813): getProcessesInErrorState callingUid=10279, CallingPid=443
07-13 08:59:59.504 D/C2MtkBufferManager( 1041): over 5000ms not request from VCodec but callback hooked, slow BM Cc fetch thread
07-13 08:59:59.516 I/beanpodkeymaster(  546): Enter BeanpodKeymaster BeginOperation
07-13 08:59:59.517 I/beanpodkeymaster(  546): cmd:4 Received 24 byte response
07-13 08:59:59.518 I/beanpodkeymaster(  546): Exit BeanpodKeymaster BeginOperation
07-13 08:59:59.520 I/beanpodkeymaster(  546): Enter BeanpodKeymaster UpdateOperation
07-13 08:59:59.520 I/beanpodkeymaster(  546): cmd:8 Received 393 byte response
07-13 08:59:59.520 I/beanpodkeymaster(  546): Exit BeanpodKeymaster UpdateOperation
07-13 08:59:59.522 I/beanpodkeymaster(  546): Enter BeanpodKeymaster FinishOperation
07-13 08:59:59.522 I/beanpodkeymaster(  546): cmd:c Received 20 byte response
07-13 08:59:59.522 I/beanpodkeymaster(  546): Exit BeanpodKeymaster FinishOperation
07-13 08:59:59.524 D/C2MtkBufferManager( 1041): over 5000ms not request from VCodec but callback hooked, slow BM Cc fetch thread
07-13 08:59:59.537 I/beanpodkeymaster(  546): Enter BeanpodKeymaster BeginOperation
07-13 08:59:59.538 I/beanpodkeymaster(  546): cmd:4 Received 24 byte response
07-13 08:59:59.538 I/beanpodkeymaster(  546): Exit BeanpodKeymaster BeginOperation
07-13 08:59:59.540 I/beanpodkeymaster(  546): Enter BeanpodKeymaster UpdateOperation
07-13 08:59:59.541 I/beanpodkeymaster(  546): cmd:8 Received 88 byte response
07-13 08:59:59.541 I/beanpodkeymaster(  546): Exit BeanpodKeymaster UpdateOperation
07-13 08:59:59.542 I/beanpodkeymaster(  546): Enter BeanpodKeymaster FinishOperation
07-13 08:59:59.543 I/beanpodkeymaster(  546): cmd:c Received 20 byte response
07-13 08:59:59.543 I/beanpodkeymaster(  546): Exit BeanpodKeymaster FinishOperation
07-13 08:59:59.545 D/C2MtkBufferManager( 1041): over 5000ms not request from VCodec but callback hooked, slow BM Cc fetch thread
07-13 08:59:59.566 D/C2MtkBufferManager( 1041): over 5000ms not request from VCodec but callback hooked, slow BM Cc fetch thread
07-13 08:59:59.586 D/C2MtkBufferManager( 1041): over 5000ms not request from VCodec but callback hooked, slow BM Cc fetch thread
07-13 08:59:59.607 D/C2MtkBufferManager( 1041): over 5000ms not request from VCodec but callback hooked, slow BM Cc fetch thread
07-13 08:59:59.615 D/AES     ( 1813): AEEIOCTL_GET/SET_SF_STATE IOCTL,cmd= 1074294797, lParam=0. 
07-13 08:59:59.616 D/HeapUsage Monitor( 1813): HeapAllocSize : 148MB; monitorSize : 500MB
07-13 08:59:59.616 D/AES     ( 1813): AEEIOCTL_RT_MON_Kick IOCTL,cmd= 2147774474, lParam=300. 
07-13 08:59:59.627 D/C2MtkBufferManager( 1041): over 5000ms not request from VCodec but callback hooked, slow BM Cc fetch thread
07-13 08:59:59.648 D/ULogGuard( 1314): Monitoring: 16 threads, 0 requests, 0 time-bombs; 2 guards. ResetFlags = 0x7
07-13 08:59:59.648 D/C2MtkBufferManager( 1041): over 5000ms not request from VCodec but callback hooked, slow BM Cc fetch thread
07-13 08:59:59.668 D/C2MtkBufferManager( 1041): over 5000ms not request from VCodec but callback hooked, slow BM Cc fetch thread
07-13 08:59:59.689 D/C2MtkBufferManager( 1041): over 5000ms not request from VCodec but callback hooked, slow BM Cc fetch thread
07-13 08:59:59.709 D/C2MtkBufferManager( 1041): over 5000ms not request from VCodec but callback hooked, slow BM Cc fetch thread
07-13 08:59:59.730 D/C2MtkBufferManager( 1041): over 5000ms not request from VCodec but callback hooked, slow BM Cc fetch thread
07-13 08:59:59.750 D/C2MtkBufferManager( 1041): over 5000ms not request from VCodec but callback hooked, slow BM Cc fetch thread
07-13 08:59:59.771 D/C2MtkBufferManager( 1041): over 5000ms not request from VCodec but callback hooked, slow BM Cc fetch thread
07-13 08:59:59.791 D/C2MtkBufferManager( 1041): over 5000ms not request from VCodec but callback hooked, slow BM Cc fetch thread
07-13 08:59:59.812 D/C2MtkBufferManager( 1041): over 5000ms not request from VCodec but callback hooked, slow BM Cc fetch thread
07-13 08:59:59.832 D/C2MtkBufferManager( 1041): over 5000ms not request from VCodec but callback hooked, slow BM Cc fetch thread
07-13 08:59:59.853 D/C2MtkBufferManager( 1041): over 5000ms not request from VCodec but callback hooked, slow BM Cc fetch thread
07-13 08:59:59.873 D/C2MtkBufferManager( 1041): over 5000ms not request from VCodec but callback hooked, slow BM Cc fetch thread
07-13 08:59:59.894 D/C2MtkBufferManager( 1041): over 5000ms not request from VCodec but callback hooked, slow BM Cc fetch thread
07-13 08:59:59.914 D/C2MtkBufferManager( 1041): over 5000ms not request from VCodec but callback hooked, slow BM Cc fetch thread
07-13 08:59:59.935 D/C2MtkBufferManager( 1041): over 5000ms not request from VCodec but callback hooked, slow BM Cc fetch thread
07-13 08:59:59.956 D/C2MtkBufferManager( 1041): over 5000ms not request from VCodec but callback hooked, slow BM Cc fetch thread
07-13 08:59:59.973 W/Looper  ( 1813): PerfMonitor longMsg : seq=4507340 plan=08:59:58.475 late=3ms wall=1494ms h=android.os.Handler c=android.app.LoadedApk$ReceiverDispatcher$Args$$ExternalSyntheticLambda0 procState=-1
07-13 08:59:59.976 D/C2MtkBufferManager( 1041): over 5000ms not request from VCodec but callback hooked, slow BM Cc fetch thread
07-13 08:59:59.997 D/ActivityManager( 1813): getProcessesInErrorState callingUid=10288, CallingPid=19459
07-13 08:59:59.997 D/C2MtkBufferManager( 1041): over 5000ms not request from VCodec but callback hooked, slow BM Cc fetch thread
07-13 09:00:00.000 D/ActivityManager( 1813): getProcessesInErrorState callingUid=10279, CallingPid=443
07-13 09:00:00.011 D/AlarmManager( 1813): mBroadcastRefCount -> 1
07-13 09:00:00.015 D/MiuiClockController( 2459): fixed clock timezone, clockTimezone is null mCurrentTimezone is Africa/Lagos
07-13 09:00:00.017 D/C2MtkBufferManager( 1041): over 5000ms not request from VCodec but callback hooked, slow BM Cc fetch thread
07-13 09:00:00.027 D/AlarmManager( 1813): mBroadcastRefCount -> 2
07-13 09:00:00.029 D/AlarmManager( 1813): mBroadcastRefCount -> 1
07-13 09:00:00.029 D/AlarmManager( 1813): mPendingIntent -> null
07-13 09:00:00.038 D/C2MtkBufferManager( 1041): over 5000ms not request from VCodec but callback hooked, slow BM Cc fetch thread
07-13 09:00:00.052 D/CompatibilityChangeReporter( 1813): Compat change id reported: 177438394; UID 1000; state: DISABLED
07-13 09:00:00.052 D/CompatibilityChangeReporter( 1813): Compat change id reported: 135772972; UID 1000; state: DISABLED
07-13 09:00:00.053 D/CompatibilityChangeReporter( 1813): Compat change id reported: 135754954; UID 1000; state: ENABLED
07-13 09:00:00.055 I/GlassNumberView( 2459): mZeroTextWidth = 218, density = 2.0
07-13 09:00:00.056 I/GlassNumberView( 2459): isCopperplateStyle leftExtra = 240.6, rightExtra = 238.6, mIndex = 0
07-13 09:00:00.056 I/GlassNumberView( 2459): setPercentages, percentages = [0.805, 0.1, 0.06, 0.06, 0.13, 0.05, 0.02]
07-13 09:00:00.056 I/GlassNumberView( 2459): mZeroTextWidth = 212, density = 2.0
07-13 09:00:00.057 I/GlassNumberView( 2459): isCopperplateStyle leftExtra = 248.6, rightExtra = 240.6, mIndex = 9
07-13 09:00:00.057 I/GlassNumberView( 2459): setPercentages, percentages = [0.805, 0.1, 0.06, 0.06, 0.13, 0.05, 0.02]
07-13 09:00:00.057 I/GlassNumberView( 2459): mZeroTextWidth = 218, density = 2.0
07-13 09:00:00.058 I/GlassNumberView( 2459): isCopperplateStyle leftExtra = 240.6, rightExtra = 238.6, mIndex = 0
07-13 09:00:00.058 I/GlassNumberView( 2459): setPercentages, percentages = [0.805, 0.1, 0.06, 0.06, 0.13, 0.05, 0.02]
07-13 09:00:00.058 D/C2MtkBufferManager( 1041): over 5000ms not request from VCodec but callback hooked, slow BM Cc fetch thread
07-13 09:00:00.058 I/GlassNumberView( 2459): mZeroTextWidth = 218, density = 2.0
07-13 09:00:00.059 I/GlassNumberView( 2459): isCopperplateStyle leftExtra = 240.6, rightExtra = 238.6, mIndex = 0
07-13 09:00:00.059 I/GlassNumberView( 2459): setPercentages, percentages = [0.805, 0.1, 0.06, 0.06, 0.13, 0.05, 0.02]
07-13 09:00:00.061 I/GlassNumberView( 2459): mZeroTextWidth = 218, density = 2.0
07-13 09:00:00.062 I/GlassNumberView( 2459): isCopperplateStyle leftExtra = 240.6, rightExtra = 238.6, mIndex = 0
07-13 09:00:00.062 I/GlassNumberView( 2459): setPercentages, percentages = [0.805, 0.1, 0.06, 0.06, 0.13, 0.05, 0.02]
07-13 09:00:00.062 I/GlassNumberView( 2459): mZeroTextWidth = 212, density = 2.0
