07-13 08:59:54.308 I/gralloc4(20554): @set_metadata: update dataspace from GM (0x00000000 -> 0x08010000)
07-13 08:59:54.317 D/BoundBrokerSvc( 8414): onUnbind: Intent { act=com.google.android.gms.measurement.START pkg=com.google.android.gms }
07-13 08:59:54.325 D/C2MtkBufferManager( 1041): over 5000ms not request from VCodec but callback hooked, slow BM Cc fetch thread
07-13 08:59:54.326 I/gralloc4(20554): @set_metadata: update dataspace from GM (0x00000000 -> 0x08010000)
07-13 08:59:54.341 I/gralloc4(20554): @set_metadata: update dataspace from GM (0x00000000 -> 0x08010000)
07-13 08:59:54.345 D/C2MtkBufferManager( 1041): over 5000ms not request from VCodec but callback hooked, slow BM Cc fetch thread
07-13 08:59:54.355 I/libPerfCtl( 1059): xgfGetFPS pid:2459 fps:60
07-13 08:59:54.355 I/libPerfCtl( 1059): xgfGetFPS pid:20554 fps:60
07-13 08:59:54.355 I/libPowerHal( 1059): [updateFPS] pid(20554) : -1 => 60
07-13 08:59:54.356 I/libPowerHal( 1059): [perfNotifyAppState] pack:com.skillsroom.mobile, act:com.skillsroom.mobile.MainActivity, state:5, pid:20554, uid:10210, fps:60
07-13 08:59:54.357 I/gralloc4(20554): @set_metadata: update dataspace from GM (0x00000000 -> 0x08010000)
07-13 08:59:54.358 I/UxUtility( 1059): notifyForegroundApp pack:com.skillsroom.mobile, uid:10210
07-13 08:59:54.358 I/TouchUtility( 1059): notifyAppState error = NULL
07-13 08:59:54.366 D/C2MtkBufferManager( 1041): over 5000ms not request from VCodec but callback hooked, slow BM Cc fetch thread
07-13 08:59:54.366 I/BufferQueueProducer( 1133): [com.skillsroom.mobile/com.skillsroom.mobile.MainActivity#77988](this:0xb40000785b584a30,id:-1,api:0,p:-1,c:1133) queueBuffer: fps=27.56 dur=1015.97 max=448.98 min=16.02
07-13 08:59:54.369 I/hwcomposer( 1039): [HWCDisplay] [Display_0 (type:1)] fps:28.538113,dur:1016.18,max:449.56,min:14.84  
07-13 08:59:54.372 I/gralloc4(20554): @set_metadata: update dataspace from GM (0x00000000 -> 0x08010000)
07-13 08:59:54.386 D/C2MtkBufferManager( 1041): over 5000ms not request from VCodec but callback hooked, slow BM Cc fetch thread
07-13 08:59:54.390 I/gralloc4(20554): @set_metadata: update dataspace from GM (0x00000000 -> 0x08010000)
07-13 08:59:54.406 D/C2MtkBufferManager( 1041): over 5000ms not request from VCodec but callback hooked, slow BM Cc fetch thread
07-13 08:59:54.410 I/gralloc4(20554): @set_metadata: update dataspace from GM (0x00000000 -> 0x08010000)
07-13 08:59:54.416 I/gralloc4(20554): @set_metadata: update dataspace from GM (0x00000000 -> 0x08010000)
07-13 08:59:54.421 D/NetworkController.MobileSignalController(1)( 2459): notifyListeners: mFeatureRelayData=false
07-13 08:59:54.427 D/C2MtkBufferManager( 1041): over 5000ms not request from VCodec but callback hooked, slow BM Cc fetch thread
07-13 08:59:54.428 I/gralloc4( 2459): @set_metadata: update dataspace from GM (0x00000000 -> 0x08010000)
07-13 08:59:54.433 I/gralloc4(20554): @set_metadata: update dataspace from GM (0x00000000 -> 0x08010000)
07-13 08:59:54.447 D/C2MtkBufferManager( 1041): over 5000ms not request from VCodec but callback hooked, slow BM Cc fetch thread
07-13 08:59:54.460 I/gralloc4(20554): @set_metadata: update dataspace from GM (0x00000000 -> 0x08010000)
07-13 08:59:54.468 D/C2MtkBufferManager( 1041): over 5000ms not request from VCodec but callback hooked, slow BM Cc fetch thread
07-13 08:59:54.475 I/gralloc4(20554): @set_metadata: update dataspace from GM (0x00000000 -> 0x08010000)
07-13 08:59:54.478 D/ActivityManager( 1813): getProcessesInErrorState callingUid=10279, CallingPid=443
07-13 08:59:54.478 D/ActivityManager( 1813): getProcessesInErrorState callingUid=10288, CallingPid=19459
07-13 08:59:54.488 D/C2MtkBufferManager( 1041): over 5000ms not request from VCodec but callback hooked, slow BM Cc fetch thread
07-13 08:59:54.491 I/gralloc4(20554): @set_metadata: update dataspace from GM (0x00000000 -> 0x08010000)
07-13 08:59:54.509 D/C2MtkBufferManager( 1041): over 5000ms not request from VCodec but callback hooked, slow BM Cc fetch thread
07-13 08:59:54.509 I/gralloc4(20554): @set_metadata: update dataspace from GM (0x00000000 -> 0x08010000)
07-13 08:59:54.524 I/gralloc4(20554): @set_metadata: update dataspace from GM (0x00000000 -> 0x08010000)
07-13 08:59:54.525 W/RenderInspector(20554): DequeueBuffer time out on com.skillsroom.mobile/com.skillsroom.mobile.MainActivity, count=1, avg=21 ms, max=21 ms.
07-13 08:59:54.527 D/ActivityManager( 1813): getProcessesInErrorState callingUid=10283, CallingPid=7279
07-13 08:59:54.529 D/C2MtkBufferManager( 1041): over 5000ms not request from VCodec but callback hooked, slow BM Cc fetch thread
07-13 08:59:54.541 I/gralloc4(20554): @set_metadata: update dataspace from GM (0x00000000 -> 0x08010000)
07-13 08:59:54.547 D/connsyslogger( 1516): SD_LOG_ROOT is /data/debuglogger/connsyslog/fw.
07-13 08:59:54.547 D/connsyslogger( 1516): systemReady:1
07-13 08:59:54.550 D/C2MtkBufferManager( 1041): over 5000ms not request from VCodec but callback hooked, slow BM Cc fetch thread
07-13 08:59:54.559 I/gralloc4(20554): @set_metadata: update dataspace from GM (0x00000000 -> 0x08010000)
07-13 08:59:54.572 D/C2MtkBufferManager( 1041): over 5000ms not request from VCodec but callback hooked, slow BM Cc fetch thread
07-13 08:59:54.578 I/gralloc4(20554): @set_metadata: update dataspace from GM (0x00000000 -> 0x08010000)
07-13 08:59:54.592 D/C2MtkBufferManager( 1041): over 5000ms not request from VCodec but callback hooked, slow BM Cc fetch thread
07-13 08:59:54.596 I/gralloc4(20554): @set_metadata: update dataspace from GM (0x00000000 -> 0x08010000)
07-13 08:59:54.608 I/gralloc4(20554): @set_metadata: update dataspace from GM (0x00000000 -> 0x08010000)
07-13 08:59:54.603 W/railway.app/...(20554): type=1400 audit(0.0:607634): avc:  denied  { search } for  name="/" dev="mmcblk0p11" ino=2 scontext=u:r:untrusted_app:s0:c210,c256,c512,c768 tcontext=u:object_r:metadata_file:s0 tclass=dir permissive=0 app=com.skillsroom.mobile
07-13 08:59:54.610 E/FeatureFlagsImplExport(20554): android.os.flagging.AconfigStorageReadException: ERROR_PACKAGE_NOT_FOUND: package com.android.libcore cannot be found on the device
07-13 08:59:54.613 D/C2MtkBufferManager( 1041): over 5000ms not request from VCodec but callback hooked, slow BM Cc fetch thread
07-13 08:59:54.626 I/gralloc4(20554): @set_metadata: update dataspace from GM (0x00000000 -> 0x08010000)
07-13 08:59:54.633 D/C2MtkBufferManager( 1041): over 5000ms not request from VCodec but callback hooked, slow BM Cc fetch thread
07-13 08:59:54.643 I/gralloc4(20554): @set_metadata: update dataspace from GM (0x00000000 -> 0x08010000)
07-13 08:59:54.654 D/C2MtkBufferManager( 1041): over 5000ms not request from VCodec but callback hooked, slow BM Cc fetch thread
07-13 08:59:54.659 I/gralloc4(20554): @set_metadata: update dataspace from GM (0x00000000 -> 0x08010000)
07-13 08:59:54.675 D/C2MtkBufferManager( 1041): over 5000ms not request from VCodec but callback hooked, slow BM Cc fetch thread
07-13 08:59:54.675 I/gralloc4(20554): @set_metadata: update dataspace from GM (0x00000000 -> 0x08010000)
07-13 08:59:54.693 I/gralloc4(20554): @set_metadata: update dataspace from GM (0x00000000 -> 0x08010000)
07-13 08:59:54.695 D/C2MtkBufferManager( 1041): over 5000ms not request from VCodec but callback hooked, slow BM Cc fetch thread
07-13 08:59:54.712 I/gralloc4(20554): @set_metadata: update dataspace from GM (0x00000000 -> 0x08010000)
07-13 08:59:54.716 D/C2MtkBufferManager( 1041): over 5000ms not request from VCodec but callback hooked, slow BM Cc fetch thread
07-13 08:59:54.727 I/gralloc4(20554): @set_metadata: update dataspace from GM (0x00000000 -> 0x08010000)
07-13 08:59:54.736 D/C2MtkBufferManager( 1041): over 5000ms not request from VCodec but callback hooked, slow BM Cc fetch thread
07-13 08:59:54.742 I/gralloc4(20554): @set_metadata: update dataspace from GM (0x00000000 -> 0x08010000)
07-13 08:59:54.757 D/C2MtkBufferManager( 1041): over 5000ms not request from VCodec but callback hooked, slow BM Cc fetch thread
07-13 08:59:54.759 I/gralloc4(20554): @set_metadata: update dataspace from GM (0x00000000 -> 0x08010000)
07-13 08:59:54.775 I/gralloc4(20554): @set_metadata: update dataspace from GM (0x00000000 -> 0x08010000)
07-13 08:59:54.777 D/C2MtkBufferManager( 1041): over 5000ms not request from VCodec but callback hooked, slow BM Cc fetch thread
07-13 08:59:54.792 I/gralloc4(20554): @set_metadata: update dataspace from GM (0x00000000 -> 0x08010000)
07-13 08:59:54.795 D/power@timer( 1059): [mtkPowerTimer] visRead:0
07-13 08:59:54.798 D/C2MtkBufferManager( 1041): over 5000ms not request from VCodec but callback hooked, slow BM Cc fetch thread
07-13 08:59:54.808 I/gralloc4(20554): @set_metadata: update dataspace from GM (0x00000000 -> 0x08010000)
07-13 08:59:54.818 D/C2MtkBufferManager( 1041): over 5000ms not request from VCodec but callback hooked, slow BM Cc fetch thread
07-13 08:59:54.824 I/gralloc4(20554): @set_metadata: update dataspace from GM (0x00000000 -> 0x08010000)
07-13 08:59:54.839 D/C2MtkBufferManager( 1041): over 5000ms not request from VCodec but callback hooked, slow BM Cc fetch thread
07-13 08:59:54.842 I/gralloc4(20554): @set_metadata: update dataspace from GM (0x00000000 -> 0x08010000)
07-13 08:59:54.849 W/Settings( 2457): Setting airplane_mode_on has moved from android.provider.Settings.System to android.provider.Settings.Global, returning read-only value.
07-13 08:59:54.852 D/MobileStatusTracker(5)( 2459): onSignalStrengthsChanged signalStrength=SignalStrength:{mCdma=CellSignalStrengthCdma: cdmaDbm=2147483647 cdmaEcio=2147483647 evdoDbm=2147483647 evdoEcio=2147483647 evdoSnr=2147483647 miuiLevel=0 mOptimizedLevel=0 level=0,mGsm=CellSignalStrengthGsm: rssi=2147483647 ber=2147483647 mTa=2147483647 miuiLevel=0 isNtnMode=false mLevel=0,mWcdma=CellSignalStrengthWcdma: ss=2147483647 ber=2147483647 rscp=2147483647 ecno=2147483647 miuiLevel=0 mOptimizedLevel=0 level=0,mTdscdma=CellSignalStrengthTdscdma: rssi=2147483647 ber=2147483647 rscp=2147483647 miuiLevel=0 mOptimizedLevel=0 level=0,mLte=CellSignalStrengthLte: rssi=-81 rsrp=-96 rsrq=-16 rssnr=22 cqiTableIndex=2147483647 cqi=0 ta=0 miuiLevel=5 mOptimizedLevel=0 level=4 parametersUseForLevel=0,mNr=CellSignalStrengthNr:{ csiRsrp = 2147483647 csiRsrq = 2147483647 csiCqiTableIndex = 2147483647 csiCqiReport = [] ssRsrp = 2147483647 ssRsrq = 2147483647 ssSinr = 2147483647 miuiLevel = 0 mOptimizedLevel = 0 level = 0 parametersUseForLevel = 0 timingAdvance = 2147483647 },primary=CellSignalStrengthLte,mNrAsPrimaryInNrNsa=false}
07-13 08:59:54.852 D/NetworkController.MobileSignalController(5)( 2459): update5GConnectState: false
07-13 08:59:54.852 D/NetworkController.MobileSignalController(5)( 2459): ss use aosp level not 0, 5
07-13 08:59:54.858 I/gralloc4(20554): @set_metadata: update dataspace from GM (0x00000000 -> 0x08010000)
07-13 08:59:54.859 D/C2MtkBufferManager( 1041): over 5000ms not request from VCodec but callback hooked, slow BM Cc fetch thread
07-13 08:59:54.873 I/gralloc4(20554): @set_metadata: update dataspace from GM (0x00000000 -> 0x08010000)
07-13 08:59:54.880 D/C2MtkBufferManager( 1041): over 5000ms not request from VCodec but callback hooked, slow BM Cc fetch thread
07-13 08:59:54.892 I/gralloc4(20554): @set_metadata: update dataspace from GM (0x00000000 -> 0x08010000)
07-13 08:59:54.900 D/C2MtkBufferManager( 1041): over 5000ms not request from VCodec but callback hooked, slow BM Cc fetch thread
07-13 08:59:54.910 I/gralloc4(20554): @set_metadata: update dataspace from GM (0x00000000 -> 0x08010000)
07-13 08:59:54.921 D/C2MtkBufferManager( 1041): over 5000ms not request from VCodec but callback hooked, slow BM Cc fetch thread
07-13 08:59:54.926 I/gralloc4(20554): @set_metadata: update dataspace from GM (0x00000000 -> 0x08010000)
07-13 08:59:54.941 I/gralloc4(20554): @set_metadata: update dataspace from GM (0x00000000 -> 0x08010000)
07-13 08:59:54.942 D/C2MtkBufferManager( 1041): over 5000ms not request from VCodec but callback hooked, slow BM Cc fetch thread
07-13 08:59:54.958 I/gralloc4(20554): @set_metadata: update dataspace from GM (0x00000000 -> 0x08010000)
07-13 08:59:54.962 D/C2MtkBufferManager( 1041): over 5000ms not request from VCodec but callback hooked, slow BM Cc fetch thread
07-13 08:59:54.978 I/gralloc4(20554): @set_metadata: update dataspace from GM (0x00000000 -> 0x08010000)
07-13 08:59:54.979 D/ActivityManager( 1813): getProcessesInErrorState callingUid=10279, CallingPid=443
07-13 08:59:54.980 D/ActivityManager( 1813): getProcessesInErrorState callingUid=10288, CallingPid=19459
07-13 08:59:54.983 D/C2MtkBufferManager( 1041): over 5000ms not request from VCodec but callback hooked, slow BM Cc fetch thread
07-13 08:59:54.993 I/gralloc4(20554): @set_metadata: update dataspace from GM (0x00000000 -> 0x08010000)
07-13 08:59:55.003 D/C2MtkBufferManager( 1041): over 5000ms not request from VCodec but callback hooked, slow BM Cc fetch thread
07-13 08:59:55.011 I/gralloc4(20554): @set_metadata: update dataspace from GM (0x00000000 -> 0x08010000)
07-13 08:59:55.024 D/C2MtkBufferManager( 1041): over 5000ms not request from VCodec but callback hooked, slow BM Cc fetch thread
07-13 08:59:55.027 I/gralloc4(20554): @set_metadata: update dataspace from GM (0x00000000 -> 0x08010000)
07-13 08:59:55.044 D/C2MtkBufferManager( 1041): over 5000ms not request from VCodec but callback hooked, slow BM Cc fetch thread
07-13 08:59:55.044 I/gralloc4(20554): @set_metadata: update dataspace from GM (0x00000000 -> 0x08010000)
07-13 08:59:55.061 I/gralloc4(20554): @set_metadata: update dataspace from GM (0x00000000 -> 0x08010000)
07-13 08:59:55.065 D/C2MtkBufferManager( 1041): over 5000ms not request from VCodec but callback hooked, slow BM Cc fetch thread
07-13 08:59:55.077 I/gralloc4(20554): @set_metadata: update dataspace from GM (0x00000000 -> 0x08010000)
07-13 08:59:55.085 D/C2MtkBufferManager( 1041): over 5000ms not request from VCodec but callback hooked, slow BM Cc fetch thread
07-13 08:59:55.094 I/gralloc4(20554): @set_metadata: update dataspace from GM (0x00000000 -> 0x08010000)
07-13 08:59:55.106 D/C2MtkBufferManager( 1041): over 5000ms not request from VCodec but callback hooked, slow BM Cc fetch thread
07-13 08:59:55.111 I/gralloc4(20554): @set_metadata: update dataspace from GM (0x00000000 -> 0x08010000)
07-13 08:59:55.128 I/gralloc4(20554): @set_metadata: update dataspace from GM (0x00000000 -> 0x08010000)
07-13 08:59:55.129 D/C2MtkBufferManager( 1041): over 5000ms not request from VCodec but callback hooked, slow BM Cc fetch thread
07-13 08:59:55.143 I/gralloc4(20554): @set_metadata: update dataspace from GM (0x00000000 -> 0x08010000)
07-13 08:59:55.149 D/C2MtkBufferManager( 1041): over 5000ms not request from VCodec but callback hooked, slow BM Cc fetch thread
07-13 08:59:55.161 I/gralloc4(20554): @set_metadata: update dataspace from GM (0x00000000 -> 0x08010000)
07-13 08:59:55.170 D/C2MtkBufferManager( 1041): over 5000ms not request from VCodec but callback hooked, slow BM Cc fetch thread
07-13 08:59:55.178 I/gralloc4(20554): @set_metadata: update dataspace from GM (0x00000000 -> 0x08010000)
07-13 08:59:55.191 D/C2MtkBufferManager( 1041): over 5000ms not request from VCodec but callback hooked, slow BM Cc fetch thread
07-13 08:59:55.195 I/gralloc4(20554): @set_metadata: update dataspace from GM (0x00000000 -> 0x08010000)
07-13 08:59:55.211 I/gralloc4(20554): @set_metadata: update dataspace from GM (0x00000000 -> 0x08010000)
07-13 08:59:55.211 D/C2MtkBufferManager( 1041): over 5000ms not request from VCodec but callback hooked, slow BM Cc fetch thread
07-13 08:59:55.227 I/gralloc4(20554): @set_metadata: update dataspace from GM (0x00000000 -> 0x08010000)
07-13 08:59:55.232 D/C2MtkBufferManager( 1041): over 5000ms not request from VCodec but callback hooked, slow BM Cc fetch thread
07-13 08:59:55.244 I/gralloc4(20554): @set_metadata: update dataspace from GM (0x00000000 -> 0x08010000)
07-13 08:59:55.252 D/C2MtkBufferManager( 1041): over 5000ms not request from VCodec but callback hooked, slow BM Cc fetch thread
07-13 08:59:55.261 I/gralloc4(20554): @set_metadata: update dataspace from GM (0x00000000 -> 0x08010000)
07-13 08:59:55.273 D/C2MtkBufferManager( 1041): over 5000ms not request from VCodec but callback hooked, slow BM Cc fetch thread
07-13 08:59:55.277 I/gralloc4(20554): @set_metadata: update dataspace from GM (0x00000000 -> 0x08010000)
07-13 08:59:55.294 D/C2MtkBufferManager( 1041): over 5000ms not request from VCodec but callback hooked, slow BM Cc fetch thread
07-13 08:59:55.294 I/gralloc4(20554): @set_metadata: update dataspace from GM (0x00000000 -> 0x08010000)
07-13 08:59:55.310 I/gralloc4(20554): @set_metadata: update dataspace from GM (0x00000000 -> 0x08010000)
07-13 08:59:55.314 D/C2MtkBufferManager( 1041): over 5000ms not request from VCodec but callback hooked, slow BM Cc fetch thread
07-13 08:59:55.328 I/gralloc4(20554): @set_metadata: update dataspace from GM (0x00000000 -> 0x08010000)
07-13 08:59:55.335 D/C2MtkBufferManager( 1041): over 5000ms not request from VCodec but callback hooked, slow BM Cc fetch thread
07-13 08:59:55.344 I/gralloc4(20554): @set_metadata: update dataspace from GM (0x00000000 -> 0x08010000)
07-13 08:59:55.355 D/C2MtkBufferManager( 1041): over 5000ms not request from VCodec but callback hooked, slow BM Cc fetch thread
07-13 08:59:55.356 I/libPerfCtl( 1059): xgfGetFPS pid:2459 fps:-1
07-13 08:59:55.356 I/libPerfCtl( 1059): xgfGetFPS pid:20554 fps:59
07-13 08:59:55.360 I/gralloc4(20554): @set_metadata: update dataspace from GM (0x00000000 -> 0x08010000)
07-13 08:59:55.371 I/hwcomposer( 1039): [HWCDisplay] [Display_0 (type:1)] fps:58.926292,dur:1001.25,max:25.74,min:14.53  
07-13 08:59:55.376 D/C2MtkBufferManager( 1041): over 5000ms not request from VCodec but callback hooked, slow BM Cc fetch thread
07-13 08:59:55.378 I/gralloc4(20554): @set_metadata: update dataspace from GM (0x00000000 -> 0x08010000)
07-13 08:59:55.383 I/BufferQueueProducer( 1133): [com.skillsroom.mobile/com.skillsroom.mobile.MainActivity#77988](this:0xb40000785b584a30,id:-1,api:0,p:-1,c:1133) queueBuffer: fps=59.01 dur=1016.81 max=25.66 min=15.89
07-13 08:59:55.396 I/gralloc4(20554): @set_metadata: update dataspace from GM (0x00000000 -> 0x08010000)
07-13 08:59:55.397 D/C2MtkBufferManager( 1041): over 5000ms not request from VCodec but callback hooked, slow BM Cc fetch thread
07-13 08:59:55.410 I/gralloc4(20554): @set_metadata: update dataspace from GM (0x00000000 -> 0x08010000)
07-13 08:59:55.418 D/C2MtkBufferManager( 1041): over 5000ms not request from VCodec but callback hooked, slow BM Cc fetch thread
07-13 08:59:55.424 D/NetworkController.MobileSignalController(1)( 2459): notifyListeners: mFeatureRelayData=false
07-13 08:59:55.427 I/gralloc4(20554): @set_metadata: update dataspace from GM (0x00000000 -> 0x08010000)
07-13 08:59:55.437 I/gralloc4( 2459): @set_metadata: update dataspace from GM (0x00000000 -> 0x08010000)
07-13 08:59:55.438 D/C2MtkBufferManager( 1041): over 5000ms not request from VCodec but callback hooked, slow BM Cc fetch thread
07-13 08:59:55.443 I/gralloc4(20554): @set_metadata: update dataspace from GM (0x00000000 -> 0x08010000)
07-13 08:59:55.450 I/BufferQueueProducer( 1133): [StatusBar#98](this:0xb400007865c71a30,id:-1,api:0,p:-1,c:1133) queueBuffer: fps=6.82 dur=1466.64 max=1000.29 min=16.25
07-13 08:59:55.459 D/C2MtkBufferManager( 1041): over 5000ms not request from VCodec but callback hooked, slow BM Cc fetch thread
07-13 08:59:55.462 I/gralloc4(20554): @set_metadata: update dataspace from GM (0x00000000 -> 0x08010000)
07-13 08:59:55.478 I/gralloc4(20554): @set_metadata: update dataspace from GM (0x00000000 -> 0x08010000)
07-13 08:59:55.479 D/C2MtkBufferManager( 1041): over 5000ms not request from VCodec but callback hooked, slow BM Cc fetch thread
07-13 08:59:55.481 D/ActivityManager( 1813): getProcessesInErrorState callingUid=10279, CallingPid=443
07-13 08:59:55.481 D/ActivityManager( 1813): getProcessesInErrorState callingUid=10288, CallingPid=19459
07-13 08:59:55.494 I/gralloc4(20554): @set_metadata: update dataspace from GM (0x00000000 -> 0x08010000)
07-13 08:59:55.500 D/C2MtkBufferManager( 1041): over 5000ms not request from VCodec but callback hooked, slow BM Cc fetch thread
07-13 08:59:55.512 I/gralloc4(20554): @set_metadata: update dataspace from GM (0x00000000 -> 0x08010000)
07-13 08:59:55.521 D/C2MtkBufferManager( 1041): over 5000ms not request from VCodec but callback hooked, slow BM Cc fetch thread
07-13 08:59:55.527 I/gralloc4(20554): @set_metadata: update dataspace from GM (0x00000000 -> 0x08010000)
07-13 08:59:55.541 D/C2MtkBufferManager( 1041): over 5000ms not request from VCodec but callback hooked, slow BM Cc fetch thread
07-13 08:59:55.543 I/gralloc4(20554): @set_metadata: update dataspace from GM (0x00000000 -> 0x08010000)
07-13 08:59:55.562 D/C2MtkBufferManager( 1041): over 5000ms not request from VCodec but callback hooked, slow BM Cc fetch thread
07-13 08:59:55.563 I/gralloc4(20554): @set_metadata: update dataspace from GM (0x00000000 -> 0x08010000)
07-13 08:59:55.577 I/gralloc4(20554): @set_metadata: update dataspace from GM (0x00000000 -> 0x08010000)
07-13 08:59:55.582 D/C2MtkBufferManager( 1041): over 5000ms not request from VCodec but callback hooked, slow BM Cc fetch thread
07-13 08:59:55.586 D/ccci_mdinit( 1136): (1):monitor_time_update_thread round:72209 ########
07-13 08:59:55.594 I/gralloc4(20554): @set_metadata: update dataspace from GM (0x00000000 -> 0x08010000)
07-13 08:59:55.603 D/C2MtkBufferManager( 1041): over 5000ms not request from VCodec but callback hooked, slow BM Cc fetch thread
07-13 08:59:55.612 I/gralloc4(20554): @set_metadata: update dataspace from GM (0x00000000 -> 0x08010000)
07-13 08:59:55.623 D/C2MtkBufferManager( 1041): over 5000ms not request from VCodec but callback hooked, slow BM Cc fetch thread
07-13 08:59:55.627 I/gralloc4(20554): @set_metadata: update dataspace from GM (0x00000000 -> 0x08010000)
07-13 08:59:55.644 D/C2MtkBufferManager( 1041): over 5000ms not request from VCodec but callback hooked, slow BM Cc fetch thread
07-13 08:59:55.646 I/gralloc4(20554): @set_metadata: update dataspace from GM (0x00000000 -> 0x08010000)
07-13 08:59:55.660 I/gralloc4(20554): @set_metadata: update dataspace from GM (0x00000000 -> 0x08010000)
07-13 08:59:55.664 D/C2MtkBufferManager( 1041): over 5000ms not request from VCodec but callback hooked, slow BM Cc fetch thread
07-13 08:59:55.678 I/gralloc4(20554): @set_metadata: update dataspace from GM (0x00000000 -> 0x08010000)
07-13 08:59:55.685 D/C2MtkBufferManager( 1041): over 5000ms not request from VCodec but callback hooked, slow BM Cc fetch thread
07-13 08:59:55.693 I/gralloc4(20554): @set_metadata: update dataspace from GM (0x00000000 -> 0x08010000)
07-13 08:59:55.705 D/C2MtkBufferManager( 1041): over 5000ms not request from VCodec but callback hooked, slow BM Cc fetch thread
07-13 08:59:55.712 I/gralloc4(20554): @set_metadata: update dataspace from GM (0x00000000 -> 0x08010000)
07-13 08:59:55.726 D/C2MtkBufferManager( 1041): over 5000ms not request from VCodec but callback hooked, slow BM Cc fetch thread
07-13 08:59:55.727 I/gralloc4(20554): @set_metadata: update dataspace from GM (0x00000000 -> 0x08010000)
07-13 08:59:55.744 I/gralloc4(20554): @set_metadata: update dataspace from GM (0x00000000 -> 0x08010000)
07-13 08:59:55.747 D/C2MtkBufferManager( 1041): over 5000ms not request from VCodec but callback hooked, slow BM Cc fetch thread
07-13 08:59:55.760 I/gralloc4(20554): @set_metadata: update dataspace from GM (0x00000000 -> 0x08010000)
07-13 08:59:55.767 D/C2MtkBufferManager( 1041): over 5000ms not request from VCodec but callback hooked, slow BM Cc fetch thread
07-13 08:59:55.778 I/gralloc4(20554): @set_metadata: update dataspace from GM (0x00000000 -> 0x08010000)
07-13 08:59:55.788 D/C2MtkBufferManager( 1041): over 5000ms not request from VCodec but callback hooked, slow BM Cc fetch thread
07-13 08:59:55.793 I/gralloc4(20554): @set_metadata: update dataspace from GM (0x00000000 -> 0x08010000)
07-13 08:59:55.806 I/gralloc4(20554): @set_metadata: update dataspace from GM (0x00000000 -> 0x08010000)
07-13 08:59:55.808 D/C2MtkBufferManager( 1041): over 5000ms not request from VCodec but callback hooked, slow BM Cc fetch thread
07-13 08:59:55.823 I/gralloc4(20554): @set_metadata: update dataspace from GM (0x00000000 -> 0x08010000)
07-13 08:59:55.828 D/C2MtkBufferManager( 1041): over 5000ms not request from VCodec but callback hooked, slow BM Cc fetch thread
07-13 08:59:55.843 I/gralloc4(20554): @set_metadata: update dataspace from GM (0x00000000 -> 0x08010000)
07-13 08:59:55.849 D/C2MtkBufferManager( 1041): over 5000ms not request from VCodec but callback hooked, slow BM Cc fetch thread
07-13 08:59:55.860 I/gralloc4(20554): @set_metadata: update dataspace from GM (0x00000000 -> 0x08010000)
07-13 08:59:55.870 D/C2MtkBufferManager( 1041): over 5000ms not request from VCodec but callback hooked, slow BM Cc fetch thread
07-13 08:59:55.879 I/gralloc4(20554): @set_metadata: update dataspace from GM (0x00000000 -> 0x08010000)
07-13 08:59:55.891 D/C2MtkBufferManager( 1041): over 5000ms not request from VCodec but callback hooked, slow BM Cc fetch thread
07-13 08:59:55.894 I/gralloc4(20554): @set_metadata: update dataspace from GM (0x00000000 -> 0x08010000)
07-13 08:59:55.901 D/PerfShielderService( 1813): com.skillsroom.mobile|com.skillsroom.mobile/com.skillsroom.mobile.MainActivity|180|622097311524540|180|2|1
07-13 08:59:55.909 W/MiuiPerfServiceClient( 3978): interceptAndQueuing:20554|com.skillsroom.mobile|180|180|622097311524540|Slow handle animation|1
07-13 08:59:55.911 D/C2MtkBufferManager( 1041): over 5000ms not request from VCodec but callback hooked, slow BM Cc fetch thread
07-13 08:59:55.912 I/gralloc4(20554): @set_metadata: update dataspace from GM (0x00000000 -> 0x08010000)
07-13 08:59:55.926 I/gralloc4(20554): @set_metadata: update dataspace from GM (0x00000000 -> 0x08010000)
07-13 08:59:55.932 D/C2MtkBufferManager( 1041): over 5000ms not request from VCodec but callback hooked, slow BM Cc fetch thread
07-13 08:59:55.937 I/beanpodkeymaster(  546): Enter BeanpodKeymaster BeginOperation
07-13 08:59:55.938 I/beanpodkeymaster(  546): cmd:4 Received 24 byte response
07-13 08:59:55.939 I/beanpodkeymaster(  546): Exit BeanpodKeymaster BeginOperation
07-13 08:59:55.941 I/beanpodkeymaster(  546): Enter BeanpodKeymaster UpdateOperation
07-13 08:59:55.941 I/beanpodkeymaster(  546): cmd:8 Received 393 byte response
07-13 08:59:55.941 I/beanpodkeymaster(  546): Exit BeanpodKeymaster UpdateOperation
07-13 08:59:55.942 I/gralloc4(20554): @set_metadata: update dataspace from GM (0x00000000 -> 0x08010000)
07-13 08:59:55.943 I/beanpodkeymaster(  546): Enter BeanpodKeymaster FinishOperation
07-13 08:59:55.944 I/beanpodkeymaster(  546): cmd:c Received 20 byte response
07-13 08:59:55.944 I/beanpodkeymaster(  546): Exit BeanpodKeymaster FinishOperation
07-13 08:59:55.953 D/C2MtkBufferManager( 1041): over 5000ms not request from VCodec but callback hooked, slow BM Cc fetch thread
07-13 08:59:55.956 I/beanpodkeymaster(  546): Enter BeanpodKeymaster BeginOperation
07-13 08:59:55.957 I/beanpodkeymaster(  546): cmd:4 Received 24 byte response
07-13 08:59:55.957 I/beanpodkeymaster(  546): Exit BeanpodKeymaster BeginOperation
07-13 08:59:55.958 I/gralloc4(20554): @set_metadata: update dataspace from GM (0x00000000 -> 0x08010000)
07-13 08:59:55.959 I/beanpodkeymaster(  546): Enter BeanpodKeymaster UpdateOperation
07-13 08:59:55.960 I/beanpodkeymaster(  546): cmd:8 Received 88 byte response
07-13 08:59:55.960 I/beanpodkeymaster(  546): Exit BeanpodKeymaster UpdateOperation
07-13 08:59:55.961 I/beanpodkeymaster(  546): Enter BeanpodKeymaster FinishOperation
07-13 08:59:55.962 I/beanpodkeymaster(  546): cmd:c Received 20 byte response
07-13 08:59:55.962 I/beanpodkeymaster(  546): Exit BeanpodKeymaster FinishOperation
07-13 08:59:55.973 D/C2MtkBufferManager( 1041): over 5000ms not request from VCodec but callback hooked, slow BM Cc fetch thread
07-13 08:59:55.976 I/gralloc4(20554): @set_metadata: update dataspace from GM (0x00000000 -> 0x08010000)
07-13 08:59:55.976 I/beanpodkeymaster(  546): Enter BeanpodKeymaster BeginOperation
07-13 08:59:55.977 I/beanpodkeymaster(  546): cmd:4 Received 24 byte response
07-13 08:59:55.978 I/beanpodkeymaster(  546): Exit BeanpodKeymaster BeginOperation
07-13 08:59:55.979 I/beanpodkeymaster(  546): Enter BeanpodKeymaster UpdateOperation
07-13 08:59:55.980 I/beanpodkeymaster(  546): cmd:8 Received 393 byte response
07-13 08:59:55.980 I/beanpodkeymaster(  546): Exit BeanpodKeymaster UpdateOperation
07-13 08:59:55.981 I/beanpodkeymaster(  546): Enter BeanpodKeymaster FinishOperation
07-13 08:59:55.983 D/ActivityManager( 1813): getProcessesInErrorState callingUid=10279, CallingPid=443
07-13 08:59:55.983 D/ActivityManager( 1813): getProcessesInErrorState callingUid=10288, CallingPid=19459
07-13 08:59:55.983 I/beanpodkeymaster(  546): cmd:c Received 20 byte response
07-13 08:59:55.983 I/beanpodkeymaster(  546): Exit BeanpodKeymaster FinishOperation
07-13 08:59:55.994 D/C2MtkBufferManager( 1041): over 5000ms not request from VCodec but callback hooked, slow BM Cc fetch thread
07-13 08:59:55.997 I/beanpodkeymaster(  546): Enter BeanpodKeymaster BeginOperation
07-13 08:59:55.997 I/beanpodkeymaster(  546): cmd:4 Received 24 byte response
07-13 08:59:55.998 I/beanpodkeymaster(  546): Exit BeanpodKeymaster BeginOperation
07-13 08:59:56.000 I/beanpodkeymaster(  546): Enter BeanpodKeymaster UpdateOperation
07-13 08:59:56.001 I/beanpodkeymaster(  546): cmd:8 Received 88 byte response
07-13 08:59:56.001 I/beanpodkeymaster(  546): Exit BeanpodKeymaster UpdateOperation
07-13 08:59:56.002 I/beanpodkeymaster(  546): Enter BeanpodKeymaster FinishOperation
07-13 08:59:56.003 I/beanpodkeymaster(  546): cmd:c Received 20 byte response
07-13 08:59:56.003 I/beanpodkeymaster(  546): Exit BeanpodKeymaster FinishOperation
07-13 08:59:56.012 D/CompatibilityChangeReporter( 1813): Compat change id reported: 197654537; UID 10210; state: ENABLED
07-13 08:59:56.014 D/C2MtkBufferManager( 1041): over 5000ms not request from VCodec but callback hooked, slow BM Cc fetch thread
07-13 08:59:56.028 W/Settings( 2457): Setting airplane_mode_on has moved from android.provider.Settings.System to android.provider.Settings.Global, returning read-only value.
07-13 08:59:56.030 D/MobileStatusTracker(1)( 2459): onSignalStrengthsChanged signalStrength=SignalStrength:{mCdma=CellSignalStrengthCdma: cdmaDbm=2147483647 cdmaEcio=2147483647 evdoDbm=2147483647 evdoEcio=2147483647 evdoSnr=2147483647 miuiLevel=0 mOptimizedLevel=0 level=0,mGsm=CellSignalStrengthGsm: rssi=2147483647 ber=2147483647 mTa=2147483647 miuiLevel=0 isNtnMode=false mLevel=0,mWcdma=CellSignalStrengthWcdma: ss=2147483647 ber=2147483647 rscp=2147483647 ecno=2147483647 miuiLevel=0 mOptimizedLevel=0 level=0,mTdscdma=CellSignalStrengthTdscdma: rssi=2147483647 ber=2147483647 rscp=2147483647 miuiLevel=0 mOptimizedLevel=0 level=0,mLte=CellSignalStrengthLte: rssi=-93 rsrp=-105 rsrq=-12 rssnr=9 cqiTableIndex=2147483647 cqi=0 ta=0 miuiLevel=4 mOptimizedLevel=0 level=3 parametersUseForLevel=0,mNr=CellSignalStrengthNr:{ csiRsrp = 2147483647 csiRsrq = 2147483647 csiCqiTableIndex = 2147483647 csiCqiReport = [] ssRsrp = 2147483647 ssRsrq = 2147483647 ssSinr = 2147483647 miuiLevel = 0 mOptimizedLevel = 0 level = 0 parametersUseForLevel = 0 timingAdvance = 2147483647 },primary=CellSignalStrengthLte,mNrAsPrimaryInNrNsa=false}
07-13 08:59:56.030 D/NetworkController.MobileSignalController(1)( 2459): update5GConnectState: false
07-13 08:59:56.030 D/NetworkController.MobileSignalController(1)( 2459): ss use aosp level not 0, 4
07-13 08:59:56.035 D/C2MtkBufferManager( 1041): over 5000ms not request from VCodec but callback hooked, slow BM Cc fetch thread
07-13 08:59:56.055 D/C2MtkBufferManager( 1041): over 5000ms not request from VCodec but callback hooked, slow BM Cc fetch thread
07-13 08:59:56.076 D/C2MtkBufferManager( 1041): over 5000ms not request from VCodec but callback hooked, slow BM Cc fetch thread
07-13 08:59:56.097 D/C2MtkBufferManager( 1041): over 5000ms not request from VCodec but callback hooked, slow BM Cc fetch thread
07-13 08:59:56.117 D/C2MtkBufferManager( 1041): over 5000ms not request from VCodec but callback hooked, slow BM Cc fetch thread
07-13 08:59:56.137 D/C2MtkBufferManager( 1041): over 5000ms not request from VCodec but callback hooked, slow BM Cc fetch thread
07-13 08:59:56.158 D/C2MtkBufferManager( 1041): over 5000ms not request from VCodec but callback hooked, slow BM Cc fetch thread
07-13 08:59:56.179 D/C2MtkBufferManager( 1041): over 5000ms not request from VCodec but callback hooked, slow BM Cc fetch thread
07-13 08:59:56.200 D/C2MtkBufferManager( 1041): over 5000ms not request from VCodec but callback hooked, slow BM Cc fetch thread
07-13 08:59:56.220 D/C2MtkBufferManager( 1041): over 5000ms not request from VCodec but callback hooked, slow BM Cc fetch thread
07-13 08:59:56.241 D/C2MtkBufferManager( 1041): over 5000ms not request from VCodec but callback hooked, slow BM Cc fetch thread
07-13 08:59:56.262 D/C2MtkBufferManager( 1041): over 5000ms not request from VCodec but callback hooked, slow BM Cc fetch thread
07-13 08:59:56.282 D/C2MtkBufferManager( 1041): over 5000ms not request from VCodec but callback hooked, slow BM Cc fetch thread
07-13 08:59:56.303 D/C2MtkBufferManager( 1041): over 5000ms not request from VCodec but callback hooked, slow BM Cc fetch thread
07-13 08:59:56.324 D/C2MtkBufferManager( 1041): over 5000ms not request from VCodec but callback hooked, slow BM Cc fetch thread
07-13 08:59:56.344 D/C2MtkBufferManager( 1041): over 5000ms not request from VCodec but callback hooked, slow BM Cc fetch thread
07-13 08:59:56.356 I/libPerfCtl( 1059): xgfGetFPS pid:2459 fps:-1
07-13 08:59:56.356 I/libPerfCtl( 1059): xgfGetFPS pid:20554 fps:60
07-13 08:59:56.365 D/C2MtkBufferManager( 1041): over 5000ms not request from VCodec but callback hooked, slow BM Cc fetch thread
07-13 08:59:56.386 D/C2MtkBufferManager( 1041): over 5000ms not request from VCodec but callback hooked, slow BM Cc fetch thread
07-13 08:59:56.406 D/C2MtkBufferManager( 1041): over 5000ms not request from VCodec but callback hooked, slow BM Cc fetch thread
07-13 08:59:56.427 D/C2MtkBufferManager( 1041): over 5000ms not request from VCodec but callback hooked, slow BM Cc fetch thread
07-13 08:59:56.447 D/C2MtkBufferManager( 1041): over 5000ms not request from VCodec but callback hooked, slow BM Cc fetch thread
07-13 08:59:56.468 D/C2MtkBufferManager( 1041): over 5000ms not request from VCodec but callback hooked, slow BM Cc fetch thread
07-13 08:59:56.484 D/ActivityManager( 1813): getProcessesInErrorState callingUid=10288, CallingPid=19459
07-13 08:59:56.484 D/ActivityManager( 1813): getProcessesInErrorState callingUid=10279, CallingPid=443
07-13 08:59:56.489 D/C2MtkBufferManager( 1041): over 5000ms not request from VCodec but callback hooked, slow BM Cc fetch thread
07-13 08:59:56.509 D/C2MtkBufferManager( 1041): over 5000ms not request from VCodec but callback hooked, slow BM Cc fetch thread
07-13 08:59:56.529 D/ActivityManager( 1813): getProcessesInErrorState callingUid=10283, CallingPid=7279
07-13 08:59:56.530 D/C2MtkBufferManager( 1041): over 5000ms not request from VCodec but callback hooked, slow BM Cc fetch thread
07-13 08:59:56.547 D/connsyslogger( 1516): SD_LOG_ROOT is /data/debuglogger/connsyslog/fw.
07-13 08:59:56.547 D/connsyslogger( 1516): systemReady:1
07-13 08:59:56.550 D/C2MtkBufferManager( 1041): over 5000ms not request from VCodec but callback hooked, slow BM Cc fetch thread
07-13 08:59:56.571 D/C2MtkBufferManager( 1041): over 5000ms not request from VCodec but callback hooked, slow BM Cc fetch thread
07-13 08:59:56.591 D/C2MtkBufferManager( 1041): over 5000ms not request from VCodec but callback hooked, slow BM Cc fetch thread
07-13 08:59:56.612 D/C2MtkBufferManager( 1041): over 5000ms not request from VCodec but callback hooked, slow BM Cc fetch thread
07-13 08:59:56.633 D/C2MtkBufferManager( 1041): over 5000ms not request from VCodec but callback hooked, slow BM Cc fetch thread
07-13 08:59:56.647 D/ULogGuard( 1314): Monitoring: 16 threads, 0 requests, 0 time-bombs; 2 guards. ResetFlags = 0x7
07-13 08:59:56.651 I/thermal_repeater( 1331): [recvMdThermalInfo] ret=24, strLen=127,  3, 44, 2, 196, 32767, 0
07-13 08:59:56.653 D/C2MtkBufferManager( 1041): over 5000ms not request from VCodec but callback hooked, slow BM Cc fetch thread
07-13 08:59:56.674 D/C2MtkBufferManager( 1041): over 5000ms not request from VCodec but callback hooked, slow BM Cc fetch thread
07-13 08:59:56.694 D/C2MtkBufferManager( 1041): over 5000ms not request from VCodec but callback hooked, slow BM Cc fetch thread
07-13 08:59:56.715 D/C2MtkBufferManager( 1041): over 5000ms not request from VCodec but callback hooked, slow BM Cc fetch thread
07-13 08:59:56.736 D/C2MtkBufferManager( 1041): over 5000ms not request from VCodec but callback hooked, slow BM Cc fetch thread
07-13 08:59:56.749 I/Tethering( 2392): [BpfCoordinator] onAlertReached
07-13 08:59:56.756 D/C2MtkBufferManager( 1041): over 5000ms not request from VCodec but callback hooked, slow BM Cc fetch thread
07-13 08:59:56.777 D/C2MtkBufferManager( 1041): over 5000ms not request from VCodec but callback hooked, slow BM Cc fetch thread
07-13 08:59:56.797 D/C2MtkBufferManager( 1041): over 5000ms not request from VCodec but callback hooked, slow BM Cc fetch thread
07-13 08:59:56.818 D/C2MtkBufferManager( 1041): over 5000ms not request from VCodec but callback hooked, slow BM Cc fetch thread
07-13 08:59:56.838 D/C2MtkBufferManager( 1041): over 5000ms not request from VCodec but callback hooked, slow BM Cc fetch thread
07-13 08:59:56.859 D/C2MtkBufferManager( 1041): over 5000ms not request from VCodec but callback hooked, slow BM Cc fetch thread
07-13 08:59:56.874 I/beanpodkeymaster(  546): Enter BeanpodKeymaster BeginOperation
07-13 08:59:56.875 I/beanpodkeymaster(  546): cmd:4 Received 24 byte response
07-13 08:59:56.875 I/beanpodkeymaster(  546): Exit BeanpodKeymaster BeginOperation
07-13 08:59:56.877 I/beanpodkeymaster(  546): Enter BeanpodKeymaster UpdateOperation
07-13 08:59:56.878 I/beanpodkeymaster(  546): cmd:8 Received 393 byte response
07-13 08:59:56.878 I/beanpodkeymaster(  546): Exit BeanpodKeymaster UpdateOperation
07-13 08:59:56.879 I/beanpodkeymaster(  546): Enter BeanpodKeymaster FinishOperation
07-13 08:59:56.879 D/C2MtkBufferManager( 1041): over 5000ms not request from VCodec but callback hooked, slow BM Cc fetch thread
07-13 08:59:56.880 I/beanpodkeymaster(  546): cmd:c Received 20 byte response
07-13 08:59:56.880 I/beanpodkeymaster(  546): Exit BeanpodKeymaster FinishOperation
07-13 08:59:56.896 I/beanpodkeymaster(  546): Enter BeanpodKeymaster BeginOperation
07-13 08:59:56.897 I/beanpodkeymaster(  546): cmd:4 Received 24 byte response
07-13 08:59:56.897 I/beanpodkeymaster(  546): Exit BeanpodKeymaster BeginOperation
07-13 08:59:56.899 I/beanpodkeymaster(  546): Enter BeanpodKeymaster UpdateOperation
07-13 08:59:56.900 D/C2MtkBufferManager( 1041): over 5000ms not request from VCodec but callback hooked, slow BM Cc fetch thread
07-13 08:59:56.900 I/beanpodkeymaster(  546): cmd:8 Received 88 byte response
07-13 08:59:56.900 I/beanpodkeymaster(  546): Exit BeanpodKeymaster UpdateOperation
07-13 08:59:56.901 I/beanpodkeymaster(  546): Enter BeanpodKeymaster FinishOperation
07-13 08:59:56.902 I/beanpodkeymaster(  546): cmd:c Received 20 byte response
07-13 08:59:56.902 I/beanpodkeymaster(  546): Exit BeanpodKeymaster FinishOperation
07-13 08:59:56.914 I/beanpodkeymaster(  546): Enter BeanpodKeymaster BeginOperation
07-13 08:59:56.915 I/beanpodkeymaster(  546): cmd:4 Received 24 byte response
07-13 08:59:56.915 I/beanpodkeymaster(  546): Exit BeanpodKeymaster BeginOperation
07-13 08:59:56.917 I/beanpodkeymaster(  546): Enter BeanpodKeymaster UpdateOperation
07-13 08:59:56.917 I/beanpodkeymaster(  546): cmd:8 Received 393 byte response
07-13 08:59:56.917 I/beanpodkeymaster(  546): Exit BeanpodKeymaster UpdateOperation
07-13 08:59:56.919 I/beanpodkeymaster(  546): Enter BeanpodKeymaster FinishOperation
07-13 08:59:56.919 I/beanpodkeymaster(  546): cmd:c Received 20 byte response
07-13 08:59:56.919 I/beanpodkeymaster(  546): Exit BeanpodKeymaster FinishOperation
07-13 08:59:56.920 D/C2MtkBufferManager( 1041): over 5000ms not request from VCodec but callback hooked, slow BM Cc fetch thread
07-13 08:59:56.932 I/beanpodkeymaster(  546): Enter BeanpodKeymaster BeginOperation
07-13 08:59:56.933 I/beanpodkeymaster(  546): cmd:4 Received 24 byte response
07-13 08:59:56.933 I/beanpodkeymaster(  546): Exit BeanpodKeymaster BeginOperation
07-13 08:59:56.935 I/beanpodkeymaster(  546): Enter BeanpodKeymaster UpdateOperation
07-13 08:59:56.936 I/beanpodkeymaster(  546): cmd:8 Received 88 byte response
07-13 08:59:56.936 I/beanpodkeymaster(  546): Exit BeanpodKeymaster UpdateOperation
07-13 08:59:56.937 I/beanpodkeymaster(  546): Enter BeanpodKeymaster FinishOperation
07-13 08:59:56.937 I/beanpodkeymaster(  546): cmd:c Received 20 byte response
07-13 08:59:56.938 I/beanpodkeymaster(  546): Exit BeanpodKeymaster FinishOperation
07-13 08:59:56.941 D/C2MtkBufferManager( 1041): over 5000ms not request from VCodec but callback hooked, slow BM Cc fetch thread
07-13 08:59:56.952 I/beanpodkeymaster(  546): Enter BeanpodKeymaster BeginOperation
07-13 08:59:56.952 I/beanpodkeymaster(  546): cmd:4 Received 24 byte response
07-13 08:59:56.953 I/beanpodkeymaster(  546): Exit BeanpodKeymaster BeginOperation
07-13 08:59:56.954 I/beanpodkeymaster(  546): Enter BeanpodKeymaster UpdateOperation
07-13 08:59:56.954 I/beanpodkeymaster(  546): cmd:8 Received 393 byte response
07-13 08:59:56.955 I/beanpodkeymaster(  546): Exit BeanpodKeymaster UpdateOperation
07-13 08:59:56.956 I/beanpodkeymaster(  546): Enter BeanpodKeymaster FinishOperation
07-13 08:59:56.957 I/beanpodkeymaster(  546): cmd:c Received 20 byte response
07-13 08:59:56.957 I/beanpodkeymaster(  546): Exit BeanpodKeymaster FinishOperation
07-13 08:59:56.961 D/C2MtkBufferManager( 1041): over 5000ms not request from VCodec but callback hooked, slow BM Cc fetch thread
07-13 08:59:56.970 I/beanpodkeymaster(  546): Enter BeanpodKeymaster BeginOperation
07-13 08:59:56.971 I/beanpodkeymaster(  546): cmd:4 Received 24 byte response
07-13 08:59:56.971 I/beanpodkeymaster(  546): Exit BeanpodKeymaster BeginOperation
07-13 08:59:56.972 I/beanpodkeymaster(  546): Enter BeanpodKeymaster UpdateOperation
07-13 08:59:56.973 I/beanpodkeymaster(  546): cmd:8 Received 88 byte response
07-13 08:59:56.973 I/beanpodkeymaster(  546): Exit BeanpodKeymaster UpdateOperation
07-13 08:59:56.974 I/beanpodkeymaster(  546): Enter BeanpodKeymaster FinishOperation
07-13 08:59:56.975 I/beanpodkeymaster(  546): cmd:c Received 20 byte response
07-13 08:59:56.975 I/beanpodkeymaster(  546): Exit BeanpodKeymaster FinishOperation
07-13 08:59:56.982 D/C2MtkBufferManager( 1041): over 5000ms not request from VCodec but callback hooked, slow BM Cc fetch thread
07-13 08:59:56.985 D/ActivityManager( 1813): getProcessesInErrorState callingUid=10288, CallingPid=19459
07-13 08:59:56.986 D/ActivityManager( 1813): getProcessesInErrorState callingUid=10279, CallingPid=443
07-13 08:59:56.987 I/beanpodkeymaster(  546): Enter BeanpodKeymaster BeginOperation
07-13 08:59:56.987 I/beanpodkeymaster(  546): cmd:4 Received 24 byte response
07-13 08:59:56.988 I/beanpodkeymaster(  546): Exit BeanpodKeymaster BeginOperation
07-13 08:59:56.989 I/beanpodkeymaster(  546): Enter BeanpodKeymaster UpdateOperation
07-13 08:59:56.990 I/beanpodkeymaster(  546): cmd:8 Received 393 byte response
07-13 08:59:56.990 I/beanpodkeymaster(  546): Exit BeanpodKeymaster UpdateOperation
07-13 08:59:56.991 I/beanpodkeymaster(  546): Enter BeanpodKeymaster FinishOperation
07-13 08:59:56.991 I/beanpodkeymaster(  546): cmd:c Received 20 byte response
07-13 08:59:56.991 I/beanpodkeymaster(  546): Exit BeanpodKeymaster FinishOperation
07-13 08:59:57.002 D/C2MtkBufferManager( 1041): over 5000ms not request from VCodec but callback hooked, slow BM Cc fetch thread
07-13 08:59:57.004 I/beanpodkeymaster(  546): Enter BeanpodKeymaster BeginOperation
07-13 08:59:57.005 I/beanpodkeymaster(  546): cmd:4 Received 24 byte response
07-13 08:59:57.005 I/beanpodkeymaster(  546): Exit BeanpodKeymaster BeginOperation
07-13 08:59:57.006 I/beanpodkeymaster(  546): Enter BeanpodKeymaster UpdateOperation
07-13 08:59:57.007 I/beanpodkeymaster(  546): cmd:8 Received 88 byte response
07-13 08:59:57.007 I/beanpodkeymaster(  546): Exit BeanpodKeymaster UpdateOperation
07-13 08:59:57.008 I/beanpodkeymaster(  546): Enter BeanpodKeymaster FinishOperation
07-13 08:59:57.009 I/beanpodkeymaster(  546): cmd:c Received 20 byte response
07-13 08:59:57.009 I/beanpodkeymaster(  546): Exit BeanpodKeymaster FinishOperation
07-13 08:59:57.022 I/beanpodkeymaster(  546): Enter BeanpodKeymaster BeginOperation
07-13 08:59:57.022 I/beanpodkeymaster(  546): cmd:4 Received 24 byte response
07-13 08:59:57.022 I/beanpodkeymaster(  546): Exit BeanpodKeymaster BeginOperation
07-13 08:59:57.023 D/C2MtkBufferManager( 1041): over 5000ms not request from VCodec but callback hooked, slow BM Cc fetch thread
07-13 08:59:57.024 I/beanpodkeymaster(  546): Enter BeanpodKeymaster UpdateOperation
07-13 08:59:57.025 I/beanpodkeymaster(  546): cmd:8 Received 393 byte response
07-13 08:59:57.025 I/beanpodkeymaster(  546): Exit BeanpodKeymaster UpdateOperation
07-13 08:59:57.026 I/beanpodkeymaster(  546): Enter BeanpodKeymaster FinishOperation
07-13 08:59:57.026 I/beanpodkeymaster(  546): cmd:c Received 20 byte response
07-13 08:59:57.026 I/beanpodkeymaster(  546): Exit BeanpodKeymaster FinishOperation
07-13 08:59:57.032 W/ReactNativeJS(20554): '`setBackgroundColorAsync` is not supported with edge-to-edge enabled.', { [Stack] name: 'Stack' }
07-13 08:59:57.038 I/beanpodkeymaster(  546): Enter BeanpodKeymaster BeginOperation
07-13 08:59:57.039 I/beanpodkeymaster(  546): cmd:4 Received 24 byte response
07-13 08:59:57.039 I/beanpodkeymaster(  546): Exit BeanpodKeymaster BeginOperation
07-13 08:59:57.040 I/beanpodkeymaster(  546): Enter BeanpodKeymaster UpdateOperation
07-13 08:59:57.041 I/beanpodkeymaster(  546): cmd:8 Received 88 byte response
07-13 08:59:57.041 I/beanpodkeymaster(  546): Exit BeanpodKeymaster UpdateOperation
07-13 08:59:57.042 I/beanpodkeymaster(  546): Enter BeanpodKeymaster FinishOperation
07-13 08:59:57.043 I/beanpodkeymaster(  546): cmd:c Received 20 byte response
07-13 08:59:57.043 I/beanpodkeymaster(  546): Exit BeanpodKeymaster FinishOperation
07-13 08:59:57.043 D/C2MtkBufferManager( 1041): over 5000ms not request from VCodec but callback hooked, slow BM Cc fetch thread
07-13 08:59:57.055 I/beanpodkeymaster(  546): Enter BeanpodKeymaster BeginOperation
07-13 08:59:57.056 I/beanpodkeymaster(  546): cmd:4 Received 24 byte response
07-13 08:59:57.056 I/beanpodkeymaster(  546): Exit BeanpodKeymaster BeginOperation
07-13 08:59:57.058 I/beanpodkeymaster(  546): Enter BeanpodKeymaster UpdateOperation
07-13 08:59:57.059 I/beanpodkeymaster(  546): cmd:8 Received 393 byte response
07-13 08:59:57.059 I/beanpodkeymaster(  546): Exit BeanpodKeymaster UpdateOperation
07-13 08:59:57.060 I/beanpodkeymaster(  546): Enter BeanpodKeymaster FinishOperation
07-13 08:59:57.060 I/beanpodkeymaster(  546): cmd:c Received 20 byte response
07-13 08:59:57.061 I/beanpodkeymaster(  546): Exit BeanpodKeymaster FinishOperation
07-13 08:59:57.064 D/C2MtkBufferManager( 1041): over 5000ms not request from VCodec but callback hooked, slow BM Cc fetch thread
07-13 08:59:57.075 I/beanpodkeymaster(  546): Enter BeanpodKeymaster BeginOperation
07-13 08:59:57.076 I/beanpodkeymaster(  546): cmd:4 Received 24 byte response
07-13 08:59:57.076 I/beanpodkeymaster(  546): Exit BeanpodKeymaster BeginOperation
07-13 08:59:57.078 I/beanpodkeymaster(  546): Enter BeanpodKeymaster UpdateOperation
07-13 08:59:57.078 I/beanpodkeymaster(  546): cmd:8 Received 88 byte response
07-13 08:59:57.079 I/beanpodkeymaster(  546): Exit BeanpodKeymaster UpdateOperation
07-13 08:59:57.080 I/beanpodkeymaster(  546): Enter BeanpodKeymaster FinishOperation
07-13 08:59:57.080 I/beanpodkeymaster(  546): cmd:c Received 20 byte response
07-13 08:59:57.081 I/beanpodkeymaster(  546): Exit BeanpodKeymaster FinishOperation
07-13 08:59:57.084 D/C2MtkBufferManager( 1041): over 5000ms not request from VCodec but callback hooked, slow BM Cc fetch thread
07-13 08:59:57.105 D/C2MtkBufferManager( 1041): over 5000ms not request from VCodec but callback hooked, slow BM Cc fetch thread
07-13 08:59:57.125 D/C2MtkBufferManager( 1041): over 5000ms not request from VCodec but callback hooked, slow BM Cc fetch thread
07-13 08:59:57.127 D/CompatibilityChangeReporter(20554): Compat change id reported: 171228096; UID 10210; state: ENABLED
07-13 08:59:57.141 D/ScrollerOptimizationManager(20554): registerConfigChangedListener
07-13 08:59:57.146 D/C2MtkBufferManager( 1041): over 5000ms not request from VCodec but callback hooked, slow BM Cc fetch thread
07-13 08:59:57.147 I/illsroom.mobile(20554): hiddenapi: Accessing hidden field Landroid/widget/ScrollView;->mScroller:Landroid/widget/OverScroller; (runtime_flags=0, domain=platform, api=unsupported) from Lcom/facebook/react/views/scroll/ReactScrollView; (domain=app, TargetSdkVersion=36) using reflection: allowed
07-13 08:59:57.166 D/C2MtkBufferManager( 1041): over 5000ms not request from VCodec but callback hooked, slow BM Cc fetch thread
07-13 08:59:57.187 D/C2MtkBufferManager( 1041): over 5000ms not request from VCodec but callback hooked, slow BM Cc fetch thread
07-13 08:59:57.207 D/C2MtkBufferManager( 1041): over 5000ms not request from VCodec but callback hooked, slow BM Cc fetch thread
