07-13 09:00:00.063 I/GlassNumberView( 2459): isCopperplateStyle leftExtra = 248.6, rightExtra = 240.6, mIndex = 9
07-13 09:00:00.063 I/GlassNumberView( 2459): setPercentages, percentages = [0.805, 0.1, 0.06, 0.06, 0.13, 0.05, 0.02]
07-13 09:00:00.063 I/GlassNumberView( 2459): mZeroTextWidth = 218, density = 2.0
07-13 09:00:00.063 I/GlassNumberView( 2459): isCopperplateStyle leftExtra = 240.6, rightExtra = 238.6, mIndex = 0
07-13 09:00:00.063 I/GlassNumberView( 2459): setPercentages, percentages = [0.805, 0.1, 0.06, 0.06, 0.13, 0.05, 0.02]
07-13 09:00:00.064 I/GlassNumberView( 2459): mZeroTextWidth = 218, density = 2.0
07-13 09:00:00.064 I/GlassNumberView( 2459): isCopperplateStyle leftExtra = 240.6, rightExtra = 238.6, mIndex = 0
07-13 09:00:00.064 I/GlassNumberView( 2459): setPercentages, percentages = [0.805, 0.1, 0.06, 0.06, 0.13, 0.05, 0.02]
07-13 09:00:00.065 E/AnimationHelper( 2459): updateTime mToAod:false mHasNotification: true, mClockType: rhombus
07-13 09:00:00.077 D/Zygote  ( 1023): Forked child process 20800
07-13 09:00:00.079 D/C2MtkBufferManager( 1041): over 5000ms not request from VCodec but callback hooked, slow BM Cc fetch thread
07-13 09:00:00.081 E/Zygote  (20800): process_name_ptr:20800 com.android.settings
07-13 09:00:00.083 I/ActivityManager( 1813): Start proc 20800:com.android.settings/1000 for broadcast {com.android.settings/com.android.settings.fuelgauge.batteryusage.PeriodicJobReceiver} caller=com.android.settings
07-13 09:00:00.100 D/C2MtkBufferManager( 1041): over 5000ms not request from VCodec but callback hooked, slow BM Cc fetch thread
07-13 09:00:00.120 D/C2MtkBufferManager( 1041): over 5000ms not request from VCodec but callback hooked, slow BM Cc fetch thread
07-13 09:00:00.127 I/ndroid.settings(20800): Using generational CollectorTypeCC GC.
07-13 09:00:00.140 D/C2MtkBufferManager( 1041): over 5000ms not request from VCodec but callback hooked, slow BM Cc fetch thread
07-13 09:00:00.161 D/C2MtkBufferManager( 1041): over 5000ms not request from VCodec but callback hooked, slow BM Cc fetch thread
07-13 09:00:00.174 D/nativeloader(20800): Load libframework-connectivity-tiramisu-jni.so using APEX ns com_android_tethering for caller /apex/com.android.tethering/javalib/framework-connectivity-t.jar: ok
07-13 09:00:00.182 D/C2MtkBufferManager( 1041): over 5000ms not request from VCodec but callback hooked, slow BM Cc fetch thread
07-13 09:00:00.190 I/gralloc4( 2459): @set_metadata: update dataspace from GM (0x00000000 -> 0x08010000)
07-13 09:00:00.199 I/BufferQueueProducer( 1133): [StatusBar#98](this:0xb400007865c71a30,id:-1,api:0,p:-1,c:1133) queueBuffer: fps=0.21 dur=4749.10 max=4749.10 min=4749.10
07-13 09:00:00.202 D/C2MtkBufferManager( 1041): over 5000ms not request from VCodec but callback hooked, slow BM Cc fetch thread
07-13 09:00:00.202 I/hwcomposer( 1039): [HWCDisplay] [Display_0 (type:1)] fps:13.016731,dur:1382.84,max:667.15,min:15.79  
07-13 09:00:00.221 I/MessageMonitor(20800): Load libmiui_runtime
07-13 09:00:00.222 D/C2MtkBufferManager( 1041): over 5000ms not request from VCodec but callback hooked, slow BM Cc fetch thread
07-13 09:00:00.242 D/SymlinkUtils( 1813): attachApplication file op go pass: 5 ms
07-13 09:00:00.243 D/C2MtkBufferManager( 1041): over 5000ms not request from VCodec but callback hooked, slow BM Cc fetch thread
07-13 09:00:00.243 I/SmartPower: com.android.settings/1000(20800)( 1813): died->invisible(1519632ms) R(process start ) adj=-10000.
07-13 09:00:00.247 D/CompatibilityChangeReporter( 1813): Compat change id reported: 168419799; UID 1000; state: DISABLED
07-13 09:00:00.248 D/CompatibilityChangeReporter( 1813): Compat change id reported: 273564678; UID 1000; state: DISABLED
07-13 09:00:00.263 D/C2MtkBufferManager( 1041): over 5000ms not request from VCodec but callback hooked, slow BM Cc fetch thread
07-13 09:00:00.271 D/CompatibilityChangeReporter(20800): Compat change id reported: 171979766; UID 1000; state: ENABLED
07-13 09:00:00.272 D/CompatibilityChangeReporter(20800): Compat change id reported: 242716250; UID 1000; state: ENABLED
07-13 09:00:00.284 D/C2MtkBufferManager( 1041): over 5000ms not request from VCodec but callback hooked, slow BM Cc fetch thread
07-13 09:00:00.304 D/C2MtkBufferManager( 1041): over 5000ms not request from VCodec but callback hooked, slow BM Cc fetch thread
07-13 09:00:00.325 D/C2MtkBufferManager( 1041): over 5000ms not request from VCodec but callback hooked, slow BM Cc fetch thread
07-13 09:00:00.342 D/nativeloader(20800): Configuring clns-shared-4 for other apk /system/framework/org.apache.http.legacy.jar. target_sdk_version=34, uses_libraries=ALL, library_path=/system_ext/priv-app/Settings/lib/arm64:/system_ext/priv-app/Settings/Settings.apk!/lib/arm64-v8a:/system/lib64:/system_ext/lib64:/system_ext/priv-app/RtMiCloudSDK/RtMiCloudSDK.apk!/lib/arm64-v8a:/system_ext/app/miuisystem/miuisystem.apk!/lib/arm64-v8a:/system_ext/app/miuisystem/miuisystem.apk!/lib/arm64-v8a, permitted_path=/data:/mnt/expand:/data/user_de/0/com.android.settings:/system_ext/priv-app/Settings:/system/lib64:/system_ext/lib64
07-13 09:00:00.342 D/nativeloader(20800): Extending system_exposed_libraries: libapuwareapusys.mtk.so:libapuwareapusys_v2.mtk.so:libapuwarexrp.mtk.so:libapuwarexrp_v2.mtk.so:libapuwareutils.mtk.so:libapuwareutils_v2.mtk.so:libapuwarehmp.mtk.so:libmcv_runtime_usdk.mtk.so:libneuron_graph_delegate.mtk.so:libneuronusdk_adapter.mtk.so:libtflite_mtk.mtk.so:libarmnn_ndk.mtk.so:libcmdl_ndk.mtk.so:libnir_neon_driver_ndk.mtk.so:libmvpu_runtime.mtk.so:libmvpu_runtime_pub.mtk.so:libmvpu_engine_pub.mtk.so:libmvpu_pattern_pub.mtk.so:libmvpuop_mtk_cv.mtk.so:libmvpuop_mtk_nn.mtk.so:libmvpu_runtime_25.mtk.so:libmvpu_runtime_25_pub.mtk.so:libmvpu_engine_25_pub.mtk.so:libmvpu_pattern_25_pub.mtk.so:libmvpuop25_mtk_cv.mtk.so:libmvpuop25_mtk_nn.mtk.so:libmvpu_config.mtk.so:libteeservice_client.trustonic.so:libmisys_jni.xiaomi.so
07-13 09:00:00.345 D/C2MtkBufferManager( 1041): over 5000ms not request from VCodec but callback hooked, slow BM Cc fetch thread
07-13 09:00:00.350 D/AlarmManager( 1813): mBroadcastRefCount -> 2
07-13 09:00:00.357 I/libPerfCtl( 1059): xgfGetFPS pid:2459 fps:-1
07-13 09:00:00.357 I/libPerfCtl( 1059): xgfGetFPS pid:20554 fps:64
07-13 09:00:00.364 D/nativeloader(20800): Configuring clns-shared-5 for other apk /system_ext/framework/com.xiaomi.slalib.jar. target_sdk_version=34, uses_libraries=ALL, library_path=/system_ext/priv-app/Settings/lib/arm64:/system_ext/priv-app/Settings/Settings.apk!/lib/arm64-v8a:/system/lib64:/system_ext/lib64:/system_ext/priv-app/RtMiCloudSDK/RtMiCloudSDK.apk!/lib/arm64-v8a:/system_ext/app/miuisystem/miuisystem.apk!/lib/arm64-v8a:/system_ext/app/miuisystem/miuisystem.apk!/lib/arm64-v8a, permitted_path=/data:/mnt/expand:/data/user_de/0/com.android.settings:/system_ext/priv-app/Settings:/system/lib64:/system_ext/lib64
07-13 09:00:00.364 D/nativeloader(20800): Extending system_exposed_libraries: libapuwareapusys.mtk.so:libapuwareapusys_v2.mtk.so:libapuwarexrp.mtk.so:libapuwarexrp_v2.mtk.so:libapuwareutils.mtk.so:libapuwareutils_v2.mtk.so:libapuwarehmp.mtk.so:libmcv_runtime_usdk.mtk.so:libneuron_graph_delegate.mtk.so:libneuronusdk_adapter.mtk.so:libtflite_mtk.mtk.so:libarmnn_ndk.mtk.so:libcmdl_ndk.mtk.so:libnir_neon_driver_ndk.mtk.so:libmvpu_runtime.mtk.so:libmvpu_runtime_pub.mtk.so:libmvpu_engine_pub.mtk.so:libmvpu_pattern_pub.mtk.so:libmvpuop_mtk_cv.mtk.so:libmvpuop_mtk_nn.mtk.so:libmvpu_runtime_25.mtk.so:libmvpu_runtime_25_pub.mtk.so:libmvpu_engine_25_pub.mtk.so:libmvpu_pattern_25_pub.mtk.so:libmvpuop25_mtk_cv.mtk.so:libmvpuop25_mtk_nn.mtk.so:libmvpu_config.mtk.so:libteeservice_client.trustonic.so:libmisys_jni.xiaomi.so
07-13 09:00:00.366 D/C2MtkBufferManager( 1041): over 5000ms not request from VCodec but callback hooked, slow BM Cc fetch thread
07-13 09:00:00.377 W/PushService( 4459): [Tid:2] onStart() with intent.Action = com.xiaomi.push.timer, chid = null, pkg = null|null
07-13 09:00:00.380 W/PushService( 4459): [Tid:59] [Job] Handle intent action = com.xiaomi.push.timer
07-13 09:00:00.380 W/PushService( 4459): [Tid:59] [Alarm] Service called on timer
07-13 09:00:00.381 W/PushService( 4459): [Tid:59] [Alarm] register alarm. (false)
07-13 09:00:00.383 W/PushService( 4459): [Tid:59] [HB] ping interval:600000
07-13 09:00:00.386 D/nativeloader(20800): Configuring clns-shared-6 for other apk /system_ext/app/miuisystem/miuisystem.apk. target_sdk_version=34, uses_libraries=ALL, library_path=/system_ext/priv-app/Settings/lib/arm64:/system_ext/priv-app/Settings/Settings.apk!/lib/arm64-v8a:/system/lib64:/system_ext/lib64:/system_ext/priv-app/RtMiCloudSDK/RtMiCloudSDK.apk!/lib/arm64-v8a:/system_ext/app/miuisystem/miuisystem.apk!/lib/arm64-v8a:/system_ext/app/miuisystem/miuisystem.apk!/lib/arm64-v8a, permitted_path=/data:/mnt/expand:/data/user_de/0/com.android.settings:/system_ext/priv-app/Settings:/system/lib64:/system_ext/lib64
07-13 09:00:00.386 D/nativeloader(20800): Extending system_exposed_libraries: libapuwareapusys.mtk.so:libapuwareapusys_v2.mtk.so:libapuwarexrp.mtk.so:libapuwarexrp_v2.mtk.so:libapuwareutils.mtk.so:libapuwareutils_v2.mtk.so:libapuwarehmp.mtk.so:libmcv_runtime_usdk.mtk.so:libneuron_graph_delegate.mtk.so:libneuronusdk_adapter.mtk.so:libtflite_mtk.mtk.so:libarmnn_ndk.mtk.so:libcmdl_ndk.mtk.so:libnir_neon_driver_ndk.mtk.so:libmvpu_runtime.mtk.so:libmvpu_runtime_pub.mtk.so:libmvpu_engine_pub.mtk.so:libmvpu_pattern_pub.mtk.so:libmvpuop_mtk_cv.mtk.so:libmvpuop_mtk_nn.mtk.so:libmvpu_runtime_25.mtk.so:libmvpu_runtime_25_pub.mtk.so:libmvpu_engine_25_pub.mtk.so:libmvpu_pattern_25_pub.mtk.so:libmvpuop25_mtk_cv.mtk.so:libmvpuop25_mtk_nn.mtk.so:libmvpu_config.mtk.so:libteeservice_client.trustonic.so:libmisys_jni.xiaomi.so
07-13 09:00:00.386 D/C2MtkBufferManager( 1041): over 5000ms not request from VCodec but callback hooked, slow BM Cc fetch thread
07-13 09:00:00.390 W/PushService( 4459): [Tid:59] [Slim] SND ping id=0
07-13 09:00:00.395 W/PushService( 4459): [Tid:56] [Alarm] heartbeat alarm finish in 41
07-13 09:00:00.397 D/AlarmManager( 1813): mBroadcastRefCount -> 1
07-13 09:00:00.397 D/AlarmManager( 1813): mPendingIntent -> PendingIntent{58732b8: PendingIntentRecord{1bc065b com.xiaomi.xmsf broadcastIntent}}
07-13 09:00:00.406 D/nativeloader(20800): Configuring clns-shared-7 for other apk /system_ext/priv-app/RtMiCloudSDK/RtMiCloudSDK.apk. target_sdk_version=34, uses_libraries=ALL, library_path=/system_ext/priv-app/Settings/lib/arm64:/system_ext/priv-app/Settings/Settings.apk!/lib/arm64-v8a:/system/lib64:/system_ext/lib64:/system_ext/priv-app/RtMiCloudSDK/RtMiCloudSDK.apk!/lib/arm64-v8a:/system_ext/app/miuisystem/miuisystem.apk!/lib/arm64-v8a:/system_ext/app/miuisystem/miuisystem.apk!/lib/arm64-v8a, permitted_path=/data:/mnt/expand:/data/user_de/0/com.android.settings:/system_ext/priv-app/Settings:/system/lib64:/system_ext/lib64
07-13 09:00:00.406 D/nativeloader(20800): Extending system_exposed_libraries: libapuwareapusys.mtk.so:libapuwareapusys_v2.mtk.so:libapuwarexrp.mtk.so:libapuwarexrp_v2.mtk.so:libapuwareutils.mtk.so:libapuwareutils_v2.mtk.so:libapuwarehmp.mtk.so:libmcv_runtime_usdk.mtk.so:libneuron_graph_delegate.mtk.so:libneuronusdk_adapter.mtk.so:libtflite_mtk.mtk.so:libarmnn_ndk.mtk.so:libcmdl_ndk.mtk.so:libnir_neon_driver_ndk.mtk.so:libmvpu_runtime.mtk.so:libmvpu_runtime_pub.mtk.so:libmvpu_engine_pub.mtk.so:libmvpu_pattern_pub.mtk.so:libmvpuop_mtk_cv.mtk.so:libmvpuop_mtk_nn.mtk.so:libmvpu_runtime_25.mtk.so:libmvpu_runtime_25_pub.mtk.so:libmvpu_engine_25_pub.mtk.so:libmvpu_pattern_25_pub.mtk.so:libmvpuop25_mtk_cv.mtk.so:libmvpuop25_mtk_nn.mtk.so:libmvpu_config.mtk.so:libteeservice_client.trustonic.so:libmisys_jni.xiaomi.so
07-13 09:00:00.407 D/C2MtkBufferManager( 1041): over 5000ms not request from VCodec but callback hooked, slow BM Cc fetch thread
07-13 09:00:00.417 D/nativeloader(20800): Configuring clns-shared-8 for other apk /system_ext/framework/security-device-credential-sdk.jar. target_sdk_version=34, uses_libraries=ALL, library_path=/system_ext/priv-app/Settings/lib/arm64:/system_ext/priv-app/Settings/Settings.apk!/lib/arm64-v8a:/system/lib64:/system_ext/lib64:/system_ext/priv-app/RtMiCloudSDK/RtMiCloudSDK.apk!/lib/arm64-v8a:/system_ext/app/miuisystem/miuisystem.apk!/lib/arm64-v8a:/system_ext/app/miuisystem/miuisystem.apk!/lib/arm64-v8a, permitted_path=/data:/mnt/expand:/data/user_de/0/com.android.settings:/system_ext/priv-app/Settings:/system/lib64:/system_ext/lib64
07-13 09:00:00.417 D/nativeloader(20800): Extending system_exposed_libraries: libapuwareapusys.mtk.so:libapuwareapusys_v2.mtk.so:libapuwarexrp.mtk.so:libapuwarexrp_v2.mtk.so:libapuwareutils.mtk.so:libapuwareutils_v2.mtk.so:libapuwarehmp.mtk.so:libmcv_runtime_usdk.mtk.so:libneuron_graph_delegate.mtk.so:libneuronusdk_adapter.mtk.so:libtflite_mtk.mtk.so:libarmnn_ndk.mtk.so:libcmdl_ndk.mtk.so:libnir_neon_driver_ndk.mtk.so:libmvpu_runtime.mtk.so:libmvpu_runtime_pub.mtk.so:libmvpu_engine_pub.mtk.so:libmvpu_pattern_pub.mtk.so:libmvpuop_mtk_cv.mtk.so:libmvpuop_mtk_nn.mtk.so:libmvpu_runtime_25.mtk.so:libmvpu_runtime_25_pub.mtk.so:libmvpu_engine_25_pub.mtk.so:libmvpu_pattern_25_pub.mtk.so:libmvpuop25_mtk_cv.mtk.so:libmvpuop25_mtk_nn.mtk.so:libmvpu_config.mtk.so:libteeservice_client.trustonic.so:libmisys_jni.xiaomi.so
07-13 09:00:00.427 D/C2MtkBufferManager( 1041): over 5000ms not request from VCodec but callback hooked, slow BM Cc fetch thread
07-13 09:00:00.431 D/nativeloader(20800): Configuring clns-shared-9 for other apk /system_ext/framework/gson.jar. target_sdk_version=34, uses_libraries=ALL, library_path=/system_ext/priv-app/Settings/lib/arm64:/system_ext/priv-app/Settings/Settings.apk!/lib/arm64-v8a:/system/lib64:/system_ext/lib64:/system_ext/priv-app/RtMiCloudSDK/RtMiCloudSDK.apk!/lib/arm64-v8a:/system_ext/app/miuisystem/miuisystem.apk!/lib/arm64-v8a:/system_ext/app/miuisystem/miuisystem.apk!/lib/arm64-v8a, permitted_path=/data:/mnt/expand:/data/user_de/0/com.android.settings:/system_ext/priv-app/Settings:/system/lib64:/system_ext/lib64
07-13 09:00:00.431 D/nativeloader(20800): Extending system_exposed_libraries: libapuwareapusys.mtk.so:libapuwareapusys_v2.mtk.so:libapuwarexrp.mtk.so:libapuwarexrp_v2.mtk.so:libapuwareutils.mtk.so:libapuwareutils_v2.mtk.so:libapuwarehmp.mtk.so:libmcv_runtime_usdk.mtk.so:libneuron_graph_delegate.mtk.so:libneuronusdk_adapter.mtk.so:libtflite_mtk.mtk.so:libarmnn_ndk.mtk.so:libcmdl_ndk.mtk.so:libnir_neon_driver_ndk.mtk.so:libmvpu_runtime.mtk.so:libmvpu_runtime_pub.mtk.so:libmvpu_engine_pub.mtk.so:libmvpu_pattern_pub.mtk.so:libmvpuop_mtk_cv.mtk.so:libmvpuop_mtk_nn.mtk.so:libmvpu_runtime_25.mtk.so:libmvpu_runtime_25_pub.mtk.so:libmvpu_engine_25_pub.mtk.so:libmvpu_pattern_25_pub.mtk.so:libmvpuop25_mtk_cv.mtk.so:libmvpuop25_mtk_nn.mtk.so:libmvpu_config.mtk.so:libteeservice_client.trustonic.so:libmisys_jni.xiaomi.so
07-13 09:00:00.442 D/nativeloader(20800): Configuring clns-shared-10 for other apk /system_ext/framework/MiuiSettingsSearchLib.jar. target_sdk_version=34, uses_libraries=ALL, library_path=/system_ext/priv-app/Settings/lib/arm64:/system_ext/priv-app/Settings/Settings.apk!/lib/arm64-v8a:/system/lib64:/system_ext/lib64:/system_ext/priv-app/RtMiCloudSDK/RtMiCloudSDK.apk!/lib/arm64-v8a:/system_ext/app/miuisystem/miuisystem.apk!/lib/arm64-v8a:/system_ext/app/miuisystem/miuisystem.apk!/lib/arm64-v8a, permitted_path=/data:/mnt/expand:/data/user_de/0/com.android.settings:/system_ext/priv-app/Settings:/system/lib64:/system_ext/lib64
07-13 09:00:00.442 D/nativeloader(20800): Extending system_exposed_libraries: libapuwareapusys.mtk.so:libapuwareapusys_v2.mtk.so:libapuwarexrp.mtk.so:libapuwarexrp_v2.mtk.so:libapuwareutils.mtk.so:libapuwareutils_v2.mtk.so:libapuwarehmp.mtk.so:libmcv_runtime_usdk.mtk.so:libneuron_graph_delegate.mtk.so:libneuronusdk_adapter.mtk.so:libtflite_mtk.mtk.so:libarmnn_ndk.mtk.so:libcmdl_ndk.mtk.so:libnir_neon_driver_ndk.mtk.so:libmvpu_runtime.mtk.so:libmvpu_runtime_pub.mtk.so:libmvpu_engine_pub.mtk.so:libmvpu_pattern_pub.mtk.so:libmvpuop_mtk_cv.mtk.so:libmvpuop_mtk_nn.mtk.so:libmvpu_runtime_25.mtk.so:libmvpu_runtime_25_pub.mtk.so:libmvpu_engine_25_pub.mtk.so:libmvpu_pattern_25_pub.mtk.so:libmvpuop25_mtk_cv.mtk.so:libmvpuop25_mtk_nn.mtk.so:libmvpu_config.mtk.so:libteeservice_client.trustonic.so:libmisys_jni.xiaomi.so
07-13 09:00:00.448 D/C2MtkBufferManager( 1041): over 5000ms not request from VCodec but callback hooked, slow BM Cc fetch thread
07-13 09:00:00.455 D/nativeloader(20800): Configuring clns-shared-11 for other apk /system/framework/com.xiaomi.nfc.jar. target_sdk_version=34, uses_libraries=ALL, library_path=/system_ext/priv-app/Settings/lib/arm64:/system_ext/priv-app/Settings/Settings.apk!/lib/arm64-v8a:/system/lib64:/system_ext/lib64:/system_ext/priv-app/RtMiCloudSDK/RtMiCloudSDK.apk!/lib/arm64-v8a:/system_ext/app/miuisystem/miuisystem.apk!/lib/arm64-v8a:/system_ext/app/miuisystem/miuisystem.apk!/lib/arm64-v8a, permitted_path=/data:/mnt/expand:/data/user_de/0/com.android.settings:/system_ext/priv-app/Settings:/system/lib64:/system_ext/lib64
07-13 09:00:00.455 D/nativeloader(20800): Extending system_exposed_libraries: libapuwareapusys.mtk.so:libapuwareapusys_v2.mtk.so:libapuwarexrp.mtk.so:libapuwarexrp_v2.mtk.so:libapuwareutils.mtk.so:libapuwareutils_v2.mtk.so:libapuwarehmp.mtk.so:libmcv_runtime_usdk.mtk.so:libneuron_graph_delegate.mtk.so:libneuronusdk_adapter.mtk.so:libtflite_mtk.mtk.so:libarmnn_ndk.mtk.so:libcmdl_ndk.mtk.so:libnir_neon_driver_ndk.mtk.so:libmvpu_runtime.mtk.so:libmvpu_runtime_pub.mtk.so:libmvpu_engine_pub.mtk.so:libmvpu_pattern_pub.mtk.so:libmvpuop_mtk_cv.mtk.so:libmvpuop_mtk_nn.mtk.so:libmvpu_runtime_25.mtk.so:libmvpu_runtime_25_pub.mtk.so:libmvpu_engine_25_pub.mtk.so:libmvpu_pattern_25_pub.mtk.so:libmvpuop25_mtk_cv.mtk.so:libmvpuop25_mtk_nn.mtk.so:libmvpu_config.mtk.so:libteeservice_client.trustonic.so:libmisys_jni.xiaomi.so
07-13 09:00:00.468 D/C2MtkBufferManager( 1041): over 5000ms not request from VCodec but callback hooked, slow BM Cc fetch thread
07-13 09:00:00.489 D/C2MtkBufferManager( 1041): over 5000ms not request from VCodec but callback hooked, slow BM Cc fetch thread
07-13 09:00:00.499 D/ActivityManager( 1813): getProcessesInErrorState callingUid=10288, CallingPid=19459
07-13 09:00:00.503 D/ActivityManager( 1813): getProcessesInErrorState callingUid=10279, CallingPid=443
07-13 09:00:00.509 D/C2MtkBufferManager( 1041): over 5000ms not request from VCodec but callback hooked, slow BM Cc fetch thread
07-13 09:00:00.530 D/C2MtkBufferManager( 1041): over 5000ms not request from VCodec but callback hooked, slow BM Cc fetch thread
07-13 09:00:00.532 D/ActivityManager( 1813): getProcessesInErrorState callingUid=10283, CallingPid=7279
07-13 09:00:00.550 D/connsyslogger( 1516): SD_LOG_ROOT is /data/debuglogger/connsyslog/fw.
07-13 09:00:00.550 D/connsyslogger( 1516): systemReady:1
07-13 09:00:00.550 D/nativeloader(20800): Configuring clns-shared-12 for other apk /system_ext/priv-app/Settings/Settings.apk. target_sdk_version=34, uses_libraries=, library_path=/system_ext/priv-app/Settings/lib/arm64:/system_ext/priv-app/Settings/Settings.apk!/lib/arm64-v8a:/system/lib64:/system_ext/lib64:/system_ext/priv-app/RtMiCloudSDK/RtMiCloudSDK.apk!/lib/arm64-v8a:/system_ext/app/miuisystem/miuisystem.apk!/lib/arm64-v8a:/system_ext/app/miuisystem/miuisystem.apk!/lib/arm64-v8a, permitted_path=/data:/mnt/expand:/data/user_de/0/com.android.settings:/system_ext/priv-app/Settings:/system/lib64:/system_ext/lib64
07-13 09:00:00.550 D/C2MtkBufferManager( 1041): over 5000ms not request from VCodec but callback hooked, slow BM Cc fetch thread
07-13 09:00:00.571 D/C2MtkBufferManager( 1041): over 5000ms not request from VCodec but callback hooked, slow BM Cc fetch thread
07-13 09:00:00.591 D/C2MtkBufferManager( 1041): over 5000ms not request from VCodec but callback hooked, slow BM Cc fetch thread
07-13 09:00:00.612 D/C2MtkBufferManager( 1041): over 5000ms not request from VCodec but callback hooked, slow BM Cc fetch thread
07-13 09:00:00.633 D/C2MtkBufferManager( 1041): over 5000ms not request from VCodec but callback hooked, slow BM Cc fetch thread
07-13 09:00:00.653 D/C2MtkBufferManager( 1041): over 5000ms not request from VCodec but callback hooked, slow BM Cc fetch thread
07-13 09:00:00.674 D/C2MtkBufferManager( 1041): over 5000ms not request from VCodec but callback hooked, slow BM Cc fetch thread
07-13 09:00:00.690 W/PushService( 4459): [Tid:1852] [Slim] RCV ping id=0
07-13 09:00:00.695 D/C2MtkBufferManager( 1041): over 5000ms not request from VCodec but callback hooked, slow BM Cc fetch thread
07-13 09:00:00.715 D/C2MtkBufferManager( 1041): over 5000ms not request from VCodec but callback hooked, slow BM Cc fetch thread
07-13 09:00:00.736 D/C2MtkBufferManager( 1041): over 5000ms not request from VCodec but callback hooked, slow BM Cc fetch thread
07-13 09:00:00.756 D/C2MtkBufferManager( 1041): over 5000ms not request from VCodec but callback hooked, slow BM Cc fetch thread
07-13 09:00:00.777 D/C2MtkBufferManager( 1041): over 5000ms not request from VCodec but callback hooked, slow BM Cc fetch thread
07-13 09:00:00.798 D/C2MtkBufferManager( 1041): over 5000ms not request from VCodec but callback hooked, slow BM Cc fetch thread
07-13 09:00:00.818 D/C2MtkBufferManager( 1041): over 5000ms not request from VCodec but callback hooked, slow BM Cc fetch thread
07-13 09:00:00.839 D/C2MtkBufferManager( 1041): over 5000ms not request from VCodec but callback hooked, slow BM Cc fetch thread
07-13 09:00:00.859 D/C2MtkBufferManager( 1041): over 5000ms not request from VCodec but callback hooked, slow BM Cc fetch thread
07-13 09:00:00.880 D/C2MtkBufferManager( 1041): over 5000ms not request from VCodec but callback hooked, slow BM Cc fetch thread
07-13 09:00:00.900 D/C2MtkBufferManager( 1041): over 5000ms not request from VCodec but callback hooked, slow BM Cc fetch thread
07-13 09:00:00.921 D/C2MtkBufferManager( 1041): over 5000ms not request from VCodec but callback hooked, slow BM Cc fetch thread
07-13 09:00:00.942 D/C2MtkBufferManager( 1041): over 5000ms not request from VCodec but callback hooked, slow BM Cc fetch thread
07-13 09:00:00.962 D/C2MtkBufferManager( 1041): over 5000ms not request from VCodec but callback hooked, slow BM Cc fetch thread
07-13 09:00:00.983 D/C2MtkBufferManager( 1041): over 5000ms not request from VCodec but callback hooked, slow BM Cc fetch thread
07-13 09:00:01.001 D/ActivityManager( 1813): getProcessesInErrorState callingUid=10288, CallingPid=19459
07-13 09:00:01.003 D/C2MtkBufferManager( 1041): over 5000ms not request from VCodec but callback hooked, slow BM Cc fetch thread
07-13 09:00:01.005 D/ActivityManager( 1813): getProcessesInErrorState callingUid=10279, CallingPid=443
07-13 09:00:01.008 D/nativeloader(20800): Load libframework-connectivity-jni.so using APEX ns com_android_tethering for caller /apex/com.android.tethering/javalib/framework-connectivity.jar: ok
07-13 09:00:01.024 D/C2MtkBufferManager( 1041): over 5000ms not request from VCodec but callback hooked, slow BM Cc fetch thread
07-13 09:00:01.029 V/GraphicsEnvironment(20800): Currently set values for:
07-13 09:00:01.029 V/GraphicsEnvironment(20800):   angle_gl_driver_selection_pkgs=[]
07-13 09:00:01.030 V/GraphicsEnvironment(20800):   angle_gl_driver_selection_values=[]
07-13 09:00:01.033 V/GraphicsEnvironment(20800): ANGLE GameManagerService for com.android.settings: false
07-13 09:00:01.033 V/GraphicsEnvironment(20800): com.android.settings is not listed in per-application setting
07-13 09:00:01.034 V/GraphicsEnvironment(20800): Neither updatable production driver nor prerelease driver is supported.
07-13 09:00:01.043 I/ForceDarkHelperStubImpl(20800): initialize for com.android.settings , ForceDarkOrigin
07-13 09:00:01.044 D/C2MtkBufferManager( 1041): over 5000ms not request from VCodec but callback hooked, slow BM Cc fetch thread
07-13 09:00:01.065 D/C2MtkBufferManager( 1041): over 5000ms not request from VCodec but callback hooked, slow BM Cc fetch thread
07-13 09:00:01.086 D/C2MtkBufferManager( 1041): over 5000ms not request from VCodec but callback hooked, slow BM Cc fetch thread
07-13 09:00:01.103 D/nativeloader(20800): Load libforcedarkimpl.so using system ns (caller=/system_ext/framework/miui-framework.jar): ok
07-13 09:00:01.106 D/OpenGLRenderer(20800): JNI_OnLoad success
07-13 09:00:01.106 D/C2MtkBufferManager( 1041): over 5000ms not request from VCodec but callback hooked, slow BM Cc fetch thread
07-13 09:00:01.106 I/MiuiForceDarkConfig(20800): setConfig density:2.000000, mainRule:0, secondaryRule:0, tertiaryRule:0
07-13 09:00:01.116 I/beanpodkeymaster(  546): Enter BeanpodKeymaster BeginOperation
07-13 09:00:01.117 I/beanpodkeymaster(  546): cmd:4 Received 24 byte response
07-13 09:00:01.117 I/beanpodkeymaster(  546): Exit BeanpodKeymaster BeginOperation
07-13 09:00:01.118 I/SmartPower: com.google.android.cellbroadcastreceiver/10249(20478)( 1813): background->idle(3001ms) R(broadcast start Intent { act=android.intent.action.SERVICE_STATE flg=0x1000010 (has extras) }) adj=915.
07-13 09:00:01.119 I/beanpodkeymaster(  546): Enter BeanpodKeymaster UpdateOperation
07-13 09:00:01.120 I/beanpodkeymaster(  546): cmd:8 Received 393 byte response
07-13 09:00:01.120 I/beanpodkeymaster(  546): Exit BeanpodKeymaster UpdateOperation
07-13 09:00:01.122 I/beanpodkeymaster(  546): Enter BeanpodKeymaster FinishOperation
07-13 09:00:01.122 I/beanpodkeymaster(  546): cmd:c Received 20 byte response
07-13 09:00:01.122 I/beanpodkeymaster(  546): Exit BeanpodKeymaster FinishOperation
07-13 09:00:01.127 D/C2MtkBufferManager( 1041): over 5000ms not request from VCodec but callback hooked, slow BM Cc fetch thread
07-13 09:00:01.137 I/beanpodkeymaster(  546): Enter BeanpodKeymaster BeginOperation
07-13 09:00:01.138 I/beanpodkeymaster(  546): cmd:4 Received 24 byte response
07-13 09:00:01.139 I/beanpodkeymaster(  546): Exit BeanpodKeymaster BeginOperation
07-13 09:00:01.141 I/beanpodkeymaster(  546): Enter BeanpodKeymaster UpdateOperation
07-13 09:00:01.143 I/beanpodkeymaster(  546): cmd:8 Received 88 byte response
07-13 09:00:01.143 I/beanpodkeymaster(  546): Exit BeanpodKeymaster UpdateOperation
07-13 09:00:01.145 I/beanpodkeymaster(  546): Enter BeanpodKeymaster FinishOperation
07-13 09:00:01.145 I/beanpodkeymaster(  546): cmd:c Received 20 byte response
07-13 09:00:01.145 I/beanpodkeymaster(  546): Exit BeanpodKeymaster FinishOperation
07-13 09:00:01.147 D/C2MtkBufferManager( 1041): over 5000ms not request from VCodec but callback hooked, slow BM Cc fetch thread
07-13 09:00:01.165 W/adbd    (21521): timeout expired while flushing socket, closing
07-13 09:00:01.168 D/C2MtkBufferManager( 1041): over 5000ms not request from VCodec but callback hooked, slow BM Cc fetch thread
07-13 09:00:01.188 D/C2MtkBufferManager( 1041): over 5000ms not request from VCodec but callback hooked, slow BM Cc fetch thread
07-13 09:00:01.209 D/C2MtkBufferManager( 1041): over 5000ms not request from VCodec but callback hooked, slow BM Cc fetch thread
07-13 09:00:01.229 D/C2MtkBufferManager( 1041): over 5000ms not request from VCodec but callback hooked, slow BM Cc fetch thread
07-13 09:00:01.250 D/C2MtkBufferManager( 1041): over 5000ms not request from VCodec but callback hooked, slow BM Cc fetch thread
07-13 09:00:01.261 W/ActivityThread(20800): ClassLoader.getResources: The class loader returned by Thread.getContextClassLoader() may fail for processes that host multiple applications. You should explicitly specify a context class loader. For example: Thread.setContextClassLoader(getClass().getClassLoader());
07-13 09:00:01.265 W/Settings( 2457): Setting airplane_mode_on has moved from android.provider.Settings.System to android.provider.Settings.Global, returning read-only value.
07-13 09:00:01.271 D/C2MtkBufferManager( 1041): over 5000ms not request from VCodec but callback hooked, slow BM Cc fetch thread
07-13 09:00:01.291 D/C2MtkBufferManager( 1041): over 5000ms not request from VCodec but callback hooked, slow BM Cc fetch thread
07-13 09:00:01.292 I/SplitInfoVersionManager(20800): No new split info version, just use default version.
07-13 09:00:01.295 W/System  (20800): ClassLoader referenced unknown path: 
07-13 09:00:01.296 W/ndroid.settings(20800): Unsupported class loader: java.lang.Class<com.iqiyi.android.qigsaw.core.splitload.SplitDelegateClassloader>
07-13 09:00:01.301 I/ClipboardServiceI( 1813): checkProviderWakePathForClipboard: primaryClip is null
07-13 09:00:01.312 D/C2MtkBufferManager( 1041): over 5000ms not request from VCodec but callback hooked, slow BM Cc fetch thread
07-13 09:00:01.332 D/C2MtkBufferManager( 1041): over 5000ms not request from VCodec but callback hooked, slow BM Cc fetch thread
07-13 09:00:01.353 D/C2MtkBufferManager( 1041): over 5000ms not request from VCodec but callback hooked, slow BM Cc fetch thread
07-13 09:00:01.357 I/libPerfCtl( 1059): xgfGetFPS pid:2459 fps:-1
07-13 09:00:01.357 I/libPerfCtl( 1059): xgfGetFPS pid:20554 fps:-1
07-13 09:00:01.357 I/libPowerHal( 1059): [updateFPS] pid(20554) : 60 => -1
07-13 09:00:01.358 I/libPowerHal( 1059): [perfNotifyAppState] pack:com.skillsroom.mobile, act:com.skillsroom.mobile.MainActivity, state:5, pid:20554, uid:10210, fps:-1
07-13 09:00:01.365 I/UxUtility( 1059): notifyForegroundApp pack:com.skillsroom.mobile, uid:10210
07-13 09:00:01.365 I/TouchUtility( 1059): notifyAppState error = NULL
07-13 09:00:01.374 D/C2MtkBufferManager( 1041): over 5000ms not request from VCodec but callback hooked, slow BM Cc fetch thread
07-13 09:00:01.394 D/C2MtkBufferManager( 1041): over 5000ms not request from VCodec but callback hooked, slow BM Cc fetch thread
07-13 09:00:01.415 D/C2MtkBufferManager( 1041): over 5000ms not request from VCodec but callback hooked, slow BM Cc fetch thread
07-13 09:00:01.417 D/BatteryStateDatabase(20800): initialize battery states database
07-13 09:00:01.418 D/CompatibilityChangeReporter(20800): Compat change id reported: 183155436; UID 1000; state: ENABLED
07-13 09:00:01.419 W/BatteryUsageContentProvider(20800): create content provider from null
07-13 09:00:01.435 D/C2MtkBufferManager( 1041): over 5000ms not request from VCodec but callback hooked, slow BM Cc fetch thread
07-13 09:00:01.445 D/SettingsSliceProvider(20800): init
07-13 09:00:01.446 W/Looper  ( 1813): PerfMonitor longMsg : seq=4507364 plan=08:59:58.480 late=1495ms wall=1470ms h=android.os.Handler c=android.app.LoadedApk$ReceiverDispatcher$Args$$ExternalSyntheticLambda0 procState=-1
07-13 09:00:01.447 D/SettingsSliceProvider(20800): onCreateSliceProvider
07-13 09:00:01.455 D/C2MtkBufferManager( 1041): over 5000ms not request from VCodec but callback hooked, slow BM Cc fetch thread
07-13 09:00:01.476 D/C2MtkBufferManager( 1041): over 5000ms not request from VCodec but callback hooked, slow BM Cc fetch thread
07-13 09:00:01.496 D/C2MtkBufferManager( 1041): over 5000ms not request from VCodec but callback hooked, slow BM Cc fetch thread
07-13 09:00:01.502 D/ActivityManager( 1813): getProcessesInErrorState callingUid=10288, CallingPid=19459
07-13 09:00:01.507 D/ActivityManager( 1813): getProcessesInErrorState callingUid=10279, CallingPid=443
07-13 09:00:01.517 D/C2MtkBufferManager( 1041): over 5000ms not request from VCodec but callback hooked, slow BM Cc fetch thread
07-13 09:00:01.517 D/AutoDensity(20800): autodensity debugEnable = 
07-13 09:00:01.520 D/AppWidgetServiceImpl( 1813): Provider info from ComponentInfo{com.google.android.apps.docs/com.google.android.apps.docs.drive.widget.suggestion.SuggestionAppWidgetProvider} won't be persisted.
07-13 09:00:01.520 D/AppWidgetServiceImpl( 1813): Provider info from ComponentInfo{com.google.android.apps.docs/com.google.android.apps.docs.drive.widget.CakemixAppWidgetProvider} won't be persisted.
07-13 09:00:01.525 D/AppWidgetServiceImpl( 1813): Provider info from ComponentInfo{com.shaiban.audioplayer.mplayer/com.shaiban.audioplayer.mplayer.audio.appwidgets.AppWidgetList} won't be persisted.
07-13 09:00:01.526 D/AppWidgetServiceImpl( 1813): Provider info from ComponentInfo{com.shaiban.audioplayer.mplayer/com.shaiban.audioplayer.mplayer.audio.appwidgets.AppWidgetMediumColor} won't be persisted.
07-13 09:00:01.526 D/AppWidgetServiceImpl( 1813): Provider info from ComponentInfo{com.shaiban.audioplayer.mplayer/com.shaiban.audioplayer.mplayer.audio.appwidgets.AppWidgetMediumTrans} won't be persisted.
07-13 09:00:01.526 D/AppWidgetServiceImpl( 1813): Provider info from ComponentInfo{com.shaiban.audioplayer.mplayer/com.shaiban.audioplayer.mplayer.audio.appwidgets.AppWidgetMediumCard} won't be persisted.
07-13 09:00:01.526 D/AppWidgetServiceImpl( 1813): Provider info from ComponentInfo{com.shaiban.audioplayer.mplayer/com.shaiban.audioplayer.mplayer.audio.appwidgets.AppWidgetSmallCard} won't be persisted.
07-13 09:00:01.527 D/AppWidgetServiceImpl( 1813): Provider info from ComponentInfo{io.zerion.android/io.zerion.android.feature.android.widgets.summary.simplified.SimplifiedSummaryWidgetProvider} won't be persisted.
07-13 09:00:01.527 D/AppWidgetServiceImpl( 1813): Provider info from ComponentInfo{io.zerion.android/io.zerion.android.feature.android.widgets.summary.detailed.DetailedSummaryWidgetProvider} won't be persisted.
07-13 09:00:01.527 D/AppWidgetServiceImpl( 1813): Provider info from ComponentInfo{io.zerion.android/io.zerion.android.feature.android.widgets.gas.GasPriceWidgetReceiver} won't be persisted.
07-13 09:00:01.528 D/AppWidgetServiceImpl( 1813): Provider info from ComponentInfo{io.zerion.android/io.zerion.android.feature.android.widgets.dapp.DappWidgetReceiver} won't be persisted.
07-13 09:00:01.528 D/AppWidgetServiceImpl( 1813): Provider info from ComponentInfo{io.zerion.android/io.zerion.android.feature.android.widgets.favoriteTokens.FavoriteTokensWidgetReceiver} won't be persisted.
07-13 09:00:01.528 D/AppWidgetServiceImpl( 1813): Provider info from ComponentInfo{io.zerion.android/io.zerion.android.feature.android.widgets.mintsForYou.MintsForYouWidgetReceiver} won't be persisted.
07-13 09:00:01.528 D/AppWidgetServiceImpl( 1813): Provider info from ComponentInfo{io.zerion.android/io.zerion.android.feature.android.widgets.nftwidget.NFTWidgetReceiver} won't be persisted.
07-13 09:00:01.528 D/AppWidgetServiceImpl( 1813): Provider info from ComponentInfo{io.zerion.android/io.zerion.android.feature.android.widgets.topPrices.TopPricesWidgetReceiver} won't be persisted.
07-13 09:00:01.538 D/C2MtkBufferManager( 1041): over 5000ms not request from VCodec but callback hooked, slow BM Cc fetch thread
07-13 09:00:01.558 D/C2MtkBufferManager( 1041): over 5000ms not request from VCodec but callback hooked, slow BM Cc fetch thread
07-13 09:00:01.579 D/C2MtkBufferManager( 1041): over 5000ms not request from VCodec but callback hooked, slow BM Cc fetch thread
07-13 09:00:01.595 D/SpaEnvironment(20800): reset
07-13 09:00:01.600 D/C2MtkBufferManager( 1041): over 5000ms not request from VCodec but callback hooked, slow BM Cc fetch thread
07-13 09:00:01.620 D/C2MtkBufferManager( 1041): over 5000ms not request from VCodec but callback hooked, slow BM Cc fetch thread
07-13 09:00:01.623 D/EmbeddingBackend(20800): No supported embedding extension found
07-13 09:00:01.628 D/SplitAABInfoProvider(20800): App has no fused modules.
07-13 09:00:01.628 D/SplitAABInfoProvider(20800): AAB has no splits ignore
07-13 09:00:01.628 D/SplitAABInfoProvider(20800): No splits are found or app cannot be found in package manager.
07-13 09:00:01.629 I/Split:MultiDex(20800): VM with version 2.1.0 has multidex support
07-13 09:00:01.631 D/SplitInstallSupervisor(20800): No splits need to uninstall!
07-13 09:00:01.632 I/SplitInfoManagerImpl(20800): currentVersion : 1.2_1.56 defaultVersion : 1.2_1.56
07-13 09:00:01.632 I/SplitInfoManagerImpl(20800): Default split file name: qigsaw/qigsaw_1.2_1.56.json
07-13 09:00:01.636 I/SplitInfoManagerImpl(20800): Cost 4 mil-second to parse default split info
07-13 09:00:01.640 D/SettingsFeatures(20800): isFoldDevice: false
07-13 09:00:01.641 D/C2MtkBufferManager( 1041): over 5000ms not request from VCodec but callback hooked, slow BM Cc fetch thread
07-13 09:00:01.641 I/Split:AbiUtil(20800): Succeed to get primaryCpuAbi arm64-v8a from ApplicationInfo.
07-13 09:00:01.658 I/DeviceLevelUtils(20800): platform：mt6768
07-13 09:00:01.659 I/ActivityManager( 1813): Flag disabled. Ignoring finishAttachApplication from uid: 1000. pid: 20800
07-13 09:00:01.659 I/MiSpeedRecord(20800): Connecting to PerfShielder service.
07-13 09:00:01.662 D/C2MtkBufferManager( 1041): over 5000ms not request from VCodec but callback hooked, slow BM Cc fetch thread
07-13 09:00:01.670 W/Looper  (20800): PerfMonitor longMsg : seq=2 plan=09:00:00.258 late=12ms wall=1396ms h=android.app.ActivityThread$H w=110 procState=-1
07-13 09:00:01.671 D/SettingsFeatures(20800): isFoldDevice: false
07-13 09:00:01.671 D/SettingsFeatures(20800): isFoldDevice: false
07-13 09:00:01.671 D/SettingsFeatures(20800): isFoldDevice: false
07-13 09:00:01.674 D/PeriodicJobReceiver(20800): refresh periodic job from action=com.android.settings.battery.action.PERIODIC_JOB_UPDATE
07-13 09:00:01.674 D/BatteryUsageDataLoader(20800): loadUsageDataSafely() in the AsyncTask
07-13 09:00:01.674 D/CompatibilityChangeReporter(20800): Compat change id reported: 160794467; UID 1000; state: ENABLED
07-13 09:00:01.675 D/InternationalCompat(20800): CN, empty implementation
07-13 09:00:01.682 D/C2MtkBufferManager( 1041): over 5000ms not request from VCodec but callback hooked, slow BM Cc fetch thread
07-13 09:00:01.690 D/CompatibilityChangeReporter( 1813): Compat change id reported: 171306433; UID 1000; state: ENABLED
07-13 09:00:01.690 D/CompatibilityChangeReporter( 1813): Compat change id reported: 218533173; UID 1000; state: ENABLED
07-13 09:00:01.693 E/MiuiUtils(20800): Cannot find package: com.android.quicksearchbox
07-13 09:00:01.693 E/MiuiUtils(20800): android.content.pm.PackageManager$NameNotFoundException: com.android.quicksearchbox
07-13 09:00:01.693 E/MiuiUtils(20800): 	at android.app.ApplicationPackageManager.getPackageInfoAsUser(ApplicationPackageManager.java:259)
07-13 09:00:01.693 E/MiuiUtils(20800): 	at android.app.ApplicationPackageManager.getPackageInfo(ApplicationPackageManager.java:219)
07-13 09:00:01.693 E/MiuiUtils(20800): 	at android.app.ApplicationPackageManager.getPackageInfo(ApplicationPackageManager.java:213)
07-13 09:00:01.693 E/MiuiUtils(20800): 	at com.android.settings.MiuiUtils.getAppLongVersionCode(MiuiUtils.java:1584)
07-13 09:00:01.693 E/MiuiUtils(20800): 	at com.android.settings.personal.FullScreenDisplayController.quickSearchBoxTooOld(FullScreenDisplayController.java:63)
07-13 09:00:01.693 E/MiuiUtils(20800): 	at com.android.settings.personal.FullScreenDisplayController.isRemoveEntryFromSettings(FullScreenDisplayController.java:69)
07-13 09:00:01.693 E/MiuiUtils(20800): 	at com.android.settings.personal.FullScreenDisplayController.initInfinityDisplaySettings(FullScreenDisplayController.java:47)
07-13 09:00:01.693 E/MiuiUtils(20800): 	at com.android.settings.SettingsApplication$InitTask.doInBackground(SettingsApplication.java:438)
07-13 09:00:01.693 E/MiuiUtils(20800): 	at com.android.settings.SettingsApplication$InitTask.doInBackground(SettingsApplication.java:421)
07-13 09:00:01.693 E/MiuiUtils(20800): 	at android.os.AsyncTask$3.call(AsyncTask.java:394)
07-13 09:00:01.693 E/MiuiUtils(20800): 	at java.util.concurrent.FutureTask.run(FutureTask.java:328)
07-13 09:00:01.693 E/MiuiUtils(20800): 	at java.util.concurrent.ThreadPoolExecutor.runWorker(ThreadPoolExecutor.java:1100)
07-13 09:00:01.693 E/MiuiUtils(20800): 	at java.util.concurrent.ThreadPoolExecutor$Worker.run(ThreadPoolExecutor.java:624)
07-13 09:00:01.693 E/MiuiUtils(20800): 	at java.lang.Thread.run(Thread.java:1572)
07-13 09:00:01.703 D/C2MtkBufferManager( 1041): over 5000ms not request from VCodec but callback hooked, slow BM Cc fetch thread
07-13 09:00:01.723 D/C2MtkBufferManager( 1041): over 5000ms not request from VCodec but callback hooked, slow BM Cc fetch thread
07-13 09:00:01.744 D/C2MtkBufferManager( 1041): over 5000ms not request from VCodec but callback hooked, slow BM Cc fetch thread
07-13 09:00:01.749 D/CompatibilityChangeReporter(20800): Compat change id reported: 170233598; UID 1000; state: ENABLED
07-13 09:00:01.758 D/PeriodicJobManager(20800): schedule next alarm job at Jul 13, 2026, 10:00:00
07-13 09:00:01.760 D/AlarmManager( 1813): mBroadcastRefCount -> 0
07-13 09:00:01.760 D/AlarmManager( 1813): mPendingIntent -> PendingIntent{8162c26: PendingIntentRecord{e489067 com.android.settings broadcastIntent}}
07-13 09:00:01.764 D/C2MtkBufferManager( 1041): over 5000ms not request from VCodec but callback hooked, slow BM Cc fetch thread
07-13 09:00:01.769 W/ContextImpl(20800): Calling a method in the system process without a qualified user: android.app.ContextImpl.startService:1910 android.content.ContextWrapper.startService:836 com.iqiyi.android.qigsaw.core.Qigsaw.cleanStaleSplits:246 com.iqiyi.android.qigsaw.core.Qigsaw.-$$Nest$smcleanStaleSplits:0 com.iqiyi.android.qigsaw.core.Qigsaw$1.queueIdle:162 
07-13 09:00:01.777 D/RecommendHelper(20800): Load end, total time69ms
07-13 09:00:01.785 D/C2MtkBufferManager( 1041): over 5000ms not request from VCodec but callback hooked, slow BM Cc fetch thread
07-13 09:00:01.788 W/PowerProfile(20800): screen.on is deprecated! Use screen.on.display0 instead.
07-13 09:00:01.788 W/PowerProfile(20800): screen.full is deprecated! Use screen.full.display0 instead.
07-13 09:00:01.789 W/ModemPowerProfile(20800): getAverageBatteryDrainMaH called with unexpected key: 0x0, drain:SLEEP,RAT:DEFAULT
07-13 09:00:01.789 W/ModemPowerProfile(20800): getAverageBatteryDrainMaH called with unexpected key: 0x10000000, drain:IDLE,RAT:DEFAULT
07-13 09:00:01.789 W/ModemPowerProfile(20800): getAverageBatteryDrainMaH called with unexpected key: 0x20000000, drain:RX,RAT:DEFAULT
07-13 09:00:01.789 W/ModemPowerProfile(20800): getAverageBatteryDrainMaH called with unexpected key: 0x30000000, drain:TX,level:0,RAT:DEFAULT
07-13 09:00:01.789 W/ModemPowerProfile(20800): getAverageBatteryDrainMaH called with unexpected key: 0x31000000, drain:TX,level:1,RAT:DEFAULT
07-13 09:00:01.790 W/ModemPowerProfile(20800): getAverageBatteryDrainMaH called with unexpected key: 0x32000000, drain:TX,level:2,RAT:DEFAULT
07-13 09:00:01.790 W/ModemPowerProfile(20800): getAverageBatteryDrainMaH called with unexpected key: 0x33000000, drain:TX,level:3,RAT:DEFAULT
07-13 09:00:01.790 W/ModemPowerProfile(20800): getAverageBatteryDrainMaH called with unexpected key: 0x34000000, drain:TX,level:4,RAT:DEFAULT
07-13 09:00:01.805 D/C2MtkBufferManager( 1041): over 5000ms not request from VCodec but callback hooked, slow BM Cc fetch thread
07-13 09:00:01.826 D/C2MtkBufferManager( 1041): over 5000ms not request from VCodec but callback hooked, slow BM Cc fetch thread
07-13 09:00:01.846 D/C2MtkBufferManager( 1041): over 5000ms not request from VCodec but callback hooked, slow BM Cc fetch thread
07-13 09:00:01.867 D/C2MtkBufferManager( 1041): over 5000ms not request from VCodec but callback hooked, slow BM Cc fetch thread
07-13 09:00:01.887 D/C2MtkBufferManager( 1041): over 5000ms not request from VCodec but callback hooked, slow BM Cc fetch thread
07-13 09:00:01.907 D/C2MtkBufferManager( 1041): over 5000ms not request from VCodec but callback hooked, slow BM Cc fetch thread
07-13 09:00:01.921 D/Launcher.Model( 2470): LauncherAppsCallback onPackageChanged|com.shaiban.audioplayer.mplayer|UserHandle{0}
07-13 09:00:01.926 D/Launcher.Model( 2470): Got broadcast:Intent { act=android.intent.action.PACKAGE_CHANGED dat=package: (has extras) }
07-13 09:00:01.928 D/C2MtkBufferManager( 1041): over 5000ms not request from VCodec but callback hooked, slow BM Cc fetch thread
07-13 09:00:01.948 D/C2MtkBufferManager( 1041): over 5000ms not request from VCodec but callback hooked, slow BM Cc fetch thread
07-13 09:00:01.969 D/C2MtkBufferManager( 1041): over 5000ms not request from VCodec but callback hooked, slow BM Cc fetch thread
07-13 09:00:01.972 I/IconCustomizer( 2470): com.shaiban.audioplayer.mplayer.png adaptiveIcon2Drawable size 144
07-13 09:00:01.979 W/PreviewDisappear( 2470): set, fromDrawable for info: com.miui.home.launcher.graphics.DrawableInfo@ec3eecb, with drawable: android.graphics.drawable.BitmapDrawable@830b6a8
07-13 09:00:01.979 W/PreviewDisappear( 2470): set, applyTo for info: com.miui.home.launcher.graphics.DrawableInfo@25525c1, with icon: android.graphics.drawable.BitmapDrawable@830b6a8
07-13 09:00:01.981 D/Launcher.AllAppsList( 2470): updatePackage, packageName=com.shaiban.audioplayer.mplayer, loadMissing=false, user=UserHandle{0}, matchedSize=1
07-13 09:00:01.985 I/SmartPower: com.mi.globalminusscreen/10161(3531)( 1813): background->idle(3011ms) R(broadcast start Intent { act=android.intent.action.PACKAGE_CHANGED dat=package: flg=0x45000010 (has extras) }) adj=100.
07-13 09:00:01.986 I/SmartPower: android.process.acore/10078(20339)( 1813): background->idle(3002ms) R(broadcast start Intent { act=android.intent.action.PACKAGE_CHANGED dat=package: flg=0x45000010 (has extras) }) adj=800.
07-13 09:00:01.986 I/SmartPower: com.google.android.contacts/10183(20287)( 1813): background->idle(3001ms) R(broadcast start Intent { act=android.intent.action.PACKAGE_CHANGED dat=package: flg=0x45000010 (has extras) }) adj=905.
07-13 09:00:01.987 D/Launcher.AllAppsList( 2470): updatePackage, find appInfo=AppInfo, id=-1, itemType=0, user=UserHandle{0}, mIconType=0, pkgName=com.shaiban.audioplayer.mplayer, className=com.shaiban.audioplayer.mplayer.app.navigation.NavigatingActivity, screenId=-1, container=-1, cellX=-1, cellY=-1, spanX=1, spanY=1 from ComponentInfo{com.shaiban.audioplayer.mplayer/com.shaiban.audioplayer.mplayer.app.navigation.NavigatingActivity}
07-13 09:00:01.987 W/PreviewDisappear( 2470): 1 getIcon entry: null
07-13 09:00:01.988 W/PreviewDisappear( 2470): set, fromDrawable for info: com.miui.home.launcher.graphics.DrawableInfo@4081166, with drawable: android.graphics.drawable.BitmapDrawable@7a0aca7
07-13 09:00:01.988 W/PreviewDisappear( 2470): 2 getIcon entry: com.miui.home.launcher.graphics.DrawableInfo@4081166
07-13 09:00:01.988 W/PreviewDisappear( 2470): applyCacheEntry entry: android.graphics.drawable.BitmapDrawable@7a0aca7
07-13 09:00:01.988 W/PreviewDisappear( 2470): DrawableInfo for info: Item(id=-1 type=0) applyTo: android.graphics.drawable.BitmapDrawable@7a0aca7
07-13 09:00:01.989 D/C2MtkBufferManager( 1041): over 5000ms not request from VCodec but callback hooked, slow BM Cc fetch thread
07-13 09:00:01.997 D/Launcher.Model( 2470): onReceiveBackground, mAllAppsList=add=[], remove=[], modified=[(0, AppInfo, id=-1, itemType=0, user=UserHandle{0}, mIconType=0, pkgName=com.shaiban.audioplayer.mplayer, className=com.shaiban.audioplayer.mplayer.app.navigation.NavigatingActivity, screenId=-1, container=-1, cellX=-1, cellY=-1, spanX=1, spanY=1)]
07-13 09:00:02.004 D/ActivityManager( 1813): getProcessesInErrorState callingUid=10288, CallingPid=19459
07-13 09:00:02.009 D/ActivityManager( 1813): getProcessesInErrorState callingUid=10279, CallingPid=443
07-13 09:00:02.010 D/C2MtkBufferManager( 1041): over 5000ms not re