07-13 09:20:06.880 I/DisplayModeDirectorImpl( 1813): onDesiredDisplayModeSpecsChanged:baseModeId=2 allowGroupSwitching=false primary=physical: (0.0 Infinity) render:  (0.0 90.0) appRequest=physical: (0.0 Infinity) render:  (0.0 90.0) noVotes=false
07-13 09:20:06.880 I/BufferQueueDebug( 1133): [Surface(name=d59f9dd NavigationBar0#77073)/@0xd8156d9 - animation-leash of insets_animation#78113](this:0xb400007855a38a30,id:-1,api:0,p:-1,c:1133) onDestructor()
07-13 09:20:06.880 I/BufferQueueDebug( 1133): [Surface(name=5a869db StatusBar#93)/@0xba1daa7 - animation-leash of insets_animation#78114](this:0xb40000785b3e3a30,id:-1,api:0,p:-1,c:1133) onDestructor()
07-13 09:20:06.883 D/Aurogon ( 1813):  uid = 10210 switch to FG
07-13 09:20:06.884 D/MiuiFreeformAnimation( 2459): startAnimation change: {WCT{android.window.IWindowContainerToken$Stub$Proxy@7dd60cd} m=OPEN f=MOVE_TO_TOP leash=Surface(name=Task=5360#78125)/@0x19a251b sb=Rect(0, 0 - 720, 1600) eb=Rect(0, 0 - 720, 1600) d=0} info.getType(): 2
07-13 09:20:06.884 I/MiuiFreeformAnimation( 2459): isLaunchWidgetPicker=false,taskInfo.getWindowingMode()=1, taskInfo.getActivityType()=1
07-13 09:20:06.884 D/MiuiFreeFormManager( 2459):  isSplitRootTask taskId=5360
07-13 09:20:06.885 W/MiPicks-ProcessObserverV10(21977): onForegroundActivitiesChanged:pid = 4669,activity-uid=10210,foregroundActivities=true
07-13 09:20:06.886 D/PMonitor( 4459):  onForegroundActivitiesChanged:pid = 4669,activity-uid=10210,foregroundActivities=true
07-13 09:20:06.886 D/MiuiFreeformAnimation( 2459): startAnimation change: {WCT{android.window.IWindowContainerToken$Stub$Proxy@84edd82} m=CLOSE f=NONE leash=Surface(name=Task=5359#77969)/@0x3d236b8 sb=Rect(0, 0 - 720, 1600) eb=Rect(0, 0 - 720, 1600) d=0} info.getType(): 2
07-13 09:20:06.886 W/MiuiTaskTransitionHandler( 2459): Receive an unknown transition, token=android.os.BinderProxy@69f843f, type=2
07-13 09:20:06.893 W/libprocessgroup( 1813): SetCgroup::ExecuteForProcess: failed to open /dev/blkio//cgroup.procs: No such file or directory
07-13 09:20:06.895 D/C2MtkBufferManager( 1041): over 5000ms not request from VCodec but callback hooked, slow BM Cc fetch thread
07-13 09:20:06.896 D/ResourceManagerService( 1289): packageName: com.skillsroom.mobile, uid : 10210, hashCode : 195167132
07-13 09:20:06.896 D/ResourceManagerService( 1289): ResourceManagerService::setCodecsVppMode
07-13 09:20:06.896 D/ResourceManagerService( 1289): all codecs setVppMode return fail
07-13 09:20:06.896 D/RecentsImpl( 2470): mActivityStateObserver com.miui.home.launcher.Launcher
07-13 09:20:06.897 W/RecentsImpl( 2470): onResumed className=com.miui.home.launcher.Launcher   mIsInAnotherPro=false   isKeyguardLocked=false   mSecuritySpaceGuideShown=false
07-13 09:20:06.897 I/Choreographer( 2470): Skipped 46 frames!  The application may be doing too much work on its main thread.
07-13 09:20:06.898 D/TransitionAnimationHelper( 2459):  load default animation  type = 2 enter = false animAttr = 11 isTask = true translucent = false
07-13 09:20:06.898 D/RecentsModel( 2470): onTaskStackChangedBackground
07-13 09:20:06.898 D/RecentsModel( 2470): onTaskStackChangedBackground    MSG_TASK_STACK_CHANGE
07-13 09:20:06.898 D/RecentsModel( 2470): preloadRecents
07-13 09:20:06.898 W/RecentsModel( 2470): getRunningTask
07-13 09:20:06.899 D/TransitionAnimationHelper( 2459):  load default animation  type = 2 enter = true animAttr = 10 isTask = true translucent = false
07-13 09:20:06.902 W/Looper  ( 2470): PerfMonitor doFrame : time=4ms vsyncFrame=0 latency=518ms procState=-1 historyMsgCount=8 (msgIndex=1 wall=418ms seq=653858 late=292ms h=android.view.Choreographer$FrameHandler c=android.view.Choreographer$FrameDisplayEventReceiver) (msgIndex=3 wall=51ms seq=653860 late=537ms h=android.app.ActivityThread$H w=159)
07-13 09:20:06.902 D/ShellTransitions( 2459): speed ui!!!!!!!!!!!
07-13 09:20:06.902 W/Launcher( 2470): onDisplayChanged: newRotation=0, mCurrentRotation=0
07-13 09:20:06.906 I/gralloc4( 1133): @set_metadata: update dataspace from GM (0x00000000 -> 0x08010000)
07-13 09:20:06.907 D/StatusBarController( 2470): handleMessage: flag 800000  disable false
07-13 09:20:06.910 D/MiuiFullScreenTaskRepository( 2459): setFocusedTask taskId=5360, displayId=0, topActivity=ComponentInfo{com.skillsroom.mobile/com.skillsroom.mobile.MainActivity}
07-13 09:20:06.910 D/MiuiFullScreenTaskRepository( 2459): addOrUpdateFullScreenTaskInfo taskId=5360, topActivity=ComponentInfo{com.skillsroom.mobile/com.skillsroom.mobile.MainActivity}
07-13 09:20:06.915 D/SurfaceFlinger( 1133): setDesiredDisplayModeSpecs: defaultMode：1 primaryRangesMin:0.000000 primaryRangesMax:90.000000appRequestRangesMin:0.000000 appRequestRangesMax:90.000000
07-13 09:20:06.915 D/C2MtkBufferManager( 1041): over 5000ms not request from VCodec but callback hooked, slow BM Cc fetch thread
07-13 09:20:06.916 D/RecentsModel( 2470): onTaskStackChangedBackground
07-13 09:20:06.918 D/EventBus( 2470): No subscribers registered for event class com.miui.home.recents.messages.TaskSnapshotChangedEvent
07-13 09:20:06.919 D/EventBus( 2470): No subscribers registered for event class org.greenrobot.eventbus.NoSubscriberEvent
07-13 09:20:06.919 D/TouchInteractionService( 2470): onSystemUiFlagsChanged, mSystemUiStateFlags=10020000
07-13 09:20:06.920 W/RecentsModel( 2470): getRunningTask   taskInfo=TaskInfo{userId=0 taskId=5360 displayId=0 isRunning=true baseIntent=Intent { flg=0x10000000 cmp=com.skillsroom.mobile/.MainActivity } baseActivity=ComponentInfo{com.skillsroom.mobile/com.skillsroom.mobile.MainActivity} topActivity=ComponentInfo{com.skillsroom.mobile/com.skillsroom.mobile.MainActivity} origActivity=null realActivity=ComponentInfo{com.skillsroom.mobile/com.skillsroom.mobile.MainActivity} numActivities=1 lastActiveTime=692406575 supportsSplitScreenMultiWindow=true supportsMultiWindow=true resizeMode=1 isResizeable=true minWidth=-1 minHeight=-1 defaultMinSize=200 token=WCT{android.window.IWindowContainerToken$Stub$Proxy@b35c8dc} topActivityType=1 pictureInPictureParams=null shouldDockBigOverlays=false launchIntoPipHostTaskId=-1 lastParentTaskIdBeforePip=-1 displayCutoutSafeInsets=Rect(0, 68 - 0, 0) topActivityInfo=ActivityInfo{f41bde5 com.skillsroom.mobile.MainActivity} launchCookies=[] positionInParent=Point(0, 0) parentTaskId=-1 isFocused=true isVisible=true isVisibleRequested=true isSleeping=false topActivityInSizeCompat=false topActivityEligibleForLetterboxEducation= false topActivityLetterboxed= false isFromDoubleTap= false topActivityLetterboxVerticalPosition= -1 topActivityLetterboxHorizontalPosition= -1 topActivityLetterboxWidth=-1 topActivityLetterboxHeight=-1 locusId=null displayAreaFeatureId=1 cameraCompatControlState=hidden mIsCastMode=false mTopActivityMediaSize=null mTopActivityRecordName=ActivityRecord{a70746e u0 com.skillsroom.mobile/.MainActivity t5360} mTopActivityOrientation=1 mTopActivityWindowIsNowVisible=false isTranslucent=false isEmbedded=false shouldBeVisible=true mBehindAppLockPkg=null mOriginatingUid=0}
07-13 09:20:06.920 W/RecentsModel( 2470): getTaskInfoIgnoreHomeAndFreeform   taskInfo=ComponentInfo{com.skillsroom.mobile/com.skillsroom.mobile.MainActivity}
07-13 09:20:06.921 E/ActivityManagerWrapper( 2470): get all recent tasks force including 5360
07-13 09:20:06.923 D/EventBus( 2470): No subscribers registered for event class com.miui.home.recents.messages.RecentTasksChangedEvent
07-13 09:20:06.928 D/EventBus( 2470): No subscribers registered for event class org.greenrobot.eventbus.NoSubscriberEvent
07-13 09:20:06.928 E/ActivityManagerWrapper( 2470): getRecentTasks: size=9
07-13 09:20:06.929 E/ActivityManagerWrapper( 2470): getRecentTasks: mainTaskId=5360   userId=0   windowMode=1   baseIntent=Intent { act=null flag=268435456 cmp=ComponentInfo{com.skillsroom.mobile/com.skillsroom.mobile.MainActivity} }
07-13 09:20:06.929 E/ActivityManagerWrapper( 2470): getRecentTasks: mainTaskId=5341   userId=0   windowMode=1   baseIntent=Intent { act=android.intent.action.MAIN flag=270532608 cmp=ComponentInfo{com.whatsapp.w4b/com.whatsapp.Main} }
07-13 09:20:06.929 E/ActivityManagerWrapper( 2470): getRecentTasks: mainTaskId=5344   userId=0   windowMode=1   baseIntent=Intent { act=android.intent.action.MAIN flag=270532608 cmp=ComponentInfo{com.facebook.lite/com.facebook.lite.MainActivity} }
07-13 09:20:06.929 E/ActivityManagerWrapper( 2470): getRecentTasks: mainTaskId=5336   userId=0   windowMode=1   baseIntent=Intent { act=android.intent.action.MAIN flag=270532608 cmp=ComponentInfo{com.google.android.dialer/com.google.android.dialer.extensions.GoogleDialtactsActivity} }
07-13 09:20:06.929 E/ActivityManagerWrapper( 2470): getRecentTasks: mainTaskId=5335   userId=0   windowMode=1   baseIntent=Intent { act=android.intent.action.MAIN flag=270532608 cmp=ComponentInfo{com.shaiban.audioplayer.mplayer/com.shaiban.audioplayer.mplayer.app.navigation.NavigatingActivity} }
07-13 09:20:06.929 E/ActivityManagerWrapper( 2470): getRecentTasks: mainTaskId=5287   userId=0   windowMode=1   baseIntent=Intent { act=android.intent.action.MAIN flag=270532608 cmp=ComponentInfo{ng.mtn.nextgen/ng.mtn.nextgen.MainActivity} }
07-13 09:20:06.929 E/ActivityManagerWrapper( 2470): getRecentTasks: mainTaskId=5273   userId=0   windowMode=1   baseIntent=Intent { act=android.settings.APPLICATION_DEVELOPMENT_SETTINGS flag=268468224 cmp=ComponentInfo{com.android.settings/com.android.settings.Settings$DevelopmentSettingsDashboardActivity} }
07-13 09:20:06.929 E/ActivityManagerWrapper( 2470): getRecentTasks: mainTaskId=5246   userId=0   windowMode=1   baseIntent=Intent { act=android.intent.action.MAIN flag=270532608 cmp=ComponentInfo{cn.xender/cn.xender.ui.activity.SplashActivity} }
07-13 09:20:06.929 E/ActivityManagerWrapper( 2470): getRecentTasks: mainTaskId=5239   userId=0   windowMode=1   baseIntent=Intent { act=android.intent.action.MAIN flag=270532608 cmp=ComponentInfo{com.android.camera/com.android.camera.Camera} }
07-13 09:20:06.935 I/BufferQueueProducer( 1133): [FramebufferSurface](this:0xb40000793ab518d0,id:-1,api:1,p:1133,c:1133) queueBuffer: fps=0.09 dur=388246.81 max=387885.71 min=7.80
07-13 09:20:06.936 D/C2MtkBufferManager( 1041): over 5000ms not request from VCodec but callback hooked, slow BM Cc fetch thread
07-13 09:20:06.937 I/MI-SF   ( 1133): surfaceflinger setAffinity mode=1
07-13 09:20:06.938 I/MI-SF   ( 1133): surfaceflinger setreAffinity reTid=1349
07-13 09:20:06.938 I/RefreshRateSelector( 1133): Display 0 policy changed
07-13 09:20:06.938 I/RefreshRateSelector( 1133): Previous: {defaultModeId=1, allowGroupSwitching=false, primaryRanges={physical=[0.00 Hz, inf Hz], render=[0.00 Hz, 90.00 Hz]}, appRequestRanges={physical=[0.00 Hz, inf Hz], render=[0.00 Hz, 90.00 Hz]}}
07-13 09:20:06.938 I/RefreshRateSelector( 1133): Current:  DisplayManagerPolicy{defaultModeId=1, allowGroupSwitching=false, primaryRanges={physical=[0.00 Hz, inf Hz], render=[0.00 Hz, 90.00 Hz]}, appRequestRanges={physical=[0.00 Hz, inf Hz], render=[0.00 Hz, 90.00 Hz]}}
07-13 09:20:06.938 I/RefreshRateSelector( 1133): 0 mode changes were performed under the previous policy
07-13 09:20:06.946 I/gralloc4( 2459): @set_metadata: update dataspace from GM (0x00000000 -> 0x08010000)
07-13 09:20:06.947 W/FirebaseRemoteConfig(21977): No value of type 'FirebaseRemoteConfigValue' exists for parameter key 'c_window_and_activity_config'.
07-13 09:20:06.950 D/PerfShielderService( 1813): com.android.systemui|com.android.systemui-Nav-831445295|155|622954917571283|63|5|6
07-13 09:20:06.955 E/surfaceflinger( 1133): == MALI DEBUG ===eglp_winsys_populate_image_templates ==12288
07-13 09:20:06.956 I/gralloc4( 2459): @set_metadata: update dataspace from GM (0x00000000 -> 0x08010000)
07-13 09:20:06.956 D/C2MtkBufferManager( 1041): over 5000ms not request from VCodec but callback hooked, slow BM Cc fetch thread
07-13 09:20:06.957 I/BufferQueueProducer( 1133): [NavigationBar0#77076](this:0xb4000078557c9a30,id:-1,api:0,p:-1,c:1133) queueBuffer: fps=0.02 dur=355509.82 max=355392.80 min=16.53
07-13 09:20:06.958 I/gralloc4( 1133): @set_metadata: update dataspace from GM (0x08010000 -> 0x00000000)
07-13 09:20:06.965 W/MiuiPerfServiceClient( 3978): interceptAndQueuing:2459|com.android.systemui|155|63|622954917571283|Slow issue draw commands|6
07-13 09:20:06.967 I/gralloc4( 2459): @set_metadata: update dataspace from GM (0x00000000 -> 0x08010000)
07-13 09:20:06.973 D/Launcher_WallpaperUtils( 2470): changeStatusBarMode:false
07-13 09:20:06.975 I/gralloc4( 2459): @set_metadata: update dataspace from GM (0x00000000 -> 0x08010000)
07-13 09:20:06.978 D/C2MtkBufferManager( 1041): over 5000ms not request from VCodec but callback hooked, slow BM Cc fetch thread
07-13 09:20:06.982 I/gralloc4( 2459): @set_metadata: update dataspace from GM (0x00000000 -> 0x08010000)
07-13 09:20:06.995 I/gralloc4( 2459): @set_metadata: update dataspace from GM (0x00000000 -> 0x08010000)
07-13 09:20:06.998 I/MMKV    (21977): <MMKV.cpp:1189::sync> MMKV::sync, SyncFlag = 1
07-13 09:20:06.998 D/C2MtkBufferManager( 1041): over 5000ms not request from VCodec but callback hooked, slow BM Cc fetch thread
07-13 09:20:07.003 I/gralloc4( 2459): @set_metadata: update dataspace from GM (0x00000000 -> 0x08010000)
07-13 09:20:07.005 E/surfaceflinger( 1133): == MALI DEBUG ===eglp_winsys_populate_image_templates ==12288
07-13 09:20:07.013 I/gralloc4( 1133): @set_metadata: update dataspace from GM (0x08010000 -> 0x00000000)
07-13 09:20:07.015 I/gralloc4( 2459): @set_metadata: update dataspace from GM (0x00000000 -> 0x08010000)
07-13 09:20:07.019 D/C2MtkBufferManager( 1041): over 5000ms not request from VCodec but callback hooked, slow BM Cc fetch thread
07-13 09:20:07.020 D/UiModeManager( 1813): updateConfigurationLocked: mDockState=0; mCarMode=false; mCar=false; mPowerSave=false; mComputedNightMode=false; mNightMode=0; uiMode=28
07-13 09:20:07.023 I/gralloc4( 2459): @set_metadata: update dataspace from GM (0x00000000 -> 0x08010000)
07-13 09:20:07.029 D/StatusBarController( 2470): handleMessage: flag 800000  disable false
07-13 09:20:07.038 I/gralloc4( 2459): @set_metadata: update dataspace from GM (0x00000000 -> 0x08010000)
07-13 09:20:07.039 D/C2MtkBufferManager( 1041): over 5000ms not request from VCodec but callback hooked, slow BM Cc fetch thread
07-13 09:20:07.044 D/Launcher_WallpaperUtils( 2470): changeStatusBarMode:false
07-13 09:20:07.044 I/gralloc4( 2459): @set_metadata: update dataspace from GM (0x00000000 -> 0x08010000)
07-13 09:20:07.044 D/LauncherClient.Service( 2470): service already connected:com.mi.globalminusscreen
07-13 09:20:07.045 I/PowerHalWrapper( 1813): amsBoostStop AMS_BOOST_PACK_SWITCH:true, AMS_BOOST_ACT_SWITCH:false, AMS_BOOST_PROCESS_CREATE:true 
07-13 09:20:07.049 W/ServiceManagerCppClient( 1813): Failed to get isDeclared for vendor.mediatek.hardware.mtkpower.IMtkPowerService/default: Status(-1, EX_SECURITY): 'SELinux denied.'
07-13 09:20:07.049 I/mtkpower_client( 1813): IMtkPowerService_isDeclared 0
07-13 09:20:07.050 I/PowerSaveService( 5491): onReceive: android.intent.action.BATTERY_CHANGED
07-13 09:20:07.051 I/mtkpower@impl( 1059): [mtkPowerHint] hint:22, hold:500, ext:0, ext_hold:0
07-13 09:20:07.052 W/ServiceManagerCppClient( 1813): Failed to get isDeclared for vendor.mediatek.hardware.mtkpower.IMtkPowerService/default: Status(-1, EX_SECURITY): 'SELinux denied.'
07-13 09:20:07.052 I/mtkpower_client( 1813): IMtkPowerService_isDeclared 0
07-13 09:20:07.052 I/gralloc4( 2459): @set_metadata: update dataspace from GM (0x00000000 -> 0x08010000)
07-13 09:20:07.052 I/mtkpower@impl( 1059): [mtkPowerHint] hint:21, hold:6000, ext:30, ext_hold:35000
07-13 09:20:07.059 D/PowerCheckerService( 7233): onBatteryChanged, mBatteryLevel = 79, status = 2, level = 79, plug = 2, scale = 100
07-13 09:20:07.059 I/libPowerHal( 1059): [perfLockAcq] idx:8 hdl:246214 hint:22 pid:1059 duration:500 lock_user:mtkpower@1.0-se => ret_hdl:246214
07-13 09:20:07.059 D/PowerKeeper.FrozenApp( 7233): onBatteryChanged plug=true mBatteryPlugged=2
07-13 09:20:07.059 D/PowerKeeper.Thermal( 7233): mBatteryTemperature: 37
07-13 09:20:07.061 I/PowerNoticeUI( 5491): handleBatteryChanged oldPlugType 2 mPlugType 2 oldBatteryLevel 79 mBatteryLevel 79 temperature 375
07-13 09:20:07.062 I/ChargerBatteryIntelligenceReceiver( 5491): onBatteryChanged temperature：37,plugType:2
07-13 09:20:07.062 I/libPowerHal( 1059): [perfLockRel] hdl:246211, idx:7
07-13 09:20:07.065 I/libPowerHal( 1059): [perfLockAcq] idx:9 hdl:246215 hint:21 pid:1059 duration:6000 lock_user:mtkpower@1.0-se => ret_hdl:246215
07-13 09:20:07.066 I/libPowerHal( 1059): [perfLockRel] hdl:246212, idx:5
07-13 09:20:07.066 I/libPowerHal( 1059): [perfLockAcq] idx:10 hdl:246216 hint:30 pid:1059 duration:35000 lock_user:mtkpower@1.0-se => ret_hdl:246216
07-13 09:20:07.067 D/RecentsModel( 2470): onTaskStackChangedBackground    MSG_TASK_STACK_CHANGE
07-13 09:20:07.067 D/RecentsModel( 2470): preloadRecents
07-13 09:20:07.067 W/RecentsModel( 2470): getRunningTask
07-13 09:20:07.069 D/C2MtkBufferManager( 1041): over 5000ms not request from VCodec but callback hooked, slow BM Cc fetch thread
07-13 09:20:07.071 W/RecentsModel( 2470): getRunningTask   taskInfo=TaskInfo{userId=0 taskId=5360 displayId=0 isRunning=true baseIntent=Intent { flg=0x10000000 cmp=com.skillsroom.mobile/.MainActivity } baseActivity=ComponentInfo{com.skillsroom.mobile/com.skillsroom.mobile.MainActivity} topActivity=ComponentInfo{com.skillsroom.mobile/com.skillsroom.mobile.MainActivity} origActivity=null realActivity=ComponentInfo{com.skillsroom.mobile/com.skillsroom.mobile.MainActivity} numActivities=1 lastActiveTime=692406726 supportsSplitScreenMultiWindow=true supportsMultiWindow=true resizeMode=1 isResizeable=true minWidth=-1 minHeight=-1 defaultMinSize=200 token=WCT{android.window.IWindowContainerToken$Stub$Proxy@af7d0ba} topActivityType=1 pictureInPictureParams=null shouldDockBigOverlays=false launchIntoPipHostTaskId=-1 lastParentTaskIdBeforePip=-1 displayCutoutSafeInsets=Rect(0, 68 - 0, 0) topActivityInfo=ActivityInfo{6f8bb6b com.skillsroom.mobile.MainActivity} launchCookies=[] positionInParent=Point(0, 0) parentTaskId=-1 isFocused=true isVisible=true isVisibleRequested=true isSleeping=false topActivityInSizeCompat=false topActivityEligibleForLetterboxEducation= false topActivityLetterboxed= false isFromDoubleTap= false topActivityLetterboxVerticalPosition= -1 topActivityLetterboxHorizontalPosition= -1 topActivityLetterboxWidth=-1 topActivityLetterboxHeight=-1 locusId=null displayAreaFeatureId=1 cameraCompatControlState=hidden mIsCastMode=false mTopActivityMediaSize=null mTopActivityRecordName=ActivityRecord{a70746e u0 com.skillsroom.mobile/.MainActivity t5360} mTopActivityOrientation=1 mTopActivityWindowIsNowVisible=false isTranslucent=false isEmbedded=false shouldBeVisible=true mBehindAppLockPkg=null mOriginatingUid=0}
07-13 09:20:07.071 W/RecentsModel( 2470): getTaskInfoIgnoreHomeAndFreeform   taskInfo=ComponentInfo{com.skillsroom.mobile/com.skillsroom.mobile.MainActivity}
07-13 09:20:07.073 E/ActivityManagerWrapper( 2470): get all recent tasks force including 5360
07-13 09:20:07.084 I/SettingsProvider( 1813): refresh rate settings changed, name:miui_refresh_rate,value:60,pkg:com.miui.powerkeeper
07-13 09:20:07.086 I/hwcomposer( 1039): [HWCDisplay] [Display_0 (type:1)] fps:34.809864,dur:1005.46,max:312.80,min:8.26  
07-13 09:20:07.089 E/ActivityManagerWrapper( 2470): getRecentTasks: size=9
07-13 09:20:07.089 E/ActivityManagerWrapper( 2470): getRecentTasks: mainTaskId=5360   userId=0   windowMode=1   baseIntent=Intent { act=null flag=268435456 cmp=ComponentInfo{com.skillsroom.mobile/com.skillsroom.mobile.MainActivity} }
07-13 09:20:07.089 E/ActivityManagerWrapper( 2470): getRecentTasks: mainTaskId=5341   userId=0   windowMode=1   baseIntent=Intent { act=android.intent.action.MAIN flag=270532608 cmp=ComponentInfo{com.whatsapp.w4b/com.whatsapp.Main} }
07-13 09:20:07.089 E/ActivityManagerWrapper( 2470): getRecentTasks: mainTaskId=5344   userId=0   windowMode=1   baseIntent=Intent { act=android.intent.action.MAIN flag=270532608 cmp=ComponentInfo{com.facebook.lite/com.facebook.lite.MainActivity} }
07-13 09:20:07.089 E/ActivityManagerWrapper( 2470): getRecentTasks: mainTaskId=5336   userId=0   windowMode=1   baseIntent=Intent { act=android.intent.action.MAIN flag=270532608 cmp=ComponentInfo{com.google.android.dialer/com.google.android.dialer.extensions.GoogleDialtactsActivity} }
07-13 09:20:07.089 E/ActivityManagerWrapper( 2470): getRecentTasks: mainTaskId=5335   userId=0   windowMode=1   baseIntent=Intent { act=android.intent.action.MAIN flag=270532608 cmp=ComponentInfo{com.shaiban.audioplayer.mplayer/com.shaiban.audioplayer.mplayer.app.navigation.NavigatingActivity} }
07-13 09:20:07.089 E/ActivityManagerWrapper( 2470): getRecentTasks: mainTaskId=5287   userId=0   windowMode=1   baseIntent=Intent { act=android.intent.action.MAIN flag=270532608 cmp=ComponentInfo{ng.mtn.nextgen/ng.mtn.nextgen.MainActivity} }
07-13 09:20:07.089 E/ActivityManagerWrapper( 2470): getRecentTasks: mainTaskId=5273   userId=0   windowMode=1   baseIntent=Intent { act=android.settings.APPLICATION_DEVELOPMENT_SETTINGS flag=268468224 cmp=ComponentInfo{com.android.settings/com.android.settings.Settings$DevelopmentSettingsDashboardActivity} }
07-13 09:20:07.089 E/ActivityManagerWrapper( 2470): getRecentTasks: mainTaskId=5246   userId=0   windowMode=1   baseIntent=Intent { act=android.intent.action.MAIN flag=270532608 cmp=ComponentInfo{cn.xender/cn.xender.ui.activity.SplashActivity} }
07-13 09:20:07.089 E/ActivityManagerWrapper( 2470): getRecentTasks: mainTaskId=5239   userId=0   windowMode=1   baseIntent=Intent { act=android.intent.action.MAIN flag=270532608 cmp=ComponentInfo{com.android.camera/com.android.camera.Camera} }
07-13 09:20:07.092 D/C2MtkBufferManager( 1041): over 5000ms not request from VCodec but callback hooked, slow BM Cc fetch thread
07-13 09:20:07.093 I/system_server( 1813): Background young concurrent copying GC freed 18MB AllocSpace bytes, 115(2296KB) LOS objects, 13% free, 132MB/152MB, paused 745us,1.431ms total 307.368ms
07-13 09:20:07.095 D/ActivityManager( 1813): getProcessesInErrorState callingUid=10288, CallingPid=19459
07-13 09:20:07.109 D/CompatibilityChangeReporter( 4632): Compat change id reported: 3400644; UID 10174; state: ENABLED
07-13 09:20:07.113 D/C2MtkBufferManager( 1041): over 5000ms not request from VCodec but callback hooked, slow BM Cc fetch thread
07-13 09:20:07.133 D/C2MtkBufferManager( 1041): over 5000ms not request from VCodec but callback hooked, slow BM Cc fetch thread
07-13 09:20:07.140 D/CompatibilityChangeReporter( 1813): Compat change id reported: 161145287; UID 10157; state: ENABLED
07-13 09:20:07.142 E/ThermalInfoUtils( 7233): getCurrentCapacity Exceptionjava.io.FileNotFoundException: /sys/class/power_supply/battery/charge_counter: open failed: EACCES (Permission denied)
07-13 09:20:07.135 W/ThermalCollecto( 7233): type=1400 audit(0.0:608244): avc:  denied  { read } for  name="charge_counter" dev="sysfs" ino=36942 scontext=u:r:system_app:s0 tcontext=u:object_r:sysfs_batteryinfo:s0 tclass=file permissive=0
07-13 09:20:07.144 D/nativeloader( 4663): Load libframework-connectivity-jni.so using APEX ns com_android_tethering for caller /apex/com.android.tethering/javalib/framework-connectivity.jar: ok
07-13 09:20:07.151 V/GraphicsEnvironment( 4663): Currently set values for:
07-13 09:20:07.151 V/GraphicsEnvironment( 4663):   angle_gl_driver_selection_pkgs=[]
07-13 09:20:07.151 V/GraphicsEnvironment( 4663):   angle_gl_driver_selection_values=[]
07-13 09:20:07.153 V/GraphicsEnvironment( 4663): ANGLE GameManagerService for com.oremus.catholic.bible.rosary.prayer: false
07-13 09:20:07.153 V/GraphicsEnvironment( 4663): com.oremus.catholic.bible.rosary.prayer is not listed in per-application setting
07-13 09:20:07.154 V/GraphicsEnvironment( 4663): Neither updatable production driver nor prerelease driver is supported.
07-13 09:20:07.154 D/C2MtkBufferManager( 1041): over 5000ms not request from VCodec but callback hooked, slow BM Cc fetch thread
07-13 09:20:07.155 D/ActivityManager( 1813): getProcessesInErrorState callingUid=10279, CallingPid=443
07-13 09:20:07.169 D/ForceDarkAppConfigProvider( 1813): cloudConfigVersion: -1   localConfigVersion:20240119
07-13 09:20:07.169 I/UiModeManager( 1813): systemserver package:com.oremus.catholic.bible.rosary.prayer null
07-13 09:20:07.170 I/ForceDarkHelperStubImpl( 4663): initialize for com.oremus.catholic.bible.rosary.prayer , ForceDarkAppConfig: null
07-13 09:20:07.171 D/CompatibilityChangeReporter( 1813): Compat change id reported: 161145287; UID 10174; state: ENABLED
07-13 09:20:07.172 I/lowmemorykiller(  475): Kill 'com.milink.service' (4426), uid 10203, oom_score_adj 905 to free 53860kB rss, 37452kB swap; reason: cw
07-13 09:20:07.173 D/nativeloader( 4663): Load libforcedarkimpl.so using system ns (caller=/system_ext/framework/miui-framework.jar): ok
07-13 09:20:07.173 D/OpenGLRenderer( 4663): JNI_OnLoad success
07-13 09:20:07.173 I/MiuiForceDarkConfig( 4663): setConfig density:2.000000, mainRule:0, secondaryRule:0, tertiaryRule:0
07-13 09:20:07.174 I/mtkpower@impl( 1059): [powerd_req] TIMER_MSG_PERF_LOCK_TIMEOUT hdl:246213
07-13 09:20:07.175 D/C2MtkBufferManager( 1041): over 5000ms not request from VCodec but callback hooked, slow BM Cc fetch thread
07-13 09:20:07.175 I/libPowerHal( 1059): [perfLockRel] hdl:246213, idx:3
07-13 09:20:07.175 I/libPowerHal( 1059): [unsetGPUFreq] current min:0, max:0; scn_gpu_min:0, scn_gpu_max:-1; scn_gpu_min(HL):-1, scn_gpu_max(HL):-1
07-13 09:20:07.175 I/libPowerHal( 1059): system_server: set gpu opp level: 31
07-13 09:20:07.175 I/libPowerHal( 1059): system_server: set gpu opp level max: 0
07-13 09:20:07.175 I/libPowerHal( 1059): [setGPUFreq] Soft min/max = (31, 0); Hard min/max = (31, 0)
07-13 09:20:07.175 I/libPowerHal( 1059): [setGPUFreq] final min/max = (31, 0)
07-13 09:20:07.175 I/libPowerHal( 1059): system_server: set gpu opp level: 31
07-13 09:20:07.175 I/libPowerHal( 1059): system_server: set gpu opp level max: 0
07-13 09:20:07.181 I/libprocessgroup( 1813): Successfully killed process cgroup uid 10203 pid 4426 in 7ms
07-13 09:20:07.183 I/LoadedApk( 4663): No resource references to update in package com.oremus.catholic.bible.rosary.prayer.Calendar
07-13 09:20:07.195 D/C2MtkBufferManager( 1041): over 5000ms not request from VCodec but callback hooked, slow BM Cc fetch thread
07-13 09:20:07.202 I/Zygote  ( 1023): Process 4426 exited due to signal 9 (Killed)
07-13 09:20:07.204 I/lowmemorykiller(  475): Kill 'com.xiaomi.bluetooth' (2819), uid 1002, oom_score_adj 800 to free 27544kB rss, 45336kB swap; reason: cw
07-13 09:20:07.208 I/SignatureCheck( 4663): Signature check ok
07-13 09:20:07.212 I/libprocessgroup( 1813): Successfully killed process cgroup uid 1002 pid 2819 in 5ms
07-13 09:20:07.215 I/ActivityManager( 1813): Process com.milink.service (pid 4426) has died: cch+5 CEM 
07-13 09:20:07.216 D/C2MtkBufferManager( 1041): over 5000ms not request from VCodec but callback hooked, slow BM Cc fetch thread
07-13 09:20:07.216 E/ProcessManager( 1813): error write exception log
07-13 09:20:07.216 D/CompatibilityChangeReporter( 1813): Compat change id reported: 261072174; UID 1000; state: ENABLED
07-13 09:20:07.219 W/MiPicks-ProcessObserverV10(21977): onProcessDied:pid = 4426,died-uid=10203
07-13 09:20:07.220 I/IPCThreadState( 4459): oneway function results for code 3 on binder at 0xb400007cb4ffdc20 will be dropped but finished with status UNKNOWN_TRANSACTION
07-13 09:20:07.220 I/MiuiNetworkPolicy( 1813): removeUidState uid = 10203
07-13 09:20:07.220 D/DisplayManagerService( 1813): Drop pending events for gone uid 10203
07-13 09:20:07.220 D/UidObserver( 7233): onUidGone entry uid = 10203
07-13 09:20:07.229 I/mtkpower_client( 1813): [Legacy][PowerHal_Wrap_notifyAppState] com.milink.service/com.milink.service pid=4426 state:3
07-13 09:20:07.230 I/libPowerHal( 1059): [perfNotifyAppState] pack:com.milink.service, act:com.milink.service, state:3, pid:4426, uid:10203, fps:-1
07-13 09:20:07.230 I/libPowerHal( 1059): [perfNotifyAppState] pack:com.milink.service, pid:4426, STATE_DEAD
07-13 09:20:07.230 D/RilUtility( 1059): notify_rild_crash_pid_set certPid:-1, crash:4426, scn:0x0
07-13 09:20:07.236 D/C2MtkBufferManager( 1041): over 5000ms not request from VCodec but callback hooked, slow BM Cc fetch thread
07-13 09:20:07.239 D/Launcher_UnlockAnimationStateMachine( 2470): mResetIdleStateRunnable
07-13 09:20:07.245 I/ActivityManager( 1813): Process com.xiaomi.bluetooth (pid 2819) has died: svcb SVC 
07-13 09:20:07.249 E/ProcessManager( 1813): error write exception log
07-13 09:20:07.252 W/ActivityManager( 1813): Scheduling restart of crashed service com.xiaomi.bluetooth/.mma.MiuiMMAService in 1000ms for start-requested
07-13 09:20:07.252 I/Zygote  ( 1023): Process 2819 exited due to signal 9 (Killed)
07-13 09:20:07.254 W/ActivityManager( 1813): Scheduling restart of crashed service com.xiaomi.bluetooth/com.android.bluetooth.ble.app.MiuiNearbyServiceV2 in 10997ms for start-requested
07-13 09:20:07.255 W/ActivityManager( 1813): Scheduling restart of crashed service com.xiaomi.bluetooth/com.android.bluetooth.ble.app.MiuiBleAppService in 20997ms for start-requested
07-13 09:20:07.256 I/libprocessgroup( 1813): Successfully killed process cgroup uid 10203 pid 4426 in 0ms
07-13 09:20:07.256 I/AppScanStats(29492): BLE_SCAN_RESULT_RECEIVED[2]reportBleScanResults=0
07-13 09:20:07.256 I/libprocessgroup( 1813): Successfully killed process cgroup uid 1002 pid 2819 in 0ms
07-13 09:20:07.257 W/ActivityManager( 1813): Scheduling restart of crashed service com.xiaomi.bluetooth/com.android.bluetooth.ble.app.MiuiNearbyService in 30995ms for start-requested
07-13 09:20:07.257 D/C2MtkBufferManager( 1041): over 5000ms not request from VCodec but callback hooked, slow BM Cc fetch thread
07-13 09:20:07.257 W/ActivityManager( 1813): Scheduling restart of crashed service com.xiaomi.bluetooth/com.android.bluetooth.ble.app.MiuiFastConnectService in 40995ms for start-requested
07-13 09:20:07.257 W/AudioFlinger::EffectHandle( 1117): disconnect Effect handle 0xb400007038418a60 disconnected after thread destruction
07-13 09:20:07.257 W/ActivityManager( 1813): Scheduling restart of crashed service com.xiaomi.bluetooth/com.android.bluetooth.ble.app.plugin.MiuiPluginService in 50994ms for start-requested
07-13 09:20:07.257 I/IPCThreadState( 4459): oneway function results for code 3 on binder at 0xb400007cb4ffdc20 will be dropped but finished with status UNKNOWN_TRANSACTION
07-13 09:20:07.258 W/MiPicks-ProcessObserverV10(21977): onProcessDied:pid = 2819,died-uid=1002
07-13 09:20:07.259 I/AppScanStats(29492): BLE_SCAN_STATE_CHANGED[2]reportBleScanStopped=false
07-13 09:20:07.259 D/ActivityAttributionService(29492): notifyActivityAttributionInfo UID=1002 packageName=com.android.bluetooth deviceAddress=no_active_device_address
07-13 09:20:07.259 I/bt_btif (29492): get_profile_interface: get_profile_interface: id = activity_attribution
07-13 09:20:07.259 E/bt_stack(29492): [ERROR:com_android_bluetooth_btservice_ActivityAttribution.cpp(172)] Failed to get ActivityAttribution Interface
07-13 09:20:07.260 D/AudioFlinger_Threads( 1117): updateWakeLockUids_l AudioOut_D uids:
07-13 09:20:07.260 I/BtGatt.ScanManager(29492): msg.what = MSG_STOP_BLE_SCAN, msg.arg1 = None
07-13 09:20:07.261 I/bt_stack(29492): [INFO:le_scanning_manager.cc(204)] ScanFilterParamSetup in shim layer
07-13 09:20:07.262 I/bt_stack(29492): [INFO:le_scanning_manager.cc(162)] Unregister in shim layer, scanner_id:2
07-13 09:20:07.265 I/libPowerHal( 1059): [perfNotifyAppState] pack:com.xiaomi.bluetooth, act:com.xiaomi.bluetooth, state:3, pid:2819, uid:1002, fps:-1
07-13 09:20:07.265 I/libPowerHal( 1059): [perfNotifyAppState] pack:com.xiaomi.bluetooth, pid:2819, STATE_DEAD
07-13 09:20:07.265 D/RilUtility( 1059): notify_rild_crash_pid_set certPid:-1, crash:2819, scn:0x0
07-13 09:20:07.265 I/mtkpower_client( 1813): [Legacy][PowerHal_Wrap_notifyAppState] com.xiaomi.bluetooth/com.xiaomi.bluetooth pid=2819 state:3
07-13 09:20:07.267 I/bt_stack(29492): [INFO:le_scanning_manager.cc(168)] Scan in shim layer stopped
07-13 09:20:07.268 I/bluetooth(29492): unregister_client: Client unregistered
07-13 09:20:07.268 I/bluetooth(29492): unregister_client: Cancelled address rotation alarm
07-13 09:20:07.269 I/bt_stack(29492): [INFO:le_scanning_manager.cc(346)] SetScanParameters in shim layer
07-13 09:20:07.270 I/bt_stack(29492): [INFO:le_scanning_manager.cc(346)] SetScanParameters in shim layer
07-13 09:20:07.270 I/bt_stack(29492): [INFO:le_scanning_manager.cc(168)] Scan in shim layer started
07-13 09:20:07.270 D/mtk.hal.bt@1.1-impl( 1032): BtHostDebugInfo
07-13 09:20:07.270 D/[BT]    ( 1032): mtk_bt_op: BT_VND_OP_SET_BTHOST
07-13 09:20:07.271 D/CompatibilityChangeReporter( 1813): Compat change id reported: 161145287; UID 10274; state: ENABLED
07-13 09:20:07.271 I/bluetooth(29492): stop_scan: Scanning already stopped, return!
07-13 09:20:07.271 I/bluetooth(29492): register_client: Scheduled address rotation for first client registered
07-13 09:20:07.272 I/bluetooth(29492): register_client: Client registered
07-13 09:20:07.273 I/AudioEffect( 1117): controlStatusChanged 0xb400007038523800 control 1 callback 0x0
07-13 09:20:07.273 W/AudioFlinger::EffectHandle( 1117): disconnect Effect handle 0xb400007008cd2b20 disconnected after thread destruction
07-13 09:20:07.273 D/mtk.hal.bt@1.1-impl( 1032): BtHostDebugInfo
07-13 09:20:07.273 D/[BT]    ( 1032): mtk_bt_op: BT_VND_OP_SET_BTHOST
07-13 09:20:07.275 E/BtGatt.ContextMap(29492): Context not found for ID 2
07-13 09:20:07.275 E/BtGatt.GattService(29492): No cooresponding app for scannerId=2, not calling unregister scanner!
07-13 09:20:07.277 D/C2MtkBufferManager( 1041): over 5000ms not request from VCodec but callback hooked, slow BM Cc fetch thread
07-13 09:20:07.297 D/C2MtkBufferManager( 1041): over 5000ms not request from VCodec but callback hooked, slow BM Cc fetch thread
07-13 09:20:07.300 I/MultiDex( 4663): VM with version 2.1.0 has multidex support
07-13 09:20:07.301 I/MultiDex( 4663): Installing application
07-13 09:20:07.301 I/MultiDex( 4663): VM has multidex support, MultiDex support library is disabled.
07-13 09:20:07.303 D/CompatibilityChangeReporter( 4663): Compat change id reported: 183155436; UID 10274; state: ENABLED
07-13 09:20:07.318 D/C2MtkBufferManager( 1041): over 5000ms not request from VCodec but callback hooked, slow BM Cc fetch thread
07-13 09:20:07.338 D/C2MtkBufferManager( 1041): over 5000ms not request from VCodec but callback hooked, slow BM Cc fetch thread
07-13 09:20:07.359 D/C2MtkBufferManager( 1041): over 5000ms not request from VCodec but callback hooked, slow BM Cc fetch thread
07-13 09:20:07.379 D/C2MtkBufferManager( 1041): over 5000ms not request from VCodec but callback hooked, slow BM Cc fetch thread
07-13 09:20:07.385 I/libPerfCtl( 1059): xgfGetFPS pid:2459 fps:103
07-13 09:20:07.386 I/libPerfCtl( 1059): xgfGetFPS pid:2470 fps:-1
07-13 09:20:07.400 D/C2MtkBufferManager( 1041): over 5000ms not request from VCodec but callback hooked, slow BM Cc fetch thread
07-13 09:20:07.420 D/C2MtkBufferManager( 1041): over 5000ms not request from VCodec but callback hooked, slow BM Cc fetch thread
07-13 09:20:07.431 D/SessionsDependencies( 4663): Dependency to CRASHLYTICS added.
07-13 09:20:07.434 I/FirebaseApp( 4663): Device unlocked: initializing all Firebase APIs for app [DEFAULT]
07-13 09:20:07.441 D/C2MtkBufferManager( 1041): over 5000ms not request from VCodec but callback hooked, slow BM Cc fetch thread
07-13 09:20:07.443 I/FirebaseCrashlytics( 4663): Initializing Firebase Crashlytics 19.0.3 for com.oremus.catholic.bible.rosary.prayer
07-13 09:20:07.461 D/C2MtkBufferManager( 1041): over 5000ms not request from VCodec but callback hooked, slow BM Cc fetch thread
07-13 09:20:07.463 D/NetworkController.MobileSignalController(1)( 2459): notifyListeners: mFeatureRelayData=false
07-13 09:20:07.476 I/gralloc4( 2459): @set_metadata: update dataspace from GM (0x00000000 -> 0x08010000)
07-13 09:20:07.481 D/C2MtkBufferManager( 1041): over 5000ms not request from VCodec but callback hooked, slow BM Cc fetch thread
07-13 09:20:07.487 I/SmartPower: com.whatsapp.w4b/10281(27039)( 1813): idle->background(7061ms) R(broadcast start Intent { act=android.intent.action.BATTERY_CHANGED flg=0x60000010 (has extras) }) adj=227.
07-13 09:20:07.489 D/ActivityManager( 1813): getProcessesInErrorState callingUid=10283, CallingPid=31766
07-13 09:20:07.490 I/BufferQueueProducer( 1133): [StatusBar#98](this:0xb400007865c71a30,id:-1,api:0,p:-1,c:1133) queueBuffer: fps=0.14 dur=7031.28 max=7031.28 min=7031.28
07-13 09:20:07.502 D/C2MtkBufferManager( 1041): over 5000ms not request from VCodec but callback hooked, slow BM Cc fetch thread
07-13 09:20:07.522 D/C2MtkBufferManager( 1041): over 5000ms not request from VCodec but callback hooked, slow BM Cc fetch thread
07-13 09:20:07.539 D/nativeloader( 4632): Load /data/app/~~Z-HmI1stqjfbfkWhJgGGiQ==/com.google.android.googlequicksearchbox-QHCqd3nTI1c_r9Njs0kq1w==/base.apk!/lib/arm64-v8a/libnative_crash_handler_jni.so using class loader ns clns-5 (caller=/data/app/~~Z-HmI1stqjfbfkWhJgGGiQ==/com.google.android.googlequicksearchbox-QHCqd3nTI1c_r9Njs0kq1w==/base.apk!classes2.dex): ok
07-13 09:20:07.543 D/C2MtkBufferManager( 1041): over 5000ms not request from VCodec but callback hooked, slow BM Cc fetch thread
07-13 09:20:07.547 D/SessionsDependencies( 4663): Subscriber CRASHLYTICS registered.
07-13 09:20:07.558 I/mtkpower@impl( 1059): [powerd_req] TIMER_MSG_PERF_LOCK_TIMEOUT hdl:246214
07-13 09:20:07.559 I/libPowerHal( 1059): [perfLockRel] hdl:246214, idx:8
07-13 09:20:07.560 I/ClipboardServiceI( 1813): checkProviderWakePathForClipboard: primaryClip is null
07-13 09:20:07.563 D/C2MtkBufferManager( 1041): over 5000ms not request from VCodec but callback hooked, slow BM Cc fetch thread
07-13 09:20:07.584 D/C2MtkBufferManager( 1041): over 5000ms not request from VCodec but callback hooked, slow BM Cc fetch thread
07-13 09:20:07.585 I/DynamiteModule( 4663): Considering local module com.google.android.gms.measurement.dynamite:122 and remote module com.google.android.gms.measurement.dynamite:196
07-13 09:20:07.585 I/DynamiteModule( 4663): Selected remote version of com.google.android.gms.measurement.dynamite, version >= 196
07-13 09:20:07.585 V/DynamiteModule( 4663): Dynamite loader version >= 2, using loadModule2NoCrashUtils
07-13 09:20:07.593 I/eqpd    ( 4632): SslGuard completed installation.
07-13 09:20:07.597 D/ActivityManager( 1813): getProcessesInErrorState callingUid=10288, CallingPid=19459
07-13 09:20:07.604 D/C2MtkBufferManager( 1041): over 5000ms not request from VCodec but callback hooked, slow BM Cc fetch thread
07-13 09:20:07.621 W/System  ( 4663): ClassLoader referenced unknown path: 
07-13 09:20:07.624 D/C2MtkBufferManager( 1041): over 5000ms not request from VCodec but callback hooked, slow BM Cc fetch thread
07-13 09:20:07.624 D/nativeloader( 4663): Configuring clns-6 for other apk . target_sdk_version=37, uses_libraries=, library_path=/data/app/~~cSclh6TyXFYukZNDYnHngw==/com.google.android.gms-ljlvoSCsNNYZN8qp-8KPsw==/lib/arm64:/data/app/~~cSclh6TyXFYukZNDYnHngw==/com.google.android.gms-ljlvoSCsNNYZN8qp-8KPsw==/base.apk!/lib/arm64-v8a, permitted_path=/data:/mnt/expand:/data/user/0/com.google.android.gms
07-13 09:20:07.636 D/CompatibilityChangeReporter( 1813): Compat change id reported: 261072174; UID 10174; state: ENABLED
07-13 09:20:07.643 D/BoundBrokerSvc( 8414): onBind: Intent { act=com.google.android.mobstore.service.START pkg=com.google.android.gms }
07-13 09:20:07.644 D/BoundBrokerSvc( 8414): Loading bound service for intent: Intent { act=com.google.android.mobstore.service.START pkg=com.google.android.gms }
07-13 09:20:07.644 D/C2MtkBufferManager( 1041): over 5000ms not request from VCodec but callback hooked, slow BM Cc fetch thread
07-13 09:20:07.656 D/ActivityManager( 1813): getProcessesInErrorState callingUid=10279, CallingPid=443
07-13 09:20:07.661 D/CompatibilityChangeReporter( 4632): Compat change id reported: 247079863; UID 10174; state: ENABLED
07-13 09:20:07.665 D/C2MtkBufferManager( 1041): over 5000ms not request from VCodec but callback hooked, slow BM Cc fetch thread
07-13 09:20:07.670 D/CompatibilityChangeReporter( 1813): Compat change id reported: 261072174; UID 10157; state: ENABLED
07-13 09:20:07.672 I/ClipboardServiceI( 1813): checkProviderWakePathForClipboard: primaryClip is null
07-13 09:20:07.676 I/ClipboardServiceI( 1813): checkProviderWakePathForClipboard: primaryClip is null
07-13 09:20:07.681 D/nativeloader( 4669): Configuring clns-4 for other apk /data/app/~~YLnmsdzZwEre--bK2d7z9w==/com.skillsroom.mobile-f9Bv9at9m-3mkcSkMrJiDw==/base.apk. target_sdk_version=36, uses_libraries=, library_path=/data/app/~~YLnmsdzZwEre--bK2d7z9w==/com.skillsroom.mobile-f9Bv9at9m-3mkcSkMrJiDw==/lib/arm64:/data/app/~~YLnmsdzZwEre--bK2d7z9w==/com.skillsroom.mobile-f9Bv9at9m-3mkcSkMrJiDw==/base.apk!/lib/arm64-v8a, permitted_path=/data:/mnt/expand:/data/user/0/com.skillsroom.mobile
07-13 09:20:07.683 D/CompatibilityChangeReporter( 4663): Compat change id reported: 3400644; UID 10274; state: ENABLED
07-13 09:20:07.685 D/C2MtkBufferManager( 1041): over 5000ms not request from VCodec but callback hooked, slow BM Cc fetch thread
07-13 09:20:07.692 D/FileUtils( 1813): Rounded bytes from 3899887616 to 4000000000
07-13 09:20:07.697 D/FileUtils( 1813): Rounded bytes from 3899887616 to 4000000000
07-13 09:20:07.707 D/C2MtkBufferManager( 1041): over 5000ms not request from VCodec but callback hooked, slow BM Cc fetch thread
07-13 09:20:07.709 D/nativeloader( 4669): Load libframework-connectivity-jni.so using APEX ns com_android_tethering for caller /apex/com.android.tethering/javalib/framework-connectivity.jar: ok
07-13 09:20:07.712 D/CompatibilityChangeReporter( 1813): Compat change id reported: 261072174; UID 10165; state: ENABLED
07-13 09:20:07.713 I/dbgk    ( 4632): Initializing GMS Compliance Client Library...
07-13 09:20:07.714 I/dbgk    ( 4632): Checking for device compliance...
07-13 09:20:07.714 D/CompatibilityChangeReporter( 1813): Compat change id reported: 261072174; UID 10274; state: ENABLED
07-13 09:20:07.714 I/dbgk    ( 4632): Completed library init.
07-13 09:20:07.716 D/SoScUtils( 2459): monitorTransitionFinished transition:android.os.BinderProxy@69f843f transaction: android.view.SurfaceControl$Transaction@e09bc01 mRequestCloseTransition:null mRequestOpenTransition:null mStartTransition:null mRequestOpenTriggerTask:-1 mRequestCloseTriggerTask:-1 mOrientationTransition: null mMainStartingTask:-1 mSideStartingTask:-1
07-13 09:20:07.719 I/ActivityManager( 1813): Flag disabled. Ignoring finishAttachApplication from uid: 10174. pid: 4632
07-13 09:20:07.720 V/GraphicsEnvironment( 4669): Currently set values for:
07-13 09:20:07.720 V/GraphicsEnvironment( 4669):   angle_gl_driver_selection_pkgs=[]
07-13 09:20:07.720 V/GraphicsEnvironment( 4669):   angle_gl_driver_selection_values=[]
07-13 09:20:07.721 D/MI-SF   ( 1133): updateScene: module = 268 (Unknown), value = 0, pkg = perf_interaction
07-13 09:20:07.722 V/GraphicsEnvironment( 4669): ANGLE GameManagerService for com.skillsroom.mobile: false
07-13 09:20:07.722 V/GraphicsEnvironment( 4669): com.skillsroom.mobile is not listed in per-application setting
07-13 09:20:07.722 V/GraphicsEnvironment( 4669): Neither updatable production driver nor prerelease driver is supported.
07-13 09:20:07.722 I/DisplayModeDirectorImpl( 1813): onDesiredDisplayModeSpecsChanged:baseModeId=2 allowGroupSwitching=false primary=physical: (0.0 Infinity) render:  (0.0 60.0) appRequest=physical: (0.0 Infinity) render:  (0.0 60.0) noVotes=false
07-13 09:20:07.725 W/Looper  ( 4632): PerfMonitor longMsg : seq=2 plan=09:20:06.306 late=4ms wall=1412ms h=android.app.ActivityThread$H w=110 procState=-1
07-13 09:20:07.725 W/WindowManager( 1813): Exception thrown during dispatchAppVisibility Window{3f49006 u0 com.skillsroom.mobile/com.skillsroom.mobile.MainActivity EXITING}
07-13 09:20:07.725 W/WindowManager( 1813): android.os.DeadObjectException
07-13 09:20:07.725 W/WindowManager( 1813): 	at android.os.BinderProxy.transactNative(Native Method)
07-13 09:20:07.725 W/WindowManager( 1813): 	at android.os.BinderProxy.transact(BinderProxy.java:639)
07-13 09:20:07.725 W/WindowManager( 1813): 	at android.view.IWindow$Stub$Proxy.dispatchAppVisibility(IWindow.java:675)
07-13 09:20:07.725 W/WindowManager( 1813): 	at com.android.server.wm.WindowState.sendAppVisibilityToClients(WindowState.java:3502)
07-13 09:20:07.725 W/WindowManager( 1813): 	at com.android.server.wm.WindowContainer.sendAppVisibilityToClients(WindowContainer.java:1302)
07-13 09:20:07.725 W/WindowManager( 1813): 	at com.android.server.wm.WindowToken.setClientVisible(WindowToken.java:420)
07-13 09:20:07.725 W/WindowManager( 1813): 	at com.android.server.wm.ActivityRecord.setClientVisible(ActivityRecord.java:7995)
07-13 09:20:07.725 W/WindowManager( 1813): 	at com.android.server.wm.ActivityRecord.postApplyAnimation(ActivityRecord.java:6566)
07-13 09:20:07.725 W/WindowManager( 1813): 	at com.android.server.wm.ActivityRecord.commitVisibility(ActivityRecord.java:6508)
07-13 09:20:07.725 W/WindowManager( 1813): 	at com.android.server.wm.Transition.finishTransition(Transition.java:1340)
07-13 09:20:07.725 W/WindowManager( 1813): 	at com.android.server.wm.TransitionController.finishTransition(TransitionController.java:991)
07-13 09:20:07.725 W/WindowManager( 1813): 	at com.android.server.wm.WindowOrganizerController.finishTransition(WindowOrganizerController.java:442)
07-13 09:20:07.725 W/WindowManager( 1813): 	at android.window.IWindowOrganizerController$Stub.onTransact(IWindowOrganizerController.java:304)
07-13 09:20:07.725 W/WindowManager( 1813): 	at com.android.server.wm.WindowOrganizerController.onTransact(WindowOrganizerController.java:207)
07-13 09:20:07.725 W/WindowManager( 1813): 	at android.os.Binder.execTransactInternal(Binder.java:1351)
07-13 09:20:07.725 W/WindowManager( 1813): 	at android.os.Binder.execTransact(Binder.java:1282)
07-13 09:20:07.725 W/Process ( 1813): Unable to open /proc/32128/status
07-13 09:20:07.725 W/WindowManager( 1813): The process may be dead, tid:32128,tgid:-1
07-13 09:20:07.727 D/C2MtkBufferManager( 1041): over 5000ms not request from VCodec but callback hooked, slow BM Cc fetch thread
07-13 09:20:07.731 I/FIAM.Headless( 4663): Starting InAppMessaging runtime with Installation ID cMfQnDguT-Km__L4Vs7zW0
07-13 09:20:07.732 I/PowerManagerServiceImpl( 1813): Release wakelock: SCREEN_BRIGHT_WAKE_LOCK        'WindowManager/displayId:0' ON_AFTER_RELEASE DISABLED ACQ=-6m12s993ms (uid=1000 pid=1813 pkg=android ws=WorkSource{10210 com.skillsroom.mobile})
07-13 09:20:07.732 D/ForceDarkAppConfigProvider( 1813): cloudConfigVersion: -1   localConfigVersion:20240119
07-13 09:20:07.732 I/UiModeManager( 1813): systemserver package:com.skillsroom.mobile null
07-13 09:20:07.732 I/ForceDarkHelperStubImpl( 4669): initialize for com.skillsroom.mobile , ForceDarkAppConfig: null
07-13 09:20:07.734 W/Glide   ( 4663): Failed to find GeneratedAppGlideModule. You should include an annotationProcessor compile dependency on com.github.bumptech.glide:compiler in your application and a @GlideModule annotated AppGlideModule implementation or LibraryGlideModules will be silently ignored
07-13 09:20:07.734 D/nativeloader( 4669): Load libforcedarkimpl.so using system ns (caller=/system_ext/framework/miui-framework.jar): ok
07-13 09:20:07.735 D/OpenGLRenderer( 4669): JNI_OnLoad success
07-13 09:20:07.735 I/MiuiForceDarkConfig( 4669): setConfig density:2.000000, mainRule:0, secondaryRule:0, tertiaryRule:0
07-13 09:20:07.739 I/MI-SF   ( 1133): surfaceflinger setAffinity mode=0
07-13 09:20:07.742 D/WindowManager( 1813): setParent old=ActivityRecord{ec9314c u0 com.skillsroom.mobile/.MainActivity t5359 f}},new=null,this window=Window{3f49006 u0 com.skillsroom.mobile/com.skillsroom.mobile.MainActivity EXITING},callers=com.android.server.wm.WindowContainer.removeChild:831 com.android.server.wm.ActivityRecord.removeChild:5163 com.android.server.wm.ActivityRecord.removeChild:458 com.android.server.wm.WindowContainer.removeImmediately:889 com.android.server.wm.WindowState.removeImmediately:2490 com.android.server.wm.WindowState.removeIfPossible:2662 
07-13 09:20:07.743 I/WindowManager( 1813): cancelAnimation removed leash : Surface(name=Surface(name=143addc InputMethod#139)/@0x3f7a46b - animation-leash of insets_animation#78119)/@0x9da28c6
07-13 09:20:07.744 E/BufferQueueDebug( 1133): [Surface(name=143addc InputMethod#139)/@0x3f7a46b - animation-leash of insets_animation#78135](this:0xb400007855b30a30,id:-1,api:0,p:-1,c:-1) id info cannot be read from 'Surface(name=143addc InputMethod#139)/@0x3f7a46b - animation-leash of insets_animation#78135'
07-13 09:20:07.745 I/BufferQueueDebug( 1133): [Surface(name=143addc InputMethod#139)/@0x3f7a46b - animation-leash of insets_animation#78135](this:0xb400007855b30a30,id:-1,api:0,p:-1,c:-1) BufferQueue core=(1133:/system/bin/surfaceflinger)
07-13 09:20:07.747 I/BufferQueueDebug( 1133): [Transition Root: Task=5360#78130](this:0xb40000785599ca30,id:-1,api:0,p:-1,c:1133) onDestructor()
07-13 09:20:07.748 D/C2MtkBufferManager( 1041): over 5000ms not request from VCodec but callback hooked, slow BM Cc fetch thread
07-13 09:20:07.748 D/CompatibilityChangeReporter( 4669): Compat change id reported: 183155436; UID 10210; state: ENABLED
07-13 09:20:07.758 I/BufferQueueDebug( 1133): [a7d9e9e ActivityRecordInputSink com.skillsroom.mobile/.MainActivity#78105](this:0xb4000078559fda30,id:-1,api:0,p:-1,c:1133) onDestructor()
