07-13 09:20:06.385 W/RecentsModel( 2470): getRunningTask   taskInfo=TaskInfo{userId=0 taskId=5360 displayId=0 isRunning=true baseIntent=Intent { flg=0x10000000 cmp=com.skillsroom.mobile/.MainActivity } baseActivity=ComponentInfo{com.skillsroom.mobile/com.skillsroom.mobile.MainActivity} topActivity=ComponentInfo{com.skillsroom.mobile/com.skillsroom.mobile.MainActivity} origActivity=null realActivity=ComponentInfo{com.skillsroom.mobile/com.skillsroom.mobile.MainActivity} numActivities=1 lastActiveTime=692406009 supportsSplitScreenMultiWindow=true supportsMultiWindow=true resizeMode=1 isResizeable=true minWidth=-1 minHeight=-1 defaultMinSize=200 token=WCT{android.window.IWindowContainerToken$Stub$Proxy@cf11d9e} topActivityType=1 pictureInPictureParams=null shouldDockBigOverlays=false launchIntoPipHostTaskId=-1 lastParentTaskIdBeforePip=-1 displayCutoutSafeInsets=Rect(0, 68 - 0, 0) topActivityInfo=ActivityInfo{fe3f07f com.skillsroom.mobile.MainActivity} launchCookies=[] positionInParent=Point(0, 0) parentTaskId=-1 isFocused=false isVisible=false isVisibleRequested=true isSleeping=false topActivityInSizeCompat=false topActivityEligibleForLetterboxEducation= false topActivityLetterboxed= false isFromDoubleTap= false topActivityLetterboxVerticalPosition= -1 topActivityLetterboxHorizontalPosition= -1 topActivityLetterboxWidth=-1 topActivityLetterboxHeight=-1 locusId=null displayAreaFeatureId=1 cameraCompatControlState=hidden mIsCastMode=false mTopActivityMediaSize=null mTopActivityRecordName=ActivityRecord{a70746e u0 com.skillsroom.mobile/.MainActivity t5360} mTopActivityOrientation=1 mTopActivityWindowIsNowVisible=false isTranslucent=false isEmbedded=false shouldBeVisible=true mBehindAppLockPkg=null mOriginatingUid=0}
07-13 09:20:06.385 W/RecentsModel( 2470): getTaskInfoIgnoreHomeAndFreeform   taskInfo=ComponentInfo{com.skillsroom.mobile/com.skillsroom.mobile.MainActivity}
07-13 09:20:06.385 I/libPerfCtl( 1059): xgfGetFPS pid:2459 fps:-1
07-13 09:20:06.386 D/CompatibilityChangeReporter( 1813): Compat change id reported: 170503758; UID 10100; state: ENABLED
07-13 09:20:06.387 E/ActivityManagerWrapper( 2470): get all recent tasks force including 5360
07-13 09:20:06.390 E/Zygote  ( 4669): process_name_ptr:4669 com.skillsroom.mobile
07-13 09:20:06.393 D/CoreBackPreview( 1813): Window{d144559 u0 Splash Screen com.skillsroom.mobile}: Setting back callback OnBackInvokedCallbackInfo{mCallback=android.window.IOnBackInvokedCallback$Stub$Proxy@95c69f6, mPriority=0, mIsAnimationCallback=false}
07-13 09:20:06.395 I/MessageMonitor( 4663): Load libmiui_runtime
07-13 09:20:06.399 D/BufferQueueConsumer( 2459): [](id:99b00000b2c,api:0,p:-1,c:2459) connect: controlledByApp=false
07-13 09:20:06.400 I/BtGatt.ScanManager(29492): msg.what = MSG_SCREEN_ON, msg.arg1 = None
07-13 09:20:06.401 D/StatusBarController( 2470): handleMessage: flag 1000000  disable false
07-13 09:20:06.401 D/C2MtkBufferManager( 1041): over 5000ms not request from VCodec but callback hooked, slow BM Cc fetch thread
07-13 09:20:06.405 D/MI-SF   ( 1133): updateScene: module = 270 (Unknown), value = 0, pkg = com.miui.home
07-13 09:20:06.406 E/OpenGLRenderer( 2459): Unable to match the desired swap behavior.
07-13 09:20:06.407 V/AutoDensityController( 2459): on display changed 0 context dpi:296 origin dpi:320 target dpi:296
07-13 09:20:06.413 D/SymlinkUtils( 1813): attachApplication file op go pass: 1 ms
07-13 09:20:06.414 I/SmartPower: com.oremus.catholic.bible.rosary.prayer/10274(4663)( 1813): died->background(913582ms) R(process start ) adj=-10000.
07-13 09:20:06.415 D/MediaCodec(19459): [mId: 2] audio-debug Stats over last 5005ms:
07-13 09:20:06.415 D/MediaCodec(19459): [mId: 2] audio-debug Qinput: 0, DQinput: 0 success out of 5 tries
07-13 09:20:06.416 I/illsroom.mobile( 4669): Late-enabling -Xcheck:jni
07-13 09:20:06.415 D/MediaCodec(19459): [mId: 2] audio-debug Render: 0, Drop: 0, DQoutput: 0 success out of 0 tries
07-13 09:20:06.417 E/ThermalInfoUtils( 7233): getCurrentCapacity Exceptionjava.io.FileNotFoundException: /sys/class/power_supply/battery/charge_counter: open failed: EACCES (Permission denied)
07-13 09:20:06.422 D/CompatibilityChangeReporter( 1813): Compat change id reported: 168419799; UID 10274; state: DISABLED
07-13 09:20:06.422 D/C2MtkBufferManager( 1041): over 5000ms not request from VCodec but callback hooked, slow BM Cc fetch thread
07-13 09:20:06.422 D/CompatibilityChangeReporter( 1813): Compat change id reported: 273564678; UID 10274; state: DISABLED
07-13 09:20:06.423 D/VRI[mobile]( 2459): vri.reportNextDraw android.view.ViewRootImpl.performTraversals:4402 android.view.ViewRootImpl.doTraversal:3018 android.view.ViewRootImpl$TraversalRunnable.run:10526 android.view.Choreographer$CallbackRecord.run:1682 android.view.Choreographer$CallbackRecord.run:1691 
07-13 09:20:06.423 D/VRI[mobile]( 2459): vri.Setup new sync=wmsSync-VRI[mobile]#45
07-13 09:20:06.411 W/ThermalCollecto( 7233): type=1400 audit(0.0:608243): avc:  denied  { read } for  name="charge_counter" dev="sysfs" ino=36942 scontext=u:r:system_app:s0 tcontext=u:object_r:sysfs_batteryinfo:s0 tclass=file permissive=0
07-13 09:20:06.425 E/BufferQueueDebug( 1133): [com.miui.home/com.miui.home.launcher.Launcher#78129](this:0xb400007855849a30,id:-1,api:0,p:-1,c:-1) id info cannot be read from 'com.miui.home/com.miui.home.launcher.Launcher#78129'
07-13 09:20:06.425 I/mtkpower@impl( 1059): [powerd_req] TIMER_MSG_PERF_LOCK_TIMEOUT hdl:246208
07-13 09:20:06.425 I/libPowerHal( 1059): [perfLockRel] hdl:246208, idx:3
07-13 09:20:06.425 I/BufferQueueDebug( 1133): [com.miui.home/com.miui.home.launcher.Launcher#78129](this:0xb400007855849a30,id:-1,api:0,p:-1,c:-1) BufferQueue core=(1133:/system/bin/surfaceflinger)
07-13 09:20:06.426 I/libPowerHal( 1059): [unsetGPUFreq] current min:0, max:0; scn_gpu_min:0, scn_gpu_max:-1; scn_gpu_min(HL):-1, scn_gpu_max(HL):-1
07-13 09:20:06.426 I/libPowerHal( 1059): system_server: set gpu opp level: 31
07-13 09:20:06.427 I/libPowerHal( 1059): system_server: set gpu opp level max: 0
07-13 09:20:06.427 I/libPowerHal( 1059): [setGPUFreq] Soft min/max = (31, 0); Hard min/max = (31, 0)
07-13 09:20:06.427 I/libPowerHal( 1059): [setGPUFreq] final min/max = (31, 0)
07-13 09:20:06.427 I/libPowerHal( 1059): system_server: set gpu opp level: 31
07-13 09:20:06.427 I/libPowerHal( 1059): system_server: set gpu opp level max: 0
07-13 09:20:06.428 D/OpenGLRenderer( 2459): makeCurrent grContext:0xb400007c8cc6f720 reset mTextureAvailable
07-13 09:20:06.433 E/ActivityManagerWrapper( 2470): getRecentTasks: size=9
07-13 09:20:06.433 E/ActivityManagerWrapper( 2470): getRecentTasks: mainTaskId=5360   userId=0   windowMode=1   baseIntent=Intent { act=null flag=268435456 cmp=ComponentInfo{com.skillsroom.mobile/com.skillsroom.mobile.MainActivity} }
07-13 09:20:06.433 E/ActivityManagerWrapper( 2470): getRecentTasks: mainTaskId=5341   userId=0   windowMode=1   baseIntent=Intent { act=android.intent.action.MAIN flag=270532608 cmp=ComponentInfo{com.whatsapp.w4b/com.whatsapp.Main} }
07-13 09:20:06.433 E/ActivityManagerWrapper( 2470): getRecentTasks: mainTaskId=5344   userId=0   windowMode=1   baseIntent=Intent { act=android.intent.action.MAIN flag=270532608 cmp=ComponentInfo{com.facebook.lite/com.facebook.lite.MainActivity} }
07-13 09:20:06.433 E/ActivityManagerWrapper( 2470): getRecentTasks: mainTaskId=5336   userId=0   windowMode=1   baseIntent=Intent { act=android.intent.action.MAIN flag=270532608 cmp=ComponentInfo{com.google.android.dialer/com.google.android.dialer.extensions.GoogleDialtactsActivity} }
07-13 09:20:06.433 E/ActivityManagerWrapper( 2470): getRecentTasks: mainTaskId=5335   userId=0   windowMode=1   baseIntent=Intent { act=android.intent.action.MAIN flag=270532608 cmp=ComponentInfo{com.shaiban.audioplayer.mplayer/com.shaiban.audioplayer.mplayer.app.navigation.NavigatingActivity} }
07-13 09:20:06.433 E/ActivityManagerWrapper( 2470): getRecentTasks: mainTaskId=5287   userId=0   windowMode=1   baseIntent=Intent { act=android.intent.action.MAIN flag=270532608 cmp=ComponentInfo{ng.mtn.nextgen/ng.mtn.nextgen.MainActivity} }
07-13 09:20:06.434 E/ActivityManagerWrapper( 2470): getRecentTasks: mainTaskId=5273   userId=0   windowMode=1   baseIntent=Intent { act=android.settings.APPLICATION_DEVELOPMENT_SETTINGS flag=268468224 cmp=ComponentInfo{com.android.settings/com.android.settings.Settings$DevelopmentSettingsDashboardActivity} }
07-13 09:20:06.434 E/ActivityManagerWrapper( 2470): getRecentTasks: mainTaskId=5246   userId=0   windowMode=1   baseIntent=Intent { act=android.intent.action.MAIN flag=270532608 cmp=ComponentInfo{cn.xender/cn.xender.ui.activity.SplashActivity} }
07-13 09:20:06.434 E/ActivityManagerWrapper( 2470): getRecentTasks: mainTaskId=5239   userId=0   windowMode=1   baseIntent=Intent { act=android.intent.action.MAIN flag=270532608 cmp=ComponentInfo{com.android.camera/com.android.camera.Camera} }
07-13 09:20:06.442 D/C2MtkBufferManager( 1041): over 5000ms not request from VCodec but callback hooked, slow BM Cc fetch thread
07-13 09:20:06.444 I/WindowManager( 1813): Relayout Window{52dece7 u0 com.miui.home/com.miui.home.launcher.Launcher}: oldVis=8 newVis=0 focusMayChange = true requestedWidth = 720 requestedHeight = 1600 outFrames = ClientWindowFrames{frame=[0,0][720,1600] display=[0,0][720,1600] parentFrame=[0,0][0,0]} outSurfaceControl = Surface(name=com.miui.home/com.miui.home.launcher.Launcher#78129)/@0xc330693
07-13 09:20:06.452 D/BLASTBufferQueue( 2459): [VRI[mobile]#2767](f:0,a:1) acquireNextBufferLocked size=720x1600 mFrameNumber=1 applyTransaction=true mTimestamp=623309831835997(auto) mPendingTransactions.size=0 graphicBufferId=10561324610756 transform=0
07-13 09:20:06.453 D/VRI[mobile]( 2459): vri.reportDrawFinished
07-13 09:20:06.452 D/BufferQueueConsumer( 2470): [](id:9a600000525,api:0,p:-1,c:2470) connect: controlledByApp=false
07-13 09:20:06.453 E/surfaceflinger( 1133): == MALI DEBUG ===eglp_winsys_populate_image_templates ==12288
07-13 09:20:06.454 W/WindowManager( 1813): finishDrawingWindow: Window{d144559 u0 Splash Screen com.skillsroom.mobile} mDrawState=DRAW_PENDING
07-13 09:20:06.459 I/gralloc4( 1133): @set_metadata: update dataspace from GM (0x08010000 -> 0x00000000)
07-13 09:20:06.462 D/CompatibilityChangeReporter( 4663): Compat change id reported: 171979766; UID 10274; state: ENABLED
07-13 09:20:06.462 D/CompatibilityChangeReporter( 4663): Compat change id reported: 242716250; UID 10274; state: ENABLED
07-13 09:20:06.465 D/C2MtkBufferManager( 1041): over 5000ms not request from VCodec but callback hooked, slow BM Cc fetch thread
07-13 09:20:06.466 I/MiuiNetworkPolicy( 1813): updateUidState uid = 10274, uidState = 8
07-13 09:20:06.468 E/OpenGLRenderer( 2470): Unable to match the desired swap behavior.
07-13 09:20:06.474 D/CompatibilityChangeReporter( 1813): Compat change id reported: 170503758; UID 10274; state: ENABLED
07-13 09:20:06.478 D/RecentsModel( 2470): onTaskStackChangedBackground    MSG_TASK_STACK_CHANGE
07-13 09:20:06.478 D/RecentsModel( 2470): preloadRecents
07-13 09:20:06.478 W/RecentsModel( 2470): getRunningTask
07-13 09:20:06.478 D/MediaCodec(19459): [mId: 6] audio-debug Stats over last 5006ms:
07-13 09:20:06.478 D/MediaCodec(19459): [mId: 6] audio-debug Qinput: 0, DQinput: 0 success out of 5 tries
07-13 09:20:06.478 D/MediaCodec(19459): [mId: 6] audio-debug Render: 0, Drop: 0, DQoutput: 0 success out of 0 tries
07-13 09:20:06.480 W/RecentsModel( 2470): getRunningTask   taskInfo=TaskInfo{userId=0 taskId=5360 displayId=0 isRunning=true baseIntent=Intent { flg=0x10000000 cmp=com.skillsroom.mobile/.MainActivity } baseActivity=ComponentInfo{com.skillsroom.mobile/com.skillsroom.mobile.MainActivity} topActivity=ComponentInfo{com.skillsroom.mobile/com.skillsroom.mobile.MainActivity} origActivity=null realActivity=ComponentInfo{com.skillsroom.mobile/com.skillsroom.mobile.MainActivity} numActivities=1 lastActiveTime=692406136 supportsSplitScreenMultiWindow=true supportsMultiWindow=true resizeMode=1 isResizeable=true minWidth=-1 minHeight=-1 defaultMinSize=200 token=WCT{android.window.IWindowContainerToken$Stub$Proxy@308cd4d} topActivityType=1 pictureInPictureParams=null shouldDockBigOverlays=false launchIntoPipHostTaskId=-1 lastParentTaskIdBeforePip=-1 displayCutoutSafeInsets=Rect(0, 68 - 0, 0) topActivityInfo=ActivityInfo{fdb1002 com.skillsroom.mobile.MainActivity} launchCookies=[] positionInParent=Point(0, 0) parentTaskId=-1 isFocused=false isVisible=false isVisibleRequested=true isSleeping=false topActivityInSizeCompat=false topActivityEligibleForLetterboxEducation= false topActivityLetterboxed= false isFromDoubleTap= false topActivityLetterboxVerticalPosition= -1 topActivityLetterboxHorizontalPosition= -1 topActivityLetterboxWidth=-1 topActivityLetterboxHeight=-1 locusId=null displayAreaFeatureId=1 cameraCompatControlState=hidden mIsCastMode=false mTopActivityMediaSize=null mTopActivityRecordName=ActivityRecord{a70746e u0 com.skillsroom.mobile/.MainActivity t5360} mTopActivityOrientation=1 mTopActivityWindowIsNowVisible=false isTranslucent=false isEmbedded=false shouldBeVisible=true mBehindAppLockPkg=null mOriginatingUid=0}
07-13 09:20:06.480 W/RecentsModel( 2470): getTaskInfoIgnoreHomeAndFreeform   taskInfo=ComponentInfo{com.skillsroom.mobile/com.skillsroom.mobile.MainActivity}
07-13 09:20:06.481 E/ActivityManagerWrapper( 2470): get all recent tasks force including 5360
07-13 09:20:06.483 I/illsroom.mobile( 4669): Using generational CollectorTypeCC GC.
07-13 09:20:06.486 D/C2MtkBufferManager( 1041): over 5000ms not request from VCodec but callback hooked, slow BM Cc fetch thread
07-13 09:20:06.489 E/ActivityManagerWrapper( 2470): getRecentTasks: size=9
07-13 09:20:06.489 E/ActivityManagerWrapper( 2470): getRecentTasks: mainTaskId=5360   userId=0   windowMode=1   baseIntent=Intent { act=null flag=268435456 cmp=ComponentInfo{com.skillsroom.mobile/com.skillsroom.mobile.MainActivity} }
07-13 09:20:06.489 E/ActivityManagerWrapper( 2470): getRecentTasks: mainTaskId=5341   userId=0   windowMode=1   baseIntent=Intent { act=android.intent.action.MAIN flag=270532608 cmp=ComponentInfo{com.whatsapp.w4b/com.whatsapp.Main} }
07-13 09:20:06.490 E/ActivityManagerWrapper( 2470): getRecentTasks: mainTaskId=5344   userId=0   windowMode=1   baseIntent=Intent { act=android.intent.action.MAIN flag=270532608 cmp=ComponentInfo{com.facebook.lite/com.facebook.lite.MainActivity} }
07-13 09:20:06.490 E/ActivityManagerWrapper( 2470): getRecentTasks: mainTaskId=5336   userId=0   windowMode=1   baseIntent=Intent { act=android.intent.action.MAIN flag=270532608 cmp=ComponentInfo{com.google.android.dialer/com.google.android.dialer.extensions.GoogleDialtactsActivity} }
07-13 09:20:06.490 E/ActivityManagerWrapper( 2470): getRecentTasks: mainTaskId=5335   userId=0   windowMode=1   baseIntent=Intent { act=android.intent.action.MAIN flag=270532608 cmp=ComponentInfo{com.shaiban.audioplayer.mplayer/com.shaiban.audioplayer.mplayer.app.navigation.NavigatingActivity} }
07-13 09:20:06.490 E/ActivityManagerWrapper( 2470): getRecentTasks: mainTaskId=5287   userId=0   windowMode=1   baseIntent=Intent { act=android.intent.action.MAIN flag=270532608 cmp=ComponentInfo{ng.mtn.nextgen/ng.mtn.nextgen.MainActivity} }
07-13 09:20:06.490 E/ActivityManagerWrapper( 2470): getRecentTasks: mainTaskId=5273   userId=0   windowMode=1   baseIntent=Intent { act=android.settings.APPLICATION_DEVELOPMENT_SETTINGS flag=268468224 cmp=ComponentInfo{com.android.settings/com.android.settings.Settings$DevelopmentSettingsDashboardActivity} }
07-13 09:20:06.490 E/ActivityManagerWrapper( 2470): getRecentTasks: mainTaskId=5246   userId=0   windowMode=1   baseIntent=Intent { act=android.intent.action.MAIN flag=270532608 cmp=ComponentInfo{cn.xender/cn.xender.ui.activity.SplashActivity} }
07-13 09:20:06.490 E/ActivityManagerWrapper( 2470): getRecentTasks: mainTaskId=5239   userId=0   windowMode=1   baseIntent=Intent { act=android.intent.action.MAIN flag=270532608 cmp=ComponentInfo{com.android.camera/com.android.camera.Camera} }
07-13 09:20:06.506 D/C2MtkBufferManager( 1041): over 5000ms not request from VCodec but callback hooked, slow BM Cc fetch thread
07-13 09:20:06.508 I/adbd    (21521): jdwp connection from 4669
07-13 09:20:06.508 D/nativeloader( 4663): Configuring clns-4 for other apk /system/framework/org.apache.http.legacy.jar. target_sdk_version=35, uses_libraries=ALL, library_path=/data/app/~~x7agDixhM745WRkHibu18g==/com.oremus.catholic.bible.rosary.prayer-aEaJA-GC4oEX3hF4de2tiw==/lib/arm64:/data/app/~~x7agDixhM745WRkHibu18g==/com.oremus.catholic.bible.rosary.prayer-aEaJA-GC4oEX3hF4de2tiw==/base.apk!/lib/arm64-v8a:/data/app/~~x7agDixhM745WRkHibu18g==/com.oremus.catholic.bible.rosary.prayer-aEaJA-GC4oEX3hF4de2tiw==/split_config.arm64_v8a.apk!/lib/arm64-v8a:/data/app/~~x7agDixhM745WRkHibu18g==/com.oremus.catholic.bible.rosary.prayer-aEaJA-GC4oEX3hF4de2tiw==/split_config.de.apk!/lib/arm64-v8a:/data/app/~~x7agDixhM745WRkHibu18g==/com.oremus.catholic.bible.rosary.prayer-aEaJA-GC4oEX3hF4de2tiw==/split_config.en.apk!/lib/arm64-v8a:/data/app/~~x7agDixhM745WRkHibu18g==/com.oremus.catholic.bible.rosary.prayer-aEaJA-GC4oEX3hF4de2tiw==/split_config.es.apk!/lib/arm64-v8a:/data/app/~~x7agDixhM745WRkHibu18g==/com.oremus.catholic.bible.rosary.prayer-aEaJA-GC4oEX3hF4de
07-13 09:20:06.508 D/nativeloader( 4663): Extending system_exposed_libraries: libapuwareapusys.mtk.so:libapuwareapusys_v2.mtk.so:libapuwarexrp.mtk.so:libapuwarexrp_v2.mtk.so:libapuwareutils.mtk.so:libapuwareutils_v2.mtk.so:libapuwarehmp.mtk.so:libmcv_runtime_usdk.mtk.so:libneuron_graph_delegate.mtk.so:libneuronusdk_adapter.mtk.so:libtflite_mtk.mtk.so:libarmnn_ndk.mtk.so:libcmdl_ndk.mtk.so:libnir_neon_driver_ndk.mtk.so:libmvpu_runtime.mtk.so:libmvpu_runtime_pub.mtk.so:libmvpu_engine_pub.mtk.so:libmvpu_pattern_pub.mtk.so:libmvpuop_mtk_cv.mtk.so:libmvpuop_mtk_nn.mtk.so:libmvpu_runtime_25.mtk.so:libmvpu_runtime_25_pub.mtk.so:libmvpu_engine_25_pub.mtk.so:libmvpu_pattern_25_pub.mtk.so:libmvpuop25_mtk_cv.mtk.so:libmvpuop25_mtk_nn.mtk.so:libmvpu_config.mtk.so:libteeservice_client.trustonic.so:libmisys_jni.xiaomi.so
07-13 09:20:06.510 D/nativeloader( 4632): Configuring clns-4 for other apk /system/framework/org.apache.http.legacy.jar. target_sdk_version=37, uses_libraries=ALL, library_path=/data/app/~~Z-HmI1stqjfbfkWhJgGGiQ==/com.google.android.googlequicksearchbox-QHCqd3nTI1c_r9Njs0kq1w==/lib/arm64:/data/app/~~Z-HmI1stqjfbfkWhJgGGiQ==/com.google.android.googlequicksearchbox-QHCqd3nTI1c_r9Njs0kq1w==/base.apk!/lib/arm64-v8a:/data/app/~~Z-HmI1stqjfbfkWhJgGGiQ==/com.google.android.googlequicksearchbox-QHCqd3nTI1c_r9Njs0kq1w==/split_config.xhdpi.apk!/lib/arm64-v8a:/data/app/~~Z-HmI1stqjfbfkWhJgGGiQ==/com.google.android.googlequicksearchbox-QHCqd3nTI1c_r9Njs0kq1w==/split_lens_ondevice_engine_feature_module.apk!/lib/arm64-v8a:/data/app/~~Z-HmI1stqjfbfkWhJgGGiQ==/com.google.android.googlequicksearchbox-QHCqd3nTI1c_r9Njs0kq1w==/split_lens_ondevice_engine_play_ml_module.apk!/lib/arm64-v8a, permitted_path=/data:/mnt/expand:/data/user/0/com.google.android.googlequicksearchbox
07-13 09:20:06.511 D/nativeloader( 4632): Extending system_exposed_libraries: libapuwareapusys.mtk.so:libapuwareapusys_v2.mtk.so:libapuwarexrp.mtk.so:libapuwarexrp_v2.mtk.so:libapuwareutils.mtk.so:libapuwareutils_v2.mtk.so:libapuwarehmp.mtk.so:libmcv_runtime_usdk.mtk.so:libneuron_graph_delegate.mtk.so:libneuronusdk_adapter.mtk.so:libtflite_mtk.mtk.so:libarmnn_ndk.mtk.so:libcmdl_ndk.mtk.so:libnir_neon_driver_ndk.mtk.so:libmvpu_runtime.mtk.so:libmvpu_runtime_pub.mtk.so:libmvpu_engine_pub.mtk.so:libmvpu_pattern_pub.mtk.so:libmvpuop_mtk_cv.mtk.so:libmvpuop_mtk_nn.mtk.so:libmvpu_runtime_25.mtk.so:libmvpu_runtime_25_pub.mtk.so:libmvpu_engine_25_pub.mtk.so:libmvpu_pattern_25_pub.mtk.so:libmvpuop25_mtk_cv.mtk.so:libmvpuop25_mtk_nn.mtk.so:libmvpu_config.mtk.so:libteeservice_client.trustonic.so:libmisys_jni.xiaomi.so
07-13 09:20:06.516 D/VRI[Launcher]( 2470): vri.reportNextDraw android.view.ViewRootImpl.performTraversals:4402 android.view.ViewRootImpl.doTraversal:3018 android.view.ViewRootImpl$TraversalRunnable.run:10526 android.view.Choreographer$CallbackRecord.run:1682 android.view.Choreographer$CallbackRecord.run:1691 
07-13 09:20:06.516 D/VRI[Launcher]( 2470): vri.Setup new sync=wmsSync-VRI[Launcher]#14
07-13 09:20:06.526 D/C2MtkBufferManager( 1041): over 5000ms not request from VCodec but callback hooked, slow BM Cc fetch thread
07-13 09:20:06.547 D/C2MtkBufferManager( 1041): over 5000ms not request from VCodec but callback hooked, slow BM Cc fetch thread
07-13 09:20:06.553 D/nativeloader( 4669): Load libframework-connectivity-tiramisu-jni.so using APEX ns com_android_tethering for caller /apex/com.android.tethering/javalib/framework-connectivity-t.jar: ok
07-13 09:20:06.567 D/C2MtkBufferManager( 1041): over 5000ms not request from VCodec but callback hooked, slow BM Cc fetch thread
07-13 09:20:06.588 D/C2MtkBufferManager( 1041): over 5000ms not request from VCodec but callback hooked, slow BM Cc fetch thread
07-13 09:20:06.590 D/ActivityManager( 1813): getProcessesInErrorState callingUid=10288, CallingPid=19459
07-13 09:20:06.590 I/MessageMonitor( 4669): Load libmiui_runtime
07-13 09:20:06.608 D/C2MtkBufferManager( 1041): over 5000ms not request from VCodec but callback hooked, slow BM Cc fetch thread
07-13 09:20:06.611 D/DragContainerLayout( 2470): dispatch draw with clip rect: null
07-13 09:20:06.613 D/SymlinkUtils( 1813): attachApplication file op go pass: 1 ms
07-13 09:20:06.613 I/SmartPower: com.skillsroom.mobile/10210(4669)( 1813): died->invisible(720ms) R(process start ) adj=-10000.
07-13 09:20:06.617 D/SchedBoost( 1813): com.skillsroom.mobile boosting, skip reset priority
07-13 09:20:06.619 I/MiuiWallpaper-MiuiWallpaperManagerService( 2200): receive broadcast action = android.intent.action.PACKAGE_RESTARTED
07-13 09:20:06.629 D/C2MtkBufferManager( 1041): over 5000ms not request from VCodec but callback hooked, slow BM Cc fetch thread
07-13 09:20:06.636 W/e.rosary.prayer( 4663): Failed to find entry 'classes.dex': Entry not found
07-13 09:20:06.641 W/e.rosary.prayer( 4663): Failed to find entry 'classes.dex': Entry not found
07-13 09:20:06.642 D/CompatibilityChangeReporter( 4669): Compat change id reported: 171979766; UID 10210; state: ENABLED
07-13 09:20:06.644 D/CompatibilityChangeReporter( 4669): Compat change id reported: 242716250; UID 10210; state: ENABLED
07-13 09:20:06.649 D/C2MtkBufferManager( 1041): over 5000ms not request from VCodec but callback hooked, slow BM Cc fetch thread
07-13 09:20:06.649 W/e.rosary.prayer( 4663): Failed to find entry 'classes.dex': Entry not found
07-13 09:20:06.653 D/ActivityManager( 1813): getProcessesInErrorState callingUid=10279, CallingPid=443
07-13 09:20:06.654 W/e.rosary.prayer( 4663): Failed to find entry 'classes.dex': Entry not found
07-13 09:20:06.656 W/e.rosary.prayer( 4663): Failed to find entry 'classes.dex': Entry not found
07-13 09:20:06.660 W/e.rosary.prayer( 4663): Failed to find entry 'classes.dex': Entry not found
07-13 09:20:06.665 W/e.rosary.prayer( 4663): Failed to find entry 'classes.dex': Entry not found
07-13 09:20:06.668 W/e.rosary.prayer( 4663): Failed to find entry 'classes.dex': Entry not found
07-13 09:20:06.669 D/C2MtkBufferManager( 1041): over 5000ms not request from VCodec but callback hooked, slow BM Cc fetch thread
07-13 09:20:06.670 D/nativeloader( 4663): Configuring clns-5 for other apk /data/app/~~x7agDixhM745WRkHibu18g==/com.oremus.catholic.bible.rosary.prayer-aEaJA-GC4oEX3hF4de2tiw==/base.apk:/data/app/~~x7agDixhM745WRkHibu18g==/com.oremus.catholic.bible.rosary.prayer-aEaJA-GC4oEX3hF4de2tiw==/split_config.arm64_v8a.apk:/data/app/~~x7agDixhM745WRkHibu18g==/com.oremus.catholic.bible.rosary.prayer-aEaJA-GC4oEX3hF4de2tiw==/split_config.de.apk:/data/app/~~x7agDixhM745WRkHibu18g==/com.oremus.catholic.bible.rosary.prayer-aEaJA-GC4oEX3hF4de2tiw==/split_config.en.apk:/data/app/~~x7agDixhM745WRkHibu18g==/com.oremus.catholic.bible.rosary.prayer-aEaJA-GC4oEX3hF4de2tiw==/split_config.es.apk:/data/app/~~x7agDixhM745WRkHibu18g==/com.oremus.catholic.bible.rosary.prayer-aEaJA-GC4oEX3hF4de2tiw==/split_config.fr.apk:/data/app/~~x7agDixhM745WRkHibu18g==/com.oremus.catholic.bible.rosary.prayer-aEaJA-GC4oEX3hF4de2tiw==/split_config.pt.apk:/data/app/~~x7agDixhM745WRkHibu18g==/com.oremus.catholic.bible.rosary.prayer-aEaJA-GC4oEX3hF4de2tiw==/split_config.xhdpi.apk:/data/app/~~x7a
07-13 09:20:06.673 D/MiuiFastConnectService( 2819): stopBleScan: scanning: true
07-13 09:20:06.674 D/BluetoothAdapter( 2819): isLeEnabled(): ON
07-13 09:20:06.678 D/CompatibilityChangeReporter( 1813): Compat change id reported: 170503758; UID 10210; state: ENABLED
07-13 09:20:06.685 I/AppScanStats(29492): BLE_SCAN_RESULT_RECEIVED[2]reportBleScanResults=0
07-13 09:20:06.686 I/AppScanStats(29492): BLE_SCAN_STATE_CHANGED[2]reportBleScanStopped=false
07-13 09:20:06.688 D/ActivityAttributionService(29492): notifyActivityAttributionInfo UID=1002 packageName=com.android.bluetooth deviceAddress=no_active_device_address
07-13 09:20:06.688 I/BtGatt.ScanManager(29492): msg.what = MSG_STOP_BLE_SCAN, msg.arg1 = None
07-13 09:20:06.690 D/C2MtkBufferManager( 1041): over 5000ms not request from VCodec but callback hooked, slow BM Cc fetch thread
07-13 09:20:06.701 I/bt_btif (29492): get_profile_interface: get_profile_interface: id = activity_attribution
07-13 09:20:06.710 I/bt_stack(29492): [INFO:le_scanning_manager.cc(204)] ScanFilterParamSetup in shim layer
07-13 09:20:06.711 D/C2MtkBufferManager( 1041): over 5000ms not request from VCodec but callback hooked, slow BM Cc fetch thread
07-13 09:20:06.720 W/chbox:googleapp( 4632): Failed to find entry 'classes.dex': Entry not found
07-13 09:20:06.721 E/bt_stack(29492): [ERROR:com_android_bluetooth_btservice_ActivityAttribution.cpp(172)] Failed to get ActivityAttribution Interface
07-13 09:20:06.721 W/chbox:googleapp( 4632): Failed to find entry 'classes.dex': Entry not found
07-13 09:20:06.724 W/chbox:googleapp( 4632): Failed to find entry 'classes.dex': Entry not found
07-13 09:20:06.725 D/nativeloader( 4632): Configuring clns-5 for other apk /data/app/~~Z-HmI1stqjfbfkWhJgGGiQ==/com.google.android.googlequicksearchbox-QHCqd3nTI1c_r9Njs0kq1w==/base.apk:/data/app/~~Z-HmI1stqjfbfkWhJgGGiQ==/com.google.android.googlequicksearchbox-QHCqd3nTI1c_r9Njs0kq1w==/split_config.xhdpi.apk:/data/app/~~Z-HmI1stqjfbfkWhJgGGiQ==/com.google.android.googlequicksearchbox-QHCqd3nTI1c_r9Njs0kq1w==/split_lens_ondevice_engine_feature_module.apk:/data/app/~~Z-HmI1stqjfbfkWhJgGGiQ==/com.google.android.googlequicksearchbox-QHCqd3nTI1c_r9Njs0kq1w==/split_lens_ondevice_engine_play_ml_module.apk. target_sdk_version=37, uses_libraries=, library_path=/data/app/~~Z-HmI1stqjfbfkWhJgGGiQ==/com.google.android.googlequicksearchbox-QHCqd3nTI1c_r9Njs0kq1w==/lib/arm64:/data/app/~~Z-HmI1stqjfbfkWhJgGGiQ==/com.google.android.googlequicksearchbox-QHCqd3nTI1c_r9Njs0kq1w==/base.apk!/lib/arm64-v8a:/data/app/~~Z-HmI1stqjfbfkWhJgGGiQ==/com.google.android.googlequicksearchbox-QHCqd3nTI1c_r9Njs0kq1w==/split_config.xhdpi.apk!/lib/arm64-v8a:/data/app/~~Z-HmI1stqjfbfk
07-13 09:20:06.727 I/bt_stack(29492): [INFO:le_scanning_manager.cc(162)] Unregister in shim layer, scanner_id:2
07-13 09:20:06.729 D/nativeloader( 4663): Load /data/app/~~x7agDixhM745WRkHibu18g==/com.oremus.catholic.bible.rosary.prayer-aEaJA-GC4oEX3hF4de2tiw==/split_config.arm64_v8a.apk!/lib/arm64-v8a/libpairipcore.so using class loader ns clns-5 (caller=/data/app/~~x7agDixhM745WRkHibu18g==/com.oremus.catholic.bible.rosary.prayer-aEaJA-GC4oEX3hF4de2tiw==/base.apk!classes2.dex): ok
07-13 09:20:06.731 D/C2MtkBufferManager( 1041): over 5000ms not request from VCodec but callback hooked, slow BM Cc fetch thread
07-13 09:20:06.750 W/ActivityTaskManager( 1813): Activity top resumed state loss timeout for ActivityRecord{8061640 u0 com.miui.home/.launcher.Launcher t2}
07-13 09:20:06.752 D/C2MtkBufferManager( 1041): over 5000ms not request from VCodec but callback hooked, slow BM Cc fetch thread
07-13 09:20:06.768 W/ActivityTaskManager( 1813): Activity pause timeout for ActivityRecord{8061640 u0 com.miui.home/.launcher.Launcher t2}
07-13 09:20:06.769 D/PerfMTKStubImpl( 1813): perfLockAcquire
07-13 09:20:06.769 I/mtkpower_client( 1813): perf_lock_acq, hdl:0, dur:400, num:10, pid:1813, tid:1855
07-13 09:20:06.769 W/ServiceManagerCppClient( 1813): Failed to get isDeclared for vendor.mediatek.hardware.mtkpower.IMtkPowerService/default: Status(-1, EX_SECURITY): 'SELinux denied.'
07-13 09:20:06.769 I/mtkpower_client( 1813): IMtkPowerService_isDeclared 0
07-13 09:20:06.770 I/mtkpower_client( 1813): ret_hdl:246213
07-13 09:20:06.770 D/nativeloader( 4632): Load libframework-connectivity-jni.so using APEX ns com_android_tethering for caller /apex/com.android.tethering/javalib/framework-connectivity.jar: ok
07-13 09:20:06.772 I/libPowerHal( 1059): [perfLockAcq] idx:3 hdl:246213 hint:-1 pid:1813 duration:400 lock_user:system_server => ret_hdl:246213
07-13 09:20:06.772 D/C2MtkBufferManager( 1041): over 5000ms not request from VCodec but callback hooked, slow BM Cc fetch thread
07-13 09:20:06.772 I/libPowerHal( 1059): [setGPUFreq] system_server user set gpu freq min:0, max:-1
07-13 09:20:06.772 I/libPowerHal( 1059): system_server: set gpu opp level: 0
07-13 09:20:06.772 I/bt_stack(29492): [INFO:le_scanning_manager.cc(168)] Scan in shim layer stopped
07-13 09:20:06.773 I/libPowerHal( 1059): system_server: set gpu opp level max: 0
07-13 09:20:06.774 I/libPowerHal( 1059): [setGPUFreq] Soft min/max = (0, 0); Hard min/max = (31, 0)
07-13 09:20:06.774 I/libPowerHal( 1059): [setGPUFreq] final min/max = (0, 0)
07-13 09:20:06.774 I/libPowerHal( 1059): system_server: set gpu opp level: 0
07-13 09:20:06.775 I/libPowerHal( 1059): system_server: set gpu opp level max: 0
07-13 09:20:06.775 D/WindowManager( 1813): Collecting in transition 6378: ActivityRecord{a70746e u0 com.skillsroom.mobile/.MainActivity t5360} init visibleRequested:true
07-13 09:20:06.780 I/PowerHalWrapper( 1813): amsBoostNotify pid:4669,activity:com.skillsroom.mobile.MainActivity, package:com.skillsroom.mobile, mProcessCreatePackcom.skillsroom.mobile 
07-13 09:20:06.780 I/PowerHalWrapper( 1813): state: 1 
07-13 09:20:06.780 D/BLASTBufferQueue( 2470): [VRI[Launcher]#1316](f:0,a:1) acquireNextBufferLocked size=720x1600 mFrameNumber=1 applyTransaction=true mTimestamp=623310157972535(auto) mPendingTransactions.size=0 graphicBufferId=10608569235305 transform=0
07-13 09:20:06.781 I/mtkpower_client( 1813): [Legacy][PowerHal_Wrap_notifyAppState] com.skillsroom.mobile/com.skillsroom.mobile.MainActivity pid=4669 state:1
07-13 09:20:06.781 I/libPowerHal( 1059): [perfNotifyAppState] pack:com.skillsroom.mobile, act:com.skillsroom.mobile.MainActivity, state:1, pid:4669, uid:10210, fps:-1
07-13 09:20:06.781 I/libPowerHal( 1059): [perfNotifyAppState] foreground:com.skillsroom.mobile, pid:4669, uid:10210
07-13 09:20:06.782 E/surfaceflinger( 1133): == MALI DEBUG ===eglp_winsys_populate_image_templates ==12288
07-13 09:20:06.782 I/PowerHalWrapper( 1813): amsBoostNotify AMS_BOOST_PROCESS_CREATE_BOOST:true 
07-13 09:20:06.782 D/WindowManager( 1813): Collecting in transition 6378: ActivityRecord{a70746e u0 com.skillsroom.mobile/.MainActivity t5360} init visibleRequested:true
07-13 09:20:06.783 I/UxUtility( 1059): notifyForegroundApp pack:com.skillsroom.mobile, uid:10210
07-13 09:20:06.783 I/TouchUtility( 1059): notifyAppState error = NULL
07-13 09:20:06.783 D/WindowManager( 1813): Set transition=TransitionRecord{84ceb27 id=6378 type=CLOSE flags=0x0}, ready=true, SyncId=6378 
07-13 09:20:06.783 I/mtkpower@impl( 1059): [notifyAppState] pc:1, com.miui.home => com.skillsroom.mobile
07-13 09:20:06.784 D/VRI[Launcher]( 2470): vri.reportDrawFinished
07-13 09:20:06.786 W/Looper  ( 2470): PerfMonitor doFrame : time=418ms vsyncFrame=0 latency=292ms procState=-1 historyMsgCount=1 (msgIndex=1 wall=307ms seq=653857 h=android.app.ActivityThread$H w=159)
07-13 09:20:06.786 W/Looper  ( 2470): PerfMonitor looperActivity : package=com.miui.home/.launcher.Launcher time=0ms latency=548ms  procState=-1  historyMsgCount=2 (msgIndex=1 wall=307ms seq=653857 h=android.app.ActivityThread$H w=159) (msgIndex=2 wall=418ms seq=653858 late=292ms h=android.view.Choreographer$FrameHandler c=android.view.Choreographer$FrameDisplayEventReceiver)
07-13 09:20:06.788 V/GraphicsEnvironment( 4632): Currently set values for:
07-13 09:20:06.788 V/GraphicsEnvironment( 4632):   angle_gl_driver_selection_pkgs=[]
07-13 09:20:06.788 V/GraphicsEnvironment( 4632):   angle_gl_driver_selection_values=[]
07-13 09:20:06.789 V/GraphicsEnvironment( 4632): ANGLE GameManagerService for com.google.android.googlequicksearchbox: false
07-13 09:20:06.790 V/GraphicsEnvironment( 4632): com.google.android.googlequicksearchbox is not listed in per-application setting
07-13 09:20:06.790 V/GraphicsEnvironment( 4632): Neither updatable production driver nor prerelease driver is supported.
07-13 09:20:06.792 D/C2MtkBufferManager( 1041): over 5000ms not request from VCodec but callback hooked, slow BM Cc fetch thread
07-13 09:20:06.793 I/gralloc4( 1133): @set_metadata: update dataspace from GM (0x08010000 -> 0x00000000)
07-13 09:20:06.793 D/MiuiFastConnectService( 2819): handleMessage: MSG_START_BLE_SCAN mode: 0
07-13 09:20:06.793 D/BluetoothAdapter( 2819): isLeEnabled(): ON
07-13 09:20:06.793 D/MiuiFullScreenTaskRepository( 2459): removeFocusedTask displayId=0
07-13 09:20:06.793 I/SmartPower: com.skillsroom.mobile/10210(4669)( 1813): invisible->visible(180ms) R(become visible) adj=905.
07-13 09:20:06.794 D/MiuiFullScreenTaskRepository( 2459): addOrUpdateFullScreenTaskInfo taskId=1, topActivity=ComponentInfo{com.miui.home/com.miui.home.launcher.Launcher}
07-13 09:20:06.794 W/WindowManager( 1813): real show surface Splash Screen com.skillsroom.mobile sc:Surface(name=Splash Screen com.skillsroom.mobile#78128)/@0xefaba83
07-13 09:20:06.795 I/ForceDarkHelperStubImpl( 4632): initialize for com.google.android.googlequicksearchbox , ForceDarkOrigin
07-13 09:20:06.797 I/bt_stack(29492): [INFO:le_scanning_manager.cc(346)] SetScanParameters in shim layer
07-13 09:20:06.797 I/bt_stack(29492): [INFO:le_scanning_manager.cc(346)] SetScanParameters in shim layer
07-13 09:20:06.797 I/bt_stack(29492): [INFO:le_scanning_manager.cc(168)] Scan in shim layer started
07-13 09:20:06.799 I/OpenGLRenderer( 2470): Davey! duration=705ms; Flags=1, FrameTimelineVsyncId=223588868, IntendedVsync=623309457545493, Vsync=623309740898246, InputEventId=0, HandleInputStart=623309751305228, AnimationStart=623309751307997, PerformTraversalsStart=623309751308843, DrawStart=623309899146381, FrameDeadline=623309474545493, FrameInterval=623309749586689, FrameStartTime=16667809, SyncQueued=623309993859381, SyncStart=623309995337151, IssueDrawCommandsStart=623310062625151, SwapBuffers=623310154667381, FrameCompleted=623310164395381, DequeueBufferDuration=31923, QueueBufferDuration=4355769, GpuCompleted=623310158794381, SwapBuffersCompleted=623310164395381, DisplayPresentTime=622552967885182, CommandSubmissionCompleted=623310154667381, 
07-13 09:20:06.805 I/bt_stack(29492): [INFO:le_scanning_manager.cc(155)] RegisterScanner in shim layer
07-13 09:20:06.806 D/[BT]    ( 1032): mtk_bt_op: BT_VND_OP_LPM_WAKE_SET_STATE
07-13 09:20:06.807 D/WindowManager( 1813): Final targets: [Task{6f470f #5360 type=standard A=10210:com.skillsroom.mobile}, Task{5775595 #5359 type=standard A=10210:com.skillsroom.mobile}]
07-13 09:20:06.807 E/BufferQueueDebug( 1133): [Transition Root: Task=5360#78130](this:0xb40000785599ca30,id:-1,api:0,p:-1,c:-1) id info cannot be read from 'Transition Root: Task=5360#78130'
07-13 09:20:06.808 I/BufferQueueDebug( 1133): [Transition Root: Task=5360#78130](this:0xb40000785599ca30,id:-1,api:0,p:-1,c:-1) BufferQueue core=(1133:/system/bin/surfaceflinger)
07-13 09:20:06.808 I/bluetooth(29492): unregister_client: Client unregistered
07-13 09:20:06.808 I/bluetooth(29492): unregister_client: Cancelled address rotation alarm
07-13 09:20:06.808 I/bluetooth(29492): stop_scan: Scanning already stopped, return!
07-13 09:20:06.809 D/BluetoothLeScanner( 2819): onScannerRegistered() - status=0 scannerId=2 mScannerId=0
07-13 09:20:06.811 E/BufferQueueDebug( 1133): [Screenshot Parent#78131](this:0xb40000785b458a30,id:-1,api:0,p:-1,c:-1) id info cannot be read from 'Screenshot Parent#78131'
07-13 09:20:06.811 I/BufferQueueDebug( 1133): [Screenshot Parent#78131](this:0xb40000785b458a30,id:-1,api:0,p:-1,c:-1) BufferQueue core=(1133:/system/bin/surfaceflinger)
07-13 09:20:06.813 D/C2MtkBufferManager( 1041): over 5000ms not request from VCodec but callback hooked, slow BM Cc fetch thread
07-13 09:20:06.814 E/surfaceflinger( 1133): == MALI DEBUG ===eglp_winsys_populate_image_templates ==12288
07-13 09:20:06.819 I/AppScanStats(29492): BLE_SCAN_STATE_CHANGED[2]reportBleScanStarted=false
07-13 09:20:06.819 D/ActivityAttributionService(29492): notifyActivityAttributionInfo UID=1002 packageName=com.android.bluetooth deviceAddress=no_active_device_address
07-13 09:20:06.819 I/bt_btif (29492): get_profile_interface: get_profile_interface: id = activity_attribution
07-13 09:20:06.819 E/bt_stack(29492): [ERROR:com_android_bluetooth_btservice_ActivityAttribution.cpp(172)] Failed to get ActivityAttribution Interface
07-13 09:20:06.819 I/BtGatt.ScanManager(29492): msg.what = MSG_RECORD_CALLER, msg.arg1 = None
07-13 09:20:06.819 I/BtGatt.ScanManager(29492): msg.what = MSG_START_BLE_SCAN, msg.arg1 = None
07-13 09:20:06.820 I/bt_stack(29492): [INFO:le_scanning_manager.cc(268)] ScanFilterEnable in shim layer
07-13 09:20:06.821 I/BufferQueueDebug( 1133): [Screenshot Parent#78131](this:0xb40000785b458a30,id:-1,api:0,p:-1,c:1133) onDestructor()
07-13 09:20:06.821 D/BtGatt.ScanManager(29492): configureScanFilters rssiThreshold: -60, 15
07-13 09:20:06.824 D/WindowManager( 1813): Calling onTransitionReady info={id=6378 t=CLOSE f=0x0 trk=0 r=[0@Point(0, 0)] c=[{WCT{RemoteToken{140e02c Task{6f470f #5360 type=standard A=10210:com.skillsroom.mobile}}} m=OPEN f=MOVE_TO_TOP leash=Surface(name=Task=5360#78125)/@0x1393a7e sb=Rect(0, 0 - 720, 1600) eb=Rect(0, 0 - 720, 1600) d=0},{WCT{RemoteToken{e6be862 Task{5775595 #5359 type=standard A=10210:com.skillsroom.mobile}}} m=CLOSE f=NONE leash=Surface(name=Task=5359#77969)/@0x5429e44 sb=Rect(0, 0 - 720, 1600) eb=Rect(0, 0 - 720, 1600) d=0}] noAni=[false] mk=[true]}, mToken=Token{af50af5 TransitionRecord{84ceb27 id=6378 type=CLOSE flags=0x0}}
07-13 09:20:06.826 I/bluetooth(29492): register_client: Scheduled address rotation for first client registered
07-13 09:20:06.826 I/bluetooth(29492): register_client: Client registered
07-13 09:20:06.828 D/MI-SF   ( 1133): updateScene: module = 268 (Unknown), value = 1, pkg = perf_interaction
07-13 09:20:06.828 D/SurfaceFlinger( 1133): setDesiredDisplayModeSpecs: defaultMode：1 primaryRangesMin:0.000000 primaryRangesMax:90.000000appRequestRangesMin:0.000000 appRequestRangesMax:90.000000
07-13 09:20:06.828 I/RefreshRateSelector( 1133): Display 0 policy changed
07-13 09:20:06.828 I/RefreshRateSelector( 1133): Previous: {defaultModeId=1, allowGroupSwitching=false, primaryRanges={physical=[0.00 Hz, inf Hz], render=[0.00 Hz, 90.00 Hz]}, appRequestRanges={physical=[0.00 Hz, inf Hz], render=[0.00 Hz, 90.00 Hz]}}
07-13 09:20:06.828 I/RefreshRateSelector( 1133): Current:  DisplayManagerPolicy{defaultModeId=1, allowGroupSwitching=false, primaryRanges={physical=[0.00 Hz, inf Hz], render=[0.00 Hz, 90.00 Hz]}, appRequestRanges={physical=[0.00 Hz, inf Hz], render=[0.00 Hz, 90.00 Hz]}}
07-13 09:20:06.828 I/RefreshRateSelector( 1133): 1 mode changes were performed under the previous policy
07-13 09:20:06.829 D/mtk.hal.bt@1.1-impl( 1032): BtHostDebugInfo
07-13 09:20:06.829 D/[BT]    ( 1032): mtk_bt_op: BT_VND_OP_SET_BTHOST
07-13 09:20:06.830 I/BLASTSyncEngine( 1813): finishNow: after onTransactionReady, mSyncId=6378
07-13 09:20:06.830 I/DisplayModeDirectorImpl( 1813): onDesiredDisplayModeSpecsChanged:baseModeId=1 allowGroupSwitching=false primary=physical: (0.0 Infinity) render:  (0.0 90.0) appRequest=physical: (0.0 Infinity) render:  (0.0 90.0) noVotes=true
07-13 09:20:06.832 D/AppObserver( 2470): ForegroundInfo{mForegroundPackageName='com.skillsroom.mobile', mForegroundUid=10210, mForegroundPid=4669, mLastForegroundPackageName='com.miui.home', mLastForegroundUid=10166, mLastForegroundPid=2470, mMultiWindowForegroundPackageName='com.skillsroom.mobile', mMultiWindowForegroundUid=10210, mFlags=1}
07-13 09:20:06.832 D/PerfEngineController( 7233): ForegroundInfo{mForegroundPackageName='com.skillsroom.mobile', mForegroundUid=10210, mForegroundPid=4669, mLastForegroundPackageName='com.miui.home', mLastForegroundUid=10166, mLastForegroundPid=2470, mMultiWindowForegroundPackageName='com.skillsroom.mobile', mMultiWindowForegroundUid=10210, mFlags=1}
07-13 09:20:06.834 D/mtk.hal.bt@1.1-impl( 1032): BtHostDebugInfo
07-13 09:20:06.834 D/[BT]    ( 1032): mtk_bt_op: BT_VND_OP_SET_BTHOST
07-13 09:20:06.834 D/C2MtkBufferManager( 1041): over 5000ms not request from VCodec but callback hooked, slow BM Cc fetch thread
07-13 09:20:06.835 D/MiuiMultiWindowUtils( 1813): DeviceLevel.IS_MIUI_LITE_VERSION 2.0 not support miui multiWindowgale
07-13 09:20:06.837 W/WindowManager( 1813): finishDrawingWindow: Window{52dece7 u0 com.miui.home/com.miui.home.launcher.Launcher} mDrawState=DRAW_PENDING
07-13 09:20:06.837 D/WindowManager( 1813): wms.finishDrawingLocked: mDrawState=COMMIT_DRAW_PENDING Window{52dece7 u0 com.miui.home/com.miui.home.launcher.Launcher} in Surface(name=com.miui.home/com.miui.home.launcher.Launcher#78129)/@0x22a808a
07-13 09:20:06.837 W/Looper  ( 2470): PerfMonitor looperActivity : package=com.miui.home/.launcher.Launcher time=51ms latency=537ms  procState=-1  historyMsgCount=3 (msgIndex=1 wall=307ms seq=653857 h=android.app.ActivityThread$H w=159) (msgIndex=2 wall=418ms seq=653858 late=292ms h=android.view.Choreographer$FrameHandler c=android.view.Choreographer$FrameDisplayEventReceiver)
07-13 09:20:06.838 D/Launcher.Lifecycle( 2470): onPause:UserHandle{0},63f4ca8,false
07-13 09:20:06.838 D/Launcher_UnlockAnimationStateMachine( 2470): onPause = IDLE
07-13 09:20:06.839 D/Launcher_UnlockAnimationStateMachine( 2470): setState:PAUSE_WAIT
07-13 09:20:06.839 D/LauncherAssistantCompatGoogle( 2470): onPause com.google.android.libraries.gsa.launcherclient.LauncherClient@80e5266
07-13 09:20:06.839 D/t1      ( 5491): myUserId = 0	currentUserId0
07-13 09:20:06.842 I/WindowManager( 1813): cancelAnimation removed leash : Surface(name=Surface(name=d59f9dd NavigationBar0#77073)/@0xd8156d9 - animation-leash of insets_animation#78113)/@0x3f1d318
07-13 09:20:06.844 I/bt_stack(29492): [INFO:le_scanning_manager.cc(204)] ScanFilterParamSetup in shim layer
07-13 09:20:06.844 E/BufferQueueDebug( 1133): [Surface(name=d59f9dd NavigationBar0#77073)/@0xd8156d9 - animation-leash of insets_animation#78132](this:0xb40000785b362a30,id:-1,api:0,p:-1,c:-1) id info cannot be read from 'Surface(name=d59f9dd NavigationBar0#77073)/@0xd8156d9 - animation-leash of insets_animation#78132'
07-13 09:20:06.844 I/BufferQueueDebug( 1133): [Surface(name=d59f9dd NavigationBar0#77073)/@0xd8156d9 - animation-leash of insets_animation#78132](this:0xb40000785b362a30,id:-1,api:0,p:-1,c:-1) BufferQueue core=(1133:/system/bin/surfaceflinger)
07-13 09:20:06.846 I/WindowManager( 1813): cancelAnimation removed leash : Surface(name=Surface(name=5a869db StatusBar#93)/@0xba1daa7 - animation-leash of insets_animation#78114)/@0x381b56
07-13 09:20:06.846 I/bt_stack(29492): [INFO:le_scanning_manager.cc(168)] Scan in shim layer stopped
07-13 09:20:06.846 I/bluetooth(29492): unregister_client: Client unregistered
07-13 09:20:06.846 I/bluetooth(29492): unregister_client: Cancelled address rotation alarm
07-13 09:20:06.846 I/bt_stack(29492): [INFO:le_scanning_manager.cc(346)] SetScanParameters in shim layer
07-13 09:20:06.846 I/bt_stack(29492): [INFO:le_scanning_manager.cc(346)] SetScanParameters in shim layer
07-13 09:20:06.847 E/BufferQueueDebug( 1133): [Surface(name=5a869db StatusBar#93)/@0xba1daa7 - animation-leash of insets_animation#78133](this:0xb40000785b407a30,id:-1,api:0,p:-1,c:-1) id info cannot be read from 'Surface(name=5a869db StatusBar#93)/@0xba1daa7 - animation-leash of insets_animation#78133'
07-13 09:20:06.847 I/bt_stack(29492): [INFO:le_scanning_manager.cc(168)] Scan in shim layer started
07-13 09:20:06.847 I/BufferQueueDebug( 1133): [Surface(name=5a869db StatusBar#93)/@0xba1daa7 - animation-leash of insets_animation#78133](this:0xb40000785b407a30,id:-1,api:0,p:-1,c:-1) BufferQueue core=(1133:/system/bin/surfaceflinger)
07-13 09:20:06.847 D/mtk.hal.bt@1.1-impl( 1032): BtHostDebugInfo
07-13 09:20:06.847 D/[BT]    ( 1032): mtk_bt_op: BT_VND_OP_SET_BTHOST
07-13 09:20:06.848 I/bluetooth(29492): stop_scan: Scanning already stopped, return!
07-13 09:20:06.848 I/bluetooth(29492): register_client: Scheduled address rotation for first client registered
07-13 09:20:06.848 I/bluetooth(29492): register_client: Client registered
07-13 09:20:06.850 D/mtk.hal.bt@1.1-impl( 1032): BtHostDebugInfo
07-13 09:20:06.850 D/[BT]    ( 1032): mtk_bt_op: BT_VND_OP_SET_BTHOST
07-13 09:20:06.854 D/C2MtkBufferManager( 1041): over 5000ms not request from VCodec but callback hooked, slow BM Cc fetch thread
07-13 09:20:06.855 E/BufferQueueDebug( 1133): [d348fe9 ActivityRecordInputSink com.skillsroom.mobile/.MainActivity#78134](this:0xb40000785b420a30,id:-1,api:0,p:-1,c:-1) id info cannot be read from 'd348fe9 ActivityRecordInputSink com.skillsroom.mobile/.MainActivity#78134'
07-13 09:20:06.855 I/BufferQueueDebug( 1133): [d348fe9 ActivityRecordInputSink com.skillsroom.mobile/.MainActivity#78134](this:0xb40000785b420a30,id:-1,api:0,p:-1,c:-1) BufferQueue core=(1133:/system/bin/surfaceflinger)
07-13 09:20:06.864 D/nativeloader( 4632): Load libforcedarkimpl.so using system ns (caller=/system_ext/framework/miui-framework.jar): ok
07-13 09:20:06.865 D/OpenGLRenderer( 4632): JNI_OnLoad success
07-13 09:20:06.865 I/MiuiForceDarkConfig( 4632): setConfig density:2.000000, mainRule:0, secondaryRule:0, tertiaryRule:0
07-13 09:20:06.870 W/WindowManager( 1813): Failed to deliver inset control state change to w=Window{3f49006 u0 com.skillsroom.mobile/com.skillsroom.mobile.MainActivity EXITING}
07-13 09:20:06.870 W/WindowManager( 1813): android.os.DeadObjectException
07-13 09:20:06.870 W/WindowManager( 1813): 	at android.os.BinderProxy.transactNative(Native Method)
07-13 09:20:06.870 W/WindowManager( 1813): 	at android.os.BinderProxy.transact(BinderProxy.java:639)
07-13 09:20:06.870 W/WindowManager( 1813): 	at android.view.IWindow$Stub$Proxy.insetsControlChanged(IWindow.java:608)
07-13 09:20:06.870 W/WindowManager( 1813): 	at com.android.server.wm.WindowState.notifyInsetsControlChanged(WindowState.java:4153)
07-13 09:20:06.870 W/WindowManager( 1813): 	at com.android.server.wm.InsetsStateController.lambda$notifyPendingInsetsControlChanged$3(InsetsStateController.java:343)
07-13 09:20:06.870 W/WindowManager( 1813): 	at com.android.server.wm.InsetsStateController.$r8$lambda$8yykPRG1GyNq_J17QvL9d5xANMc(InsetsStateController.java:0)
07-13 09:20:06.870 W/WindowManager( 1813): 	at com.android.server.wm.InsetsStateController$$ExternalSyntheticLambda2.run(D8$$SyntheticClass:2)
07-13 09:20:06.870 W/WindowManager( 1813): 	at com.android.server.wm.WindowAnimator.executeAfterPrepareSurfacesRunnables(WindowAnimator.java:309)
07-13 09:20:06.870 W/WindowManager( 1813): 	at com.android.server.wm.RootWindowContainer.performSurfacePlacementNoTrace(RootWindowContainer.java:905)
07-13 09:20:06.870 W/WindowManager( 1813): 	at com.android.server.wm.RootWindowContainer.performSurfacePlacement(RootWindowContainer.java:847)
07-13 09:20:06.870 W/WindowManager( 1813): 	at com.android.server.wm.WindowSurfacePlacer.performSurfacePlacementLoop(WindowSurfacePlacer.java:200)
07-13 09:20:06.870 W/WindowManager( 1813): 	at com.android.server.wm.WindowSurfacePlacer.performSurfacePlacement(WindowSurfacePlacer.java:149)
07-13 09:20:06.870 W/WindowManager( 1813): 	at com.android.server.wm.WindowSurfacePlacer.performSurfacePlacement(WindowSurfacePlacer.java:138)
07-13 09:20:06.870 W/WindowManager( 1813): 	at com.android.server.wm.WindowSurfacePlacer$Traverser.run(WindowSurfacePlacer.java:80)
07-13 09:20:06.870 W/WindowManager( 1813): 	at android.os.Handler.handleCallback(Handler.java:958)
07-13 09:20:06.870 W/WindowManager( 1813): 	at android.os.Handler.dispatchMessage(Handler.java:99)
07-13 09:20:06.870 W/WindowManager( 1813): 	at android.os.Looper.loopOnce(Looper.java:222)
07-13 09:20:06.870 W/WindowManager( 1813): 	at android.os.Looper.loop(Looper.java:314)
07-13 09:20:06.870 W/WindowManager( 1813): 	at android.os.HandlerThread.run(HandlerThread.java:67)
07-13 09:20:06.870 W/WindowManager( 1813): 	at com.android.server.ServiceThread.run(ServiceThread.java:46)
07-13 09:20:06.875 D/C2MtkBufferManager( 1041): over 5000ms not request from VCodec but callback hooked, slow BM Cc fetch thread
07-13 09:20:06.876 I/MiuiNetworkPolicy( 1813): updateUidState uid = 10210, uidState = 2
07-13 09:20:06.876 D/ActivityManager( 1813): mediaResourceManagerBinder get success
07-13 09:20:06.878 W/Looper  ( 2470): PerfMonitor looperActivity : package=com.miui.home/.launcher.Launcher time=40ms latency=570ms  procState=-1  historyMsgCount=4 (msgIndex=1 wall=307ms seq=653857 h=android.app.ActivityThread$H w=159) (msgIndex=2 wall=418ms seq=653858 late=292ms h=android.view.Choreographer$FrameHandler c=android.view.Choreographer$FrameDisplayEventReceiver) (msgIndex=4 wall=51ms seq=653860 late=537ms h=android.app.ActivityThread$H w=159)
07-13 09:20:06.879 D/isUidValid( 1813): uid = 10210
07-13 09:20:06.879 D/ResourceManagerService( 1289): update package name: com.skillsroom.mobile
