07-13 09:20:10.446 I/DynamiteModule( 4663): Considering local module com.google.android.gms.ads.dynamite:0 and remote module com.google.android.gms.ads.dynamite:261710500
07-13 09:20:10.446 I/DynamiteModule( 4663): Selected remote version of com.google.android.gms.ads.dynamite, version >= 261710500
07-13 09:20:10.446 V/DynamiteModule( 4663): Dynamite loader version >= 2, using loadModule2NoCrashUtils
07-13 09:20:10.448 I/m.android.phone( 2457): Background young concurrent copying GC freed 10MB AllocSpace bytes, 0(0B) LOS objects, 39% free, 17MB/29MB, paused 6.084ms,298us total 98.783ms
07-13 09:20:10.452 E/BufferQueueDebug( 1133): [PopupWindow:f165c39#78146](this:0xb400007855a65a30,id:-1,api:0,p:-1,c:-1) id info cannot be read from 'PopupWindow:f165c39#78146'
07-13 09:20:10.452 I/BufferQueueDebug( 1133): [PopupWindow:f165c39#78146](this:0xb400007855a65a30,id:-1,api:0,p:-1,c:-1) BufferQueue core=(1133:/system/bin/surfaceflinger)
07-13 09:20:10.454 D/LauncherAssistantCompatGoogle( 2470): onStop com.google.android.libraries.gsa.launcherclient.LauncherClient@80e5266
07-13 09:20:10.460 D/C2MtkBufferManager( 1041): over 5000ms not request from VCodec but callback hooked, slow BM Cc fetch thread
07-13 09:20:10.461 I/gralloc4( 2459): @set_metadata: update dataspace from GM (0x00000000 -> 0x08010000)
07-13 09:20:10.468 I/gralloc4( 2459): @set_metadata: update dataspace from GM (0x00000000 -> 0x08010000)
07-13 09:20:10.476 D/BufferQueueConsumer( 4669): [](id:123d00000001,api:0,p:-1,c:4669) connect: controlledByApp=false
07-13 09:20:10.480 I/ForceDarkHelperStubImpl( 4669): setViewRootImplForceDark: false for com.skillsroom.mobile.MainActivity@a2ad8d1, reason: DarkModeEnabled
07-13 09:20:10.480 D/C2MtkBufferManager( 1041): over 5000ms not request from VCodec but callback hooked, slow BM Cc fetch thread
07-13 09:20:10.483 E/OpenGLRenderer( 4669): Unable to match the desired swap behavior.
07-13 09:20:10.486 D/ActivityManager( 1813): getProcessesInErrorState callingUid=10265, CallingPid=4836
07-13 09:20:10.487 I/gralloc4( 2459): @set_metadata: update dataspace from GM (0x00000000 -> 0x08010000)
07-13 09:20:10.490 D/VRI[PopupWindow:f165c39]( 4669): vri.reportNextDraw android.view.ViewRootImpl.performTraversals:4402 android.view.ViewRootImpl.doTraversal:3018 android.view.ViewRootImpl$TraversalRunnable.run:10526 android.view.Choreographer$CallbackRecord.run:1682 android.view.Choreographer$CallbackRecord.run:1691 
07-13 09:20:10.491 D/VRI[PopupWindow:f165c39]( 4669): vri.Setup new sync=wmsSync-VRI[PopupWindow:f165c39]#2
07-13 09:20:10.494 I/MiuiNetworkPolicy( 1813): updateUidState uid = 10174, uidState = 5
07-13 09:20:10.496 I/gralloc4( 2459): @set_metadata: update dataspace from GM (0x00000000 -> 0x08010000)
07-13 09:20:10.497 I/SmartPower: com.whatsapp.w4b/10281(27039)( 1813): background->idle(3008ms) R(broadcast start Intent { act=android.intent.action.BATTERY_CHANGED flg=0x60000010 (has extras) }) adj=227.
07-13 09:20:10.500 D/LauncherOverlay( 3531): setActivityState:0
07-13 09:20:10.501 I/LauncherOverlayCallback( 3531): handleMessage WHAT_ACTIVITY_STATE_CHANGED what：0
07-13 09:20:10.501 D/C2MtkBufferManager( 1041): over 5000ms not request from VCodec but callback hooked, slow BM Cc fetch thread
07-13 09:20:10.504 D/LauncherOverlay.Window( 3531): onStop
07-13 09:20:10.506 I/LauncherOverlayCallback( 3531): handleMessage WHAT_LAUNCHER_STATE what：0
07-13 09:20:10.507 D/LauncherOverlay.Window( 3531): launcherState 0
07-13 09:20:10.507 D/LauncherOverlay.Window( 3531): resumedStateNow 0,resumedStateNew = 0
07-13 09:20:10.509 W/Activity( 2470): PerfMonitor: Slow Operation: Activity com.miui.home/.launcher.Launcher onStop took 102ms
07-13 09:20:10.522 D/C2MtkBufferManager( 1041): over 5000ms not request from VCodec but callback hooked, slow BM Cc fetch thread
07-13 09:20:10.532 D/OpenGLRenderer( 4669): makeCurrent grContext:0xb400007d171439c0 reset mTextureAvailable
07-13 09:20:10.535 D/WindowManager( 1813): setParent old=ActivityRecord{a70746e u0 com.skillsroom.mobile/.MainActivity t5360},new=null,this window=Window{d144559 u0 Splash Screen com.skillsroom.mobile},callers=com.android.server.wm.WindowContainer.removeChild:831 com.android.server.wm.ActivityRecord.removeChild:5163 com.android.server.wm.ActivityRecord.removeChild:458 com.android.server.wm.WindowContainer.removeImmediately:889 com.android.server.wm.WindowState.removeImmediately:2490 com.android.server.wm.WindowState.destroySurface:3581 
07-13 09:20:10.535 E/SettingsPluginCloud( 4886): headsetPlugin empty data
07-13 09:20:10.535 D/BluetoothPluginCloud( 4886): register
07-13 09:20:10.538 D/BluetoothPluginCloud( 4886): parse data
07-13 09:20:10.540 I/htmlviewercloudcontrol( 5190): isStagingEnv:false param =  btpluginfeature  uriMatch = 1
07-13 09:20:10.541 D/TrafficManageService( 5491): onReceive: intent.action = com.android.server.action.NETWORK_STATS_UPDATED
07-13 09:20:10.542 D/MiuiCloudControl( 4886): 1 remote version:16 ,major:2, minor:12, MaxMajor: 2
07-13 09:20:10.542 D/MiuiCloudControl( 4886): 2 Version:14, Major:2, Minor:12
07-13 09:20:10.543 D/MiuiCloudControl( 4886): 2 Version:14, Major:2, Minor:11
07-13 09:20:10.543 D/MiuiCloudControl( 4886): 2 Version:14, Major:2, Minor:10
07-13 09:20:10.543 D/MiuiCloudControl( 4886): 3 remote version:16 ,major:2, minor:12
07-13 09:20:10.543 D/MiuiCloudControl( 4886): updateCloudControlInfo: mLocalFCVersion0remote = 16
07-13 09:20:10.543 D/C2MtkBufferManager( 1041): over 5000ms not request from VCodec but callback hooked, slow BM Cc fetch thread
07-13 09:20:10.547 E/BluetoothPluginCloud( 4886): parseCloudData empty data
07-13 09:20:10.547 I/facebookCheck( 4663): hasFacebook: 
07-13 09:20:10.554 D/TrafficManageService-TrafficSimManager( 5491): notifyByNetChange: gooooo
07-13 09:20:10.556 W/ActivityManagerServiceImpl( 1813): Sending non-protected broadcast miui.bluetooth.MI_TWS_HS_FEATURE_ENABLE from system 4886:com.xiaomi.bluetooth/1002 pkg com.xiaomi.bluetooth. Callers=
07-13 09:20:10.558 E/MiuiCloudControl( 4886): upadteExitValue Exception: org.json.JSONException: No value for is_all_product
07-13 09:20:10.558 D/MiuiCloudControl( 4886): handleLc3Cloud is {"version":"16","buildType":"stable","majorVersion":"2","minorVersion":"12","disabled":"false","autoUpdateData":"true","buildTime":"2020-09-20 01:01:02","useCdn":"true","bucket":"miuibluetooth","delaySyncTime":"1","useFlow":"true","lc3State":"false","process_exit":{"version":"2","state":"enable","buildtime":"2021-03-10 00:00:00","buildtype":["dev","stable"]}}
07-13 09:20:10.559 D/MiuiBleAppReceiver( 4886): action: miui.bluetooth.MI_TWS_HS_FEATURE_ENABLE new state: 10
07-13 09:20:10.559 D/MiuiBleAppReceiver( 4886): bluetooth headset service cloud change: false
07-13 09:20:10.563 D/C2MtkBufferManager( 1041): over 5000ms not request from VCodec but callback hooked, slow BM Cc fetch thread
07-13 09:20:10.565 D/MiuiCloudControl( 4886): handleLc3Cloud failed org.json.JSONException: No value for lc3CGState
07-13 09:20:10.565 D/MiuiCloudControl( 4886): updateCloudControlInfo: rssiThreashold0
07-13 09:20:10.566 D/MiuiCloudControl( 4886): build time: 1600560062, 1727575122
07-13 09:20:10.574 I/BufferQueueDebug( 1133): [Surface(name=d144559 Splash Screen com.skillsroom.mobile#78127)/@0xe67313a - animation-leash of window_animation#78144](this:0xb400007855b75a30,id:-1,api:0,p:-1,c:1133) onDestructor()
07-13 09:20:10.574 I/BufferQueueDebug( 1133): [d144559 Splash Screen com.skillsroom.mobile#78127](this:0xb40000785b33ca30,id:-1,api:0,p:-1,c:1133) onDestructor()
07-13 09:20:10.584 D/C2MtkBufferManager( 1041): over 5000ms not request from VCodec but callback hooked, slow BM Cc fetch thread
07-13 09:20:10.587 D/TrafficManageService-TrafficSimManager( 5491): getMonthDataUsageUsed: new_get = 59880525546
07-13 09:20:10.605 D/C2MtkBufferManager( 1041): over 5000ms not request from VCodec but callback hooked, slow BM Cc fetch thread
07-13 09:20:10.615 I/gralloc4( 2459): @set_metadata: update dataspace from GM (0x00000000 -> 0x08010000)
07-13 09:20:10.619 D/BLASTBufferQueue( 2470): [VRI[Launcher]#1316](f:0,a:1) destructor()
07-13 09:20:10.620 I/BpBinder( 1133): onLastStrongRef automatically unlinking death recipients: 
07-13 09:20:10.621 I/gralloc4( 2459): @set_metadata: update dataspace from GM (0x00000000 -> 0x08010000)
07-13 09:20:10.622 D/BufferQueueConsumer( 2470): [VRI[Launcher]#1316(BLAST Consumer)1316](id:9a600000525,api:0,p:-1,c:2470) disconnect
07-13 09:20:10.623 I/GED     ( 2470): ged_boost_gpu_freq, level 100, eOrigin 2, final_idx 31, oppidx_max 31, oppidx_min 0
07-13 09:20:10.627 D/C2MtkBufferManager( 1041): over 5000ms not request from VCodec but callback hooked, slow BM Cc fetch thread
07-13 09:20:10.627 D/ActivityManager( 1813): getProcessesInErrorState callingUid=10288, CallingPid=19459
07-13 09:20:10.637 I/gralloc4( 2459): @set_metadata: update dataspace from GM (0x00000000 -> 0x08010000)
07-13 09:20:10.639 W/Settings( 2457): Setting airplane_mode_on has moved from android.provider.Settings.System to android.provider.Settings.Global, returning read-only value.
07-13 09:20:10.647 D/C2MtkBufferManager( 1041): over 5000ms not request from VCodec but callback hooked, slow BM Cc fetch thread
07-13 09:20:10.649 D/MobileStatusTracker(1)( 2459): onSignalStrengthsChanged signalStrength=SignalStrength:{mCdma=CellSignalStrengthCdma: cdmaDbm=2147483647 cdmaEcio=2147483647 evdoDbm=2147483647 evdoEcio=2147483647 evdoSnr=2147483647 miuiLevel=0 mOptimizedLevel=0 level=0,mGsm=CellSignalStrengthGsm: rssi=2147483647 ber=2147483647 mTa=2147483647 miuiLevel=0 isNtnMode=false mLevel=0,mWcdma=CellSignalStrengthWcdma: ss=2147483647 ber=2147483647 rscp=2147483647 ecno=2147483647 miuiLevel=0 mOptimizedLevel=0 level=0,mTdscdma=CellSignalStrengthTdscdma: rssi=2147483647 ber=2147483647 rscp=2147483647 miuiLevel=0 mOptimizedLevel=0 level=0,mLte=CellSignalStrengthLte: rssi=-87 rsrp=-97 rsrq=-10 rssnr=18 cqiTableIndex=2147483647 cqi=0 ta=0 miuiLevel=5 mOptimizedLevel=0 level=4 parametersUseForLevel=0,mNr=CellSignalStrengthNr:{ csiRsrp = 2147483647 csiRsrq = 2147483647 csiCqiTableIndex = 2147483647 csiCqiReport = [] ssRsrp = 2147483647 ssRsrq = 2147483647 ssSinr = 2147483647 miuiLevel = 0 mOptimizedLevel = 0 level = 0 parametersUseForLevel = 0 timingAdvance = 2147483647 },primary=CellSignalStrengthLte,mNrAsPrimaryInNrNsa=false}
07-13 09:20:10.654 D/NetworkController.MobileSignalController(1)( 2459): update5GConnectState: false
07-13 09:20:10.654 D/NetworkController.MobileSignalController(1)( 2459): ss use aosp level not 0, 5
07-13 09:20:10.657 D/TelephonyManager( 2457): requestModemActivityInfo: Sending result to app: ModemActivityInfo{ mTimestamp=692410298 mSleepTimeMs=291171349 mIdleTimeMs=82975831 mActivityStatsTechSpecificInfo=[{mRat=UNKNOWN,mFrequencyRange=UNKNOWN,mTxTimeMs[]=[99490, 858024, 16437586, 16825450, 35520472],mRxTimeMs=319992513}]}
07-13 09:20:10.659 W/MiPicks-ProcessObserverV10(21977): onForegroundActivitiesChanged:pid = 2470,activity-uid=10166,foregroundActivities=false
07-13 09:20:10.659 D/Aurogon ( 1813):  uid = 10166 switch to BG
07-13 09:20:10.660 D/PMonitor( 4459):  onForegroundActivitiesChanged:pid = 2470,activity-uid=10166,foregroundActivities=false
07-13 09:20:10.662 W/libc    ( 4632): Access denied finding property "ro.vendor.display.iris_x7.support"
07-13 09:20:10.667 I/GED     ( 4632): ged_boost_gpu_freq, level 100, eOrigin 2, final_idx 31, oppidx_max 31, oppidx_min 0
07-13 09:20:10.667 D/C2MtkBufferManager( 1041): over 5000ms not request from VCodec but callback hooked, slow BM Cc fetch thread
07-13 09:20:10.668 D/isUidValid( 1813): uid = 10166
07-13 09:20:10.670 D/ActivityManager( 1813): getProcessesInErrorState callingUid=10279, CallingPid=443
07-13 09:20:10.673 I/BufferQueueDebug( 1133): [com.miui.home/com.miui.home.launcher.Launcher#78129](this:0xb400007855849a30,id:-1,api:0,p:-1,c:1133) onDestructor()
07-13 09:20:10.688 D/C2MtkBufferManager( 1041): over 5000ms not request from VCodec but callback hooked, slow BM Cc fetch thread
07-13 09:20:10.690 I/MiuiNetworkPolicy( 1813): updateUidState uid = 99051, uidState = 4
07-13 09:20:10.690 I/MiuiNetworkPolicy( 1813): updateUidState uid = 10240, uidState = 4
07-13 09:20:10.692 I/MiuiNetworkPolicy( 1813): updateUidState uid = 10213, uidState = 5
07-13 09:20:10.692 I/MiuiNetworkPolicy( 1813): updateUidState uid = 10175, uidState = 4
07-13 09:20:10.698 D/BoundBrokerSvc( 8414): onBind: Intent { act=com.google.android.gms.appset.service.START dat=chimera-action:/... cmp=com.google.android.gms/.chimera.GmsApiService }
07-13 09:20:10.698 D/BoundBrokerSvc( 8414): Loading bound service for intent: Intent { act=com.google.android.gms.appset.service.START dat=chimera-action:/... cmp=com.google.android.gms/.chimera.GmsApiService }
07-13 09:20:10.702 I/MiuiNetworkPolicy( 1813): updateUidState uid = 10166, uidState = 5
07-13 09:20:10.703 I/MiuiNetworkPolicy( 1813): updateUidState uid = 10161, uidState = 5
07-13 09:20:10.703 I/MiuiNetworkPolicy( 1813): updateUidState uid = 10157, uidState = 4
07-13 09:20:10.708 D/C2MtkBufferManager( 1041): over 5000ms not request from VCodec but callback hooked, slow BM Cc fetch thread
07-13 09:20:10.709 D/BLASTBufferQueue( 4632): [VRI[GoogleDiscoverWindow]#0](f:0,a:1) destructor()
07-13 09:20:10.710 I/BpBinder( 1133): onLastStrongRef automatically unlinking death recipients: 
07-13 09:20:10.710 D/BufferQueueConsumer( 4632): [VRI[GoogleDiscoverWindow]#0(BLAST Consumer)0](id:121800000000,api:0,p:-1,c:4632) disconnect
07-13 09:20:10.723 W/fb4a.AppInitScheduler|Run( 4836): DeadlockMonitor exiting.
07-13 09:20:10.729 D/C2MtkBufferManager( 1041): over 5000ms not request from VCodec but callback hooked, slow BM Cc fetch thread
07-13 09:20:10.744 D/MiuiCloudControl( 4886): local major version: 2, remote major version: 2
07-13 09:20:10.744 D/MiuiCloudControl( 4886): local minor version: 24, remote minor version: 12
07-13 09:20:10.750 D/C2MtkBufferManager( 1041): over 5000ms not request from VCodec but callback hooked, slow BM Cc fetch thread
07-13 09:20:10.772 D/C2MtkBufferManager( 1041): over 5000ms not request from VCodec but callback hooked, slow BM Cc fetch thread
07-13 09:20:10.793 D/C2MtkBufferManager( 1041): over 5000ms not request from VCodec but callback hooked, slow BM Cc fetch thread
07-13 09:20:10.813 D/C2MtkBufferManager( 1041): over 5000ms not request from VCodec but callback hooked, slow BM Cc fetch thread
07-13 09:20:10.818 W/facebook.katana( 4836): JNI RegisterNativeMethods: attempt to register 0 native methods for com.facebook.traffic.nts.providers.reachability.ReachabilityV2ProviderAppLayerUpcallsImpl
07-13 09:20:10.821 D/ConnectivityService( 1813): requestNetwork for uid/pid:10265/4836 activeRequest: null callbackRequest: 77440 [NetworkRequest [ REQUEST id=77441, [ Capabilities: INTERNET&NOT_RESTRICTED&TRUSTED&NOT_VCN_MANAGED Uid: 10265 RequestorUid: 10265 RequestorPkg: com.facebook.katana UnderlyingNetworks: Null] ]] callback flags: 0 order: 2147483647 isUidTracked: false declaredMethods: AVAIL|LOST|NC|LP
07-13 09:20:10.831 D/WifiNetworkFactory( 1813): got request NetworkRequest [ REQUEST id=77441, [ Capabilities: INTERNET&NOT_RESTRICTED&TRUSTED&NOT_VCN_MANAGED Uid: 10265 RequestorUid: 10265 RequestorPkg: com.facebook.katana UnderlyingNetworks: Null] ]
07-13 09:20:10.831 D/UntrustedWifiNetworkFactory( 1813): got request NetworkRequest [ REQUEST id=77441, [ Capabilities: INTERNET&NOT_RESTRICTED&TRUSTED&NOT_VCN_MANAGED Uid: 10265 RequestorUid: 10265 RequestorPkg: com.facebook.katana UnderlyingNetworks: Null] ]
07-13 09:20:10.831 D/OemPaidWifiNetworkFactory( 1813): got request NetworkRequest [ REQUEST id=77441, [ Capabilities: INTERNET&NOT_RESTRICTED&TRUSTED&NOT_VCN_MANAGED Uid: 10265 RequestorUid: 10265 RequestorPkg: com.facebook.katana UnderlyingNetworks: Null] ]
07-13 09:20:10.832 D/MiuiCloudControl( 4886): resource version info bucket: bluetoothencrypt, region: [ALL], delay sync data: 777600000
07-13 09:20:10.834 D/C2MtkBufferManager( 1041): over 5000ms not request from VCodec but callback hooked, slow BM Cc fetch thread
07-13 09:20:10.835 D/ConnectivityService( 1813): NetReassign [77441 : null → 141] [c 0] [a 2] [i 6]
07-13 09:20:10.836 D/MultiInternetWifiNetworkFactory( 1813): got request NetworkRequest [ REQUEST id=77441, [ Capabilities: INTERNET&NOT_RESTRICTED&TRUSTED&NOT_VCN_MANAGED Uid: 10265 RequestorUid: 10265 RequestorPkg: com.facebook.katana UnderlyingNetworks: Null] ]
07-13 09:20:10.845 I/e.rosary.prayer( 4663): Background concurrent copying GC freed 12MB AllocSpace bytes, 143(28MB) LOS objects, 49% free, 8512KB/16MB, paused 9.323ms,348us total 365.781ms
07-13 09:20:10.850 W/Settings( 2457): Setting airplane_mode_on has moved from android.provider.Settings.System to android.provider.Settings.Global, returning read-only value.
07-13 09:20:10.850 D/IdProviderImpl( 4663): getUDID from com.oremus.catholic.bible.rosary.prayer
07-13 09:20:10.852 I/ClipboardServiceI( 1813): checkProviderWakePathForClipboard: primaryClip is null
07-13 09:20:10.854 D/C2MtkBufferManager( 1041): over 5000ms not request from VCodec but callback hooked, slow BM Cc fetch thread
07-13 09:20:10.854 I/SmartPower: com.android.vending/10173(18598)( 1813): background->idle(3002ms) R(service create com.android.vending/com.google.android.finsky.services.LicensingService) adj=200.
07-13 09:20:10.857 D/MobileStatusTracker(5)( 2459): onSignalStrengthsChanged signalStrength=SignalStrength:{mCdma=CellSignalStrengthCdma: cdmaDbm=2147483647 cdmaEcio=2147483647 evdoDbm=2147483647 evdoEcio=2147483647 evdoSnr=2147483647 miuiLevel=0 mOptimizedLevel=0 level=0,mGsm=CellSignalStrengthGsm: rssi=2147483647 ber=2147483647 mTa=2147483647 miuiLevel=0 isNtnMode=false mLevel=0,mWcdma=CellSignalStrengthWcdma: ss=2147483647 ber=2147483647 rscp=2147483647 ecno=2147483647 miuiLevel=0 mOptimizedLevel=0 level=0,mTdscdma=CellSignalStrengthTdscdma: rssi=2147483647 ber=2147483647 rscp=2147483647 miuiLevel=0 mOptimizedLevel=0 level=0,mLte=CellSignalStrengthLte: rssi=-71 rsrp=-82 rsrq=-12 rssnr=16 cqiTableIndex=2147483647 cqi=0 ta=0 miuiLevel=5 mOptimizedLevel=0 level=4 parametersUseForLevel=0,mNr=CellSignalStrengthNr:{ csiRsrp = 2147483647 csiRsrq = 2147483647 csiCqiTableIndex = 2147483647 csiCqiReport = [] ssRsrp = 2147483647 ssRsrq = 2147483647 ssSinr = 2147483647 miuiLevel = 0 mOptimizedLevel = 0 level = 0 parametersUseForLevel = 0 timingAdvance = 2147483647 },primary=CellSignalStrengthLte,mNrAsPrimaryInNrNsa=false}
07-13 09:20:10.857 D/NetworkController.MobileSignalController(5)( 2459): update5GConnectState: false
07-13 09:20:10.858 D/IdProviderImpl( 4663): getOAID from com.oremus.catholic.bible.rosary.prayer
07-13 09:20:10.860 D/NetworkController.MobileSignalController(5)( 2459): ss use aosp level not 0, 5
07-13 09:20:10.863 D/IdProviderImpl( 4663): getVAID from com.oremus.catholic.bible.rosary.prayer
07-13 09:20:10.874 D/C2MtkBufferManager( 1041): over 5000ms not request from VCodec but callback hooked, slow BM Cc fetch thread
07-13 09:20:10.891 I/SmartPower: com.google.android.googlequicksearchbox:googleapp/10174(4632)( 1813): background->idle(4602ms) R(service end com.google.android.googlequicksearchbox/com.google.android.apps.gsa.nowoverlayservice.DrawerOverlayService) adj=800.
07-13 09:20:10.892 D/IdProviderImpl( 4663): getAAID from com.oremus.catholic.bible.rosary.prayer
07-13 09:20:10.895 D/C2MtkBufferManager( 1041): over 5000ms not request from VCodec but callback hooked, slow BM Cc fetch thread
07-13 09:20:10.903 I/CrashHandlerPrint( 4663): 
07-13 09:20:10.904 I/ClipboardServiceI( 1813): checkProviderWakePathForClipboard: primaryClip is null
07-13 09:20:10.907 W/fb4a.InitStatus( 4836): Not blocking Provider (268077815)
07-13 09:20:10.908 W/fb4a.InitStatus( 4836): Not blocking Provider (268077815)
07-13 09:20:10.915 D/C2MtkBufferManager( 1041): over 5000ms not request from VCodec but callback hooked, slow BM Cc fetch thread
07-13 09:20:10.920 I/PlayCore( 4663): UID: [10274]  PID: [4663] SplitInstallListenerRegistry : registerListener
07-13 09:20:10.922 I/PlayCore( 4663): UID: [10274]  PID: [4663] SplitInstallService : deferredLanguageInstall([en, pt, es, de, fr, zh])
07-13 09:20:10.925 I/PlayCore( 4663): UID: [10274]  PID: [4663] SplitInstallService : Initiate binding to the service.
07-13 09:20:10.936 D/C2MtkBufferManager( 1041): over 5000ms not request from VCodec but callback hooked, slow BM Cc fetch thread
07-13 09:20:10.940 D/CompatibilityChangeReporter( 1813): Compat change id reported: 261072174; UID 10265; state: ENABLED
07-13 09:20:10.946 I/lowmemorykiller(  475): Kill 'com.google.process.gservices' (4799), uid 10157, oom_score_adj 915 to free 71684kB rss, 41808kB swap; reason: cw
07-13 09:20:10.947 D/BLASTBufferQueue( 4669): [VRI[PopupWindow:f165c39]#1](f:0,a:1) acquireNextBufferLocked size=720x50 mFrameNumber=1 applyTransaction=true mTimestamp=623314329041536(auto) mPendingTransactions.size=0 graphicBufferId=20053202305032 transform=0
07-13 09:20:10.948 E/surfaceflinger( 1133): == MALI DEBUG ===eglp_winsys_populate_image_templates ==12288
07-13 09:20:10.949 D/VRI[PopupWindow:f165c39]( 4669): vri.reportDrawFinished
07-13 09:20:10.951 W/WindowManager( 1813): finishDrawingWindow: Window{88e5cea u0 PopupWindow:f165c39} mDrawState=DRAW_PENDING
07-13 09:20:10.951 D/WindowManager( 1813): wms.finishDrawingLocked: mDrawState=COMMIT_DRAW_PENDING Window{88e5cea u0 PopupWindow:f165c39} in Surface(name=PopupWindow:f165c39#78146)/@0xd1574b4
07-13 09:20:10.951 W/Looper  ( 4669): PerfMonitor doFrame : time=561ms vsyncFrame=0 latency=434ms procState=-1 historyMsgCount=6 (msgIndex=1 wall=417ms seq=8 late=2002ms h=android.view.Choreographer$FrameHandler c=android.view.Choreographer$FrameDisplayEventReceiver) (msgIndex=4 wall=111ms seq=11 late=492ms h=android.os.Handler c=com.facebook.react.devsupport.DefaultDevLoadingViewImplementation$$ExternalSyntheticLambda0)
07-13 09:20:10.952 W/Adjust  ( 4663): PRODUCTION: Adjust is running in Production mode. Use this setting only for the build that you want to publish. Set the environment to `sandbox` if you want to test your app!
07-13 09:20:10.952 W/Adjust  ( 4663): PRODUCTION: Adjust is running in Production mode. Use this setting only for the build that you want to publish. Set the environment to `sandbox` if you want to test your app!
07-13 09:20:10.952 I/libprocessgroup( 1813): Successfully killed process cgroup uid 10157 pid 4799 in 5ms
07-13 09:20:10.954 W/WindowManager( 1813): real show surface PopupWindow:f165c39 sc:Surface(name=PopupWindow:f165c39#78146)/@0xd1574b4
07-13 09:20:10.956 D/C2MtkBufferManager( 1041): over 5000ms not request from VCodec but callback hooked, slow BM Cc fetch thread
07-13 09:20:10.957 I/gralloc4( 1133): @set_metadata: update dataspace from GM (0x08010000 -> 0x00000000)
07-13 09:20:10.962 I/hwcomposer( 1039): [HWCDisplay] [Display_0 (type:1)] fps:23.930725,dur:1170.04,max:282.52,min:7.04  
07-13 09:20:10.964 I/Finsky  (18598): [2] Connecting InstallListener to SplitInstallService broadcaster...
07-13 09:20:10.964 I/OpenGLRenderer( 4669): Davey! duration=993ms; Flags=1, FrameTimelineVsyncId=223592053, IntendedVsync=623313337745872, Vsync=623313770987174, InputEventId=0, HandleInputStart=623313773635612, AnimationStart=623313773653459, PerformTraversalsStart=623313773666151, DrawStart=623313874664612, FrameDeadline=623313354745872, FrameInterval=623313772160305, FrameStartTime=16663127, SyncQueued=623313913694151, SyncStart=623313914058459, IssueDrawCommandsStart=623313914162689, SwapBuffers=623314327886766, FrameCompleted=623314331162459, DequeueBufferDuration=106769, QueueBufferDuration=634154, GpuCompleted=623314331162459, SwapBuffersCompleted=623314329859074, DisplayPresentTime=0, CommandSubmissionCompleted=623314327886766, 
07-13 09:20:10.973 W/unknown:BridgelessReact( 4669): ReactHost{0}.raiseSoftException(onWindowFocusChange(hasFocus = "true")): Tried to access onWindowFocusChange while context is not ready
07-13 09:20:10.975 D/AndroidAutoSize( 4663): designWidthInDp = 360, designHeightInDp = 640, screenWidth = 720, screenHeight = 1438
07-13 09:20:10.975 D/AndroidAutoSize( 4663): initDensity = 2.0, initScaledDensity = 1.84
07-13 09:20:10.977 D/C2MtkBufferManager( 1041): over 5000ms not request from VCodec but callback hooked, slow BM Cc fetch thread
07-13 09:20:10.979 I/ActivityManager( 1813): Flag disabled. Ignoring finishAttachApplication from uid: 10274. pid: 4663
07-13 09:20:10.981 W/Looper  ( 4663): PerfMonitor longMsg : seq=2 plan=09:20:06.454 late=7ms wall=4519ms h=android.app.ActivityThread$H w=110 procState=-1
07-13 09:20:10.991 E/unknown:ReactHost( 4669): Unhandled SoftException
07-13 09:20:10.991 E/unknown:ReactHost( 4669): com.facebook.react.bridge.ReactNoCrashSoftException: raiseSoftException(onWindowFocusChange(hasFocus = "true")): Tried to access onWindowFocusChange while context is not ready
07-13 09:20:10.991 E/unknown:ReactHost( 4669): 	at com.facebook.react.runtime.ReactHostImpl.raiseSoftException(ReactHostImpl.kt:861)
07-13 09:20:10.991 E/unknown:ReactHost( 4669): 	at com.facebook.react.runtime.ReactHostImpl.raiseSoftException$default(ReactHostImpl.kt:852)
07-13 09:20:10.991 E/unknown:ReactHost( 4669): 	at com.facebook.react.runtime.ReactHostImpl.onWindowFocusChange(ReactHostImpl.kt:625)
07-13 09:20:10.991 E/unknown:ReactHost( 4669): 	at com.facebook.react.ReactDelegate.onWindowFocusChanged(ReactDelegate.kt:232)
07-13 09:20:10.991 E/unknown:ReactHost( 4669): 	at com.facebook.react.ReactActivityDelegate.onWindowFocusChanged(ReactActivityDelegate.java:237)
07-13 09:20:10.991 E/unknown:ReactHost( 4669): 	at expo.modules.ReactActivityDelegateWrapper$onWindowFocusChanged$1.invokeSuspend(ReactActivityDelegateWrapper.kt:320)
07-13 09:20:10.991 E/unknown:ReactHost( 4669): 	at expo.modules.ReactActivityDelegateWrapper$onWindowFocusChanged$1.invoke(ReactActivityDelegateWrapper.kt:8)
07-13 09:20:10.991 E/unknown:ReactHost( 4669): 	at expo.modules.ReactActivityDelegateWrapper$onWindowFocusChanged$1.invoke(ReactActivityDelegateWrapper.kt:4)
07-13 09:20:10.991 E/unknown:ReactHost( 4669): 	at expo.modules.ReactActivityDelegateWrapper$launchLifecycleScopeWithLock$1.invokeSuspend(ReactActivityDelegateWrapper.kt:452)
07-13 09:20:10.991 E/unknown:ReactHost( 4669): 	at kotlin.coroutines.jvm.internal.BaseContinuationImpl.resumeWith(ContinuationImpl.kt:33)
07-13 09:20:10.991 E/unknown:ReactHost( 4669): 	at kotlinx.coroutines.internal.DispatchedContinuationKt.resumeCancellableWith(DispatchedContinuation.kt:375)
07-13 09:20:10.991 E/unknown:ReactHost( 4669): 	at kotlinx.coroutines.intrinsics.CancellableKt.startCoroutineCancellable(Cancellable.kt:26)
07-13 09:20:10.991 E/unknown:ReactHost( 4669): 	at kotlinx.coroutines.CoroutineStart.invoke(CoroutineStart.kt:358)
07-13 09:20:10.991 E/unknown:ReactHost( 4669): 	at kotlinx.coroutines.AbstractCoroutine.start(AbstractCoroutine.kt:134)
07-13 09:20:10.991 E/unknown:ReactHost( 4669): 	at kotlinx.coroutines.BuildersKt__Builders_commonKt.launch(Builders.common.kt:53)
07-13 09:20:10.991 E/unknown:ReactHost( 4669): 	at kotlinx.coroutines.BuildersKt.launch(dex-id-bafbe0e0fb3f4ba855ef5c3c27c4d19abb1209c8:1)
07-13 09:20:10.991 E/unknown:ReactHost( 4669): 	at kotlinx.coroutines.BuildersKt__Builders_commonKt.launch$default(Builders.common.kt:44)
07-13 09:20:10.991 E/unknown:ReactHost( 4669): 	at kotlinx.coroutines.BuildersKt.launch$default(dex-id-bafbe0e0fb3f4ba855ef5c3c27c4d19abb1209c8:1)
07-13 09:20:10.991 E/unknown:ReactHost( 4669): 	at expo.modules.ReactActivityDelegateWrapper.launchLifecycleScopeWithLock(ReactActivityDelegateWrapper.kt:450)
07-13 09:20:10.991 E/unknown:ReactHost( 4669): 	at expo.modules.ReactActivityDelegateWrapper.launchLifecycleScopeWithLock$default(ReactActivityDelegateWrapper.kt:446)
07-13 09:20:10.991 E/unknown:ReactHost( 4669): 	at expo.modules.ReactActivityDelegateWrapper.onWindowFocusChanged(ReactActivityDelegateWrapper.kt:318)
07-13 09:20:10.991 E/unknown:ReactHost( 4669): 	at com.facebook.react.ReactActivity.onWindowFocusChanged(ReactActivity.java:158)
07-13 09:20:10.991 E/unknown:ReactHost( 4669): 	at androidx.appcompat.view.WindowCallbackWrapper.onWindowFocusChanged(WindowCallbackWrapper.java:124)
07-13 09:20:10.991 E/unknown:ReactHost( 4669): 	at com.android.internal.policy.DecorView.onWindowFocusChanged(DecorView.java:1956)
07-13 09:20:10.991 E/unknown:ReactHost( 4669): 	at android.view.View.dispatchWindowFocusChanged(View.java:16183)
07-13 09:20:10.991 E/unknown:ReactHost( 4669): 	at android.view.ViewGroup.dispatchWindowFocusChanged(ViewGroup.java:1528)
07-13 09:20:10.991 E/unknown:ReactHost( 4669): 	at android.view.ViewRootImpl.dispatchFocusEvent(ViewRootImpl.java:4703)
07-13 09:20:10.991 E/unknown:ReactHost( 4669): 	at android.view.ViewRootImpl.handleWindowFocusChanged(ViewRootImpl.java:4607)
07-13 09:20:10.991 E/unknown:ReactHost( 4669): 	at android.view.ViewRootImpl.-$$Nest$mhandleWindowFocusChanged(ViewRootImpl.java:0)
07-13 09:20:10.991 E/unknown:ReactHost( 4669): 	at android.view.ViewRootImpl$ViewRootHandler.handleMessageImpl(ViewRootImpl.java:6879)
07-13 09:20:10.991 E/unknown:ReactHost( 4669): 	at android.view.ViewRootImpl$ViewRootHandler.handleMessage(ViewRootImpl.java:6766)
07-13 09:20:10.991 E/unknown:ReactHost( 4669): 	at android.os.Handler.dispatchMessage(Handler.java:106)
07-13 09:20:10.991 E/unknown:ReactHost( 4669): 	at android.os.Looper.loopOnce(Looper.java:222)
07-13 09:20:10.991 E/unknown:ReactHost( 4669): 	at android.os.Looper.loop(Looper.java:314)
07-13 09:20:10.991 E/unknown:ReactHost( 4669): 	at android.app.ActivityThread.main(ActivityThread.java:8671)
07-13 09:20:10.991 E/unknown:ReactHost( 4669): 	at java.lang.reflect.Method.invoke(Native Method)
07-13 09:20:10.991 E/unknown:ReactHost( 4669): 	at com.android.internal.os.RuntimeInit$MethodAndArgsCaller.run(RuntimeInit.java:565)
07-13 09:20:10.991 E/unknown:ReactHost( 4669): 	at com.android.internal.os.ZygoteInit.main(ZygoteInit.java:1081)
07-13 09:20:10.992 I/HandWritingStubImpl( 4669): refreshLastKeyboardType: 1
07-13 09:20:10.995 I/HandWritingStubImpl( 4669): getCurrentKeyboardType: 1
07-13 09:20:10.996 D/ActivityManager( 1813): getProcessesInErrorState callingUid=10265, CallingPid=4836
07-13 09:20:10.997 D/C2MtkBufferManager( 1041): over 5000ms not request from VCodec but callback hooked, slow BM Cc fetch thread
07-13 09:20:10.998 I/MiuiNetworkPolicy( 1813): updateUidState uid = 10157, uidState = 3
07-13 09:20:10.998 I/ClipboardServiceI( 1813): checkProviderWakePathForClipboard: primaryClip is null
07-13 09:20:10.999 I/M-ProMotion( 4663): M-ProMotion is disabled
07-13 09:20:11.003 D/CompatibilityChangeReporter( 1813): Compat change id reported: 214016041; UID 10210; state: ENABLED
07-13 09:20:11.004 I/ActivityManager( 1813): Process com.google.process.gservices (pid 4799) has died: cch+15 CEM 
07-13 09:20:11.004 I/Zygote  ( 1023): Process 4799 exited due to signal 9 (Killed)
07-13 09:20:11.005 E/ProcessManager( 1813): error write exception log
07-13 09:20:11.005 W/MiPicks-ProcessObserverV10(21977): onProcessDied:pid = 4799,died-uid=10157
07-13 09:20:11.005 I/IPCThreadState( 4459): oneway function results for code 3 on binder at 0xb400007cb4ffdc20 will be dropped but finished with status UNKNOWN_TRANSACTION
07-13 09:20:11.008 I/mtkpower_client( 1813): [Legacy][PowerHal_Wrap_notifyAppState] com.google.android.gsf/com.google.android.gsf pid=4799 state:3
07-13 09:20:11.008 I/libprocessgroup( 1813): Successfully killed process cgroup uid 10157 pid 4799 in 0ms
07-13 09:20:11.009 I/libPowerHal( 1059): [perfNotifyAppState] pack:com.google.android.gsf, act:com.google.android.gsf, state:3, pid:4799, uid:10157, fps:-1
07-13 09:20:11.009 I/libPowerHal( 1059): [perfNotifyAppState] pack:com.google.android.gsf, pid:4799, STATE_DEAD
07-13 09:20:11.009 D/RilUtility( 1059): notify_rild_crash_pid_set certPid:-1, crash:4799, scn:0x0
07-13 09:20:11.013 I/encryption( 4663): getLocalTPOpenResponse: false
07-13 09:20:11.015 I/ImeTracker( 1813): com.skillsroom.mobile:e2ef6add: onRequestHide at ORIGIN_SERVER_HIDE_INPUT reason HIDE_UNSPECIFIED_WINDOW
07-13 09:20:11.015 I/ImeTracker( 1813): com.skillsroom.mobile:e2ef6add: onCancelled at PHASE_SERVER_SHOULD_HIDE
07-13 09:20:11.015 D/MirrorManager( 7233):  sendAcceptInput 0 0
07-13 09:20:11.018 D/C2MtkBufferManager( 1041): over 5000ms not request from VCodec but callback hooked, slow BM Cc fetch thread
07-13 09:20:11.019 D/MI-SF   ( 1133): updateScene: module = 270 (Unknown), value = 0, pkg = com.skillsroom.mobile
07-13 09:20:11.034 I/FontLog (10100): (REDACTED) Received query %s, URI %s
07-13 09:20:11.034 I/FontLog (10100): (REDACTED) Query [%s] resolved to %s
07-13 09:20:11.038 D/C2MtkBufferManager( 1041): over 5000ms not request from VCodec but callback hooked, slow BM Cc fetch thread
07-13 09:20:11.041 D/VRI[PopupWindow:f165c39]( 4669): vri.reportNextDraw android.view.ViewRootImpl.handleResized:2321 android.view.ViewRootImpl.-$$Nest$mhandleResized:0 android.view.ViewRootImpl$ViewRootHandler.handleMessageImpl:6797 android.view.ViewRootImpl$ViewRootHandler.handleMessage:6766 android.os.Handler.dispatchMessage:106 
07-13 09:20:11.041 D/CompatibilityChangeReporter( 1813): Compat change id reported: 135634846; UID 10203; state: DISABLED
07-13 09:20:11.042 D/CompatibilityChangeReporter( 1813): Compat change id reported: 177438394; UID 10203; state: DISABLED
07-13 09:20:11.042 D/CompatibilityChangeReporter( 1813): Compat change id reported: 135772972; UID 10203; state: DISABLED
07-13 09:20:11.042 I/Choreographer( 4669): Skipped 33 frames!  The application may be doing too much work on its main thread.
07-13 09:20:11.042 D/CompatibilityChangeReporter( 1813): Compat change id reported: 135754954; UID 10203; state: ENABLED
07-13 09:20:11.042 D/CompatibilityChangeReporter( 1813): Compat change id reported: 143937733; UID 10203; state: ENABLED
07-13 09:20:11.046 D/VRI[PopupWindow:f165c39]( 4669): vri.Setup new sync=wmsSync-VRI[PopupWindow:f165c39]#4
07-13 09:20:11.050 D/VRI[PopupWindow:f165c39]( 4669): vri.reportDrawFinished
07-13 09:20:11.052 W/WindowManager( 1813): finishDrawingWindow: Window{88e5cea u0 PopupWindow:f165c39} mDrawState=HAS_DRAWN
07-13 09:20:11.052 W/Looper  ( 4669): PerfMonitor doFrame : time=10ms vsyncFrame=0 latency=552ms procState=-1 historyMsgCount=7 (msgIndex=1 wall=561ms seq=14 late=434ms h=android.view.Choreographer$FrameHandler c=android.view.Choreographer$FrameDisplayEventReceiver) (msgIndex=5 wall=66ms seq=18 late=588ms h=android.view.ViewRootImpl$ViewRootHandler w=6)
07-13 09:20:11.058 I/TradPlusLog( 4663): Start SDK Init,versionCode：15.6.0.1
07-13 09:20:11.059 D/C2MtkBufferManager( 1041): over 5000ms not request from VCodec but callback hooked, slow BM Cc fetch thread
07-13 09:20:11.059 D/MiuiAppCertUtil( 4886): clean app  com.shanghaigm.mychevy ---- false
07-13 09:20:11.059 D/MiuiAppCertUtil( 4886): clean app  com.mi.earphone ---- false
07-13 09:20:11.059 D/MiuiAppCertUtil( 4886): clean app  com.cloudy.linglingbang ---- false
07-13 09:20:11.059 D/MiuiAppCertUtil( 4886): clean app  com.yadea.smartmoto ---- false
07-13 09:20:11.059 D/MiuiAppCertUtil( 4886): clean app  com.niutron.cloud ---- false
07-13 09:20:11.059 D/MiuiAppCertUtil( 4886): clean app  com.buick ---- false
07-13 09:20:11.060 D/MiuiAppCertUtil( 4886): clean app  com.svw.sc.mos ---- false
07-13 09:20:11.060 D/MiuiAppCertUtil( 4886): clean app  com.mi.health ---- false
07-13 09:20:11.060 D/MiuiAppCertUtil( 4886): clean app  com.jetour.zongheng ---- false
07-13 09:20:11.060 D/MiuiAppCertUtil( 4886): clean app  com.cfmoto ---- false
07-13 09:20:11.060 D/MiuiAppCertUtil( 4886): clean app  com.chery.exeed ---- false
07-13 09:20:11.060 D/MiuiAppCertUtil( 4886): clean app  com.chehejia.oc.m01 ---- false
07-13 09:20:11.060 D/MiuiAppCertUtil( 4886): clean app  com.dfpv.app.sdffs ---- false
07-13 09:20:11.060 D/MiuiAppCertUtil( 4886): clean app  com.saicmotor.tocapp ---- false
07-13 09:20:11.060 D/MiuiAppCertUtil( 4886): clean app  com.chery.iCarProdAndroid ---- false
07-13 09:20:11.060 D/MiuiAppCertUtil( 4886): clean app  com.dahua.leapmotor ---- false
07-13 09:20:11.060 D/MiuiAppCertUtil( 4886): clean app  com.lynkco.customer ---- false
07-13 09:20:11.060 D/MiuiAppCertUtil( 4886): clean app  cn.com.changan.cvim ---- false
07-13 09:20:11.060 D/MiuiAppCertUtil( 4886): clean app  com.immotors.lapp ---- false
07-13 09:20:11.060 D/MiuiAppCertUtil( 4886): clean app  cn.ninebot.ninebot ---- false
07-13 09:20:11.060 D/MiuiAppCertUtil( 4886): clean app  com.xiaomi.wearable ---- false
07-13 09:20:11.060 D/MiuiAppCertUtil( 4886): clean app  com.shanghaigm.android.mycadillac ---- false
07-13 09:20:11.060 D/MiuiAppCertUtil( 4886): clean app  com.miui.tsmclient ---- false
07-13 09:20:11.060 D/MiuiAppCertUtil( 4886): clean app  com.teslamotors.tesla ---- false
07-13 09:20:11.060 D/MiuiAppCertUtil( 4886): clean app  com.lxt.cfmoto ---- false
07-13 09:20:11.060 I/GoogleInputMethodService( 4463): GoogleInputMethodService.onFinishInput():2259 
07-13 09:20:11.060 D/MiuiAppCertUtil( 4886): clean app  android.uid.nfc:1027 ---- false
07-13 09:20:11.060 D/MiuiAppCertUtil( 4886): clean app  com.shanghaigm.nev.mycadillac ---- false
07-13 09:20:11.060 D/MiuiAppCertUtil( 4886): clean app  com.trustkernel.kpp.app ---- false
07-13 09:20:11.060 D/MiuiAppCertUtil( 4886): clean app  com.mi.car.mobile ---- false
07-13 09:20:11.060 D/MiuiAppCertUtil( 4886): clean app  com.geely.consumer ---- false
07-13 09:20:11.060 D/MiuiAppCertUtil( 4886): clean app  com.digitalmall.chery ---- false
07-13 09:20:11.060 D/MiuiAppCertUtil( 4886): clean app  com.xiaomi.superhexa ---- false
07-13 09:20:11.060 D/MiuiAppCertUtil( 4886): clean app  com.geely.newenergy ---- false
07-13 09:20:11.060 D/MiuiAppCertUtil( 4886): clean app  com.xiaopeng.mycarinfo ---- false
07-13 09:20:11.060 D/MiuiAppCertUtil( 4886): clean app  com.dfmc.m ---- false
07-13 09:20:11.060 D/MiuiAppCertUtil( 4886): clean app  com.chery.icar ---- false
07-13 09:20:11.060 D/MiuiAppCertUtil( 4886): clean app  com.zeekrlife.mobile ---- false
07-13 09:20:11.060 D/MiuiAppCertUtil( 4886): clean app  com.saicmaxus.maxuslife ---- false
07-13 09:20:11.060 D/MiuiAppCertUtil( 4886): clean app  com.saicmotor.mg ---- false
07-13 09:20:11.060 D/MiuiAppCertUtil( 4886): clean app  com.geelygalaxy.customer ---- false
07-13 09:20:11.060 D/MiuiAppCertUtil( 4886): clean app  com.xiaomi.digitalkey ---- false
07-13 09:20:11.060 D/MiuiAppCertUtil( 4886): clean app  deepal.com.cn.app ---- false
07-13 09:20:11.060 D/MiuiAppCertUtil( 4886): clean app  com.qinggan.app.arielapp ---- false
07-13 09:20:11.060 D/MiuiAppCertUtil( 4886): clean app  com.dfcyc.app.dffs ---- false
07-13 09:20:11.060 D/MiuiNearbyService( 4886): parse com.qinggan.app.arielapp
07-13 09:20:11.060 D/MiuiAppCertUtil( 4886): addWhiteListApp: com.qinggan.app.arielapp
07-13 09:20:11.061 D/MiuiNearbyService( 4886): parse cn.ninebot.ninebot
07-13 09:20:11.061 D/MiuiAppCertUtil( 4886): addWhiteListApp: cn.ninebot.ninebot
07-13 09:20:11.061 D/MiuiNearbyService( 4886): parse com.xiaomi.wearable
07-13 09:20:11.061 D/MiuiAppCertUtil( 4886): addWhiteListApp: com.xiaomi.wearable
07-13 09:20:11.061 D/MiuiNearbyService( 4886): parse cn.com.changan.cvim
07-13 09:20:11.061 D/MiuiAppCertUtil( 4886): addWhiteListApp: cn.com.changan.cvim
07-13 09:20:11.061 D/MiuiNearbyService( 4886): parse com.saicmotor.tocapp
07-13 09:20:11.061 D/MiuiAppCertUtil( 4886): addWhiteListApp: com.saicmotor.tocapp
07-13 09:20:11.062 D/MiuiNearbyService( 4886): parse com.trustkernel.kpp.app
07-13 09:20:11.062 D/MiuiAppCertUtil( 4886): addWhiteListApp: com.trustkernel.kpp.app
07-13 09:20:11.062 D/MiuiNearbyService( 4886): parse com.saicmaxus.maxuslife
07-13 09:20:11.062 D/MiuiAppCertUtil( 4886): addWhiteListApp: com.saicmaxus.maxuslife
07-13 09:20:11.062 D/MiuiNearbyService( 4886): parse com.xiaopeng.mycarinfo
07-13 09:20:11.062 D/MiuiAppCertUtil( 4886): addWhiteListApp: com.xiaopeng.mycarinfo
07-13 09:20:11.062 D/MiuiNearbyService( 4886): parse com.chehejia.oc.m01
07-13 09:20:11.062 D/MiuiAppCertUtil( 4886): addWhiteListApp: com.chehejia.oc.m01
07-13 09:20:11.062 D/MiuiNearbyService( 4886): parse com.teslamotors.tesla
07-13 09:20:11.062 D/MiuiAppCertUtil( 4886): addWhiteListApp: com.teslamotors.tesla
07-13 09:20:11.062 D/MiuiNearbyService( 4886): parse com.zeekrlife.mobile
07-13 09:20:11.062 D/MiuiAppCertUtil( 4886): addWhiteListApp: com.zeekrlife.mobile
07-13 09:20:11.063 D/MiuiNearbyService( 4886): parse com.saicmotor.mg
07-13 09:20:11.063 D/MiuiAppCertUtil( 4886): addWhiteListApp: com.saicmotor.mg
07-13 09:20:11.063 D/MiuiNearbyService( 4886): parse com.immotors.lapp
07-13 09:20:11.063 D/MiuiAppCertUtil( 4886): addWhiteListApp: com.immotors.lapp
07-13 09:20:11.063 D/MiuiNearbyService( 4886): parse com.cfmoto
07-13 09:20:11.063 D/MiuiAppCertUtil( 4886): addWhiteListApp: com.cfmoto
07-13 09:20:11.063 D/MiuiNearbyService( 4886): parse com.geely.consumer
07-13 09:20:11.063 D/MiuiAppCertUtil( 4886): addWhiteListApp: com.geely.consumer
07-13 09:20:11.063 D/MiuiNearbyService( 4886): parse com.mi.health
07-13 09:20:11.063 D/MiuiAppCertUtil( 4886): addWhiteListApp: com.mi.health
07-13 09:20:11.063 D/MiuiNearbyService( 4886): parse com.cloudy.linglingbang
07-13 09:20:11.063 D/MiuiAppCertUtil( 4886): addWhiteListApp: com.cloudy.linglingbang
07-13 09:20:11.063 D/MiuiNearbyService( 4886): parse com.xiaomi.digitalkey
07-13 09:20:11.064 D/MiuiAppCertUtil( 4886): addWhiteListApp: com.xiaomi.digitalkey
07-13 09:20:11.064 D/MiuiNearbyService( 4886): parse com.lxt.cfmoto
07-13 09:20:11.064 D/MiuiAppCertUtil( 4886): addWhiteListApp: com.lxt.cfmoto
07-13 09:20:11.064 D/MiuiNearbyService( 4886): parse com.lynkco.customer
07-13 09:20:11.064 D/MiuiAppCertUtil( 4886): addWhiteListApp: com.lynkco.customer
07-13 09:20:11.064 I/mtkpower@impl( 1059): [setMode] type:5, enabled:0
07-13 09:20:11.064 D/MiuiNearbyService( 4886): parse com.niutron.cloud
07-13 09:20:11.064 D/MiuiAppCertUtil( 4886): addWhiteListApp: com.niutron.cloud
07-13 09:20:11.064 D/MiuiNearbyService( 4886): parse com.geely.newenergy
07-13 09:20:11.064 D/MiuiAppCertUtil( 4886): addWhiteListApp: com.geely.newenergy
07-13 09:20:11.064 I/HandWritingStubImpl( 4669): getCurrentKeyboardType: 1
07-13 09:20:11.064 D/MiuiNearbyService( 4886): parse com.dfmc.m
07-13 09:20:11.064 D/MiuiAppCertUtil( 4886): addWhiteListApp: com.dfmc.m
07-13 09:20:11.064 D/MiuiNearbyService( 4886): parse com.dfcyc.app.dffs
07-13 09:20:11.064 D/MiuiAppCertUtil( 4886): addWhiteListApp: com.dfcyc.app.dffs
07-13 09:20:11.065 D/MiuiNearbyService( 4886): parse com.dfpv.app.sdffs
07-13 09:20:11.065 I/PowerHalWrapper( 1813): amsBoostStop AMS_BOOST_PACK_SWITCH:false, AMS_BOOST_ACT_SWITCH:false, AMS_BOOST_PROCESS_CREATE:false 
07-13 09:20:11.065 D/MiuiAppCertUtil( 4886): addWhiteListApp: com.dfpv.app.sdffs
07-13 09:20:11.065 D/MiuiNearbyService( 4886): parse com.mi.car.mobile
07-13 09:20:11.065 D/MiuiAppCertUtil( 4886): addWhiteListApp: com.mi.car.mobile
07-13 09:20:11.065 D/MiuiNearbyService( 4886): parse android.uid.nfc:1027
07-13 09:20:11.065 D/MiuiAppCertUtil( 4886): addWhiteListApp: android.uid.nfc:1027
07-13 09:20:11.065 D/MiuiNearbyService( 4886): parse com.chery.exeed
07-13 09:20:11.065 D/MiuiAppCertUtil( 4886): addWhiteListApp: com.chery.exeed
07-13 09:20:11.065 D/MiuiNearbyService( 4886): parse com.chery.iCarProdAndroid
07-13 09:20:11.066 D/MiuiAppCertUtil( 4886): addWhiteListApp: com.chery.iCarProdAndroid
07-13 09:20:11.066 D/MiuiNearbyService( 4886): parse deepal.com.cn.app
07-13 09:20:11.066 D/MiuiAppCertUtil( 4886): addWhiteListApp: deepal.com.cn.app
07-13 09:20:11.066 D/MiuiNearbyService( 4886): parse com.dahua.leapmotor
07-13 09:20:11.066 D/MiuiAppCertUtil( 4886): addWhiteListApp: com.dahua.leapmotor
07-13 09:20:11.066 D/MiuiNearbyService( 4886): parse com.xiaomi.digitalkey
07-13 09:20:11.066 D/MiuiAppCertUtil( 4886): addWhiteListApp: com.xiaomi.digitalkey
07-13 09:20:11.067 D/MiuiNearbyService( 4886): parse com.geelygalaxy.customer
07-13 09:20:11.067 D/MiuiAppCertUtil( 4886): addWhiteListApp: com.geelygalaxy.customer
07-13 09:20:11.067 I/cr_AppResProvider( 4663): #getApplicationRestrictionsFromUserManager() Bundle[EMPTY_PARCEL]
07-13 09:20:11.067 I/cr_PolicyProvider( 4663): #notifySettingsAvailable() 0
07-13 09:20:11.067 I/cr_CombinedPProvider( 4663): #onSettingsAvailable() 0
07-13 09:20:11.067 D/MiuiNearbyService( 4886): parse com.buick
07-13 09:20:11.067 I/cr_CombinedPProvider( 4663): #flushPolicies()
07-13 09:20:11.067 D/MiuiAppCertUtil( 4886): addWhiteListApp: com.buick
07-13 09:20:11.067 D/MiuiNearbyService( 4886): parse com.shanghaigm.android.mycadillac
07-13 09:20:11.067 D/MiuiAppCertUtil( 4886): addWhiteListApp: com.shanghaigm.android.mycadillac
07-13 09:20:11.067 D/MiuiNearbyService( 4886): parse com.shanghaigm.nev.mycadillac
07-13 09:20:11.067 D/MiuiAppCertUtil( 4886): addWhiteListApp: com.shanghaigm.nev.mycadillac
07-13 09:20:11.067 D/MiuiNearbyService( 4886): parse com.shanghaigm.mychevy
07-13 09:20:11.067 D/MiuiAppCertUtil( 4886): addWhiteListApp: com.shanghaigm.mychevy
07-13 09:20:11.068 D/MiuiNearbyService( 4886): parse com.chery.icar
07-13 09:20:11.068 D/MiuiAppCertUtil( 4886): addWhiteListApp: com.chery.icar
07-13 09:20:11.068 D/MiuiNearbyService( 4886): parse com.yadea.smartmoto
07-13 09:20:11.068 D/MiuiAppCertUtil( 4886): addWhiteListApp: com.yadea.smartmoto
07-13 09:20:11.068 D/MiuiNearbyService( 4886): parse com.miui.tsmclient
07-13 09:20:11.068 D/MiuiAppCertUtil( 4886): addWhiteListApp: com.miui.tsmclient
07-13 09:20:11.068 D/MiuiNearbyService( 4886): parse com.xiaomi.superhexa
07-13 09:20:11.068 D/MiuiAppCertUtil( 4886): addWhiteListApp: com.xiaomi.superhexa
07-13 09:20:11.068 D/MiuiNearbyService( 4886): parse com.digitalmall.chery
07-13 09:20:11.068 D/MiuiAppCertUtil( 4886): addWhiteListApp: com.digitalmall.chery
07-13 09:20:11.068 D/MiuiNearbyService( 4886): parse com.jetour.zongheng
07-13 09:20:11.068 D/MiuiAppCertUtil( 4886): addWhiteListApp: com.jetour.zongheng
07-13 09:20:11.068 D/MiuiNearbyService( 4886): parse com.mi.earphone
07-13 09:20:11.069 D/MiuiAppCertUtil( 4886): addWhiteListApp: com.mi.earphone
07-13 09:20:11.069 D/MiuiNearbyService( 4886): parse com.svw.sc.mos
07-13 09:20:11.069 D/MiuiAppCertUtil( 4886): addWhiteListApp: com.svw.sc.mos
07-13 09:20:11.069 D/Zygote  ( 1023): Forked child process 5306
07-13 09:20:11.070 I/libPowerHal( 1059): [perfLockRel] hdl:246210, idx:6
07-13 09:20:11.074 I/ActivityManager( 1813): Start proc 5306:com.milink.service/u0a203 for service {com.milink.service/com.milink.ui.service.MiLinkTileService} caller=com.android.systemui
07-13 09:20:11.075 I/MiuiNetworkPolicy( 1813): updateUidState uid = 10203, uidState = 19
07-13 09:20:11.076 I/Module  ( 4463): DeviceLockedStatusModuleProvider$Module.updateDeviceLockedStatus():103 repeatCheckTimes = 0, locked = false
07-13 09:20:11.079 D/C2MtkBufferManager( 1041): over 5000ms not request from VCodec but callback hooked, slow BM Cc fetch thread
07-13 09:20:11.081 E/Zygote  ( 5306): process_name_ptr:5306 com.milink.service
07-13 09:20:11.081 I/WindowManager( 1813): cancelAnimation removed leash : Surface(name=Surface(name=143addc InputMethod#139)/@0x3f7a46b - animation-leash of insets_animation#78135)/@0xdf15e02
07-13 09:20:11.083 E/BufferQueueDebug( 1133): [Surface(name=143addc InputMethod#139)/@0x3f7a46b - animation-leash of insets_animation#78147](this:0xb400007855ab2a30,id:-1,api:0,p:-1,c:-1) id info cannot be read from 'Surface(name=143addc InputMethod#139)/@0x3f7a46b - animation-leash of insets_animation#78147'
07-13 09:20:11.083 I/BufferQueueDebug( 1133): [Surface(name=143addc InputMethod#139)/@0x3f7a46b - animation-leash of insets_animation#78147](this:0xb400007855ab2a30,id:-1,api:0,p:-1,c:-1) BufferQueue core=(1133:/system/bin/surfaceflinger)
07-13 09:20:11.094 I/GoogleInputMethodService( 4463): GoogleInputMethodService.onStartInput():1446 onStartInput(EditorInfo{EditorInfo{packageName=com.skillsroom.mobile, inputType=0, inputTypeString=NULL, enableLearning=false, autoCorrection=false, autoComplete=false, imeOptions=0, privateImeOptions=null, actionName=UNSPECIFIED, actionLabel=null, initialSelStart=-1, initialSelEnd=-1, initialCapsMode=0, label=null, fieldId=0, fieldName=null, extras=Bundle[mParcelledData.dataSize=72], hintText=null, hintLocales=[]}}, false)
07-13 09:20:11.097 I/AndroidIME( 4463): LatinIMEBase.updateInputViewCoverNavigation():322 Update input view padding, isNavbarOverInputWindow=false, bottom inset=94
07-13 09:20:11.099 D/SessionLifecycleService( 4663): Service bound to new client on process 4663
07-13 09:20:11.100 D/C2MtkBufferManager( 1041): over 5000ms not request from VCodec but callback hooked, slow BM Cc fetch thread
07-13 09:20:11.102 D/FramePredict( 4663): FramePredict init: true
07-13 09:20:11.102 I/Choreographer( 4663): Skipped 186 frames!  The application may be doing too much work on its main thread.
07-13 09:20:11.105 I/Module  ( 4463): DeviceLockedStatusModuleProvider$Module.updateDeviceLockedStatus():103 repeatCheckTimes = 1, locked = false
07-13 09:20:11.106 I/CameraManagerGlobal( 4663): Connecting to camera service
07-13 09:20:11.107 W/Looper  ( 4663): PerfMonitor doFrame : time=3ms vsyncFrame=0 latency=3107ms procState=-1 historyMsgCount=10 (msgIndex=1 wall=4519ms seq=2 late=7ms h=android.app.ActivityThread$H w=110)
07-13 09:20:11.107 D/LicenseClient( 4663): Conn