07-13 09:20:09.119 D/AIVS    ( 4886): BluetoothPair:PairBtDeviceThread start..
07-13 09:20:09.119 D/AIVS    ( 4886): BluetoothPair:-PairBtDeviceThread- mPairTaskQueue is empty, wait ...
07-13 09:20:09.123 D/BluetoothA2dp( 4886): Binding service...
07-13 09:20:09.123 D/C2MtkBufferManager( 1041): over 5000ms not request from VCodec but callback hooked, slow BM Cc fetch thread
07-13 09:20:09.124 D/CompatibilityChangeReporter( 4836): Compat change id reported: 289878283; UID 10265; state: ENABLED
07-13 09:20:09.124 W/AppInitScheduler|Run( 4836):   Finished InitExecutors in 127ms
07-13 09:20:09.124 W/AppInitScheduler|Schedule( 4836):   Executing 427:StringResourcesDelegate
07-13 09:20:09.124 W/AppInitScheduler|Schedule( 4836):   Executing 404:RunPerfMarkers
07-13 09:20:09.124 W/AppInitScheduler|Schedule( 4836):   Executing 208:InitLacrimaLaterInit
07-13 09:20:09.124 W/AppInitScheduler|Schedule( 4836):   Executing 227:InitSurfaces
07-13 09:20:09.126 W/AppInitScheduler|Run( 4836): Running StringResourcesDelegate [*], order=31, priorityHint=HIGH 
07-13 09:20:09.127 W/AppInitScheduler|Run( 4836):   Finished FbMCPPluginInitializer in 13ms
07-13 09:20:09.127 W/AppInitScheduler|Run( 4836): Running RunPerfMarkers [*], order=37, priorityHint=NORMAL 
07-13 09:20:09.128 W/StartupMetricTracker( 4836): Waiting for foreground/background determination...
07-13 09:20:09.132 D/BluetoothManagerService( 1813): send proxy for profile: 2
07-13 09:20:09.133 D/BluetoothA2dp( 4886): Proxy object connected
07-13 09:20:09.136 W/StartupMetricTracker( 4836): Begin BACKGROUND UNTRACKED start
07-13 09:20:09.141 W/AppInitScheduler|Run( 4836):   Finished InitAuthentication in 144ms
07-13 09:20:09.141 W/AppInitScheduler|Schedule( 4836):   Executing 266:MobileConfigAdminIdInit
07-13 09:20:09.141 W/AppInitScheduler|Schedule( 4836):   Executing 268:MobileConfigInit
07-13 09:20:09.141 W/AppInitScheduler|Schedule( 4836):   Executing 135:EagerInitFBTigonLight
07-13 09:20:09.141 W/AppInitScheduler|Schedule( 4836):   Executing 117:ComposerSavedSessionStoreInitializer
07-13 09:20:09.141 W/AppInitScheduler|Schedule( 4836):   Executing 151:ErrorReporterSecondaryInit
07-13 09:20:09.141 W/AppInitScheduler|Run( 4836): Running MobileConfigAdminIdInit [*], order=27, priorityHint=VERY_HIGH 
07-13 09:20:09.144 D/C2MtkBufferManager( 1041): over 5000ms not request from VCodec but callback hooked, slow BM Cc fetch thread
07-13 09:20:09.148 D/BluetoothHeadset( 4886): Binding service...
07-13 09:20:09.149 D/BluetoothManagerService( 1813): send proxy for profile: 1
07-13 09:20:09.150 D/BluetoothHeadset( 4886): Proxy object connected
07-13 09:20:09.162 D/ActivityManager( 1813): getProcessesInErrorState callingUid=10279, CallingPid=443
07-13 09:20:09.164 W/AppInitScheduler|Run( 4836):   Finished INeedInitForEventBusRegister in 48ms
07-13 09:20:09.164 D/C2MtkBufferManager( 1041): over 5000ms not request from VCodec but callback hooked, slow BM Cc fetch thread
07-13 09:20:09.164 W/AppInitScheduler|Run( 4836): Running MobileConfigInit [*], order=28, priorityHint=VERY_HIGH 
07-13 09:20:09.172 W/AppInitScheduler|Run( 4836):   Finished StaticGraphServiceFactoryInitializer in 157ms
07-13 09:20:09.172 W/AppInitScheduler|Run( 4836): Running EagerInitFBTigonLight [*], order=45, priorityHint=CRITICAL_PATH 
07-13 09:20:09.172 W/AppInitScheduler|Run( 4836):   Finished EagerInitFBTigonLight in 0ms
07-13 09:20:09.173 W/AppInitScheduler|Run( 4836): RUN AppInit 117:ComposerSavedSessionStoreInitializer for start destination null
07-13 09:20:09.173 W/AppInitScheduler|Run( 4836): Running ComposerSavedSessionStoreInitializer, order=69, priorityHint=NORMAL 
07-13 09:20:09.178 W/libc    ( 4669): Access denied finding property "ro.vendor.df.effect.conflict"
07-13 09:20:09.178 D/nativeloader( 4886): Load /system_ext/app/BluetoothExtension/lib/arm64/libaivsopus.so using class loader ns clns-shared-7 (caller=/system_ext/app/BluetoothExtension/BluetoothExtension.apk): ok
07-13 09:20:09.171 W/illsroom.mobile( 4669): type=1400 audit(0.0:608258): avc:  denied  { read } for  name="u:object_r:vendor_displayfeature_prop:s0" dev="tmpfs" ino=8559 scontext=u:r:untrusted_app:s0:c210,c256,c512,c768 tcontext=u:object_r:vendor_displayfeature_prop:s0 tclass=file permissive=0 app=com.reddit.frontpage
07-13 09:20:09.182 W/AppInitScheduler|Run( 4836):   Finished ComposerSavedSessionStoreInitializer in 10ms
07-13 09:20:09.182 W/AppInitScheduler|Run( 4836): Running ErrorReporterSecondaryInit, order=73, priorityHint=NORMAL 
07-13 09:20:09.183 W/AppInitScheduler|Run( 4836):   Finished ErrorReporterSecondaryInit in 1ms
07-13 09:20:09.183 W/AppInitScheduler|Run( 4836): Running InitAndroidX, order=89, priorityHint=NORMAL 
07-13 09:20:09.184 D/C2MtkBufferManager( 1041): over 5000ms not request from VCodec but callback hooked, slow BM Cc fetch thread
07-13 09:20:09.187 W/AppInitScheduler|Run( 4836):   Finished InitAndroidX in 4ms
07-13 09:20:09.188 W/AppInitScheduler|Run( 4836): Running InitLacrimaLaterInit, order=93, priorityHint=NORMAL 
07-13 09:20:09.189 W/AppInitScheduler|Run( 4836):   Finished MobileConfigSessionlessInit in 191ms
07-13 09:20:09.189 W/AppInitScheduler|Schedule( 4836):   Executing 132:E2EForceMobileConfigSessionlessFetch
07-13 09:20:09.189 W/AppInitScheduler|Schedule( 4836):   Executing 385:PrivacyUiiDetectionLogger
07-13 09:20:09.189 W/AppInitScheduler|Schedule( 4836):   Executing 134:EagerInitFBTigon
07-13 09:20:09.189 W/AppInitScheduler|Run( 4836):   Finished MobileConfigAdminIdInit in 48ms
07-13 09:20:09.189 W/AppInitScheduler|Run( 4836): Running E2EForceMobileConfigSessionlessFetch [*], order=34, priorityHint=NORMAL 
07-13 09:20:09.189 W/AppInitScheduler|Schedule( 4836):   Executing 421:StartupDestinationAppInit
07-13 09:20:09.189 W/AppInitScheduler|Schedule( 4836):   Executing 461:WarmVolumeCache
07-13 09:20:09.189 W/AppInitScheduler|Schedule( 4836):   Executing 130:E2EForceMobileConfigAdminIdFetch
07-13 09:20:09.189 W/AppInitScheduler|Schedule( 4836):   Executing 172:FriendlyFeedPrefetch
07-13 09:20:09.189 W/AppInitScheduler|Schedule( 4836):   Executing 173:FriendlyFeedPrefetchOnFirstForegroundWarmStart
07-13 09:20:09.189 W/AppInitScheduler|Schedule( 4836):   Executing 267:MobileConfigAdminIdLaterInit
07-13 09:20:09.189 W/AppInitScheduler|Run( 4836): Running PrivacyUiiDetectionLogger [*], order=42, priorityHint=LOW 
07-13 09:20:09.189 W/AppInitScheduler|Run( 4836):   Finished E2EForceMobileConfigSessionlessFetch in 0ms
07-13 09:20:09.189 W/AppInitScheduler|Schedule( 4836):   Executing 272:MobileConfigSessionlessLaterInit
07-13 09:20:09.189 W/AppInitScheduler|Run( 4836): Running EagerInitFBTigon [*], order=47, priorityHint=CRITICAL_PATH 
07-13 09:20:09.191 W/lacrima ( 4836): FbErrorReportingConfig.laterInit
07-13 09:20:09.192 E/QPLProvider( 4836): QuickPerformanceLogger instance wasn't installed in provider, returning noop. Please call QuickPerformanceLoggerProvider.setQuickPerformanceLogger() before getting the instance.
07-13 09:20:09.192 E/QPLProvider( 4836): java.lang.IllegalStateException: No QPL instance provided
07-13 09:20:09.192 E/QPLProvider( 4836): 	at com.facebook.quicklog.QuickPerformanceLoggerProvider.getQPLInstance(:35)
07-13 09:20:09.192 E/QPLProvider( 4836): 	at X.1I2.Egn(:1)
07-13 09:20:09.192 E/QPLProvider( 4836): 	at X.1Hp.<init>(:11)
07-13 09:20:09.192 E/QPLProvider( 4836): 	at X.1Hw.apply(:18)
07-13 09:20:09.192 E/QPLProvider( 4836): 	at java.util.concurrent.ConcurrentHashMap.computeIfAbsent(ConcurrentHashMap.java:1729)
07-13 09:20:09.192 E/QPLProvider( 4836): 	at X.1Hk.A00(:71)
07-13 09:20:09.192 E/QPLProvider( 4836): 	at X.1Ha.<clinit>(:2)
07-13 09:20:09.192 E/QPLProvider( 4836): 	at X.1HW.<init>(:9)
07-13 09:20:09.192 E/QPLProvider( 4836): 	at X.TqZ.A04(:991)
07-13 09:20:09.192 E/QPLProvider( 4836): 	at X.18P.A01(:86)
07-13 09:20:09.192 E/QPLProvider( 4836): 	at X.3Rn.A03(:69)
07-13 09:20:09.192 E/QPLProvider( 4836): 	at com.facebook.common.appinit.invoker.OnApplicationInitInvoker.CNC(:2334)
07-13 09:20:09.192 E/QPLProvider( 4836): 	at X.0ks.run(:292)
07-13 09:20:09.192 E/QPLProvider( 4836): 	at java.util.concurrent.ThreadPoolExecutor.runWorker(ThreadPoolExecutor.java:1100)
07-13 09:20:09.192 E/QPLProvider( 4836): 	at java.util.concurrent.ThreadPoolExecutor$Worker.run(ThreadPoolExecutor.java:624)
07-13 09:20:09.192 E/QPLProvider( 4836): 	at X.0Fr.run(:11)
07-13 09:20:09.192 E/QPLProvider( 4836): 	at java.lang.Thread.run(Thread.java:1572)
07-13 09:20:09.197 D/nativeloader( 4886): Load /system_ext/app/BluetoothExtension/lib/arm64/libjlspeex.so using class loader ns clns-shared-7 (caller=/system_ext/app/BluetoothExtension/BluetoothExtension.apk): ok
07-13 09:20:09.198 W/AppInitScheduler|Run( 4836):   Finished PrivacyUiiDetectionLogger in 9ms
07-13 09:20:09.198 W/AppInitScheduler|Run( 4836): Running StartupDestinationAppInit [*], order=48, priorityHint=CRITICAL_PATH 
07-13 09:20:09.198 W/AIVS:jni_speex( 4886): init_native_id
07-13 09:20:09.199 W/AppInitScheduler|Run( 4836):   Finished StartupDestinationAppInit in 0ms
07-13 09:20:09.199 W/AppInitScheduler|Schedule( 4836):   Executing 140:EarlyFetchStartupDestinationAppInit
07-13 09:20:09.199 W/AppInitScheduler|Run( 4836): Running EarlyFetchStartupDestinationAppInit [*], order=49, priorityHint=CRITICAL_PATH 
07-13 09:20:09.199 W/AppInitScheduler|Run( 4836):   Finished EarlyFetchStartupDestinationAppInit in 0ms
07-13 09:20:09.200 W/AppInitScheduler|Run( 4836): RUN AppInit 461:WarmVolumeCache for start destination 6
07-13 09:20:09.200 W/AppInitScheduler|Run( 4836): Running WarmVolumeCache, order=62, priorityHint=HIGH 
07-13 09:20:09.201 W/AppInitScheduler|Run( 4836):   Finished WarmVolumeCache in 1ms
07-13 09:20:09.201 W/AppInitScheduler|Run( 4836): Running E2EForceMobileConfigAdminIdFetch, order=72, priorityHint=NORMAL 
07-13 09:20:09.201 W/AppInitScheduler|Schedule( 4836):   Executing async work for EagerInitFBTigon: InjectTigonServiceHolder
07-13 09:20:09.201 W/AppInitScheduler|Run( 4836):   Finished E2EForceMobileConfigAdminIdFetch in 1ms
07-13 09:20:09.201 W/AppInitScheduler|Schedule( 4836):   Executing async work for EagerInitFBTigon: InjectNativePlatformContextHolder
07-13 09:20:09.205 D/C2MtkBufferManager( 1041): over 5000ms not request from VCodec but callback hooked, slow BM Cc fetch thread
07-13 09:20:09.212 D/ULogGuard( 1314): Monitoring: 16 threads, 0 requests, 0 time-bombs; 2 guards. ResetFlags = 0x7
07-13 09:20:09.212 W/AppInitScheduler|Run( 4836):   Finished MobileConfigInit in 48ms
07-13 09:20:09.212 W/AppInitScheduler|Schedule( 4836):   Executing 3:AnalyticsLoggerInit
07-13 09:20:09.212 W/AppInitScheduler|Schedule( 4836):   Executing 131:E2EForceMobileConfigFetch
07-13 09:20:09.212 W/AppInitScheduler|Schedule( 4836):   Executing 161:FdidInitSync
07-13 09:20:09.212 W/AppInitScheduler|Schedule( 4836):   Executing 237:LithoConfiguration
07-13 09:20:09.212 W/AppInitScheduler|Schedule( 4836):   Executing 248:MaybeUnblockComponentsEarly
07-13 09:20:09.212 W/AppInitScheduler|Schedule( 4836):   Executing 113:CheckUnstableContentProvider
07-13 09:20:09.212 W/AppInitScheduler|Schedule( 4836):   Executing 422:StartupQPLInit
07-13 09:20:09.212 W/AppInitScheduler|Schedule( 4836):   Executing 2:AnalyticsInit
07-13 09:20:09.212 W/AppInitScheduler|Schedule( 4836):   Executing 114:ClientCacheEdgeManagerInitializer
07-13 09:20:09.212 W/AppInitScheduler|Schedule( 4836):   Executing 115:ClientCacheEdgeManagerInitializerUserScoped
07-13 09:20:09.212 W/AppInitScheduler|Schedule( 4836):   Executing 122:DgwEarlySyncInitializer
07-13 09:20:09.212 W/AppInitScheduler|Schedule( 4836):   Executing 129:DownloadedFbResources
07-13 09:20:09.212 W/AppInitScheduler|Schedule( 4836):   Executing 153:Fb4aReactEagerInitHotMCUnpacker
07-13 09:20:09.212 W/AppInitScheduler|Schedule( 4836):   Executing 157:FbMsysPostBootstrapListenerRegistrarOnAppInit
07-13 09:20:09.212 W/AppInitScheduler|Schedule( 4836):   Executing 342:NotifyAppStateManagerOnCreateComplete
07-13 09:20:09.213 W/AppInitScheduler|Schedule( 4836):   Executing 166:FixieNoSync
07-13 09:20:09.213 W/AppInitScheduler|Schedule( 4836):   Executing 187:INeedInitForSharedPrefsListenerRegister
07-13 09:20:09.213 W/AppInitScheduler|Schedule( 4836):   Executing 204:InitFury
07-13 09:20:09.213 W/AppInitScheduler|Schedule( 4836):   Executing 205:InitHelium
07-13 09:20:09.213 W/AppInitScheduler|Schedule( 4836):   Executing 211:InitMemoryDumpHandler
07-13 09:20:09.213 W/AppInitScheduler|Schedule( 4836):   Executing 242:LocationRequestDetector
07-13 09:20:09.213 W/AppInitScheduler|Schedule( 4836):   Executing 348:PendingStoryStoreInitializer
07-13 09:20:09.213 W/AppInitScheduler|Schedule( 4836):   Executing 370:PreloadNativeLibrariesVif
07-13 09:20:09.213 W/AppInitScheduler|Schedule( 4836):   Executing 428:TabBadgeFetchAppInit
07-13 09:20:09.213 W/AppInitScheduler|Schedule( 4836):   Executing 459:WarmFacebookEmojiFont
07-13 09:20:09.213 W/AppInitScheduler|Schedule( 4836):   Executing 216:InitPeriodicThreadBooster
07-13 09:20:09.213 W/AppInitScheduler|Schedule( 4836):   Executing 245:LongtailVoltronAppInit
07-13 09:20:09.213 W/AppInitScheduler|Schedule( 4836):   Executing 354:PreloadCreatorsHomeToHUnit
07-13 09:20:09.213 W/AppInitScheduler|Schedule( 4836):   Executing 407:ScreenOnFeedPrefetch
07-13 09:20:09.218 W/AppInitScheduler|Schedule( 4836): Callables should only be scheduled from a running AppInit. Use another ExecutorService if you need to run async work outside an AppInit.
07-13 09:20:09.219 W/AppInitScheduler|Schedule( 4836):   Executing async work for null: InjectHttpClient
07-13 09:20:09.222 E/MediaProvider( 3912): Creating or writing to a non-default top level directory is not allowed!
07-13 09:20:09.224 E/AppState( 4836): Returning default for firstRunInfo
07-13 09:20:09.224 E/AppState( 4836): Returning default for firstRunInfo
07-13 09:20:09.224 W/AppInitScheduler|Run( 4836):   Finished RunPerfMarkers in 97ms
07-13 09:20:09.225 D/C2MtkBufferManager( 1041): over 5000ms not request from VCodec but callback hooked, slow BM Cc fetch thread
07-13 09:20:09.229 D/MiuiMMAService( 4886): setNearbyService() - trying to set service to com.xiaomi.bluetooth.mma.MiuiMMAService@5f67ebf
07-13 09:20:09.237 W/FrscLanguagePackLoader( 4836): Loading FRSC strings for locale (en_GB)
07-13 09:20:09.238 W/AppInitScheduler|Run( 4836):   Finished StringResourcesDelegate in 111ms
07-13 09:20:09.238 W/AppInitScheduler|Run( 4836): Running AnalyticsLoggerInit [*], order=32, priorityHint=NORMAL 
07-13 09:20:09.242 W/facebook.katana( 4836): Monitor::Inflate: Install failed 0x294d618
07-13 09:20:09.245 D/BluetoothA2dp( 4886): Binding service...
07-13 09:20:09.246 D/BluetoothManagerService( 1813): send proxy for profile: 2
07-13 09:20:09.246 D/C2MtkBufferManager( 1041): over 5000ms not request from VCodec but callback hooked, slow BM Cc fetch thread
07-13 09:20:09.246 D/BluetoothA2dp( 4886): Proxy object connected
07-13 09:20:09.246 D/MiuiMMAService( 4886): onStartCommand(): null
07-13 09:20:09.247 W/AppInitScheduler|Run( 4836):   Finished EarliestPossibleColdStartClassPreloadStarter in 204ms
07-13 09:20:09.248 W/AppInitScheduler|Schedule( 4836):   Executing 409:SecondaryDexPreloaderBg
07-13 09:20:09.248 W/AppInitScheduler|Run( 4836): Running E2EForceMobileConfigFetch [*], order=33, priorityHint=NORMAL 
07-13 09:20:09.248 W/AppInitScheduler|Run( 4836):   Finished E2EForceMobileConfigFetch in 0ms
07-13 09:20:09.248 W/AppInitScheduler|Schedule( 4836):   Executing 402:RunEarlyInitForActivity
07-13 09:20:09.248 W/AppInitScheduler|Schedule( 4836):   Executing 269:MobileConfigLaterInit
07-13 09:20:09.248 W/AppInitScheduler|Run( 4836): Running FdidInitSync [*], order=35, priorityHint=NORMAL 
07-13 09:20:09.256 D/MiuiNearbyServiceV2( 4886): onCreate
07-13 09:20:09.256 I/ExtendedUtils( 1059): [timer_thread_start] epoll wait thread while start
07-13 09:20:09.256 I/ExtendedPerfBoost( 1059): [restore_callback_expires] thermalbreak callback
07-13 09:20:09.256 I/ExtendedPerfBoost( 1059): [triggerList_update] del one node to freelist
07-13 09:20:09.256 I/ExtendedPerfBoost( 1059): [triggerList_update] now trigger boost:0  info
07-13 09:20:09.256 I/ExtendedPerfBoost( 1059): [trig_thermalbreak] curr target time is same last target time
07-13 09:20:09.256 I/ExtendedPerfBoost( 1059): [setThermalBreak] [setThermalBreak] : boost:0
07-13 09:20:09.260 W/AppInitScheduler|Run( 4836):   Finished FdidInitSync in 11ms
07-13 09:20:09.260 W/AppInitScheduler|Run( 4836): Running LithoConfiguration [*], order=39, priorityHint=NORMAL 
07-13 09:20:09.264 W/EndToEndAnalyticsEventListener( 4836): WRITE_ANALYTICS_TO_LOGCAT = null, EndToEnd.isRunningEndToEndTest() = false
07-13 09:20:09.265 W/AppInitScheduler|Run( 4836):   Finished FixieActivityManagerHook in 214ms
07-13 09:20:09.266 D/C2MtkBufferManager( 1041): over 5000ms not request from VCodec but callback hooked, slow BM Cc fetch thread
07-13 09:20:09.269 W/AppInitScheduler|Run( 4836): Running MaybeUnblockComponentsEarly [*], order=53, priorityHint=CRITICAL_PATH 
07-13 09:20:09.269 W/InitStatus( 4836): Providers unblocked (268077815)
07-13 09:20:09.269 W/InitStatus( 4836): Services unblocked (101621092)
07-13 09:20:09.269 W/InitStatus( 4836): BroadcastReceivers unblocked (126200781)
07-13 09:20:09.269 W/InitStatus( 4836): Unblocked Provider (268077815)
07-13 09:20:09.269 W/InitStatus( 4836): Unblocked Provider (268077815)
07-13 09:20:09.270 D/MiuiNearbyScanConfigManager( 4886): loadSavedConfigDeviceList
07-13 09:20:09.271 W/AppInitScheduler|Run( 4836):   Finished MaybeUnblockComponentsEarly in 3ms
07-13 09:20:09.272 W/AppInitScheduler|Run( 4836): RUN AppInit 402:RunEarlyInitForActivity for start destination 6
07-13 09:20:09.272 W/AppInitScheduler|Run( 4836): Running RunEarlyInitForActivity [*], order=54, priorityHint=CRITICAL_PATH 
07-13 09:20:09.272 W/AppInitScheduler|Run( 4836):   Finished AnalyticsLoggerInit in 35ms
07-13 09:20:09.272 W/AppInitScheduler|Run( 4836):   Finished RunEarlyInitForActivity in 1ms
07-13 09:20:09.272 W/AppInitScheduler|Schedule( 4836):   Executing 220:InitPushLiteSdk
07-13 09:20:09.272 W/AppInitScheduler|Schedule( 4836):   Executing 384:PreloadWordmark
07-13 09:20:09.272 W/AppInitScheduler|Schedule( 4836):   Executing 137:EagerInitImagePipeline
07-13 09:20:09.272 W/AppInitScheduler|Schedule( 4836):   Executing 4:AnalyticsLoggerPostInitReplay
07-13 09:20:09.272 W/AppInitScheduler|Schedule( 4836):   Executing 103:BloksInitializer
07-13 09:20:09.272 W/AppInitScheduler|Schedule( 4836):   Executing 156:FbMsysImmediateInitializer
07-13 09:20:09.272 W/AppInitScheduler|Schedule( 4836):   Executing 249:MessageQueueDoctor
07-13 09:20:09.272 W/AppInitScheduler|Run( 4836): Running InitPushLiteSdk [*], order=38, priorityHint=NORMAL 
07-13 09:20:09.273 W/InitStatus( 4836): Not blocking Provider (268077815)
07-13 09:20:09.273 W/AppInitScheduler|Run( 4836): RUN AppInit 384:PreloadWordmark for start destination 6
07-13 09:20:09.273 W/AppInitScheduler|Run( 4836): Running PreloadWordmark [*], order=40, priorityHint=NORMAL 
07-13 09:20:09.274 D/MiuiNearbyScanConfigManager( 4886): scan configs : 
07-13 09:20:09.274 D/MiuiNearbyScanConfigManager( 4886): onScanStart
07-13 09:20:09.275 W/InitStatus( 4836): Not blocking Provider (268077815)
07-13 09:20:09.275 W/AppInitScheduler|Run( 4836):   Finished LithoConfiguration in 15ms
07-13 09:20:09.275 W/AppInitScheduler|Run( 4836): Running EagerInitImagePipeline [*], order=41, priorityHint=LOW 
07-13 09:20:09.277 D/MiuiScanManagerV2( 4886): MSG_INIT_SERVICE
07-13 09:20:09.280 D/MiuiThirdPartAppConnectionManager( 4886): connection configs : 
07-13 09:20:09.280 D/MiuiNearbyServiceV2( 4886): setNearbyService() - trying to set service to com.android.bluetooth.ble.app.MiuiNearbyServiceV2@62f86b7
07-13 09:20:09.282 E/AppState( 4836): Returning default for firstRunInfo
07-13 09:20:09.283 D/MiuiNearbyServiceV2( 4886): handleMessage: what: 100
07-13 09:20:09.283 D/MiuiNearbyServiceV2( 4886): register for observer succeed
07-13 09:20:09.286 D/MiuiForXiaoAiManager( 4886): getA2dpProfileProxy
07-13 09:20:09.286 D/C2MtkBufferManager( 1041): over 5000ms not request from VCodec but callback hooked, slow BM Cc fetch thread
07-13 09:20:09.287 D/MiuiNearbyServiceV2( 4886): register for observer succeed, flag:1
07-13 09:20:09.288 D/BluetoothA2dp( 4886): Binding service...
07-13 09:20:09.289 D/BluetoothManagerService( 1813): send proxy for profile: 2
07-13 09:20:09.291 E/QPLProvider( 4836): QuickPerformanceLogger instance wasn't installed in provider, returning noop. Please call QuickPerformanceLoggerProvider.setQuickPerformanceLogger() before getting the instance.
07-13 09:20:09.291 E/QPLProvider( 4836): java.lang.IllegalStateException: No QPL instance provided
07-13 09:20:09.291 E/QPLProvider( 4836): 	at com.facebook.quicklog.QuickPerformanceLoggerProvider.getQPLInstance(:35)
07-13 09:20:09.291 E/QPLProvider( 4836): 	at X.1OI.<init>(:9)
07-13 09:20:09.291 E/QPLProvider( 4836): 	at X.1OD.<clinit>(:6)
07-13 09:20:09.291 E/QPLProvider( 4836): 	at X.WzZ.A0E(:957)
07-13 09:20:09.291 E/QPLProvider( 4836): 	at X.WzZ.A04(:11)
07-13 09:20:09.291 E/QPLProvider( 4836): 	at X.WzZ.A0D(:11)
07-13 09:20:09.291 E/QPLProvider( 4836): 	at X.WzZ.A09(:11)
07-13 09:20:09.291 E/QPLProvider( 4836): 	at X.18P.A01(:91)
07-13 09:20:09.291 E/QPLProvider( 4836): 	at X.3Rn.A03(:69)
07-13 09:20:09.291 E/QPLProvider( 4836): 	at X.3UU.get(:15)
07-13 09:20:09.291 E/QPLProvider( 4836): 	at X.3UV.A0Z(:2)
07-13 09:20:09.291 E/QPLProvider( 4836): 	at X.3Vf.B5G(:2)
07-13 09:20:09.291 E/QPLProvider( 4836): 	at X.3Ij.<init>(:41)
07-13 09:20:09.291 E/QPLProvider( 4836): 	at X.3Ij.A03(:19)
07-13 09:20:09.291 E/QPLProvider( 4836): 	at X.WzZ.A0E(:667)
07-13 09:20:09.291 E/QPLProvider( 4836): 	at X.WzZ.A04(:11)
07-13 09:20:09.291 E/QPLProvider( 4836): 	at X.WzZ.A0D(:11)
07-13 09:20:09.291 E/QPLProvider( 4836): 	at X.WzZ.A09(:11)
07-13 09:20:09.291 E/QPLProvider( 4836): 	at X.18P.A01(:91)
07-13 09:20:09.291 E/QPLProvider( 4836): 	at X.3Rn.A03(:69)
07-13 09:20:09.291 E/QPLProvider( 4836): 	at X.3Rn.A02(:4)
07-13 09:20:09.291 E/QPLProvider( 4836): 	at X.WzZ.A0E(:421)
07-13 09:20:09.291 E/QPLProvider( 4836): 	at X.WzZ.A04(:11)
07-13 09:20:09.291 E/QPLProvider( 4836): 	at X.WzZ.A0D(:11)
07-13 09:20:09.291 E/QPLProvider( 4836): 	at X.WzZ.A09(:11)
07-13 09:20:09.291 E/QPLProvider( 4836): 	at X.18P.A01(:91)
07-13 09:20:09.291 E/QPLProvider( 4836): 	at X.3Rn.A03(:69)
07-13 09:20:09.291 E/QPLProvider( 4836): 	at X.3Rn.A02(:4)
07-13 09:20:09.291 E/QPLProvider( 4836): 	at com.facebook.common.appinit.invoker.OnApplicationInitInvoker.CNC(:6629)
07-13 09:20:09.291 E/QPLProvider( 4836): 	at X.0ks.run(:292)
07-13 09:20:09.291 E/QPLProvider( 4836): 	at java.util.concurrent.ThreadPoolExecutor.runWorker(ThreadPoolExecutor.java:1100)
07-13 09:20:09.291 E/QPLProvider( 4836): 	at java.util.concurrent.ThreadPoolExecutor$Worker.run(ThreadPoolExecutor.java:624)
07-13 09:20:09.291 E/QPLProvider( 4836): 	at X.0Fr.run(:11)
07-13 09:20:09.291 E/QPLProvider( 4836): 	at java.lang.Thread.run(Thread.java:1572)
07-13 09:20:09.294 D/BluetoothA2dp( 4886): Proxy object connected
07-13 09:20:09.296 W/AppInitScheduler|Run( 4836):   Finished InitPushLiteSdk in 23ms
07-13 09:20:09.296 W/AppInitScheduler|Run( 4836): Running CheckUnstableContentProvider, order=55, priorityHint=VERY_HIGH 
07-13 09:20:09.296 W/AppInitScheduler|Run( 4836):   Finished CheckUnstableContentProvider in 1ms
07-13 09:20:09.296 W/AppInitScheduler|Run( 4836): Running StartupQPLInit, order=58, priorityHint=VERY_HIGH 
07-13 09:20:09.296 W/QuickPerformanceLoggerModule( 4836): Providing QPL... begin
07-13 09:20:09.299 E/facebook.katana( 4836): No implementation found for void com.facebook.quicklog.QuickPerformanceLoggerNativeProvider.nativeUpdateQPLInstance() (tried Java_com_facebook_quicklog_QuickPerformanceLoggerNativeProvider_nativeUpdateQPLInstance and Java_com_facebook_quicklog_QuickPerformanceLoggerNativeProvider_nativeUpdateQPLInstance__) - is the library loaded, e.g. System.loadLibrary?
07-13 09:20:09.299 W/QPLProvider( 4836): QuickPerformanceLoggerProvider failed to update native QPL instance, native library. This is expected during early app initialization
07-13 09:20:09.299 W/QuickPerformanceLoggerModule( 4836): Providing QPL... end
07-13 09:20:09.306 W/BpBinder( 4663): Slow Binder: BpBinder transact took 553 ms, interface=android.content.IContentProvider, code=1 oneway=false
07-13 09:20:09.306 W/AppInitScheduler|Run( 4836):   Finished StartupQPLInit in 9ms
07-13 09:20:09.306 W/AppInitScheduler|Schedule( 4836):   Executing 361:PreloadFeedRequestHighPriority
07-13 09:20:09.306 D/MiuiForXiaoAiManager( 4886): getHeadsetProfileProxy
07-13 09:20:09.306 W/AppInitScheduler|Schedule( 4836):   Executing 184:INeedInitForBroadcastReceiverRegister
07-13 09:20:09.307 D/C2MtkBufferManager( 1041): over 5000ms not request from VCodec but callback hooked, slow BM Cc fetch thread
07-13 09:20:09.307 W/AppInitScheduler|Schedule( 4836):   Executing 203:InitFeedVpvSeenStore
07-13 09:20:09.307 W/AppInitScheduler|Schedule( 4836):   Executing 365:PreloadIconsInit
07-13 09:20:09.307 W/AppInitScheduler|Schedule( 4836):   Executing 381:PreloadVideoHomeDataController
07-13 09:20:09.307 W/AppInitScheduler|Schedule( 4836):   Executing 386:ProfiloBridgeFactoryImpl
07-13 09:20:09.307 W/AppInitScheduler|Schedule( 4836):   Executing 400:ReliabilityUserPerceptibleScopeToQPL
07-13 09:20:09.307 W/AppInitScheduler|Schedule( 4836):   Executing 356:PreloadFeedDataLoader
07-13 09:20:09.307 W/AppInitScheduler|Schedule( 4836):   Executing 358:PreloadFeedFullCacheLoad
07-13 09:20:09.307 W/AppInitScheduler|Schedule( 4836):   Executing 141:EarlyInitStoriesTrayForActivity
07-13 09:20:09.307 W/AppInitScheduler|Schedule( 4836):   Executing 233:KeepWarm
07-13 09:20:09.308 W/AppInitScheduler|Schedule( 4836):   Executing 265:MetaCasper
07-13 09:20:09.308 W/AppInitScheduler|Schedule( 4836):   Executing 347:PartialScrollOnFirstForegroundWarmStart
07-13 09:20:09.308 W/AppInitScheduler|Schedule( 4836):   Executing 359:PreloadFeedRequest
07-13 09:20:09.308 W/AppInitScheduler|Schedule( 4836):   Executing 351:PreloadClashManager
07-13 09:20:09.308 W/AppInitScheduler|Schedule( 4836):   Executing 355:PreloadFeedConfig
07-13 09:20:09.308 W/AppInitScheduler|Schedule( 4836):   Executing 357:PreloadFeedFetchMetadata
07-13 09:20:09.309 W/AppInitScheduler|Schedule( 4836):   Executing 360:PreloadFeedRequestForAllStarts
07-13 09:20:09.309 W/AppInitScheduler|Schedule( 4836):   Executing 362:PreloadFreshFeedRanker
07-13 09:20:09.309 W/AppInitScheduler|Schedule( 4836):   Executing 363:PreloadFriendlyFeedFullCacheLoad
07-13 09:20:09.309 W/AppInitScheduler|Schedule( 4836):   Executing 364:PreloadHeroManager
07-13 09:20:09.309 W/AppInitScheduler|Schedule( 4836):   Executing 368:PreloadLogDb
07-13 09:20:09.309 W/AppInitScheduler|Schedule( 4836):   Executing 372:PreloadReactions
07-13 09:20:09.309 W/AppInitScheduler|Schedule( 4836):   Executing 378:PreloadStoriesTrayFetchController
07-13 09:20:09.309 W/AppInitScheduler|Schedule( 4836):   Executing 379:PreloadStoriesTrayQuery
07-13 09:20:09.309 W/AppInitScheduler|Schedule( 4836):   Executing 380:PreloadTabPreloadablesBackgroundPrefetch
07-13 09:20:09.309 W/AppInitScheduler|Schedule( 4836):   Executing 382:PreloadVideoPrivateSharing
07-13 09:20:09.309 D/BluetoothHeadset( 4886): Binding service...
07-13 09:20:09.309 W/AppInitScheduler|Schedule( 4836):   Executing 413:SetupBlockingBackgroundComponentReporting
07-13 09:20:09.309 W/AppInitScheduler|Schedule( 4836):   Executing 423:StartupQPLReplayer
07-13 09:20:09.309 W/AppInitScheduler|Schedule( 4836):   Executing 456:VideoMetaCasper
07-13 09:20:09.309 W/AppInitScheduler|Run( 4836): Running PreloadFeedRequestHighPriority, order=61, priorityHint=HIGH 
07-13 09:20:09.309 D/MiuiBleAppService( 4886): onCreate()
07-13 09:20:09.311 W/AppInitScheduler|Run( 4836):   Finished PreloadFeedRequestHighPriority in 1ms
07-13 09:20:09.311 W/AppInitScheduler|Run( 4836): Running AnalyticsInit, order=64, priorityHint=NORMAL 
07-13 09:20:09.315 W/AppInit4( 4836): type=1400 audit(0.0:608259): avc:  denied  { read } for  name="memory.usage_in_bytes" dev="cgroup" ino=8 scontext=u:r:untrusted_app:s0:c9,c257,c512,c768 tcontext=u:object_r:cgroup:s0 tclass=file permissive=0 app=com.facebook.katana
07-13 09:20:09.312 D/BluetoothManagerService( 1813): send proxy for profile: 1
07-13 09:20:09.313 D/BluetoothHeadset( 4886): Proxy object connected
07-13 09:20:09.313 D/MiuiForXiaoAiManager( 4886): getLeaudioProfileProxy
07-13 09:20:09.314 W/AppInitScheduler|Run( 4836):   Finished PreloadWordmark in 40ms
07-13 09:20:09.314 W/AppInitScheduler|Run( 4836): Running AnalyticsLoggerPostInitReplay, order=65, priorityHint=NORMAL 
07-13 09:20:09.315 W/AppInitScheduler|Run( 4836):   Finished AnalyticsLoggerPostInitReplay in 0ms
07-13 09:20:09.315 W/AppInitScheduler|Run( 4836): Running BloksInitializer, order=66, priorityHint=NORMAL 
07-13 09:20:09.315 W/AppInitScheduler|Run( 4836):   Finished BloksInitializer in 1ms
07-13 09:20:09.315 W/AppInitScheduler|Run( 4836): RUN AppInit 114:ClientCacheEdgeManagerInitializer for start destination 6
07-13 09:20:09.315 W/AppInitScheduler|Run( 4836): Running ClientCacheEdgeManagerInitializer, order=67, priorityHint=NORMAL 
07-13 09:20:09.316 W/AppInitScheduler|Run( 4836):   Finished ClientCacheEdgeManagerInitializer in 0ms
07-13 09:20:09.316 W/AppInitScheduler|Run( 4836): RUN AppInit 115:ClientCacheEdgeManagerInitializerUserScoped for start destination 6
07-13 09:20:09.316 W/AppInitScheduler|Run( 4836): Running ClientCacheEdgeManagerInitializerUserScoped, order=68, priorityHint=NORMAL 
07-13 09:20:09.316 W/AppInitScheduler|Run( 4836):   Finished ClientCacheEdgeManagerInitializerUserScoped in 0ms
07-13 09:20:09.316 W/AppInitScheduler|Run( 4836): Running DgwEarlySyncInitializer, order=70, priorityHint=NORMAL 
07-13 09:20:09.317 W/AppInitScheduler|Run( 4836):   Finished DgwEarlySyncInitializer in 0ms
07-13 09:20:09.317 W/AppInitScheduler|Run( 4836): Running DownloadedFbResources, order=71, priorityHint=NORMAL 
07-13 09:20:09.320 D/MiuiBleAppService( 4886): onStartCommand()
07-13 09:20:09.321 D/g       ( 4886): getAllSettedDevices
07-13 09:20:09.322 D/FileUtils( 1813): Rounded bytes from 3899887616 to 4000000000
07-13 09:20:09.322 D/BluetoothLeAudio( 4886): Binding service...
07-13 09:20:09.325 W/BluetoothManagerService( 1813): Cannot bind profile: 22, not in supported profiles list
07-13 09:20:09.327 W/libc    ( 4886): Access denied finding property "ro.vendor.audio.cloudctrl"
07-13 09:20:09.323 W/NearbyServiceHa( 4886): type=1400 audit(0.0:608260): avc:  denied  { read } for  name="u:object_r:vendor_misound_ro_prop:s0" dev="tmpfs" ino=8564 scontext=u:r:bluetooth:s0 tcontext=u:object_r:vendor_misound_ro_prop:s0 tclass=file permissive=0 app=ng.mtn.nextgen
07-13 09:20:09.328 D/C2MtkBufferManager( 1041): over 5000ms not request from VCodec but callback hooked, slow BM Cc fetch thread
07-13 09:20:09.329 W/AppInitScheduler|Run( 4836):   Finished AnalyticsInit in 18ms
07-13 09:20:09.329 W/AppInitScheduler|Run( 4836): Running Fb4aReactEagerInitHotMCUnpacker, order=74, priorityHint=NORMAL 
07-13 09:20:09.329 E/AppState( 4836): Returning default for firstRunInfo
07-13 09:20:09.330 E/AppState( 4836): Returning default for firstRunInfo
07-13 09:20:09.330 E/AppState( 4836): Returning default for firstRunInfo
07-13 09:20:09.330 W/AppInitScheduler|Run( 4836):   Finished Fb4aReactEagerInitHotMCUnpacker in 1ms
07-13 09:20:09.330 W/AppInitScheduler|Run( 4836): Running FbMsysImmediateInitializer, order=76, priorityHint=NORMAL 
07-13 09:20:09.331 E/MiuiForXiaoAiManager( 4886): fetchAndParseFDS
07-13 09:20:09.331 W/AppInitScheduler|Run( 4836):   Finished FbMsysImmediateInitializer in 1ms
07-13 09:20:09.332 W/FrscLanguagePackLoader( 4836): FRSC English strings buffer size - (limit : 863232, capacity : 863232)
07-13 09:20:09.333 W/AppInitScheduler|Run( 4836): Running FbMsysPostBootstrapListenerRegistrarOnAppInit, order=77, priorityHint=NORMAL 
07-13 09:20:09.334 W/AppInitScheduler|Run( 4836):   Finished FbMsysPostBootstrapListenerRegistrarOnAppInit in 1ms
07-13 09:20:09.334 W/AppInitScheduler|Run( 4836): Running NotifyAppStateManagerOnCreateComplete, order=78, priorityHint=NORMAL 
07-13 09:20:09.334 W/AppInitScheduler|Run( 4836):   Finished NotifyAppStateManagerOnCreateComplete in 0ms
07-13 09:20:09.334 W/AppInitScheduler|Schedule( 4836):   Executing 160:FbSharedUIQREnvironment
07-13 09:20:09.334 W/AppInitScheduler|Run( 4836): Running FbSharedUIQREnvironment, order=79, priorityHint=NORMAL 
07-13 09:20:09.335 W/AppInitScheduler|Run( 4836):   Finished FbSharedUIQREnvironment in 0ms
07-13 09:20:09.335 W/AppInitScheduler|Schedule( 4836):   Executing 234:LanguageSwitcherCommonExInit
07-13 09:20:09.335 W/AppInitScheduler|Run( 4836): Running FixieNoSync, order=82, priorityHint=NORMAL 
07-13 09:20:09.335 W/AppInitScheduler|Run( 4836):   Finished FixieNoSync in 1ms
07-13 09:20:09.335 W/AppInitScheduler|Run( 4836): Running INeedInitForBroadcastReceiverRegister, order=86, priorityHint=NORMAL 
07-13 09:20:09.338 W/libc    ( 4836): Access denied finding property "ro.bootimage.build.fingerprint"
07-13 09:20:09.338 D/CompatibilityChangeReporter( 1813): Compat change id reported: 161145287; UID 10265; state: ENABLED
07-13 09:20:09.331 W/AppInit4( 4836): type=1400 audit(0.0:608261): avc:  denied  { read } for  name="u:object_r:build_bootimage_prop:s0" dev="tmpfs" ino=119 scontext=u:r:untrusted_app:s0:c9,c257,c512,c768 tcontext=u:object_r:build_bootimage_prop:s0 tclass=file permissive=0 app=com.facebook.katana
07-13 09:20:09.339 D/FileUtils( 1813): Rounded bytes from 3899887616 to 4000000000
07-13 09:20:09.340 E/MiuiForXiaoAiManager( 4886): File Not Found
07-13 09:20:09.345 D/HeadsetIconShowManager( 4886): getProfileProxy type: 1
07-13 09:20:09.346 D/BluetoothHeadset( 4886): Binding service...
07-13 09:20:09.347 D/MiuiNearbyService( 4886): onCreate
07-13 09:20:09.348 D/C2MtkBufferManager( 1041): over 5000ms not request from VCodec but callback hooked, slow BM Cc fetch thread
07-13 09:20:09.348 D/BluetoothManagerService( 1813): send proxy for profile: 1
07-13 09:20:09.349 D/BluetoothHeadset( 4886): Proxy object connected
07-13 09:20:09.349 D/HeadsetIconShowManager( 4886): getProfileProxy type: 2
07-13 09:20:09.349 D/MiuiThirdPartAppScanManager( 4886): loadSavedConfigDeviceList
07-13 09:20:09.350 D/MiuiThirdPartAppScanManager( 4886): scan configs : 
07-13 09:20:09.352 D/BluetoothLeAudio( 4886): Binding service...
07-13 09:20:09.352 W/AppInitScheduler|Run( 4836):   Finished FbSharedPreferenceInitializerAsync in 336ms
07-13 09:20:09.352 W/AppInitScheduler|Run( 4836): Running INeedInitForSharedPrefsListenerRegister, order=88, priorityHint=NORMAL 
07-13 09:20:09.353 W/DefaultNetworkConfig( 4836): com.facebook.katana: getShouldCheckCertsInternal: true
07-13 09:20:09.353 D/MiuiScanManager( 4886): MSG_INIT_SERVICE
07-13 09:20:09.355 W/AppInitScheduler|Run( 4836):   Finished EagerInitImagePipeline in 79ms
07-13 09:20:09.355 W/AppInitScheduler|Schedule( 4836):   Executing 457:WaitForUIDependenciesInitializer
07-13 09:20:09.355 W/BluetoothManagerService( 1813): Cannot bind profile: 22, not in supported profiles list
07-13 09:20:09.355 W/AppInitScheduler|Schedule( 4836):   Executing 366:PreloadInlineComposerProfileImage
07-13 09:20:09.355 W/AppInitScheduler|Schedule( 4836):   Executing 367:PreloadInlineComposerProfileImageDeferred
07-13 09:20:09.356 D/MiuiNearbyService( 4886): setNearbyService() - trying to set service to com.android.bluetooth.ble.app.MiuiNearbyService@d798ba7
07-13 09:20:09.356 W/AppInitScheduler|Run( 4836): Running WaitForUIDependenciesInitializer [*], order=43, priorityHint=CRITICAL_PATH 
07-13 09:20:09.356 W/AppInitScheduler|Run( 4836):   Finished WaitForUIDependenciesInitializer in 1ms
07-13 09:20:09.358 W/AppInitScheduler|Schedule( 4836):   Executing 125:DismissSplashScreens
07-13 09:20:09.358 W/AppInitScheduler|Schedule( 4836):   Executing 167:FixieScheduleIdleWork
07-13 09:20:09.358 W/AppInitScheduler|Schedule( 4836):   Executing 401:ReplayBroadcastReceivedDuringAppInit
07-13 09:20:09.358 W/AppInitScheduler|Schedule( 4836):   Executing 406:ScheduleLowPriWork
07-13 09:20:09.358 W/AppInitScheduler|Run( 4836): Running DismissSplashScreens [*], order=44, priorityHint=CRITICAL_PATH 
07-13 09:20:09.359 W/InitStatus( 4836): Providers unblocked (268077815)
07-13 09:20:09.359 W/InitStatus( 4836): Services unblocked (101621092)
07-13 09:20:09.359 W/InitStatus( 4836): BroadcastReceivers unblocked (126200781)
07-13 09:20:09.359 W/AppInitScheduler|Run( 4836):   Finished DismissSplashScreens in 1ms
07-13 09:20:09.359 W/AppInitScheduler|Schedule( 4836):   Executing 275:MqttEarlySyncInitializerAfterAppCreate
07-13 09:20:09.359 W/AppInitScheduler|Schedule( 4836):   Executing 190:InitAppComponentFactoryStartupController
07-13 09:20:09.360 W/AppInitScheduler|Run( 4836): Running FixieScheduleIdleWork, order=84, priorityHint=NORMAL 
07-13 09:20:09.360 W/AppInitScheduler|Run( 4836):   Finished FixieScheduleIdleWork in 1ms
07-13 09:20:09.360 W/AppInitScheduler|Run( 4836): RUN AppInit 203:InitFeedVpvSeenStore for start destination 6
07-13 09:20:09.360 W/AppInitScheduler|Run( 4836): Running InitFeedVpvSeenStore, order=90, priorityHint=NORMAL 
07-13 09:20:09.360 W/AppInitScheduler|Run( 4836):   Finished InitFeedVpvSeenStore in 0ms
07-13 09:20:09.360 W/AppInitScheduler|Run( 4836): Running InitFury, order=91, priorityHint=NORMAL 
07-13 09:20:09.364 D/MiuiNearbyService( 4886): device is unlocked.
07-13 09:20:09.364 D/MiuiNearbyService( 4886): handleMessage: what: 100
07-13 09:20:09.365 W/AppInitScheduler|Run( 4836):   Finished INeedInitForSharedPrefsListenerRegister in 13ms
07-13 09:20:09.365 W/AppInitScheduler|Run( 4836): Running InitHelium, order=92, priorityHint=NORMAL 
07-13 09:20:09.367 D/MiuiNearbyService( 4886): register for observer succeed
07-13 09:20:09.367 W/AppInitScheduler|Run( 4836):   Finished InitHelium in 1ms
07-13 09:20:09.367 W/AppInitScheduler|Run( 4836): Running InitLogging, order=94, priorityHint=NORMAL 
07-13 09:20:09.368 D/C2MtkBufferManager( 1041): over 5000ms not request from VCodec but callback hooked, slow BM Cc fetch thread
07-13 09:20:09.371 I/Tethering( 2392): [BpfCoordinator] onAlertReached
07-13 09:20:09.373 W/fb4a.AppInitScheduler|Run( 4836):   Finished INeedInitForBroadcastReceiverRegister in 37ms
07-13 09:20:09.373 W/fb4a.AppInitScheduler|Run( 4836):   Finished InitLogging in 1ms
07-13 09:20:09.373 W/fb4a.AppInitScheduler|Run( 4836): Running InitMallocHooks, order=95, priorityHint=NORMAL 
07-13 09:20:09.373 W/fb4a.AppInitScheduler|Run( 4836): Running InitMemoryDumpHandler, order=96, priorityHint=NORMAL 
07-13 09:20:09.373 W/fb4a.AppInitScheduler|Run( 4836):   Finished InitMemoryDumpHandler in 0ms
07-13 09:20:09.373 W/fb4a.1UZ( 4836): GWP-ASan gate: noMallocHooks=false, enableGwpAsan=false
07-13 09:20:09.373 W/fb4a.AppInitScheduler|Run( 4836):   Finished InitMallocHooks in 1ms
07-13 09:20:09.373 W/fb4a.AppInitScheduler|Run( 4836): Running InitSystrace, order=101, priorityHint=NORMAL 
07-13 09:20:09.373 W/fb4a.AppInitScheduler|Run( 4836): Running InitSurfaces, order=100, priorityHint=NORMAL 
07-13 09:20:09.374 D/MiuiFastConnectService( 4886): onCreate()
07-13 09:20:09.375 W/fb4a.AppInitScheduler|Run( 4836):   Finished InitSystrace in 2ms
07-13 09:20:09.376 W/fb4a.AppInitScheduler|Run( 4836): Running LanguageSwitcherCommonExInit, order=103, priorityHint=NORMAL 
07-13 09:20:09.376 W/fb4a.AppInitScheduler|Run( 4836): Running LocationRequestDetector, order=104, priorityHint=NORMAL 
07-13 09:20:09.376 W/fb4a.AppInitScheduler|Run( 4836):   Finished LocationRequestDetector in 0ms
07-13 09:20:09.376 W/fb4a.AppInitScheduler|Run( 4836): Running LogController, order=105, priorityHint=NORMAL 
07-13 09:20:09.377 W/fb4a.AppInitScheduler|Run( 4836):   Finished LogController in 0ms
07-13 09:20:09.377 W/fb4a.AppInitScheduler|Run( 4836): Running MessageQueueDoctor, order=106, priorityHint=NORMAL 
07-13 09:20:09.377 W/fb4a.AppInitScheduler|Run( 4836):   Finished MessageQueueDoctor in 0ms
07-13 09:20:09.377 W/fb4a.AppInitScheduler|Run( 4836): Running MqttEarlySyncInitializerAfterAppCreate, order=107, priorityHint=NORMAL 
07-13 09:20:09.377 W/fb4a.AppInitScheduler|Run( 4836):   Finished MqttEarlySyncInitializerAfterAppCreate in 1ms
07-13 09:20:09.377 W/fb4a.AppInitScheduler|Run( 4836): Running ObjectCountJestE2EBridge, order=108, priorityHint=NORMAL 
07-13 09:20:09.377 W/fb4a.AppInitScheduler|Run( 4836):   Finished ObjectCountJestE2EBridge in 0ms
07-13 09:20:09.377 W/fb4a.AppInitScheduler|Run( 4836): Running PendingStoryStoreInitializer, order=109, priorityHint=NORMAL 
07-13 09:20:09.377 W/fb4a.AppInitScheduler|Run( 4836):   Finished PendingStoryStoreInitializer in 0ms
07-13 09:20:09.377 W/fb4a.AppInitScheduler|Run( 4836): Running PreloadIconsInit, order=110, priorityHint=NORMAL 
07-13 09:20:09.377 D/CACHE_HINTS( 4836): Entering madvise file
07-13 09:20:09.383 D/LocalBluetoothProfileManager( 4886): LocalBluetoothProfileManager construction complete
07-13 09:20:09.383 D/CACHE_HINTS( 4836): MADVISE_RAND file 0x7ca6a96000 3309567 /data/data/com.facebook.katana/app_restricks/layouts.bin
07-13 09:20:09.386 I/libPerfCtl( 1059): xgfGetFPS pid:2459 fps:-1
07-13 09:20:09.386 I/libPerfCtl( 1059): xgfGetFPS pid:2470 fps:-1
07-13 09:20:09.386 I/libPerfCtl( 1059): xgfGetFPS pid:4632 fps:-1
07-13 09:20:09.389 D/CompatibilityChangeReporter( 4836): Compat change id reported: 147600208; UID 10265; state: ENABLED
07-13 09:20:09.389 D/LocalBluetoothProfileManager( 4886): Adding local A2DP profile
07-13 09:20:09.389 D/C2MtkBufferManager( 1041): over 5000ms not request from VCodec but callback hooked, slow BM Cc fetch thread
07-13 09:20:09.392 D/BluetoothA2dp( 4886): Binding service...
07-13 09:20:09.393 D/BluetoothManagerService( 1813): send proxy for profile: 2
07-13 09:20:09.394 D/LocalBluetoothProfileManager( 4886): Adding local HEADSET profile
07-13 09:20:09.394 D/BluetoothA2dp( 4886): Proxy object connected
07-13 09:20:09.395 W/ComponentDiscovery( 4836): Class com.google.firebase.dynamicloading.DynamicLoadingRegistrar is not an found.
07-13 09:20:09.396 W/fb4a.AppInitScheduler|Run( 4836):   Finished InitFury in 35ms
07-13 09:20:09.396 W/fb4a.AppInitScheduler|Run( 4836): Running PreloadNativeLibrariesVif, order=111, priorityHint=NORMAL 
07-13 09:20:09.396 W/fb4a.AppInitScheduler|Run( 4836):   Finished PreloadNativeLibrariesVif in 1ms
07-13 09:20:09.396 W/fb4a.AppInitScheduler|Run( 4836): SKIP AppInit 381:PreloadVideoHomeDataController for start destination 6
07-13 09:20:09.396 W/fb4a.AppInitScheduler|Run( 4836):   Finished InitSurfaces in 23ms
07-13 09:20:09.396 W/fb4a.AppInitScheduler|Run( 4836):   Finished PreloadVideoHomeDataController in 0ms
07-13 09:20:09.396 W/fb4a.AppInitScheduler|Run( 4836): Running RasFileInitializer, order=115, priorityHint=NORMAL 
07-13 09:20:09.396 W/fb4a.AppInitScheduler|Run( 4836): Running ProfiloBridgeFactoryImpl, order=114, priorityHint=NORMAL 
07-13 09:20:09.397 W/fb4a.AppInitScheduler|Run( 4836):   Finished RasFileInitializer in 0ms
07-13 09:20:09.397 W/fb4a.AppInitScheduler|Run( 4836): Running RegisterMainLooperTracer, order=116, priorityHint=NORMAL 
07-13 09:20:09.397 W/fb4a.AppInitScheduler|Run( 4836):   Finished RegisterMainLooperTracer in 1ms
07-13 09:20:09.397 W/fb4a.AppInitScheduler|Run( 4836): Running ReleaseDeferredBroadcastReceiver, order=117, priorityHint=NORMAL 
07-13 09:20:09.397 W/fb4a.AppInitScheduler|Run( 4836):   Finished ReleaseDeferredBroadcastReceiver in 0ms
07-13 09:20:09.397 W/fb4a.AppInitScheduler|Run( 4836): Running ReliabilityExperiments, order=118, priorityHint=NORMAL 
07-13 09:20:09.399 W/Profilo/TraceControl( 4836): START PROFILO_TRACEID: DtbGUy6ENUz 30539777
07-13 09:20:09.400 D/BluetoothHeadset( 4886): Binding service...
07-13 09:20:09.401 D/BluetoothManagerService( 1813): send proxy for profile: 1
07-13 09:20:09.401 D/BluetoothHeadset( 4886): Proxy object connected
07-13 09:20:09.401 D/LocalBluetoothProfileManager( 4886): Adding local MAP profile
07-13 09:20:09.403 D/BluetoothMap( 4886): Create BluetoothMap proxy object
07-13 09:20:09.404 D/BluetoothMap( 4886): Binding service...
07-13 09:20:09.405 E/fb4a.AppState( 4836): Returning default for firstRunInfo
07-13 09:20:09.406 D/BluetoothManagerService( 1813): send proxy for profile: 9
07-13 09:20:09.406 D/BluetoothMap( 4886): Proxy object connected
07-13 09:20:09.407 D/LocalBluetoothProfileManager( 4886): Adding local OPP profile
07-13 09:20:09.407 D/LocalBluetoothProfileManager( 4886): Adding local Hearing Aid profile
07-13 09:20:09.409 W/fb4a.AppInitScheduler|Run( 4836):   Finished LanguageSwitcherCommonExInit in 33ms
07-13 09:20:09.409 W/fb4a.AppInitScheduler|Run( 4836): Running ReliabilityUserPerceptibleScopeToQPL, order=119, priorityHint=NORMAL 
07-13 09:20:09.409 W/fb4a.AppInitScheduler|Run( 4836):   Finished ReliabilityUserPerceptibleScopeToQPL in 0ms
07-13 09:20:09.409 W/fb4a.AppInitScheduler|Run( 4836): Running ReplayBroadcastReceivedDuringAppInit, order=120, priorityHint=NORMAL 
07-13 09:20:09.409 W/fb4a.AppInitScheduler|Run( 4836):   Finished ReplayBroadcastReceivedDuringAppInit in 0ms
07-13 09:20:09.410 W/fb4a.AppInitScheduler|Run( 4836): Running ScheduleLowPriWork, order=121, priorityHint=NORMAL 
07-13 09:20:09.410 D/BluetoothHearingAid( 4886): Binding service...
07-13 09:20:09.410 D/C2MtkBufferManager( 1041): over 5000ms not request from VCodec but callback hooked, slow BM Cc fetch thread
07-13 09:20:09.410 W/fb4a.AppInitScheduler|Run( 4836):   Finished ScheduleLowPriWork in 1ms
07-13 09:20:09.410 W/fb4a.AppInitScheduler|Run( 4836): Running SetupDynaBuilds, order=122, priorityHint=NORMAL 
07-13 09:20:09.410 W/fb4a.AppInitScheduler|Run( 4836):   Finished SetupDynaBuilds in 0ms
07-13 09:20:09.410 W/fb4a.AppInitScheduler|Run( 4836): Running TabBadgeFetchAppInit, order=123, priorityHint=NORMAL 
07-13 09:20:09.410 W/fb4a.AppInitScheduler|Run( 4836):   Finished TabBadgeFetchAppInit in 0ms
07-13 09:20:09.410 W/fb4a.AppInitScheduler|Run( 4836): Running WarmFacebookEmojiFont, order=124, priorityHint=NORMAL 
07-13 09:20:09.411 D/BluetoothManagerService( 1813): send proxy for profile: 21
07-13 09:20:09.411 W/fb4a.AppInitScheduler|Run( 4836):   Finished WarmFacebookEmojiFont in 0ms
07-13 09:20:09.411 W/fb4a.AppInitScheduler|Run( 4836): Running WhitehatOverlayInitializer, order=125, priorityHint=NORMAL 
07-13 09:20:09.411 D/BluetoothHearingAid( 4886): Proxy object connected
07-13 09:20:09.411 W/fb4a.AppInitScheduler|Run( 4836):   Finished WhitehatOverlayInitializer in 1ms
07-13 09:20:09.411 W/fb4a.AppInitScheduler|Run( 4836): RUN AppInit 356:PreloadFeedDataLoader for start destination 6
07-13 09:20:09.411 W/fb4a.AppInitScheduler|Run( 4836): Running PreloadFeedDataLoader, order=126, priorityHint=LOW 
07-13 09:20:09.412 D/LocalBluetoothProfileManager( 4886): Adding local HID_HOST profile
07-13 09:20:09.415 D/BluetoothHidHost( 4886): Binding service...
07-13 09:20:09.416 D/BluetoothManagerService( 1813): send proxy for profile: 4
07-13 09:20:09.417 D/BluetoothHidHost( 4886): Proxy object connected
07-13 09:20:09.417 D/LocalBluetoothProfileManager( 4886): Adding local HID_DEVICE profile
07-13 09:20:09.417 W/fb4a.AppInitScheduler|Run( 4836): RUN AppInit 358:PreloadFeedFullCacheLoad for start destination 6
07-13 09:20:09.418 W/fb4a.AppInitScheduler|Run( 4836): Running PreloadFeedFullCacheLoad, order=127, priorityHint=LOW 
07-13 09:20:09.419 D/BluetoothHidDevice( 4886): Binding service...
07-13 09:20:09.420 D/BluetoothManagerService( 1813): send proxy for profile: 19
07-13 09:20:09.421 D/BluetoothHidDevice( 4886): Proxy object connected
07-13 09:20:09.421 D/MiuiAppCertUtil( 4886): clean app  cn.ninebot.ninebot ---- false
07-13 09:20:09.422 D/MiuiNearbyService( 4886): parse com.qinggan.app.arielapp
07-13 09:20:09.422 D/LocalBluetoothProfileManager( 4886): Adding local PAN profile
07-13 09:20:09.422 D/MiuiAppCertUtil( 4886): addWhiteListApp: com.qinggan.app.arielapp
07-13 09:20:09.422 D/MiuiNearbyService( 4886): parse cn.ninebot.ninebot
07-13 09:20:09.422 D/MiuiAppCertUtil( 4886): addWhiteListApp: cn.ninebot.ninebot
07-13 09:20:09.422 D/MiuiNearbyService( 4886): parse com.xiaomi.wearable
07-13 09:20:09.422 D/MiuiAppCertUtil( 4886): addWhiteListApp: com.xiaomi.wearable
07-13 09:20:09.422 D/MiuiNearbyService( 4886): parse cn.com.changan.cvim
07-13 09:20:09.423 D/MiuiAppCertUtil( 4886): addWhiteListApp: cn.com.changan.cvim
07-13 09:20:09.423 D/MiuiNearbyService( 4886): parse com.saicmotor.tocapp
07-13 09:20:09.424 D/MiuiAppCertUtil( 4886): addWhiteListApp: com.saicmotor.tocapp
07-13 09:20:09.424 D/MiuiNearbyService( 4886): parse com.trustkernel.kpp.app
07-13 09:20:09.424 D/MiuiAppCertUtil( 4886): addWhiteListApp: com.trustkernel.kpp.app
07-13 09:20:09.424 D/MiuiNearbyService( 4886): parse com.saicmaxus.maxuslife
07-13 09:20:09.424 D/MiuiAppCertUtil( 4886): addWhiteListApp: com.saicmaxus.maxuslife
07-13 09:20:09.425 D/MiuiNearbyService( 4886): parse com.xiaopeng.mycarinfo
07-13 09:20:09.425 D/MiuiAppCertUtil( 4886): addWhiteListApp: com.xiaopeng.mycarinfo
07-13 09:20:09.425 D/MiuiNearbyService( 4886): parse com.chehejia.oc.m01
07-13 09:20:09.425 D/MiuiAppCertUtil( 4886): addWhiteListApp: com.chehejia.oc.m01
07-13 09:20:09.425 D/MiuiNearbyService( 4886): parse com.teslamotors.tesla
07-13 09:20:09.425 D/MiuiAppCertUtil( 4886): addWhiteListApp: com.teslamotors.tesla
07-13 09:20:09.425 D/MiuiNearbyService( 4886): parse com.zeekrlife.mobile
07-13 09:20:09.425 D/MiuiAppCertUtil( 4886): addWhiteListApp: com.zeekrlife.mobile
07-13 09:20:09.425 D/MiuiNearbyService( 4886): parse com.saicmotor.mg
07-13 09:20:09.425 D/MiuiAppCertUtil( 4886): addWhiteListApp: com.saicmotor.mg
07-13 09:20:09.425 D/MiuiNearbyService( 4886): parse com.immotors.lapp
07-13 09:20:09.426 D/BluetoothPan( 4886): Binding service...
07-13 09:20:09.426 D/MiuiAppCertUtil( 4886): addWhiteListApp: com.immotors.lapp
07-13 09:20:09.426 D/MiuiNearbyService( 4886): parse com.cfmoto
