07-13 10:22:58.490 D/CompatibilityChangeReporter( 1813): Compat change id reported: 135772972; UID 10210; state: DISABLED
07-13 10:22:58.490 D/CompatibilityChangeReporter( 1813): Compat change id reported: 135754954; UID 10210; state: ENABLED
07-13 10:22:58.490 I/libPowerHal( 1059): [PE] MTKPOWER_HINT_PROCESS_CREATE update cmd:1410000, param:1
07-13 10:22:58.491 D/CompatibilityChangeReporter( 1813): Compat change id reported: 143937733; UID 10210; state: ENABLED
07-13 10:22:58.491 D/CompatibilityChangeReporter( 1813): Compat change id reported: 170503758; UID 10281; state: ENABLED
07-13 10:22:58.492 I/libPowerHal( 1059): [perfLockRel] hdl:247291, idx:-1
07-13 10:22:58.493 D/RecentsModel( 2470): onTaskStackChangedBackground
07-13 10:22:58.494 D/EventBus( 2470): No subscribers registered for event class com.miui.home.recents.messages.RecentTasksChangedEvent
07-13 10:22:58.494 D/EventBus( 2470): No subscribers registered for event class org.greenrobot.eventbus.NoSubscriberEvent
07-13 10:22:58.494 D/RecentsModel( 2470): onTaskStackChangedBackground
07-13 10:22:58.494 D/EventBus( 2470): No subscribers registered for event class com.miui.home.recents.messages.RecentTasksChangedEvent
07-13 10:22:58.494 D/EventBus( 2470): No subscribers registered for event class org.greenrobot.eventbus.NoSubscriberEvent
07-13 10:22:58.495 D/RecentsModel( 2470): onTaskStackChangedBackground    MSG_TASK_STACK_CHANGE
07-13 10:22:58.495 D/RecentsModel( 2470): preloadRecents
07-13 10:22:58.495 W/RecentsModel( 2470): getRunningTask
07-13 10:22:58.496 E/BufferQueueDebug( 1133): [a436bb7 Splash Screen com.skillsroom.mobile#78914](this:0xb40000785b3aca30,id:-1,api:0,p:-1,c:-1) id info cannot be read from 'a436bb7 Splash Screen com.skillsroom.mobile#78914'
07-13 10:22:58.497 I/BufferQueueDebug( 1133): [a436bb7 Splash Screen com.skillsroom.mobile#78914](this:0xb40000785b3aca30,id:-1,api:0,p:-1,c:-1) BufferQueue core=(1133:/system/bin/surfaceflinger)
07-13 10:22:58.497 D/StatusBarController( 2470): handleMessage: flag 1000000  disable false
07-13 10:22:58.497 D/C2MtkBufferManager( 1041): over 5000ms not request from VCodec but callback hooked, slow BM Cc fetch thread
07-13 10:22:58.501 E/BufferQueueDebug( 1133): [com.miui.home/com.miui.home.launcher.Launcher#78915](this:0xb40000785b4fba30,id:-1,api:0,p:-1,c:-1) id info cannot be read from 'com.miui.home/com.miui.home.launcher.Launcher#78915'
07-13 10:22:58.502 I/BufferQueueDebug( 1133): [com.miui.home/com.miui.home.launcher.Launcher#78915](this:0xb40000785b4fba30,id:-1,api:0,p:-1,c:-1) BufferQueue core=(1133:/system/bin/surfaceflinger)
07-13 10:22:58.502 W/ProcessStats( 1813): Tracking association SourceState{8eb3202 com.google.android.gms/10157 BTop #2374412} whose proc state 2 is better than process ProcessState{855c234 com.google.android.gms.persistent/10157 pkg=com.google.android.gms} proc state 3 (133 skipped)
07-13 10:22:58.509 D/Zygote  ( 1023): Forked child process 15877
07-13 10:22:58.509 D/BoundBrokerSvc( 8414): onBind: Intent { act=com.google.android.gms.measurement.START pkg=com.google.android.gms }
07-13 10:22:58.509 D/BoundBrokerSvc( 8414): Loading bound service for intent: Intent { act=com.google.android.gms.measurement.START pkg=com.google.android.gms }
07-13 10:22:58.513 I/WindowManager( 1813): Relayout Window{52dece7 u0 com.miui.home/com.miui.home.launcher.Launcher}: oldVis=8 newVis=0 focusMayChange = true requestedWidth = 720 requestedHeight = 1600 outFrames = ClientWindowFrames{frame=[0,0][720,1600] display=[0,0][720,1600] parentFrame=[0,0][0,0]} outSurfaceControl = Surface(name=com.miui.home/com.miui.home.launcher.Launcher#78915)/@0xd921289
07-13 10:22:58.517 E/Zygote  (15877): process_name_ptr:15877 com.skillsroom.mobile
07-13 10:22:58.517 D/C2MtkBufferManager( 1041): over 5000ms not request from VCodec but callback hooked, slow BM Cc fetch thread
07-13 10:22:58.519 I/MiuiNetworkPolicy( 1813): updateUidState uid = 10281, uidState = 8
07-13 10:22:58.519 D/BufferQueueConsumer( 2470): [](id:9a600000539,api:0,p:-1,c:2470) connect: controlledByApp=false
07-13 10:22:58.520 W/RecentsModel( 2470): getRunningTask   taskInfo=TaskInfo{userId=0 taskId=5369 displayId=0 isRunning=true baseIntent=Intent { flg=0x10000000 cmp=com.skillsroom.mobile/.MainActivity } baseActivity=ComponentInfo{com.skillsroom.mobile/com.skillsroom.mobile.MainActivity} topActivity=ComponentInfo{com.skillsroom.mobile/com.skillsroom.mobile.MainActivity} origActivity=null realActivity=ComponentInfo{com.skillsroom.mobile/com.skillsroom.mobile.MainActivity} numActivities=1 lastActiveTime=696178172 supportsSplitScreenMultiWindow=true supportsMultiWindow=true resizeMode=1 isResizeable=true minWidth=-1 minHeight=-1 defaultMinSize=200 token=WCT{android.window.IWindowContainerToken$Stub$Proxy@5a22ed6} topActivityType=1 pictureInPictureParams=null shouldDockBigOverlays=false launchIntoPipHostTaskId=-1 lastParentTaskIdBeforePip=-1 displayCutoutSafeInsets=Rect(0, 68 - 0, 0) topActivityInfo=ActivityInfo{fd75557 com.skillsroom.mobile.MainActivity} launchCookies=[] positionInParent=Point(0, 0) parentTaskId=-1 isFocused=false isVisible=false isVisibleRequested=true isSleeping=false topActivityInSizeCompat=false topActivityEligibleForLetterboxEducation= false topActivityLetterboxed= false isFromDoubleTap= false topActivityLetterboxVerticalPosition= -1 topActivityLetterboxHorizontalPosition= -1 topActivityLetterboxWidth=-1 topActivityLetterboxHeight=-1 locusId=null displayAreaFeatureId=1 cameraCompatControlState=hidden mIsCastMode=false mTopActivityMediaSize=null mTopActivityRecordName=ActivityRecord{ee6c3bf u0 com.skillsroom.mobile/.MainActivity t5369} mTopActivityOrientation=1 mTopActivityWindowIsNowVisible=false isTranslucent=false isEmbedded=false shouldBeVisible=true mBehindAppLockPkg=null mOriginatingUid=0}
07-13 10:22:58.520 W/RecentsModel( 2470): getTaskInfoIgnoreHomeAndFreeform   taskInfo=ComponentInfo{com.skillsroom.mobile/com.skillsroom.mobile.MainActivity}
07-13 10:22:58.524 I/MiuiNetworkPolicy( 1813): updateUidState uid = 99051, uidState = 3
07-13 10:22:58.524 I/MiuiNetworkPolicy( 1813): updateUidState uid = 10240, uidState = 3
07-13 10:22:58.524 I/MiuiNetworkPolicy( 1813): updateUidState uid = 10157, uidState = 3
07-13 10:22:58.527 W/libprocessgroup( 1813): SetCgroup::ExecuteForProcess: failed to open /dev/blkio//cgroup.procs: No such file or directory
07-13 10:22:58.530 D/nativeloader(15847): Configuring clns-4 for other apk /system/framework/org.apache.http.legacy.jar. target_sdk_version=36, uses_libraries=ALL, library_path=/data/app/~~HtXuCatbu9Ju0hzw9If0MQ==/com.whatsapp.w4b-1-xurdMqiNsIXaCL8J90cg==/lib/arm64:/data/app/~~HtXuCatbu9Ju0hzw9If0MQ==/com.whatsapp.w4b-1-xurdMqiNsIXaCL8J90cg==/base.apk!/lib/arm64-v8a:/data/app/~~HtXuCatbu9Ju0hzw9If0MQ==/com.whatsapp.w4b-1-xurdMqiNsIXaCL8J90cg==/split_config.arm64_v8a.apk!/lib/arm64-v8a:/data/app/~~HtXuCatbu9Ju0hzw9If0MQ==/com.whatsapp.w4b-1-xurdMqiNsIXaCL8J90cg==/split_config.xhdpi.apk!/lib/arm64-v8a, permitted_path=/data:/mnt/expand:/data/user/0/com.whatsapp.w4b
07-13 10:22:58.530 E/ActivityManagerWrapper( 2470): get all recent tasks force including 5369
07-13 10:22:58.530 D/nativeloader(15847): Extending system_exposed_libraries: libapuwareapusys.mtk.so:libapuwareapusys_v2.mtk.so:libapuwarexrp.mtk.so:libapuwarexrp_v2.mtk.so:libapuwareutils.mtk.so:libapuwareutils_v2.mtk.so:libapuwarehmp.mtk.so:libmcv_runtime_usdk.mtk.so:libneuron_graph_delegate.mtk.so:libneuronusdk_adapter.mtk.so:libtflite_mtk.mtk.so:libarmnn_ndk.mtk.so:libcmdl_ndk.mtk.so:libnir_neon_driver_ndk.mtk.so:libmvpu_runtime.mtk.so:libmvpu_runtime_pub.mtk.so:libmvpu_engine_pub.mtk.so:libmvpu_pattern_pub.mtk.so:libmvpuop_mtk_cv.mtk.so:libmvpuop_mtk_nn.mtk.so:libmvpu_runtime_25.mtk.so:libmvpu_runtime_25_pub.mtk.so:libmvpu_engine_25_pub.mtk.so:libmvpu_pattern_25_pub.mtk.so:libmvpuop25_mtk_cv.mtk.so:libmvpuop25_mtk_nn.mtk.so:libmvpu_config.mtk.so:libteeservice_client.trustonic.so:libmisys_jni.xiaomi.so
07-13 10:22:58.535 D/VRI[Launcher]( 2470): vri.reportNextDraw android.view.ViewRootImpl.performTraversals:4402 android.view.ViewRootImpl.doTraversal:3018 android.view.ViewRootImpl$TraversalRunnable.run:10526 android.view.Choreographer$CallbackRecord.run:1682 android.view.Choreographer$CallbackRecord.run:1691 
07-13 10:22:58.538 I/mtkpower@impl( 1059): [powerd_req] TIMER_MSG_PERF_LOCK_TIMEOUT hdl:247294
07-13 10:22:58.538 I/libPowerHal( 1059): [perfLockRel] hdl:247294, idx:3
07-13 10:22:58.539 I/libPowerHal( 1059): [unsetGPUFreq] current min:0, max:0; scn_gpu_min:0, scn_gpu_max:-1; scn_gpu_min(HL):-1, scn_gpu_max(HL):-1
07-13 10:22:58.539 I/libPowerHal( 1059): system_server: set gpu opp level: 31
07-13 10:22:58.538 W/ActivityManager( 1813): Slow operation: 57ms so far, now at startProcess: done updating battery stats
07-13 10:22:58.539 I/libPowerHal( 1059): system_server: set gpu opp level max: 0
07-13 10:22:58.539 I/libPowerHal( 1059): [setGPUFreq] Soft min/max = (31, 0); Hard min/max = (31, 0)
07-13 10:22:58.539 I/libPowerHal( 1059): [setGPUFreq] final min/max = (31, 0)
07-13 10:22:58.539 I/libPowerHal( 1059): system_server: set gpu opp level: 31
07-13 10:22:58.539 I/libPowerHal( 1059): system_server: set gpu opp level max: 0
07-13 10:22:58.539 D/C2MtkBufferManager( 1041): over 5000ms not request from VCodec but callback hooked, slow BM Cc fetch thread
07-13 10:22:58.540 D/VRI[Launcher]( 2470): vri.Setup new sync=wmsSync-VRI[Launcher]#58
07-13 10:22:58.540 W/ActivityManager( 1813): Slow operation: 59ms so far, now at startProcess: building log message
07-13 10:22:58.540 I/ActivityManager( 1813): Start proc 15877:com.skillsroom.mobile/u0a210 for next-top-activity {com.skillsroom.mobile/com.skillsroom.mobile.MainActivity} caller=com.android.shell
07-13 10:22:58.540 W/ActivityManager( 1813): Slow operation: 59ms so far, now at startProcess: starting to update pids map
07-13 10:22:58.541 W/ActivityManager( 1813): Slow operation: 61ms so far, now at startProcess: done updating pids map
07-13 10:22:58.544 E/BufferQueueDebug( 1133): [Splash Screen com.skillsroom.mobile#78916](this:0xb40000785b50da30,id:-1,api:0,p:-1,c:-1) id info cannot be read from 'Splash Screen com.skillsroom.mobile#78916'
07-13 10:22:58.544 I/BufferQueueDebug( 1133): [Splash Screen com.skillsroom.mobile#78916](this:0xb40000785b50da30,id:-1,api:0,p:-1,c:-1) BufferQueue core=(1133:/system/bin/surfaceflinger)
07-13 10:22:58.545 I/MiuiNetworkPolicy( 1813): updateUidState uid = 10210, uidState = 19
07-13 10:22:58.546 D/CompatibilityChangeReporter( 1813): Compat change id reported: 265195908; UID 10210; state: ENABLED
07-13 10:22:58.546 I/illsroom.mobile(15877): Late-enabling -Xcheck:jni
07-13 10:22:58.554 D/ActivityManager( 1813): getProcessesInErrorState callingUid=10283, CallingPid=13690
07-13 10:22:58.560 D/C2MtkBufferManager( 1041): over 5000ms not request from VCodec but callback hooked, slow BM Cc fetch thread
07-13 10:22:58.560 D/CoreBackPreview( 1813): Window{a436bb7 u0 Splash Screen com.skillsroom.mobile}: Setting back callback OnBackInvokedCallbackInfo{mCallback=android.window.IOnBackInvokedCallback$Stub$Proxy@1ccdebc, mPriority=0, mIsAnimationCallback=false}
07-13 10:22:58.560 D/BufferQueueConsumer( 2459): [](id:99b00000b3a,api:0,p:-1,c:2459) connect: controlledByApp=false
07-13 10:22:58.563 E/ActivityManagerWrapper( 2470): getRecentTasks: size=9
07-13 10:22:58.564 E/ActivityManagerWrapper( 2470): getRecentTasks: mainTaskId=5369   userId=0   windowMode=1   baseIntent=Intent { act=null flag=268435456 cmp=ComponentInfo{com.skillsroom.mobile/com.skillsroom.mobile.MainActivity} }
07-13 10:22:58.564 E/ActivityManagerWrapper( 2470): getRecentTasks: mainTaskId=5341   userId=0   windowMode=1   baseIntent=Intent { act=android.intent.action.MAIN flag=270532608 cmp=ComponentInfo{com.whatsapp.w4b/com.whatsapp.Main} }
07-13 10:22:58.565 E/ActivityManagerWrapper( 2470): getRecentTasks: mainTaskId=5344   userId=0   windowMode=1   baseIntent=Intent { act=android.intent.action.MAIN flag=270532608 cmp=ComponentInfo{com.facebook.lite/com.facebook.lite.MainActivity} }
07-13 10:22:58.565 E/ActivityManagerWrapper( 2470): getRecentTasks: mainTaskId=5336   userId=0   windowMode=1   baseIntent=Intent { act=android.intent.action.MAIN flag=270532608 cmp=ComponentInfo{com.google.android.dialer/com.google.android.dialer.extensions.GoogleDialtactsActivity} }
07-13 10:22:58.565 E/ActivityManagerWrapper( 2470): getRecentTasks: mainTaskId=5335   userId=0   windowMode=1   baseIntent=Intent { act=android.intent.action.MAIN flag=270532608 cmp=ComponentInfo{com.shaiban.audioplayer.mplayer/com.shaiban.audioplayer.mplayer.app.navigation.NavigatingActivity} }
07-13 10:22:58.568 E/OpenGLRenderer( 2470): Unable to match the desired swap behavior.
07-13 10:22:58.571 E/OpenGLRenderer( 2459): Unable to match the desired swap behavior.
07-13 10:22:58.571 E/ActivityManagerWrapper( 2470): getRecentTasks: mainTaskId=5287   userId=0   windowMode=1   baseIntent=Intent { act=android.intent.action.MAIN flag=270532608 cmp=ComponentInfo{ng.mtn.nextgen/ng.mtn.nextgen.MainActivity} }
07-13 10:22:58.572 E/ActivityManagerWrapper( 2470): getRecentTasks: mainTaskId=5273   userId=0   windowMode=1   baseIntent=Intent { act=android.settings.APPLICATION_DEVELOPMENT_SETTINGS flag=268468224 cmp=ComponentInfo{com.android.settings/com.android.settings.Settings$DevelopmentSettingsDashboardActivity} }
07-13 10:22:58.572 E/ActivityManagerWrapper( 2470): getRecentTasks: mainTaskId=5246   userId=0   windowMode=1   baseIntent=Intent { act=android.intent.action.MAIN flag=270532608 cmp=ComponentInfo{cn.xender/cn.xender.ui.activity.SplashActivity} }
07-13 10:22:58.572 E/ActivityManagerWrapper( 2470): getRecentTasks: mainTaskId=5239   userId=0   windowMode=1   baseIntent=Intent { act=android.intent.action.MAIN flag=270532608 cmp=ComponentInfo{com.android.camera/com.android.camera.Camera} }
07-13 10:22:58.579 D/VRI[mobile]( 2459): vri.reportNextDraw android.view.ViewRootImpl.performTraversals:4402 android.view.ViewRootImpl.doTraversal:3018 android.view.ViewRootImpl$TraversalRunnable.run:10526 android.view.Choreographer$CallbackRecord.run:1682 android.view.Choreographer$CallbackRecord.run:1691 
07-13 10:22:58.579 D/VRI[mobile]( 2459): vri.Setup new sync=wmsSync-VRI[mobile]#73
07-13 10:22:58.582 D/C2MtkBufferManager( 1041): over 5000ms not request from VCodec but callback hooked, slow BM Cc fetch thread
07-13 10:22:58.586 D/OpenGLRenderer( 2459): makeCurrent grContext:0xb400007c8cc6f720 reset mTextureAvailable
07-13 10:22:58.602 D/C2MtkBufferManager( 1041): over 5000ms not request from VCodec but callback hooked, slow BM Cc fetch thread
07-13 10:22:58.610 I/illsroom.mobile(15877): Using generational CollectorTypeCC GC.
07-13 10:22:58.623 D/C2MtkBufferManager( 1041): over 5000ms not request from VCodec but callback hooked, slow BM Cc fetch thread
07-13 10:22:58.632 I/adbd    (21521): jdwp connection from 15877
07-13 10:22:58.643 D/C2MtkBufferManager( 1041): over 5000ms not request from VCodec but callback hooked, slow BM Cc fetch thread
07-13 10:22:58.651 I/lowmemorykiller(  475): Kill 'com.instagram.android' (13715), uid 10317, oom_score_adj 935 to free 177076kB rss, 96128kB swap; reason: device is in direct reclaim and thrashing (23%)
07-13 10:22:58.663 D/C2MtkBufferManager( 1041): over 5000ms not request from VCodec but callback hooked, slow BM Cc fetch thread
07-13 10:22:58.669 E/surfaceflinger( 1133): == MALI DEBUG ===eglp_winsys_populate_image_templates ==12288
07-13 10:22:58.667 D/BLASTBufferQueue( 2459): [VRI[mobile]#2781](f:0,a:1) acquireNextBufferLocked size=720x1600 mFrameNumber=1 applyTransaction=true mTimestamp=627082044797145(auto) mPendingTransactions.size=0 graphicBufferId=10561324610918 transform=0
07-13 10:22:58.671 D/VRI[mobile]( 2459): vri.reportDrawFinished
07-13 10:22:58.673 W/WindowManager( 1813): finishDrawingWindow: Window{a436bb7 u0 Splash Screen com.skillsroom.mobile} mDrawState=DRAW_PENDING
07-13 10:22:58.676 I/gralloc4( 1133): @set_metadata: update dataspace from GM (0x08010000 -> 0x00000000)
07-13 10:22:58.684 D/C2MtkBufferManager( 1041): over 5000ms not request from VCodec but callback hooked, slow BM Cc fetch thread
07-13 10:22:58.688 E/ThermalInfoUtils( 7233): getCurrentCapacity Exceptionjava.io.FileNotFoundException: /sys/class/power_supply/battery/charge_counter: open failed: EACCES (Permission denied)
07-13 10:22:58.683 W/ThermalCollecto( 7233): type=1400 audit(0.0:611037): avc:  denied  { read } for  name="charge_counter" dev="sysfs" ino=36942 scontext=u:r:system_app:s0 tcontext=u:object_r:sysfs_batteryinfo:s0 tclass=file permissive=0
07-13 10:22:58.693 I/libprocessgroup( 1813): Successfully killed process cgroup uid 10317 pid 13715 in 37ms
07-13 10:22:58.694 D/nativeloader(15877): Load libframework-connectivity-tiramisu-jni.so using APEX ns com_android_tethering for caller /apex/com.android.tethering/javalib/framework-connectivity-t.jar: ok
07-13 10:22:58.705 D/C2MtkBufferManager( 1041): over 5000ms not request from VCodec but callback hooked, slow BM Cc fetch thread
07-13 10:22:58.718 W/chbox:googleapp(15846): Failed to find entry 'classes.dex': Entry not found
07-13 10:22:58.725 D/C2MtkBufferManager( 1041): over 5000ms not request from VCodec but callback hooked, slow BM Cc fetch thread
07-13 10:22:58.730 W/chbox:googleapp(15846): Failed to find entry 'classes.dex': Entry not found
07-13 10:22:58.730 I/MessageMonitor(15877): Load libmiui_runtime
07-13 10:22:58.739 W/chbox:googleapp(15846): Failed to find entry 'classes.dex': Entry not found
07-13 10:22:58.741 D/nativeloader(15846): Configuring clns-5 for other apk /data/app/~~Z-HmI1stqjfbfkWhJgGGiQ==/com.google.android.googlequicksearchbox-QHCqd3nTI1c_r9Njs0kq1w==/base.apk:/data/app/~~Z-HmI1stqjfbfkWhJgGGiQ==/com.google.android.googlequicksearchbox-QHCqd3nTI1c_r9Njs0kq1w==/split_config.xhdpi.apk:/data/app/~~Z-HmI1stqjfbfkWhJgGGiQ==/com.google.android.googlequicksearchbox-QHCqd3nTI1c_r9Njs0kq1w==/split_lens_ondevice_engine_feature_module.apk:/data/app/~~Z-HmI1stqjfbfkWhJgGGiQ==/com.google.android.googlequicksearchbox-QHCqd3nTI1c_r9Njs0kq1w==/split_lens_ondevice_engine_play_ml_module.apk. target_sdk_version=37, uses_libraries=, library_path=/data/app/~~Z-HmI1stqjfbfkWhJgGGiQ==/com.google.android.googlequicksearchbox-QHCqd3nTI1c_r9Njs0kq1w==/lib/arm64:/data/app/~~Z-HmI1stqjfbfkWhJgGGiQ==/com.google.android.googlequicksearchbox-QHCqd3nTI1c_r9Njs0kq1w==/base.apk!/lib/arm64-v8a:/data/app/~~Z-HmI1stqjfbfkWhJgGGiQ==/com.google.android.googlequicksearchbox-QHCqd3nTI1c_r9Njs0kq1w==/split_config.xhdpi.apk!/lib/arm64-v8a:/data/app/~~Z-HmI1stqjfbfk
07-13 10:22:58.745 D/C2MtkBufferManager( 1041): over 5000ms not request from VCodec but callback hooked, slow BM Cc fetch thread
07-13 10:22:58.766 D/C2MtkBufferManager( 1041): over 5000ms not request from VCodec but callback hooked, slow BM Cc fetch thread
07-13 10:22:58.767 D/SymlinkUtils( 1813): attachApplication file op go pass: 1 ms
07-13 10:22:58.768 I/SmartPower: com.skillsroom.mobile/10210(15877)( 1813): died->invisible(754ms) R(process start ) adj=-10000.
07-13 10:22:58.770 I/MiuiWallpaper-MiuiWallpaperManagerService( 2200): receive broadcast action = android.intent.action.PACKAGE_RESTARTED
07-13 10:22:58.774 D/DragContainerLayout( 2470): dispatch draw with clip rect: null
07-13 10:22:58.780 D/SchedBoost( 1813): com.skillsroom.mobile boosting, skip reset priority
07-13 10:22:58.786 D/C2MtkBufferManager( 1041): over 5000ms not request from VCodec but callback hooked, slow BM Cc fetch thread
07-13 10:22:58.810 D/C2MtkBufferManager( 1041): over 5000ms not request from VCodec but callback hooked, slow BM Cc fetch thread
07-13 10:22:58.814 D/CompatibilityChangeReporter(15877): Compat change id reported: 171979766; UID 10210; state: ENABLED
07-13 10:22:58.816 D/CompatibilityChangeReporter(15877): Compat change id reported: 242716250; UID 10210; state: ENABLED
07-13 10:22:58.822 I/Zygote  ( 1023): Process 13715 exited due to signal 9 (Killed)
07-13 10:22:58.822 I/ActivityManager( 1813): Process com.instagram.android (pid 13715) has died: cch+35 CEM 
07-13 10:22:58.823 E/ProcessManager( 1813): error write exception log
07-13 10:22:58.823 D/ConnectivityService( 1813): releasing NetworkRequest [ REQUEST id=78084, [ Capabilities: INTERNET&NOT_RESTRICTED&TRUSTED&NOT_VCN_MANAGED Uid: 10317 RequestorUid: 10317 RequestorPkg: com.instagram.android UnderlyingNetworks: Null] ] (release request)
07-13 10:22:58.827 I/libprocessgroup( 1813): Successfully killed process cgroup uid 10317 pid 13715 in 0ms
07-13 10:22:58.829 D/ConnectivityService( 1813): releasing NetworkRequest [ REQUEST id=78082, [ Capabilities: INTERNET&NOT_RESTRICTED&TRUSTED&NOT_VCN_MANAGED Uid: 10317 RequestorUid: 10317 RequestorPkg: com.instagram.android UnderlyingNetworks: Null] ] (release request)
07-13 10:22:58.831 W/MiPicks-ProcessObserverV10(21977): onProcessDied:pid = 13715,died-uid=10317
07-13 10:22:58.831 D/UidObserver( 7233): onUidGone entry uid = 10317
07-13 10:22:58.831 I/IPCThreadState( 4459): oneway function results for code 3 on binder at 0xb400007cb4ffdc20 will be dropped but finished with status UNKNOWN_TRANSACTION
07-13 10:22:58.831 I/MiuiNetworkPolicy( 1813): removeUidState uid = 10317
07-13 10:22:58.833 D/ConnectivityService( 1813): releasing NetworkRequest [ REQUEST id=78080, [ Capabilities: INTERNET&NOT_RESTRICTED&TRUSTED&NOT_VCN_MANAGED Uid: 10317 RequestorUid: 10317 RequestorPkg: com.instagram.android UnderlyingNetworks: Null] ] (release request)
07-13 10:22:58.834 I/mtkpower_client( 1813): [Legacy][PowerHal_Wrap_notifyAppState] com.instagram.android/com.instagram.android pid=13715 state:3
07-13 10:22:58.834 D/C2MtkBufferManager( 1041): over 5000ms not request from VCodec but callback hooked, slow BM Cc fetch thread
07-13 10:22:58.835 D/DisplayManagerService( 1813): Drop pending events for gone uid 10317
07-13 10:22:58.835 D/ConnectivityService( 1813): releasing NetworkRequest [ REQUEST id=78075, [ Capabilities: INTERNET&NOT_RESTRICTED&TRUSTED&NOT_VCN_MANAGED Uid: 10317 RequestorUid: 10317 RequestorPkg: com.instagram.android UnderlyingNetworks: Null] ] (release request)
07-13 10:22:58.835 I/libPowerHal( 1059): [perfNotifyAppState] pack:com.instagram.android, act:com.instagram.android, state:3, pid:13715, uid:10317, fps:-1
07-13 10:22:58.836 I/libPowerHal( 1059): [perfNotifyAppState] pack:com.instagram.android, pid:13715, STATE_DEAD
07-13 10:22:58.836 D/RilUtility( 1059): notify_rild_crash_pid_set certPid:-1, crash:13715, scn:0x0
07-13 10:22:58.836 D/ConnectivityService( 1813): releasing NetworkRequest [ REQUEST id=78078, [ Capabilities: INTERNET&NOT_RESTRICTED&TRUSTED&NOT_VCN_MANAGED Uid: 10317 RequestorUid: 10317 RequestorPkg: com.instagram.android UnderlyingNetworks: Null] ] (release request)
07-13 10:22:58.839 D/ConnectivityService( 1813): releasing NetworkRequest [ REQUEST id=78087, [ Capabilities: INTERNET&NOT_RESTRICTED&TRUSTED&NOT_VCN_MANAGED Uid: 10317 RequestorUid: 10317 RequestorPkg: com.instagram.android UnderlyingNetworks: Null] ] (release request)
07-13 10:22:58.840 D/ConnectivityService( 1813): releasing NetworkRequest [ REQUEST id=78091, [ Capabilities: INTERNET&NOT_RESTRICTED&TRUSTED&NOT_VCN_MANAGED Uid: 10317 RequestorUid: 10317 RequestorPkg: com.instagram.android UnderlyingNetworks: Null] ] (release request)
07-13 10:22:58.854 D/C2MtkBufferManager( 1041): over 5000ms not request from VCodec but callback hooked, slow BM Cc fetch thread
07-13 10:22:58.864 W/om.whatsapp.w4b(15847): Failed to find entry 'classes.dex': Entry not found
07-13 10:22:58.865 D/CompatibilityChangeReporter( 1813): Compat change id reported: 170503758; UID 10210; state: ENABLED
07-13 10:22:58.873 W/om.whatsapp.w4b(15847): Failed to find entry 'classes.dex': Entry not found
07-13 10:22:58.874 D/nativeloader(15847): Configuring clns-5 for other apk /data/app/~~HtXuCatbu9Ju0hzw9If0MQ==/com.whatsapp.w4b-1-xurdMqiNsIXaCL8J90cg==/base.apk:/data/app/~~HtXuCatbu9Ju0hzw9If0MQ==/com.whatsapp.w4b-1-xurdMqiNsIXaCL8J90cg==/split_config.arm64_v8a.apk:/data/app/~~HtXuCatbu9Ju0hzw9If0MQ==/com.whatsapp.w4b-1-xurdMqiNsIXaCL8J90cg==/split_config.xhdpi.apk. target_sdk_version=36, uses_libraries=, library_path=/data/app/~~HtXuCatbu9Ju0hzw9If0MQ==/com.whatsapp.w4b-1-xurdMqiNsIXaCL8J90cg==/lib/arm64:/data/app/~~HtXuCatbu9Ju0hzw9If0MQ==/com.whatsapp.w4b-1-xurdMqiNsIXaCL8J90cg==/base.apk!/lib/arm64-v8a:/data/app/~~HtXuCatbu9Ju0hzw9If0MQ==/com.whatsapp.w4b-1-xurdMqiNsIXaCL8J90cg==/split_config.arm64_v8a.apk!/lib/arm64-v8a:/data/app/~~HtXuCatbu9Ju0hzw9If0MQ==/com.whatsapp.w4b-1-xurdMqiNsIXaCL8J90cg==/split_config.xhdpi.apk!/lib/arm64-v8a, permitted_path=/data:/mnt/expand:/data/user/0/com.whatsapp.w4b
07-13 10:22:58.874 D/C2MtkBufferManager( 1041): over 5000ms not request from VCodec but callback hooked, slow BM Cc fetch thread
07-13 10:22:58.876 D/BLASTBufferQueue( 2470): [VRI[Launcher]#1336](f:0,a:1) acquireNextBufferLocked size=720x1600 mFrameNumber=1 applyTransaction=true mTimestamp=627082257123529(auto) mPendingTransactions.size=0 graphicBufferId=10608569235472 transform=0
07-13 10:22:58.877 E/surfaceflinger( 1133): == MALI DEBUG ===eglp_winsys_populate_image_templates ==12288
07-13 10:22:58.878 D/VRI[Launcher]( 2470): vri.reportDrawFinished
07-13 10:22:58.879 W/WindowManager( 1813): finishDrawingWindow: Window{52dece7 u0 com.miui.home/com.miui.home.launcher.Launcher} mDrawState=DRAW_PENDING
07-13 10:22:58.879 D/WindowManager( 1813): wms.finishDrawingLocked: mDrawState=COMMIT_DRAW_PENDING Window{52dece7 u0 com.miui.home/com.miui.home.launcher.Launcher} in Surface(name=com.miui.home/com.miui.home.launcher.Launcher#78915)/@0xb1aa6c0
07-13 10:22:58.881 W/Looper  ( 2470): PerfMonitor doFrame : time=410ms vsyncFrame=0 latency=296ms procState=-1 historyMsgCount=1 (msgIndex=1 wall=308ms seq=658914 late=1ms h=android.app.ActivityThread$H w=159)
07-13 10:22:58.882 W/Launcher( 2470): onDisplayChanged: newRotation=0, mCurrentRotation=0
07-13 10:22:58.883 W/Looper  ( 2470): PerfMonitor looperActivity : package=com.miui.home/.launcher.Launcher time=0ms latency=462ms  procState=-1  historyMsgCount=6 (msgIndex=1 wall=308ms seq=658914 late=1ms h=android.app.ActivityThread$H w=159) (msgIndex=2 wall=410ms seq=658915 late=296ms h=android.view.Choreographer$FrameHandler c=android.view.Choreographer$FrameDisplayEventReceiver)
07-13 10:22:58.884 W/Looper  ( 2470): PerfMonitor looperActivity : package=com.miui.home/.launcher.Launcher time=1ms latency=451ms  procState=-1  historyMsgCount=7 (msgIndex=1 wall=308ms seq=658914 late=1ms h=android.app.ActivityThread$H w=159) (msgIndex=2 wall=410ms seq=658915 late=296ms h=android.view.Choreographer$FrameHandler c=android.view.Choreographer$FrameDisplayEventReceiver)
07-13 10:22:58.884 I/Launcher.widget( 2470): onInvisible Search
07-13 10:22:58.884 D/Launcher.RecommendController( 2470): folder display but only request when folder open
07-13 10:22:58.887 I/gralloc4( 1133): @set_metadata: update dataspace from GM (0x08010000 -> 0x00000000)
07-13 10:22:58.895 D/C2MtkBufferManager( 1041): over 5000ms not request from VCodec but callback hooked, slow BM Cc fetch thread
07-13 10:22:58.915 D/C2MtkBufferManager( 1041): over 5000ms not request from VCodec but callback hooked, slow BM Cc fetch thread
07-13 10:22:58.924 D/ActivityManager( 1813): getProcessesInErrorState callingUid=10279, CallingPid=443
07-13 10:22:58.928 D/ActivityManager( 1813): getProcessesInErrorState callingUid=10288, CallingPid=19459
07-13 10:22:58.930 I/Bugle   (15703): BugleStartup: Updating app config...
07-13 10:22:58.936 D/C2MtkBufferManager( 1041): over 5000ms not request from VCodec but callback hooked, slow BM Cc fetch thread
07-13 10:22:58.945 W/ActivityTaskManager( 1813): Activity pause timeout for ActivityRecord{8061640 u0 com.miui.home/.launcher.Launcher t2}
07-13 10:22:58.945 D/PerfMTKStubImpl( 1813): perfLockAcquire
07-13 10:22:58.945 I/mtkpower_client( 1813): perf_lock_acq, hdl:0, dur:400, num:10, pid:1813, tid:1855
07-13 10:22:58.946 D/PackageManager( 1813): set app component=ComponentInfo{com.google.android.apps.messaging/com.google.android.apps.messaging.shared.receiver.SmsReceiver} enabled state: 2 from com.google.android.apps.messaging,uid=10165,pid=15703
07-13 10:22:58.946 W/ServiceManagerCppClient( 1813): Failed to get isDeclared for vendor.mediatek.hardware.mtkpower.IMtkPowerService/default: Status(-1, EX_SECURITY): 'SELinux denied.'
07-13 10:22:58.946 I/mtkpower_client( 1813): IMtkPowerService_isDeclared 0
07-13 10:22:58.947 I/mtkpower_client( 1813): ret_hdl:247299
07-13 10:22:58.947 D/Launcher.Lifecycle( 2470): onPause:UserHandle{0},63f4ca8,false
07-13 10:22:58.947 D/Launcher_UnlockAnimationStateMachine( 2470): onPause = IDLE
07-13 10:22:58.947 D/Launcher_UnlockAnimationStateMachine( 2470): setState:PAUSE_WAIT
07-13 10:22:58.947 D/PackageManager( 1813): set app component=ComponentInfo{com.google.android.apps.messaging/com.google.android.apps.messaging.shared.receiver.TelephonyChangeReceiver} enabled state: 1 from com.google.android.apps.messaging,uid=10165,pid=15703
07-13 10:22:58.948 D/LauncherAssistantCompatGoogle( 2470): onPause com.google.android.libraries.gsa.launcherclient.LauncherClient@80e5266
07-13 10:22:58.948 I/libPowerHal( 1059): [perfLockAcq] idx:3 hdl:247299 hint:-1 pid:1813 duration:400 lock_user:system_server => ret_hdl:247299
07-13 10:22:58.948 I/libPowerHal( 1059): [setGPUFreq] system_server user set gpu freq min:0, max:-1
07-13 10:22:58.948 I/libPowerHal( 1059): system_server: set gpu opp level: 0
07-13 10:22:58.949 I/libPowerHal( 1059): system_server: set gpu opp level max: 0
07-13 10:22:58.950 D/PackageManager( 1813): set app component=ComponentInfo{com.google.android.apps.messaging/com.google.android.apps.messaging.shared.receiver.DefaultSmsPackageChangedReceiver} enabled state: 1 from com.google.android.apps.messaging,uid=10165,pid=15703
07-13 10:22:58.951 I/libPowerHal( 1059): [setGPUFreq] Soft min/max = (0, 0); Hard min/max = (31, 0)
07-13 10:22:58.951 I/libPowerHal( 1059): [setGPUFreq] final min/max = (0, 0)
07-13 10:22:58.951 I/libPowerHal( 1059): system_server: set gpu opp level: 0
07-13 10:22:58.951 D/PackageManager( 1813): set app component=ComponentInfo{com.google.android.apps.messaging/com.google.android.apps.messaging.shared.receiver.RestoreReceiver} enabled state: 1 from com.google.android.apps.messaging,uid=10165,pid=15703
07-13 10:22:58.951 I/libPowerHal( 1059): system_server: set gpu opp level max: 0
07-13 10:22:58.952 D/WindowManager( 1813): Collecting in transition 6452: ActivityRecord{ee6c3bf u0 com.skillsroom.mobile/.MainActivity t5369} init visibleRequested:true
07-13 10:22:58.952 D/nativeloader(15846): Load libframework-connectivity-jni.so using APEX ns com_android_tethering for caller /apex/com.android.tethering/javalib/framework-connectivity.jar: ok
07-13 10:22:58.955 I/PowerHalWrapper( 1813): amsBoostNotify pid:15877,activity:com.skillsroom.mobile.MainActivity, package:com.skillsroom.mobile, mProcessCreatePackcom.skillsroom.mobile 
07-13 10:22:58.955 I/PowerHalWrapper( 1813): state: 1 
07-13 10:22:58.956 I/mtkpower_client( 1813): [Legacy][PowerHal_Wrap_notifyAppState] com.skillsroom.mobile/com.skillsroom.mobile.MainActivity pid=15877 state:1
07-13 10:22:58.956 I/libPowerHal( 1059): [perfNotifyAppState] pack:com.skillsroom.mobile, act:com.skillsroom.mobile.MainActivity, state:1, pid:15877, uid:10210, fps:-1
07-13 10:22:58.956 I/libPowerHal( 1059): [perfNotifyAppState] foreground:com.skillsroom.mobile, pid:15877, uid:10210
07-13 10:22:58.956 D/C2MtkBufferManager( 1041): over 5000ms not request from VCodec but callback hooked, slow BM Cc fetch thread
07-13 10:22:58.956 I/PowerHalWrapper( 1813): amsBoostNotify AMS_BOOST_PROCESS_CREATE_BOOST:true 
07-13 10:22:58.957 D/WindowManager( 1813): Collecting in transition 6452: ActivityRecord{ee6c3bf u0 com.skillsroom.mobile/.MainActivity t5369} init visibleRequested:true
07-13 10:22:58.957 D/WindowManager( 1813): Set transition=TransitionRecord{d5844e7 id=6452 type=CLOSE flags=0x0}, ready=true, SyncId=6452 
07-13 10:22:58.957 D/PackageManager( 1813): set app component=ComponentInfo{com.google.android.apps.messaging/com.google.android.apps.messaging.shared.receiver.SmsRejectedReceiver} enabled state: 1 from com.google.android.apps.messaging,uid=10165,pid=15703
07-13 10:22:58.957 I/UxUtility( 1059): notifyForegroundApp pack:com.skillsroom.mobile, uid:10210
07-13 10:22:58.957 I/TouchUtility( 1059): notifyAppState error = NULL
07-13 10:22:58.957 I/mtkpower@impl( 1059): [notifyAppState] pc:1, com.miui.home => com.skillsroom.mobile
07-13 10:22:58.964 V/GraphicsEnvironment(15846): Currently set values for:
07-13 10:22:58.964 V/GraphicsEnvironment(15846):   angle_gl_driver_selection_pkgs=[]
07-13 10:22:58.964 V/GraphicsEnvironment(15846):   angle_gl_driver_selection_values=[]
07-13 10:22:58.965 V/GraphicsEnvironment(15846): ANGLE GameManagerService for com.google.android.googlequicksearchbox: false
07-13 10:22:58.965 V/GraphicsEnvironment(15846): com.google.android.googlequicksearchbox is not listed in per-application setting
07-13 10:22:58.966 V/GraphicsEnvironment(15846): Neither updatable production driver nor prerelease driver is supported.
07-13 10:22:58.966 D/PackageManager( 1813): set app component=ComponentInfo{com.google.android.apps.messaging/com.google.android.apps.messaging.ui.conversationlist.VideoShareIntentActivity} enabled state: 1 from com.google.android.apps.messaging,uid=10165,pid=15703
07-13 10:22:58.968 I/SmartPower: com.skillsroom.mobile/10210(15877)( 1813): invisible->visible(200ms) R(become visible) adj=905.
07-13 10:22:58.969 D/MiuiFullScreenTaskRepository( 2459): removeFocusedTask displayId=0
07-13 10:22:58.969 D/MiuiFullScreenTaskRepository( 2459): addOrUpdateFullScreenTaskInfo taskId=1, topActivity=ComponentInfo{com.miui.home/com.miui.home.launcher.Launcher}
07-13 10:22:58.969 I/Bugle   (15703): BugleStartup: Done with app config.
07-13 10:22:58.969 I/Bugle   (15703): BugleStartup: Handling shared prefs upgrade & Load MMS Configuration...
07-13 10:22:58.970 W/WindowManager( 1813): real show surface Splash Screen com.skillsroom.mobile sc:Surface(name=Splash Screen com.skillsroom.mobile#78916)/@0xf99fb3e
07-13 10:22:58.970 D/WindowManager( 1813): Final targets: [Task{c9fba8c #5369 type=standard A=10210:com.skillsroom.mobile}, Task{99a3acb #5368 type=standard A=10210:com.skillsroom.mobile}]
07-13 10:22:58.971 I/ForceDarkHelperStubImpl(15846): initialize for com.google.android.googlequicksearchbox , ForceDarkOrigin
07-13 10:22:58.972 E/BufferQueueDebug( 1133): [Transition Root: Task=5369#78917](this:0xb400007855aa0a30,id:-1,api:0,p:-1,c:-1) id info cannot be read from 'Transition Root: Task=5369#78917'
07-13 10:22:58.972 I/BufferQueueDebug( 1133): [Transition Root: Task=5369#78917](this:0xb400007855aa0a30,id:-1,api:0,p:-1,c:-1) BufferQueue core=(1133:/system/bin/surfaceflinger)
07-13 10:22:58.976 D/nativeloader(15846): Load libforcedarkimpl.so using system ns (caller=/system_ext/framework/miui-framework.jar): ok
07-13 10:22:58.976 D/OpenGLRenderer(15846): JNI_OnLoad success
07-13 10:22:58.976 I/MiuiForceDarkConfig(15846): setConfig density:2.000000, mainRule:0, secondaryRule:0, tertiaryRule:0
07-13 10:22:58.976 D/C2MtkBufferManager( 1041): over 5000ms not request from VCodec but callback hooked, slow BM Cc fetch thread
07-13 10:22:58.981 E/BufferQueueDebug( 1133): [Screenshot Parent#78918](this:0xb40000785b38da30,id:-1,api:0,p:-1,c:-1) id info cannot be read from 'Screenshot Parent#78918'
07-13 10:22:58.981 I/BufferQueueDebug( 1133): [Screenshot Parent#78918](this:0xb40000785b38da30,id:-1,api:0,p:-1,c:-1) BufferQueue core=(1133:/system/bin/surfaceflinger)
07-13 10:22:58.984 E/surfaceflinger( 1133): == MALI DEBUG ===eglp_winsys_populate_image_templates ==12288
07-13 10:22:58.990 I/BufferQueueDebug( 1133): [Screenshot Parent#78918](this:0xb40000785b38da30,id:-1,api:0,p:-1,c:1133) onDestructor()
07-13 10:22:58.994 D/WindowManager( 1813): Calling onTransitionReady info={id=6452 t=CLOSE f=0x0 trk=0 r=[0@Point(0, 0)] c=[{WCT{RemoteToken{2e4bb Task{c9fba8c #5369 type=standard A=10210:com.skillsroom.mobile}}} m=OPEN f=MOVE_TO_TOP leash=Surface(name=Task=5369#78912)/@0xaa52b5 sb=Rect(0, 0 - 720, 1600) eb=Rect(0, 0 - 720, 1600) d=0},{WCT{RemoteToken{6a9795 Task{99a3acb #5368 type=standard A=10210:com.skillsroom.mobile}}} m=CLOSE f=NONE leash=Surface(name=Task=5368#78800)/@0x58f189e sb=Rect(0, 0 - 720, 1600) eb=Rect(0, 0 - 720, 1600) d=0}] noAni=[false] mk=[true]}, mToken=Token{68e8dd8 TransitionRecord{d5844e7 id=6452 type=CLOSE flags=0x0}}
07-13 10:22:58.994 D/MI-SF   ( 1133): updateScene: module = 268 (Unknown), value = 1, pkg = perf_interaction
07-13 10:22:58.994 D/SurfaceFlinger( 1133): setDesiredDisplayModeSpecs: defaultMode：1 primaryRangesMin:0.000000 primaryRangesMax:90.000000appRequestRangesMin:0.000000 appRequestRangesMax:90.000000
07-13 10:22:58.995 I/RefreshRateSelector( 1133): Display 0 policy changed
07-13 10:22:58.995 I/RefreshRateSelector( 1133): Previous: {defaultModeId=1, allowGroupSwitching=false, primaryRanges={physical=[0.00 Hz, inf Hz], render=[0.00 Hz, 90.00 Hz]}, appRequestRanges={physical=[0.00 Hz, inf Hz], render=[0.00 Hz, 90.00 Hz]}}
07-13 10:22:58.995 I/RefreshRateSelector( 1133): Current:  DisplayManagerPolicy{defaultModeId=1, allowGroupSwitching=false, primaryRanges={physical=[0.00 Hz, inf Hz], render=[0.00 Hz, 90.00 Hz]}, appRequestRanges={physical=[0.00 Hz, inf Hz], render=[0.00 Hz, 90.00 Hz]}}
07-13 10:22:58.995 I/RefreshRateSelector( 1133): 1 mode changes were performed under the previous policy
07-13 10:22:58.995 I/BLASTSyncEngine( 1813): finishNow: after onTransactionReady, mSyncId=6452
07-13 10:22:58.995 I/DisplayModeDirectorImpl( 1813): onDesiredDisplayModeSpecsChanged:baseModeId=1 allowGroupSwitching=false primary=physical: (0.0 Infinity) render:  (0.0 90.0) appRequest=physical: (0.0 Infinity) render:  (0.0 90.0) noVotes=true
07-13 10:22:58.997 D/C2MtkBufferManager( 1041): over 5000ms not request from VCodec but callback hooked, slow BM Cc fetch thread
07-13 10:22:58.998 D/AppObserver( 2470): ForegroundInfo{mForegroundPackageName='com.skillsroom.mobile', mForegroundUid=10210, mForegroundPid=15877, mLastForegroundPackageName='com.miui.home', mLastForegroundUid=10166, mLastForegroundPid=2470, mMultiWindowForegroundPackageName='com.skillsroom.mobile', mMultiWindowForegroundUid=10210, mFlags=1}
07-13 10:22:58.998 W/Looper  ( 2470): PerfMonitor looperActivity : package=com.miui.home/.launcher.Launcher time=54ms latency=500ms  procState=-1  historyMsgCount=10 (msgIndex=1 wall=308ms seq=658914 late=1ms h=android.app.ActivityThread$H w=159) (msgIndex=2 wall=410ms seq=658915 late=296ms h=android.view.Choreographer$FrameHandler c=android.view.Choreographer$FrameDisplayEventReceiver) (msgIndex=10 wall=59ms seq=658923 late=447ms h=android.os.Handler c=com.miui.maml.-$$Lambda$RenderVsyncUpdater$gFkqXHuGu3gegvMkSlSn1AwYyQk)
07-13 10:22:58.998 D/MiuiMultiWindowUtils( 1813): DeviceLevel.IS_MIUI_LITE_VERSION 2.0 not support miui multiWindowgale
07-13 10:22:58.998 D/PerfEngineController( 7233): ForegroundInfo{mForegroundPackageName='com.skillsroom.mobile', mForegroundUid=10210, mForegroundPid=15877, mLastForegroundPackageName='com.miui.home', mLastForegroundUid=10166, mLastForegroundPid=2470, mMultiWindowForegroundPackageName='com.skillsroom.mobile', mMultiWindowForegroundUid=10210, mFlags=1}
07-13 10:22:58.998 I/Choreographer( 2470): Skipped 47 frames!  The application may be doing too much work on its main thread.
07-13 10:22:59.001 D/t1      ( 5491): myUserId = 0	currentUserId0
07-13 10:22:59.004 D/isUidValid( 1813): uid = 10210
07-13 10:22:59.004 W/libprocessgroup( 1813): SetCgroup::ExecuteForProcess: failed to open /dev/blkio//cgroup.procs: No such file or directory
07-13 10:22:59.005 I/MiuiNetworkPolicy( 1813): updateUidState uid = 10210, uidState = 2
07-13 10:22:59.008 D/ActivityManager( 1813): mediaResourceManagerBinder get success
07-13 10:22:59.008 D/ResourceManagerService( 1289): update package name: com.skillsroom.mobile
07-13 10:22:59.009 E/BufferQueueDebug( 1133): [a8b7860 ActivityRecordInputSink com.skillsroom.mobile/.MainActivity#78919](this:0xb40000785b510a30,id:-1,api:0,p:-1,c:-1) id info cannot be read from 'a8b7860 ActivityRecordInputSink com.skillsroom.mobile/.MainActivity#78919'
07-13 10:22:59.009 I/BufferQueueDebug( 1133): [a8b7860 ActivityRecordInputSink com.skillsroom.mobile/.MainActivity#78919](this:0xb40000785b510a30,id:-1,api:0,p:-1,c:-1) BufferQueue core=(1133:/system/bin/surfaceflinger)
07-13 10:22:59.011 I/DisplayModeDirectorImpl( 1813): onDesiredDisplayModeSpecsChanged:baseModeId=2 allowGroupSwitching=false primary=physical: (0.0 Infinity) render:  (0.0 90.0) appRequest=physical: (0.0 Infinity) render:  (0.0 90.0) noVotes=false
07-13 10:22:59.012 D/MiuiFreeformAnimation( 2459): startAnimation change: {WCT{android.window.IWindowContainerToken$Stub$Proxy@935b4fa} m=OPEN f=MOVE_TO_TOP leash=Surface(name=Task=5369#78912)/@0x7d07ee sb=Rect(0, 0 - 720, 1600) eb=Rect(0, 0 - 720, 1600) d=0} info.getType(): 2
07-13 10:22:59.012 I/MiuiFreeformAnimation( 2459): isLaunchWidgetPicker=false,taskInfo.getWindowingMode()=1, taskInfo.getActivityType()=1
07-13 10:22:59.012 D/MiuiFreeFormManager( 2459):  isSplitRootTask taskId=5369
07-13 10:22:59.012 W/Looper  ( 2470): PerfMonitor doFrame : time=14ms vsyncFrame=0 latency=524ms procState=-1 historyMsgCount=12 (msgIndex=1 wall=410ms seq=658915 late=296ms h=android.view.Choreographer$FrameHandler c=android.view.Choreographer$FrameDisplayEventReceiver) (msgIndex=9 wall=59ms seq=658923 late=447ms h=android.os.Handler c=com.miui.maml.-$$Lambda$RenderVsyncUpdater$gFkqXHuGu3gegvMkSlSn1AwYyQk) (msgIndex=10 wall=54ms seq=658924 late=500ms h=android.app.ActivityThread$H w=159)
07-13 10:22:59.012 D/MiuiFreeformAnimation( 2459): startAnimation change: {WCT{android.window.IWindowContainerToken$Stub$Proxy@c5e6aab} m=CLOSE f=NONE leash=Surface(name=Task=5368#78800)/@0xdbb148f sb=Rect(0, 0 - 720, 1600) eb=Rect(0, 0 - 720, 1600) d=0} info.getType(): 2
07-13 10:22:59.013 W/MiuiTaskTransitionHandler( 2459): Receive an unknown transition, token=android.os.BinderProxy@ed1654a, type=2
07-13 10:22:59.013 D/RecentsImpl( 2470): mActivityStateObserver com.miui.home.launcher.Launcher
07-13 10:22:59.014 W/RecentsImpl( 2470): onResumed className=com.miui.home.launcher.Launcher   mIsInAnotherPro=false   isKeyguardLocked=false   mSecuritySpaceGuideShown=false
07-13 10:22:59.015 D/Aurogon ( 1813):  uid = 10210 switch to FG
07-13 10:22:59.015 W/MiPicks-ProcessObserverV10(21977): onForegroundActivitiesChanged:pid = 15877,activity-uid=10210,foregroundActivities=true
07-13 10:22:59.015 D/PMonitor( 4459):  onForegroundActivitiesChanged:pid = 15877,activity-uid=10210,foregroundActivities=true
07-13 10:22:59.011 W/sensors@2.0-ser( 1046): type=1400 audit(0.0:611038): avc:  denied  { read } for  name="current_now" dev="sysfs" ino=36938 scontext=u:r:mtk_hal_sensors:s0 tcontext=u:object_r:sysfs_usb_supply:s0 tclass=file permissive=0
07-13 10:22:59.017 D/C2MtkBufferManager( 1041): over 5000ms not request from VCodec but callback hooked, slow BM Cc fetch thread
07-13 10:22:59.023 D/ResourceManagerService( 1289): packageName: com.skillsroom.mobile, uid : 10210, hashCode : 253838805
07-13 10:22:59.023 D/ResourceManagerService( 1289): ResourceManagerService::setCodecsVppMode
07-13 10:22:59.023 D/ResourceManagerService( 1289): all codecs setVppMode return fail
07-13 10:22:59.023 D/StatusBarController( 2470): handleMessage: flag 800000  disable false
07-13 10:22:59.026 E/surfaceflinger( 1133): == MALI DEBUG ===eglp_winsys_populate_image_templates ==12288
07-13 10:22:59.027 I/WindowManager( 1813): cancelAnimation removed leash : Surface(name=Surface(name=d59f9dd NavigationBar0#77073)/@0xd8156d9 - animation-leash of insets_animation#78905)/@0xc711197
07-13 10:22:59.027 E/BufferQueueDebug( 1133): [Surface(name=d59f9dd NavigationBar0#77073)/@0xd8156d9 - animation-leash of insets_animation#78920](this:0xb400007855aafa30,id:-1,api:0,p:-1,c:-1) id info cannot be read from 'Surface(name=d59f9dd NavigationBar0#77073)/@0xd8156d9 - animation-leash of insets_animation#78920'
07-13 10:22:59.027 I/BufferQueueDebug( 1133): [Surface(name=d59f9dd NavigationBar0#77073)/@0xd8156d9 - animation-leash of insets_animation#78920](this:0xb400007855aafa30,id:-1,api:0,p:-1,c:-1) BufferQueue core=(1133:/system/bin/surfaceflinger)
07-13 10:22:59.032 I/gralloc4( 1133): @set_metadata: update dataspace from GM (0x08010000 -> 0x00000000)
07-13 10:22:59.033 I/gralloc4( 2459): @set_metadata: update dataspace from GM (0x00000000 -> 0x08010000)
07-13 10:22:59.034 I/WindowManager( 1813): cancelAnimation removed leash : Surface(name=Surface(name=5a869db StatusBar#93)/@0xba1daa7 - animation-leash of insets_animation#78906)/@0x25f236d
07-13 10:22:59.036 E/BufferQueueDebug( 1133): [Surface(name=5a869db StatusBar#93)/@0xba1daa7 - animation-leash of insets_animation#78921](this:0xb400007855ab2a30,id:-1,api:0,p:-1,c:-1) id info cannot be read from 'Surface(name=5a869db StatusBar#93)/@0xba1daa7 - animation-leash of insets_animation#78921'
07-13 10:22:59.036 I/BufferQueueDebug( 1133): [Surface(name=5a869db StatusBar#93)/@0xba1daa7 - animation-leash of insets_animation#78921](this:0xb400007855ab2a30,id:-1,api:0,p:-1,c:-1) BufferQueue core=(1133:/system/bin/surfaceflinger)
07-13 10:22:59.037 D/C2MtkBufferManager( 1041): over 5000ms not request from VCodec but callback hooked, slow BM Cc fetch thread
07-13 10:22:59.042 D/PerfShielderService( 1813): com.android.systemui|com.android.systemui-Nav-831445295|246|626953157286368|84|2|7
07-13 10:22:59.042 D/EventBus( 2470): No subscribers registered for event class com.miui.home.recents.messages.TaskSnapshotChangedEvent
07-13 10:22:59.042 D/EventBus( 2470): No subscribers registered for event class org.greenrobot.eventbus.NoSubscriberEvent
07-13 10:22:59.042 I/BufferQueueProducer( 1133): [NavigationBar0#77076](this:0xb4000078557c9a30,id:-1,api:0,p:-1,c:1133) queueBuffer: fps=0.06 dur=129495.53 max=129262.39 min=16.72
07-13 10:22:59.044 I/gralloc4( 2459): @set_metadata: update dataspace from GM (0x00000000 -> 0x08010000)
07-13 10:22:59.048 D/SurfaceFlinger( 1133): setDesiredDisplayModeSpecs: defaultMode：1 primaryRangesMin:0.000000 primaryRangesMax:90.000000appRequestRangesMin:0.000000 appRequestRangesMax:90.000000
07-13 10:22:59.049 E/surfaceflinger( 1133): == MALI DEBUG ===eglp_winsys_populate_image_templates ==12288
07-13 10:22:59.050 D/TransitionAnimationHelper( 2459):  load default animation  type = 2 enter = false animAttr = 11 isTask = true translucent = false
07-13 10:22:59.051 I/RefreshRateSelector( 1133): Display 0 policy changed
07-13 10:22:59.051 I/RefreshRateSelector( 1133): Previous: {defaultModeId=1, allowGroupSwitching=false, primaryRanges={physical=[0.00 Hz, inf Hz], render=[0.00 Hz, 90.00 Hz]}, appRequestRanges={physical=[0.00 Hz, inf Hz], render=[0.00 Hz, 90.00 Hz]}}
07-13 10:22:59.051 I/RefreshRateSelector( 1133): Current:  DisplayManagerPolicy{defaultModeId=1, allowGroupSwitching=false, primaryRanges={physical=[0.00 Hz, inf Hz], render=[0.00 Hz, 90.00 Hz]}, appRequestRanges={physical=[0.00 Hz, inf Hz], render=[0.00 Hz, 90.00 Hz]}}
07-13 10:22:59.051 I/RefreshRateSelector( 1133): 0 mode changes were performed under the previous policy
07-13 10:22:59.053 D/TransitionAnimationHelper( 2459):  load default animation  type = 2 enter = true animAttr = 10 isTask = true translucent = false
07-13 10:22:59.055 I/gralloc4( 1133): @set_metadata: update dataspace from GM (0x08010000 -> 0x00000000)
07-13 10:22:59.056 D/ShellTransitions( 2459): speed ui!!!!!!!!!!!
07-13 10:22:59.057 D/C2MtkBufferManager( 1041): over 5000ms not request from VCodec but callback hooked, slow BM Cc fetch thread
07-13 10:22:59.060 D/Launcher_WallpaperUtils( 2470): changeStatusBarMode:false
07-13 10:22:59.062 I/gralloc4( 2459): @set_metadata: update dataspace from GM (0x00000000 -> 0x08010000)
07-13 10:22:59.062 W/WindowManager( 1813): Failed to deliver inset control state change to w=Window{aa9bc0e u0 com.skillsroom.mobile/com.skillsroom.mobile.MainActivity EXITING}
07-13 10:22:59.062 W/WindowManager( 1813): android.os.DeadObjectException
07-13 10:22:59.062 W/WindowManager( 1813): 	at android.os.BinderProxy.transactNative(Native Method)
07-13 10:22:59.062 W/WindowManager( 1813): 	at android.os.BinderProxy.transact(BinderProxy.java:639)
07-13 10:22:59.062 W/WindowManager( 1813): 	at android.view.IWindow$Stub$Proxy.insetsControlChanged(IWindow.java:608)
07-13 10:22:59.062 W/WindowManager( 1813): 	at com.android.server.wm.WindowState.notifyInsetsControlChanged(WindowState.java:4153)
07-13 10:22:59.062 W/WindowManager( 1813): 	at com.android.server.wm.InsetsStateController.lambda$notifyPendingInsetsControlChanged$3(InsetsStateController.java:343)
07-13 10:22:59.062 W/WindowManager( 1813): 	at com.android.server.wm.InsetsStateController.$r8$lambda$8yykPRG1GyNq_J17QvL9d5xANMc(InsetsStateController.java:0)
07-13 10:22:59.062 W/WindowManager( 1813): 	at com.android.server.wm.InsetsStateController$$ExternalSyntheticLambda2.run(D8$$SyntheticClass:2)
07-13 10:22:59.062 W/WindowManager( 1813): 	at com.android.server.wm.WindowAnimator.executeAfterPrepareSurfacesRunnables(WindowAnimator.java:309)
07-13 10:22:59.062 W/WindowManager( 1813): 	at com.android.server.wm.RootWindowContainer.performSurfacePlacementNoTrace(RootWindowContainer.java:905)
07-13 10:22:59.062 W/WindowManager( 1813): 	at com.android.server.wm.RootWindowContainer.performSurfacePlacement(RootWindowContainer.java:847)
07-13 10:22:59.062 W/WindowManager( 1813): 	at com.android.server.wm.WindowSurfacePlacer.performSurfacePlacementLoop(WindowSurfacePlacer.java:200)
07-13 10:22:59.062 W/WindowManager( 1813): 	at com.android.server.wm.WindowSurfacePlacer.performSurfacePlacement(WindowSurfacePlacer.java:149)
07-13 10:22:59.062 W/WindowManager( 1813): 	at com.android.server.wm.WindowSurfacePlacer.performSurfacePlacement(WindowSurfacePlacer.java:138)
