07-13 10:23:02.052 I/mtkpower_client( 1813): [Legacy][PowerHal_Wrap_notifyAppState] com.miui.home/com.miui.home.launcher.Launcher pid=2470 state:0
07-13 10:23:02.052 I/libPowerHal( 1059): [perfNotifyAppState] pack:com.miui.home, act:com.miui.home.launcher.Launcher, state:0, pid:2470, uid:10166, fps:-1
07-13 10:23:02.052 I/PowerHalWrapper( 1813): amsBoostNotify AMS_BOOST_PROCESS_CREATE_BOOST:true 
07-13 10:23:02.053 I/ForceDarkHelperStubImpl(15877): setViewRootImplForceDark: false for com.skillsroom.mobile.MainActivity@7b3310d, reason: DarkModeEnabled
07-13 10:23:02.053 D/VRI[PopupWindow:562382c](15877): hardware acceleration = true, forceHwAccelerated = false
07-13 10:23:02.055 I/gralloc4( 2459): @set_metadata: update dataspace from GM (0x00000000 -> 0x08010000)
07-13 10:23:02.062 I/GED     ( 2470): ged_boost_gpu_freq, level 100, eOrigin 2, final_idx 31, oppidx_max 31, oppidx_min 0
07-13 10:23:02.062 I/gralloc4( 2459): @set_metadata: update dataspace from GM (0x00000000 -> 0x08010000)
07-13 10:23:02.065 E/BufferQueueDebug( 1133): [b088dd PopupWindow:562382c#78932](this:0xb4000078558e5a30,id:-1,api:0,p:-1,c:-1) id info cannot be read from 'b088dd PopupWindow:562382c#78932'
07-13 10:23:02.065 I/BufferQueueDebug( 1133): [b088dd PopupWindow:562382c#78932](this:0xb4000078558e5a30,id:-1,api:0,p:-1,c:-1) BufferQueue core=(1133:/system/bin/surfaceflinger)
07-13 10:23:02.066 I/gralloc4( 2459): @set_metadata: update dataspace from GM (0x00000000 -> 0x08010000)
07-13 10:23:02.069 D/C2MtkBufferManager( 1041): over 5000ms not request from VCodec but callback hooked, slow BM Cc fetch thread
07-13 10:23:02.071 I/gralloc4( 2459): @set_metadata: update dataspace from GM (0x00000000 -> 0x08010000)
07-13 10:23:02.073 W/Choreographer( 1813): Frame time is 7.32E-4  now = 627085455544530  timestampNanos = 627085455545262 ms in the future!  Check that graphics HAL is generating vsync timestamps using the correct timebase.
07-13 10:23:02.078 D/Launcher.Lifecycle( 2470): onStop:UserHandle{0},63f4ca8,false
07-13 10:23:02.079 D/SoscSplitStateController( 2470): updateDividerFixedState: isFixed = false
07-13 10:23:02.079 D/Launcher_UnlockAnimationStateMachine( 2470): onStop = IDLE
07-13 10:23:02.080 I/gralloc4( 2459): @set_metadata: update dataspace from GM (0x00000000 -> 0x08010000)
07-13 10:23:02.081 D/LauncherAssistantCompatGoogle( 2470): onStop com.google.android.libraries.gsa.launcherclient.LauncherClient@80e5266
07-13 10:23:02.083 D/SoScSplitScreenController( 2459): updateDividerFixedState isFixed:false
07-13 10:23:02.085 I/gralloc4( 2459): @set_metadata: update dataspace from GM (0x00000000 -> 0x08010000)
07-13 10:23:02.089 D/C2MtkBufferManager( 1041): over 5000ms not request from VCodec but callback hooked, slow BM Cc fetch thread
07-13 10:23:02.090 D/CoreBackPreview( 1813): Window{b088dd u0 PopupWindow:562382c}: Setting back callback OnBackInvokedCallbackInfo{mCallback=android.window.IOnBackInvokedCallback$Stub$Proxy@4732b23, mPriority=0, mIsAnimationCallback=false}
07-13 10:23:02.097 I/gralloc4( 2459): @set_metadata: update dataspace from GM (0x00000000 -> 0x08010000)
07-13 10:23:02.103 I/gralloc4( 2459): @set_metadata: update dataspace from GM (0x00000000 -> 0x08010000)
07-13 10:23:02.105 I/MiuiNetworkPolicy( 1813): updateUidState uid = 10174, uidState = 5
07-13 10:23:02.107 D/LauncherOverlay( 3531): setActivityState:0
07-13 10:23:02.108 I/LauncherOverlayCallback( 3531): handleMessage WHAT_ACTIVITY_STATE_CHANGED what：0
07-13 10:23:02.110 D/C2MtkBufferManager( 1041): over 5000ms not request from VCodec but callback hooked, slow BM Cc fetch thread
07-13 10:23:02.110 D/LauncherOverlay.Window( 3531): onStop
07-13 10:23:02.110 I/LauncherOverlayCallback( 3531): handleMessage WHAT_LAUNCHER_STATE what：0
07-13 10:23:02.110 D/LauncherOverlay.Window( 3531): launcherState 0
07-13 10:23:02.110 D/LauncherOverlay.Window( 3531): resumedStateNow 0,resumedStateNew = 0
07-13 10:23:02.111 E/BufferQueueDebug( 1133): [PopupWindow:562382c#78933](this:0xb4000078558f6a30,id:-1,api:0,p:-1,c:-1) id info cannot be read from 'PopupWindow:562382c#78933'
07-13 10:23:02.111 I/BufferQueueDebug( 1133): [PopupWindow:562382c#78933](this:0xb4000078558f6a30,id:-1,api:0,p:-1,c:-1) BufferQueue core=(1133:/system/bin/surfaceflinger)
07-13 10:23:02.117 D/WM-GreedyScheduler(15703): Ignoring {WorkSpec: 3f9baa03-1c58-4729-8c98-b04692aec0e8}. Requires device idle.
07-13 10:23:02.117 D/WM-GreedyScheduler(15703): Ignoring {WorkSpec: 4c5c6d5a-feae-46d5-8340-c6a3b1e3576f}. Requires ContentUri triggers.
07-13 10:23:02.117 D/WM-GreedyScheduler(15703): Ignoring {WorkSpec: d8926dd9-443c-4ff6-87ce-5b68becf131d}. Requires device idle.
07-13 10:23:02.117 D/WM-GreedyScheduler(15703): Ignoring {WorkSpec: b85aa671-fc18-436e-baf0-cdf79035bc9e}. Requires ContentUri triggers.
07-13 10:23:02.117 D/WM-GreedyScheduler(15703): Ignoring {WorkSpec: ebe50715-f536-4cc3-9353-33911f8ce626}. Requires ContentUri triggers.
07-13 10:23:02.118 D/WM-GreedyScheduler(15703): Ignoring {WorkSpec: 8d15a051-6170-47fb-a26e-fbd04cd767cf}. Requires device idle.
07-13 10:23:02.118 D/WM-GreedyScheduler(15703): Ignoring {WorkSpec: d4dd7228-86e2-419b-9f1e-eccbe8cb0a5b}. Requires ContentUri triggers.
07-13 10:23:02.118 D/WM-GreedyScheduler(15703): Starting work for eaa406a3-ce4b-420a-a6d6-7875402a3e7e
07-13 10:23:02.118 D/WM-GreedyScheduler(15703): Starting tracking for 28b41298-d750-4779-934e-04d8d89a189a,5ea907e5-d556-47f2-acd9-f8fa46d12535
07-13 10:23:02.121 I/gralloc4( 2459): @set_metadata: update dataspace from GM (0x00000000 -> 0x08010000)
07-13 10:23:02.121 D/BufferQueueConsumer(15877): [](id:3e0500000001,api:0,p:-1,c:15877) connect: controlledByApp=false
07-13 10:23:02.123 I/ForceDarkHelperStubImpl(15877): setViewRootImplForceDark: false for com.skillsroom.mobile.MainActivity@7b3310d, reason: DarkModeEnabled
07-13 10:23:02.125 E/OpenGLRenderer(15877): Unable to match the desired swap behavior.
07-13 10:23:02.128 I/gralloc4( 2459): @set_metadata: update dataspace from GM (0x00000000 -> 0x08010000)
07-13 10:23:02.128 D/VRI[PopupWindow:562382c](15877): vri.reportNextDraw android.view.ViewRootImpl.performTraversals:4402 android.view.ViewRootImpl.doTraversal:3018 android.view.ViewRootImpl$TraversalRunnable.run:10526 android.view.Choreographer$CallbackRecord.run:1682 android.view.Choreographer$CallbackRecord.run:1691 
07-13 10:23:02.129 D/VRI[PopupWindow:562382c](15877): vri.Setup new sync=wmsSync-VRI[PopupWindow:562382c]#2
07-13 10:23:02.130 D/C2MtkBufferManager( 1041): over 5000ms not request from VCodec but callback hooked, slow BM Cc fetch thread
07-13 10:23:02.132 D/BLASTBufferQueue( 2470): [VRI[Launcher]#1336](f:0,a:1) destructor()
07-13 10:23:02.132 I/BpBinder( 1133): onLastStrongRef automatically unlinking death recipients: 
07-13 10:23:02.132 D/BufferQueueConsumer( 2470): [VRI[Launcher]#1336(BLAST Consumer)1336](id:9a600000539,api:0,p:-1,c:2470) disconnect
07-13 10:23:02.133 I/GED     ( 2470): ged_boost_gpu_freq, level 100, eOrigin 2, final_idx 31, oppidx_max 31, oppidx_min 0
07-13 10:23:02.135 I/gralloc4( 2459): @set_metadata: update dataspace from GM (0x00000000 -> 0x08010000)
07-13 10:23:02.141 I/gralloc4( 2459): @set_metadata: update dataspace from GM (0x00000000 -> 0x08010000)
07-13 10:23:02.148 I/gralloc4( 2459): @set_metadata: update dataspace from GM (0x00000000 -> 0x08010000)
07-13 10:23:02.150 D/C2MtkBufferManager( 1041): over 5000ms not request from VCodec but callback hooked, slow BM Cc fetch thread
07-13 10:23:02.151 D/Aurogon ( 1813):  uid = 10166 switch to BG
07-13 10:23:02.151 D/PMonitor( 4459):  onForegroundActivitiesChanged:pid = 2470,activity-uid=10166,foregroundActivities=false
07-13 10:23:02.152 D/isUidValid( 1813): uid = 10166
07-13 10:23:02.152 W/MiPicks-ProcessObserverV10(21977): onForegroundActivitiesChanged:pid = 2470,activity-uid=10166,foregroundActivities=false
07-13 10:23:02.153 I/MiuiNetworkPolicy( 1813): updateUidState uid = 99051, uidState = 4
07-13 10:23:02.154 I/gralloc4( 2459): @set_metadata: update dataspace from GM (0x00000000 -> 0x08010000)
07-13 10:23:02.154 I/MiuiNetworkPolicy( 1813): updateUidState uid = 10240, uidState = 4
07-13 10:23:02.154 I/MiuiNetworkPolicy( 1813): updateUidState uid = 10213, uidState = 5
07-13 10:23:02.154 I/MiuiNetworkPolicy( 1813): updateUidState uid = 10194, uidState = 4
07-13 10:23:02.154 I/MiuiNetworkPolicy( 1813): updateUidState uid = 10175, uidState = 4
07-13 10:23:02.154 I/MiuiNetworkPolicy( 1813): updateUidState uid = 10166, uidState = 5
07-13 10:23:02.159 D/OpenGLRenderer(15877): makeCurrent grContext:0xb400007d171439c0 reset mTextureAvailable
07-13 10:23:02.160 W/libc    (15846): Access denied finding property "ro.vendor.display.iris_x7.support"
07-13 10:23:02.161 I/MiuiNetworkPolicy( 1813): updateUidState uid = 10161, uidState = 5
07-13 10:23:02.161 I/MiuiNetworkPolicy( 1813): updateUidState uid = 10157, uidState = 4
07-13 10:23:02.164 I/gralloc4( 2459): @set_metadata: update dataspace from GM (0x00000000 -> 0x08010000)
07-13 10:23:02.165 I/GED     (15846): ged_boost_gpu_freq, level 100, eOrigin 2, final_idx 31, oppidx_max 31, oppidx_min 0
07-13 10:23:02.169 I/gralloc4( 2459): @set_metadata: update dataspace from GM (0x00000000 -> 0x08010000)
07-13 10:23:02.171 D/C2MtkBufferManager( 1041): over 5000ms not request from VCodec but callback hooked, slow BM Cc fetch thread
07-13 10:23:02.175 I/BufferQueueDebug( 1133): [com.miui.home/com.miui.home.launcher.Launcher#78915](this:0xb40000785b4fba30,id:-1,api:0,p:-1,c:1133) onDestructor()
07-13 10:23:02.179 I/gralloc4( 2459): @set_metadata: update dataspace from GM (0x00000000 -> 0x08010000)
07-13 10:23:02.181 D/BLASTBufferQueue(15846): [VRI[GoogleDiscoverWindow]#0](f:0,a:1) destructor()
07-13 10:23:02.182 I/BpBinder( 1133): onLastStrongRef automatically unlinking death recipients: 
07-13 10:23:02.182 D/BufferQueueConsumer(15846): [VRI[GoogleDiscoverWindow]#0(BLAST Consumer)0](id:3de600000000,api:0,p:-1,c:15846) disconnect
07-13 10:23:02.192 D/C2MtkBufferManager( 1041): over 5000ms not request from VCodec but callback hooked, slow BM Cc fetch thread
07-13 10:23:02.194 D/WindowManager( 1813): setParent old=ActivityRecord{ee6c3bf u0 com.skillsroom.mobile/.MainActivity t5369},new=null,this window=Window{a436bb7 u0 Splash Screen com.skillsroom.mobile},callers=com.android.server.wm.WindowContainer.removeChild:831 com.android.server.wm.ActivityRecord.removeChild:5163 com.android.server.wm.ActivityRecord.removeChild:458 com.android.server.wm.WindowContainer.removeImmediately:889 com.android.server.wm.WindowState.removeImmediately:2490 com.android.server.wm.WindowState.destroySurface:3581 
07-13 10:23:02.196 I/gralloc4( 2459): @set_metadata: update dataspace from GM (0x00000000 -> 0x08010000)
07-13 10:23:02.212 D/C2MtkBufferManager( 1041): over 5000ms not request from VCodec but callback hooked, slow BM Cc fetch thread
07-13 10:23:02.224 I/BufferQueueDebug( 1133): [Surface(name=a436bb7 Splash Screen com.skillsroom.mobile#78914)/@0x2d353a1 - animation-leash of window_animation#78931](this:0xb4000078558ada30,id:-1,api:0,p:-1,c:1133) onDestructor()
07-13 10:23:02.225 I/BufferQueueDebug( 1133): [a436bb7 Splash Screen com.skillsroom.mobile#78914](this:0xb40000785b3aca30,id:-1,api:0,p:-1,c:1133) onDestructor()
07-13 10:23:02.232 D/C2MtkBufferManager( 1041): over 5000ms not request from VCodec but callback hooked, slow BM Cc fetch thread
07-13 10:23:02.253 D/C2MtkBufferManager( 1041): over 5000ms not request from VCodec but callback hooked, slow BM Cc fetch thread
07-13 10:23:02.273 D/C2MtkBufferManager( 1041): over 5000ms not request from VCodec but callback hooked, slow BM Cc fetch thread
07-13 10:23:02.275 D/WM-GreedyScheduler(15703): Ignoring {WorkSpec: 3f9baa03-1c58-4729-8c98-b04692aec0e8}. Requires device idle.
07-13 10:23:02.275 D/WM-GreedyScheduler(15703): Ignoring {WorkSpec: 4c5c6d5a-feae-46d5-8340-c6a3b1e3576f}. Requires ContentUri triggers.
07-13 10:23:02.275 D/WM-GreedyScheduler(15703): Ignoring {WorkSpec: d8926dd9-443c-4ff6-87ce-5b68becf131d}. Requires device idle.
07-13 10:23:02.275 D/WM-GreedyScheduler(15703): Ignoring {WorkSpec: b85aa671-fc18-436e-baf0-cdf79035bc9e}. Requires ContentUri triggers.
07-13 10:23:02.275 D/WM-GreedyScheduler(15703): Ignoring {WorkSpec: ebe50715-f536-4cc3-9353-33911f8ce626}. Requires ContentUri triggers.
07-13 10:23:02.276 D/WM-GreedyScheduler(15703): Ignoring {WorkSpec: 8d15a051-6170-47fb-a26e-fbd04cd767cf}. Requires device idle.
07-13 10:23:02.276 D/WM-GreedyScheduler(15703): Ignoring {WorkSpec: d4dd7228-86e2-419b-9f1e-eccbe8cb0a5b}. Requires ContentUri triggers.
07-13 10:23:02.276 D/WM-GreedyScheduler(15703): Starting tracking for 28b41298-d750-4779-934e-04d8d89a189a,5ea907e5-d556-47f2-acd9-f8fa46d12535
07-13 10:23:02.293 D/C2MtkBufferManager( 1041): over 5000ms not request from VCodec but callback hooked, slow BM Cc fetch thread
07-13 10:23:02.314 D/C2MtkBufferManager( 1041): over 5000ms not request from VCodec but callback hooked, slow BM Cc fetch thread
07-13 10:23:02.334 D/C2MtkBufferManager( 1041): over 5000ms not request from VCodec but callback hooked, slow BM Cc fetch thread
07-13 10:23:02.355 D/C2MtkBufferManager( 1041): over 5000ms not request from VCodec but callback hooked, slow BM Cc fetch thread
07-13 10:23:02.369 D/BLASTBufferQueue(15877): [VRI[PopupWindow:562382c]#1](f:0,a:1) acquireNextBufferLocked size=720x50 mFrameNumber=1 applyTransaction=true mTimestamp=627085750472837(auto) mPendingTransactions.size=0 graphicBufferId=68191195758601 transform=0
07-13 10:23:02.370 E/surfaceflinger( 1133): == MALI DEBUG ===eglp_winsys_populate_image_templates ==12288
07-13 10:23:02.370 D/VRI[PopupWindow:562382c](15877): vri.reportDrawFinished
07-13 10:23:02.372 W/Looper  (15877): PerfMonitor doFrame : time=284ms vsyncFrame=0 latency=331ms procState=-1 historyMsgCount=7 (msgIndex=1 wall=315ms seq=8 late=1616ms h=android.view.Choreographer$FrameHandler c=android.view.Choreographer$FrameDisplayEventReceiver) (msgIndex=3 wall=85ms seq=10 late=465ms h=android.os.Handler c=com.facebook.react.devsupport.DefaultDevLoadingViewImplementation$$ExternalSyntheticLambda0)
07-13 10:23:02.372 W/WindowManager( 1813): finishDrawingWindow: Window{b088dd u0 PopupWindow:562382c} mDrawState=DRAW_PENDING
07-13 10:23:02.372 D/WindowManager( 1813): wms.finishDrawingLocked: mDrawState=COMMIT_DRAW_PENDING Window{b088dd u0 PopupWindow:562382c} in Surface(name=PopupWindow:562382c#78933)/@0x340b64c
07-13 10:23:02.374 I/gralloc4( 1133): @set_metadata: update dataspace from GM (0x08010000 -> 0x00000000)
07-13 10:23:02.374 W/WindowManager( 1813): real show surface PopupWindow:562382c sc:Surface(name=PopupWindow:562382c#78933)/@0x340b64c
07-13 10:23:02.375 D/C2MtkBufferManager( 1041): over 5000ms not request from VCodec but callback hooked, slow BM Cc fetch thread
07-13 10:23:02.378 I/illsroom.mobile(15877): Compiler allocated 6282KB to compile void android.view.ViewRootImpl.performTraversals()
07-13 10:23:02.383 W/unknown:BridgelessReact(15877): ReactHost{0}.raiseSoftException(onWindowFocusChange(hasFocus = "true")): Tried to access onWindowFocusChange while context is not ready
07-13 10:23:02.386 E/unknown:ReactHost(15877): Unhandled SoftException
07-13 10:23:02.386 E/unknown:ReactHost(15877): com.facebook.react.bridge.ReactNoCrashSoftException: raiseSoftException(onWindowFocusChange(hasFocus = "true")): Tried to access onWindowFocusChange while context is not ready
07-13 10:23:02.386 E/unknown:ReactHost(15877): 	at com.facebook.react.runtime.ReactHostImpl.raiseSoftException(ReactHostImpl.kt:861)
07-13 10:23:02.386 E/unknown:ReactHost(15877): 	at com.facebook.react.runtime.ReactHostImpl.raiseSoftException$default(ReactHostImpl.kt:852)
07-13 10:23:02.386 E/unknown:ReactHost(15877): 	at com.facebook.react.runtime.ReactHostImpl.onWindowFocusChange(ReactHostImpl.kt:625)
07-13 10:23:02.386 E/unknown:ReactHost(15877): 	at com.facebook.react.ReactDelegate.onWindowFocusChanged(ReactDelegate.kt:232)
07-13 10:23:02.386 E/unknown:ReactHost(15877): 	at com.facebook.react.ReactActivityDelegate.onWindowFocusChanged(ReactActivityDelegate.java:237)
07-13 10:23:02.386 E/unknown:ReactHost(15877): 	at expo.modules.ReactActivityDelegateWrapper$onWindowFocusChanged$1.invokeSuspend(ReactActivityDelegateWrapper.kt:320)
07-13 10:23:02.386 E/unknown:ReactHost(15877): 	at expo.modules.ReactActivityDelegateWrapper$onWindowFocusChanged$1.invoke(ReactActivityDelegateWrapper.kt:8)
07-13 10:23:02.386 E/unknown:ReactHost(15877): 	at expo.modules.ReactActivityDelegateWrapper$onWindowFocusChanged$1.invoke(ReactActivityDelegateWrapper.kt:4)
07-13 10:23:02.386 E/unknown:ReactHost(15877): 	at expo.modules.ReactActivityDelegateWrapper$launchLifecycleScopeWithLock$1.invokeSuspend(ReactActivityDelegateWrapper.kt:452)
07-13 10:23:02.386 E/unknown:ReactHost(15877): 	at kotlin.coroutines.jvm.internal.BaseContinuationImpl.resumeWith(ContinuationImpl.kt:33)
07-13 10:23:02.386 E/unknown:ReactHost(15877): 	at kotlinx.coroutines.internal.DispatchedContinuationKt.resumeCancellableWith(DispatchedContinuation.kt:375)
07-13 10:23:02.386 E/unknown:ReactHost(15877): 	at kotlinx.coroutines.intrinsics.CancellableKt.startCoroutineCancellable(Cancellable.kt:26)
07-13 10:23:02.386 E/unknown:ReactHost(15877): 	at kotlinx.coroutines.CoroutineStart.invoke(CoroutineStart.kt:358)
07-13 10:23:02.386 E/unknown:ReactHost(15877): 	at kotlinx.coroutines.AbstractCoroutine.start(AbstractCoroutine.kt:134)
07-13 10:23:02.386 E/unknown:ReactHost(15877): 	at kotlinx.coroutines.BuildersKt__Builders_commonKt.launch(Builders.common.kt:53)
07-13 10:23:02.386 E/unknown:ReactHost(15877): 	at kotlinx.coroutines.BuildersKt.launch(dex-id-359dc68b6f892176ec6f2c648299f475d60b30f3:1)
07-13 10:23:02.386 E/unknown:ReactHost(15877): 	at kotlinx.coroutines.BuildersKt__Builders_commonKt.launch$default(Builders.common.kt:44)
07-13 10:23:02.386 E/unknown:ReactHost(15877): 	at kotlinx.coroutines.BuildersKt.launch$default(dex-id-359dc68b6f892176ec6f2c648299f475d60b30f3:1)
07-13 10:23:02.386 E/unknown:ReactHost(15877): 	at expo.modules.ReactActivityDelegateWrapper.launchLifecycleScopeWithLock(ReactActivityDelegateWrapper.kt:450)
07-13 10:23:02.386 E/unknown:ReactHost(15877): 	at expo.modules.ReactActivityDelegateWrapper.launchLifecycleScopeWithLock$default(ReactActivityDelegateWrapper.kt:446)
07-13 10:23:02.386 E/unknown:ReactHost(15877): 	at expo.modules.ReactActivityDelegateWrapper.onWindowFocusChanged(ReactActivityDelegateWrapper.kt:318)
07-13 10:23:02.386 E/unknown:ReactHost(15877): 	at com.facebook.react.ReactActivity.onWindowFocusChanged(ReactActivity.java:158)
07-13 10:23:02.386 E/unknown:ReactHost(15877): 	at androidx.appcompat.view.WindowCallbackWrapper.onWindowFocusChanged(WindowCallbackWrapper.java:124)
07-13 10:23:02.386 E/unknown:ReactHost(15877): 	at com.android.internal.policy.DecorView.onWindowFocusChanged(DecorView.java:1956)
07-13 10:23:02.386 E/unknown:ReactHost(15877): 	at android.view.View.dispatchWindowFocusChanged(View.java:16183)
07-13 10:23:02.386 E/unknown:ReactHost(15877): 	at android.view.ViewGroup.dispatchWindowFocusChanged(ViewGroup.java:1528)
07-13 10:23:02.386 E/unknown:ReactHost(15877): 	at android.view.ViewRootImpl.dispatchFocusEvent(ViewRootImpl.java:4703)
07-13 10:23:02.386 E/unknown:ReactHost(15877): 	at android.view.ViewRootImpl.handleWindowFocusChanged(ViewRootImpl.java:4607)
07-13 10:23:02.386 E/unknown:ReactHost(15877): 	at android.view.ViewRootImpl.-$$Nest$mhandleWindowFocusChanged(ViewRootImpl.java:0)
07-13 10:23:02.386 E/unknown:ReactHost(15877): 	at android.view.ViewRootImpl$ViewRootHandler.handleMessageImpl(ViewRootImpl.java:6879)
07-13 10:23:02.386 E/unknown:ReactHost(15877): 	at android.view.ViewRootImpl$ViewRootHandler.handleMessage(ViewRootImpl.java:6766)
07-13 10:23:02.386 E/unknown:ReactHost(15877): 	at android.os.Handler.dispatchMessage(Handler.java:106)
07-13 10:23:02.386 E/unknown:ReactHost(15877): 	at android.os.Looper.loopOnce(Looper.java:222)
07-13 10:23:02.386 E/unknown:ReactHost(15877): 	at android.os.Looper.loop(Looper.java:314)
07-13 10:23:02.386 E/unknown:ReactHost(15877): 	at android.app.ActivityThread.main(ActivityThread.java:8671)
07-13 10:23:02.386 E/unknown:ReactHost(15877): 	at java.lang.reflect.Method.invoke(Native Method)
07-13 10:23:02.386 E/unknown:ReactHost(15877): 	at com.android.internal.os.RuntimeInit$MethodAndArgsCaller.run(RuntimeInit.java:565)
07-13 10:23:02.386 E/unknown:ReactHost(15877): 	at com.android.internal.os.ZygoteInit.main(ZygoteInit.java:1081)
07-13 10:23:02.387 I/HandWritingStubImpl(15877): refreshLastKeyboardType: 1
07-13 10:23:02.387 I/HandWritingStubImpl(15877): getCurrentKeyboardType: 1
07-13 10:23:02.391 I/gralloc4( 1133): @set_metadata: update dataspace from GM (0x00000000 -> 0x08010000)
07-13 10:23:02.392 D/CompatibilityChangeReporter( 1813): Compat change id reported: 214016041; UID 10210; state: ENABLED
07-13 10:23:02.396 D/C2MtkBufferManager( 1041): over 5000ms not request from VCodec but callback hooked, slow BM Cc fetch thread
07-13 10:23:02.398 I/ImeTracker( 1813): com.skillsroom.mobile:676bb1a6: onRequestHide at ORIGIN_SERVER_HIDE_INPUT reason HIDE_UNSPECIFIED_WINDOW
07-13 10:23:02.398 D/MirrorManager( 7233):  sendAcceptInput 0 0
07-13 10:23:02.398 I/ImeTracker( 1813): com.skillsroom.mobile:676bb1a6: onCancelled at PHASE_SERVER_SHOULD_HIDE
07-13 10:23:02.400 D/MI-SF   ( 1133): updateScene: module = 270 (Unknown), value = 0, pkg = com.skillsroom.mobile
07-13 10:23:02.400 I/ClipboardServiceI( 1813): checkProviderWakePathForClipboard: primaryClip is null
07-13 10:23:02.400 I/MiuiNetworkPolicy( 1813): updateUidState uid = 10157, uidState = 3
07-13 10:23:02.403 D/TrafficManageService( 5491): onReceive: intent.action = com.android.server.action.NETWORK_STATS_UPDATED
07-13 10:23:02.404 D/WM-GreedyScheduler(15703): Ignoring {WorkSpec: 3f9baa03-1c58-4729-8c98-b04692aec0e8}. Requires device idle.
07-13 10:23:02.404 D/WM-GreedyScheduler(15703): Ignoring {WorkSpec: 4c5c6d5a-feae-46d5-8340-c6a3b1e3576f}. Requires ContentUri triggers.
07-13 10:23:02.404 D/WM-GreedyScheduler(15703): Ignoring {WorkSpec: d8926dd9-443c-4ff6-87ce-5b68becf131d}. Requires device idle.
07-13 10:23:02.404 D/WM-GreedyScheduler(15703): Ignoring {WorkSpec: b85aa671-fc18-436e-baf0-cdf79035bc9e}. Requires ContentUri triggers.
07-13 10:23:02.404 D/WM-GreedyScheduler(15703): Ignoring {WorkSpec: ebe50715-f536-4cc3-9353-33911f8ce626}. Requires ContentUri triggers.
07-13 10:23:02.404 D/TrafficManageService-TrafficSimManager( 5491): notifyByNetChange_time: return
07-13 10:23:02.404 D/WM-GreedyScheduler(15703): Ignoring {WorkSpec: 8d15a051-6170-47fb-a26e-fbd04cd767cf}. Requires device idle.
07-13 10:23:02.404 D/WM-GreedyScheduler(15703): Ignoring {WorkSpec: d4dd7228-86e2-419b-9f1e-eccbe8cb0a5b}. Requires ContentUri triggers.
07-13 10:23:02.404 D/WM-GreedyScheduler(15703): Starting tracking for 28b41298-d750-4779-934e-04d8d89a189a,5ea907e5-d556-47f2-acd9-f8fa46d12535
07-13 10:23:02.411 D/VRI[PopupWindow:562382c](15877): vri.reportNextDraw android.view.ViewRootImpl.handleResized:2321 android.view.ViewRootImpl.-$$Nest$mhandleResized:0 android.view.ViewRootImpl$ViewRootHandler.handleMessageImpl:6797 android.view.ViewRootImpl$ViewRootHandler.handleMessage:6766 android.os.Handler.dispatchMessage:106 
07-13 10:23:02.413 D/WM-Processor(15703): swp: processing WorkGenerationalId(workSpecId=eaa406a3-ce4b-420a-a6d6-7875402a3e7e, generation=0)
07-13 10:23:02.413 I/FontLog (10100): (REDACTED) Received query %s, URI %s
07-13 10:23:02.414 I/FontLog (10100): (REDACTED) Query [%s] resolved to %s
07-13 10:23:02.415 D/VRI[PopupWindow:562382c](15877): vri.Setup new sync=wmsSync-VRI[PopupWindow:562382c]#4
07-13 10:23:02.417 D/C2MtkBufferManager( 1041): over 5000ms not request from VCodec but callback hooked, slow BM Cc fetch thread
07-13 10:23:02.418 D/VRI[PopupWindow:562382c](15877): vri.reportDrawFinished
07-13 10:23:02.419 W/WindowManager( 1813): finishDrawingWindow: Window{b088dd u0 PopupWindow:562382c} mDrawState=HAS_DRAWN
07-13 10:23:02.419 D/MddListenableWorkerFactory(15703): createWorker for class: com.google.android.apps.messaging.shared.datamodel.workqueue.WorkQueueWorkerShim
07-13 10:23:02.423 D/WM-WorkerWrapper(15703): Starting work for com.google.android.apps.messaging.shared.datamodel.workqueue.WorkQueueWorkerShim
07-13 10:23:02.423 I/HandWritingStubImpl(15877): getCurrentKeyboardType: 1
07-13 10:23:02.426 I/mtkpower@impl( 1059): [setMode] type:5, enabled:0
07-13 10:23:02.426 I/GoogleInputMethodService( 4463): GoogleInputMethodService.onFinishInput():2259 
07-13 10:23:02.427 I/libPowerHal( 1059): [perfLockRel] hdl:247296, idx:6
07-13 10:23:02.427 I/Forking (15703): Starting analysis.
07-13 10:23:02.429 I/PowerHalWrapper( 1813): amsBoostStop AMS_BOOST_PACK_SWITCH:false, AMS_BOOST_ACT_SWITCH:false, AMS_BOOST_PROCESS_CREATE:false 
07-13 10:23:02.434 I/WindowManager( 1813): cancelAnimation removed leash : Surface(name=Surface(name=143addc InputMethod#139)/@0x3f7a46b - animation-leash of insets_animation#78922)/@0xe8a634d
07-13 10:23:02.435 I/FontLog (10100): (REDACTED) Fetch %s end status %s
07-13 10:23:02.436 E/BufferQueueDebug( 1133): [Surface(name=143addc InputMethod#139)/@0x3f7a46b - animation-leash of insets_animation#78934](this:0xb4000078559fda30,id:-1,api:0,p:-1,c:-1) id info cannot be read from 'Surface(name=143addc InputMethod#139)/@0x3f7a46b - animation-leash of insets_animation#78934'
07-13 10:23:02.436 I/BufferQueueDebug( 1133): [Surface(name=143addc InputMethod#139)/@0x3f7a46b - animation-leash of insets_animation#78934](this:0xb4000078559fda30,id:-1,api:0,p:-1,c:-1) BufferQueue core=(1133:/system/bin/surfaceflinger)
07-13 10:23:02.436 I/Misthreading(15703): Starting analysis.
07-13 10:23:02.437 D/C2MtkBufferManager( 1041): over 5000ms not request from VCodec but callback hooked, slow BM Cc fetch thread
07-13 10:23:02.438 I/RcsProvisioningFlow(15703): Handling SIM state update work request for 3 with updateTrigger 6, scheduledAt 2026-07-13T09:22:59.303Z.
07-13 10:23:02.440 I/Module  ( 4463): DeviceLockedStatusModuleProvider$Module.updateDeviceLockedStatus():103 repeatCheckTimes = 0, locked = false
07-13 10:23:02.440 I/RcsProvisioningFlow(15703): Beginning update task for phone SIMs state scheduledAt: 2026-07-13T09:22:59.303Z
07-13 10:23:02.440 D/ActivityManager( 1813): getProcessesInErrorState callingUid=10279, CallingPid=443
07-13 10:23:02.443 I/FontLog (10100): (REDACTED) Pulling font file for id = %d, cache size = %d
07-13 10:23:02.446 D/ActivityManager( 1813): getProcessesInErrorState callingUid=10288, CallingPid=19459
07-13 10:23:02.454 D/Utilities( 2459):  oldHints : 0 backDisposition : 0 imeShown : false hints 0
07-13 10:23:02.458 D/C2MtkBufferManager( 1041): over 5000ms not request from VCodec but callback hooked, slow BM Cc fetch thread
07-13 10:23:02.458 I/BufferQueueDebug( 1133): [Surface(name=143addc InputMethod#139)/@0x3f7a46b - animation-leash of insets_animation#78922](this:0xb40000785b3caa30,id:-1,api:0,p:-1,c:1133) onDestructor()
07-13 10:23:02.459 I/GoogleInputMethodService( 4463): GoogleInputMethodService.onStartInput():1446 onStartInput(EditorInfo{EditorInfo{packageName=com.skillsroom.mobile, inputType=0, inputTypeString=NULL, enableLearning=false, autoCorrection=false, autoComplete=false, imeOptions=0, privateImeOptions=null, actionName=UNSPECIFIED, actionLabel=null, initialSelStart=-1, initialSelEnd=-1, initialCapsMode=0, label=null, fieldId=0, fieldName=null, extras=Bundle[mParcelledData.dataSize=72], hintText=null, hintLocales=[]}}, false)
07-13 10:23:02.462 I/AndroidIME( 4463): LatinIMEBase.updateInputViewCoverNavigation():322 Update input view padding, isNavbarOverInputWindow=false, bottom inset=94
07-13 10:23:02.467 I/Module  ( 4463): DeviceLockedStatusModuleProvider$Module.updateDeviceLockedStatus():103 repeatCheckTimes = 1, locked = false
07-13 10:23:02.471 I/FontLog (10100): (REDACTED) Pulling font file for id = %d, cache size = %d
07-13 10:23:02.476 W/PackageConfigPersister( 1813): App-specific configuration not found for packageName: com.skillsroom.mobile and userId: 0
07-13 10:23:02.477 I/RcsProvisioningFlow(15703): Lock acquired for updating phone SIMs state with update trigger: 6.
07-13 10:23:02.477 I/RcsProvisioningFlow(15703): subscriptionUtilsList subIds: [1, 5]
07-13 10:23:02.478 D/C2MtkBufferManager( 1041): over 5000ms not request from VCodec but callback hooked, slow BM Cc fetch thread
07-13 10:23:02.480 W/BpBinder(10100): Large or Failed outgoing transaction of 440012 bytes, interface descriptor , code 4
07-13 10:23:02.487 I/BugleSimStateTracker(15703): default call SIM: redacted-pii:sim_id[chars:20,last3:312], default sms SIM redacted-pii:sim_id[chars:20,last3:92F]. default data SIM redacted-pii:sim_id[chars:20,last3:312].
07-13 10:23:02.488 I/BugleSimStateTracker(15703): default call SIM: redacted-pii:sim_id[chars:20,last3:312], default sms SIM redacted-pii:sim_id[chars:20,last3:92F]. default data SIM redacted-pii:sim_id[chars:20,last3:312].
07-13 10:23:02.498 D/C2MtkBufferManager( 1041): over 5000ms not request from VCodec but callback hooked, slow BM Cc fetch thread
07-13 10:23:02.505 I/BugleSimStateTracker(15703): Subscription is carrier config identified: true [CONTEXT sub_id=1 ]
07-13 10:23:02.512 I/BugleSimStateTracker(15703): Subscription is carrier config identified: true [CONTEXT sub_id=5 ]
07-13 10:23:02.513 D/CompatibilityChangeReporter(15703): Compat change id reported: 183155436; UID 10165; state: ENABLED
07-13 10:23:02.516 I/BugleRcsProvisioning(15703): BugleSystemBindingManager: onBuglePhenotypeFlagChanged
07-13 10:23:02.517 W/ComponentDiscovery(15703): Class com.google.firebase.installations.FirebaseInstallationsKtxRegistrar is not an found.
07-13 10:23:02.518 D/PackageManager( 1813): set app component=ComponentInfo{com.google.android.apps.messaging/com.google.android.ims.binding.SystemBindingService} enabled state: 1 from com.google.android.apps.messaging,uid=10165,pid=15703
07-13 10:23:02.518 I/BugleTransport(15703): Retrieved RCS available simIds: [redacted-pii[20-chars]]
07-13 10:23:02.518 I/BugleRcsEngine(15703): SystemBinding enabled: true [CONTEXT log_prefix="SystemBindingManager" thread_id=1238 ]
07-13 10:23:02.518 I/FirebaseApp(15703): Device unlocked: initializing all Firebase APIs for app [DEFAULT]
07-13 10:23:02.519 D/C2MtkBufferManager( 1041): over 5000ms not request from VCodec but callback hooked, slow BM Cc fetch thread
07-13 10:23:02.519 I/BugleRcsEngine(15703): System Binding updated [CONTEXT thread_id=1238 ]
07-13 10:23:02.519 I/BugleTransport(15703): Enabled chat transport for SIM = redacted-pii[20-chars] is TACHYGRAM
07-13 10:23:02.520 I/BugleTransport(15703): Deregister all SIMs except for SIMs with subIds: [] from chat transport: SINGLE_REGISTRATION.
07-13 10:23:02.520 I/BugleTransport(15703): Deregister all SIMs except for SIMs with subIds: [1] from chat transport: TACHYGRAM.
07-13 10:23:02.521 I/BugleTransport(15703): Deregister all SIMs except for SIMs with subIds: [] from chat transport: DUAL_REGISTRATION.
07-13 10:23:02.522 I/RcsClientLib(15703): Service is deprecated skipping connection attempt: RcsEngineLifecycleServiceV2
07-13 10:23:02.524 I/BugleRcsJibe(15703): RcsServiceConnectionException was raised while waiting to connect to RcsEngineLifecycleServiceV2
07-13 10:23:02.529 D/PackageManager( 1813): set app component=ComponentInfo{com.google.android.apps.messaging/com.google.android.apps.messaging.auto.MessagingTemplateScreenServiceModule} enabled state: 1 from com.google.android.apps.messaging,uid=10165,pid=15703
07-13 10:23:02.529 I/BugleTransport(15703): Register SIM with subId: 1 on chat transport: TACHYGRAM.
07-13 10:23:02.534 I/BugleSimStateTracker(15703): Looking up Fi through package names.
07-13 10:23:02.534 I/BugleNetwork(15703): FirebaseRegistrationStartupTask: Enabling Firebase component
07-13 10:23:02.539 D/C2MtkBufferManager( 1041): over 5000ms not request from VCodec but callback hooked, slow BM Cc fetch thread
07-13 10:23:02.548 I/BugleDataModel(15703): 2 not running because already up to date, upgradeCommand: EXECUTE_UPGRADE, version: 4
07-13 10:23:02.550 I/BugleDataModel(15703): 9 not running because already up to date, upgradeCommand: EXECUTE_DOWNGRADE, version: 3
07-13 10:23:02.552 I/BugleDataModel(15703): 8 not running because already up to date, upgradeCommand: EXECUTE_UPGRADE, version: 1
07-13 10:23:02.555 I/BugleDataModel(15703): 11 not running because already up to date, upgradeCommand: EXECUTE_UPGRADE, version: 1
07-13 10:23:02.555 I/BugleRcsEngine(15703): Cannot use CS.apk as it's battery optimized [CONTEXT thread_id=1246 ]
07-13 10:23:02.557 D/ActivityManager( 1813): getProcessesInErrorState callingUid=10283, CallingPid=13690
07-13 10:23:02.557 I/BugleSatellite(15703): Processing Phenotype flag changes.
07-13 10:23:02.558 I/BugleSatellite(15703): Reporting to Telephony: SMS supported = true
07-13 10:23:02.559 I/BugleDataModel(15703): 3 not running because already up to date, upgradeCommand: EXECUTE_UPGRADE, version: 2
07-13 10:23:02.560 D/C2MtkBufferManager( 1041): over 5000ms not request from VCodec but callback hooked, slow BM Cc fetch thread
07-13 10:23:02.562 I/BugleDataModel(15703): 4 not running because already up to date, upgradeCommand: EXECUTE_UPGRADE, version: 1
07-13 10:23:02.564 I/BugleSimStateTracker(15703): Looking up Fi through package names.
07-13 10:23:02.565 D/PackageManager( 1813): set app component=ComponentInfo{com.google.android.apps.messaging/com.google.android.apps.messaging.shared.fcm.impl.BugleFirebaseMessagingService} enabled state: 1 from com.google.android.apps.messaging,uid=10165,pid=15703
07-13 10:23:02.573 I/RcsProvisioningFlow(15703): All newly built SimSubscriptionInfos: [(simId: redacted-pii:sim_id[chars:20,last3:312],
07-13 10:23:02.573 I/RcsProvisioningFlow(15703): subId: 1,
07-13 10:23:02.573 I/RcsProvisioningFlow(15703): simSlot: 0,
07-13 10:23:02.573 I/RcsProvisioningFlow(15703): imsi: redacted-pii:imsi[chars:15],
07-13 10:23:02.573 I/RcsProvisioningFlow(15703): phoneNumber: redacted-pii:phone_number[chars:0,last2:],
07-13 10:23:02.573 I/RcsProvisioningFlow(15703): countryCode: NG,
07-13 10:23:02.573 I/RcsProvisioningFlow(15703): networkOperatorName: MTN NIGERIA,
07-13 10:23:02.573 I/RcsProvisioningFlow(15703): subscriptionGroupUuid: ,
07-13 10:23:02.573 I/RcsProvisioningFlow(15703): mcc: 621,
07-13 10:23:02.573 I/RcsProvisioningFlow(15703): mnc: 30,
07-13 10:23:02.573 I/RcsProvisioningFlow(15703): simCarrierId: 1639,
07-13 10:23:02.573 I/RcsProvisioningFlow(15703): iccid: redacted-pii:sim_iccid[chars:20],
07-13 10:23:02.573 I/RcsProvisioningFlow(15703): isFi: false,
07-13 10:23:02.573 I/RcsProvisioningFlow(15703): loggableGuid: 5fb02c51-4a85-438f-8c0f-ffd0ed6c6ed8,
07-13 10:23:02.573 I/RcsProvisioningFlow(15703): formattedMsisdn: redacted-pii:phone_number[chars:0,last2:],
07-13 10:23:02.573 I/RcsProvisioningFlow(15703): simOperatorName: MTN - NG,
07-13 10:23:02.573 I/RcsProvisioningFlow(15703): simOperator: 62130,
07-13 10:23:02.573 I/RcsProvisioningFlow(15703): groupIdLevel1: FFFF,
07-13 10:23:02.573 I/RcsProvisioningFlow(15703): preferredSubscriptionName: MTN - NG), (simId: redacted-pii:sim_id[chars:20,last3:92F],
07-13 10:23:02.573 I/RcsProvisioningFlow(15703): subId: 5,
07-13 10:23:02.573 I/RcsProvisioningFlow(15703): simSlot: 1,
07-13 10:23:02.573 I/RcsProvisioningFlow(15703): imsi: redacted-pii:imsi[chars:15],
07-13 10:23:02.573 I/RcsProvisioningFlow(15703): phoneNumber: redacted-pii:phone_number[chars:0,last2:],
07-13 10:23:02.573 I/RcsProvisioningFlow(15703): countryCode: NG,
07-13 10:23:02.573 I/RcsProvisioningFlow(15703): networkOperatorName: Airtel Nigeria,
07-13 10:23:02.573 I/RcsProvisioningFlow(15703): subscriptionGroupUuid: ,
07-13 10:23:02.573 I/RcsProvisioningFlow(15703): mcc: 621,
07-13 10:23:02.573 I/RcsProvisioningFlow(15703): mnc: 20,
07-13 10:23:02.573 I/RcsProvisioningFlow(15703): simCarrierId: 1638,
07-13 10:23:02.573 I/RcsProvisioningFlow(15703): iccid: redacted-pii:sim_iccid[chars:19],
07-13 10:23:02.573 I/RcsProvisioningFlow(15703): isFi: false,
07-13 10:23:02.573 I/RcsProvisioningFlow(15703): loggableGuid: b590114e-f9b0-4481-a440-de0b16859006,
07-13 10:23:02.573 I/RcsProvisioningFlow(15703): formattedMsisdn: redacted-pii:phone_number[chars:0,last2:],
07-13 10:23:02.573 I/RcsProvisioningFlow(15703): simOperatorName: Airtel NG,
07-13 10:23:02.573 I/RcsProvisioningFlow(15703): simOperator: 62120,
07-13 10:23:02.573 I/RcsProvisioningFlow(15703): groupIdLevel1: FFFFFFFF,
07-13 10:23:02.573 I/RcsProvisioningFlow(15703): preferredSubscriptionName: Airtel NG)]
07-13 10:23:02.580 D/C2MtkBufferManager( 1041): over 5000ms not request from VCodec but callback hooked, slow BM Cc fetch thread
07-13 10:23:02.581 I/RcsProvisioningFlow(15703): Storing updated SimSubscriptionInfo list in PhoneSimsStateDataStore: [(redacted-pii:sim_id[chars:20,last3:312], 5fb02c51-4a85-438f-8c0f-ffd0ed6c6ed8), (redacted-pii:sim_id[chars:20,last3:92F], b590114e-f9b0-4481-a440-de0b16859006)]
07-13 10:23:02.582 I/RcsProvisioningFlow(15703): Storing updated SimSubscriptionInfo list in SimStateStore: [(redacted-pii:sim_id[chars:20,last3:312], 5fb02c51-4a85-438f-8c0f-ffd0ed6c6ed8), (redacted-pii:sim_id[chars:20,last3:92F], b590114e-f9b0-4481-a440-de0b16859006)]
07-13 10:23:02.582 I/RcsProvisioningFlow(15703): Sim subscription infos have not changed, skipping saving
07-13 10:23:02.583 I/RcsProvisioningFlow(15703): Phone defaults have not changed in SimStateStore, skipping saving
07-13 10:23:02.584 I/RcsProvisioningFlow(15703): Phone defaults have not changed in PhoneSimsStateDataStore, skipping saving
07-13 10:23:02.585 I/RcsProvisioningFlow(15703): No new or updated SIMs on phone sim state update.
07-13 10:23:02.601 D/C2MtkBufferManager( 1041): over 5000ms not request from VCodec but callback hooked, slow BM Cc fetch thread
07-13 10:23:02.621 D/C2MtkBufferManager( 1041): over 5000ms not request from VCodec but callback hooked, slow BM Cc fetch thread
07-13 10:23:02.629 D/UiModeManager( 1813): updateConfigurationLocked: mDockState=0; mCarMode=false; mCar=false; mPowerSave=false; mComputedNightMode=false; mNightMode=0; uiMode=28
07-13 10:23:02.631 I/PowerSaveService( 5491): onReceive: android.intent.action.BATTERY_CHANGED
07-13 10:23:02.634 D/PowerCheckerService( 7233): onBatteryChanged, mBatteryLevel = 82, status = 2, level = 82, plug = 2, scale = 100
07-13 10:23:02.634 D/PowerKeeper.FrozenApp( 7233): onBatteryChanged plug=true mBatteryPlugged=2
07-13 10:23:02.638 D/PowerKeeper.Thermal( 7233): mBatteryTemperature: 37
07-13 10:23:02.641 D/C2MtkBufferManager( 1041): over 5000ms not request from VCodec but callback hooked, slow BM Cc fetch thread
07-13 10:23:02.643 I/PowerNoticeUI( 5491): handleBatteryChanged oldPlugType 2 mPlugType 2 oldBatteryLevel 82 mBatteryLevel 82 temperature 375
07-13 10:23:02.644 I/ChargerBatteryIntelligenceReceiver( 5491): onBatteryChanged temperature：37,plugType:2
07-13 10:23:02.662 D/C2MtkBufferManager( 1041): over 5000ms not request from VCodec but callback hooked, slow BM Cc fetch thread
07-13 10:23:02.670 I/libPerfCtl( 1059): xgfGetFPS pid:2459 fps:64
07-13 10:23:02.670 I/libPerfCtl( 1059): xgfGetFPS pid:2470 fps:-1
07-13 10:23:02.671 I/libPerfCtl( 1059): xgfGetFPS pid:15846 fps:-1
07-13 10:23:02.671 I/libPerfCtl( 1059): xgfGetFPS pid:15877 fps:-1
07-13 10:23:02.682 D/C2MtkBufferManager( 1041): over 5000ms not request from VCodec but callback hooked, slow BM Cc fetch thread
07-13 10:23:02.693 D/NetworkController.MobileSignalController(1)( 2459): notifyListeners: mFeatureRelayData=false
07-13 10:23:02.703 D/C2MtkBufferManager( 1041): over 5000ms not request from VCodec but callback hooked, slow BM Cc fetch thread
07-13 10:23:02.714 I/gralloc4( 2459): @set_metadata: update dataspace from GM (0x00000000 -> 0x08010000)
07-13 10:23:02.723 D/C2MtkBufferManager( 1041): over 5000ms not request from VCodec but callback hooked, slow BM Cc fetch thread
07-13 10:23:02.726 I/hwcomposer( 1039): [HWCDisplay] [Display_0 (type:1)] fps:24.368677,dur:1066.94,max:263.98,min:14.18  
07-13 10:23:02.744 D/C2MtkBufferManager( 1041): over 5000ms not request from VCodec but callback hooked, slow BM Cc fetch thread
07-13 10:23:02.747 D/TelephonyManager( 2457): requestModemActivityInfo: Sending result to app: ModemActivityInfo{ mTimestamp=696182397 mSleepTimeMs=291211328 mIdleTimeMs=83089123 mActivityStatsTechSpecificInfo=[{mRat=UNKNOWN,mFrequencyRange=UNKNOWN,mTxTimeMs[]=[99490, 863196, 16714991, 16960797, 35829744],mRxTimeMs=323601514}]}
07-13 10:23:02.755 D/nativeloader(15703): Load /data/app/~~e0Dg5yqqwWPNTNgaTPTg7Q==/com.google.android.apps.messaging-2Xlgy84BZ9coxuvUbmndoA==/split_config.arm64_v8a.apk!/lib/arm64-v8a/libscytale_v2_jni.so using class loader ns clns-5 (caller=/data/app/~~e0Dg5yqqwWPNTNgaTPTg7Q==/com.google.android.apps.messaging-2Xlgy84BZ9coxuvUbmndoA==/base.apk!classes3.dex): ok
07-13 10:23:02.764 D/C2MtkBufferManager( 1041): over 5000ms not request from VCodec but callback hooked, slow BM Cc fetch thread
07-13 10:23:02.782 I/BugleE2eeEtouffee(15703): EtouffeeStateMachine: Ensuring state machine consistency
07-13 10:23:02.785 D/C2MtkBufferManager( 1041): over 5000ms not request from VCodec but callback hooked, slow BM Cc fetch thread
07-13 10:23:02.790 I/BugleE2eeEtouffee(15703): EtouffeeStateMachine: onRegistrationUpdate from Tachyon, previousState: REGISTERED_WITH_PREKEYS, newState: REGISTERED_WITH_PREKEYS, reason: STARTUP_ENSURE_CONSISTENCY
07-13 10:23:02.793 I/BugleE2eeEtouffee(15703): EtouffeeStateMachine: E2EE provisioning state update, Previous Etouffee status: PROVISIONED, New Etouffee status: PROVISIONED
07-13 10:23:02.805 D/C2MtkBufferManager( 1041): over 5000ms not request from VCodec but callback hooked, slow BM Cc fetch thread
07-13 10:23:02.825 D/C2MtkBufferManager( 1041): over 5000ms not request from VCodec but callback hooked, slow BM Cc fetch thread
07-13 10:23:02.831 I/BugleE2eeEtouffee(15703): PendingFtdMessageProcessor: Removed old pending messages. count: 0
07-13 10:23:02.833 I/BugleE2eeEtouffee(15703): EtouffeeStateMachine: Deleting old data if any.
07-13 10:23:02.846 D/C2MtkBufferManager( 1041): over 5000ms not request from VCodec but callback hooked, slow BM Cc fetch thread
07-13 10:23:02.857 I/ClipboardServiceI( 1813): checkProviderWakePathForClipboard: primaryClip is null
07-13 10:23:02.858 I/native  (15703): I0000 00:00:1783934582.858647   15967 db_store.cc:105] Loading an existing database with version 16
07-13 10:23:02.858 I/native  (15703): I0000 00:00:1783934582.858928   15967 db_store.cc:517] Checking presence of tables, run_sqlite_master_schema_validation=true, run_per_table_schema_validation=true
07-13 10:23:02.866 D/C2MtkBufferManager( 1041): over 5000ms not request from VCodec but callback hooked, slow BM Cc fetch thread
07-13 10:23:02.878 I/native  (15703): I0000 00:00:1783934582.878131   15967 db_store.cc:428] Database schema, prefix=scytale_05c1c35cddca045ea0e33d5205e999bb054c99c5060b508013699d9402544b4260_
07-13 10:23:02.881 I/BugleMDD(15703): MddBackgroundStartupTask: Scheduled MDD periodic tasks.
07-13 10:23:02.881 I/native  (15703): I0000 00:00:1783934582.881759   15967 db_store.cc:449] Database schema=CREATE TABLE scytale_05c1c35cddca045ea0e33d5205e999bb054c99c5060b508013699d9402544b4260_db_configuration(single_row INTEGER NOT NULL DEFAULT 1,schema_version INTEGER NOT NULL,PRIMARY KEY(single_row) CHECK(single_row = 1))
07-13 10:23:02.881 I/native  (15703): I0000 00:00:1783934582.881943   15967 db_store.cc:449] Database schema=CREATE TABLE scytale_05c1c35cddca045ea0e33d5205e999bb054c99c5060b508013699d9402544b4260_identity_keys(device_id TEXT NOT NULL,identity_key BLOB NOT NULL,revision_timestamp_millis LONG NOT NULL DEFAULT(0),PRIMARY KEY(device_id) )
07-13 10:23:02.882 I/native  (15703): I0000 00:00:1783934582.882057   15967 db_store.cc:449] Database schema=CREATE TABLE scytale_05c1c35cddca045ea0e33d5205e999bb054c99c5060b508013699d9402544b4260_message_otks(message_id TEXT NOT NULL,device_id TEXT NOT NULL,otk BLOB NOT NULL,insert_timestamp_millis LONG NOT NULL DEFAULT(0),PRIMARY KEY(message_id, device_id) )
07-13 10:23:02.882 I/native  (15703): I0000 00:00:1783934582.882151   15967 db_store.cc:449] Database schema=CREATE TABLE scytale_05c1c35cddca045ea0e33d5205e999bb054c99c5060b508013699d9402544b4260_prekeys(key_id INTEGER NOT NULL,key_type INTEGER NOT NULL DEFAULT(0),prekey BLOB ,timestamp_millis LONG ,PRIMARY KEY(key_id) )
07-13 10:23:02.882 I/native  (15703): I0000 00:00:1783934582.882315   15967 db_store.cc:449] Database schema=CREATE TABLE scytale_05c1c35cddca045ea0e33d5205e999bb054c99c5060b508013699d9402544b4260_received_message_state(message_id TEXT NOT NULL,message_state INTEGER NOT NULL DEFAULT(0),insert_timestamp_millis LONG NOT NULL DEFAULT(0),PRIMARY KEY(message_id) )
07-13 10:23:02.882 I/native  (15703): I0000 00:00:1783934582.882524   15967 db_store.cc:449] Database schema=CREATE TABLE scytale_05c1c35cddca045ea0e33d5205e999bb054c99c5060b508013699d9402544b4260_sent_message_digests(message_id TEXT NOT NULL,device_id TEXT NOT NULL,message_digest BLOB NOT NULL,insert_timestamp_millis LONG NOT NULL DEFAULT(0),PRIMARY KEY(message_id, device_id) )
07-13 10:23:02.882 I/native  (15703): I0000 00:00:1783934582.882692   15967 db_store.cc:449] Database schema=CREATE TABLE scytale_05c1c35cddca045ea0e33d5205e999bb054c99c5060b508013699d9402544b4260_sessions(device_id TEXT NOT NULL DEFAULT(0),session BLOB ,PRIMARY KEY(device_id) )
07-13 10:23:02.883 I/BugleE2eeEtouffee(15703): CryptoV2Provider: Base crypto created
07-13 10:23:02.886 D/C2MtkBufferManager( 1041): over 5000ms not request from VCodec but callback hooked, slow BM Cc fetch thread
07-13 10:23:02.895 I/BugleE2eeEtouffee(15703): Removed OTK count: 0
07-13 10:23:02.907 D/C2MtkBufferManager( 1041): over 5000ms not request from VCodec but callback hooked, slow BM Cc fetch thread
07-13 10:23:02.927 D/C2MtkBufferManager( 1041): over 5000ms not request from VCodec but callback hooked, slow BM Cc fetch thread
07-13 10:23:02.942 D/ActivityManager( 1813): getProcessesInErrorState callingUid=10279, CallingPid=443
07-13 10:23:02.947 D/ActivityManager( 1813): getProcessesInErrorState callingUid=10288, CallingPid=19459
07-13 10:23:02.947 D/C2MtkBufferManager( 1041): over 5000ms not request from VCodec but callback hooked, slow BM Cc fetch thread
07-13 10:23:02.954 D/WM-GreedyScheduler(15703): Ignoring {WorkSpec: 3f9baa03-1c58-4729-8c98-b04692aec0e8}. Requires device idle.
07-13 10:23:02.954 D/WM-GreedyScheduler(15703): Ignoring {WorkSpec: 4c5c6d5a-feae-46d5-8340-c6a3b1e3576f}. Requires ContentUri triggers.
07-13 10:23:02.954 D/WM-GreedyScheduler(15703): Ignoring {WorkSpec: d8926dd9-443c-4ff6-87ce-5b68becf131d}. Requires device idle.
07-13 10:23:02.954 D/WM-GreedyScheduler(15703): Ignoring {WorkSpec: b85aa671-fc18-436e-baf0-cdf79035bc9e}. Requires ContentUri triggers.
07-13 10:23:02.954 D/WM-GreedyScheduler(15703): Ignoring {WorkSpec: ebe50715-f536-4cc3-9353-33911f8ce626}. Requires ContentUri triggers.
07-13 10:23:02.954 D/WM-GreedyScheduler(15703): Ignoring {WorkSpec: 8d15a051-6170-47fb-a26e-fbd04cd767cf}. Requires device idle.
07-13 10:23:02.955 D/WM-GreedyScheduler(15703): Ignoring {WorkSpec: d4dd7228-86e2-419b-9f1e-eccbe8cb0a5b}. Requires ContentUri triggers.
07-13 10:23:02.955 D/WM-GreedyScheduler(15703): Starting work for a197ea8f-fdc7-4802-931f-85b961bed574
07-13 10:23:02.955 D/WM-GreedyScheduler(15703): Starting tracking for 28b41298-d750-4779-934e-04d8d89a189a,5ea907e5-d556-47f2-acd9-f8fa46d12535
07-13 10:23:02.959 W/libc    (15877): Access denied finding property "ro.vendor.display.iris_x7.support"
07-13 10:23:02.965 I/.apps.messaging(15703): Background young concurrent copying GC freed 5549KB AllocSpace bytes, 23(904KB) LOS objects, 32% free, 11MB/16MB, paused 1.846ms,123us total 121.421ms
07-13 10:23:02.966 E/surfaceflinger( 1133): == MALI DEBUG ===eglp_winsys_populate_image_templates ==12288
07-13 10:23:02.967 D/C2MtkBufferManager( 1041): over 5000ms not request from VCodec but callback hooked, slow BM Cc fetch thread
07-13 10:23:02.974 I/gralloc4( 1133): @set_metadata: update dataspace from GM (0x08010000 -> 0x00000000)
07-13 10:23:02.978 E/surfaceflinger( 1133): == MALI DEBUG ===eglp_winsys_populate_image_templates ==12288
07-13 10:23:02.988 D/C2MtkBufferManager( 1041): over 5000ms not request from VCodec but callback hooked, slow BM Cc fetch thread
07-13 10:23:02.990 I/gralloc4( 1133): @set_metadata: update dataspace from GM (0x08010000 -> 0x00000000)
07-13 10:23:02.997 D/connsyslogger( 1516): data recycle:time out
07-13 10:23:02.997 D/connsyslogger( 1516): idx=0 Bootup Log: 2 log files! filecount=3 
07-13 10:23:03.008 D/C2MtkBufferManager( 1041): over 5000ms not request from VCodec but callback hooked, slow BM Cc fetch thread
07-13 10:23:03.011 E/surfaceflinger( 1133): == MALI DEBUG ===eglp_winsys_populate_image_templates ==12288
07-13 10:23:03.023 I/gralloc4( 1133): @set_metadata: update dataspace from GM (0x08010000 -> 0x00000000)
07-13 10:23:03.029 D/C2MtkBufferManager( 1041): over 5000ms not request from VCodec but callback hooked, slow BM Cc fetch thread
07-13 10:23:03.049 D/C2MtkBufferManager( 1041): over 5000ms not request from VCodec but callback hooked, slow BM Cc fetch thread
07-13 10:23:03.061 I/AS.AudioService( 1813): getMode, get current owner's mode
07-13 10:23:03.061 I/AS.AudioService( 1813): getMode, currentModeHandler is null
07-13 10:23:03.069 D/C2MtkBufferManager( 1041): over 5000ms not request from VCodec but callback hooked, slow BM Cc fetch thread
07-13 10:23:03.083 D/WM-GreedyScheduler(15703): Ignoring {WorkSpec: 3f9baa03-1c58-4729-8c98-b04692aec0e8}. Requires device idle.
07-13 10:23:03.083 D/WM-GreedyScheduler(15703): Ignoring {WorkSpec: 4c5c6d5a-feae-46d5-8340-c6a3b1e3576f}. Requires ContentUri triggers.
07-13 10:23:03.083 D/WM-GreedyScheduler(15703): Ignoring {WorkSpec: d8926dd9-443c-4ff6-87ce-5b68becf131d}. Requires device idle.
