07-13 10:23:05.305 W/SemanticLocation(10100): 	at hmgk.execute(:com.google.android.gms@262334029@26.23.34 (190400-933906539):1)
07-13 10:23:05.305 W/SemanticLocation(10100): 	at hmgt.execute(:com.google.android.gms@262334029@26.23.34 (190400-933906539):76)
07-13 10:23:05.305 W/SemanticLocation(10100): 	at hmek.f(:com.google.android.gms@262334029@26.23.34 (190400-933906539):1)
07-13 10:23:05.305 W/SemanticLocation(10100): 	at hmek.hG(:com.google.android.gms@262334029@26.23.34 (190400-933906539):38)
07-13 10:23:05.305 W/SemanticLocation(10100): 	at hmgv.b(:com.google.android.gms@262334029@26.23.34 (190400-933906539):33)
07-13 10:23:05.305 W/SemanticLocation(10100): 	at fhes.a(:com.google.android.gms@262334029@26.23.34 (190400-933906539):10)
07-13 10:23:05.305 W/SemanticLocation(10100): 	at fhdj.a(:com.google.android.gms@262334029@26.23.34 (190400-933906539):3)
07-13 10:23:05.305 W/SemanticLocation(10100): 	at fhca.c(:com.google.android.gms@262334029@26.23.34 (190400-933906539):9)
07-13 10:23:05.305 W/SemanticLocation(10100): 	at fhcz.b(:com.google.android.gms@262334029@26.23.34 (190400-933906539):81)
07-13 10:23:05.305 W/SemanticLocation(10100): 	at fhbn.b(:com.google.android.gms@262334029@26.23.34 (190400-933906539):614)
07-13 10:23:05.305 W/SemanticLocation(10100): 	at fhbd.j(:com.google.android.gms@262334029@26.23.34 (190400-933906539):399)
07-13 10:23:05.305 W/SemanticLocation(10100): 	at fhbd.k(:com.google.android.gms@262334029@26.23.34 (190400-933906539):159)
07-13 10:23:05.305 W/SemanticLocation(10100): 	at fhbd.d(:com.google.android.gms@262334029@26.23.34 (190400-933906539):1456)
07-13 10:23:05.305 W/SemanticLocation(10100): 	at fhay.b(:com.google.android.gms@262334029@26.23.34 (190400-933906539):9)
07-13 10:23:05.305 W/SemanticLocation(10100): 	at hmhd.run(:com.google.android.gms@262334029@26.23.34 (190400-933906539):38)
07-13 10:23:05.305 W/SemanticLocation(10100): 	at bkeu.c(:com.google.android.gms@262334029@26.23.34 (190400-933906539):50)
07-13 10:23:05.305 W/SemanticLocation(10100): 	at bkeu.run(:com.google.android.gms@262334029@26.23.34 (190400-933906539):85)
07-13 10:23:05.305 W/SemanticLocation(10100): 	at java.util.concurrent.ThreadPoolExecutor.runWorker(ThreadPoolExecutor.java:1100)
07-13 10:23:05.305 W/SemanticLocation(10100): 	at java.util.concurrent.ThreadPoolExecutor$Worker.run(ThreadPoolExecutor.java:624)
07-13 10:23:05.305 W/SemanticLocation(10100): 	at bkkm.run(:com.google.android.gms@262334029@26.23.34 (190400-933906539):8)
07-13 10:23:05.305 W/SemanticLocation(10100): 	at java.lang.Thread.run(Thread.java:1572)
07-13 10:23:05.307 D/C2MtkBufferManager( 1041): over 5000ms not request from VCodec but callback hooked, slow BM Cc fetch thread
07-13 10:23:05.316 I/SubscriptionsTracker(15703): SubscriptionsTracker#refreshSelfParticipantList([1, 5]), with subIdToSimIdMap([])
07-13 10:23:05.327 D/C2MtkBufferManager( 1041): over 5000ms not request from VCodec but callback hooked, slow BM Cc fetch thread
07-13 10:23:05.347 I/Bugle   (15703): getRawTelephonyPhoneNumber redacted-pii[0-chars] [CONTEXT sub_id=1 ]
07-13 10:23:05.348 D/C2MtkBufferManager( 1041): over 5000ms not request from VCodec but callback hooked, slow BM Cc fetch thread
07-13 10:23:05.359 I/Bugle   (15703): getRawTelephonyPhoneNumber redacted-pii[0-chars] [CONTEXT sub_id=1 ]
07-13 10:23:05.368 D/C2MtkBufferManager( 1041): over 5000ms not request from VCodec but callback hooked, slow BM Cc fetch thread
07-13 10:23:05.381 I/Bugle   (15703): getRawTelephonyPhoneNumber redacted-pii[0-chars] [CONTEXT sub_id=1 ]
07-13 10:23:05.389 D/C2MtkBufferManager( 1041): over 5000ms not request from VCodec but callback hooked, slow BM Cc fetch thread
07-13 10:23:05.393 I/Bugle   (15703): getRawTelephonyPhoneNumber redacted-pii[0-chars] [CONTEXT sub_id=1 ]
07-13 10:23:05.409 D/C2MtkBufferManager( 1041): over 5000ms not request from VCodec but callback hooked, slow BM Cc fetch thread
07-13 10:23:05.418 I/Bugle   (15703): getRawTelephonyPhoneNumber redacted-pii[0-chars] [CONTEXT sub_id=5 ]
07-13 10:23:05.430 D/C2MtkBufferManager( 1041): over 5000ms not request from VCodec but callback hooked, slow BM Cc fetch thread
07-13 10:23:05.432 I/Bugle   (15703): getRawTelephonyPhoneNumber redacted-pii[0-chars] [CONTEXT sub_id=5 ]
07-13 10:23:05.450 D/C2MtkBufferManager( 1041): over 5000ms not request from VCodec but callback hooked, slow BM Cc fetch thread
07-13 10:23:05.451 I/SubscriptionsTracker(15703): SubscriptionsTracker bindToTrackingMap bound participants: [ParticipantId=1 subId=-1, ParticipantId=2 subId=1, ParticipantId=3 subId=2, ParticipantId=31 subId=3, ParticipantId=190 subId=4, ParticipantId=195 subId=5]
07-13 10:23:05.452 D/ActivityManager( 1813): getProcessesInErrorState callingUid=10279, CallingPid=443
07-13 10:23:05.452 I/SubscriptionsTracker(15703): set orderedRowIdAndTokenPairs: [rowId=195 subId= 5 token=d7f259e6-55ac-4d3d-b756-a94b439c0399, rowId=2 subId= 1 token=20ff996e-b679-47eb-9076-fb364502998f, rowId=1 subId= -1 token=1b09506a-d8d5-4cf9-afce-4c8d58641c96, rowId=190 subId= 4 token=cf4e4e15-15d3-4fb4-83df-87c48440d61f, rowId=31 subId= 3 token=24689ad8-10b8-4f70-9586-85e38447ac6e, rowId=3 subId= 2 token=fadc9aa3-02c4-4dd5-b864-0f1fd36da57b]
07-13 10:23:05.455 D/ActivityManager( 1813): getProcessesInErrorState callingUid=10288, CallingPid=19459
07-13 10:23:05.471 D/C2MtkBufferManager( 1041): over 5000ms not request from VCodec but callback hooked, slow BM Cc fetch thread
07-13 10:23:05.480 I/Bugle   (15703): TelephonyManagerFactory: Returning per-subscription TelephonyManager (>= N) subscription{id:3}
07-13 10:23:05.485 I/Bugle   (15703): getRawTelephonyPhoneNumber redacted-pii[0-chars] [CONTEXT sub_id=5 ]
07-13 10:23:05.488 I/Bugle   (15703): TelephonyManagerFactory: Returning per-subscription TelephonyManager (>= N) subscription{id:4}
07-13 10:23:05.491 D/C2MtkBufferManager( 1041): over 5000ms not request from VCodec but callback hooked, slow BM Cc fetch thread
07-13 10:23:05.493 I/TFLite-in-PlayServices(10100): Created interpreter.
07-13 10:23:05.501 I/Bugle   (15703): TelephonyManagerFactory: Returning per-subscription TelephonyManager (>= N) subscription{id:2}
07-13 10:23:05.512 I/ClipboardServiceI( 1813): checkProviderWakePathForClipboard: primaryClip is null
07-13 10:23:05.512 D/C2MtkBufferManager( 1041): over 5000ms not request from VCodec but callback hooked, slow BM Cc fetch thread
07-13 10:23:05.515 I/ActivityManager( 1813): com.android.providers.contacts is exempt from freezer
07-13 10:23:05.516 D/CompatibilityChangeReporter( 1813): Compat change id reported: 135634846; UID 10078; state: DISABLED
07-13 10:23:05.516 D/CompatibilityChangeReporter( 1813): Compat change id reported: 177438394; UID 10078; state: DISABLED
07-13 10:23:05.516 D/CompatibilityChangeReporter( 1813): Compat change id reported: 135772972; UID 10078; state: DISABLED
07-13 10:23:05.517 D/CompatibilityChangeReporter( 1813): Compat change id reported: 135754954; UID 10078; state: ENABLED
07-13 10:23:05.518 D/CompatibilityChangeReporter( 1813): Compat change id reported: 143937733; UID 10078; state: ENABLED
07-13 10:23:05.525 D/MediaCodec(19459): [mId: 2] audio-debug Stats over last 5001ms:
07-13 10:23:05.525 D/MediaCodec(19459): [mId: 2] audio-debug Qinput: 0, DQinput: 0 success out of 5 tries
07-13 10:23:05.525 D/MediaCodec(19459): [mId: 2] audio-debug Render: 0, Drop: 0, DQoutput: 0 success out of 0 tries
07-13 10:23:05.532 D/Zygote  ( 1023): Forked child process 16147
07-13 10:23:05.533 D/C2MtkBufferManager( 1041): over 5000ms not request from VCodec but callback hooked, slow BM Cc fetch thread
07-13 10:23:05.534 D/MiuiProcessPolicyManager( 1813): promote android.process.acore maxAdj to svcb  , maxProcState to + PER 
07-13 10:23:05.534 I/ActivityManager( 1813): Start proc 16147:android.process.acore/u0a78 for content provider {com.android.providers.contacts/com.android.providers.contacts.ContactsProvider2} caller=com.google.android.apps.messaging
07-13 10:23:05.545 I/BugleSelfIdentity(15703): Active SelfIdentities [SelfIdentity{id:2, subIds: [1]}, SelfIdentity{id:195, subIds: [5]}]
07-13 10:23:05.553 D/C2MtkBufferManager( 1041): over 5000ms not request from VCodec but callback hooked, slow BM Cc fetch thread
07-13 10:23:05.556 I/TFLite-in-PlayServices(10100): Created interpreter.
07-13 10:23:05.574 D/C2MtkBufferManager( 1041): over 5000ms not request from VCodec but callback hooked, slow BM Cc fetch thread
07-13 10:23:05.581 I/SemanticLocation(10100): (REDACTED) [Inferrer] %s%s
07-13 10:23:05.589 E/Zygote  (16147): process_name_ptr:16147 android.process.acore
07-13 10:23:05.594 D/C2MtkBufferManager( 1041): over 5000ms not request from VCodec but callback hooked, slow BM Cc fetch thread
07-13 10:23:05.603 I/LocationHistory( 8414): (REDACTED) [SqliteTransientDB] I/O operation %s succeeded.
07-13 10:23:05.610 I/d.process.acore(16147): Using generational CollectorTypeCC GC.
07-13 10:23:05.615 D/C2MtkBufferManager( 1041): over 5000ms not request from VCodec but callback hooked, slow BM Cc fetch thread
07-13 10:23:05.625 D/nativeloader(16147): Load libframework-connectivity-tiramisu-jni.so using APEX ns com_android_tethering for caller /apex/com.android.tethering/javalib/framework-connectivity-t.jar: ok
07-13 10:23:05.635 I/MessageMonitor(16147): Load libmiui_runtime
07-13 10:23:05.635 D/C2MtkBufferManager( 1041): over 5000ms not request from VCodec but callback hooked, slow BM Cc fetch thread
07-13 10:23:05.643 D/SymlinkUtils( 1813): attachApplication file op go pass: 0 ms
07-13 10:23:05.645 I/SmartPower: android.process.acore/10078(16147)( 1813): died->background(6009ms) R(process start ) adj=-10000.
07-13 10:23:05.649 D/CompatibilityChangeReporter( 1813): Compat change id reported: 168419799; UID 10078; state: DISABLED
07-13 10:23:05.649 D/CompatibilityChangeReporter( 1813): Compat change id reported: 273564678; UID 10078; state: DISABLED
07-13 10:23:05.653 D/CompatibilityChangeReporter( 1813): Compat change id reported: 265195908; UID 10078; state: ENABLED
07-13 10:23:05.656 D/C2MtkBufferManager( 1041): over 5000ms not request from VCodec but callback hooked, slow BM Cc fetch thread
07-13 10:23:05.657 I/MiuiNetworkPolicy( 1813): updateUidState uid = 10078, uidState = 10
07-13 10:23:05.658 D/CompatibilityChangeReporter(16147): Compat change id reported: 171979766; UID 10078; state: ENABLED
07-13 10:23:05.659 D/CompatibilityChangeReporter(16147): Compat change id reported: 242716250; UID 10078; state: ENABLED
07-13 10:23:05.669 D/CompatibilityChangeReporter( 1813): Compat change id reported: 170503758; UID 10078; state: ENABLED
07-13 10:23:05.671 I/libPerfCtl( 1059): xgfGetFPS pid:2459 fps:-1
07-13 10:23:05.672 I/libPerfCtl( 1059): xgfGetFPS pid:2470 fps:-1
07-13 10:23:05.672 I/libPerfCtl( 1059): xgfGetFPS pid:15846 fps:-1
07-13 10:23:05.672 I/libPerfCtl( 1059): xgfGetFPS pid:15877 fps:-1
07-13 10:23:05.676 D/C2MtkBufferManager( 1041): over 5000ms not request from VCodec but callback hooked, slow BM Cc fetch thread
07-13 10:23:05.689 D/BoundBrokerSvc(10100): onRebind: Intent { act=com.google.android.gms.libs.gmscorelogger.service.START dat=chimera-action:/... cmp=com.google.android.gms/.chimera.PersistentDirectBootAwareApiService }
07-13 10:23:05.697 D/C2MtkBufferManager( 1041): over 5000ms not request from VCodec but callback hooked, slow BM Cc fetch thread
07-13 10:23:05.698 D/nativeloader(16147): Configuring clns-shared-4 for other apk /system_ext/app/miuisystem/miuisystem.apk. target_sdk_version=34, uses_libraries=ALL, library_path=/system/priv-app/ContactsProvider/lib/arm64:/system/lib64:/system_ext/lib64, permitted_path=/data:/mnt/expand:/data/user/0/com.android.providers.contacts:/system/priv-app/ContactsProvider:/system/lib64:/system_ext/lib64
07-13 10:23:05.698 D/nativeloader(16147): Extending system_exposed_libraries: libapuwareapusys.mtk.so:libapuwareapusys_v2.mtk.so:libapuwarexrp.mtk.so:libapuwarexrp_v2.mtk.so:libapuwareutils.mtk.so:libapuwareutils_v2.mtk.so:libapuwarehmp.mtk.so:libmcv_runtime_usdk.mtk.so:libneuron_graph_delegate.mtk.so:libneuronusdk_adapter.mtk.so:libtflite_mtk.mtk.so:libarmnn_ndk.mtk.so:libcmdl_ndk.mtk.so:libnir_neon_driver_ndk.mtk.so:libmvpu_runtime.mtk.so:libmvpu_runtime_pub.mtk.so:libmvpu_engine_pub.mtk.so:libmvpu_pattern_pub.mtk.so:libmvpuop_mtk_cv.mtk.so:libmvpuop_mtk_nn.mtk.so:libmvpu_runtime_25.mtk.so:libmvpu_runtime_25_pub.mtk.so:libmvpu_engine_25_pub.mtk.so:libmvpu_pattern_25_pub.mtk.so:libmvpuop25_mtk_cv.mtk.so:libmvpuop25_mtk_nn.mtk.so:libmvpu_config.mtk.so:libteeservice_client.trustonic.so:libmisys_jni.xiaomi.so
07-13 10:23:05.711 D/nativeloader(16147): Configuring clns-shared-5 for other apk /system_ext/priv-app/RtMiCloudSDK/RtMiCloudSDK.apk. target_sdk_version=34, uses_libraries=ALL, library_path=/system/priv-app/ContactsProvider/lib/arm64:/system/lib64:/system_ext/lib64, permitted_path=/data:/mnt/expand:/data/user/0/com.android.providers.contacts:/system/priv-app/ContactsProvider:/system/lib64:/system_ext/lib64
07-13 10:23:05.711 D/nativeloader(16147): Extending system_exposed_libraries: libapuwareapusys.mtk.so:libapuwareapusys_v2.mtk.so:libapuwarexrp.mtk.so:libapuwarexrp_v2.mtk.so:libapuwareutils.mtk.so:libapuwareutils_v2.mtk.so:libapuwarehmp.mtk.so:libmcv_runtime_usdk.mtk.so:libneuron_graph_delegate.mtk.so:libneuronusdk_adapter.mtk.so:libtflite_mtk.mtk.so:libarmnn_ndk.mtk.so:libcmdl_ndk.mtk.so:libnir_neon_driver_ndk.mtk.so:libmvpu_runtime.mtk.so:libmvpu_runtime_pub.mtk.so:libmvpu_engine_pub.mtk.so:libmvpu_pattern_pub.mtk.so:libmvpuop_mtk_cv.mtk.so:libmvpuop_mtk_nn.mtk.so:libmvpu_runtime_25.mtk.so:libmvpu_runtime_25_pub.mtk.so:libmvpu_engine_25_pub.mtk.so:libmvpu_pattern_25_pub.mtk.so:libmvpuop25_mtk_cv.mtk.so:libmvpuop25_mtk_nn.mtk.so:libmvpu_config.mtk.so:libteeservice_client.trustonic.so:libmisys_jni.xiaomi.so
07-13 10:23:05.717 D/C2MtkBufferManager( 1041): over 5000ms not request from VCodec but callback hooked, slow BM Cc fetch thread
07-13 10:23:05.725 D/nativeloader(16147): Configuring clns-shared-6 for other apk /system/framework/javax.obex.jar. target_sdk_version=34, uses_libraries=ALL, library_path=/system/priv-app/ContactsProvider/lib/arm64:/system/lib64:/system_ext/lib64, permitted_path=/data:/mnt/expand:/data/user/0/com.android.providers.contacts:/system/priv-app/ContactsProvider:/system/lib64:/system_ext/lib64
07-13 10:23:05.725 D/nativeloader(16147): Extending system_exposed_libraries: libapuwareapusys.mtk.so:libapuwareapusys_v2.mtk.so:libapuwarexrp.mtk.so:libapuwarexrp_v2.mtk.so:libapuwareutils.mtk.so:libapuwareutils_v2.mtk.so:libapuwarehmp.mtk.so:libmcv_runtime_usdk.mtk.so:libneuron_graph_delegate.mtk.so:libneuronusdk_adapter.mtk.so:libtflite_mtk.mtk.so:libarmnn_ndk.mtk.so:libcmdl_ndk.mtk.so:libnir_neon_driver_ndk.mtk.so:libmvpu_runtime.mtk.so:libmvpu_runtime_pub.mtk.so:libmvpu_engine_pub.mtk.so:libmvpu_pattern_pub.mtk.so:libmvpuop_mtk_cv.mtk.so:libmvpuop_mtk_nn.mtk.so:libmvpu_runtime_25.mtk.so:libmvpu_runtime_25_pub.mtk.so:libmvpu_engine_25_pub.mtk.so:libmvpu_pattern_25_pub.mtk.so:libmvpuop25_mtk_cv.mtk.so:libmvpuop25_mtk_nn.mtk.so:libmvpu_config.mtk.so:libteeservice_client.trustonic.so:libmisys_jni.xiaomi.so
07-13 10:23:05.732 D/nativeloader(16147): Configuring clns-shared-7 for other apk /system/framework/org.apache.http.legacy.jar. target_sdk_version=34, uses_libraries=ALL, library_path=/system/priv-app/ContactsProvider/lib/arm64:/system/lib64:/system_ext/lib64, permitted_path=/data:/mnt/expand:/data/user/0/com.android.providers.contacts:/system/priv-app/ContactsProvider:/system/lib64:/system_ext/lib64
07-13 10:23:05.732 D/nativeloader(16147): Extending system_exposed_libraries: libapuwareapusys.mtk.so:libapuwareapusys_v2.mtk.so:libapuwarexrp.mtk.so:libapuwarexrp_v2.mtk.so:libapuwareutils.mtk.so:libapuwareutils_v2.mtk.so:libapuwarehmp.mtk.so:libmcv_runtime_usdk.mtk.so:libneuron_graph_delegate.mtk.so:libneuronusdk_adapter.mtk.so:libtflite_mtk.mtk.so:libarmnn_ndk.mtk.so:libcmdl_ndk.mtk.so:libnir_neon_driver_ndk.mtk.so:libmvpu_runtime.mtk.so:libmvpu_runtime_pub.mtk.so:libmvpu_engine_pub.mtk.so:libmvpu_pattern_pub.mtk.so:libmvpuop_mtk_cv.mtk.so:libmvpuop_mtk_nn.mtk.so:libmvpu_runtime_25.mtk.so:libmvpu_runtime_25_pub.mtk.so:libmvpu_engine_25_pub.mtk.so:libmvpu_pattern_25_pub.mtk.so:libmvpuop25_mtk_cv.mtk.so:libmvpuop25_mtk_nn.mtk.so:libmvpu_config.mtk.so:libteeservice_client.trustonic.so:libmisys_jni.xiaomi.so
07-13 10:23:05.738 D/C2MtkBufferManager( 1041): over 5000ms not request from VCodec but callback hooked, slow BM Cc fetch thread
07-13 10:23:05.752 D/nativeloader(16147): Configuring clns-shared-8 for other apk /system/priv-app/ContactsProvider/ContactsProvider.apk. target_sdk_version=34, uses_libraries=, library_path=/system/priv-app/ContactsProvider/lib/arm64:/system/lib64:/system_ext/lib64, permitted_path=/data:/mnt/expand:/data/user/0/com.android.providers.contacts:/system/priv-app/ContactsProvider:/system/lib64:/system_ext/lib64
07-13 10:23:05.759 D/C2MtkBufferManager( 1041): over 5000ms not request from VCodec but callback hooked, slow BM Cc fetch thread
07-13 10:23:05.770 D/BoundBrokerSvc(10100): onUnbind: Intent { act=com.google.android.gms.time.trustedtime.singleuserapi.service.START dat=chimera-action:/... cmp=com.google.android.gms/.chimera.PersistentSingleUserInternalApiService }
07-13 10:23:05.779 D/C2MtkBufferManager( 1041): over 5000ms not request from VCodec but callback hooked, slow BM Cc fetch thread
07-13 10:23:05.780 D/BoundBrokerSvc(10100): onUnbind: Intent { act=com.google.android.gms.time.trustedtime.service.START dat=chimera-action:/... cmp=com.google.android.gms/.chimera.PersistentDirectBootAwareApiService }
07-13 10:23:05.785 D/nativeloader(16147): Load libframework-connectivity-jni.so using APEX ns com_android_tethering for caller /apex/com.android.tethering/javalib/framework-connectivity.jar: ok
07-13 10:23:05.790 V/GraphicsEnvironment(16147): Currently set values for:
07-13 10:23:05.790 V/GraphicsEnvironment(16147):   angle_gl_driver_selection_pkgs=[]
07-13 10:23:05.790 V/GraphicsEnvironment(16147):   angle_gl_driver_selection_values=[]
07-13 10:23:05.791 V/GraphicsEnvironment(16147): ANGLE GameManagerService for com.android.providers.contacts: false
07-13 10:23:05.791 V/GraphicsEnvironment(16147): com.android.providers.contacts is not listed in per-application setting
07-13 10:23:05.792 V/GraphicsEnvironment(16147): Neither updatable production driver nor prerelease driver is supported.
07-13 10:23:05.795 I/ForceDarkHelperStubImpl(16147): initialize for com.android.providers.contacts , ForceDarkOrigin
07-13 10:23:05.799 D/nativeloader(16147): Load libforcedarkimpl.so using system ns (caller=/system_ext/framework/miui-framework.jar): ok
07-13 10:23:05.799 D/C2MtkBufferManager( 1041): over 5000ms not request from VCodec but callback hooked, slow BM Cc fetch thread
07-13 10:23:05.800 D/OpenGLRenderer(16147): JNI_OnLoad success
07-13 10:23:05.801 I/MiuiForceDarkConfig(16147): setConfig density:2.000000, mainRule:0, secondaryRule:0, tertiaryRule:0
07-13 10:23:05.820 D/C2MtkBufferManager( 1041): over 5000ms not request from VCodec but callback hooked, slow BM Cc fetch thread
07-13 10:23:05.835 D/loading (16147): ContactsProvider2 onCreate uid: 10078 userId:1
07-13 10:23:05.840 D/C2MtkBufferManager( 1041): over 5000ms not request from VCodec but callback hooked, slow BM Cc fetch thread
07-13 10:23:05.842 I/ClipboardServiceI( 1813): checkProviderWakePathForClipboard: primaryClip is null
07-13 10:23:05.847 D/CrashHandler(16147): init
07-13 10:23:05.847 D/CompatibilityChangeReporter(16147): Compat change id reported: 3400644; UID 10078; state: ENABLED
07-13 10:23:05.861 D/C2MtkBufferManager( 1041): over 5000ms not request from VCodec but callback hooked, slow BM Cc fetch thread
07-13 10:23:05.882 D/C2MtkBufferManager( 1041): over 5000ms not request from VCodec but callback hooked, slow BM Cc fetch thread
07-13 10:23:05.903 D/C2MtkBufferManager( 1041): over 5000ms not request from VCodec but callback hooked, slow BM Cc fetch thread
07-13 10:23:05.923 D/C2MtkBufferManager( 1041): over 5000ms not request from VCodec but callback hooked, slow BM Cc fetch thread
07-13 10:23:05.930 V/ContactsTaskScheduler(16147): [ContactsProvider2] Thread[Worker-1,5,main] started.
07-13 10:23:05.931 V/ContactsTaskScheduler(16147): [ContactsProvider2] Thread[Worker-1,5,main] dispatching 0
07-13 10:23:05.933 I/ContactsProvider(16147): updatePhoneAccountHandleMigrationPendingStatus start!
07-13 10:23:05.933 D/CompatibilityChangeReporter( 1813): Compat change id reported: 161145287; UID 10078; state: ENABLED
07-13 10:23:05.934 I/ContactsProvider(16147): ContactsProvider2 is initialized: true
07-13 10:23:05.943 D/C2MtkBufferManager( 1041): over 5000ms not request from VCodec but callback hooked, slow BM Cc fetch thread
07-13 10:23:05.952 D/nativeloader(16147): Configuring clns-shared-9 for other apk /system/priv-app/UserDictionaryProvider/UserDictionaryProvider.apk. target_sdk_version=34, uses_libraries=, library_path=/system/priv-app/UserDictionaryProvider/lib/arm64:/system/lib64:/system_ext/lib64, permitted_path=/data:/mnt/expand:/data/user/0/com.android.providers.userdictionary:/system/priv-app/UserDictionaryProvider:/system/lib64:/system_ext/lib64
07-13 10:23:05.955 D/ActivityManager( 1813): getProcessesInErrorState callingUid=10279, CallingPid=443
07-13 10:23:05.957 D/ActivityManager( 1813): getProcessesInErrorState callingUid=10288, CallingPid=19459
07-13 10:23:05.964 D/C2MtkBufferManager( 1041): over 5000ms not request from VCodec but callback hooked, slow BM Cc fetch thread
07-13 10:23:05.971 D/ContactsDatabaseHelper(16147): onOpen: WAL enabled for contacts2.db: true
07-13 10:23:05.975 D/nativeloader(16147): Configuring clns-shared-10 for other apk /system/priv-app/BlockedNumberProvider/BlockedNumberProvider.apk. target_sdk_version=34, uses_libraries=, library_path=/system/priv-app/BlockedNumberProvider/lib/arm64:/system/lib64:/system_ext/lib64, permitted_path=/data:/mnt/expand:/data/user_de/0/com.android.providers.blockednumber:/system/priv-app/BlockedNumberProvider:/system/lib64:/system_ext/lib64
07-13 10:23:05.980 I/ContactsPerf(16147): VoicemailContentProvider.onCreate start
07-13 10:23:05.984 V/ContactsTaskScheduler(16147): [VoicemailContentProvider] Thread[Worker-1,5,main] started.
07-13 10:23:05.984 I/ContactsPerf(16147): VoicemailContentProvider.onCreate finish
07-13 10:23:05.984 V/ContactsTaskScheduler(16147): [VoicemailContentProvider] Thread[Worker-1,5,main] dispatching 0
07-13 10:23:05.984 D/C2MtkBufferManager( 1041): over 5000ms not request from VCodec but callback hooked, slow BM Cc fetch thread
07-13 10:23:05.985 D/CallLogProvider(16147): onCreate: CallLogProvider user=0
07-13 10:23:05.988 V/ContactsTaskScheduler(16147): [CallLogProvider] Thread[Worker-1,5,main] started.
07-13 10:23:05.988 V/ContactsTaskScheduler(16147): [CallLogProvider] Thread[Worker-1,5,main] dispatching 0
07-13 10:23:05.988 I/CallLogProvider(16147): updatePhoneAccountHandleMigrationPendingStatus start!
07-13 10:23:05.989 D/T9      (16147): onContactDatabaseOpened
07-13 10:23:05.990 D/SyncAccountUtils(16147): getSelectionWritableData(): readonly types: ('com.whatsapp','com.google.android.apps.tachyon','com.truecaller.account')
07-13 10:23:05.994 D/CallLogProvider(16147): onCreate: ShadowCallLogProvider user=0
07-13 10:23:05.996 D/CallLogDatabaseHelper(16147): onOpen: WAL enabled for calllog.db: true
07-13 10:23:05.996 D/T9      (16147): onCallsDatabaseOpened
07-13 10:23:05.997 V/ContactsTaskScheduler(16147): [ShadowCallLogProvider] Thread[Worker-1,5,main] started.
07-13 10:23:05.997 V/ContactsTaskScheduler(16147): [ShadowCallLogProvider] Thread[Worker-1,5,main] dispatching 0
07-13 10:23:05.997 I/CallLogProvider(16147): updatePhoneAccountHandleMigrationPendingStatus start!
07-13 10:23:06.001 V/ExtraCallsProvider(16147): registerAccountListener
07-13 10:23:06.005 D/C2MtkBufferManager( 1041): over 5000ms not request from VCodec but callback hooked, slow BM Cc fetch thread
07-13 10:23:06.017 D/CallLogDatabaseHelper(16147): onOpen: WAL enabled for calllog_shadow.db: true
07-13 10:23:06.020 I/PhoneAccountHandleMigrationUtils_CallLogDatabaseHelper(16147): updatePhoneAccountHandleMigrationPendingStatus false
07-13 10:23:06.022 I/CallLogProvider(16147): syncEntries start!
07-13 10:23:06.022 I/CallLogProvider(16147): syncEntries end!
07-13 10:23:06.022 V/ContactsTaskScheduler(16147): [ShadowCallLogProvider] Thread[Worker-1,5,main] dispatching end 0
07-13 10:23:06.025 D/C2MtkBufferManager( 1041): over 5000ms not request from VCodec but callback hooked, slow BM Cc fetch thread
07-13 10:23:06.045 I/PhoneAccountHandleMigrationUtils_CallLogDatabaseHelper(16147): updatePhoneAccountHandleMigrationPendingStatus false
07-13 10:23:06.045 I/CallLogProvider(16147): syncEntries start!
07-13 10:23:06.045 V/ContactsTaskScheduler(16147): [VoicemailContentProvider] Thread[Worker-1,5,main] dispatching end 0
07-13 10:23:06.046 D/C2MtkBufferManager( 1041): over 5000ms not request from VCodec but callback hooked, slow BM Cc fetch thread
07-13 10:23:06.047 D/CompatibilityChangeReporter(16147): Compat change id reported: 183155436; UID 10078; state: ENABLED
07-13 10:23:06.048 D/FbeUtils(16147): isFbeEnabled(): true
07-13 10:23:06.064 I/CallLogProvider(16147): Contacts query: CPID=16147, CallingPackage = com.android.providers.contacts User=0
07-13 10:23:06.064 D/T9Provider(16147): onCreate: pid=16147 thread=Thread[main,5,main] calls=null
07-13 10:23:06.065 D/CallLogProvider(16147): query: uri=content://call_log_shadow/calls] CPID=16147, CallingPackage = com.android.providers.contacts User=0
07-13 10:23:06.065 V/ContactsTaskScheduler(16147): [T9Provider] Thread[Worker-1,5,main] started.
07-13 10:23:06.065 D/CallLogProvider(16147): query: access ! uri=content://call_log_shadow/calls] CPID=16147, CallingPackage = com.android.providers.contacts User=0
07-13 10:23:06.066 V/ContactsTaskScheduler(16147): [T9Provider] Thread[Worker-1,5,main] dispatching 0
07-13 10:23:06.066 D/T9Provider(16147): initialize
07-13 10:23:06.066 D/T9Provider(16147): initialize: wait for load from shadow...
07-13 10:23:06.066 D/C2MtkBufferManager( 1041): over 5000ms not request from VCodec but callback hooked, slow BM Cc fetch thread
07-13 10:23:06.079 I/ActivityManager( 1813): Flag disabled. Ignoring finishAttachApplication from uid: 10078. pid: 16147
07-13 10:23:06.081 D/CallLogProvider(16147): queryInternal return count :0
07-13 10:23:06.082 D/T9Provider(16147): releaseLoadLatch: release load latch
07-13 10:23:06.083 D/T9Provider(16147): start load
07-13 10:23:06.086 D/StrictMode(16147): StrictMode policy violation; ~duration=88 ms: android.os.strictmode.DiskReadViolation
07-13 10:23:06.086 D/StrictMode(16147): 	at android.os.StrictMode$AndroidBlockGuardPolicy.onReadFromDisk(StrictMode.java:1666)
07-13 10:23:06.086 D/StrictMode(16147): 	at libcore.io.BlockGuardOs.access(BlockGuardOs.java:74)
07-13 10:23:06.086 D/StrictMode(16147): 	at libcore.io.ForwardingOs.access(ForwardingOs.java:129)
07-13 10:23:06.086 D/StrictMode(16147): 	at android.app.ActivityThread$AndroidOs.access(ActivityThread.java:8535)
07-13 10:23:06.086 D/StrictMode(16147): 	at java.io.UnixFileSystem.checkAccess(UnixFileSystem.java:337)
07-13 10:23:06.086 D/StrictMode(16147): 	at java.io.File.exists(File.java:829)
07-13 10:23:06.086 D/StrictMode(16147): 	at android.app.ContextImpl.getDataDir(ContextImpl.java:3207)
07-13 10:23:06.086 D/StrictMode(16147): 	at android.app.ContextImpl.getPreferencesDir(ContextImpl.java:746)
07-13 10:23:06.086 D/StrictMode(16147): 	at android.app.ContextImpl.getSharedPreferencesPath(ContextImpl.java:973)
07-13 10:23:06.086 D/StrictMode(16147): 	at android.app.ContextImpl.getSharedPreferences(ContextImpl.java:594)
07-13 10:23:06.086 D/StrictMode(16147): 	at android.preference.PreferenceManager.getDefaultSharedPreferences(PreferenceManager.java:545)
07-13 10:23:06.086 D/StrictMode(16147): 	at com.android.providers.contacts.util.PhoneAccountHandleMigrationUtils.<init>(PhoneAccountHandleMigrationUtils.java:82)
07-13 10:23:06.086 D/StrictMode(16147): 	at com.android.providers.contacts.CallLogDatabaseHelper.<init>(CallLogDatabaseHelper.java:295)
07-13 10:23:06.086 D/StrictMode(16147): 	at com.android.providers.contacts.CallLogDatabaseHelper.getInstanceForShadow(CallLogDatabaseHelper.java:311)
07-13 10:23:06.086 D/StrictMode(16147): 	at com.android.providers.contacts.ShadowCallLogProvider.getDatabaseHelper(ShadowCallLogProvider.java:23)
07-13 10:23:06.086 D/StrictMode(16147): 	at com.android.providers.contacts.CallLogProvider.onCreate(CallLogProvider.java:397)
07-13 10:23:06.086 D/StrictMode(16147): 	at android.content.ContentProvider.attachInfo(ContentProvider.java:2636)
07-13 10:23:06.086 D/StrictMode(16147): 	at android.content.ContentProvider.attachInfo(ContentProvider.java:2602)
07-13 10:23:06.086 D/StrictMode(16147): 	at android.app.ActivityThread.installProvider(ActivityThread.java:8233)
07-13 10:23:06.086 D/StrictMode(16147): 	at android.app.ActivityThread.installContentProviders(ActivityThread.java:7734)
07-13 10:23:06.086 D/StrictMode(16147): 	at android.app.ActivityThread.handleBindApplication(ActivityThread.java:7417)
07-13 10:23:06.086 D/StrictMode(16147): 	at android.app.ActivityThread.-$$Nest$mhandleBindApplication(ActivityThread.java:0)
07-13 10:23:06.086 D/StrictMode(16147): 	at android.app.ActivityThread$H.handleMessage(ActivityThread.java:2405)
07-13 10:23:06.086 D/StrictMode(16147): 	at android.os.Handler.dispatchMessage(Handler.java:106)
07-13 10:23:06.086 D/StrictMode(16147): 	at android.os.Looper.loopOnce(Looper.java:222)
07-13 10:23:06.086 D/StrictMode(16147): 	at android.os.Looper.loop(Looper.java:314)
07-13 10:23:06.086 D/StrictMode(16147): 	at android.app.ActivityThread.main(ActivityThread.java:8671)
07-13 10:23:06.086 D/StrictMode(16147): 	at java.lang.reflect.Method.invoke(Native Method)
07-13 10:23:06.086 D/StrictMode(16147): 	at com.android.internal.os.RuntimeInit$MethodAndArgsCaller.run(RuntimeInit.java:565)
07-13 10:23:06.086 D/StrictMode(16147): 	at com.android.internal.os.ZygoteInit.main(ZygoteInit.java:1081)
07-13 10:23:06.087 D/C2MtkBufferManager( 1041): over 5000ms not request from VCodec but callback hooked, slow BM Cc fetch thread
07-13 10:23:06.087 D/StrictMode(16147): StrictMode policy violation; ~duration=88 ms: android.os.strictmode.DiskReadViolation
07-13 10:23:06.087 D/StrictMode(16147): 	at android.os.StrictMode$AndroidBlockGuardPolicy.onReadFromDisk(StrictMode.java:1666)
07-13 10:23:06.087 D/StrictMode(16147): 	at libcore.io.BlockGuardOs.access(BlockGuardOs.java:74)
07-13 10:23:06.087 D/StrictMode(16147): 	at libcore.io.ForwardingOs.access(ForwardingOs.java:129)
07-13 10:23:06.087 D/StrictMode(16147): 	at android.app.ActivityThread$AndroidOs.access(ActivityThread.java:8535)
07-13 10:23:06.087 D/StrictMode(16147): 	at java.io.UnixFileSystem.checkAccess(UnixFileSystem.java:337)
07-13 10:23:06.087 D/StrictMode(16147): 	at java.io.File.exists(File.java:829)
07-13 10:23:06.087 D/StrictMode(16147): 	at android.app.ContextImpl.ensurePrivateDirExists(ContextImpl.java:801)
07-13 10:23:06.087 D/StrictMode(16147): 	at android.app.ContextImpl.ensurePrivateDirExists(ContextImpl.java:792)
07-13 10:23:06.087 D/StrictMode(16147): 	at android.app.ContextImpl.getPreferencesDir(ContextImpl.java:748)
07-13 10:23:06.087 D/StrictMode(16147): 	at android.app.ContextImpl.getSharedPreferencesPath(ContextImpl.java:973)
07-13 10:23:06.087 D/StrictMode(16147): 	at android.app.ContextImpl.getSharedPreferences(ContextImpl.java:594)
07-13 10:23:06.087 D/StrictMode(16147): 	at android.preference.PreferenceManager.getDefaultSharedPreferences(PreferenceManager.java:545)
07-13 10:23:06.087 D/StrictMode(16147): 	at com.android.providers.contacts.util.PhoneAccountHandleMigrationUtils.<init>(PhoneAccountHandleMigrationUtils.java:82)
07-13 10:23:06.087 D/StrictMode(16147): 	at com.android.providers.contacts.CallLogDatabaseHelper.<init>(CallLogDatabaseHelper.java:295)
07-13 10:23:06.087 D/StrictMode(16147): 	at com.android.providers.contacts.CallLogDatabaseHelper.getInstanceForShadow(CallLogDatabaseHelper.java:311)
07-13 10:23:06.087 D/StrictMode(16147): 	at com.android.providers.contacts.ShadowCallLogProvider.getDatabaseHelper(ShadowCallLogProvider.java:23)
07-13 10:23:06.087 D/StrictMode(16147): 	at com.android.providers.contacts.CallLogProvider.onCreate(CallLogProvider.java:397)
07-13 10:23:06.087 D/StrictMode(16147): 	at android.content.ContentProvider.attachInfo(ContentProvider.java:2636)
07-13 10:23:06.087 D/StrictMode(16147): 	at android.content.ContentProvider.attachInfo(ContentProvider.java:2602)
07-13 10:23:06.087 D/StrictMode(16147): 	at android.app.ActivityThread.installProvider(ActivityThread.java:8233)
07-13 10:23:06.087 D/StrictMode(16147): 	at android.app.ActivityThread.installContentProviders(ActivityThread.java:7734)
07-13 10:23:06.087 D/StrictMode(16147): 	at android.app.ActivityThread.handleBindApplication(ActivityThread.java:7417)
07-13 10:23:06.087 D/StrictMode(16147): 	at android.app.ActivityThread.-$$Nest$mhandleBindApplication(ActivityThread.java:0)
07-13 10:23:06.087 D/StrictMode(16147): 	at android.app.ActivityThread$H.handleMessage(ActivityThread.java:2405)
07-13 10:23:06.087 D/StrictMode(16147): 	at android.os.Handler.dispatchMessage(Handler.java:106)
07-13 10:23:06.087 D/StrictMode(16147): 	at android.os.Looper.loopOnce(Looper.java:222)
07-13 10:23:06.087 D/StrictMode(16147): 	at android.os.Looper.loop(Looper.java:314)
07-13 10:23:06.087 D/StrictMode(16147): 	at android.app.ActivityThread.main(ActivityThread.java:8671)
07-13 10:23:06.087 D/StrictMode(16147): 	at java.lang.reflect.Method.invoke(Native Method)
07-13 10:23:06.087 D/StrictMode(16147): 	at com.android.internal.os.RuntimeInit$MethodAndArgsCaller.run(RuntimeInit.java:565)
07-13 10:23:06.087 D/StrictMode(16147): 	at com.android.internal.os.ZygoteInit.main(ZygoteInit.java:1081)
07-13 10:23:06.095 I/ContactsProvider(16147): Contacts query: CPID=15703, CallingPackage = com.google.android.apps.messaging User=0
07-13 10:23:06.096 I/CallLogProvider(16147): CallLog delete: CPID=16147, CallingPackage = com.android.providers.contacts User=0
07-13 10:23:06.097 I/CallLogProvider(16147): CallLog delete: access CPID=16147, CallingPackage = com.android.providers.contacts User=0
07-13 10:23:06.101 I/CallLogProvider(16147): Syncing call composer pics -- source user=0, isShadow=true, forAllUser=false
07-13 10:23:06.101 I/CallLogProvider(16147): Fetching list of Uris to sync
07-13 10:23:06.104 I/CallLogProvider(16147): Will sync following Uris:[]
07-13 10:23:06.104 I/CallLogProvider(16147): Syncing call composer pics -- got []
07-13 10:23:06.104 I/CallLogProvider(16147): syncEntries end!
07-13 10:23:06.104 V/ContactsTaskScheduler(16147): [CallLogProvider] Thread[Worker-1,5,main] dispatching end 0
07-13 10:23:06.105 I/thermal_repeater( 1331): [recvMdThermalInfo] ret=25, strLen=127,  3, 42, -2, 196, 32767, 0
07-13 10:23:06.106 D/T9      (16147): T9Depod load() size 1033
07-13 10:23:06.107 D/C2MtkBufferManager( 1041): over 5000ms not request from VCodec but callback hooked, slow BM Cc fetch thread
07-13 10:23:06.128 D/C2MtkBufferManager( 1041): over 5000ms not request from VCodec but callback hooked, slow BM Cc fetch thread
07-13 10:23:06.143 D/ULogGuard( 1314): Monitoring: 16 threads, 0 requests, 0 time-bombs; 2 guards. ResetFlags = 0x7
07-13 10:23:06.148 D/C2MtkBufferManager( 1041): over 5000ms not request from VCodec but callback hooked, slow BM Cc fetch thread
07-13 10:23:06.157 W/Settings( 2457): Setting airplane_mode_on has moved from android.provider.Settings.System to android.provider.Settings.Global, returning read-only value.
07-13 10:23:06.161 D/MobileStatusTracker(1)( 2459): onSignalStrengthsChanged signalStrength=SignalStrength:{mCdma=CellSignalStrengthCdma: cdmaDbm=2147483647 cdmaEcio=2147483647 evdoDbm=2147483647 evdoEcio=2147483647 evdoSnr=2147483647 miuiLevel=0 mOptimizedLevel=0 level=0,mGsm=CellSignalStrengthGsm: rssi=2147483647 ber=2147483647 mTa=2147483647 miuiLevel=0 isNtnMode=false mLevel=0,mWcdma=CellSignalStrengthWcdma: ss=2147483647 ber=2147483647 rscp=2147483647 ecno=2147483647 miuiLevel=0 mOptimizedLevel=0 level=0,mTdscdma=CellSignalStrengthTdscdma: rssi=2147483647 ber=2147483647 rscp=2147483647 miuiLevel=0 mOptimizedLevel=0 level=0,mLte=CellSignalStrengthLte: rssi=-69 rsrp=-82 rsrq=-14 rssnr=5 cqiTableIndex=2147483647 cqi=0 ta=0 miuiLevel=5 mOptimizedLevel=0 level=4 parametersUseForLevel=0,mNr=CellSignalStrengthNr:{ csiRsrp = 2147483647 csiRsrq = 2147483647 csiCqiTableIndex = 2147483647 csiCqiReport = [] ssRsrp = 2147483647 ssRsrq = 2147483647 ssSinr = 2147483647 miuiLevel = 0 mOptimizedLevel = 0 level = 0 parametersUseForLevel = 0 timingAdvance = 2147483647 },primary=CellSignalStrengthLte,mNrAsPrimaryInNrNsa=false}
07-13 10:23:06.162 D/NetworkController.MobileSignalController(1)( 2459): update5GConnectState: false
07-13 10:23:06.163 D/NetworkController.MobileSignalController(1)( 2459): ss use aosp level not 0, 5
07-13 10:23:06.169 D/C2MtkBufferManager( 1041): over 5000ms not request from VCodec but callback hooked, slow BM Cc fetch thread
07-13 10:23:06.189 D/C2MtkBufferManager( 1041): over 5000ms not request from VCodec but callback hooked, slow BM Cc fetch thread
07-13 10:23:06.210 D/C2MtkBufferManager( 1041): over 5000ms not request from VCodec but callback hooked, slow BM Cc fetch thread
07-13 10:23:06.225 I/BugleDataModel(15703): ActionExecutorImpl: ACTION_EXECUTE_QUEUED_GenericWorkerQueueAction
07-13 10:23:06.230 D/C2MtkBufferManager( 1041): over 5000ms not request from VCodec but callback hooked, slow BM Cc fetch thread
07-13 10:23:06.230 I/BugleDataModel(15703): running action GenericWorkerQueueAction
07-13 10:23:06.233 I/BugleDataModel(15703): ActionExecutorImpl: ACTION_BACKGROUND_QUEUED_GenericWorkerQueueAction
07-13 10:23:06.233 I/BugleDataModel(15703): finished running action GenericWorkerQueueAction in 3 ms
07-13 10:23:06.240 D/T9CallLogDepot(16147): updateFirewallItem()
07-13 10:23:06.250 D/C2MtkBufferManager( 1041): over 5000ms not request from VCodec but callback hooked, slow BM Cc fetch thread
07-13 10:23:06.263 I/PhoneAccountHandleMigrationUtils_ContactsDatabaseHelper(16147): updatePhoneAccountHandleMigrationPendingStatus false
07-13 10:23:06.263 I/ContactsProvider(16147): initForDefaultLocale start!
07-13 10:23:06.271 D/C2MtkBufferManager( 1041): over 5000ms not request from VCodec but callback hooked, slow BM Cc fetch thread
07-13 10:23:06.291 D/C2MtkBufferManager( 1041): over 5000ms not request from VCodec but callback hooked, slow BM Cc fetch thread
07-13 10:23:06.312 D/C2MtkBufferManager( 1041): over 5000ms not request from VCodec but callback hooked, slow BM Cc fetch thread
07-13 10:23:06.332 D/C2MtkBufferManager( 1041): over 5000ms not request from VCodec but callback hooked, slow BM Cc fetch thread
07-13 10:23:06.339 I/ContactLocale(16147): AddressBook Labels [[en_GB]]: […, A, B, C, D, E, F, G, H, I, J, K, L, M, N, O, P, Q, R, S, T, U, V, W, X, Y, Z, Α, Β, Γ, Δ, Ε, Ζ, Η, Θ, Ι, Κ, Λ, Μ, Ν, Ξ, Ο, Π, Ρ, Σ, Τ, Υ, Φ, Χ, Ψ, Ω, …, А, Б, В, Г, Д, Ђ, Е, Є, Ж, З, И, І, Й, Ј, К, Л, Љ, М, Н, Њ, О, П, Р, С, Т, Ћ, У, Ф, Х, Ц, Ч, Џ, Ш, Щ, Ю, Я, …, א, ב, ג, ד, ה, ו, ז, ח, ט, י, כ, ל, מ, נ, ס, ע, פ, צ, ק, ר, ש, ת, …, ا, ب, ت, ث, ج, ح, خ, د, ذ, ر, ز, س, ش, ص, ض, ط, ظ, ع, غ, ف, ق, ك, ل, م, ن, ه, و, ي, …, ก, ข, ฃ, ค, ฅ, ฆ, ง, จ, ฉ, ช, ซ, ฌ, ญ, ฎ, ฏ, ฐ, ฑ, ฒ, ณ, ด, ต, ถ, ท, ธ, น, บ, ป, ผ, ฝ, พ, ฟ, ภ, ม, ย, ร, ฤ, ล, ฦ, ว, ศ, ษ, ส, ห, ฬ, อ, ฮ, …, ㄱ, ㄴ, ㄷ, ㄹ, ㅁ, ㅂ, ㅅ, ㅇ, ㅈ, ㅊ, ㅋ, ㅌ, ㅍ, ㅎ, …, あ, か, さ, た, な, は, ま, や, ら, わ, #, …]
07-13 10:23:06.353 I/Tethering( 2392): [BpfCoordinator] onAlertReached
07-13 10:23:06.353 D/C2MtkBufferManager( 1041): over 5000ms not request from VCodec but callback hooked, slow BM Cc fetch thread
07-13 10:23:06.373 D/C2MtkBufferManager( 1041): over 5000ms not request from VCodec but callback hooked, slow BM Cc fetch thread
07-13 10:23:06.376 D/T9Provider(16147): [loadT9] load 293 ms
07-13 10:23:06.380 D/ContactsDatabaseHelper(16147): onOpen: WAL enabled for profile.db: false
07-13 10:23:06.394 D/C2MtkBufferManager( 1041): over 5000ms not request from VCodec but callback hooked, slow BM Cc fetch thread
07-13 10:23:06.399 E/illsroom.mobile(15877): DynamicFPS DF open fail: No such file or directory
07-13 10:23:06.400 W/illsroom.mobile(15877): remote service is not exist
07-13 10:23:06.400 I/gralloc4(15877): @set_metadata: update dataspace from GM (0x00000000 -> 0x08010000)
07-13 10:23:06.406 I/BufferQueueProducer( 1133): [PopupWindow:562382c#78933](this:0xb4000078558f6a30,id:-1,api:0,p:-1,c:1133) queueBuffer: fps=1.24 dur=4032.35 max=3282.59 min=16.57
07-13 10:23:06.411 I/hwcomposer( 1039): [HWCDisplay] [Display_0 (type:1)] fps:0.372499,dur:2684.57,max:2684.57,min:2684.57  
07-13 10:23:06.413 I/gralloc4(15877): @set_metadata: update dataspace from GM (0x00000000 -> 0x08010000)
07-13 10:23:06.415 D/C2MtkBufferManager( 1041): over 5000ms not request from VCodec but callback hooked, slow BM Cc fetch thread
07-13 10:23:06.425 I/ContactsProvider(16147): initForDefaultLocale end!
07-13 10:23:06.425 V/ContactsTaskScheduler(16147): [ContactsProvider2] Thread[Worker-1,5,main] dispatching end 0
07-13 10:23:06.425 V/ContactsTaskScheduler(16147): [ContactsProvider2] Thread[Worker-1,5,main] dispatching 3
07-13 10:23:06.425 D/loading (16147): addCurProviderIfNecessary return true: 1
07-13 10:23:06.430 I/ContactsProvider(16147): Contacts query: access CPID=15703, CallingPackage = com.google.android.apps.messaging User=0
07-13 10:23:06.430 D/CompatibilityChangeReporter( 1813): Compat change id reported: 201794303; UID 10078; state: ENABLED
07-13 10:23:06.430 I/gralloc4(15877): @set_metadata: update dataspace from GM (0x00000000 -> 0x08010000)
07-13 10:23:06.431 D/CompatibilityChangeReporter( 1813): Compat change id reported: 207133734; UID 10078; state: ENABLED
07-13 10:23:06.431 I/ContactsProvider(16147): querylocal match: 19000
07-13 10:23:06.435 D/C2MtkBufferManager( 1041): over 5000ms not request from VCodec but callback hooked, slow BM Cc fetch thread
07-13 10:23:06.442 I/ContactsProvider(16147): query return 3 profile 
07-13 10:23:06.446 I/gralloc4(15877): @set_metadata: update dataspace from GM (0x00000000 -> 0x08010000)
07-13 10:23:06.449 W/BpBinder(15703): Slow Binder: BpBinder transact took 370 ms, interface=android.content.IContentProvider, code=1 oneway=false
07-13 10:23:06.456 D/C2MtkBufferManager( 1041): over 5000ms not request from VCodec but callback hooked, slow BM Cc fetch thread
07-13 10:23:06.456 D/ActivityManager( 1813): getProcessesInErrorState callingUid=10279, CallingPid=443
07-13 10:23:06.458 D/ActivityManager( 1813): getProcessesInErrorState callingUid=10288, CallingPid=19459
07-13 10:23:06.463 I/gralloc4(15877): @set_metadata: update dataspace from GM (0x00000000 -> 0x08010000)
07-13 10:23:06.476 D/C2MtkBufferManager( 1041): over 5000ms not request from VCodec but callback hooked, slow BM Cc fetch thread
07-13 10:23:06.480 I/gralloc4(15877): @set_metadata: update dataspace from GM (0x00000000 -> 0x08010000)
07-13 10:23:06.486 I/Bugle   (15703): getRawTelephonyPhoneNumber redacted-pii[0-chars] [CONTEXT sub_id=1 ]
07-13 10:23:06.496 I/gralloc4(15877): @set_metadata: update dataspace from GM (0x00000000 -> 0x08010000)
07-13 10:23:06.496 D/C2MtkBufferManager( 1041): over 5000ms not request from VCodec but callback hooked, slow BM Cc fetch thread
07-13 10:23:06.501 I/ContactsProvider(16147): Contacts query: CPID=15703, CallingPackage = com.google.android.apps.messaging User=0
07-13 10:23:06.504 I/ContactsProvider(16147): Contacts query: access CPID=15703, CallingPackage = com.google.android.apps.messaging User=0
07-13 10:23:06.505 I/ContactsProvider(16147): querylocal match: 19000
07-13 10:23:06.508 I/ContactsProvider(16147): query return 3 profile 
07-13 10:23:06.517 D/C2MtkBufferManager( 1041): over 5000ms not request from VCodec but callback hooked, slow BM Cc fetch thread
07-13 10:23:06.522 I/Bugle   (15703): getRawTelephonyPhoneNumber redacted-pii[0-chars] [CONTEXT sub_id=2 ]
07-13 10:23:06.525 I/Bugle   (15703): TelephonySubscriptionInfoAsOfLMR1: getActiveSubscriptionInfo(): empty sub info [CONTEXT ratelimit_period="1 MINUTES" sub_id=2 ]
07-13 10:23:06.528 I/ContactsProvider(16147): Contacts query: CPID=15703, CallingPackage = com.google.android.apps.messaging User=0
07-13 10:23:06.530 I/gralloc4(15877): @set_metadata: update dataspace from GM (0x00000000 -> 0x08010000)
07-13 10:23:06.530 I/ContactsProvider(16147): Contacts query: access CPID=15703, CallingPackage = com.google.android.apps.messaging User=0
07-13 10:23:06.532 I/ContactsProvider(16147): querylocal match: 19000
07-13 10:23:06.534 I/ContactsProvider(16147): query return 3 profile 
07-13 10:23:06.538 D/C2MtkBufferManager( 1041): over 5000ms not request from VCodec but callback hooked, slow BM Cc fetch thread
07-13 10:23:06.546 I/gralloc4(15877): @set_metadata: update dataspace from GM (0x00000000 -> 0x08010000)
07-13 10:23:06.550 I/ContactsProvider(16147): Contacts query: CPID=15703, CallingPackage = com.google.android.apps.messaging User=0
07-13 10:23:06.552 I/ContactsProvider(16147): Contacts query: access CPID=15703, CallingPackage = com.google.android.apps.messaging User=0
07-13 10:23:06.553 I/ContactsProvider(16147): querylocal match: 4001
07-13 10:23:06.553 I/ContactsProvider(16147): querylocal match: 4000
07-13 10:23:06.558 D/C2MtkBufferManager( 1041): over 5000ms not request from VCodec but callback hooked, slow BM Cc fetch thread
07-13 10:23:06.560 D/ActivityManager( 1813): getProcessesInErrorState callingUid=10283, CallingPid=13690
07-13 10:23:06.563 I/gralloc4(15877): @set_metadata: update dataspace from GM (0x00000000 -> 0x08010000)
07-13 10:23:06.572 D/ContactDirectoryManager(16147): getDirectoryProviderPackages,pckageName:com.google.android.gm
07-13 10:23:06.572 D/ContactDirectoryManager(16147): getDirectoryProviderPackages,pckageName:com.google.android.contacts
07-13 10:23:06.572 D/ContactDirectoryManager(16147): getDirectoryProviderPackages,pckageName:com.google.android.gms
07-13 10:23:06.572 D/ContactDirectoryManager(16147): getDirectoryProviderPackages,pckageName:com.google.android.contacts
07-13 10:23:06.578 D/C2MtkBufferManager( 1041): over 5000ms not request from VCodec but callback hooked, slow BM Cc fetch thread
07-13 10:23:06.580 I/gralloc4(15877): @set_metadata: update dataspace from GM (0x00000000 -> 0x08010000)
07-13 10:23:06.590 D/CompatibilityChangeReporter( 1813): Compat change id reported: 154726397; UID 10078; state: ENABLED
07-13 10:23:06.590 W/EpFrameworkFactory(16147): activated: false jar exist: false
07-13 10:23:06.595 I/gralloc4(15877): @set_metadata: update dataspace from GM (0x00000000 -> 0x08010000)
07-13 10:23:06.599 D/C2MtkBufferManager( 1041): over 5000ms not request from VCodec but callback hooked, slow BM Cc fetch thread
07-13 10:23:06.611 I/ContactQueryLog(16147): reason:com.google.android.apps.messaging first search,number = +2*******