07-13 10:22:59.062 W/WindowManager( 1813): 	at com.android.server.wm.WindowSurfacePlacer$Traverser.run(WindowSurfacePlacer.java:80)
07-13 10:22:59.062 W/WindowManager( 1813): 	at android.os.Handler.handleCallback(Handler.java:958)
07-13 10:22:59.062 W/WindowManager( 1813): 	at android.os.Handler.dispatchMessage(Handler.java:99)
07-13 10:22:59.062 W/WindowManager( 1813): 	at android.os.Looper.loopOnce(Looper.java:222)
07-13 10:22:59.062 W/WindowManager( 1813): 	at android.os.Looper.loop(Looper.java:314)
07-13 10:22:59.062 W/WindowManager( 1813): 	at android.os.HandlerThread.run(HandlerThread.java:67)
07-13 10:22:59.062 W/WindowManager( 1813): 	at com.android.server.ServiceThread.run(ServiceThread.java:46)
07-13 10:22:59.065 I/BufferQueueDebug( 1133): [Surface(name=5a869db StatusBar#93)/@0xba1daa7 - animation-leash of insets_animation#78906](this:0xb4000078557bea30,id:-1,api:0,p:-1,c:1133) onDestructor()
07-13 10:22:59.065 I/BufferQueueDebug( 1133): [Surface(name=d59f9dd NavigationBar0#77073)/@0xd8156d9 - animation-leash of insets_animation#78905](this:0xb40000786c9f0a30,id:-1,api:0,p:-1,c:1133) onDestructor()
07-13 10:22:59.065 I/gralloc4( 1133): @set_metadata: update dataspace from GM (0x00000000 -> 0x08010000)
07-13 10:22:59.068 D/TouchInteractionService( 2470): onSystemUiFlagsChanged, mSystemUiStateFlags=10020000
07-13 10:22:59.069 D/MiuiFullScreenTaskRepository( 2459): setFocusedTask taskId=5369, displayId=0, topActivity=ComponentInfo{com.skillsroom.mobile/com.skillsroom.mobile.MainActivity}
07-13 10:22:59.070 D/MiuiFullScreenTaskRepository( 2459): addOrUpdateFullScreenTaskInfo taskId=5369, topActivity=ComponentInfo{com.skillsroom.mobile/com.skillsroom.mobile.MainActivity}
07-13 10:22:59.070 D/RecentsModel( 2470): onTaskStackChangedBackground
07-13 10:22:59.070 D/RecentsModel( 2470): onTaskStackChangedBackground    MSG_TASK_STACK_CHANGE
07-13 10:22:59.070 D/RecentsModel( 2470): preloadRecents
07-13 10:22:59.070 W/RecentsModel( 2470): getRunningTask
07-13 10:22:59.072 W/MiuiPerfServiceClient( 3978): interceptAndQueuing:2459|com.android.systemui|246|84|626953157286368|Slow handle animation|7
07-13 10:22:59.074 I/gralloc4( 2459): @set_metadata: update dataspace from GM (0x00000000 -> 0x08010000)
07-13 10:22:59.074 I/BufferQueueProducer( 1133): [FramebufferSurface](this:0xb40000793ab518d0,id:-1,api:1,p:1133,c:1133) queueBuffer: fps=0.26 dur=133008.61 max=132648.03 min=8.22
07-13 10:22:59.076 I/MI-SF   ( 1133): surfaceflinger setAffinity mode=1
07-13 10:22:59.076 I/MI-SF   ( 1133): surfaceflinger setreAffinity reTid=1349
07-13 10:22:59.076 D/RecentsModel( 2470): onTaskStackChangedBackground
07-13 10:22:59.076 D/EventBus( 2470): No subscribers registered for event class com.miui.home.recents.messages.RecentTasksChangedEvent
07-13 10:22:59.076 D/EventBus( 2470): No subscribers registered for event class org.greenrobot.eventbus.NoSubscriberEvent
07-13 10:22:59.078 D/C2MtkBufferManager( 1041): over 5000ms not request from VCodec but callback hooked, slow BM Cc fetch thread
07-13 10:22:59.079 W/FirebaseRemoteConfig(21977): No value of type 'FirebaseRemoteConfigValue' exists for parameter key 'c_window_and_activity_config'.
07-13 10:22:59.080 W/RecentsModel( 2470): getRunningTask   taskInfo=TaskInfo{userId=0 taskId=5369 displayId=0 isRunning=true baseIntent=Intent { flg=0x10000000 cmp=com.skillsroom.mobile/.MainActivity } baseActivity=ComponentInfo{com.skillsroom.mobile/com.skillsroom.mobile.MainActivity} topActivity=ComponentInfo{com.skillsroom.mobile/com.skillsroom.mobile.MainActivity} origActivity=null realActivity=ComponentInfo{com.skillsroom.mobile/com.skillsroom.mobile.MainActivity} numActivities=1 lastActiveTime=696178730 supportsSplitScreenMultiWindow=true supportsMultiWindow=true resizeMode=1 isResizeable=true minWidth=-1 minHeight=-1 defaultMinSize=200 token=WCT{android.window.IWindowContainerToken$Stub$Proxy@d56b00e} topActivityType=1 pictureInPictureParams=null shouldDockBigOverlays=false launchIntoPipHostTaskId=-1 lastParentTaskIdBeforePip=-1 displayCutoutSafeInsets=Rect(0, 68 - 0, 0) topActivityInfo=ActivityInfo{616a2f com.skillsroom.mobile.MainActivity} launchCookies=[] positionInParent=Point(0, 0) parentTaskId=-1 isFocused=true isVisible=true isVisibleRequested=true isSleeping=false topActivityInSizeCompat=false topActivityEligibleForLetterboxEducation= false topActivityLetterboxed= false isFromDoubleTap= false topActivityLetterboxVerticalPosition= -1 topActivityLetterboxHorizontalPosition= -1 topActivityLetterboxWidth=-1 topActivityLetterboxHeight=-1 locusId=null displayAreaFeatureId=1 cameraCompatControlState=hidden mIsCastMode=false mTopActivityMediaSize=null mTopActivityRecordName=ActivityRecord{ee6c3bf u0 com.skillsroom.mobile/.MainActivity t5369} mTopActivityOrientation=1 mTopActivityWindowIsNowVisible=false isTranslucent=false isEmbedded=false shouldBeVisible=true mBehindAppLockPkg=null mOriginatingUid=0}
07-13 10:22:59.080 W/RecentsModel( 2470): getTaskInfoIgnoreHomeAndFreeform   taskInfo=ComponentInfo{com.skillsroom.mobile/com.skillsroom.mobile.MainActivity}
07-13 10:22:59.085 E/ActivityManagerWrapper( 2470): get all recent tasks force including 5369
07-13 10:22:59.088 I/gralloc4( 2459): @set_metadata: update dataspace from GM (0x00000000 -> 0x08010000)
07-13 10:22:59.096 I/gralloc4( 2459): @set_metadata: update dataspace from GM (0x00000000 -> 0x08010000)
07-13 10:22:59.098 D/C2MtkBufferManager( 1041): over 5000ms not request from VCodec but callback hooked, slow BM Cc fetch thread
07-13 10:22:59.106 I/gralloc4( 2459): @set_metadata: update dataspace from GM (0x00000000 -> 0x08010000)
07-13 10:22:59.107 I/MMKV    (21977): <MMKV.cpp:1189::sync> MMKV::sync, SyncFlag = 1
07-13 10:22:59.117 E/surfaceflinger( 1133): == MALI DEBUG ===eglp_winsys_populate_image_templates ==12288
07-13 10:22:59.119 D/C2MtkBufferManager( 1041): over 5000ms not request from VCodec but callback hooked, slow BM Cc fetch thread
07-13 10:22:59.120 I/gralloc4( 1133): @set_metadata: update dataspace from GM (0x08010000 -> 0x00000000)
07-13 10:22:59.126 I/SettingsProvider( 1813): refresh rate settings changed, name:miui_refresh_rate,value:60,pkg:com.miui.powerkeeper
07-13 10:22:59.127 E/ActivityManagerWrapper( 2470): getRecentTasks: size=9
07-13 10:22:59.128 E/ActivityManagerWrapper( 2470): getRecentTasks: mainTaskId=5369   userId=0   windowMode=1   baseIntent=Intent { act=null flag=268435456 cmp=ComponentInfo{com.skillsroom.mobile/com.skillsroom.mobile.MainActivity} }
07-13 10:22:59.128 E/ActivityManagerWrapper( 2470): getRecentTasks: mainTaskId=5341   userId=0   windowMode=1   baseIntent=Intent { act=android.intent.action.MAIN flag=270532608 cmp=ComponentInfo{com.whatsapp.w4b/com.whatsapp.Main} }
07-13 10:22:59.128 E/ActivityManagerWrapper( 2470): getRecentTasks: mainTaskId=5344   userId=0   windowMode=1   baseIntent=Intent { act=android.intent.action.MAIN flag=270532608 cmp=ComponentInfo{com.facebook.lite/com.facebook.lite.MainActivity} }
07-13 10:22:59.128 E/ActivityManagerWrapper( 2470): getRecentTasks: mainTaskId=5336   userId=0   windowMode=1   baseIntent=Intent { act=android.intent.action.MAIN flag=270532608 cmp=ComponentInfo{com.google.android.dialer/com.google.android.dialer.extensions.GoogleDialtactsActivity} }
07-13 10:22:59.128 E/ActivityManagerWrapper( 2470): getRecentTasks: mainTaskId=5335   userId=0   windowMode=1   baseIntent=Intent { act=android.intent.action.MAIN flag=270532608 cmp=ComponentInfo{com.shaiban.audioplayer.mplayer/com.shaiban.audioplayer.mplayer.app.navigation.NavigatingActivity} }
07-13 10:22:59.128 E/ActivityManagerWrapper( 2470): getRecentTasks: mainTaskId=5287   userId=0   windowMode=1   baseIntent=Intent { act=android.intent.action.MAIN flag=270532608 cmp=ComponentInfo{ng.mtn.nextgen/ng.mtn.nextgen.MainActivity} }
07-13 10:22:59.128 E/ActivityManagerWrapper( 2470): getRecentTasks: mainTaskId=5273   userId=0   windowMode=1   baseIntent=Intent { act=android.settings.APPLICATION_DEVELOPMENT_SETTINGS flag=268468224 cmp=ComponentInfo{com.android.settings/com.android.settings.Settings$DevelopmentSettingsDashboardActivity} }
07-13 10:22:59.128 E/ActivityManagerWrapper( 2470): getRecentTasks: mainTaskId=5246   userId=0   windowMode=1   baseIntent=Intent { act=android.intent.action.MAIN flag=270532608 cmp=ComponentInfo{cn.xender/cn.xender.ui.activity.SplashActivity} }
07-13 10:22:59.128 E/ActivityManagerWrapper( 2470): getRecentTasks: mainTaskId=5239   userId=0   windowMode=1   baseIntent=Intent { act=android.intent.action.MAIN flag=270532608 cmp=ComponentInfo{com.android.camera/com.android.camera.Camera} }
07-13 10:22:59.129 I/gralloc4( 2459): @set_metadata: update dataspace from GM (0x00000000 -> 0x08010000)
07-13 10:22:59.134 D/LauncherClient.Service( 2470): service already connected:com.mi.globalminusscreen
07-13 10:22:59.134 I/PowerHalWrapper( 1813): amsBoostStop AMS_BOOST_PACK_SWITCH:true, AMS_BOOST_ACT_SWITCH:false, AMS_BOOST_PROCESS_CREATE:true 
07-13 10:22:59.135 D/StatusBarController( 2470): handleMessage: flag 800000  disable false
07-13 10:22:59.135 D/Launcher_WallpaperUtils( 2470): changeStatusBarMode:false
07-13 10:22:59.137 W/ServiceManagerCppClient( 1813): Failed to get isDeclared for vendor.mediatek.hardware.mtkpower.IMtkPowerService/default: Status(-1, EX_SECURITY): 'SELinux denied.'
07-13 10:22:59.137 I/mtkpower_client( 1813): IMtkPowerService_isDeclared 0
07-13 10:22:59.137 I/mtkpower@impl( 1059): [mtkPowerHint] hint:22, hold:500, ext:0, ext_hold:0
07-13 10:22:59.137 W/ServiceManagerCppClient( 1813): Failed to get isDeclared for vendor.mediatek.hardware.mtkpower.IMtkPowerService/default: Status(-1, EX_SECURITY): 'SELinux denied.'
07-13 10:22:59.137 I/mtkpower_client( 1813): IMtkPowerService_isDeclared 0
07-13 10:22:59.137 I/mtkpower@impl( 1059): [mtkPowerHint] hint:21, hold:6000, ext:30, ext_hold:35000
07-13 10:22:59.138 I/libPowerHal( 1059): [perfLockAcq] idx:8 hdl:247300 hint:22 pid:1059 duration:500 lock_user:mtkpower@1.0-se => ret_hdl:247300
07-13 10:22:59.139 I/libPowerHal( 1059): [perfLockRel] hdl:247297, idx:7
07-13 10:22:59.139 D/C2MtkBufferManager( 1041): over 5000ms not request from VCodec but callback hooked, slow BM Cc fetch thread
07-13 10:22:59.139 I/libPowerHal( 1059): [perfLockAcq] idx:9 hdl:247301 hint:21 pid:1059 duration:6000 lock_user:mtkpower@1.0-se => ret_hdl:247301
07-13 10:22:59.140 I/libPowerHal( 1059): [perfLockRel] hdl:247298, idx:5
07-13 10:22:59.140 I/libPowerHal( 1059): [perfLockAcq] idx:10 hdl:247302 hint:30 pid:1059 duration:35000 lock_user:mtkpower@1.0-se => ret_hdl:247302
07-13 10:22:59.145 I/gralloc4( 2459): @set_metadata: update dataspace from GM (0x00000000 -> 0x08010000)
07-13 10:22:59.147 D/nativeloader(15847): Load libframework-connectivity-jni.so using APEX ns com_android_tethering for caller /apex/com.android.tethering/javalib/framework-connectivity.jar: ok
07-13 10:22:59.149 I/lowmemorykiller(  475): Kill 'com.milink.service' (15410), uid 10203, oom_score_adj 925 to free 44944kB rss, 42368kB swap; reason: cw
07-13 10:22:59.151 I/gralloc4( 2459): @set_metadata: update dataspace from GM (0x00000000 -> 0x08010000)
07-13 10:22:59.157 V/GraphicsEnvironment(15847): Currently set values for:
07-13 10:22:59.158 V/GraphicsEnvironment(15847):   angle_gl_driver_selection_pkgs=[]
07-13 10:22:59.158 V/GraphicsEnvironment(15847):   angle_gl_driver_selection_values=[]
07-13 10:22:59.159 I/gralloc4( 2459): @set_metadata: update dataspace from GM (0x00000000 -> 0x08010000)
07-13 10:22:59.159 V/GraphicsEnvironment(15847): ANGLE GameManagerService for com.whatsapp.w4b: false
07-13 10:22:59.160 V/GraphicsEnvironment(15847): com.whatsapp.w4b is not listed in per-application setting
07-13 10:22:59.161 V/GraphicsEnvironment(15847): Neither updatable production driver nor prerelease driver is supported.
07-13 10:22:59.162 D/C2MtkBufferManager( 1041): over 5000ms not request from VCodec but callback hooked, slow BM Cc fetch thread
07-13 10:22:59.166 I/gralloc4( 2459): @set_metadata: update dataspace from GM (0x00000000 -> 0x08010000)
07-13 10:22:59.169 I/libprocessgroup( 1813): Successfully killed process cgroup uid 10203 pid 15410 in 17ms
07-13 10:22:59.172 I/gralloc4( 2459): @set_metadata: update dataspace from GM (0x00000000 -> 0x08010000)
07-13 10:22:59.182 D/C2MtkBufferManager( 1041): over 5000ms not request from VCodec but callback hooked, slow BM Cc fetch thread
07-13 10:22:59.183 D/ForceDarkAppConfigProvider( 1813): cloudConfigVersion: -1   localConfigVersion:20240119
07-13 10:22:59.183 I/UiModeManager( 1813): systemserver package:com.whatsapp.w4b null
07-13 10:22:59.189 I/ForceDarkHelperStubImpl(15847): initialize for com.whatsapp.w4b , ForceDarkAppConfig: null
07-13 10:22:59.194 D/nativeloader(15847): Load libforcedarkimpl.so using system ns (caller=/system_ext/framework/miui-framework.jar): ok
07-13 10:22:59.194 D/OpenGLRenderer(15847): JNI_OnLoad success
07-13 10:22:59.194 I/MiuiForceDarkConfig(15847): setConfig density:2.000000, mainRule:0, secondaryRule:0, tertiaryRule:0
07-13 10:22:59.199 D/connsyslogger( 1516): SD_LOG_ROOT is /data/debuglogger/connsyslog/fw.
07-13 10:22:59.200 D/connsyslogger( 1516): systemReady:1
07-13 10:22:59.203 D/C2MtkBufferManager( 1041): over 5000ms not request from VCodec but callback hooked, slow BM Cc fetch thread
07-13 10:22:59.204 I/Zygote  ( 1023): Process 15410 exited due to signal 9 (Killed)
07-13 10:22:59.204 D/CompatibilityChangeReporter(15846): Compat change id reported: 3400644; UID 10174; state: ENABLED
07-13 10:22:59.205 I/lowmemorykiller(  475): Kill 'com.truecaller' (14990), uid 10272, oom_score_adj 915 to free 67268kB rss, 87192kB swap; reason: cw
07-13 10:22:59.210 D/RecentsModel( 2470): onTaskStackChangedBackground    MSG_TASK_STACK_CHANGE
07-13 10:22:59.210 D/RecentsModel( 2470): preloadRecents
07-13 10:22:59.210 W/RecentsModel( 2470): getRunningTask
07-13 10:22:59.211 I/BugleDataModel(15703): Scheduling country code detector action, because a subscription changed its state.
07-13 10:22:59.218 W/RecentsModel( 2470): getRunningTask   taskInfo=TaskInfo{userId=0 taskId=5369 displayId=0 isRunning=true baseIntent=Intent { flg=0x10000000 cmp=com.skillsroom.mobile/.MainActivity } baseActivity=ComponentInfo{com.skillsroom.mobile/com.skillsroom.mobile.MainActivity} topActivity=ComponentInfo{com.skillsroom.mobile/com.skillsroom.mobile.MainActivity} origActivity=null realActivity=ComponentInfo{com.skillsroom.mobile/com.skillsroom.mobile.MainActivity} numActivities=1 lastActiveTime=696178870 supportsSplitScreenMultiWindow=true supportsMultiWindow=true resizeMode=1 isResizeable=true minWidth=-1 minHeight=-1 defaultMinSize=200 token=WCT{android.window.IWindowContainerToken$Stub$Proxy@72eb83c} topActivityType=1 pictureInPictureParams=null shouldDockBigOverlays=false launchIntoPipHostTaskId=-1 lastParentTaskIdBeforePip=-1 displayCutoutSafeInsets=Rect(0, 68 - 0, 0) topActivityInfo=ActivityInfo{56ee9c5 com.skillsroom.mobile.MainActivity} launchCookies=[] positionInParent=Point(0, 0) parentTaskId=-1 isFocused=true isVisible=true isVisibleRequested=true isSleeping=false topActivityInSizeCompat=false topActivityEligibleForLetterboxEducation= false topActivityLetterboxed= false isFromDoubleTap= false topActivityLetterboxVerticalPosition= -1 topActivityLetterboxHorizontalPosition= -1 topActivityLetterboxWidth=-1 topActivityLetterboxHeight=-1 locusId=null displayAreaFeatureId=1 cameraCompatControlState=hidden mIsCastMode=false mTopActivityMediaSize=null mTopActivityRecordName=ActivityRecord{ee6c3bf u0 com.skillsroom.mobile/.MainActivity t5369} mTopActivityOrientation=1 mTopActivityWindowIsNowVisible=false isTranslucent=false isEmbedded=false shouldBeVisible=true mBehindAppLockPkg=null mOriginatingUid=0}
07-13 10:22:59.218 W/RecentsModel( 2470): getTaskInfoIgnoreHomeAndFreeform   taskInfo=ComponentInfo{com.skillsroom.mobile/com.skillsroom.mobile.MainActivity}
07-13 10:22:59.221 E/ActivityManagerWrapper( 2470): get all recent tasks force including 5369
07-13 10:22:59.223 D/C2MtkBufferManager( 1041): over 5000ms not request from VCodec but callback hooked, slow BM Cc fetch thread
07-13 10:22:59.226 I/libprocessgroup( 1813): Successfully killed process cgroup uid 10272 pid 14990 in 11ms
07-13 10:22:59.234 E/ActivityManagerWrapper( 2470): getRecentTasks: size=9
07-13 10:22:59.234 E/ActivityManagerWrapper( 2470): getRecentTasks: mainTaskId=5369   userId=0   windowMode=1   baseIntent=Intent { act=null flag=268435456 cmp=ComponentInfo{com.skillsroom.mobile/com.skillsroom.mobile.MainActivity} }
07-13 10:22:59.234 E/ActivityManagerWrapper( 2470): getRecentTasks: mainTaskId=5341   userId=0   windowMode=1   baseIntent=Intent { act=android.intent.action.MAIN flag=270532608 cmp=ComponentInfo{com.whatsapp.w4b/com.whatsapp.Main} }
07-13 10:22:59.234 E/ActivityManagerWrapper( 2470): getRecentTasks: mainTaskId=5344   userId=0   windowMode=1   baseIntent=Intent { act=android.intent.action.MAIN flag=270532608 cmp=ComponentInfo{com.facebook.lite/com.facebook.lite.MainActivity} }
07-13 10:22:59.234 E/ActivityManagerWrapper( 2470): getRecentTasks: mainTaskId=5336   userId=0   windowMode=1   baseIntent=Intent { act=android.intent.action.MAIN flag=270532608 cmp=ComponentInfo{com.google.android.dialer/com.google.android.dialer.extensions.GoogleDialtactsActivity} }
07-13 10:22:59.234 E/ActivityManagerWrapper( 2470): getRecentTasks: mainTaskId=5335   userId=0   windowMode=1   baseIntent=Intent { act=android.intent.action.MAIN flag=270532608 cmp=ComponentInfo{com.shaiban.audioplayer.mplayer/com.shaiban.audioplayer.mplayer.app.navigation.NavigatingActivity} }
07-13 10:22:59.234 E/ActivityManagerWrapper( 2470): getRecentTasks: mainTaskId=5287   userId=0   windowMode=1   baseIntent=Intent { act=android.intent.action.MAIN flag=270532608 cmp=ComponentInfo{ng.mtn.nextgen/ng.mtn.nextgen.MainActivity} }
07-13 10:22:59.234 E/ActivityManagerWrapper( 2470): getRecentTasks: mainTaskId=5273   userId=0   windowMode=1   baseIntent=Intent { act=android.settings.APPLICATION_DEVELOPMENT_SETTINGS flag=268468224 cmp=ComponentInfo{com.android.settings/com.android.settings.Settings$DevelopmentSettingsDashboardActivity} }
07-13 10:22:59.235 E/ActivityManagerWrapper( 2470): getRecentTasks: mainTaskId=5246   userId=0   windowMode=1   baseIntent=Intent { act=android.intent.action.MAIN flag=270532608 cmp=ComponentInfo{cn.xender/cn.xender.ui.activity.SplashActivity} }
07-13 10:22:59.235 E/ActivityManagerWrapper( 2470): getRecentTasks: mainTaskId=5239   userId=0   windowMode=1   baseIntent=Intent { act=android.intent.action.MAIN flag=270532608 cmp=ComponentInfo{com.android.camera/com.android.camera.Camera} }
07-13 10:22:59.244 I/ActivityManager( 1813): Process com.milink.service (pid 15410) has died: cch+25 CEM 
07-13 10:22:59.244 D/C2MtkBufferManager( 1041): over 5000ms not request from VCodec but callback hooked, slow BM Cc fetch thread
07-13 10:22:59.246 E/ProcessManager( 1813): error write exception log
07-13 10:22:59.250 I/IPCThreadState( 4459): oneway function results for code 3 on binder at 0xb400007cb4ffdc20 will be dropped but finished with status UNKNOWN_TRANSACTION
07-13 10:22:59.250 D/DisplayManagerService( 1813): Drop pending events for gone uid 10203
07-13 10:22:59.251 D/UidObserver( 7233): onUidGone entry uid = 10203
07-13 10:22:59.251 W/MiPicks-ProcessObserverV10(21977): onProcessDied:pid = 15410,died-uid=10203
07-13 10:22:59.251 I/MiuiNetworkPolicy( 1813): removeUidState uid = 10203
07-13 10:22:59.260 I/mtkpower_client( 1813): [Legacy][PowerHal_Wrap_notifyAppState] com.milink.service/com.milink.service pid=15410 state:3
07-13 10:22:59.261 I/libPowerHal( 1059): [perfNotifyAppState] pack:com.milink.service, act:com.milink.service, state:3, pid:15410, uid:10203, fps:-1
07-13 10:22:59.261 I/libPowerHal( 1059): [perfNotifyAppState] pack:com.milink.service, pid:15410, STATE_DEAD
07-13 10:22:59.261 D/RilUtility( 1059): notify_rild_crash_pid_set certPid:-1, crash:15410, scn:0x0
07-13 10:22:59.270 I/hwcomposer( 1039): [HWCDisplay] [Display_0 (type:1)] fps:38.947117,dur:1001.36,max:210.48,min:8.08  
07-13 10:22:59.271 D/C2MtkBufferManager( 1041): over 5000ms not request from VCodec but callback hooked, slow BM Cc fetch thread
07-13 10:22:59.274 I/BugleDataModel(15703): Scheduling self participants refresh action, because a subscription changed its state.
07-13 10:22:59.282 D/CompatibilityChangeReporter( 1813): Compat change id reported: 161145287; UID 10174; state: ENABLED
07-13 10:22:59.291 D/C2MtkBufferManager( 1041): over 5000ms not request from VCodec but callback hooked, slow BM Cc fetch thread
07-13 10:22:59.301 I/RcsProvisioningFlow(15703): Received intent action: android.intent.action.SIM_STATE_CHANGED with extra SIM_STATE: LOADED
07-13 10:22:59.302 I/RcsProvisioningFlow(15703): Sending sim state update work request to scheduler due to LOADED.
07-13 10:22:59.312 D/C2MtkBufferManager( 1041): over 5000ms not request from VCodec but callback hooked, slow BM Cc fetch thread
07-13 10:22:59.321 E/ThermalInfoUtils( 7233): getCurrentCapacity Exceptionjava.io.FileNotFoundException: /sys/class/power_supply/battery/charge_counter: open failed: EACCES (Permission denied)
07-13 10:22:59.315 W/ThermalCollecto( 7233): type=1400 audit(0.0:611039): avc:  denied  { read } for  name="charge_counter" dev="sysfs" ino=36942 scontext=u:r:system_app:s0 tcontext=u:object_r:sysfs_batteryinfo:s0 tclass=file permissive=0
07-13 10:22:59.323 I/ActivityManager( 1813): Process com.truecaller (pid 14990) has died: cch+15 CEM 
07-13 10:22:59.324 E/ProcessManager( 1813): error write exception log
07-13 10:22:59.325 I/Zygote  ( 1023): Process 14990 exited due to signal 9 (Killed)
07-13 10:22:59.327 I/libprocessgroup( 1813): Successfully killed process cgroup uid 10203 pid 15410 in 0ms
07-13 10:22:59.332 I/MiuiNetworkPolicy( 1813): removeUidState uid = 10272
07-13 10:22:59.332 D/DisplayManagerService( 1813): Drop pending events for gone uid 10272
07-13 10:22:59.333 I/IPCThreadState( 4459): oneway function results for code 3 on binder at 0xb400007cb4ffdc20 will be dropped but finished with status UNKNOWN_TRANSACTION
07-13 10:22:59.333 W/MiPicks-ProcessObserverV10(21977): onProcessDied:pid = 14990,died-uid=10272
07-13 10:22:59.333 D/UidObserver( 7233): onUidGone entry uid = 10272
07-13 10:22:59.334 I/Bugle   (15703): BugleStartup: Done initializing with enabled individual init failures.
07-13 10:22:59.334 D/C2MtkBufferManager( 1041): over 5000ms not request from VCodec but callback hooked, slow BM Cc fetch thread
07-13 10:22:59.338 I/libprocessgroup( 1813): Successfully killed process cgroup uid 10272 pid 14990 in 0ms
07-13 10:22:59.345 I/mtkpower_client( 1813): [Legacy][PowerHal_Wrap_notifyAppState] com.truecaller/com.truecaller pid=14990 state:3
07-13 10:22:59.345 I/libPowerHal( 1059): [perfNotifyAppState] pack:com.truecaller, act:com.truecaller, state:3, pid:14990, uid:10272, fps:-1
07-13 10:22:59.345 I/libPowerHal( 1059): [perfNotifyAppState] pack:com.truecaller, pid:14990, STATE_DEAD
07-13 10:22:59.345 D/RilUtility( 1059): notify_rild_crash_pid_set certPid:-1, crash:14990, scn:0x0
07-13 10:22:59.348 D/Launcher_UnlockAnimationStateMachine( 2470): mResetIdleStateRunnable
07-13 10:22:59.352 I/mtkpower@impl( 1059): [powerd_req] TIMER_MSG_PERF_LOCK_TIMEOUT hdl:247299
07-13 10:22:59.352 I/libPowerHal( 1059): [perfLockRel] hdl:247299, idx:3
07-13 10:22:59.352 I/libPowerHal( 1059): [unsetGPUFreq] current min:0, max:0; scn_gpu_min:0, scn_gpu_max:-1; scn_gpu_min(HL):-1, scn_gpu_max(HL):-1
07-13 10:22:59.352 I/libPowerHal( 1059): system_server: set gpu opp level: 31
07-13 10:22:59.354 I/libPowerHal( 1059): system_server: set gpu opp level max: 0
07-13 10:22:59.355 I/libPowerHal( 1059): [setGPUFreq] Soft min/max = (31, 0); Hard min/max = (31, 0)
07-13 10:22:59.355 D/C2MtkBufferManager( 1041): over 5000ms not request from VCodec but callback hooked, slow BM Cc fetch thread
07-13 10:22:59.355 I/libPowerHal( 1059): [setGPUFreq] final min/max = (31, 0)
07-13 10:22:59.355 I/libPowerHal( 1059): system_server: set gpu opp level: 31
07-13 10:22:59.355 I/libPowerHal( 1059): system_server: set gpu opp level max: 0
07-13 10:22:59.355 D/CompatibilityChangeReporter(15847): Compat change id reported: 183155436; UID 10281; state: ENABLED
07-13 10:22:59.376 D/C2MtkBufferManager( 1041): over 5000ms not request from VCodec but callback hooked, slow BM Cc fetch thread
07-13 10:22:59.376 W/AsyncDrawableCache(15847): can not found res: 2131231417, maybe dynamic res id.
07-13 10:22:59.383 I/RcsProvisioningFlow(15703): Scheduling 3 using PWQ with updateTrigger: 6, scheduledAt: 2026-07-13T09:22:59.303Z, initialDelaySeconds: 0.
07-13 10:22:59.385 I/RcsProvisioningFlow(15703): Beginning update task for phone SIMs state scheduledAt: 2026-07-13T09:22:59.279Z
07-13 10:22:59.396 D/C2MtkBufferManager( 1041): over 5000ms not request from VCodec but callback hooked, slow BM Cc fetch thread
07-13 10:22:59.400 I/BugleRcsEngine(15703): Cannot use CS.apk as it's battery optimized [CONTEXT thread_id=1263 ]
07-13 10:22:59.405 I/RcsProvisioningFlow(15703): Lock acquired for updating phone SIMs state with update trigger: 1.
07-13 10:22:59.405 I/RcsProvisioningFlow(15703): subscriptionUtilsList subIds: [1, 5]
07-13 10:22:59.416 D/C2MtkBufferManager( 1041): over 5000ms not request from VCodec but callback hooked, slow BM Cc fetch thread
07-13 10:22:59.427 D/ActivityManager( 1813): getProcessesInErrorState callingUid=10279, CallingPid=443
07-13 10:22:59.430 D/ActivityManager( 1813): getProcessesInErrorState callingUid=10288, CallingPid=19459
07-13 10:22:59.437 D/C2MtkBufferManager( 1041): over 5000ms not request from VCodec but callback hooked, slow BM Cc fetch thread
07-13 10:22:59.448 I/Bugle   (15703): BroadcastReceiverAsyncWorkTracker: Acknowledging broadcast of dgce@4d33b64
07-13 10:22:59.457 D/C2MtkBufferManager( 1041): over 5000ms not request from VCodec but callback hooked, slow BM Cc fetch thread
07-13 10:22:59.458 I/BugleSimStateTracker(15703): Looking up Fi through package names.
07-13 10:22:59.463 I/FirebaseApp(15847): Device unlocked: initializing all Firebase APIs for app [DEFAULT]
07-13 10:22:59.466 I/ClipboardServiceI( 1813): checkProviderWakePathForClipboard: primaryClip is null
07-13 10:22:59.478 D/C2MtkBufferManager( 1041): over 5000ms not request from VCodec but callback hooked, slow BM Cc fetch thread
07-13 10:22:59.480 I/FirebaseInitProvider(15847): FirebaseApp initialization successful
07-13 10:22:59.480 I/RcsAvailability(15703): Rcs availability updater triggered on app start for all active identities.
07-13 10:22:59.483 I/ClipboardServiceI( 1813): checkProviderWakePathForClipboard: primaryClip is null
07-13 10:22:59.498 D/C2MtkBufferManager( 1041): over 5000ms not request from VCodec but callback hooked, slow BM Cc fetch thread
07-13 10:22:59.510 I/BugleSimStateTracker(15703): Looking up Fi through package names.
07-13 10:22:59.513 I/lowmemorykiller(  475): Kill 'com.google.android.webview:webview_service' (15459), uid 10215, oom_score_adj 905 to free 39484kB rss, 41940kB swap; reason: cw
07-13 10:22:59.520 D/C2MtkBufferManager( 1041): over 5000ms not request from VCodec but callback hooked, slow BM Cc fetch thread
07-13 10:22:59.521 I/libprocessgroup( 1813): Successfully killed process cgroup uid 10215 pid 15459 in 5ms
07-13 10:22:59.522 I/BugleSimStateTracker(15703): default call SIM: redacted-pii:sim_id[chars:20,last3:312], default sms SIM redacted-pii:sim_id[chars:20,last3:92F]. default data SIM redacted-pii:sim_id[chars:20,last3:312].
07-13 10:22:59.523 I/BugleSimStateTracker(15703): default call SIM: redacted-pii:sim_id[chars:20,last3:312], default sms SIM redacted-pii:sim_id[chars:20,last3:92F]. default data SIM redacted-pii:sim_id[chars:20,last3:312].
07-13 10:22:59.539 W/EndToEnd-Test(15847): Cannot find E2E config file `/data/user/0/com.whatsapp.w4b/files/config.json`.
07-13 10:22:59.539 W/Bugle   (15703): BuglePhoneNumberUtils: canonicalizeMccMnc: invalid mccmnc. mcc: null, mnc: null
07-13 10:22:59.543 D/C2MtkBufferManager( 1041): over 5000ms not request from VCodec but callback hooked, slow BM Cc fetch thread
07-13 10:22:59.554 I/ActivityManager( 1813): Process com.google.android.webview:webview_service (pid 15459) has died: cch+5 CEM 
07-13 10:22:59.556 E/ProcessManager( 1813): error write exception log
07-13 10:22:59.557 W/MiPicks-ProcessObserverV10(21977): onProcessDied:pid = 15459,died-uid=10215
07-13 10:22:59.557 I/IPCThreadState( 4459): oneway function results for code 3 on binder at 0xb400007cb4ffdc20 will be dropped but finished with status UNKNOWN_TRANSACTION
07-13 10:22:59.558 D/UidObserver( 7233): onUidGone entry uid = 10215
07-13 10:22:59.558 I/MiuiNetworkPolicy( 1813): removeUidState uid = 10215
07-13 10:22:59.559 D/DisplayManagerService( 1813): Drop pending events for gone uid 10215
07-13 10:22:59.560 I/lowmemorykiller(  475): Kill 'android.process.acore' (15210), uid 10078, oom_score_adj 800 to free 53052kB rss, 44524kB swap; reason: cw
07-13 10:22:59.560 I/Zygote  ( 1023): Process 15459 exited due to signal 9 (Killed)
07-13 10:22:59.561 I/mtkpower_client( 1813): [Legacy][PowerHal_Wrap_notifyAppState] com.google.android.webview/com.google.android.webview pid=15459 state:3
07-13 10:22:59.562 I/libprocessgroup( 1813): Successfully killed process cgroup uid 10215 pid 15459 in 0ms
07-13 10:22:59.562 I/libPowerHal( 1059): [perfNotifyAppState] pack:com.google.android.webview, act:com.google.android.webview, state:3, pid:15459, uid:10215, fps:-1
07-13 10:22:59.562 I/libPowerHal( 1059): [perfNotifyAppState] pack:com.google.android.webview, pid:15459, STATE_DEAD
07-13 10:22:59.562 D/RilUtility( 1059): notify_rild_crash_pid_set certPid:-1, crash:15459, scn:0x0
07-13 10:22:59.564 D/C2MtkBufferManager( 1041): over 5000ms not request from VCodec but callback hooked, slow BM Cc fetch thread
07-13 10:22:59.582 I/libprocessgroup( 1813): Successfully killed process cgroup uid 10078 pid 15210 in 18ms
07-13 10:22:59.584 D/C2MtkBufferManager( 1041): over 5000ms not request from VCodec but callback hooked, slow BM Cc fetch thread
07-13 10:22:59.594 I/BugleSimStateTracker(15703): Subscription is carrier config identified: true [CONTEXT sub_id=1 ]
07-13 10:22:59.594 I/SmartPower: com.google.android.gms/10157(8414)( 1813): idle->background(119976ms) R(add to whitelist) adj=0.
07-13 10:22:59.595 D/CompatibilityChangeReporter( 1813): Compat change id reported: 261072174; UID 10165; state: ENABLED
07-13 10:22:59.606 D/C2MtkBufferManager( 1041): over 5000ms not request from VCodec but callback hooked, slow BM Cc fetch thread
07-13 10:22:59.612 D/BoundBrokerSvc( 8414): onBind: Intent { act=com.google.android.gms.auth.service.START pkg=com.google.android.gms }
07-13 10:22:59.612 D/BoundBrokerSvc( 8414): Loading bound service for intent: Intent { act=com.google.android.gms.auth.service.START pkg=com.google.android.gms }
07-13 10:22:59.614 W/Bugle   (15703): BuglePhoneNumberUtils: canonicalizeMccMnc: invalid mccmnc. mcc: null, mnc: null
07-13 10:22:59.619 I/Bugle   (15703): getRawTelephonyPhoneNumber redacted-pii[0-chars] [CONTEXT sub_id=1 ]
07-13 10:22:59.627 D/C2MtkBufferManager( 1041): over 5000ms not request from VCodec but callback hooked, slow BM Cc fetch thread
07-13 10:22:59.636 I/ActivityManager( 1813): Process android.process.acore (pid 15210) has died: svcb CEM 
07-13 10:22:59.638 E/ProcessManager( 1813): error write exception log
07-13 10:22:59.638 W/MiPicks-ProcessObserverV10(21977): onProcessDied:pid = 15210,died-uid=10078
07-13 10:22:59.638 D/UidObserver( 7233): onUidGone entry uid = 10078
07-13 10:22:59.639 I/Zygote  ( 1023): Process 15210 exited due to signal 9 (Killed)
07-13 10:22:59.639 I/IPCThreadState( 4459): oneway function results for code 3 on binder at 0xb400007cb4ffdc20 will be dropped but finished with status UNKNOWN_TRANSACTION
07-13 10:22:59.639 D/DisplayManagerService( 1813): Drop pending events for gone uid 10078
07-13 10:22:59.639 I/mtkpower_client( 1813): [Legacy][PowerHal_Wrap_notifyAppState] com.android.providers.contacts/com.android.providers.contacts pid=15210 state:3
07-13 10:22:59.640 I/mtkpower@impl( 1059): [powerd_req] TIMER_MSG_PERF_LOCK_TIMEOUT hdl:247300
07-13 10:22:59.640 I/libPowerHal( 1059): [perfLockRel] hdl:247300, idx:8
07-13 10:22:59.641 I/MiuiNetworkPolicy( 1813): removeUidState uid = 10078
07-13 10:22:59.641 I/libPowerHal( 1059): [perfNotifyAppState] pack:com.android.providers.contacts, act:com.android.providers.contacts, state:3, pid:15210, uid:10078, fps:-1
07-13 10:22:59.641 I/libPowerHal( 1059): [perfNotifyAppState] pack:com.android.providers.contacts, pid:15210, STATE_DEAD
07-13 10:22:59.641 D/RilUtility( 1059): notify_rild_crash_pid_set certPid:-1, crash:15210, scn:0x0
07-13 10:22:59.645 I/libprocessgroup( 1813): Successfully killed process cgroup uid 10078 pid 15210 in 0ms
07-13 10:22:59.648 D/C2MtkBufferManager( 1041): over 5000ms not request from VCodec but callback hooked, slow BM Cc fetch thread
07-13 10:22:59.651 D/power@timer( 1059): [mtkPowerTimer] visRead:0
07-13 10:22:59.652 I/BugleSimStateTracker(15703): Subscription is carrier config identified: true [CONTEXT sub_id=5 ]
07-13 10:22:59.652 I/Bugle   (15703): getRawTelephonyPhoneNumber redacted-pii[0-chars] [CONTEXT sub_id=5 ]
07-13 10:22:59.668 D/C2MtkBufferManager( 1041): over 5000ms not request from VCodec but callback hooked, slow BM Cc fetch thread
07-13 10:22:59.672 I/libPerfCtl( 1059): xgfGetFPS pid:2459 fps:80
07-13 10:22:59.672 I/libPerfCtl( 1059): xgfGetFPS pid:2470 fps:-1
07-13 10:22:59.681 W/SoLoader(15847): Initializing SoLoader: 0
07-13 10:22:59.684 I/SoLoader(15847): Recording new base apk path: /data/app/~~HtXuCatbu9Ju0hzw9If0MQ==/com.whatsapp.w4b-1-xurdMqiNsIXaCL8J90cg==/base.apk
07-13 10:22:59.684 I/SoLoader(15847): Previously recorded 0 base apk paths.
07-13 10:22:59.684 I/SoLoader(15847): Preparing SO source: DirectorySoSource[root = /vendor/lib64 flags = 2]
07-13 10:22:59.684 I/SoLoader(15847): Preparing SO source: DirectorySoSource[root = /system_ext/lib64 flags = 2]
07-13 10:22:59.684 I/SoLoader(15847): Preparing SO source: DirectorySoSource[root = /system/lib64 flags = 2]
07-13 10:22:59.684 I/SoLoader(15847): Preparing SO source: DirectApkSoSource[root = [/data/app/~~HtXuCatbu9Ju0hzw9If0MQ==/com.whatsapp.w4b-1-xurdMqiNsIXaCL8J90cg==/base.apk!/lib/arm64-v8a, /data/app/~~HtXuCatbu9Ju0hzw9If0MQ==/com.whatsapp.w4b-1-xurdMqiNsIXaCL8J90cg==/split_config.arm64_v8a.apk!/lib/arm64-v8a, /data/app/~~HtXuCatbu9Ju0hzw9If0MQ==/com.whatsapp.w4b-1-xurdMqiNsIXaCL8J90cg==/split_config.xhdpi.apk!/lib/arm64-v8a]]
07-13 10:22:59.688 I/SmartPower: com.google.android.adservices.api/10240(485)( 1813): background->idle(129160ms) R(adj below visible) adj=0.
07-13 10:22:59.689 D/C2MtkBufferManager( 1041): over 5000ms not request from VCodec but callback hooked, slow BM Cc fetch thread
07-13 10:22:59.701 I/BugleSimStateTracker(15703): Looking up Fi through package names.
07-13 10:22:59.703 I/ClipboardServiceI( 1813): checkProviderWakePathForClipboard: primaryClip is null
07-13 10:22:59.709 D/C2MtkBufferManager( 1041): over 5000ms not request from VCodec but callback hooked, slow BM Cc fetch thread
07-13 10:22:59.710 I/BugleSelfIdentity(15703): Phone number for MyIdentity 20ff996e-b679-47eb-9076-fb364502998f does not change [CONTEXT sub_id=1 icc_id="redacted-pii[20-chars]" rcs_provisioning_id="redacted-pii[0-chars]" ]
07-13 10:22:59.715 I/SoLoader(15847): Preparing SO source: ApplicationSoSource[DirectorySoSource[root = /data/app/~~HtXuCatbu9Ju0hzw9If0MQ==/com.whatsapp.w4b-1-xurdMqiNsIXaCL8J90cg==/lib/arm64 flags = 0]]
07-13 10:22:59.715 W/SoLoader(15847): SoLoader initialized: 8
07-13 10:22:59.717 D/CompatibilityChangeReporter( 1813): Compat change id reported: 161252188; UID 10157; state: DISABLED
07-13 10:22:59.721 I/BugleSelfIdentity(15703): Phone number for MyIdentity d7f259e6-55ac-4d3d-b756-a94b439c0399 does not change [CONTEXT sub_id=5 icc_id="redacted-pii[19-chars]" rcs_provisioning_id="redacted-pii[0-chars]" ]
07-13 10:22:59.730 D/C2MtkBufferManager( 1041): over 5000ms not request from VCodec but callback hooked, slow BM Cc fetch thread
07-13 10:22:59.730 D/BoundBrokerSvc( 8414): onBind: Intent { act=com.google.android.gms.notifications.capping.api.NotificationsCappingApiService.START dat=chimera-action:/... cmp=com.google.android.gms/.chimera.GmsApiService }
07-13 10:22:59.730 D/BoundBrokerSvc( 8414): Loading bound service for intent: Intent { act=com.google.android.gms.notifications.capping.api.NotificationsCappingApiService.START dat=chimera-action:/... cmp=com.google.android.gms/.chimera.GmsApiService }
07-13 10:22:59.740 I/lowmemorykiller(  475): Kill 'com.google.android.gms.unstable' (15769), uid 10157, oom_score_adj 800 to free 149900kB rss, 38088kB swap; reason: cw
07-13 10:22:59.745 D/nativeloader(15847): Load /data/app/~~HtXuCatbu9Ju0hzw9If0MQ==/com.whatsapp.w4b-1-xurdMqiNsIXaCL8J90cg==/split_config.arm64_v8a.apk!/lib/arm64-v8a/libsuperpack.so using class loader ns clns-5 (caller=/data/app/~~HtXuCatbu9Ju0hzw9If0MQ==/com.whatsapp.w4b-1-xurdMqiNsIXaCL8J90cg==/base.apk): ok
07-13 10:22:59.748 I/libprocessgroup( 1813): Successfully killed process cgroup uid 10157 pid 15769 in 7ms
07-13 10:22:59.751 D/C2MtkBufferManager( 1041): over 5000ms not request from VCodec but callback hooked, slow BM Cc fetch thread
07-13 10:22:59.767 W/SoLoader(15847): Loading wa_log on the main thread
07-13 10:22:59.767 W/om.whatsapp.w4b(15847): type=1400 audit(0.0:611040): avc:  granted  { execute } for  path="/data/data/com.whatsapp.w4b/files/decompressed/libs.spo/libwa_log.so" dev="dm-48" ino=359515 scontext=u:r:untrusted_app:s0:c25,c257,c512,c768 tcontext=u:object_r:app_data_file:s0:c25,c257,c512,c768 tclass=file app=com.whatsapp.w4b
07-13 10:22:59.771 D/C2MtkBufferManager( 1041): over 5000ms not request from VCodec but callback hooked, slow BM Cc fetch thread
07-13 10:22:59.772 I/BugleConnectivity(15703): isOnSatellite(5): false [CONTEXT ratelimit_period="1 SECONDS" ]
07-13 10:22:59.772 I/BugleConnectivity(15703): 5 is not on satellite and no other subscriptions are on satellite [CONTEXT ratelimit_period="1 SECONDS" ]
07-13 10:22:59.777 D/nativeloader(15847): Load /data/data/com.whatsapp.w4b/files/decompressed/libs.spo/libwa_log.so using class loader ns clns-5 (caller=/data/app/~~HtXuCatbu9Ju0hzw9If0MQ==/com.whatsapp.w4b-1-xurdMqiNsIXaCL8J90cg==/base.apk): ok
07-13 10:22:59.778 W/SoLoader(15847): Loading essential on the main thread
07-13 10:22:59.790 D/CompatibilityChangeReporter( 1813): Compat change id reported: 261072174; UID 10174; state: ENABLED
07-13 10:22:59.792 D/C2MtkBufferManager( 1041): over 5000ms not request from VCodec but callback hooked, slow BM Cc fetch thread
07-13 10:22:59.798 I/Bugle   (15703): Has Samsung system feature: false
07-13 10:22:59.795 W/om.whatsapp.w4b(15847): type=1400 audit(0.0:611041): avc:  granted  { execute } for  path="/data/data/com.whatsapp.w4b/files/decompressed/libs.spo/libc++_shared.so" dev="dm-48" ino=10718 scontext=u:r:untrusted_app:s0:c25,c257,c512,c768 tcontext=u:object_r:app_data_file:s0:c25,c257,c512,c768 tclass=file app=com.whatsapp.w4b
07-13 10:22:59.804 D/nativeloader(15847): Load /data/data/com.whatsapp.w4b/files/decompressed/libs.spo/libc++_shared.so using class loader ns clns-5 (caller=/data/app/~~HtXuCatbu9Ju0hzw9If0MQ==/com.whatsapp.w4b-1-xurdMqiNsIXaCL8J90cg==/base.apk): ok
07-13 10:22:59.803 W/om.whatsapp.w4b(15847): type=1400 audit(0.0:611042): avc:  granted  { execute } for  path="/data/data/com.whatsapp.w4b/files/decompressed/libs.spo/libfbjni.so" dev="dm-48" ino=13435 scontext=u:r:untrusted_app:s0:c25,c257,c512,c768 tcontext=u:object_r:app_data_file:s0:c25,c257,c512,c768 tclass=file app=com.whatsapp.w4b
07-13 10:22:59.809 D/nativeloader(15846): Load /data/app/~~Z-HmI1stqjfbfkWhJgGGiQ==/com.google.android.googlequicksearchbox-QHCqd3nTI1c_r9Njs0kq1w==/base.apk!/lib/arm64-v8a/libnative_crash_handler_jni.so using class loader ns clns-5 (caller=/data/app/~~Z-HmI1stqjfbfkWhJgGGiQ==/com.google.android.googlequicksearchbox-QHCqd3nTI1c_r9Njs0kq1w==/base.apk!classes2.dex): ok
07-13 10:22:59.810 D/nativeloader(15847): Load /data/data/com.whatsapp.w4b/files/decompressed/libs.spo/libfbjni.so using class loader ns clns-5 (caller=/data/app/~~HtXuCatbu9Ju0hzw9If0MQ==/com.whatsapp.w4b-1-xurdMqiNsIXaCL8J90cg==/base.apk): ok
07-13 10:22:59.812 D/C2MtkBufferManager( 1041): over 5000ms not request from VCodec but callback hooked, slow BM Cc fetch thread
07-13 10:22:59.811 W/om.whatsapp.w4b(15847): type=1400 audit(0.0:611043): avc:  granted  { execute } for  path="/data/data/com.whatsapp.w4b/files/decompressed/libs.spo/libfbsofterror.so" dev="dm-48" ino=18401 scontext=u:r:untrusted_app:s0:c25,c257,c512,c768 tcontext=u:object_r:app_data_file:s0:c25,c257,c512,c768 tclass=file app=com.whatsapp.w4b
07-13 10:22:59.815 D/nativeloader(15847): Load /data/data/com.whatsapp.w4b/files/decompressed/libs.spo/libfbsofterror.so using class loader ns clns-5 (caller=/data/app/~~HtXuCatbu9Ju0hzw9If0MQ==/com.whatsapp.w4b-1-xurdMqiNsIXaCL8J90cg==/base.apk): ok
07-13 10:22:59.819 W/om.whatsapp.w4b(15847): type=1400 audit(0.0:611044): avc:  granted  { execute } for  path="/data/data/com.whatsapp.w4b/files/decompressed/libs.spo/libglog.so" dev="dm-48" ino=18589 scontext=u:r:untrusted_app:s0:c25,c257,c512,c768 tcontext=u:object_r:app_data_file:s0:c25,c257,c512,c768 tclass=file app=com.whatsapp.w4b
07-13 10:22:59.826 D/nativeloader(15847): Load /data/data/com.whatsapp.w4b/files/decompressed/libs.spo/libglog.so using class loader ns clns-5 (caller=/data/app/~~HtXuCatbu9Ju0hzw9If0MQ==/com.whatsapp.w4b-1-xurdMqiNsIXaCL8J90cg==/base.apk): ok
07-13 10:22:59.833 D/C2MtkBufferManager( 1041): over 5000ms not request from VCodec but callback hooked, slow BM Cc fetch thread
07-13 10:22:59.831 W/om.whatsapp.w4b(15847): type=1400 audit(0.0:611045): avc:  granted  { execute } for  path="/data/data/com.whatsapp.w4b/files/decompressed/libs.spo/libfb.so" dev="dm-48" ino=13316 scontext=u:r:untrusted_app:s0:c25,c257,c512,c768 tcontext=u:object_r:app_data_file:s0:c25,c257,c512,c768 tclass=file app=com.whatsapp.w4b
07-13 10:22:59.837 D/nativeloader(15847): Load /data/data/com.whatsapp.w4b/files/decompressed/libs.spo/libfb.so using class loader ns clns-5 (caller=/data/app/~~HtXuCatbu9Ju0hzw9If0MQ==/com.whatsapp.w4b-1-xurdMqiNsIXaCL8J90cg==/base.apk): ok
07-13 10:22:59.838 W/SoLoader(15847): Loading fb on the main thread
07-13 10:22:59.839 I/eqpd    (15846): SslGuard completed installation.
07-13 10:22:59.842 I/ApFusion( 1046): enable, handle:9, en:0
07-13 10:22:59.842 I/ActivityManager( 1813): Process com.google.android.gms.unstable (pid 15769) has died: svcb BTOP
07-13 10:22:59.844 E/ProcessManager( 1813): error write exception log
07-13 10:22:59.845 I/om.whatsapp.w4b(15847): Thread[1,tid=15847,Native,Thread*=0xb400007d39642c00,peer=0x71fb53a8,"main"] recursive attempt to load library "/data/data/com.whatsapp.w4b/files/decompressed/libs.spo/libfb.so"
07-13 10:22:59.848 I/ApFusion( 1046): enable, handle:10, en:0
07-13 10:22:59.848 I/Accelerometer( 1046): batch: handle:0, flag:0,samplingPeriodNs:20000000 maxBatchReportLatencyNs:0
07-13 10:22:59.849 D/BoundBrokerSvc( 8414): onUnbind: Intent { act=com.google.android.gms.checkin.START pkg=com.google.android.gms }
07-13 10:22:59.849 D/BoundBrokerSvc(10100): onUnbind: Intent { act=com.google.android.gms.libs.gmscorelogger.service.START dat=chimera-action:/... cmp=com.google.android.gms/.chimera.PersistentDirectBootAwareApiService }
07-13 10:22:59.850 W/ActivityManager( 1813): Scheduling restart of crashed service com.google.android.gms/.droidguard.DroidGuardService in 1000ms for connection
07-13 10:22:59.851 I/BugleSimStateTracker(15703): Looking up Fi through package names.
07-13 10:22:59.851 W/MiPicks-ProcessObserverV10(21977): onProcessDied:pid = 15769,died-uid=10157
07-13 10:22:59.852 I/libprocessgroup( 1813): Successfully killed process cgroup uid 10157 pid 15769 in 0ms
07-13 10:22:59.853 I/mtkpower_client( 1813): [Legacy][PowerHal_Wrap_notifyAppState] com.google.android.gms/com.google.android.gms pid=15769 state:3
07-13 10:22:59.855 I/IPCThreadState( 4459): oneway function results for code 3 on binder at 0xb400007cb4ffdc20 will be dropped but finished with status UNKNOWN_TRANSACTION
07-13 10:22:59.856 D/C2MtkBufferManager( 1041): over 5000ms not request from VCodec but callback hooked, slow BM Cc fetch thread
07-13 10:22:59.857 D/nativeloader(15847): Load /data/data/com.whatsapp.w4b/files/decompressed/libs.spo/libessential.so using class loader ns clns-5 (caller=/data/app/~~HtXuCatbu9Ju0hzw9If0MQ==/com.whatsapp.w4b-1-xurdMqiNsIXaCL8J90cg==/base.apk): ok
07-13 10:22:59.857 I/essential-jni(15847): JNI_OnLoad start
07-13 10:22:59.857 I/essential-jni(15847): fbjni lambda running
07-13 10:22:59.857 I/libPowerHal( 1059): [perfNotifyAppState] pack:com.google.android.gms, act:com.google.android.gms, state:3, pid:15769, uid:10157, fps:-1
07-13 10:22:59.857 I/libPowerHal( 1059): [perfNotifyAppState] pack:com.google.android.gms, pid:15769, STATE_DEAD
07-13 10:22:59.857 D/RilUtility( 1059): notify_rild_crash_pid_set certPid:-1, crash:15769, scn:0x0
07-13 10:22:59.857 I/essential-jni(15847): JNI_OnLoad lambda complete
07-13 10:22:59.858 I/Zygote  ( 1023): Process 15769 exited due to signal 9 (Killed)
07-13 10:22:59.866 D/SoScUtils( 2459): monitorTransitionFinished transition:android.os.BinderProxy@ed1654a transaction: android.view.SurfaceControl$Transaction@6d68795 mRequestCloseTransition:null mRequestOpenTransition:null mStartTransition:null mRequestOpenTriggerTask:-1 mRequestCloseTriggerTask:-1 mOrientationTransition: null mMainStartingTask:-1 mSideStartingTask:-1
07-13 10:22:59.867 I/Magnetic( 1046): enable: handle:1, en:0 
07-13 10:22:59.870 D/MI-SF   ( 1133): updateScene: module = 268 (Unknown), value = 0, pkg = perf_interaction
07-13 10:22:59.871 I/DisplayModeDirectorImpl( 1813): onDesiredDisplayModeSpecsChanged:baseModeId=2 allowGroupSwitching=false primary=physical: (0.0 Infinity) render:  (0.0 60.0) appRequest=physical: (0.0 Infinity) render:  (0.0 60.0) noVotes=false
07-13 10:22:59.872 D/Qst     ( 1046): Qst_enableLib 0 0x80
07-13 10:22:59.872 D/Qst     ( 1046): QstAlgolib vision:QST-V2.7-06
07-13 10:22:59.877 D/C2MtkBufferManager( 1041): over 5000ms not request from VCodec but callback hooked, slow BM Cc fetch thread
07-13 10:22:59.879 W/WindowManager( 1813): Exception thrown during dispatchAppVisibility Window{aa9bc0e u0 com.skillsroom.mobile/com.skillsroom.mobile.MainActivity EXITING}
07-13 10:22:59.879 W/WindowManager( 1813): android.os.DeadObjectException
07-13 10:22:59.879 W/WindowManager( 1813): 	at android.os.BinderProxy.transactNative(Native Method)
07-13 10:22:59.879 W/WindowManager( 1813): 	at android.os.BinderProxy.transact(BinderProxy.java:639)
07-13 10:22:59.879 W/WindowManager( 1813): 	at android.view.IWindow$Stub$Proxy.dispatchAppVisibility(IWindow.java:675)
07-13 10:22:59.879 W/WindowManager( 1813): 	at com.android.server.wm.WindowState.sendAppVisibilityToClients(WindowState.java:3502)
07-13 10:22:59.879 W/WindowManager( 1813): 	at com.android.server.wm.WindowContainer.sendAppVisibilityToClients(WindowContainer.java:1302)
07-13 10:22:59.879 W/WindowManager( 1813): 	at com.android.server.wm.WindowToken.setClientVisible(WindowToken.java:420)
07-13 10:22:59.879 W/WindowManager( 1813): 	at com.android.server.wm.ActivityRecord.setClientVisible(ActivityRecord.java:7995)
07-13 10:22:59.879 W/WindowManager( 1813): 	at com.android.server.wm.ActivityRecord.postApplyAnimation(ActivityRecord.java:6566)
07-13 10:22:59.879 W/WindowManager( 1813): 	at com.android.server.wm.ActivityRecord.commitVisibility(ActivityRecord.java:6508)
07-13 10:22:59.879 W/WindowManager( 1813): 	at com.android.server.wm.Transition.finishTransition(Transition.java:1340)
07-13 10:22:59.879 W/WindowManager( 1813): 	at com.android.server.wm.TransitionController.finishTransition(TransitionController.java:991)
07-13 10:22:59.879 W/WindowManager( 1813): 	at com.android.server.wm.WindowOrganizerController.finishTransition(WindowOrganizerController.java:442)
07-13 10:22:59.879 W/WindowManager( 1813): 	at android.window.IWindowOrganizerController$Stub.onTransact(IWindowOrganizerController.java:304)
07-13 10:22:59.879 W/WindowManager( 1813): 	at com.android.server.wm.WindowOrganizerController.onTransact(WindowOrganizerController.java:207)
07-13 10:22:59.879 W/WindowManager( 1813): 	at android.os.Binder.execTransactInternal(Binder.java:1351)
07-13 10:22:59.879 W/WindowManager( 1813): 	at android.os.Binder.execTransact(Binder.java:1282)
07-13 10:22:59.879 W/Process ( 1813): Unable to open /proc/14970/status
07-13 10:22:59.879 W/WindowManager( 1813): The process may be dead, tid:14970,tgid:-1
07-13 10:22:59.883 E/BlockableFutures(15703): Cannot block on non-blocking thread
07-13 10:22:59.883 E/BlockableFutures(15703): java.lang.IllegalStateException: Cannot block on non-blocking thread: BG Thread #2
07-13 10:22:59.883 E/BlockableFutures(15703): 	at emaj.d(PG:109)
07-13 10:22:59.883 E/BlockableFutures(15703): 	at emaj.a(PG:1)
07-13 10:22:59.883 E/BlockableFutures(15703): 	at cnkz.call(PG:2946)
07-13 10:22:59.883 E/BlockableFutures(15703): 	at android.content.ContentProvider.call(ContentProvider.java:2700)
07-13 10:22:59.883 E/BlockableFutures(15703): 	at adf$$ExternalSyntheticApiModelOutline0.m(D8$$SyntheticClass:37)
07-13 10:22:59.883 E/BlockableFutures(15703): 	at cnjl.call(PG:14)
07-13 10:22:59.883 E/BlockableFutures(15703): 	at android.content.ContentProvider$Transport.call(ContentProvider.java:634)
07-13 10:22:59.883 E/BlockableFutures(15703): 	at android.content.ContentResolver.call(ContentResolver.java:2466)
07-13 10:22:59.883 E/BlockableFutures(15703): 	at android.content.ContentResolver.call(ContentResolver.java:2446)
07-13 10:22:59.883 E/BlockableFutures(15703): 	at ecnd.f(PG:53)
07-13 10:22:59.883 E/BlockableFutures(15703): 	at ecnd.d(PG:7)
07-13 10:22:59.883 E/BlockableFutures(15703): 	at ecmg.a(PG:3)
07-13 10:22:59.883 E/BlockableFutures(15703): 	at ecmc.a(PG:3)
