07-13 08:57:56.207 D/MAGT_SYNC_FRAME(19236): MAGT Sync: MAGT is not supported. Disabling Sync.
07-13 08:57:56.207 D/hw-ProcessState(19236): Binder ioctl to enable oneway spam detection failed: Invalid argument
07-13 08:57:56.210 I/stagram.android(17084): CollectorTransition concurrent copying GC freed 22MB AllocSpace bytes, 0(0B) LOS objects, 59% free, 16MB/40MB, paused 323us,156us total 264.736ms
07-13 08:57:56.213 W/libc    (19236): Access denied finding property "ro.vendor.display.iris_x7.support"
07-13 08:57:56.220 D/C2MtkBufferManager( 1041): over 5000ms not request from VCodec but callback hooked, slow BM Cc fetch thread
07-13 08:57:56.241 D/C2MtkBufferManager( 1041): over 5000ms not request from VCodec but callback hooked, slow BM Cc fetch thread
07-13 08:57:56.261 D/C2MtkBufferManager( 1041): over 5000ms not request from VCodec but callback hooked, slow BM Cc fetch thread
07-13 08:57:56.282 D/C2MtkBufferManager( 1041): over 5000ms not request from VCodec but callback hooked, slow BM Cc fetch thread
07-13 08:57:56.302 D/C2MtkBufferManager( 1041): over 5000ms not request from VCodec but callback hooked, slow BM Cc fetch thread
07-13 08:57:56.307 W/Settings( 2457): Setting airplane_mode_on has moved from android.provider.Settings.System to android.provider.Settings.Global, returning read-only value.
07-13 08:57:56.311 D/MobileStatusTracker(1)( 2459): onSignalStrengthsChanged signalStrength=SignalStrength:{mCdma=CellSignalStrengthCdma: cdmaDbm=2147483647 cdmaEcio=2147483647 evdoDbm=2147483647 evdoEcio=2147483647 evdoSnr=2147483647 miuiLevel=0 mOptimizedLevel=0 level=0,mGsm=CellSignalStrengthGsm: rssi=2147483647 ber=2147483647 mTa=2147483647 miuiLevel=0 isNtnMode=false mLevel=0,mWcdma=CellSignalStrengthWcdma: ss=2147483647 ber=2147483647 rscp=2147483647 ecno=2147483647 miuiLevel=0 mOptimizedLevel=0 level=0,mTdscdma=CellSignalStrengthTdscdma: rssi=2147483647 ber=2147483647 rscp=2147483647 miuiLevel=0 mOptimizedLevel=0 level=0,mLte=CellSignalStrengthLte: rssi=-93 rsrp=-104 rsrq=-13 rssnr=11 cqiTableIndex=2147483647 cqi=0 ta=0 miuiLevel=4 mOptimizedLevel=0 level=3 parametersUseForLevel=0,mNr=CellSignalStrengthNr:{ csiRsrp = 2147483647 csiRsrq = 2147483647 csiCqiTableIndex = 2147483647 csiCqiReport = [] ssRsrp = 2147483647 ssRsrq = 2147483647 ssSinr = 2147483647 miuiLevel = 0 mOptimizedLevel = 0 level = 0 parametersUseForLevel = 0 timingAdvance = 2147483647 },primary=CellSignalStrengthLte,mNrAsPrimaryInNrNsa=false}
07-13 08:57:56.311 D/NetworkController.MobileSignalController(1)( 2459): update5GConnectState: false
07-13 08:57:56.312 D/NetworkController.MobileSignalController(1)( 2459): ss use aosp level not 0, 4
07-13 08:57:56.323 D/C2MtkBufferManager( 1041): over 5000ms not request from VCodec but callback hooked, slow BM Cc fetch thread
07-13 08:57:56.343 D/C2MtkBufferManager( 1041): over 5000ms not request from VCodec but callback hooked, slow BM Cc fetch thread
07-13 08:57:56.363 D/C2MtkBufferManager( 1041): over 5000ms not request from VCodec but callback hooked, slow BM Cc fetch thread
07-13 08:57:56.384 D/C2MtkBufferManager( 1041): over 5000ms not request from VCodec but callback hooked, slow BM Cc fetch thread
07-13 08:57:56.404 D/C2MtkBufferManager( 1041): over 5000ms not request from VCodec but callback hooked, slow BM Cc fetch thread
07-13 08:57:56.417 E/LB      (19236): fail to open file: No such file or directory
07-13 08:57:56.418 E/LB      (19236): fail to open node: No such file or directory
07-13 08:57:56.418 W/libc    (19236): Access denied finding property "ro.vendor.display.iris_x7.support"
07-13 08:57:56.419 D/BLASTBufferQueue(19236): [VRI[MainActivity]#0](f:0,a:1) acquireNextBufferLocked size=720x1600 mFrameNumber=1 applyTransaction=true mTimestamp=621979799886918(auto) mPendingTransactions.size=0 graphicBufferId=82617990905858 transform=0
07-13 08:57:56.419 I/thermal_repeater( 1331): [recvMdThermalInfo] ret=24, strLen=127,  3, 44, 2, 196, 32767, 0
07-13 08:57:56.421 E/surfaceflinger( 1133): == MALI DEBUG ===eglp_winsys_populate_image_templates ==12288
07-13 08:57:56.421 D/VRI[MainActivity](19236): vri.reportDrawFinished
07-13 08:57:56.422 W/WindowManager( 1813): finishDrawingWindow: Window{9fad46e u0 com.skillsroom.mobile/com.skillsroom.mobile.MainActivity} mDrawState=DRAW_PENDING
07-13 08:57:56.422 D/WindowManager( 1813): wms.finishDrawingLocked: mDrawState=COMMIT_DRAW_PENDING Window{9fad46e u0 com.skillsroom.mobile/com.skillsroom.mobile.MainActivity} in Surface(name=com.skillsroom.mobile/com.skillsroom.mobile.MainActivity#77915)/@0x354e05d
07-13 08:57:56.422 W/Looper  (19236): PerfMonitor doFrame : time=314ms vsyncFrame=0 latency=1207ms procState=-1 historyMsgCount=5 (msgIndex=1 wall=1820ms seq=3 late=3ms h=android.app.ActivityThread$H w=110) (msgIndex=2 wall=507ms seq=4 late=1735ms h=android.app.ActivityThread$H w=159)
07-13 08:57:56.423 D/ActivityManager( 1813): getProcessesInErrorState callingUid=10283, CallingPid=7279
07-13 08:57:56.424 D/TaskSnapshot_Helper( 1813): shouldDelay()... Not launched by home, no delay needed.
07-13 08:57:56.425 D/C2MtkBufferManager( 1041): over 5000ms not request from VCodec but callback hooked, slow BM Cc fetch thread
07-13 08:57:56.425 E/BufferQueueDebug( 1133): [Surface(name=9fad46e com.skillsroom.mobile/com.skillsroom.mobile.MainActivity#77914)/@0xc6e0dd2 - animation-leash of starting_reveal#77918](this:0xb40000785b408a30,id:-1,api:0,p:-1,c:-1) id info cannot be read from 'Surface(name=9fad46e com.skillsroom.mobile/com.skillsroom.mobile.MainActivity#77914)/@0xc6e0dd2 - animation-leash of starting_reveal#77918'
07-13 08:57:56.425 I/BufferQueueDebug( 1133): [Surface(name=9fad46e com.skillsroom.mobile/com.skillsroom.mobile.MainActivity#77914)/@0xc6e0dd2 - animation-leash of starting_reveal#77918](this:0xb40000785b408a30,id:-1,api:0,p:-1,c:-1) BufferQueue core=(1133:/system/bin/surfaceflinger)
07-13 08:57:56.429 W/WindowManager( 1813): real show surface com.skillsroom.mobile/com.skillsroom.mobile.MainActivity sc:Surface(name=com.skillsroom.mobile/com.skillsroom.mobile.MainActivity#77915)/@0x354e05d
07-13 08:57:56.436 I/ExtendedUtils( 1059): [timer_thread_start] epoll wait thread while start
07-13 08:57:56.437 I/ExtendedPerfBoost( 1059): [restore_callback_expires] thermalbreak callback
07-13 08:57:56.437 I/gralloc4( 1133): @set_metadata: update dataspace from GM (0x08010000 -> 0x00000000)
07-13 08:57:56.438 D/View    ( 2459): [Warning] assignParent to null: this = android.widget.FrameLayout{af6159d V.E...... ......I. 0,0-720,1600}
07-13 08:57:56.440 I/ExtendedPerfBoost( 1059): [triggerList_update] del one node to freelist
07-13 08:57:56.440 I/ExtendedPerfBoost( 1059): [triggerList_update] now trigger boost:0  info
07-13 08:57:56.440 I/ExtendedPerfBoost( 1059): [trig_thermalbreak] curr target time is same last target time
07-13 08:57:56.440 I/ExtendedPerfBoost( 1059): [setThermalBreak] [setThermalBreak] : boost:0
07-13 08:57:56.443 W/libprocessgroup( 1813): SetCgroup::ExecuteForProcess: failed to open /dev/blkio//cgroup.procs: No such file or directory
07-13 08:57:56.445 D/C2MtkBufferManager( 1041): over 5000ms not request from VCodec but callback hooked, slow BM Cc fetch thread
07-13 08:57:56.446 I/OpenGLRenderer(19236): Davey! duration=1518ms; Flags=1, FrameTimelineVsyncId=222559368, IntendedVsync=621978283958920, Vsync=621979483958944, InputEventId=0, HandleInputStart=621979491948764, AnimationStart=621979491963841, PerformTraversalsStart=621979492310379, DrawStart=621979572118379, FrameDeadline=621978300958920, FrameInterval=621979490825687, FrameStartTime=16666667, SyncQueued=621979580140148, SyncStart=621979580901764, IssueDrawCommandsStart=621979585751918, SwapBuffers=621979794085994, FrameCompleted=621979802948456, DequeueBufferDuration=141769, QueueBufferDuration=1224615, GpuCompleted=621979797237379, SwapBuffersCompleted=621979802948456, DisplayPresentTime=0, CommandSubmissionCompleted=621979794085994, 
07-13 08:57:56.453 W/WindowOnBackDispatcher( 2459): sendCancelIfRunning: isInProgress=falsecallback=android.view.ViewRootImpl$$ExternalSyntheticLambda23@26f9fb9
07-13 08:57:56.455 D/CoreBackPreview( 1813): Window{d2aef85 u0 Splash Screen com.skillsroom.mobile}: Setting back callback null
07-13 08:57:56.458 D/BLASTBufferQueue( 2459): [VRI[mobile]#2761](f:0,a:1) destructor()
07-13 08:57:56.458 I/BpBinder( 1133): onLastStrongRef automatically unlinking death recipients: 
07-13 08:57:56.459 D/CompatibilityChangeReporter(19236): Compat change id reported: 210923482; UID 10210; state: ENABLED
07-13 08:57:56.459 D/BufferQueueConsumer( 2459): [VRI[mobile]#2761(BLAST Consumer)2761](id:99b00000b26,api:0,p:-1,c:2459) disconnect
07-13 08:57:56.460 I/ActivityTaskManager( 1813): Displayed com.skillsroom.mobile/.MainActivity for user 0: +3s55ms
07-13 08:57:56.463 W/InputManager-JNI( 1813): Input channel object 'd2aef85 Splash Screen com.skillsroom.mobile (client)' was disposed without first being removed with the input manager!
07-13 08:57:56.465 D/C2MtkBufferManager( 1041): over 5000ms not request from VCodec but callback hooked, slow BM Cc fetch thread
07-13 08:57:56.467 E/BufferQueueDebug( 1133): [Surface(name=d2aef85 Splash Screen com.skillsroom.mobile#77902)/@0x654ebcc - animation-leash of window_animation#77919](this:0xb40000785b4faa30,id:-1,api:0,p:-1,c:-1) id info cannot be read from 'Surface(name=d2aef85 Splash Screen com.skillsroom.mobile#77902)/@0x654ebcc - animation-leash of window_animation#77919'
07-13 08:57:56.467 I/gralloc4( 2459): @set_metadata: update dataspace from GM (0x00000000 -> 0x08010000)
07-13 08:57:56.467 I/BufferQueueDebug( 1133): [Surface(name=d2aef85 Splash Screen com.skillsroom.mobile#77902)/@0x654ebcc - animation-leash of window_animation#77919](this:0xb40000785b4faa30,id:-1,api:0,p:-1,c:-1) BufferQueue core=(1133:/system/bin/surfaceflinger)
07-13 08:57:56.470 I/gralloc4( 1133): @set_metadata: update dataspace from GM (0x00000000 -> 0x08010000)
07-13 08:57:56.476 I/gralloc4( 2459): @set_metadata: update dataspace from GM (0x00000000 -> 0x08010000)
07-13 08:57:56.476 D/ActivityManager( 1813): getProcessesInErrorState callingUid=10288, CallingPid=19459
07-13 08:57:56.482 D/SurfaceFlinger( 1133): [SF client] NEW(0xb40000786c235980) for (19236:com.skillsroom.mobile)
07-13 08:57:56.484 I/PowerHalWrapper( 1813): amsBoostNotify pid:2470,activity:com.miui.home.launcher.Launcher, package:com.miui.home, mProcessCreatePackcom.skillsroom.mobile 
07-13 08:57:56.484 I/PowerHalWrapper( 1813): state: 0 
07-13 08:57:56.485 I/mtkpower_client( 1813): [Legacy][PowerHal_Wrap_notifyAppState] com.miui.home/com.miui.home.launcher.Launcher pid=2470 state:0
07-13 08:57:56.485 I/libPowerHal( 1059): [perfNotifyAppState] pack:com.miui.home, act:com.miui.home.launcher.Launcher, state:0, pid:2470, uid:10166, fps:-1
07-13 08:57:56.486 I/PowerHalWrapper( 1813): amsBoostNotify AMS_BOOST_PROCESS_CREATE_BOOST:true 
07-13 08:57:56.487 I/BufferQueueProducer( 1133): [NavigationBar0#77076](this:0xb4000078557c9a30,id:-1,api:0,p:-1,c:1133) queueBuffer: fps=4.42 dur=2488.24 max=2377.94 min=10.62
07-13 08:57:56.487 D/C2MtkBufferManager( 1041): over 5000ms not request from VCodec but callback hooked, slow BM Cc fetch thread
07-13 08:57:56.488 D/ActivityManager( 1813): getProcessesInErrorState callingUid=10279, CallingPid=443
07-13 08:57:56.491 W/libc    (19236): Access denied finding property "ro.vendor.display.iris_x7.support"
07-13 08:57:56.492 I/ForceDarkHelperStubImpl(19236): setViewRootImplForceDark: false for com.skillsroom.mobile.MainActivity@a2ad8d1, reason: DarkModeEnabled
07-13 08:57:56.492 D/VRI[PopupWindow:59433df](19236): hardware acceleration = true, forceHwAccelerated = false
07-13 08:57:56.493 I/GED     ( 2470): ged_boost_gpu_freq, level 100, eOrigin 2, final_idx 31, oppidx_max 31, oppidx_min 0
07-13 08:57:56.497 E/BufferQueueDebug( 1133): [d4af1b PopupWindow:59433df#77920](this:0xb40000785b420a30,id:-1,api:0,p:-1,c:-1) id info cannot be read from 'd4af1b PopupWindow:59433df#77920'
07-13 08:57:56.497 I/BufferQueueDebug( 1133): [d4af1b PopupWindow:59433df#77920](this:0xb40000785b420a30,id:-1,api:0,p:-1,c:-1) BufferQueue core=(1133:/system/bin/surfaceflinger)
07-13 08:57:56.500 D/Launcher.Lifecycle( 2470): onStop:UserHandle{0},63f4ca8,false
07-13 08:57:56.501 D/SoscSplitStateController( 2470): updateDividerFixedState: isFixed = false
07-13 08:57:56.501 I/gralloc4( 2459): @set_metadata: update dataspace from GM (0x00000000 -> 0x08010000)
07-13 08:57:56.501 D/Launcher_UnlockAnimationStateMachine( 2470): onStop = IDLE
07-13 08:57:56.504 D/LauncherAssistantCompatGoogle( 2470): onStop com.google.android.libraries.gsa.launcherclient.LauncherClient@80e5266
07-13 08:57:56.504 D/SoScSplitScreenController( 2459): updateDividerFixedState isFixed:false
07-13 08:57:56.508 D/connsyslogger( 1516): SD_LOG_ROOT is /data/debuglogger/connsyslog/fw.
07-13 08:57:56.508 D/connsyslogger( 1516): systemReady:1
07-13 08:57:56.508 D/C2MtkBufferManager( 1041): over 5000ms not request from VCodec but callback hooked, slow BM Cc fetch thread
07-13 08:57:56.508 I/gralloc4( 2459): @set_metadata: update dataspace from GM (0x00000000 -> 0x08010000)
07-13 08:57:56.512 I/gralloc4( 2459): @set_metadata: update dataspace from GM (0x00000000 -> 0x08010000)
07-13 08:57:56.521 I/gralloc4( 2459): @set_metadata: update dataspace from GM (0x00000000 -> 0x08010000)
07-13 08:57:56.524 D/CoreBackPreview( 1813): Window{d4af1b u0 PopupWindow:59433df}: Setting back callback OnBackInvokedCallbackInfo{mCallback=android.window.IOnBackInvokedCallback$Stub$Proxy@e2ac9f6, mPriority=0, mIsAnimationCallback=false}
07-13 08:57:56.526 I/gralloc4( 2459): @set_metadata: update dataspace from GM (0x00000000 -> 0x08010000)
07-13 08:57:56.528 D/C2MtkBufferManager( 1041): over 5000ms not request from VCodec but callback hooked, slow BM Cc fetch thread
07-13 08:57:56.531 I/MiuiNetworkPolicy( 1813): updateUidState uid = 10174, uidState = 5
07-13 08:57:56.532 I/gralloc4( 2459): @set_metadata: update dataspace from GM (0x00000000 -> 0x08010000)
07-13 08:57:56.533 D/LauncherOverlay( 3531): setActivityState:0
07-13 08:57:56.534 I/LauncherOverlayCallback( 3531): handleMessage WHAT_ACTIVITY_STATE_CHANGED what：0
07-13 08:57:56.535 D/LauncherOverlay.Window( 3531): onStop
07-13 08:57:56.536 I/LauncherOverlayCallback( 3531): handleMessage WHAT_LAUNCHER_STATE what：0
07-13 08:57:56.536 D/LauncherOverlay.Window( 3531): launcherState 0
07-13 08:57:56.536 D/LauncherOverlay.Window( 3531): resumedStateNow 0,resumedStateNew = 0
07-13 08:57:56.547 E/BufferQueueDebug( 1133): [PopupWindow:59433df#77921](this:0xb40000785b501a30,id:-1,api:0,p:-1,c:-1) id info cannot be read from 'PopupWindow:59433df#77921'
07-13 08:57:56.547 I/BufferQueueDebug( 1133): [PopupWindow:59433df#77921](this:0xb40000785b501a30,id:-1,api:0,p:-1,c:-1) BufferQueue core=(1133:/system/bin/surfaceflinger)
07-13 08:57:56.548 I/gralloc4( 2459): @set_metadata: update dataspace from GM (0x00000000 -> 0x08010000)
07-13 08:57:56.549 D/C2MtkBufferManager( 1041): over 5000ms not request from VCodec but callback hooked, slow BM Cc fetch thread
07-13 08:57:56.552 I/libPerfCtl( 1059): xgfGetFPS pid:2459 fps:49
07-13 08:57:56.552 I/libPerfCtl( 1059): xgfGetFPS pid:2470 fps:-1
07-13 08:57:56.552 I/libPerfCtl( 1059): xgfGetFPS pid:19219 fps:-1
07-13 08:57:56.552 I/libPerfCtl( 1059): xgfGetFPS pid:19236 fps:-1
07-13 08:57:56.553 I/gralloc4( 2459): @set_metadata: update dataspace from GM (0x00000000 -> 0x08010000)
07-13 08:57:56.561 D/BLASTBufferQueue( 2470): [VRI[Launcher]#1310](f:0,a:1) destructor()
07-13 08:57:56.561 D/BufferQueueConsumer(19236): [](id:4b2400000001,api:0,p:-1,c:19236) connect: controlledByApp=false
07-13 08:57:56.561 I/BpBinder( 1133): onLastStrongRef automatically unlinking death recipients: 
07-13 08:57:56.561 D/BufferQueueConsumer( 2470): [VRI[Launcher]#1310(BLAST Consumer)1310](id:9a60000051f,api:0,p:-1,c:2470) disconnect
07-13 08:57:56.562 I/GED     ( 2470): ged_boost_gpu_freq, level 100, eOrigin 2, final_idx 31, oppidx_max 31, oppidx_min 0
07-13 08:57:56.562 I/gralloc4( 2459): @set_metadata: update dataspace from GM (0x00000000 -> 0x08010000)
07-13 08:57:56.564 I/ForceDarkHelperStubImpl(19236): setViewRootImplForceDark: false for com.skillsroom.mobile.MainActivity@a2ad8d1, reason: DarkModeEnabled
07-13 08:57:56.567 E/OpenGLRenderer(19236): Unable to match the desired swap behavior.
07-13 08:57:56.568 I/gralloc4( 2459): @set_metadata: update dataspace from GM (0x00000000 -> 0x08010000)
07-13 08:57:56.569 D/C2MtkBufferManager( 1041): over 5000ms not request from VCodec but callback hooked, slow BM Cc fetch thread
07-13 08:57:56.574 D/VRI[PopupWindow:59433df](19236): vri.reportNextDraw android.view.ViewRootImpl.performTraversals:4402 android.view.ViewRootImpl.doTraversal:3018 android.view.ViewRootImpl$TraversalRunnable.run:10526 android.view.Choreographer$CallbackRecord.run:1682 android.view.Choreographer$CallbackRecord.run:1691 
07-13 08:57:56.575 D/VRI[PopupWindow:59433df](19236): vri.Setup new sync=wmsSync-VRI[PopupWindow:59433df]#2
07-13 08:57:56.579 I/gralloc4( 2459): @set_metadata: update dataspace from GM (0x00000000 -> 0x08010000)
07-13 08:57:56.585 I/gralloc4( 2459): @set_metadata: update dataspace from GM (0x00000000 -> 0x08010000)
07-13 08:57:56.587 D/Aurogon ( 1813):  uid = 10166 switch to BG
07-13 08:57:56.587 W/MiPicks-ProcessObserverV10(21977): onForegroundActivitiesChanged:pid = 2470,activity-uid=10166,foregroundActivities=false
07-13 08:57:56.588 D/PMonitor( 4459):  onForegroundActivitiesChanged:pid = 2470,activity-uid=10166,foregroundActivities=false
07-13 08:57:56.588 D/isUidValid( 1813): uid = 10166
07-13 08:57:56.589 W/libc    (19219): Access denied finding property "ro.vendor.display.iris_x7.support"
07-13 08:57:56.589 D/C2MtkBufferManager( 1041): over 5000ms not request from VCodec but callback hooked, slow BM Cc fetch thread
07-13 08:57:56.592 I/MiuiNetworkPolicy( 1813): updateUidState uid = 99051, uidState = 4
07-13 08:57:56.592 I/MiuiNetworkPolicy( 1813): updateUidState uid = 10240, uidState = 4
07-13 08:57:56.592 I/MiuiNetworkPolicy( 1813): updateUidState uid = 10213, uidState = 5
07-13 08:57:56.592 I/MiuiNetworkPolicy( 1813): updateUidState uid = 10175, uidState = 4
07-13 08:57:56.592 I/MiuiNetworkPolicy( 1813): updateUidState uid = 10166, uidState = 5
07-13 08:57:56.592 I/MiuiNetworkPolicy( 1813): updateUidState uid = 10161, uidState = 5
07-13 08:57:56.592 I/MiuiNetworkPolicy( 1813): updateUidState uid = 10157, uidState = 4
07-13 08:57:56.597 I/gralloc4( 2459): @set_metadata: update dataspace from GM (0x00000000 -> 0x08010000)
07-13 08:57:56.601 D/ULogGuard( 1314): Monitoring: 16 threads, 0 requests, 0 time-bombs; 2 guards. ResetFlags = 0x7
07-13 08:57:56.602 D/OpenGLRenderer(19236): makeCurrent grContext:0xb400007d17143640 reset mTextureAvailable
07-13 08:57:56.603 I/BufferQueueDebug( 1133): [com.miui.home/com.miui.home.launcher.Launcher#77904](this:0xb400007855af6a30,id:-1,api:0,p:-1,c:1133) onDestructor()
07-13 08:57:56.603 I/gralloc4( 2459): @set_metadata: update dataspace from GM (0x00000000 -> 0x08010000)
07-13 08:57:56.607 I/GED     (19219): ged_boost_gpu_freq, level 100, eOrigin 2, final_idx 31, oppidx_max 31, oppidx_min 0
07-13 08:57:56.610 D/C2MtkBufferManager( 1041): over 5000ms not request from VCodec but callback hooked, slow BM Cc fetch thread
07-13 08:57:56.612 I/gralloc4( 2459): @set_metadata: update dataspace from GM (0x00000000 -> 0x08010000)
07-13 08:57:56.614 D/CompatibilityChangeReporter( 1813): Compat change id reported: 271850009; UID 10253; state: DISABLED
07-13 08:57:56.623 I/gralloc4( 2459): @set_metadata: update dataspace from GM (0x00000000 -> 0x08010000)
07-13 08:57:56.625 D/BLASTBufferQueue(19219): [VRI[GoogleDiscoverWindow]#0](f:0,a:1) destructor()
07-13 08:57:56.625 I/BpBinder( 1133): onLastStrongRef automatically unlinking death recipients: 
07-13 08:57:56.626 D/CompatibilityChangeReporter( 1813): Compat change id reported: 135634846; UID 10253; state: DISABLED
07-13 08:57:56.626 D/BufferQueueConsumer(19219): [VRI[GoogleDiscoverWindow]#0(BLAST Consumer)0](id:4b1300000000,api:0,p:-1,c:19219) disconnect
07-13 08:57:56.626 D/CompatibilityChangeReporter( 1813): Compat change id reported: 177438394; UID 10253; state: DISABLED
07-13 08:57:56.626 D/CompatibilityChangeReporter( 1813): Compat change id reported: 135772972; UID 10253; state: DISABLED
07-13 08:57:56.627 D/CompatibilityChangeReporter( 1813): Compat change id reported: 135754954; UID 10253; state: ENABLED
07-13 08:57:56.627 D/CompatibilityChangeReporter( 1813): Compat change id reported: 143937733; UID 10253; state: ENABLED
07-13 08:57:56.630 D/C2MtkBufferManager( 1041): over 5000ms not request from VCodec but callback hooked, slow BM Cc fetch thread
07-13 08:57:56.638 D/Zygote  ( 1023): Forked child process 19404
07-13 08:57:56.640 I/gralloc4( 2459): @set_metadata: update dataspace from GM (0x00000000 -> 0x08010000)
07-13 08:57:56.642 I/ActivityManager( 1813): Start proc 19404:com.miui.weather2/u0a253 for service {com.miui.weather2/com.miui.weather2.service.job.ScheduleCheckService} caller=android
07-13 08:57:56.643 D/WindowManager( 1813): setParent old=ActivityRecord{39213cd u0 com.skillsroom.mobile/.MainActivity t5358},new=null,this window=Window{d2aef85 u0 Splash Screen com.skillsroom.mobile},callers=com.android.server.wm.WindowContainer.removeChild:831 com.android.server.wm.ActivityRecord.removeChild:5163 com.android.server.wm.ActivityRecord.removeChild:458 com.android.server.wm.WindowContainer.removeImmediately:889 com.android.server.wm.WindowState.removeImmediately:2490 com.android.server.wm.WindowState.destroySurface:3581 
07-13 08:57:56.651 D/C2MtkBufferManager( 1041): over 5000ms not request from VCodec but callback hooked, slow BM Cc fetch thread
07-13 08:57:56.659 E/Zygote  (19404): process_name_ptr:19404 com.miui.weather2
07-13 08:57:56.670 I/BufferQueueDebug( 1133): [d2aef85 Splash Screen com.skillsroom.mobile#77902](this:0xb400007855a6ba30,id:-1,api:0,p:-1,c:1133) onDestructor()
07-13 08:57:56.670 I/BufferQueueDebug( 1133): [Surface(name=d2aef85 Splash Screen com.skillsroom.mobile#77902)/@0x654ebcc - animation-leash of window_animation#77919](this:0xb40000785b4faa30,id:-1,api:0,p:-1,c:1133) onDestructor()
07-13 08:57:56.671 D/C2MtkBufferManager( 1041): over 5000ms not request from VCodec but callback hooked, slow BM Cc fetch thread
07-13 08:57:56.678 I/m.miui.weather2(19404): Using generational CollectorTypeCC GC.
07-13 08:57:56.690 D/nativeloader(19404): Load libframework-connectivity-tiramisu-jni.so using APEX ns com_android_tethering for caller /apex/com.android.tethering/javalib/framework-connectivity-t.jar: ok
07-13 08:57:56.692 D/C2MtkBufferManager( 1041): over 5000ms not request from VCodec but callback hooked, slow BM Cc fetch thread
07-13 08:57:56.698 I/MessageMonitor(19404): Load libmiui_runtime
07-13 08:57:56.705 D/SymlinkUtils( 1813): attachApplication file op go pass: 0 ms
07-13 08:57:56.705 I/SmartPower: com.miui.weather2/10253(19404)( 1813): died->background(3332627ms) R(process start ) adj=-10000.
07-13 08:57:56.708 D/CompatibilityChangeReporter( 1813): Compat change id reported: 168419799; UID 10253; state: DISABLED
07-13 08:57:56.709 D/CompatibilityChangeReporter( 1813): Compat change id reported: 273564678; UID 10253; state: DISABLED
07-13 08:57:56.712 D/CompatibilityChangeReporter( 1813): Compat change id reported: 265195908; UID 10253; state: ENABLED
07-13 08:57:56.712 D/C2MtkBufferManager( 1041): over 5000ms not request from VCodec but callback hooked, slow BM Cc fetch thread
07-13 08:57:56.714 I/MiuiNetworkPolicy( 1813): updateUidState uid = 10253, uidState = 8
07-13 08:57:56.715 D/CompatibilityChangeReporter(19404): Compat change id reported: 171979766; UID 10253; state: ENABLED
07-13 08:57:56.715 D/CompatibilityChangeReporter(19404): Compat change id reported: 242716250; UID 10253; state: DISABLED
07-13 08:57:56.723 D/CompatibilityChangeReporter( 1813): Compat change id reported: 170503758; UID 10253; state: ENABLED
07-13 08:57:56.733 D/C2MtkBufferManager( 1041): over 5000ms not request from VCodec but callback hooked, slow BM Cc fetch thread
07-13 08:57:56.750 D/nativeloader(19404): Configuring clns-4 for other apk /system_ext/app/miuisystem/miuisystem.apk. target_sdk_version=33, uses_libraries=ALL, library_path=/data/app/MIUIWeatherGlobal/lib/arm64:/data/app/MIUIWeatherGlobal/base.apk!/lib/arm64-v8a:/system_ext/app/miuisystem/miuisystem.apk!/lib/arm64-v8a, permitted_path=/data:/mnt/expand:/data/user/0/com.miui.weather2
07-13 08:57:56.750 D/nativeloader(19404): Extending system_exposed_libraries: libapuwareapusys.mtk.so:libapuwareapusys_v2.mtk.so:libapuwarexrp.mtk.so:libapuwarexrp_v2.mtk.so:libapuwareutils.mtk.so:libapuwareutils_v2.mtk.so:libapuwarehmp.mtk.so:libmcv_runtime_usdk.mtk.so:libneuron_graph_delegate.mtk.so:libneuronusdk_adapter.mtk.so:libtflite_mtk.mtk.so:libarmnn_ndk.mtk.so:libcmdl_ndk.mtk.so:libnir_neon_driver_ndk.mtk.so:libmvpu_runtime.mtk.so:libmvpu_runtime_pub.mtk.so:libmvpu_engine_pub.mtk.so:libmvpu_pattern_pub.mtk.so:libmvpuop_mtk_cv.mtk.so:libmvpuop_mtk_nn.mtk.so:libmvpu_runtime_25.mtk.so:libmvpu_runtime_25_pub.mtk.so:libmvpu_engine_25_pub.mtk.so:libmvpu_pattern_25_pub.mtk.so:libmvpuop25_mtk_cv.mtk.so:libmvpuop25_mtk_nn.mtk.so:libmvpu_config.mtk.so:libteeservice_client.trustonic.so:libmisys_jni.xiaomi.so
07-13 08:57:56.753 D/C2MtkBufferManager( 1041): over 5000ms not request from VCodec but callback hooked, slow BM Cc fetch thread
07-13 08:57:56.773 D/C2MtkBufferManager( 1041): over 5000ms not request from VCodec but callback hooked, slow BM Cc fetch thread
07-13 08:57:56.776 D/nativeloader(19404): Configuring clns-5 for other apk /data/app/MIUIWeatherGlobal/base.apk. target_sdk_version=33, uses_libraries=, library_path=/data/app/MIUIWeatherGlobal/lib/arm64:/data/app/MIUIWeatherGlobal/base.apk!/lib/arm64-v8a:/system_ext/app/miuisystem/miuisystem.apk!/lib/arm64-v8a, permitted_path=/data:/mnt/expand:/data/user/0/com.miui.weather2
07-13 08:57:56.794 D/C2MtkBufferManager( 1041): over 5000ms not request from VCodec but callback hooked, slow BM Cc fetch thread
07-13 08:57:56.814 D/C2MtkBufferManager( 1041): over 5000ms not request from VCodec but callback hooked, slow BM Cc fetch thread
07-13 08:57:56.832 D/BLASTBufferQueue(19236): [VRI[PopupWindow:59433df]#1](f:0,a:1) acquireNextBufferLocked size=720x50 mFrameNumber=1 applyTransaction=true mTimestamp=621980213694918(auto) mPendingTransactions.size=0 graphicBufferId=82617990905865 transform=0
07-13 08:57:56.833 E/surfaceflinger( 1133): == MALI DEBUG ===eglp_winsys_populate_image_templates ==12288
07-13 08:57:56.834 D/VRI[PopupWindow:59433df](19236): vri.reportDrawFinished
07-13 08:57:56.835 D/C2MtkBufferManager( 1041): over 5000ms not request from VCodec but callback hooked, slow BM Cc fetch thread
07-13 08:57:56.835 W/Looper  (19236): PerfMonitor doFrame : time=318ms vsyncFrame=0 latency=349ms procState=-1 historyMsgCount=7 (msgIndex=1 wall=314ms seq=8 late=1207ms h=android.view.Choreographer$FrameHandler c=android.view.Choreographer$FrameDisplayEventReceiver) (msgIndex=3 wall=82ms seq=10 late=402ms h=android.os.Handler c=com.facebook.react.devsupport.DefaultDevLoadingViewImplementation$$ExternalSyntheticLambda0)
07-13 08:57:56.836 I/gralloc4( 1133): @set_metadata: update dataspace from GM (0x08010000 -> 0x00000000)
07-13 08:57:56.836 W/WindowManager( 1813): finishDrawingWindow: Window{d4af1b u0 PopupWindow:59433df} mDrawState=DRAW_PENDING
07-13 08:57:56.836 D/WindowManager( 1813): wms.finishDrawingLocked: mDrawState=COMMIT_DRAW_PENDING Window{d4af1b u0 PopupWindow:59433df} in Surface(name=PopupWindow:59433df#77921)/@0x749ffe8
07-13 08:57:56.836 I/MiuiNetworkPolicy( 1813): updateUidState uid = 10078, uidState = 19
07-13 08:57:56.838 D/nativeloader(19404): Load libframework-connectivity-jni.so using APEX ns com_android_tethering for caller /apex/com.android.tethering/javalib/framework-connectivity.jar: ok
07-13 08:57:56.841 W/WindowManager( 1813): real show surface PopupWindow:59433df sc:Surface(name=PopupWindow:59433df#77921)/@0x749ffe8
07-13 08:57:56.844 V/GraphicsEnvironment(19404): Currently set values for:
07-13 08:57:56.844 V/GraphicsEnvironment(19404):   angle_gl_driver_selection_pkgs=[]
07-13 08:57:56.844 V/GraphicsEnvironment(19404):   angle_gl_driver_selection_values=[]
07-13 08:57:56.845 V/GraphicsEnvironment(19404): ANGLE GameManagerService for com.miui.weather2: false
07-13 08:57:56.845 V/GraphicsEnvironment(19404): com.miui.weather2 is not listed in per-application setting
07-13 08:57:56.845 V/GraphicsEnvironment(19404): Neither updatable production driver nor prerelease driver is supported.
07-13 08:57:56.846 W/unknown:BridgelessReact(19236): ReactHost{0}.raiseSoftException(onWindowFocusChange(hasFocus = "true")): Tried to access onWindowFocusChange while context is not ready
07-13 08:57:56.850 I/ForceDarkHelperStubImpl(19404): initialize for com.miui.weather2 , ForceDarkOrigin
07-13 08:57:56.853 I/gralloc4( 1133): @set_metadata: update dataspace from GM (0x00000000 -> 0x08010000)
07-13 08:57:56.854 D/nativeloader(19404): Load libforcedarkimpl.so using system ns (caller=/system_ext/framework/miui-framework.jar): ok
07-13 08:57:56.854 D/OpenGLRenderer(19404): JNI_OnLoad success
07-13 08:57:56.855 I/MiuiForceDarkConfig(19404): setConfig density:2.000000, mainRule:0, secondaryRule:0, tertiaryRule:0
07-13 08:57:56.855 D/C2MtkBufferManager( 1041): over 5000ms not request from VCodec but callback hooked, slow BM Cc fetch thread
07-13 08:57:56.859 E/unknown:ReactHost(19236): Unhandled SoftException
07-13 08:57:56.859 E/unknown:ReactHost(19236): com.facebook.react.bridge.ReactNoCrashSoftException: raiseSoftException(onWindowFocusChange(hasFocus = "true")): Tried to access onWindowFocusChange while context is not ready
07-13 08:57:56.859 E/unknown:ReactHost(19236): 	at com.facebook.react.runtime.ReactHostImpl.raiseSoftException(ReactHostImpl.kt:861)
07-13 08:57:56.859 E/unknown:ReactHost(19236): 	at com.facebook.react.runtime.ReactHostImpl.raiseSoftException$default(ReactHostImpl.kt:852)
07-13 08:57:56.859 E/unknown:ReactHost(19236): 	at com.facebook.react.runtime.ReactHostImpl.onWindowFocusChange(ReactHostImpl.kt:625)
07-13 08:57:56.859 E/unknown:ReactHost(19236): 	at com.facebook.react.ReactDelegate.onWindowFocusChanged(ReactDelegate.kt:232)
07-13 08:57:56.859 E/unknown:ReactHost(19236): 	at com.facebook.react.ReactActivityDelegate.onWindowFocusChanged(ReactActivityDelegate.java:237)
07-13 08:57:56.859 E/unknown:ReactHost(19236): 	at expo.modules.ReactActivityDelegateWrapper$onWindowFocusChanged$1.invokeSuspend(ReactActivityDelegateWrapper.kt:320)
07-13 08:57:56.859 E/unknown:ReactHost(19236): 	at expo.modules.ReactActivityDelegateWrapper$onWindowFocusChanged$1.invoke(ReactActivityDelegateWrapper.kt:8)
07-13 08:57:56.859 E/unknown:ReactHost(19236): 	at expo.modules.ReactActivityDelegateWrapper$onWindowFocusChanged$1.invoke(ReactActivityDelegateWrapper.kt:4)
07-13 08:57:56.859 E/unknown:ReactHost(19236): 	at expo.modules.ReactActivityDelegateWrapper$launchLifecycleScopeWithLock$1.invokeSuspend(ReactActivityDelegateWrapper.kt:452)
07-13 08:57:56.859 E/unknown:ReactHost(19236): 	at kotlin.coroutines.jvm.internal.BaseContinuationImpl.resumeWith(ContinuationImpl.kt:33)
07-13 08:57:56.859 E/unknown:ReactHost(19236): 	at kotlinx.coroutines.internal.DispatchedContinuationKt.resumeCancellableWith(DispatchedContinuation.kt:375)
07-13 08:57:56.859 E/unknown:ReactHost(19236): 	at kotlinx.coroutines.intrinsics.CancellableKt.startCoroutineCancellable(Cancellable.kt:26)
07-13 08:57:56.859 E/unknown:ReactHost(19236): 	at kotlinx.coroutines.CoroutineStart.invoke(CoroutineStart.kt:358)
07-13 08:57:56.859 E/unknown:ReactHost(19236): 	at kotlinx.coroutines.AbstractCoroutine.start(AbstractCoroutine.kt:134)
07-13 08:57:56.859 E/unknown:ReactHost(19236): 	at kotlinx.coroutines.BuildersKt__Builders_commonKt.launch(Builders.common.kt:53)
07-13 08:57:56.859 E/unknown:ReactHost(19236): 	at kotlinx.coroutines.BuildersKt.launch(dex-id-bafbe0e0fb3f4ba855ef5c3c27c4d19abb1209c8:1)
07-13 08:57:56.859 E/unknown:ReactHost(19236): 	at kotlinx.coroutines.BuildersKt__Builders_commonKt.launch$default(Builders.common.kt:44)
07-13 08:57:56.859 E/unknown:ReactHost(19236): 	at kotlinx.coroutines.BuildersKt.launch$default(dex-id-bafbe0e0fb3f4ba855ef5c3c27c4d19abb1209c8:1)
07-13 08:57:56.859 E/unknown:ReactHost(19236): 	at expo.modules.ReactActivityDelegateWrapper.launchLifecycleScopeWithLock(ReactActivityDelegateWrapper.kt:450)
07-13 08:57:56.859 E/unknown:ReactHost(19236): 	at expo.modules.ReactActivityDelegateWrapper.launchLifecycleScopeWithLock$default(ReactActivityDelegateWrapper.kt:446)
07-13 08:57:56.859 E/unknown:ReactHost(19236): 	at expo.modules.ReactActivityDelegateWrapper.onWindowFocusChanged(ReactActivityDelegateWrapper.kt:318)
07-13 08:57:56.859 E/unknown:ReactHost(19236): 	at com.facebook.react.ReactActivity.onWindowFocusChanged(ReactActivity.java:158)
07-13 08:57:56.859 E/unknown:ReactHost(19236): 	at androidx.appcompat.view.WindowCallbackWrapper.onWindowFocusChanged(WindowCallbackWrapper.java:124)
07-13 08:57:56.859 E/unknown:ReactHost(19236): 	at com.android.internal.policy.DecorView.onWindowFocusChanged(DecorView.java:1956)
07-13 08:57:56.859 E/unknown:ReactHost(19236): 	at android.view.View.dispatchWindowFocusChanged(View.java:16183)
07-13 08:57:56.859 E/unknown:ReactHost(19236): 	at android.view.ViewGroup.dispatchWindowFocusChanged(ViewGroup.java:1528)
07-13 08:57:56.859 E/unknown:ReactHost(19236): 	at android.view.ViewRootImpl.dispatchFocusEvent(ViewRootImpl.java:4703)
07-13 08:57:56.859 E/unknown:ReactHost(19236): 	at android.view.ViewRootImpl.handleWindowFocusChanged(ViewRootImpl.java:4607)
07-13 08:57:56.859 E/unknown:ReactHost(19236): 	at android.view.ViewRootImpl.-$$Nest$mhandleWindowFocusChanged(ViewRootImpl.java:0)
07-13 08:57:56.859 E/unknown:ReactHost(19236): 	at android.view.ViewRootImpl$ViewRootHandler.handleMessageImpl(ViewRootImpl.java:6879)
07-13 08:57:56.859 E/unknown:ReactHost(19236): 	at android.view.ViewRootImpl$ViewRootHandler.handleMessage(ViewRootImpl.java:6766)
07-13 08:57:56.859 E/unknown:ReactHost(19236): 	at android.os.Handler.dispatchMessage(Handler.java:106)
07-13 08:57:56.859 E/unknown:ReactHost(19236): 	at android.os.Looper.loopOnce(Looper.java:222)
07-13 08:57:56.859 E/unknown:ReactHost(19236): 	at android.os.Looper.loop(Looper.java:314)
07-13 08:57:56.859 E/unknown:ReactHost(19236): 	at android.app.ActivityThread.main(ActivityThread.java:8671)
07-13 08:57:56.859 E/unknown:ReactHost(19236): 	at java.lang.reflect.Method.invoke(Native Method)
07-13 08:57:56.859 E/unknown:ReactHost(19236): 	at com.android.internal.os.RuntimeInit$MethodAndArgsCaller.run(RuntimeInit.java:565)
07-13 08:57:56.859 E/unknown:ReactHost(19236): 	at com.android.internal.os.ZygoteInit.main(ZygoteInit.java:1081)
07-13 08:57:56.860 I/HandWritingStubImpl(19236): refreshLastKeyboardType: 1
07-13 08:57:56.860 I/HandWritingStubImpl(19236): getCurrentKeyboardType: 1
07-13 08:57:56.864 D/CompatibilityChangeReporter( 1813): Compat change id reported: 214016041; UID 10210; state: ENABLED
07-13 08:57:56.869 I/ImeTracker( 1813): com.skillsroom.mobile:1804b6bf: onRequestHide at ORIGIN_SERVER_HIDE_INPUT reason HIDE_UNSPECIFIED_WINDOW
07-13 08:57:56.869 I/ImeTracker( 1813): com.skillsroom.mobile:1804b6bf: onCancelled at PHASE_SERVER_SHOULD_HIDE
07-13 08:57:56.869 D/MirrorManager( 7233):  sendAcceptInput 0 0
07-13 08:57:56.871 D/MI-SF   ( 1133): updateScene: module = 270 (Unknown), value = 0, pkg = com.skillsroom.mobile
07-13 08:57:56.875 D/C2MtkBufferManager( 1041): over 5000ms not request from VCodec but callback hooked, slow BM Cc fetch thread
07-13 08:57:56.876 D/CompatibilityChangeReporter(19404): Compat change id reported: 183155436; UID 10253; state: ENABLED
07-13 08:57:56.885 D/VRI[PopupWindow:59433df](19236): vri.reportNextDraw android.view.ViewRootImpl.handleResized:2321 android.view.ViewRootImpl.-$$Nest$mhandleResized:0 android.view.ViewRootImpl$ViewRootHandler.handleMessageImpl:6797 android.view.ViewRootImpl$ViewRootHandler.handleMessage:6766 android.os.Handler.dispatchMessage:106 
07-13 08:57:56.888 D/VRI[PopupWindow:59433df](19236): vri.Setup new sync=wmsSync-VRI[PopupWindow:59433df]#4
07-13 08:57:56.891 D/VRI[PopupWindow:59433df](19236): vri.reportDrawFinished
07-13 08:57:56.893 W/WindowManager( 1813): finishDrawingWindow: Window{d4af1b u0 PopupWindow:59433df} mDrawState=HAS_DRAWN
07-13 08:57:56.893 W/Looper  (19236): PerfMonitor doFrame : time=7ms vsyncFrame=0 latency=317ms procState=-1 historyMsgCount=7 (msgIndex=1 wall=318ms seq=15 late=349ms h=android.view.Choreographer$FrameHandler c=android.view.Choreographer$FrameDisplayEventReceiver)
07-13 08:57:56.896 D/C2MtkBufferManager( 1041): over 5000ms not request from VCodec but callback hooked, slow BM Cc fetch thread
07-13 08:57:56.897 I/HandWritingStubImpl(19236): getCurrentKeyboardType: 1
07-13 08:57:56.901 I/mtkpower@impl( 1059): [setMode] type:5, enabled:0
07-13 08:57:56.901 I/libPowerHal( 1059): [perfLockRel] hdl:244836, idx:6
07-13 08:57:56.902 I/GoogleInputMethodService( 4463): GoogleInputMethodService.onFinishInput():2259 
07-13 08:57:56.904 W/ActivityTaskManager( 1813): Request to remove task ignored for non-existent task 5357
07-13 08:57:56.907 I/PowerHalWrapper( 1813): amsBoostStop AMS_BOOST_PACK_SWITCH:false, AMS_BOOST_ACT_SWITCH:false, AMS_BOOST_PROCESS_CREATE:false 
07-13 08:57:56.908 I/MiuiNetworkPolicy( 1813): updateUidState uid = 10157, uidState = 3
07-13 08:57:56.910 E/vold    (  491): Failed to find mounted volume for /storage/0669-140F/Android/data/com.miui.weather2/cache/
07-13 08:57:56.910 D/RecentsModel( 2470): onTaskStackChangedBackground
07-13 08:57:56.910 D/EventBus( 2470): No subscribers registered for event class com.miui.home.recents.messages.RecentTasksChangedEvent
07-13 08:57:56.910 D/EventBus( 2470): No subscribers registered for event class org.greenrobot.eventbus.NoSubscriberEvent
07-13 08:57:56.910 D/RecentsModel( 2470): onTaskStackChangedBackground    MSG_TASK_STACK_CHANGE
07-13 08:57:56.910 D/RecentsModel( 2470): preloadRecents
07-13 08:57:56.910 W/RecentsModel( 2470): getRunningTask
07-13 08:57:56.910 W/ContextImpl(19404): Failed to ensure /storage/0669-140F/Android/data/com.miui.weather2/cache: android.os.ServiceSpecificException:  (code -22)
07-13 08:57:56.911 I/Module  ( 4463): DeviceLockedStatusModuleProvider$Module.updateDeviceLockedStatus():103 repeatCheckTimes = 0, locked = false
07-13 08:57:56.911 I/illsroom.mobile(19236): Compiler allocated 6282KB to compile void android.view.ViewRootImpl.performTraversals()
07-13 08:57:56.911 I/WindowManager( 1813): cancelAnimation removed leash : Surface(name=Surface(name=143addc InputMethod#139)/@0x3f7a46b - animation-leash of insets_animation#77910)/@0x6dae400
07-13 08:57:56.912 E/BufferQueueDebug( 1133): [Surface(name=143addc InputMethod#139)/@0x3f7a46b - animation-leash of insets_animation#77922](this:0xb400007855a4ea30,id:-1,api:0,p:-1,c:-1) id info cannot be read from 'Surface(name=143addc InputMethod#139)/@0x3f7a46b - animation-leash of insets_animation#77922'
07-13 08:57:56.912 I/BufferQueueDebug( 1133): [Surface(name=143addc InputMethod#139)/@0x3f7a46b - animation-leash of insets_animation#77922](this:0xb400007855a4ea30,id:-1,api:0,p:-1,c:-1) BufferQueue core=(1133:/system/bin/surfaceflinger)
07-13 08:57:56.915 E/vold    (  491): Failed to find mounted volume for /storage/0669-140F/Android/data/com.miui.weather2/files/
07-13 08:57:56.916 I/ClipboardServiceI( 1813): checkProviderWakePathForClipboard: primaryClip is null
07-13 08:57:56.916 D/C2MtkBufferManager( 1041): over 5000ms not request from VCodec but callback hooked, slow BM Cc fetch thread
07-13 08:57:56.917 W/ContextImpl(19404): Failed to ensure /storage/0669-140F/Android/data/com.miui.weather2/files: android.os.ServiceSpecificException:  (code -22)
07-13 08:57:56.918 W/RecentsModel( 2470): getRunningTask   taskInfo=TaskInfo{userId=0 taskId=5358 displayId=0 isRunning=true baseIntent=Intent { flg=0x10000000 cmp=com.skillsroom.mobile/.MainActivity } baseActivity=ComponentInfo{com.skillsroom.mobile/com.skillsroom.mobile.MainActivity} topActivity=ComponentInfo{com.skillsroom.mobile/com.skillsroom.mobile.MainActivity} origActivity=null realActivity=ComponentInfo{com.skillsroom.mobile/com.skillsroom.mobile.MainActivity} numActivities=1 lastActiveTime=691076574 supportsSplitScreenMultiWindow=true supportsMultiWindow=true resizeMode=1 isResizeable=true minWidth=-1 minHeight=-1 defaultMinSize=200 token=WCT{android.window.IWindowContainerToken$Stub$Proxy@98d704} topActivityType=1 pictureInPictureParams=null shouldDockBigOverlays=false launchIntoPipHostTaskId=-1 lastParentTaskIdBeforePip=-1 displayCutoutSafeInsets=null topActivityInfo=ActivityInfo{3aef4ed com.skillsroom.mobile.MainActivity} launchCookies=[] positionInParent=Point(0, 0) parentTaskId=-1 isFocused=true isVisible=true isVisibleRequested=true isSleeping=false topActivityInSizeCompat=false topActivityEligibleForLetterboxEducation= false topActivityLetterboxed= false isFromDoubleTap= false topActivityLetterboxVerticalPosition= -1 topActivityLetterboxHorizontalPosition= -1 topActivityLetterboxWidth=-1 topActivityLetterboxHeight=-1 locusId=null displayAreaFeatureId=1 cameraCompatControlState=hidden mIsCastMode=false mTopActivityMediaSize=null mTopActivityRecordName=ActivityRecord{39213cd u0 com.skillsroom.mobile/.MainActivity t5358} mTopActivityOrientation=1 mTopActivityWindowIsNowVisible=true isTranslucent=false isEmbedded=false shouldBeVisible=true mBehindAppLockPkg=null mOriginatingUid=0}
07-13 08:57:56.918 W/RecentsModel( 2470): getTaskInfoIgnoreHomeAndFreeform   taskInfo=ComponentInfo{com.skillsroom.mobile/com.skillsroom.mobile.MainActivity}
07-13 08:57:56.920 E/ActivityManagerWrapper( 2470): get all recent tasks force including 5358
07-13 08:57:56.924 I/GoogleInputMethodService( 4463): GoogleInputMethodService.onStartInput():1446 onStartInput(EditorInfo{EditorInfo{packageName=com.skillsroom.mobile, inputType=0, inputTypeString=NULL, enableLearning=false, autoCorrection=false, autoComplete=false, imeOptions=0, privateImeOptions=null, actionName=UNSPECIFIED, actionLabel=null, initialSelStart=-1, initialSelEnd=-1, initialCapsMode=0, label=null, fieldId=0, fieldName=null, extras=Bundle[mParcelledData.dataSize=72], hintText=null, hintLocales=[]}}, false)
07-13 08:57:56.925 D/Utilities( 2459):  oldHints : 0 backDisposition : 0 imeShown : false hints 0
07-13 08:57:56.926 I/AndroidIME( 4463): LatinIMEBase.updateInputViewCoverNavigation():322 Update input view padding, isNavbarOverInputWindow=false, bottom inset=94
07-13 08:57:56.929 I/Module  ( 4463): DeviceLockedStatusModuleProvider$Module.updateDeviceLockedStatus():103 repeatCheckTimes = 1, locked = false
07-13 08:57:56.936 I/BufferQueueDebug( 1133): [Surface(name=143addc InputMethod#139)/@0x3f7a46b - animation-leash of insets_animation#77910](this:0xb400007855b32a30,id:-1,api:0,p:-1,c:1133) onDestructor()
07-13 08:57:56.937 E/ActivityManagerWrapper( 2470): getRecentTasks: size=9
07-13 08:57:56.937 E/ActivityManagerWrapper( 2470): getRecentTasks: mainTaskId=5358   userId=0   windowMode=1   baseIntent=Intent { act=null flag=268435456 cmp=ComponentInfo{com.skillsroom.mobile/com.skillsroom.mobile.MainActivity} }
07-13 08:57:56.937 E/ActivityManagerWrapper( 2470): getRecentTasks: mainTaskId=5344   userId=0   windowMode=1   baseIntent=Intent { act=android.intent.action.MAIN flag=270532608 cmp=ComponentInfo{com.facebook.lite/com.facebook.lite.MainActivity} }
07-13 08:57:56.937 E/ActivityManagerWrapper( 2470): getRecentTasks: mainTaskId=5341   userId=0   windowMode=1   baseIntent=Intent { act=android.intent.action.MAIN flag=270532608 cmp=ComponentInfo{com.whatsapp.w4b/com.whatsapp.Main} }
07-13 08:57:56.937 E/ActivityManagerWrapper( 2470): getRecentTasks: mainTaskId=5336   userId=0   windowMode=1   baseIntent=Intent { act=android.intent.action.MAIN flag=270532608 cmp=ComponentInfo{com.google.android.dialer/com.google.android.dialer.extensions.GoogleDialtactsActivity} }
07-13 08:57:56.937 E/ActivityManagerWrapper( 2470): getRecentTasks: mainTaskId=5335   userId=0   windowMode=1   baseIntent=Intent { act=android.intent.action.MAIN flag=270532608 cmp=ComponentInfo{com.shaiban.audioplayer.mplayer/com.shaiban.audioplayer.mplayer.app.navigation.NavigatingActivity} }
07-13 08:57:56.937 E/ActivityManagerWrapper( 2470): getRecentTasks: mainTaskId=5287   userId=0   windowMode=1   baseIntent=Intent { act=android.intent.action.MAIN flag=270532608 cmp=ComponentInfo{ng.mtn.nextgen/ng.mtn.nextgen.MainActivity} }
07-13 08:57:56.937 E/ActivityManagerWrapper( 2470): getRecentTasks: mainTaskId=5273   userId=0   windowMode=1   baseIntent=Intent { act=android.settings.APPLICATION_DEVELOPMENT_SETTINGS flag=268468224 cmp=ComponentInfo{com.android.settings/com.android.settings.Settings$DevelopmentSettingsDashboardActivity} }
07-13 08:57:56.937 D/C2MtkBufferManager( 1041): over 5000ms not request from VCodec but callback hooked, slow BM Cc fetch thread
07-13 08:57:56.937 E/ActivityManagerWrapper( 2470): getRecentTasks: mainTaskId=5246   userId=0   windowMode=1   baseIntent=Intent { act=android.intent.action.MAIN flag=270532608 cmp=ComponentInfo{cn.xender/cn.xender.ui.activity.SplashActivity} }
07-13 08:57:56.937 E/ActivityManagerWrapper( 2470): getRecentTasks: mainTaskId=5239   userId=0   windowMode=1   baseIntent=Intent { act=android.intent.action.MAIN flag=270532608 cmp=ComponentInfo{com.android.camera/com.android.camera.Camera} }
07-13 08:57:56.938 W/PackageConfigPersister( 1813): App-specific configuration not found for packageName: com.skillsroom.mobile and userId: 0
07-13 08:57:56.944 D/NetworkController.MobileSignalController(1)( 2459): notifyListeners: mFeatureRelayData=false
07-13 08:57:56.946 I/FontLog (10100): (REDACTED) Received query %s, URI %s
07-13 08:57:56.947 I/FontLog (10100): (REDACTED) Query [%s] resolved to %s
07-13 08:57:56.957 D/C2MtkBufferManager( 1041): over 5000ms not request from VCodec but callback hooked, slow BM Cc fetch thread
07-13 08:57:56.959 I/gralloc4( 2459): @set_metadata: update dataspace from GM (0x00000000 -> 0x08010000)
07-13 08:57:56.963 E/m.miui.weather2(19404): hiddenapi: Accessing hidden method Landroid/content/pm/ApplicationInfo;->isAllowedToUseHiddenApis()Z (runtime_flags=0, domain=platform, api=max-target-o) from Lr7/a; (domain=app, TargetSdkVersion=33) using reflection: denied
07-13 08:57:56.963 D/AutoDensity(19404): autodensity debugEnable = 
07-13 08:57:56.970 I/ClipboardServiceI( 1813): checkProviderWakePathForClipboard: primaryClip is null
07-13 08:57:56.976 E/m.miui.weather2(19404): hiddenapi: Accessing hidden field Landroid/app/ResourcesManager;->mLock:Ljava/lang/Object; (runtime_flags=0, domain=platform, api=blocked) from Lr7/a; (domain=app, TargetSdkVersion=33) using reflection: denied
07-13 08:57:56.976 W/AutoDensity(19404): ResourcesManager reflection failed, this app do not have permission to disable AutoDensity for activity/application
07-13 08:57:56.978 D/C2MtkBufferManager( 1041): over 5000ms not request from VCodec but callback hooked, slow BM Cc fetch thread
07-13 08:57:56.978 D/ActivityManager( 1813): getProcessesInErrorState callingUid=10288, CallingPid=19459
07-13 08:57:56.985 I/ActivityManager( 1813): Flag disabled. Ignoring finishAttachApplication from uid: 10253. pid: 19404
07-13 08:57:56.988 I/FontLog (10100): (REDACTED) Fetch %s end status %s
07-13 08:57:56.989 D/ActivityManager( 1813): getProcessesInErrorState callingUid=10279, CallingPid=443
07-13 08:57:56.998 D/C2MtkBufferManager( 1041): over 5000ms not request from VCodec but callback hooked, slow BM Cc fetch thread
07-13 08:57:57.006 I/FontLog (10100): (REDACTED) Pulling font file for id = %d, cache size = %d
07-13 08:57:57.019 D/C2MtkBufferManager( 1041): over 5000ms not request from VCodec but callback hooked, slow BM Cc fetch thread
07-13 08:57:57.021 D/MediaCodec(19459): [mId: 6] audio-debug Stats over last 5005ms:
07-13 08:57:57.023 D/MediaCodec(19459): [mId: 6] audio-debug Qinput: 0, DQinput: 0 success out of 5 tries
07-13 08:57:57.023 D/MediaCodec(19459): [mId: 6] audio-debug Render: 0, Drop: 0, DQoutput: 0 success out of 0 tries
07-13 08:57:57.023 D/CompatibilityChangeReporter(19404): Compat change id reported: 194532703; UID 10253; state: ENABLED
07-13 08:57:57.023 D/CompatibilityChangeReporter(19404): Compat change id reported: 253665015; UID 10253; state: DISABLED
07-13 08:57:57.025 D/CompatibilityChangeReporter( 1813): Compat change id reported: 253665015; UID 10253; state: DISABLED
07-13 08:57:57.025 I/FontLog (10100): (REDACTED) Pulling font file for id = %d, cache size = %d
07-13 08:57:57.025 D/CompatibilityChangeReporter( 1813): Compat change id reported: 194532703; UID 10253; state: ENABLED
07-13 08:57:57.039 D/C2MtkBufferManager( 1041): over 5000ms not request from VCodec but callback hooked, slow BM Cc fetch thread
07-13 08:57:57.042 I/MiuiNetworkPolicy( 1813): updateUidState uid = 10253, uidState = 10
07-13 08:57:57.042 W/JobScheduler( 1813): Job didn't exist in JobStore: 
07-13 08:57:57.046 I/MiuiNetworkPolicy( 1813): updateUidState uid = 10253, uidState = 19
07-13 08:57:57.059 D/C2MtkBufferManager( 1041): over 5000ms not request from VCodec but callback hooked, slow BM Cc fetch thread
07-13 08:57:57.074 D/TrafficManageService( 5491): onReceive: intent.action = com.android.server.action.NETWORK_STATS_UPDATED
07-13 08:57:57.077 D/TrafficManageService-TrafficSimManager( 5491): notifyByNetChange_time: return
07-13 08:57:57.080 D/C2MtkBufferManager( 1041): over 5000ms not request from VCodec but callback hooked, slow BM Cc fetch thread
07-13 08:57:57.086 W/Settings( 2457): Setting airplane_mode_on has moved from android.provider.Settings.System to android.provider.Settings.Global, returning read-only value.
