--------- beginning of main
07-13 08:57:52.963 D/C2MtkBufferManager( 1041): over 5000ms not request from VCodec but callback hooked, slow BM Cc fetch thread
07-13 08:57:52.966 D/TelephonyManager( 2457): requestModemActivityInfo: Sending result to app: ModemActivityInfo{ mTimestamp=691072617 mSleepTimeMs=291160101 mIdleTimeMs=82935097 mActivityStatsTechSpecificInfo=[{mRat=UNKNOWN,mFrequencyRange=UNKNOWN,mTxTimeMs[]=[99490, 855403, 16345051, 16760670, 35413793],mRxTimeMs=318709040}]}
07-13 08:57:52.981 D/MediaCodec(19459): [mId: 2] audio-debug Stats over last 5004ms:
07-13 08:57:52.981 D/MediaCodec(19459): [mId: 2] audio-debug Qinput: 0, DQinput: 0 success out of 5 tries
07-13 08:57:52.981 D/MediaCodec(19459): [mId: 2] audio-debug Render: 0, Drop: 0, DQoutput: 0 success out of 0 tries
07-13 08:57:52.984 D/C2MtkBufferManager( 1041): over 5000ms not request from VCodec but callback hooked, slow BM Cc fetch thread
07-13 08:57:53.004 D/C2MtkBufferManager( 1041): over 5000ms not request from VCodec but callback hooked, slow BM Cc fetch thread
07-13 08:57:53.025 D/C2MtkBufferManager( 1041): over 5000ms not request from VCodec but callback hooked, slow BM Cc fetch thread
07-13 08:57:53.042 I/adbd    (21521): adbd service requested 'shell,v2,raw:am force-stop com.skillsroom.mobile'
07-13 08:57:53.045 D/C2MtkBufferManager( 1041): over 5000ms not request from VCodec but callback hooked, slow BM Cc fetch thread
07-13 08:57:53.066 D/C2MtkBufferManager( 1041): over 5000ms not request from VCodec but callback hooked, slow BM Cc fetch thread
--------- beginning of system
07-13 08:57:53.079 D/ThermalBrightnessController( 1813): updateSkinTemperature: actual temperature: 38.884, applied temperature: 38.884
07-13 08:57:53.081 D/ThermalBrightnessController( 1813): updateThermalBrightnessState: condition id: 0, temperature: 38.884, maximum thermal brightness: 500.0, outdoor: false, safety thermal brightness: NaN
07-13 08:57:53.087 D/C2MtkBufferManager( 1041): over 5000ms not request from VCodec but callback hooked, slow BM Cc fetch thread
07-13 08:57:53.101 I/ActivityManager( 1813): Force stopping com.skillsroom.mobile appid=10210 user=0: from process:19208
07-13 08:57:53.107 D/C2MtkBufferManager( 1041): over 5000ms not request from VCodec but callback hooked, slow BM Cc fetch thread
07-13 08:57:53.127 E/ActivityManager( 1813): Unable to freeze binder for 16437: java.lang.RuntimeException: Unable to freeze/unfreeze binder
07-13 08:57:53.128 W/libprocessgroup( 1813): Failed to apply Frozen process profile: Invalid argument
07-13 08:57:53.128 D/C2MtkBufferManager( 1041): over 5000ms not request from VCodec but callback hooked, slow BM Cc fetch thread
07-13 08:57:53.131 D/UidObserver( 7233): onUidGone entry uid = 10210
07-13 08:57:53.134 I/MiuiNetworkPolicy( 1813): removeUidState uid = 10210
07-13 08:57:53.139 E/ProcessManager( 1813): error write exception log
07-13 08:57:53.144 I/Accelerometer( 1046): enable: handle:0, en:0
07-13 08:57:53.146 I/ActivityManager( 1813): Killing 16437:com.skillsroom.mobile/u0a210 (adj 0): stop com.skillsroom.mobile due to from process:19208
07-13 08:57:53.150 D/C2MtkBufferManager( 1041): over 5000ms not request from VCodec but callback hooked, slow BM Cc fetch thread
07-13 08:57:53.151 D/DisplayManagerService( 1813): Drop pending events for gone uid 10210
07-13 08:57:53.159 I/mtkpower_client( 1813): [Legacy][PowerHal_Wrap_notifyAppState] com.skillsroom.mobile/com.skillsroom.mobile pid=16437 state:3
07-13 08:57:53.161 W/MiPicks-ProcessObserverV10(21977): onProcessDied:pid = 16437,died-uid=10210
07-13 08:57:53.162 I/IPCThreadState( 4459): oneway function results for code 3 on binder at 0xb400007cb4ffdc20 will be dropped but finished with status UNKNOWN_TRANSACTION
07-13 08:57:53.165 W/ActivityTaskManager( 1813): Force removing ActivityRecord{edebbb4 u0 com.skillsroom.mobile/.MainActivity t5356 f}}: app died, no saved state
07-13 08:57:53.165 I/libPowerHal( 1059): [perfNotifyAppState] pack:com.skillsroom.mobile, act:com.skillsroom.mobile, state:3, pid:16437, uid:10210, fps:-1
07-13 08:57:53.165 I/libPowerHal( 1059): [perfNotifyAppState] pack:com.skillsroom.mobile, pid:16437, STATE_DEAD
07-13 08:57:53.165 D/RilUtility( 1059): notify_rild_crash_pid_set certPid:-1, crash:16437, scn:0x0
07-13 08:57:53.165 D/WindowManager( 1813): Requesting StartTransition: TransitionRecord{e60a9d1 id=6358 type=CLOSE flags=0x0}
07-13 08:57:53.167 D/WindowManager( 1813): Collecting in transition 6358: Task{33ef3dd #5356 type=standard A=10210:com.skillsroom.mobile} init visibleRequested:true
07-13 08:57:53.171 D/C2MtkBufferManager( 1041): over 5000ms not request from VCodec but callback hooked, slow BM Cc fetch thread
07-13 08:57:53.172 D/WindowManager( 1813): Collecting in transition 6358: ActivityRecord{edebbb4 u0 com.skillsroom.mobile/.MainActivity t5356 f}} init visibleRequested:false
07-13 08:57:53.191 D/C2MtkBufferManager( 1041): over 5000ms not request from VCodec but callback hooked, slow BM Cc fetch thread
07-13 08:57:53.197 W/WindowManager( 1813): Changing focus from Window{7f4cb5b u0 com.skillsroom.mobile/com.skillsroom.mobile.MainActivity} to null displayId=0 Callers=com.android.server.wm.RootWindowContainer.updateFocusedWindowLocked:541 com.android.server.wm.WindowManagerService.updateFocusedWindowLocked:6840 com.android.server.wm.ActivityRecord.onRemovedFromDisplay:5090 com.android.server.wm.DisplayContent.removeAppToken:1728 
07-13 08:57:53.201 D/WindowManager( 1813): wms.Input focus has changed to null display=0 updateInputWindows = true
07-13 08:57:53.201 I/MultiSenceManagerInternalStub( 1813): getInstance
07-13 08:57:53.204 D/PerfMTKStubImpl( 1813): perfLockAcquire
07-13 08:57:53.207 I/mtkpower_client( 1813): perf_lock_acq, hdl:244819, dur:400, num:10, pid:1813, tid:3464
07-13 08:57:53.208 W/ServiceManagerCppClient( 1813): Failed to get isDeclared for vendor.mediatek.hardware.mtkpower.IMtkPowerService/default: Status(-1, EX_SECURITY): 'SELinux denied.'
07-13 08:57:53.209 I/mtkpower_client( 1813): IMtkPowerService_isDeclared 0
07-13 08:57:53.212 D/C2MtkBufferManager( 1041): over 5000ms not request from VCodec but callback hooked, slow BM Cc fetch thread
07-13 08:57:53.213 I/mtkpower_client( 1813): ret_hdl:244834
07-13 08:57:53.214 I/libPowerHal( 1059): [perfLockAcq] idx:3 hdl:244834 hint:-1 pid:1813 duration:400 lock_user:system_server => ret_hdl:244834
07-13 08:57:53.214 I/libPowerHal( 1059): [setGPUFreq] system_server user set gpu freq min:0, max:-1
07-13 08:57:53.214 I/libPowerHal( 1059): system_server: set gpu opp level: 0
07-13 08:57:53.214 I/PowerHalWrapper( 1813): <amsBoostResume> last:null, next:com.miui.home 
07-13 08:57:53.215 W/ServiceManagerCppClient( 1813): Failed to get isDeclared for vendor.mediatek.hardware.mtkpower.IMtkPowerService/default: Status(-1, EX_SECURITY): 'SELinux denied.'
07-13 08:57:53.215 I/mtkpower_client( 1813): IMtkPowerService_isDeclared 0
07-13 08:57:53.215 I/libPowerHal( 1059): system_server: set gpu opp level max: 0
07-13 08:57:53.215 I/libPowerHal( 1059): [setGPUFreq] Soft min/max = (0, 0); Hard min/max = (31, 0)
07-13 08:57:53.215 I/libPowerHal( 1059): [setGPUFreq] final min/max = (0, 0)
07-13 08:57:53.215 I/libPowerHal( 1059): system_server: set gpu opp level: 0
07-13 08:57:53.215 I/libPowerHal( 1059): system_server: set gpu opp level max: 0
07-13 08:57:53.215 W/ServiceManagerCppClient( 1813): Failed to get isDeclared for vendor.mediatek.hardware.mtkpower.IMtkPowerService/default: Status(-1, EX_SECURITY): 'SELinux denied.'
07-13 08:57:53.216 I/mtkpower_client( 1813): IMtkPowerService_isDeclared 0
07-13 08:57:53.216 I/libPowerHal( 1059): system_server: cpu_ctrl set cpu freq: 1800000 -1 2000000 -1
07-13 08:57:53.216 I/libPowerHal( 1059): [PE] system_server update cmd:1000000, param:0
07-13 08:57:53.217 I/libPowerHal( 1059): [PE] system_server update cmd:1000000 param:0
07-13 08:57:53.217 I/libPowerHal( 1059): [perfLockAcq] idx:5 hdl:244835 hint:22 pid:1059 duration:10000 lock_user:mtkpower@1.0-se => ret_hdl:244835
07-13 08:57:53.218 I/libPowerHal( 1059): [PE] MTKPOWER_HINT_PACK_SWITCH update cmd:1408300, param:100
07-13 08:57:53.218 I/libPowerHal( 1059): [perfLockRel] hdl:244821, idx:-1
07-13 08:57:53.219 D/WindowManager( 1813): Collecting in transition 6358: ActivityRecord{8061640 u0 com.miui.home/.launcher.Launcher t2} init visibleRequested:false
07-13 08:57:53.222 D/ActivityManager( 1813): mediaResourceManagerBinder get success
07-13 08:57:53.225 D/ResourceManagerService( 1289): update package name: com.miui.home
07-13 08:57:53.227 D/ResourceManagerService( 1289): packageName: com.miui.home, uid : 10166, hashCode : 205371070
07-13 08:57:53.227 D/ResourceManagerService( 1289): ResourceManagerService::setCodecsVppMode
07-13 08:57:53.228 D/ResourceManagerService( 1289): all codecs setVppMode return fail
07-13 08:57:53.229 I/SmartPower: com.miui.home/10166(2470)( 1813): idle->invisible(121797ms) R(become foreground) adj=100.
07-13 08:57:53.232 D/C2MtkBufferManager( 1041): over 5000ms not request from VCodec but callback hooked, slow BM Cc fetch thread
07-13 08:57:53.238 D/WindowManager( 1813): Collecting in transition 6358: ActivityRecord{8061640 u0 com.miui.home/.launcher.Launcher t2} init visibleRequested:true
07-13 08:57:53.246 D/WindowManager( 1813): Set transition=TransitionRecord{e60a9d1 id=6358 type=CLOSE flags=0x0}, ready=true, SyncId=6358 
07-13 08:57:53.250 D/AppObserver( 2470): ForegroundInfo{mForegroundPackageName='com.miui.home', mForegroundUid=10166, mForegroundPid=2470, mLastForegroundPackageName='com.skillsroom.mobile', mLastForegroundUid=10210, mLastForegroundPid=16437, mMultiWindowForegroundPackageName='null', mMultiWindowForegroundUid=-1, mFlags=0}
07-13 08:57:53.252 D/MiuiMultiWindowUtils( 1813): DeviceLevel.IS_MIUI_LITE_VERSION 2.0 not support miui multiWindowgale
07-13 08:57:53.252 D/PerfEngineController( 7233): ForegroundInfo{mForegroundPackageName='com.miui.home', mForegroundUid=10166, mForegroundPid=2470, mLastForegroundPackageName='com.skillsroom.mobile', mLastForegroundUid=10210, mLastForegroundPid=16437, mMultiWindowForegroundPackageName='null', mMultiWindowForegroundUid=-1, mFlags=0}
07-13 08:57:53.254 D/C2MtkBufferManager( 1041): over 5000ms not request from VCodec but callback hooked, slow BM Cc fetch thread
07-13 08:57:53.254 D/Aurogon ( 1813):  uid = 10166 switch to FG
07-13 08:57:53.255 W/MiPicks-ProcessObserverV10(21977): onForegroundActivitiesChanged:pid = 2470,activity-uid=10166,foregroundActivities=true
07-13 08:57:53.255 I/MiuiNetworkPolicy( 1813): updateUidState uid = 10213, uidState = 3
07-13 08:57:53.256 D/PMonitor( 4459):  onForegroundActivitiesChanged:pid = 2470,activity-uid=10166,foregroundActivities=true
07-13 08:57:53.256 D/MiuiFullScreenTaskRepository( 2459): removeFocusedTask displayId=0
07-13 08:57:53.257 D/MiuiFullScreenTaskRepository( 2459): addOrUpdateFullScreenTaskInfo taskId=5356, topActivity=null
07-13 08:57:53.258 W/libprocessgroup( 1813): Failed to apply Unfrozen process profile: Success
07-13 08:57:53.261 D/t1      ( 5491): myUserId = 0	currentUserId0
07-13 08:57:53.261 I/hwcomposer( 1039): [HWCDisplay] [Display_0 (type:1)] fps:0.337381,dur:2964.01,max:2964.01,min:2964.01  
07-13 08:57:53.262 D/WindowManager( 1813): Set transition=TransitionRecord{e60a9d1 id=6358 type=CLOSE flags=0x0}, ready=true, SyncId=6358 
07-13 08:57:53.263 I/AppsFilter( 1813): interaction: PackageSetting{84376c0 com.android.microdroid.empty_payload/10390} -> PackageSetting{7eb7737 com.skillsroom.mobile/10210} BLOCKED
07-13 08:57:53.263 I/AppsFilter( 1813): interaction: PackageSetting{2774b3e com.fido.asm/10367} -> PackageSetting{7eb7737 com.skillsroom.mobile/10210} BLOCKED
07-13 08:57:53.266 I/SettingsProvider( 1813): refresh rate settings changed, name:miui_refresh_rate,value:90,pkg:com.miui.powerkeeper
07-13 08:57:53.269 I/MiuiNetworkPolicy( 1813): updateUidState uid = 10175, uidState = 3
07-13 08:57:53.269 I/MiuiNetworkPolicy( 1813): updateUidState uid = 10166, uidState = 2
07-13 08:57:53.269 I/MiuiNetworkPolicy( 1813): updateUidState uid = 10161, uidState = 3
07-13 08:57:53.269 I/MiuiNetworkPolicy( 1813): updateUidState uid = 10118, uidState = 19
07-13 08:57:53.271 I/MiuiNetworkPolicy( 1813): updateUidState uid = 10078, uidState = 19
07-13 08:57:53.273 I/BpBinder( 1133): onLastStrongRef automatically unlinking death recipients: 
07-13 08:57:53.274 D/C2MtkBufferManager( 1041): over 5000ms not request from VCodec but callback hooked, slow BM Cc fetch thread
07-13 08:57:53.281 D/Launcher.Lifecycle( 2470): onStart:UserHandle{0},63f4ca8,false
07-13 08:57:53.284 D/CarrierSvcBindHelper( 2457): onHandleForceStop: [com.skillsroom.mobile]
07-13 08:57:53.284 I/DisplayModeDirectorImpl( 1813): onDesiredDisplayModeSpecsChanged:baseModeId=2 allowGroupSwitching=false primary=physical: (0.0 Infinity) render:  (0.0 90.0) appRequest=physical: (0.0 Infinity) render:  (0.0 90.0) noVotes=false
07-13 08:57:53.286 D/SurfaceFlinger( 1133): setDesiredDisplayModeSpecs: defaultMode：1 primaryRangesMin:0.000000 primaryRangesMax:90.000000appRequestRangesMin:0.000000 appRequestRangesMax:90.000000
07-13 08:57:53.287 I/RefreshRateSelector( 1133): Display 0 policy changed
07-13 08:57:53.287 I/RefreshRateSelector( 1133): Previous: {defaultModeId=1, allowGroupSwitching=false, primaryRanges={physical=[0.00 Hz, inf Hz], render=[0.00 Hz, 60.00 Hz]}, appRequestRanges={physical=[0.00 Hz, inf Hz], render=[0.00 Hz, 60.00 Hz]}}
07-13 08:57:53.287 I/RefreshRateSelector( 1133): Current:  DisplayManagerPolicy{defaultModeId=1, allowGroupSwitching=false, primaryRanges={physical=[0.00 Hz, inf Hz], render=[0.00 Hz, 90.00 Hz]}, appRequestRanges={physical=[0.00 Hz, inf Hz], render=[0.00 Hz, 90.00 Hz]}}
07-13 08:57:53.287 I/RefreshRateSelector( 1133): 1 mode changes were performed under the previous policy
07-13 08:57:53.287 D/SurfaceFlinger( 1133): MtkOverrideDuration: update vsync 90
07-13 08:57:53.287 E/SurfaceFlinger( 1133): MtkDuration override mode is disabled
07-13 08:57:53.287 D/SurfaceFlinger( 1133): MtkOverrideDuration: reset override duration
07-13 08:57:53.294 I/hwcomposer( 1039): [HWC] (0) displaySetActiveConfig config:1  
07-13 08:57:53.294 D/C2MtkBufferManager( 1041): over 5000ms not request from VCodec but callback hooked, slow BM Cc fetch thread
07-13 08:57:53.296 D/CarrierSvcBindHelper( 2457): No carrier app for: 0
07-13 08:57:53.297 D/CarrierSvcBindHelper( 2457): No carrier app for: 1
07-13 08:57:53.303 I/adbd    (21521): adbd service requested 'shell,v2,raw:am start -n com.skillsroom.mobile/.MainActivity'
07-13 08:57:53.309 D/LauncherAssistantCompatGoogle( 2470): onStart com.google.android.libraries.gsa.launcherclient.LauncherClient@80e5266
07-13 08:57:53.318 I/DisplayDeviceRepository( 1813): Display device changed: DisplayDeviceInfo{"Built-in Screen": uniqueId="local:0", 720 x 1600, modeId 2, renderFrameRate 90.0, defaultModeId 2, supportedModes [{id=1, width=720, height=1600, fps=60.0, alternativeRefreshRates=[90.0], supportedHdrTypes=[]}, {id=2, width=720, height=1600, fps=90.0, alternativeRefreshRates=[60.0], supportedHdrTypes=[]}], colorMode 0, supportedColorModes [0], hdrCapabilities HdrCapabilities{mSupportedHdrTypes=[], mMaxLuminance=500.0, mMaxAverageLuminance=500.0, mMinLuminance=0.0}, allmSupported false, gameContentTypeSupported false, density 320, 260.105 x 260.112 dpi, appVsyncOff 444444, presDeadline 23000000, cutout DisplayCutout{insets=Rect(0, 68 - 0, 0) waterfall=Insets{left=0, top=0, right=0, bottom=0} boundingRect={Bounds=[Rect(0, 0 - 0, 0), Rect(320, 0 - 400, 68), Rect(0, 0 - 0, 0), Rect(0, 0 - 0, 0)]} cutoutPathParserInfo={CutoutPathParserInfo{displayWidth=720 displayHeight=1600 physicalDisplayWidth=720 physicalDisplayHeight=1600 density={2.0} cutoutSpec={M 0,0 H -40 V 68 H 40 V 0 H 0 Z} rotation={0} scale={1.0} physicalPixelDisplaySizeRatio={1.0}}}}, touch INTERNAL, rotation 0, type INTERNAL, address {port=0}, deviceProductInfo null, state ON, committedState ON, frameRateOverride , brightnessMinimum 0.0, brightnessMaximum 1.0, brightnessDefault 0.14956012, hdrSdrRatio NaN, roundedCorners RoundedCorners{[RoundedCorner{position=TopLeft, radius=66, center=Point(66, 66)}, RoundedCorner{position=TopRight, radius=66, center=Point(654, 66)}, RoundedCorner{position=BottomRight, radius=66, center=Point(654, 1534)}, RoundedCorner{position=BottomLeft, radius=66, center=Point(66, 1534)}]}, FLAG_ALLOWED_TO_BE_DEFAULT_DISPLAY, FLAG_ROTATES_WITH_CONTENT, FLAG_SECURE, FLAG_SUPPORTS_PROTECTED_BUFFERS, FLAG_TRUSTED, installOrientation 0, displayShape DisplayShape{ spec=2134893525 displayWidth=720 displayHeight=1600 physicalPixelDisplaySizeRatio=1.0 rotation=0 offsetX=0 offsetY=0 scale=1.0}}
07-13 08:57:53.318 D/C2MtkBufferManager( 1041): over 5000ms not request from VCodec but callback hooked, slow BM Cc fetch thread
07-13 08:57:53.340 I/adbd    (21521): Remote process closed the socket (on MSG_PEEK)
07-13 08:57:53.341 D/C2MtkBufferManager( 1041): over 5000ms not request from VCodec but callback hooked, slow BM Cc fetch thread
07-13 08:57:53.343 I/ImeTracker( 1813): com.skillsroom.mobile:3ff2d9ee: onRequestHide at ORIGIN_SERVER_HIDE_INPUT reason HIDE_REMOVE_CLIENT
07-13 08:57:53.344 D/SurfaceFlinger( 1133): [SF client] REMOVE (0xb40000788a553400) for (16437:com.skillsroom.mobile)
07-13 08:57:53.344 D/SurfaceFlinger( 1133): [SF client] REMOVE (0xb40000786c1d6f00) for (16437:com.skillsroom.mobile)
07-13 08:57:53.345 I/Zygote  ( 1023): Process 16437 exited due to signal 9 (Killed)
07-13 08:57:53.346 D/MirrorManager( 7233):  sendAcceptInput 0 0
07-13 08:57:53.346 I/WindowManager( 1813): WIN DEATH: Window{7f4cb5b u0 com.skillsroom.mobile/com.skillsroom.mobile.MainActivity}
07-13 08:57:53.347 W/InputManager-JNI( 1813): Input channel object '7f4cb5b com.skillsroom.mobile/com.skillsroom.mobile.MainActivity (client)' was disposed without first being removed with the input manager!
07-13 08:57:53.348 I/BtGatt.ScanManager(29492): msg.what = MSG_SCREEN_ON, msg.arg1 = None
07-13 08:57:53.349 I/ImeTracker( 1813): com.skillsroom.mobile:3ff2d9ee: onCancelled at PHASE_SERVER_SHOULD_HIDE
07-13 08:57:53.349 I/BufferQueueDebug( 1133): [PopupWindow:5baf642#77899](this:0xb400007855a0aa30,id:-1,api:0,p:-1,c:1133) onDestructor()
07-13 08:57:53.349 E/BpTransactionCompletedListener( 1133): Failed to transact (-32)
07-13 08:57:53.353 D/BadgeCoordinator( 2459): recevie broadbcast ACTION_APPLICATION_MESSAGE_QUERY, requestFirstTime=false
07-13 08:57:53.360 D/CompatibilityChangeReporter( 1813): Compat change id reported: 135634846; UID 10174; state: DISABLED
07-13 08:57:53.361 D/C2MtkBufferManager( 1041): over 5000ms not request from VCodec but callback hooked, slow BM Cc fetch thread
07-13 08:57:53.361 D/CompatibilityChangeReporter( 1813): Compat change id reported: 177438394; UID 10174; state: DISABLED
07-13 08:57:53.362 D/CompatibilityChangeReporter( 1813): Compat change id reported: 135772972; UID 10174; state: DISABLED
07-13 08:57:53.362 D/CompatibilityChangeReporter( 1813): Compat change id reported: 135754954; UID 10174; state: ENABLED
07-13 08:57:53.365 D/CompatibilityChangeReporter( 1813): Compat change id reported: 143937733; UID 10174; state: ENABLED
07-13 08:57:53.366 V/AutoDensityController( 2459): on display changed 0 context dpi:296 origin dpi:320 target dpi:296
07-13 08:57:53.373 D/MI-SF   ( 1133): updateScene: module = 270 (Unknown), value = 0, pkg = com.miui.home
07-13 08:57:53.374 D/Zygote  ( 1023): Forked child process 19219
07-13 08:57:53.375 D/MiuiProcessPolicyManager( 1813): promote com.google.android.googlequicksearchbox:googleapp maxAdj to svcb  , maxProcState to + PER 
07-13 08:57:53.376 I/ActivityManager( 1813): Start proc 19219:com.google.android.googlequicksearchbox:googleapp/u0a174 for service {com.google.android.googlequicksearchbox/com.google.android.apps.gsa.nowoverlayservice.DrawerOverlayService} caller=com.miui.home
07-13 08:57:53.378 D/CompatibilityChangeReporter( 1813): Compat change id reported: 161252188; UID 10210; state: DISABLED
07-13 08:57:53.380 E/Zygote  (19219): process_name_ptr:19219 com.google.android.googlequicksearchbox:googleapp
07-13 08:57:53.382 D/C2MtkBufferManager( 1041): over 5000ms not request from VCodec but callback hooked, slow BM Cc fetch thread
07-13 08:57:53.387 D/LauncherOverlay( 3531): setActivityState:1
07-13 08:57:53.388 I/LauncherOverlayCallback( 3531): handleMessage WHAT_ACTIVITY_STATE_CHANGED what：1
07-13 08:57:53.391 I/chbox:googleapp(19219): Using generational CollectorTypeCC GC.
07-13 08:57:53.393 D/LauncherOverlay.Window( 3531): onStart
07-13 08:57:53.397 W/ActivityTaskManager( 1813): callingPackage for (uid=2000, pid=19216) has no WPC
07-13 08:57:53.401 D/nativeloader(19219): Load libframework-connectivity-tiramisu-jni.so using APEX ns com_android_tethering for caller /apex/com.android.tethering/javalib/framework-connectivity-t.jar: ok
07-13 08:57:53.402 D/C2MtkBufferManager( 1041): over 5000ms not request from VCodec but callback hooked, slow BM Cc fetch thread
07-13 08:57:53.407 D/WindowManager( 1813): Collecting in transition 6358: ActivityRecord{39213cd u0 com.skillsroom.mobile/.MainActivity init visibleRequested:false
07-13 08:57:53.408 I/MessageMonitor(19219): Load libmiui_runtime
07-13 08:57:53.410 D/MiuiFreeFormManagerService( 1813): activeOrFullscreenFreeformTaskIfNeed startDefaultAr:false
07-13 08:57:53.411 I/PowerHalWrapper( 1813): PowerHalWrapper.getInstance 
07-13 08:57:53.411 D/PerfMTKStubImpl( 1813): initBoostParamByDevice
07-13 08:57:53.411 D/OneHandedController( 2459): stopOneHanded state is 0
07-13 08:57:53.414 E/BufferQueueDebug( 1133): [Task=5358#77900](this:0xb40000785b404a30,id:-1,api:0,p:-1,c:-1) id info cannot be read from 'Task=5358#77900'
07-13 08:57:53.414 D/SymlinkUtils( 1813): attachApplication file op go pass: 1 ms
07-13 08:57:53.414 I/BufferQueueDebug( 1133): [Task=5358#77900](this:0xb40000785b404a30,id:-1,api:0,p:-1,c:-1) BufferQueue core=(1133:/system/bin/surfaceflinger)
07-13 08:57:53.415 I/SmartPower: com.google.android.googlequicksearchbox:googleapp/10174(19219)( 1813): died->background(133829ms) R(process start ) adj=-10000.
07-13 08:57:53.419 W/Activity( 2470): PerfMonitor: Slow Operation: Activity com.miui.home/.launcher.Launcher onStart took 176ms
07-13 08:57:53.420 I/PowerHalWrapper( 1813): amsBoostNotify pid:2470,activity:com.miui.home.launcher.Launcher, package:com.miui.home, mProcessCreatePackcom.skillsroom.mobile 
07-13 08:57:53.420 I/PowerHalWrapper( 1813): state: 1 
07-13 08:57:53.422 I/mtkpower_client( 1813): [Legacy][PowerHal_Wrap_notifyAppState] com.miui.home/com.miui.home.launcher.Launcher pid=2470 state:1
07-13 08:57:53.423 D/C2MtkBufferManager( 1041): over 5000ms not request from VCodec but callback hooked, slow BM Cc fetch thread
07-13 08:57:53.423 I/libPowerHal( 1059): [perfNotifyAppState] pack:com.miui.home, act:com.miui.home.launcher.Launcher, state:1, pid:2470, uid:10166, fps:-1
07-13 08:57:53.423 I/libPowerHal( 1059): [perfNotifyAppState] foreground:com.miui.home, pid:2470, uid:10166
07-13 08:57:53.423 I/PowerHalWrapper( 1813): amsBoostNotify AMS_BOOST_PROCESS_CREATE_BOOST:false 
07-13 08:57:53.424 D/WindowManager( 1813): setLockTaskAuth: task=Task{eefb3d0 #5358 type=standard A=10210:com.skillsroom.mobile} mLockTaskAuth=LOCK_TASK_AUTH_PINNABLE
07-13 08:57:53.424 D/WindowManager( 1813): Collecting in transition 6358: Task{eefb3d0 #5358 type=standard A=10210:com.skillsroom.mobile} init visibleRequested:false
07-13 08:57:53.426 D/CompatibilityChangeReporter( 1813): Compat change id reported: 184838306; UID 10210; state: DISABLED
07-13 08:57:53.427 D/CompatibilityChangeReporter( 1813): Compat change id reported: 185004937; UID 10210; state: DISABLED
07-13 08:57:53.429 E/BufferQueueDebug( 1133): [ActivityRecord{39213cd u0 com.skillsroom.mobile/.MainActivity t5358}#77901](this:0xb400007855a68a30,id:-1,api:0,p:-1,c:-1) id info cannot be read from 'ActivityRecord{39213cd u0 com.skillsroom.mobile/.MainActivity t5358}#77901'
07-13 08:57:53.430 I/BufferQueueDebug( 1133): [ActivityRecord{39213cd u0 com.skillsroom.mobile/.MainActivity t5358}#77901](this:0xb400007855a68a30,id:-1,api:0,p:-1,c:-1) BufferQueue core=(1133:/system/bin/surfaceflinger)
07-13 08:57:53.431 I/LauncherOverlayCallback( 3531): handleMessage WHAT_LAUNCHER_STATE what：1
07-13 08:57:53.431 I/UxUtility( 1059): notifyForegroundApp pack:com.miui.home, uid:10166
07-13 08:57:53.431 I/TouchUtility( 1059): notifyAppState error = NULL
07-13 08:57:53.431 D/LauncherOverlay.Window( 3531): launcherState 1
07-13 08:57:53.431 D/LauncherOverlay.Window( 3531): resumedStateNow 0,resumedStateNew = 0
07-13 08:57:53.432 I/mtkpower@impl( 1059): [notifyAppState] pc:0, com.skillsroom.mobile => com.miui.home
07-13 08:57:53.432 D/WindowManager( 1813): setLockTaskAuth: task=Task{eefb3d0 #5358 type=standard A=10210:com.skillsroom.mobile} mLockTaskAuth=LOCK_TASK_AUTH_PINNABLE
07-13 08:57:53.433 D/MiuiFreeFormManagerService( 1813): onStartActivityInner as = Task{eefb3d0 #5358 type=standard A=10210:com.skillsroom.mobile} op = null
07-13 08:57:53.435 I/mtkpower@impl( 1059): [setMode] type:5, enabled:1
07-13 08:57:53.436 I/libPowerHal( 1059): [perfLockAcq] idx:6 hdl:244836 hint:11 pid:1059 duration:30000 lock_user:mtkpower@1.0-se => ret_hdl:244836
07-13 08:57:53.436 D/ActivityTaskManager( 1813): Task#startActivityLocked isOrhasTask=true newTask=true
07-13 08:57:53.436 I/ThermalBreakConfigReader( 1059): [getTargetfreqinfo] [getTargetfreqinfo] hint get target result freq:boost:1 cpu0:1800000 cpu6:2000000 cpumask:ff
07-13 08:57:53.436 I/ExtendedPerfBoost( 1059): [thermalbreak_verification] needbreak curr breakmode 1, scence id 0, set: boost:1 cpu0:1800000 cpu6:2000000 cpumask:ff
07-13 08:57:53.436 I/ExtendedPerfBoost( 1059): [triggerList_add] [triggerList_add] come into triggerList_add
07-13 08:57:53.436 I/ExtendedPerfBoost( 1059): [triggerList_add] get item from freelist 0x76b7cb7ab8
07-13 08:57:53.436 I/ExtendedPerfBoost( 1059): [triggerList_add] init new item prio:2, duration:3000, param:boost:1 cpu0:1800000 cpu6:2000000 cpumask:ff
07-13 08:57:53.436 I/ExtendedPerfBoost( 1059): [triggerList_add] add item prio in empty list
07-13 08:57:53.436 I/ExtendedPerfBoost( 1059): [trig_thermalbreak] trigger one node
07-13 08:57:53.436 I/ExtendedUtils( 1059): [timer_sampling_set] come in timer_sampling_set, duration :3000
07-13 08:57:53.436 I/ExtendedUtils( 1059): [settimer] come in settimer, time_now :621976818, time_end: 621979818
07-13 08:57:53.436 I/ExtendedPerfBoost( 1059): [setThermalBreak] [setThermalBreak] : boost:1 cpu0:1800000 cpu6:2000000 cpumask:ff
07-13 08:57:53.443 D/CompatibilityChangeReporter( 1813): Compat change id reported: 205907456; UID 10210; state: ENABLED
07-13 08:57:53.443 D/C2MtkBufferManager( 1041): over 5000ms not request from VCodec but callback hooked, slow BM Cc fetch thread
07-13 08:57:53.445 I/PowerHalWrapper( 1813): amsBoostNotify pid:2470,activity:com.miui.home.launcher.Launcher, package:com.miui.home, mProcessCreatePackcom.skillsroom.mobile 
07-13 08:57:53.445 I/PowerHalWrapper( 1813): state: 0 
07-13 08:57:53.446 I/mtkpower_client( 1813): [Legacy][PowerHal_Wrap_notifyAppState] com.miui.home/com.miui.home.launcher.Launcher pid=2470 state:0
07-13 08:57:53.446 I/libPowerHal( 1059): [perfNotifyAppState] pack:com.miui.home, act:com.miui.home.launcher.Launcher, state:0, pid:2470, uid:10166, fps:-1
07-13 08:57:53.447 I/PowerHalWrapper( 1813): amsBoostNotify AMS_BOOST_PROCESS_CREATE_BOOST:false 
07-13 08:57:53.449 D/WindowManager( 1813): Set transition=TransitionRecord{e60a9d1 id=6358 type=CLOSE flags=0x0}, ready=false, SyncId=6358 used=true, override=false, defer=0, states=Display{#0 state=ON size=720x1600 ROTATION_0}:false
07-13 08:57:53.449 I/PowerHalWrapper( 1813): <amsBoostResume> last:null, next:com.skillsroom.mobile 
07-13 08:57:53.450 W/ServiceManagerCppClient( 1813): Failed to get isDeclared for vendor.mediatek.hardware.mtkpower.IMtkPowerService/default: Status(-1, EX_SECURITY): 'SELinux denied.'
07-13 08:57:53.450 I/mtkpower_client( 1813): IMtkPowerService_isDeclared 0
07-13 08:57:53.451 W/ServiceManagerCppClient( 1813): Failed to get isDeclared for vendor.mediatek.hardware.mtkpower.IMtkPowerService/default: Status(-1, EX_SECURITY): 'SELinux denied.'
07-13 08:57:53.451 I/mtkpower_client( 1813): IMtkPowerService_isDeclared 0
07-13 08:57:53.452 I/libPowerHal( 1059): [perfLockAcq] idx:7 hdl:244837 hint:22 pid:1059 duration:10000 lock_user:mtkpower@1.0-se => ret_hdl:244837
07-13 08:57:53.452 I/libPowerHal( 1059): [perfLockRel] hdl:244835, idx:5
07-13 08:57:53.454 I/ActivityTaskManager( 1813): Add Task{33ef3dd #5356 type=standard A=10210:com.skillsroom.mobile} to hidden list because adding Task{eefb3d0 #5358 type=standard A=10210:com.skillsroom.mobile}
07-13 08:57:53.455 D/WindowManager( 1813): Collecting in transition 6358: ActivityRecord{39213cd u0 com.skillsroom.mobile/.MainActivity t5358} init visibleRequested:false
07-13 08:57:53.455 D/WindowManager( 1813): Set transition=TransitionRecord{e60a9d1 id=6358 type=CLOSE flags=0x0}, ready=false, SyncId=6358 used=true, override=false, defer=0, states=Display{#0 state=ON size=720x1600 ROTATION_0}:false
07-13 08:57:53.458 D/SurfaceFlinger( 1133): [SF client] NEW(0xb40000786c235e80) for (2459:com.android.systemui)
07-13 08:57:53.461 D/MiuiFullScreenTaskRepository( 2459): setFocusedTask taskId=1, displayId=0, topActivity=ComponentInfo{com.miui.home/com.miui.home.launcher.Launcher}
07-13 08:57:53.461 I/ActivityTaskManager( 1813): START u0 {flg=0x10000000 cmp=com.skillsroom.mobile/.MainActivity} with LAUNCH_SINGLE_TASK from uid 2000 (BAL_ALLOW_PERMISSION) result code=0
07-13 08:57:53.462 D/MiuiFullScreenTaskRepository( 2459): addOrUpdateFullScreenTaskInfo taskId=1, topActivity=ComponentInfo{com.miui.home/com.miui.home.launcher.Launcher}
07-13 08:57:53.462 D/ActivityManager( 1813): getProcessesInErrorState callingUid=10288, CallingPid=19459
07-13 08:57:53.463 D/CompatibilityChangeReporter( 1813): Compat change id reported: 168419799; UID 10174; state: DISABLED
07-13 08:57:53.463 D/CompatibilityChangeReporter( 1813): Compat change id reported: 273564678; UID 10174; state: DISABLED
07-13 08:57:53.464 D/C2MtkBufferManager( 1041): over 5000ms not request from VCodec but callback hooked, slow BM Cc fetch thread
07-13 08:57:53.466 D/TaskStackChangeListeners( 2470): onTaskDescriptionChanged =  taskId = 5358
07-13 08:57:53.467 D/MiuiMultiWindowUtils( 1813): DeviceLevel.IS_MIUI_LITE_VERSION 2.0 not support miui multiWindowgale
07-13 08:57:53.468 D/AppObserver( 2470): ForegroundInfo{mForegroundPackageName='com.miui.home', mForegroundUid=10166, mForegroundPid=2470, mLastForegroundPackageName='com.miui.home', mLastForegroundUid=10166, mLastForegroundPid=2470, mMultiWindowForegroundPackageName='com.miui.home', mMultiWindowForegroundUid=10166, mFlags=0}
07-13 08:57:53.468 I/AutoStartManagerServiceStubImpl( 1813): MIUILOG- Reject service :Intent { act=android.content.SyncAdapter cmp=com.google.android.calendar/com.google.android.apps.calendar.vagabond.tasks.impl.sync.PlatformSync$SyncService (has extras) } userId : 0 uid : 10178
07-13 08:57:53.468 E/SyncManager( 1813): Bind attempt failed - target: ComponentInfo{com.google.android.calendar/com.google.android.apps.calendar.vagabond.tasks.impl.sync.PlatformSync$SyncService}
07-13 08:57:53.469 W/ActivityManager( 1813): Slow operation: 54ms so far, now at attachApplicationLocked: immediately before bindApplication
07-13 08:57:53.469 D/MiuiDesktopModeController( 2459): onFocusTaskChanged newFocus: TaskInfo{userId=0 taskId=1 displayId=0 isRunning=true baseIntent=Intent { act=android.intent.action.MAIN cat=[android.intent.category.HOME] flg=0x10000100 cmp=com.miui.home/.launcher.Launcher } baseActivity=ComponentInfo{com.miui.home/com.miui.home.launcher.Launcher} topActivity=ComponentInfo{com.miui.home/com.miui.home.launcher.Launcher} origActivity=null realActivity=null numActivities=1 lastActiveTime=52422 supportsSplitScreenMultiWindow=true supportsMultiWindow=true resizeMode=2 isResizeable=true minWidth=-1 minHeight=-1 defaultMinSize=200 token=WCT{android.window.IWindowContainerToken$Stub$Proxy@2058e67} topActivityType=2 pictureInPictureParams=null shouldDockBigOverlays=false launchIntoPipHostTaskId=-1 lastParentTaskIdBeforePip=-1 displayCutoutSafeInsets=null topActivityInfo=ActivityInfo{86b3414 com.miui.home.launcher.Launcher} launchCookies=[] positionInParent=Point(0, 0) parentTaskId=-1 isFocused=true isVisible=false isVisibleRequested=true isSleeping=false topActivityInSizeCompat=false topActivityEligibleForLetterboxEducation= false topActivityLetterboxed= false isFromDoubleTap= false topActivityLetterboxVerticalPosition= -1 topActivityLetterboxHorizontalPosition= -1 topActivityLetterboxWidth=-1 topActivityLetterboxHeight=-1 locusId=null displayAreaFeatureId=1 cameraCompatControlState=hidden mIsCastMode=false mTopActivityMediaSize=null mTopActivityRecordName=ActivityRecord{8061640 u0 com.miui.home/.launcher.Launcher t2} mTopActivityOrientation=1 mTopActivityWindowIsNowVisible=false isTranslucent=false isEmbedded=false shouldBeVisible=true mBehindAppLockPkg=null mOriginatingUid=0}
07-13 08:57:53.469 D/MiuiFreeformModeController( 2459): onFocusTaskChanged taskInfo: TaskInfo{userId=0 taskId=1 displayId=0 isRunning=true baseIntent=Intent { act=android.intent.action.MAIN cat=[android.intent.category.HOME] flg=0x10000100 cmp=com.miui.home/.launcher.Launcher } baseActivity=ComponentInfo{com.miui.home/com.miui.home.launcher.Launcher} topActivity=ComponentInfo{com.miui.home/com.miui.home.launcher.Launcher} origActivity=null realActivity=null numActivities=1 lastActiveTime=52422 supportsSplitScreenMultiWindow=true supportsMultiWindow=true resizeMode=2 isResizeable=true minWidth=-1 minHeight=-1 defaultMinSize=200 token=WCT{android.window.IWindowContainerToken$Stub$Proxy@2058e67} topActivityType=2 pictureInPictureParams=null shouldDockBigOverlays=false launchIntoPipHostTaskId=-1 lastParentTaskIdBeforePip=-1 displayCutoutSafeInsets=null topActivityInfo=ActivityInfo{86b3414 com.miui.home.launcher.Launcher} launchCookies=[] positionInParent=Point(0, 0) parentTaskId=-1 isFocused=true isVisible=false isVisibleRequested=true isSleeping=false topActivityInSizeCompat=false topActivityEligibleForLetterboxEducation= false topActivityLetterboxed= false isFromDoubleTap= false topActivityLetterboxVerticalPosition= -1 topActivityLetterboxHorizontalPosition= -1 topActivityLetterboxWidth=-1 topActivityLetterboxHeight=-1 locusId=null displayAreaFeatureId=1 cameraCompatControlState=hidden mIsCastMode=false mTopActivityMediaSize=null mTopActivityRecordName=ActivityRecord{8061640 u0 com.miui.home/.launcher.Launcher t2} mTopActivityOrientation=1 mTopActivityWindowIsNowVisible=false isTranslucent=false isEmbedded=false shouldBeVisible=true mBehindAppLockPkg=null mOriginatingUid=0}
07-13 08:57:53.470 D/PerfEngineController( 7233): ForegroundInfo{mForegroundPackageName='com.miui.home', mForegroundUid=10166, mForegroundPid=2470, mLastForegroundPackageName='com.miui.home', mLastForegroundUid=10166, mLastForegroundPid=2470, mMultiWindowForegroundPackageName='com.miui.home', mMultiWindowForegroundUid=10166, mFlags=0}
07-13 08:57:53.471 D/t1      ( 5491): myUserId = 0	currentUserId0
07-13 08:57:53.471 W/libc    ( 2459): Access denied finding property "ro.vendor.display.iris_x7.support"
07-13 08:57:53.471 D/OneHandedController( 2459): stopOneHanded state is 0
07-13 08:57:53.472 D/ActivityManager( 1813): getProcessesInErrorState callingUid=10279, CallingPid=443
07-13 08:57:53.472 D/VRI[mobile]( 2459): hardware acceleration = true, forceHwAccelerated = false
07-13 08:57:53.472 W/ActivityManager( 1813): Slow operation: 58ms so far, now at attachApplicationLocked: immediately after bindApplication
07-13 08:57:53.472 W/ActivityManager( 1813): Slow operation: 58ms so far, now at attachApplicationLocked: after updateLruProcessLocked
07-13 08:57:53.474 D/WindowManager( 1813): Collecting in transition 6358: ActivityRecord{39213cd u0 com.skillsroom.mobile/.MainActivity t5358} init visibleRequested:false
07-13 08:57:53.474 D/WindowManager( 1813): Collecting in transition 6358: ActivityRecord{8061640 u0 com.miui.home/.launcher.Launcher t2} init visibleRequested:true
07-13 08:57:53.476 D/OneHandedController( 2459): stopOneHanded state is 0
07-13 08:57:53.479 E/BufferQueueDebug( 1133): [d2aef85 Splash Screen com.skillsroom.mobile#77902](this:0xb400007855a6ba30,id:-1,api:0,p:-1,c:-1) id info cannot be read from 'd2aef85 Splash Screen com.skillsroom.mobile#77902'
07-13 08:57:53.479 I/BufferQueueDebug( 1133): [d2aef85 Splash Screen com.skillsroom.mobile#77902](this:0xb400007855a6ba30,id:-1,api:0,p:-1,c:-1) BufferQueue core=(1133:/system/bin/surfaceflinger)
07-13 08:57:53.480 I/MiuiNetworkPolicy( 1813): updateUidState uid = 10174, uidState = 3
07-13 08:57:53.484 D/C2MtkBufferManager( 1041): over 5000ms not request from VCodec but callback hooked, slow BM Cc fetch thread
07-13 08:57:53.485 D/Launcher.Lifecycle( 2470): onResume:UserHandle{0},63f4ca8,false
07-13 08:57:53.486 W/Settings( 2470): Setting device_provisioned has moved from android.provider.Settings.Secure to android.provider.Settings.Global.
07-13 08:57:53.487 D/TaskSnapshot_Helper( 2459): app is not pre-defined.
07-13 08:57:53.491 D/CompatibilityChangeReporter(19219): Compat change id reported: 171979766; UID 10174; state: ENABLED
07-13 08:57:53.491 D/CompatibilityChangeReporter(19219): Compat change id reported: 242716250; UID 10174; state: ENABLED
07-13 08:57:53.494 I/PowerHalWrapper( 1813): amsBoostProcessCreate package:com.skillsroom.mobile 
07-13 08:57:53.496 W/ServiceManagerCppClient( 1813): Failed to get isDeclared for vendor.mediatek.hardware.mtkpower.IMtkPowerService/default: Status(-1, EX_SECURITY): 'SELinux denied.'
07-13 08:57:53.496 I/mtkpower_client( 1813): IMtkPowerService_isDeclared 0
07-13 08:57:53.497 W/ServiceManagerCppClient( 1813): Failed to get isDeclared for vendor.mediatek.hardware.mtkpower.IMtkPowerService/default: Status(-1, EX_SECURITY): 'SELinux denied.'
07-13 08:57:53.497 I/mtkpower_client( 1813): IMtkPowerService_isDeclared 0
07-13 08:57:53.498 E/BufferQueueDebug( 1133): [Splash Screen com.skillsroom.mobile#77903](this:0xb40000785b40ea30,id:-1,api:0,p:-1,c:-1) id info cannot be read from 'Splash Screen com.skillsroom.mobile#77903'
07-13 08:57:53.499 I/BufferQueueDebug( 1133): [Splash Screen com.skillsroom.mobile#77903](this:0xb40000785b40ea30,id:-1,api:0,p:-1,c:-1) BufferQueue core=(1133:/system/bin/surfaceflinger)
07-13 08:57:53.501 D/SoscSplitStateController( 2470): updateDividerFixedState: isFixed = true
07-13 08:57:53.501 W/libprocessgroup( 1813): SetCgroup::ExecuteForProcess: failed to open /dev/blkio//cgroup.procs: No such file or directory
07-13 08:57:53.501 D/CompatibilityChangeReporter( 1813): Compat change id reported: 170503758; UID 10174; state: ENABLED
07-13 08:57:53.501 D/Launcher.FullbackHome( 2470): FallbackHomeCompat::needKillSelf::needKillSelf = false
07-13 08:57:53.502 I/libPowerHal( 1059): [perfLockAcq] idx:5 hdl:244838 hint:21 pid:1059 duration:10000 lock_user:mtkpower@1.0-se => ret_hdl:244838
07-13 08:57:53.502 D/CompatibilityChangeReporter( 1813): Compat change id reported: 135634846; UID 10210; state: DISABLED
07-13 08:57:53.502 D/CompatibilityChangeReporter( 1813): Compat change id reported: 177438394; UID 10210; state: DISABLED
07-13 08:57:53.502 D/CompatibilityChangeReporter( 1813): Compat change id reported: 135772972; UID 10210; state: DISABLED
07-13 08:57:53.502 D/CompatibilityChangeReporter( 1813): Compat change id reported: 135754954; UID 10210; state: ENABLED
07-13 08:57:53.503 I/libPowerHal( 1059): [PE] MTKPOWER_HINT_PROCESS_CREATE update cmd:2020000, param:15
07-13 08:57:53.504 D/SoScSplitScreenController( 2459): updateDividerFixedState isFixed:true
07-13 08:57:53.504 D/C2MtkBufferManager( 1041): over 5000ms not request from VCodec but callback hooked, slow BM Cc fetch thread
07-13 08:57:53.506 I/libPowerHal( 1059): [PE] MTKPOWER_HINT_PROCESS_CREATE update cmd:1410000, param:1
07-13 08:57:53.507 I/MiuiNetworkPolicy( 1813): updateUidState uid = 10157, uidState = 3
07-13 08:57:53.507 D/RecentsModel( 2470): onTaskStackChangedBackground
07-13 08:57:53.507 D/EventBus( 2470): No subscribers registered for event class com.miui.home.recents.messages.RecentTasksChangedEvent
07-13 08:57:53.507 D/EventBus( 2470): No subscribers registered for event class org.greenrobot.eventbus.NoSubscriberEvent
07-13 08:57:53.507 D/RecentsModel( 2470): onTaskStackChangedBackground
07-13 08:57:53.507 D/EventBus( 2470): No subscribers registered for event class com.miui.home.recents.messages.RecentTasksChangedEvent
07-13 08:57:53.507 D/EventBus( 2470): No subscribers registered for event class org.greenrobot.eventbus.NoSubscriberEvent
07-13 08:57:53.508 D/CompatibilityChangeReporter( 1813): Compat change id reported: 143937733; UID 10210; state: ENABLED
07-13 08:57:53.508 D/RecentsModel( 2470): onTaskStackChangedBackground    MSG_TASK_STACK_CHANGE
07-13 08:57:53.508 D/RecentsModel( 2470): preloadRecents
07-13 08:57:53.508 W/RecentsModel( 2470): getRunningTask
07-13 08:57:53.510 W/ProcessStats( 1813): Tracking association SourceState{38758b8 com.google.android.gms/10157 BTop #2344106} whose proc state 2 is better than process ProcessState{b6a3c10 com.google.android.webview:sandboxed_process0:org.chromium.content.app.SandboxedProcessService0:0/10157 pkg=com.google.android.gms} proc state 3 (2 skipped)
07-13 08:57:53.510 D/LauncherAssistantCompatGoogle( 2470): onResume com.google.android.libraries.gsa.launcherclient.LauncherClient@80e5266
07-13 08:57:53.511 D/Launcher_UnlockAnimationStateMachine( 2470): onResume = IDLE
07-13 08:57:53.513 I/MiuiNetworkPolicy( 1813): updateUidState uid = 99051, uidState = 3
07-13 08:57:53.513 I/MiuiNetworkPolicy( 1813): updateUidState uid = 10240, uidState = 3
07-13 08:57:53.515 D/BoundBrokerSvc( 8414): onBind: Intent { act=com.google.android.gms.measurement.START pkg=com.google.android.gms }
07-13 08:57:53.515 D/BoundBrokerSvc( 8414): Loading bound service for intent: Intent { act=com.google.android.gms.measurement.START pkg=com.google.android.gms }
07-13 08:57:53.517 D/BufferQueueConsumer( 2459): [](id:99b00000b26,api:0,p:-1,c:2459) connect: controlledByApp=false
07-13 08:57:53.519 D/CoreBackPreview( 1813): Window{d2aef85 u0 Splash Screen com.skillsroom.mobile}: Setting back callback OnBackInvokedCallbackInfo{mCallback=android.window.IOnBackInvokedCallback$Stub$Proxy@e537b83, mPriority=0, mIsAnimationCallback=false}
07-13 08:57:53.520 D/VRI[mobile]( 2459): vri.reportNextDraw android.view.ViewRootImpl.performTraversals:4402 android.view.ViewRootImpl.doTraversal:3018 android.view.ViewRootImpl$TraversalRunnable.run:10526 android.view.Choreographer$CallbackRecord.run:1682 android.view.Choreographer$CallbackRecord.run:1691 
07-13 08:57:53.520 D/VRI[mobile]( 2459): vri.Setup new sync=wmsSync-VRI[mobile]#33
07-13 08:57:53.521 D/Zygote  ( 1023): Forked child process 19236
07-13 08:57:53.523 I/Launcher( 2470): changeMIUIWidgetEditMode false
07-13 08:57:53.523 E/OpenGLRenderer( 2459): Unable to match the desired swap behavior.
07-13 08:57:53.525 D/C2MtkBufferManager( 1041): over 5000ms not request from VCodec but callback hooked, slow BM Cc fetch thread
07-13 08:57:53.526 D/nativeloader(19219): Configuring clns-4 for other apk /system/framework/org.apache.http.legacy.jar. target_sdk_version=37, uses_libraries=ALL, library_path=/data/app/~~Z-HmI1stqjfbfkWhJgGGiQ==/com.google.android.googlequicksearchbox-QHCqd3nTI1c_r9Njs0kq1w==/lib/arm64:/data/app/~~Z-HmI1stqjfbfkWhJgGGiQ==/com.google.android.googlequicksearchbox-QHCqd3nTI1c_r9Njs0kq1w==/base.apk!/lib/arm64-v8a:/data/app/~~Z-HmI1stqjfbfkWhJgGGiQ==/com.google.android.googlequicksearchbox-QHCqd3nTI1c_r9Njs0kq1w==/split_config.xhdpi.apk!/lib/arm64-v8a:/data/app/~~Z-HmI1stqjfbfkWhJgGGiQ==/com.google.android.googlequicksearchbox-QHCqd3nTI1c_r9Njs0kq1w==/split_lens_ondevice_engine_feature_module.apk!/lib/arm64-v8a:/data/app/~~Z-HmI1stqjfbfkWhJgGGiQ==/com.google.android.googlequicksearchbox-QHCqd3nTI1c_r9Njs0kq1w==/split_lens_ondevice_engine_play_ml_module.apk!/lib/arm64-v8a, permitted_path=/data:/mnt/expand:/data/user/0/com.google.android.googlequicksearchbox
07-13 08:57:53.526 D/nativeloader(19219): Extending system_exposed_libraries: libapuwareapusys.mtk.so:libapuwareapusys_v2.mtk.so:libapuwarexrp.mtk.so:libapuwarexrp_v2.mtk.so:libapuwareutils.mtk.so:libapuwareutils_v2.mtk.so:libapuwarehmp.mtk.so:libmcv_runtime_usdk.mtk.so:libneuron_graph_delegate.mtk.so:libneuronusdk_adapter.mtk.so:libtflite_mtk.mtk.so:libarmnn_ndk.mtk.so:libcmdl_ndk.mtk.so:libnir_neon_driver_ndk.mtk.so:libmvpu_runtime.mtk.so:libmvpu_runtime_pub.mtk.so:libmvpu_engine_pub.mtk.so:libmvpu_pattern_pub.mtk.so:libmvpuop_mtk_cv.mtk.so:libmvpuop_mtk_nn.mtk.so:libmvpu_runtime_25.mtk.so:libmvpu_runtime_25_pub.mtk.so:libmvpu_engine_25_pub.mtk.so:libmvpu_pattern_25_pub.mtk.so:libmvpuop25_mtk_cv.mtk.so:libmvpuop25_mtk_nn.mtk.so:libmvpu_config.mtk.so:libteeservice_client.trustonic.so:libmisys_jni.xiaomi.so
07-13 08:57:53.526 D/OpenGLRenderer( 2459): makeCurrent grContext:0xb400007c8cc6f720 reset mTextureAvailable
07-13 08:57:53.528 I/ActivityManager( 1813): Start proc 19236:com.skillsroom.mobile/u0a210 for next-top-activity {com.skillsroom.mobile/com.skillsroom.mobile.MainActivity} caller=com.android.shell
07-13 08:57:53.532 W/RecentsModel( 2470): getRunningTask   taskInfo=TaskInfo{userId=0 taskId=5358 displayId=0 isRunning=true baseIntent=Intent { flg=0x10000000 cmp=com.skillsroom.mobile/.MainActivity } baseActivity=ComponentInfo{com.skillsroom.mobile/com.skillsroom.mobile.MainActivity} topActivity=ComponentInfo{com.skillsroom.mobile/com.skillsroom.mobile.MainActivity} origActivity=null realActivity=ComponentInfo{com.skillsroom.mobile/com.skillsroom.mobile.MainActivity} numActivities=1 lastActiveTime=691073174 supportsSplitScreenMultiWindow=true supportsMultiWindow=true resizeMode=1 isResizeable=true minWidth=-1 minHeight=-1 defaultMinSize=200 token=WCT{android.window.IWindowContainerToken$Stub$Proxy@1a85df9} topActivityType=1 pictureInPictureParams=null shouldDockBigOverlays=false launchIntoPipHostTaskId=-1 lastParentTaskIdBeforePip=-1 displayCutoutSafeInsets=Rect(0, 68 - 0, 0) topActivityInfo=ActivityInfo{8e8113e com.skillsroom.mobile.MainActivity} launchCookies=[] positionInParent=Point(0, 0) parentTaskId=-1 isFocused=false isVisible=false isVisibleRequested=true isSleeping=false topActivityInSizeCompat=false topActivityEligibleForLetterboxEducation= false topActivityLetterboxed= false isFromDoubleTap= false topActivityLetterboxVerticalPosition= -1 topActivityLetterboxHorizontalPosition= -1 topActivityLetterboxWidth=-1 topActivityLetterboxHeight=-1 locusId=null displayAreaFeatureId=1 cameraCompatControlState=hidden mIsCastMode=false mTopActivityMediaSize=null mTopActivityRecordName=ActivityRecord{39213cd u0 com.skillsroom.mobile/.MainActivity t5358} mTopActivityOrientation=1 mTopActivityWindowIsNowVisible=false isTranslucent=false isEmbedded=false shouldBeVisible=true mBehindAppLockPkg=null mOriginatingUid=0}
07-13 08:57:53.532 W/RecentsModel( 2470): getTaskInfoIgnoreHomeAndFreeform   taskInfo=ComponentInfo{com.skillsroom.mobile/com.skillsroom.mobile.MainActivity}
07-13 08:57:53.532 E/Zygote  (19236): process_name_ptr:19236 com.skillsroom.mobile
07-13 08:57:53.533 E/ActivityManagerWrapper( 2470): get all recent tasks force including 5358
07-13 08:57:53.534 I/MiuiNetworkPolicy( 1813): updateUidState uid = 10210, uidState = 19
07-13 08:57:53.540 I/AutoStartManagerServiceStubImpl( 1813): MIUILOG- Reject service :Intent { act=android.content.SyncAdapter cmp=com.google.android.calendar/com.google.android.syncadapters.calendar.CalendarSyncAdapterService (has extras) } userId : 0 uid : 10178
07-13 08:57:53.540 E/SyncManager( 1813): Bind attempt failed - target: ComponentInfo{com.google.android.calendar/com.google.android.syncadapters.calendar.CalendarSyncAdapterService}
07-13 08:57:53.543 E/ActivityManagerWrapper( 2470): getRecentTasks: size=10
07-13 08:57:53.543 E/ActivityManagerWrapper( 2470): getRecentTasks: mainTaskId=5358   userId=0   windowMode=1   baseIntent=Intent { act=null flag=268435456 cmp=ComponentInfo{com.skillsroom.mobile/com.skillsroom.mobile.MainActivity} }
07-13 08:57:53.543 E/ActivityManagerWrapper( 2470): getRecentTasks: mainTaskId=5357   userId=0   windowMode=1   baseIntent=Intent { act=com.whatsapp.w4b.intent.action.ACCEPT_CALL flag=276824064 cmp=ComponentInfo{com.whatsapp.w4b/com.whatsapp.calling.ui.VoipActivityV2} }
07-13 08:57:53.543 E/ActivityManagerWrapper( 2470): getRecentTasks: mainTaskId=5344   userId=0   windowMode=1   baseIntent=Intent { act=android.intent.action.MAIN flag=270532608 cmp=ComponentInfo{com.facebook.lite/com.facebook.lite.MainActivity} }
07-13 08:57:53.543 E/ActivityManagerWrapper( 2470): getRecentTasks: mainTaskId=5341   userId=0   windowMode=1   baseIntent=Intent { act=android.intent.action.MAIN flag=270532608 cmp=ComponentInfo{com.whatsapp.w4b/com.whatsapp.Main} }
07-13 08:57:53.543 E/ActivityManagerWrapper( 2470): getRecentTasks: mainTaskId=5336   userId=0   windowMode=1   baseIntent=Intent { act=android.intent.action.MAIN flag=270532608 cmp=ComponentInfo{com.google.android.dialer/com.google.android.dialer.extensions.GoogleDialtactsActivity} }
07-13 08:57:53.543 E/ActivityManagerWrapper( 2470): getRecentTasks: mainTaskId=5335   userId=0   windowMode=1   baseIntent=Intent { act=android.intent.action.MAIN flag=270532608 cmp=ComponentInfo{com.shaiban.audioplayer.mplayer/com.shaiban.audioplayer.mplayer.app.navigation.NavigatingActivity} }
07-13 08:57:53.543 E/ActivityManagerWrapper( 2470): getRecentTasks: mainTaskId=5287   userId=0   windowMode=1   baseIntent=Intent { act=android.intent.action.MAIN flag=270532608 cmp=ComponentInfo{ng.mtn.nextgen/ng.mtn.nextgen.MainActivity} }
