07-13 08:58:07.898 D/UiModeManager( 1813): updateConfigurationLocked: mDockState=0; mCarMode=false; mCar=false; mPowerSave=false; mComputedNightMode=false; mNightMode=0; uiMode=28
07-13 08:58:07.900 D/C2MtkBufferManager( 1041): over 5000ms not request from VCodec but callback hooked, slow BM Cc fetch thread
07-13 08:58:07.901 I/PowerSaveService( 5491): onReceive: android.intent.action.BATTERY_CHANGED
07-13 08:58:07.902 D/PowerCheckerService( 7233): onBatteryChanged, mBatteryLevel = 78, status = 2, level = 78, plug = 2, scale = 100
07-13 08:58:07.902 D/PowerKeeper.FrozenApp( 7233): onBatteryChanged plug=true mBatteryPlugged=2
07-13 08:58:07.903 I/PowerNoticeUI( 5491): handleBatteryChanged oldPlugType 2 mPlugType 2 oldBatteryLevel 78 mBatteryLevel 78 temperature 378
07-13 08:58:07.903 I/ChargerBatteryIntelligenceReceiver( 5491): onBatteryChanged temperature：37,plugType:2
07-13 08:58:07.904 D/PowerKeeper.Thermal( 7233): mBatteryTemperature: 37
07-13 08:58:07.908 I/gralloc4(19236): @set_metadata: update dataspace from GM (0x00000000 -> 0x08010000)
07-13 08:58:07.920 D/C2MtkBufferManager( 1041): over 5000ms not request from VCodec but callback hooked, slow BM Cc fetch thread
07-13 08:58:07.926 I/gralloc4(19236): @set_metadata: update dataspace from GM (0x00000000 -> 0x08010000)
07-13 08:58:07.941 D/C2MtkBufferManager( 1041): over 5000ms not request from VCodec but callback hooked, slow BM Cc fetch thread
07-13 08:58:07.943 I/gralloc4(19236): @set_metadata: update dataspace from GM (0x00000000 -> 0x08010000)
07-13 08:58:07.960 I/gralloc4(19236): @set_metadata: update dataspace from GM (0x00000000 -> 0x08010000)
07-13 08:58:07.961 D/C2MtkBufferManager( 1041): over 5000ms not request from VCodec but callback hooked, slow BM Cc fetch thread
07-13 08:58:07.976 I/gralloc4(19236): @set_metadata: update dataspace from GM (0x00000000 -> 0x08010000)
07-13 08:58:07.982 D/C2MtkBufferManager( 1041): over 5000ms not request from VCodec but callback hooked, slow BM Cc fetch thread
07-13 08:58:07.994 I/gralloc4(19236): @set_metadata: update dataspace from GM (0x00000000 -> 0x08010000)
07-13 08:58:07.998 D/MediaCodec(19459): [mId: 2] audio-debug Stats over last 5006ms:
07-13 08:58:07.999 D/MediaCodec(19459): [mId: 2] audio-debug Qinput: 0, DQinput: 0 success out of 5 tries
07-13 08:58:07.999 D/MediaCodec(19459): [mId: 2] audio-debug Render: 0, Drop: 0, DQoutput: 0 success out of 0 tries
07-13 08:58:08.003 D/C2MtkBufferManager( 1041): over 5000ms not request from VCodec but callback hooked, slow BM Cc fetch thread
07-13 08:58:08.011 I/gralloc4(19236): @set_metadata: update dataspace from GM (0x00000000 -> 0x08010000)
07-13 08:58:08.024 D/C2MtkBufferManager( 1041): over 5000ms not request from VCodec but callback hooked, slow BM Cc fetch thread
07-13 08:58:08.026 D/ActivityManager( 1813): getProcessesInErrorState callingUid=10288, CallingPid=19459
07-13 08:58:08.028 I/gralloc4(19236): @set_metadata: update dataspace from GM (0x00000000 -> 0x08010000)
07-13 08:58:08.033 D/ActivityManager( 1813): getProcessesInErrorState callingUid=10279, CallingPid=443
07-13 08:58:08.042 I/gralloc4(19236): @set_metadata: update dataspace from GM (0x00000000 -> 0x08010000)
07-13 08:58:08.044 D/C2MtkBufferManager( 1041): over 5000ms not request from VCodec but callback hooked, slow BM Cc fetch thread
07-13 08:58:08.061 I/gralloc4(19236): @set_metadata: update dataspace from GM (0x00000000 -> 0x08010000)
07-13 08:58:08.065 D/C2MtkBufferManager( 1041): over 5000ms not request from VCodec but callback hooked, slow BM Cc fetch thread
07-13 08:58:08.078 I/gralloc4(19236): @set_metadata: update dataspace from GM (0x00000000 -> 0x08010000)
07-13 08:58:08.085 D/C2MtkBufferManager( 1041): over 5000ms not request from VCodec but callback hooked, slow BM Cc fetch thread
07-13 08:58:08.096 I/gralloc4(19236): @set_metadata: update dataspace from GM (0x00000000 -> 0x08010000)
07-13 08:58:08.106 D/C2MtkBufferManager( 1041): over 5000ms not request from VCodec but callback hooked, slow BM Cc fetch thread
07-13 08:58:08.111 I/gralloc4(19236): @set_metadata: update dataspace from GM (0x00000000 -> 0x08010000)
07-13 08:58:08.115 I/beanpodkeymaster(  546): Enter BeanpodKeymaster BeginOperation
07-13 08:58:08.117 I/beanpodkeymaster(  546): cmd:4 Received 24 byte response
07-13 08:58:08.117 I/beanpodkeymaster(  546): Exit BeanpodKeymaster BeginOperation
07-13 08:58:08.119 I/beanpodkeymaster(  546): Enter BeanpodKeymaster UpdateOperation
07-13 08:58:08.119 I/beanpodkeymaster(  546): cmd:8 Received 393 byte response
07-13 08:58:08.119 I/beanpodkeymaster(  546): Exit BeanpodKeymaster UpdateOperation
07-13 08:58:08.120 I/beanpodkeymaster(  546): Enter BeanpodKeymaster FinishOperation
07-13 08:58:08.121 I/beanpodkeymaster(  546): cmd:c Received 20 byte response
07-13 08:58:08.121 I/beanpodkeymaster(  546): Exit BeanpodKeymaster FinishOperation
07-13 08:58:08.125 I/gralloc4(19236): @set_metadata: update dataspace from GM (0x00000000 -> 0x08010000)
07-13 08:58:08.126 D/C2MtkBufferManager( 1041): over 5000ms not request from VCodec but callback hooked, slow BM Cc fetch thread
07-13 08:58:08.134 I/beanpodkeymaster(  546): Enter BeanpodKeymaster BeginOperation
07-13 08:58:08.135 I/beanpodkeymaster(  546): cmd:4 Received 24 byte response
07-13 08:58:08.135 I/beanpodkeymaster(  546): Exit BeanpodKeymaster BeginOperation
07-13 08:58:08.137 I/beanpodkeymaster(  546): Enter BeanpodKeymaster UpdateOperation
07-13 08:58:08.137 I/beanpodkeymaster(  546): cmd:8 Received 88 byte response
07-13 08:58:08.138 I/beanpodkeymaster(  546): Exit BeanpodKeymaster UpdateOperation
07-13 08:58:08.139 I/beanpodkeymaster(  546): Enter BeanpodKeymaster FinishOperation
07-13 08:58:08.139 I/beanpodkeymaster(  546): cmd:c Received 20 byte response
07-13 08:58:08.140 I/beanpodkeymaster(  546): Exit BeanpodKeymaster FinishOperation
07-13 08:58:08.143 I/gralloc4(19236): @set_metadata: update dataspace from GM (0x00000000 -> 0x08010000)
07-13 08:58:08.147 D/C2MtkBufferManager( 1041): over 5000ms not request from VCodec but callback hooked, slow BM Cc fetch thread
07-13 08:58:08.154 I/beanpodkeymaster(  546): Enter BeanpodKeymaster BeginOperation
07-13 08:58:08.155 I/beanpodkeymaster(  546): cmd:4 Received 24 byte response
07-13 08:58:08.155 I/beanpodkeymaster(  546): Exit BeanpodKeymaster BeginOperation
07-13 08:58:08.157 I/beanpodkeymaster(  546): Enter BeanpodKeymaster UpdateOperation
07-13 08:58:08.157 I/beanpodkeymaster(  546): cmd:8 Received 393 byte response
07-13 08:58:08.157 I/beanpodkeymaster(  546): Exit BeanpodKeymaster UpdateOperation
07-13 08:58:08.159 I/beanpodkeymaster(  546): Enter BeanpodKeymaster FinishOperation
07-13 08:58:08.159 I/beanpodkeymaster(  546): cmd:c Received 20 byte response
07-13 08:58:08.159 I/beanpodkeymaster(  546): Exit BeanpodKeymaster FinishOperation
07-13 08:58:08.167 D/C2MtkBufferManager( 1041): over 5000ms not request from VCodec but callback hooked, slow BM Cc fetch thread
07-13 08:58:08.173 I/beanpodkeymaster(  546): Enter BeanpodKeymaster BeginOperation
07-13 08:58:08.174 I/beanpodkeymaster(  546): cmd:4 Received 24 byte response
07-13 08:58:08.174 I/beanpodkeymaster(  546): Exit BeanpodKeymaster BeginOperation
07-13 08:58:08.176 I/beanpodkeymaster(  546): Enter BeanpodKeymaster UpdateOperation
07-13 08:58:08.176 I/beanpodkeymaster(  546): cmd:8 Received 88 byte response
07-13 08:58:08.177 I/beanpodkeymaster(  546): Exit BeanpodKeymaster UpdateOperation
07-13 08:58:08.178 I/beanpodkeymaster(  546): Enter BeanpodKeymaster FinishOperation
07-13 08:58:08.179 I/beanpodkeymaster(  546): cmd:c Received 20 byte response
07-13 08:58:08.179 I/beanpodkeymaster(  546): Exit BeanpodKeymaster FinishOperation
07-13 08:58:08.188 D/C2MtkBufferManager( 1041): over 5000ms not request from VCodec but callback hooked, slow BM Cc fetch thread
07-13 08:58:08.195 D/CompatibilityChangeReporter( 1813): Compat change id reported: 197654537; UID 10210; state: ENABLED
07-13 08:58:08.208 D/C2MtkBufferManager( 1041): over 5000ms not request from VCodec but callback hooked, slow BM Cc fetch thread
07-13 08:58:08.229 D/C2MtkBufferManager( 1041): over 5000ms not request from VCodec but callback hooked, slow BM Cc fetch thread
07-13 08:58:08.250 D/C2MtkBufferManager( 1041): over 5000ms not request from VCodec but callback hooked, slow BM Cc fetch thread
07-13 08:58:08.270 D/C2MtkBufferManager( 1041): over 5000ms not request from VCodec but callback hooked, slow BM Cc fetch thread
07-13 08:58:08.291 D/C2MtkBufferManager( 1041): over 5000ms not request from VCodec but callback hooked, slow BM Cc fetch thread
07-13 08:58:08.311 D/C2MtkBufferManager( 1041): over 5000ms not request from VCodec but callback hooked, slow BM Cc fetch thread
07-13 08:58:08.332 D/C2MtkBufferManager( 1041): over 5000ms not request from VCodec but callback hooked, slow BM Cc fetch thread
07-13 08:58:08.352 D/C2MtkBufferManager( 1041): over 5000ms not request from VCodec but callback hooked, slow BM Cc fetch thread
07-13 08:58:08.373 D/C2MtkBufferManager( 1041): over 5000ms not request from VCodec but callback hooked, slow BM Cc fetch thread
07-13 08:58:08.394 D/C2MtkBufferManager( 1041): over 5000ms not request from VCodec but callback hooked, slow BM Cc fetch thread
07-13 08:58:08.414 D/C2MtkBufferManager( 1041): over 5000ms not request from VCodec but callback hooked, slow BM Cc fetch thread
07-13 08:58:08.431 D/ActivityManager( 1813): getProcessesInErrorState callingUid=10283, CallingPid=7279
07-13 08:58:08.434 D/C2MtkBufferManager( 1041): over 5000ms not request from VCodec but callback hooked, slow BM Cc fetch thread
07-13 08:58:08.455 D/C2MtkBufferManager( 1041): over 5000ms not request from VCodec but callback hooked, slow BM Cc fetch thread
07-13 08:58:08.476 D/C2MtkBufferManager( 1041): over 5000ms not request from VCodec but callback hooked, slow BM Cc fetch thread
07-13 08:58:08.496 D/C2MtkBufferManager( 1041): over 5000ms not request from VCodec but callback hooked, slow BM Cc fetch thread
07-13 08:58:08.511 D/connsyslogger( 1516): SD_LOG_ROOT is /data/debuglogger/connsyslog/fw.
07-13 08:58:08.511 D/connsyslogger( 1516): systemReady:1
07-13 08:58:08.516 D/C2MtkBufferManager( 1041): over 5000ms not request from VCodec but callback hooked, slow BM Cc fetch thread
07-13 08:58:08.527 D/ActivityManager( 1813): getProcessesInErrorState callingUid=10288, CallingPid=19459
07-13 08:58:08.535 D/ActivityManager( 1813): getProcessesInErrorState callingUid=10279, CallingPid=443
07-13 08:58:08.537 D/C2MtkBufferManager( 1041): over 5000ms not request from VCodec but callback hooked, slow BM Cc fetch thread
07-13 08:58:08.555 I/libPerfCtl( 1059): xgfGetFPS pid:2459 fps:-1
07-13 08:58:08.555 I/libPerfCtl( 1059): xgfGetFPS pid:19236 fps:60
07-13 08:58:08.557 D/C2MtkBufferManager( 1041): over 5000ms not request from VCodec but callback hooked, slow BM Cc fetch thread
07-13 08:58:08.578 D/C2MtkBufferManager( 1041): over 5000ms not request from VCodec but callback hooked, slow BM Cc fetch thread
07-13 08:58:08.598 D/C2MtkBufferManager( 1041): over 5000ms not request from VCodec but callback hooked, slow BM Cc fetch thread
07-13 08:58:08.606 D/ULogGuard( 1314): Monitoring: 16 threads, 0 requests, 0 time-bombs; 2 guards. ResetFlags = 0x7
07-13 08:58:08.619 D/C2MtkBufferManager( 1041): over 5000ms not request from VCodec but callback hooked, slow BM Cc fetch thread
07-13 08:58:08.639 D/C2MtkBufferManager( 1041): over 5000ms not request from VCodec but callback hooked, slow BM Cc fetch thread
07-13 08:58:08.660 D/C2MtkBufferManager( 1041): over 5000ms not request from VCodec but callback hooked, slow BM Cc fetch thread
07-13 08:58:08.681 D/C2MtkBufferManager( 1041): over 5000ms not request from VCodec but callback hooked, slow BM Cc fetch thread
07-13 08:58:08.701 D/C2MtkBufferManager( 1041): over 5000ms not request from VCodec but callback hooked, slow BM Cc fetch thread
07-13 08:58:08.722 D/C2MtkBufferManager( 1041): over 5000ms not request from VCodec but callback hooked, slow BM Cc fetch thread
07-13 08:58:08.742 D/C2MtkBufferManager( 1041): over 5000ms not request from VCodec but callback hooked, slow BM Cc fetch thread
07-13 08:58:08.763 D/C2MtkBufferManager( 1041): over 5000ms not request from VCodec but callback hooked, slow BM Cc fetch thread
07-13 08:58:08.783 D/C2MtkBufferManager( 1041): over 5000ms not request from VCodec but callback hooked, slow BM Cc fetch thread
07-13 08:58:08.804 D/C2MtkBufferManager( 1041): over 5000ms not request from VCodec but callback hooked, slow BM Cc fetch thread
07-13 08:58:08.825 D/C2MtkBufferManager( 1041): over 5000ms not request from VCodec but callback hooked, slow BM Cc fetch thread
07-13 08:58:08.845 D/C2MtkBufferManager( 1041): over 5000ms not request from VCodec but callback hooked, slow BM Cc fetch thread
07-13 08:58:08.866 D/C2MtkBufferManager( 1041): over 5000ms not request from VCodec but callback hooked, slow BM Cc fetch thread
07-13 08:58:08.886 D/C2MtkBufferManager( 1041): over 5000ms not request from VCodec but callback hooked, slow BM Cc fetch thread
07-13 08:58:08.907 D/C2MtkBufferManager( 1041): over 5000ms not request from VCodec but callback hooked, slow BM Cc fetch thread
07-13 08:58:08.927 D/C2MtkBufferManager( 1041): over 5000ms not request from VCodec but callback hooked, slow BM Cc fetch thread
07-13 08:58:08.948 D/C2MtkBufferManager( 1041): over 5000ms not request from VCodec but callback hooked, slow BM Cc fetch thread
07-13 08:58:08.968 D/C2MtkBufferManager( 1041): over 5000ms not request from VCodec but callback hooked, slow BM Cc fetch thread
07-13 08:58:08.989 D/C2MtkBufferManager( 1041): over 5000ms not request from VCodec but callback hooked, slow BM Cc fetch thread
07-13 08:58:09.009 D/C2MtkBufferManager( 1041): over 5000ms not request from VCodec but callback hooked, slow BM Cc fetch thread
07-13 08:58:09.028 D/ActivityManager( 1813): getProcessesInErrorState callingUid=10288, CallingPid=19459
07-13 08:58:09.030 D/C2MtkBufferManager( 1041): over 5000ms not request from VCodec but callback hooked, slow BM Cc fetch thread
07-13 08:58:09.032 I/MiuiNetworkPolicy( 1813): updateUidState uid = 10317, uidState = 19
07-13 08:58:09.036 I/MiuiNetworkPolicy( 1813): updateUidState uid = 10317, uidState = 11
07-13 08:58:09.036 D/ActivityManager( 1813): getProcessesInErrorState callingUid=10279, CallingPid=443
07-13 08:58:09.050 D/C2MtkBufferManager( 1041): over 5000ms not request from VCodec but callback hooked, slow BM Cc fetch thread
07-13 08:58:09.071 D/C2MtkBufferManager( 1041): over 5000ms not request from VCodec but callback hooked, slow BM Cc fetch thread
07-13 08:58:09.074 I/beanpodkeymaster(  546): Enter BeanpodKeymaster BeginOperation
07-13 08:58:09.075 I/beanpodkeymaster(  546): cmd:4 Received 24 byte response
07-13 08:58:09.075 I/beanpodkeymaster(  546): Exit BeanpodKeymaster BeginOperation
07-13 08:58:09.078 I/beanpodkeymaster(  546): Enter BeanpodKeymaster UpdateOperation
07-13 08:58:09.079 I/beanpodkeymaster(  546): cmd:8 Received 393 byte response
07-13 08:58:09.079 I/beanpodkeymaster(  546): Exit BeanpodKeymaster UpdateOperation
07-13 08:58:09.081 I/beanpodkeymaster(  546): Enter BeanpodKeymaster FinishOperation
07-13 08:58:09.081 I/beanpodkeymaster(  546): cmd:c Received 20 byte response
07-13 08:58:09.081 I/beanpodkeymaster(  546): Exit BeanpodKeymaster FinishOperation
07-13 08:58:09.091 D/C2MtkBufferManager( 1041): over 5000ms not request from VCodec but callback hooked, slow BM Cc fetch thread
07-13 08:58:09.097 I/beanpodkeymaster(  546): Enter BeanpodKeymaster BeginOperation
07-13 08:58:09.097 I/beanpodkeymaster(  546): cmd:4 Received 24 byte response
07-13 08:58:09.098 I/beanpodkeymaster(  546): Exit BeanpodKeymaster BeginOperation
07-13 08:58:09.099 I/beanpodkeymaster(  546): Enter BeanpodKeymaster UpdateOperation
07-13 08:58:09.100 I/beanpodkeymaster(  546): cmd:8 Received 88 byte response
07-13 08:58:09.100 I/beanpodkeymaster(  546): Exit BeanpodKeymaster UpdateOperation
07-13 08:58:09.101 I/beanpodkeymaster(  546): Enter BeanpodKeymaster FinishOperation
07-13 08:58:09.102 I/beanpodkeymaster(  546): cmd:c Received 20 byte response
07-13 08:58:09.102 I/beanpodkeymaster(  546): Exit BeanpodKeymaster FinishOperation
07-13 08:58:09.112 D/C2MtkBufferManager( 1041): over 5000ms not request from VCodec but callback hooked, slow BM Cc fetch thread
07-13 08:58:09.115 I/beanpodkeymaster(  546): Enter BeanpodKeymaster BeginOperation
07-13 08:58:09.116 I/beanpodkeymaster(  546): cmd:4 Received 24 byte response
07-13 08:58:09.116 I/beanpodkeymaster(  546): Exit BeanpodKeymaster BeginOperation
07-13 08:58:09.118 I/beanpodkeymaster(  546): Enter BeanpodKeymaster UpdateOperation
07-13 08:58:09.118 I/beanpodkeymaster(  546): cmd:8 Received 393 byte response
07-13 08:58:09.119 I/beanpodkeymaster(  546): Exit BeanpodKeymaster UpdateOperation
07-13 08:58:09.120 I/beanpodkeymaster(  546): Enter BeanpodKeymaster FinishOperation
07-13 08:58:09.120 I/beanpodkeymaster(  546): cmd:c Received 20 byte response
07-13 08:58:09.120 I/beanpodkeymaster(  546): Exit BeanpodKeymaster FinishOperation
07-13 08:58:09.133 D/C2MtkBufferManager( 1041): over 5000ms not request from VCodec but callback hooked, slow BM Cc fetch thread
07-13 08:58:09.134 I/beanpodkeymaster(  546): Enter BeanpodKeymaster BeginOperation
07-13 08:58:09.135 I/beanpodkeymaster(  546): cmd:4 Received 24 byte response
07-13 08:58:09.135 I/beanpodkeymaster(  546): Exit BeanpodKeymaster BeginOperation
07-13 08:58:09.137 I/beanpodkeymaster(  546): Enter BeanpodKeymaster UpdateOperation
07-13 08:58:09.137 I/beanpodkeymaster(  546): cmd:8 Received 88 byte response
07-13 08:58:09.137 I/beanpodkeymaster(  546): Exit BeanpodKeymaster UpdateOperation
07-13 08:58:09.139 I/beanpodkeymaster(  546): Enter BeanpodKeymaster FinishOperation
07-13 08:58:09.139 I/beanpodkeymaster(  546): cmd:c Received 20 byte response
07-13 08:58:09.139 I/beanpodkeymaster(  546): Exit BeanpodKeymaster FinishOperation
07-13 08:58:09.152 I/beanpodkeymaster(  546): Enter BeanpodKeymaster BeginOperation
07-13 08:58:09.152 I/beanpodkeymaster(  546): cmd:4 Received 24 byte response
07-13 08:58:09.152 I/beanpodkeymaster(  546): Exit BeanpodKeymaster BeginOperation
07-13 08:58:09.153 D/C2MtkBufferManager( 1041): over 5000ms not request from VCodec but callback hooked, slow BM Cc fetch thread
07-13 08:58:09.154 I/beanpodkeymaster(  546): Enter BeanpodKeymaster UpdateOperation
07-13 08:58:09.154 I/beanpodkeymaster(  546): cmd:8 Received 393 byte response
07-13 08:58:09.154 I/beanpodkeymaster(  546): Exit BeanpodKeymaster UpdateOperation
07-13 08:58:09.156 I/beanpodkeymaster(  546): Enter BeanpodKeymaster FinishOperation
07-13 08:58:09.156 I/beanpodkeymaster(  546): cmd:c Received 20 byte response
07-13 08:58:09.156 I/beanpodkeymaster(  546): Exit BeanpodKeymaster FinishOperation
07-13 08:58:09.168 I/beanpodkeymaster(  546): Enter BeanpodKeymaster BeginOperation
07-13 08:58:09.169 I/beanpodkeymaster(  546): cmd:4 Received 24 byte response
07-13 08:58:09.169 I/beanpodkeymaster(  546): Exit BeanpodKeymaster BeginOperation
07-13 08:58:09.170 I/AS.AudioService( 1813): getMode, get current owner's mode
07-13 08:58:09.170 I/AS.AudioService( 1813): getMode, currentModeHandler is null
07-13 08:58:09.171 I/beanpodkeymaster(  546): Enter BeanpodKeymaster UpdateOperation
07-13 08:58:09.171 I/beanpodkeymaster(  546): cmd:8 Received 88 byte response
07-13 08:58:09.171 I/beanpodkeymaster(  546): Exit BeanpodKeymaster UpdateOperation
07-13 08:58:09.172 I/beanpodkeymaster(  546): Enter BeanpodKeymaster FinishOperation
07-13 08:58:09.173 I/beanpodkeymaster(  546): cmd:c Received 20 byte response
07-13 08:58:09.173 I/beanpodkeymaster(  546): Exit BeanpodKeymaster FinishOperation
07-13 08:58:09.174 D/C2MtkBufferManager( 1041): over 5000ms not request from VCodec but callback hooked, slow BM Cc fetch thread
07-13 08:58:09.185 I/beanpodkeymaster(  546): Enter BeanpodKeymaster BeginOperation
07-13 08:58:09.185 I/beanpodkeymaster(  546): cmd:4 Received 24 byte response
07-13 08:58:09.185 I/beanpodkeymaster(  546): Exit BeanpodKeymaster BeginOperation
07-13 08:58:09.187 I/beanpodkeymaster(  546): Enter BeanpodKeymaster UpdateOperation
07-13 08:58:09.187 I/beanpodkeymaster(  546): cmd:8 Received 393 byte response
07-13 08:58:09.187 I/beanpodkeymaster(  546): Exit BeanpodKeymaster UpdateOperation
07-13 08:58:09.188 I/beanpodkeymaster(  546): Enter BeanpodKeymaster FinishOperation
07-13 08:58:09.189 I/beanpodkeymaster(  546): cmd:c Received 20 byte response
07-13 08:58:09.189 I/beanpodkeymaster(  546): Exit BeanpodKeymaster FinishOperation
07-13 08:58:09.194 D/C2MtkBufferManager( 1041): over 5000ms not request from VCodec but callback hooked, slow BM Cc fetch thread
07-13 08:58:09.202 I/beanpodkeymaster(  546): Enter BeanpodKeymaster BeginOperation
07-13 08:58:09.202 I/beanpodkeymaster(  546): cmd:4 Received 24 byte response
07-13 08:58:09.202 I/beanpodkeymaster(  546): Exit BeanpodKeymaster BeginOperation
07-13 08:58:09.204 I/beanpodkeymaster(  546): Enter BeanpodKeymaster UpdateOperation
07-13 08:58:09.205 I/beanpodkeymaster(  546): cmd:8 Received 88 byte response
07-13 08:58:09.205 I/beanpodkeymaster(  546): Exit BeanpodKeymaster UpdateOperation
07-13 08:58:09.206 I/beanpodkeymaster(  546): Enter BeanpodKeymaster FinishOperation
07-13 08:58:09.207 I/beanpodkeymaster(  546): cmd:c Received 20 byte response
07-13 08:58:09.207 I/beanpodkeymaster(  546): Exit BeanpodKeymaster FinishOperation
07-13 08:58:09.214 D/C2MtkBufferManager( 1041): over 5000ms not request from VCodec but callback hooked, slow BM Cc fetch thread
07-13 08:58:09.219 I/beanpodkeymaster(  546): Enter BeanpodKeymaster BeginOperation
07-13 08:58:09.219 I/beanpodkeymaster(  546): cmd:4 Received 24 byte response
07-13 08:58:09.219 I/beanpodkeymaster(  546): Exit BeanpodKeymaster BeginOperation
07-13 08:58:09.221 I/beanpodkeymaster(  546): Enter BeanpodKeymaster UpdateOperation
07-13 08:58:09.221 I/beanpodkeymaster(  546): cmd:8 Received 393 byte response
07-13 08:58:09.221 I/beanpodkeymaster(  546): Exit BeanpodKeymaster UpdateOperation
07-13 08:58:09.222 I/beanpodkeymaster(  546): Enter BeanpodKeymaster FinishOperation
07-13 08:58:09.223 I/beanpodkeymaster(  546): cmd:c Received 20 byte response
07-13 08:58:09.223 I/beanpodkeymaster(  546): Exit BeanpodKeymaster FinishOperation
07-13 08:58:09.235 I/beanpodkeymaster(  546): Enter BeanpodKeymaster BeginOperation
07-13 08:58:09.235 D/C2MtkBufferManager( 1041): over 5000ms not request from VCodec but callback hooked, slow BM Cc fetch thread
07-13 08:58:09.235 W/ReactNativeJS(19236): '`setBackgroundColorAsync` is not supported with edge-to-edge enabled.', { [Stack] name: 'Stack' }
07-13 08:58:09.236 I/beanpodkeymaster(  546): cmd:4 Received 24 byte response
07-13 08:58:09.236 I/beanpodkeymaster(  546): Exit BeanpodKeymaster BeginOperation
07-13 08:58:09.237 I/beanpodkeymaster(  546): Enter BeanpodKeymaster UpdateOperation
07-13 08:58:09.238 I/beanpodkeymaster(  546): cmd:8 Received 88 byte response
07-13 08:58:09.238 I/beanpodkeymaster(  546): Exit BeanpodKeymaster UpdateOperation
07-13 08:58:09.239 I/beanpodkeymaster(  546): Enter BeanpodKeymaster FinishOperation
07-13 08:58:09.239 I/beanpodkeymaster(  546): cmd:c Received 20 byte response
07-13 08:58:09.240 I/beanpodkeymaster(  546): Exit BeanpodKeymaster FinishOperation
07-13 08:58:09.253 I/beanpodkeymaster(  546): Enter BeanpodKeymaster BeginOperation
07-13 08:58:09.253 I/beanpodkeymaster(  546): cmd:4 Received 24 byte response
07-13 08:58:09.253 I/beanpodkeymaster(  546): Exit BeanpodKeymaster BeginOperation
07-13 08:58:09.255 I/beanpodkeymaster(  546): Enter BeanpodKeymaster UpdateOperation
07-13 08:58:09.255 D/C2MtkBufferManager( 1041): over 5000ms not request from VCodec but callback hooked, slow BM Cc fetch thread
07-13 08:58:09.256 I/beanpodkeymaster(  546): cmd:8 Received 393 byte response
07-13 08:58:09.256 I/beanpodkeymaster(  546): Exit BeanpodKeymaster UpdateOperation
07-13 08:58:09.257 I/beanpodkeymaster(  546): Enter BeanpodKeymaster FinishOperation
07-13 08:58:09.257 I/beanpodkeymaster(  546): cmd:c Received 20 byte response
07-13 08:58:09.257 I/beanpodkeymaster(  546): Exit BeanpodKeymaster FinishOperation
07-13 08:58:09.271 I/beanpodkeymaster(  546): Enter BeanpodKeymaster BeginOperation
07-13 08:58:09.272 I/beanpodkeymaster(  546): cmd:4 Received 24 byte response
07-13 08:58:09.272 I/beanpodkeymaster(  546): Exit BeanpodKeymaster BeginOperation
07-13 08:58:09.273 I/beanpodkeymaster(  546): Enter BeanpodKeymaster UpdateOperation
07-13 08:58:09.274 I/beanpodkeymaster(  546): cmd:8 Received 88 byte response
07-13 08:58:09.274 I/beanpodkeymaster(  546): Exit BeanpodKeymaster UpdateOperation
07-13 08:58:09.275 I/beanpodkeymaster(  546): Enter BeanpodKeymaster FinishOperation
07-13 08:58:09.276 I/beanpodkeymaster(  546): cmd:c Received 20 byte response
07-13 08:58:09.276 I/beanpodkeymaster(  546): Exit BeanpodKeymaster FinishOperation
07-13 08:58:09.276 D/C2MtkBufferManager( 1041): over 5000ms not request from VCodec but callback hooked, slow BM Cc fetch thread
07-13 08:58:09.297 D/C2MtkBufferManager( 1041): over 5000ms not request from VCodec but callback hooked, slow BM Cc fetch thread
07-13 08:58:09.304 D/CompatibilityChangeReporter(19236): Compat change id reported: 171228096; UID 10210; state: ENABLED
07-13 08:58:09.317 D/C2MtkBufferManager( 1041): over 5000ms not request from VCodec but callback hooked, slow BM Cc fetch thread
07-13 08:58:09.333 D/ScrollerOptimizationManager(19236): registerConfigChangedListener
07-13 08:58:09.337 D/C2MtkBufferManager( 1041): over 5000ms not request from VCodec but callback hooked, slow BM Cc fetch thread
07-13 08:58:09.344 I/illsroom.mobile(19236): hiddenapi: Accessing hidden field Landroid/widget/ScrollView;->mScroller:Landroid/widget/OverScroller; (runtime_flags=0, domain=platform, api=unsupported) from Lcom/facebook/react/views/scroll/ReactScrollView; (domain=app, TargetSdkVersion=36) using reflection: allowed
07-13 08:58:09.358 D/C2MtkBufferManager( 1041): over 5000ms not request from VCodec but callback hooked, slow BM Cc fetch thread
07-13 08:58:09.378 D/C2MtkBufferManager( 1041): over 5000ms not request from VCodec but callback hooked, slow BM Cc fetch thread
07-13 08:58:09.399 D/C2MtkBufferManager( 1041): over 5000ms not request from VCodec but callback hooked, slow BM Cc fetch thread
07-13 08:58:09.410 W/Looper  (19236): PerfMonitor longMsg : seq=23 plan=08:58:08.055 late=0ms wall=1354ms h=com.facebook.react.bridge.queue.MessageQueueThreadHandler c=com.facebook.jni.NativeRunnable procState=-1
07-13 08:58:09.419 D/C2MtkBufferManager( 1041): over 5000ms not request from VCodec but callback hooked, slow BM Cc fetch thread
07-13 08:58:09.440 D/C2MtkBufferManager( 1041): over 5000ms not request from VCodec but callback hooked, slow BM Cc fetch thread
07-13 08:58:09.447 W/Settings( 2457): Setting airplane_mode_on has moved from android.provider.Settings.System to android.provider.Settings.Global, returning read-only value.
07-13 08:58:09.451 D/MobileStatusTracker(1)( 2459): onSignalStrengthsChanged signalStrength=SignalStrength:{mCdma=CellSignalStrengthCdma: cdmaDbm=2147483647 cdmaEcio=2147483647 evdoDbm=2147483647 evdoEcio=2147483647 evdoSnr=2147483647 miuiLevel=0 mOptimizedLevel=0 level=0,mGsm=CellSignalStrengthGsm: rssi=2147483647 ber=2147483647 mTa=2147483647 miuiLevel=0 isNtnMode=false mLevel=0,mWcdma=CellSignalStrengthWcdma: ss=2147483647 ber=2147483647 rscp=2147483647 ecno=2147483647 miuiLevel=0 mOptimizedLevel=0 level=0,mTdscdma=CellSignalStrengthTdscdma: rssi=2147483647 ber=2147483647 rscp=2147483647 miuiLevel=0 mOptimizedLevel=0 level=0,mLte=CellSignalStrengthLte: rssi=-93 rsrp=-104 rsrq=-13 rssnr=9 cqiTableIndex=2147483647 cqi=0 ta=0 miuiLevel=4 mOptimizedLevel=0 level=3 parametersUseForLevel=0,mNr=CellSignalStrengthNr:{ csiRsrp = 2147483647 csiRsrq = 2147483647 csiCqiTableIndex = 2147483647 csiCqiReport = [] ssRsrp = 2147483647 ssRsrq = 2147483647 ssSinr = 2147483647 miuiLevel = 0 mOptimizedLevel = 0 level = 0 parametersUseForLevel = 0 timingAdvance = 2147483647 },primary=CellSignalStrengthLte,mNrAsPrimaryInNrNsa=false}
07-13 08:58:09.451 D/NetworkController.MobileSignalController(1)( 2459): update5GConnectState: false
07-13 08:58:09.451 D/NetworkController.MobileSignalController(1)( 2459): ss use aosp level not 0, 4
07-13 08:58:09.460 D/C2MtkBufferManager( 1041): over 5000ms not request from VCodec but callback hooked, slow BM Cc fetch thread
07-13 08:58:09.481 D/C2MtkBufferManager( 1041): over 5000ms not request from VCodec but callback hooked, slow BM Cc fetch thread
07-13 08:58:09.489 W/[RNScreens](19236): backTitleFontFamily prop is not available on Android
07-13 08:58:09.489 W/[RNScreens](19236): disableBackButtonMenu prop is not available on Android
07-13 08:58:09.489 W/[RNScreens](19236): backTitleVisible prop is not available on Android
07-13 08:58:09.489 W/[RNScreens](19236): topInsetEnabled prop is not available on Android
07-13 08:58:09.490 W/[RNScreens](19236): largeTitleHideShadow prop is not available on Android
07-13 08:58:09.490 W/[RNScreens](19236): largeTitleFontWeight prop is not available on Android
07-13 08:58:09.490 W/[RNScreens](19236): userInterfaceStyle prop is not available on Android
07-13 08:58:09.490 W/[RNScreens](19236): largeTitleFontFamily prop is not available on Android
07-13 08:58:09.496 W/[RNScreens](19236): backTitleFontFamily prop is not available on Android
07-13 08:58:09.496 W/[RNScreens](19236): disableBackButtonMenu prop is not available on Android
07-13 08:58:09.496 W/[RNScreens](19236): backTitleVisible prop is not available on Android
07-13 08:58:09.496 W/[RNScreens](19236): topInsetEnabled prop is not available on Android
07-13 08:58:09.496 W/[RNScreens](19236): largeTitleHideShadow prop is not available on Android
07-13 08:58:09.496 W/[RNScreens](19236): largeTitleFontWeight prop is not available on Android
07-13 08:58:09.496 W/[RNScreens](19236): userInterfaceStyle prop is not available on Android
07-13 08:58:09.496 W/[RNScreens](19236): largeTitleFontFamily prop is not available on Android
07-13 08:58:09.501 D/C2MtkBufferManager( 1041): over 5000ms not request from VCodec but callback hooked, slow BM Cc fetch thread
07-13 08:58:09.504 W/Looper  (19236): PerfMonitor doFrame : time=384ms vsyncFrame=0 latency=5ms procState=-1 historyMsgCount=4
07-13 08:58:09.522 D/C2MtkBufferManager( 1041): over 5000ms not request from VCodec but callback hooked, slow BM Cc fetch thread
07-13 08:58:09.531 D/ActivityManager( 1813): getProcessesInErrorState callingUid=10288, CallingPid=19459
07-13 08:58:09.539 D/ActivityManager( 1813): getProcessesInErrorState callingUid=10279, CallingPid=443
07-13 08:58:09.542 D/C2MtkBufferManager( 1041): over 5000ms not request from VCodec but callback hooked, slow BM Cc fetch thread
07-13 08:58:09.556 I/libPerfCtl( 1059): xgfGetFPS pid:2459 fps:-1
07-13 08:58:09.556 I/libPerfCtl( 1059): xgfGetFPS pid:19236 fps:-1
07-13 08:58:09.556 I/libPowerHal( 1059): [updateFPS] pid(19236) : 60 => -1
07-13 08:58:09.556 I/libPowerHal( 1059): [perfNotifyAppState] pack:com.skillsroom.mobile, act:com.skillsroom.mobile.MainActivity, state:5, pid:19236, uid:10210, fps:-1
07-13 08:58:09.559 I/UxUtility( 1059): notifyForegroundApp pack:com.skillsroom.mobile, uid:10210
07-13 08:58:09.559 I/TouchUtility( 1059): notifyAppState error = NULL
07-13 08:58:09.563 D/C2MtkBufferManager( 1041): over 5000ms not request from VCodec but callback hooked, slow BM Cc fetch thread
07-13 08:58:09.584 D/C2MtkBufferManager( 1041): over 5000ms not request from VCodec but callback hooked, slow BM Cc fetch thread
07-13 08:58:09.604 D/C2MtkBufferManager( 1041): over 5000ms not request from VCodec but callback hooked, slow BM Cc fetch thread
07-13 08:58:09.625 D/C2MtkBufferManager( 1041): over 5000ms not request from VCodec but callback hooked, slow BM Cc fetch thread
07-13 08:58:09.646 D/C2MtkBufferManager( 1041): over 5000ms not request from VCodec but callback hooked, slow BM Cc fetch thread
07-13 08:58:09.666 D/C2MtkBufferManager( 1041): over 5000ms not request from VCodec but callback hooked, slow BM Cc fetch thread
07-13 08:58:09.687 D/C2MtkBufferManager( 1041): over 5000ms not request from VCodec but callback hooked, slow BM Cc fetch thread
07-13 08:58:09.707 D/C2MtkBufferManager( 1041): over 5000ms not request from VCodec but callback hooked, slow BM Cc fetch thread
07-13 08:58:09.715 I/gralloc4(19236): @set_metadata: update dataspace from GM (0x00000000 -> 0x08010000)
07-13 08:58:09.721 D/PerfShielderService( 1813): com.skillsroom.mobile|com.skillsroom.mobile/com.skillsroom.mobile.MainActivity|296|621989595285764|296|2|1
07-13 08:58:09.728 D/C2MtkBufferManager( 1041): over 5000ms not request from VCodec but callback hooked, slow BM Cc fetch thread
07-13 08:58:09.730 W/MiuiPerfServiceClient( 3978): interceptAndQueuing:19236|com.skillsroom.mobile|296|296|621989595285764|Slow handle animation|1
07-13 08:58:09.733 I/BufferQueueProducer( 1133): [com.skillsroom.mobile/com.skillsroom.mobile.MainActivity#77915](this:0xb4000078559f0a30,id:-1,api:0,p:-1,c:1133) queueBuffer: fps=18.81 dur=2232.44 max=1549.91 min=16.08
07-13 08:58:09.737 I/hwcomposer( 1039): [HWCDisplay] [Display_0 (type:1)] fps:18.817600,dur:2231.95,max:1551.51,min:14.02  
07-13 08:58:09.748 D/C2MtkBufferManager( 1041): over 5000ms not request from VCodec but callback hooked, slow BM Cc fetch thread
07-13 08:58:09.769 D/C2MtkBufferManager( 1041): over 5000ms not request from VCodec but callback hooked, slow BM Cc fetch thread
07-13 08:58:09.789 D/C2MtkBufferManager( 1041): over 5000ms not request from VCodec but callback hooked, slow BM Cc fetch thread
07-13 08:58:09.810 D/C2MtkBufferManager( 1041): over 5000ms not request from VCodec but callback hooked, slow BM Cc fetch thread
07-13 08:58:09.830 D/C2MtkBufferManager( 1041): over 5000ms not request from VCodec but callback hooked, slow BM Cc fetch thread
07-13 08:58:09.851 D/C2MtkBufferManager( 1041): over 5000ms not request from VCodec but callback hooked, slow BM Cc fetch thread
07-13 08:58:09.871 D/C2MtkBufferManager( 1041): over 5000ms not request from VCodec but callback hooked, slow BM Cc fetch thread
07-13 08:58:09.892 D/C2MtkBufferManager( 1041): over 5000ms not request from VCodec but callback hooked, slow BM Cc fetch thread
07-13 08:58:09.913 D/C2MtkBufferManager( 1041): over 5000ms not request from VCodec but callback hooked, slow BM Cc fetch thread
07-13 08:58:09.933 D/C2MtkBufferManager( 1041): over 5000ms not request from VCodec but callback hooked, slow BM Cc fetch thread
07-13 08:58:09.954 D/C2MtkBufferManager( 1041): over 5000ms not request from VCodec but callback hooked, slow BM Cc fetch thread
07-13 08:58:09.975 D/C2MtkBufferManager( 1041): over 5000ms not request from VCodec but callback hooked, slow BM Cc fetch thread
07-13 08:58:09.995 D/C2MtkBufferManager( 1041): over 5000ms not request from VCodec but callback hooked, slow BM Cc fetch thread
07-13 08:58:10.016 D/C2MtkBufferManager( 1041): over 5000ms not request from VCodec but callback hooked, slow BM Cc fetch thread
07-13 08:58:10.033 D/ActivityManager( 1813): getProcessesInErrorState callingUid=10288, CallingPid=19459
07-13 08:58:10.037 D/C2MtkBufferManager( 1041): over 5000ms not request from VCodec but callback hooked, slow BM Cc fetch thread
07-13 08:58:10.043 D/ActivityManager( 1813): getProcessesInErrorState callingUid=10279, CallingPid=443
07-13 08:58:10.057 D/C2MtkBufferManager( 1041): over 5000ms not request from VCodec but callback hooked, slow BM Cc fetch thread
07-13 08:58:10.063 I/gralloc4(19236): @set_metadata: update dataspace from GM (0x00000000 -> 0x08010000)
07-13 08:58:10.078 D/C2MtkBufferManager( 1041): over 5000ms not request from VCodec but callback hooked, slow BM Cc fetch thread
07-13 08:58:10.082 I/gralloc4(19236): @set_metadata: update dataspace from GM (0x00000000 -> 0x08010000)
07-13 08:58:10.098 D/C2MtkBufferManager( 1041): over 5000ms not request from VCodec but callback hooked, slow BM Cc fetch thread
07-13 08:58:10.119 D/C2MtkBufferManager( 1041): over 5000ms not request from VCodec but callback hooked, slow BM Cc fetch thread
07-13 08:58:10.125 I/gralloc4(19236): @set_metadata: update dataspace from GM (0x00000000 -> 0x08010000)
07-13 08:58:10.139 D/C2MtkBufferManager( 1041): over 5000ms not request from VCodec but callback hooked, slow BM Cc fetch thread
07-13 08:58:10.158 I/gralloc4(19236): @set_metadata: update dataspace from GM (0x00000000 -> 0x08010000)
07-13 08:58:10.160 D/C2MtkBufferManager( 1041): over 5000ms not request from VCodec but callback hooked, slow BM Cc fetch thread
07-13 08:58:10.179 I/gralloc4(19236): @set_metadata: update dataspace from GM (0x00000000 -> 0x08010000)
07-13 08:58:10.180 D/C2MtkBufferManager( 1041): over 5000ms not request from VCodec but callback hooked, slow BM Cc fetch thread
07-13 08:58:10.196 I/gralloc4(19236): @set_metadata: update dataspace from GM (0x00000000 -> 0x08010000)
07-13 08:58:10.201 D/C2MtkBufferManager( 1041): over 5000ms not request from VCodec but callback hooked, slow BM Cc fetch thread
07-13 08:58:10.211 I/gralloc4(19236): @set_metadata: update dataspace from GM (0x00000000 -> 0x08010000)
07-13 08:58:10.219 I/gralloc4(19236): @set_metadata: update dataspace from GM (0x00000000 -> 0x08010000)
07-13 08:58:10.222 D/C2MtkBufferManager( 1041): over 5000ms not request from VCodec but callback hooked, slow BM Cc fetch thread
07-13 08:58:10.237 I/gralloc4(19236): @set_metadata: update dataspace from GM (0x00000000 -> 0x08010000)
07-13 08:58:10.242 D/C2MtkBufferManager( 1041): over 5000ms not request from VCodec but callback hooked, slow BM Cc fetch thread
07-13 08:58:10.256 I/gralloc4(19236): @set_metadata: update dataspace from GM (0x00000000 -> 0x08010000)
07-13 08:58:10.263 D/C2MtkBufferManager( 1041): over 5000ms not request from VCodec but callback hooked, slow BM Cc fetch thread
07-13 08:58:10.274 I/gralloc4(19236): @set_metadata: update dataspace from GM (0x00000000 -> 0x08010000)
07-13 08:58:10.282 I/gralloc4(19236): @set_metadata: update dataspace from GM (0x00000000 -> 0x08010000)
07-13 08:58:10.284 D/C2MtkBufferManager( 1041): over 5000ms not request from VCodec but callback hooked, slow BM Cc fetch thread
07-13 08:58:10.290 I/gralloc4(19236): @set_metadata: update dataspace from GM (0x00000000 -> 0x08010000)
07-13 08:58:10.304 D/C2MtkBufferManager( 1041): over 5000ms not request from VCodec but callback hooked, slow BM Cc fetch thread
07-13 08:58:10.308 I/gralloc4(19236): @set_metadata: update dataspace from GM (0x00000000 -> 0x08010000)
07-13 08:58:10.325 D/C2MtkBufferManager( 1041): over 5000ms not request from VCodec but callback hooked, slow BM Cc fetch thread
07-13 08:58:10.325 I/gralloc4(19236): @set_metadata: update dataspace from GM (0x00000000 -> 0x08010000)
07-13 08:58:10.342 I/gralloc4(19236): @set_metadata: update dataspace from GM (0x00000000 -> 0x08010000)
07-13 08:58:10.345 D/C2MtkBufferManager( 1041): over 5000ms not request from VCodec but callback hooked, slow BM Cc fetch thread
07-13 08:58:10.364 I/gralloc4(19236): @set_metadata: update dataspace from GM (0x00000000 -> 0x08010000)
07-13 08:58:10.365 D/C2MtkBufferManager( 1041): over 5000ms not request from VCodec but callback hooked, slow BM Cc fetch thread
07-13 08:58:10.384 I/gralloc4(19236): @set_metadata: update dataspace from GM (0x00000000 -> 0x08010000)
07-13 08:58:10.386 D/C2MtkBufferManager( 1041): over 5000ms not request from VCodec but callback hooked, slow BM Cc fetch thread
07-13 08:58:10.398 I/gralloc4(19236): @set_metadata: update dataspace from GM (0x00000000 -> 0x08010000)
07-13 08:58:10.406 D/C2MtkBufferManager( 1041): over 5000ms not request from VCodec but callback hooked, slow BM Cc fetch thread
07-13 08:58:10.411 I/gralloc4(19236): @set_metadata: update dataspace from GM (0x00000000 -> 0x08010000)
07-13 08:58:10.427 D/C2MtkBufferManager( 1041): over 5000ms not request from VCodec but callback hooked, slow BM Cc fetch thread
07-13 08:58:10.432 D/ActivityManager( 1813): getProcessesInErrorState callingUid=10283, CallingPid=7279
07-13 08:58:10.447 D/C2MtkBufferManager( 1041): over 5000ms not request from VCodec but callback hooked, slow BM Cc fetch thread
07-13 08:58:10.468 D/C2MtkBufferManager( 1041): over 5000ms not request from VCodec but callback hooked, slow BM Cc fetch thread
07-13 08:58:10.488 D/C2MtkBufferManager( 1041): over 5000ms not request from VCodec but callback hooked, slow BM Cc fetch thread
07-13 08:58:10.509 D/C2MtkBufferManager( 1041): over 5000ms not request from VCodec but callback hooked, slow BM Cc fetch thread
07-13 08:58:10.511 D/connsyslogger( 1516): SD_LOG_ROOT is /data/debuglogger/connsyslog/fw.
07-13 08:58:10.511 D/connsyslogger( 1516): systemReady:1
07-13 08:58:10.529 D/C2MtkBufferManager( 1041): over 5000ms not request from VCodec but callback hooked, slow BM Cc fetch thread
07-13 08:58:10.535 D/ActivityManager( 1813): getProcessesInErrorState callingUid=10288, CallingPid=19459
07-13 08:58:10.544 D/ActivityManager( 1813): getProcessesInErrorState callingUid=10279, CallingPid=443
07-13 08:58:10.550 D/C2MtkBufferManager( 1041): over 5000ms not request from VCodec but callback hooked, slow BM Cc fetch thread
07-13 08:58:10.556 I/libPerfCtl( 1059): xgfGetFPS pid:2459 fps:-1
07-13 08:58:10.556 I/libPerfCtl( 1059): xgfGetFPS pid:19236 fps:54
07-13 08:58:10.556 I/libPowerHal( 1059): [updateFPS] pid(19236) : -1 => 60
07-13 08:58:10.557 I/libPowerHal( 1059): [perfNotifyAppState] pack:com.skillsroom.mobile, act:com.skillsroom.mobile.MainActivity, state:5, pid:19236, uid:10210, fps:60
07-13 08:58:10.559 I/UxUtility( 1059): notifyForegroundApp pack:com.skillsroom.mobile, uid:10210
07-13 08:58:10.559 I/TouchUtility( 1059): notifyAppState error = NULL
07-13 08:58:10.570 D/C2MtkBufferManager( 1041): over 5000ms not request from VCodec but callback hooked, slow BM Cc fetch thread
07-13 08:58:10.591 D/C2MtkBufferManager( 1041): over 5000ms not request from VCodec but callback hooked, slow BM Cc fetch thread
07-13 08:58:10.611 D/C2MtkBufferManager( 1041): over 5000ms not request from VCodec but callback hooked, slow BM Cc fetch thread
07-13 08:58:10.632 D/C2MtkBufferManager( 1041): over 5000ms not request from VCodec but callback hooked, slow BM Cc fetch thread
07-13 08:58:10.637 I/gralloc4(19236): @set_metadata: update dataspace from GM (0x00000000 -> 0x08010000)
07-13 08:58:10.639 D/PerfShielderService( 1813): com.skillsroom.mobile|com.skillsroom.mobile/com.skillsroom.mobile.MainActivity|769|621993666721765|354|2|13
07-13 08:58:10.640 W/MiuiPerfServiceClient( 3978): interceptAndQueuing:19236|com.skillsroom.mobile|769|354|621993666721765|Slow handle animation|13
07-13 08:58:10.653 D/C2MtkBufferManager( 1041): over 5000ms not request from VCodec but callback hooked, slow BM Cc fetch thread
07-13 08:58:10.673 D/C2MtkBufferManager( 1041): over 5000ms not request from VCodec but callback hooked, slow BM Cc fetch thread
07-13 08:58:10.694 D/C2MtkBufferManager( 1041): over 5000ms not request from VCodec but callback hooked, slow BM Cc fetch thread
07-13 08:58:10.714 D/C2MtkBufferManager( 1041): over 5000ms not request from VCodec but callback hooked, slow BM Cc fetch thread
07-13 08:58:10.735 D/C2MtkBufferManager( 1041): over 5000ms not request from VCodec but callback hooked, slow BM Cc fetch thread
07-13 08:58:10.755 D/C2MtkBufferManager( 1041): over 5000ms not request from VCodec but callback hooked, slow BM Cc fetch thread
07-13 08:58:10.776 D/C2MtkBufferManager( 1041): over 5000ms not request from VCodec but callback hooked, slow BM Cc fetch thread
07-13 08:58:10.796 D/C2MtkBufferManager( 1041): over 5000ms not request from VCodec but callback hooked, slow BM Cc fetch thread
07-13 08:58:10.817 D/C2MtkBufferManager( 1041): over 5000ms not request from VCodec but callback hooked, slow BM Cc fetch thread
07-13 08:58:10.837 D/C2MtkBufferManager( 1041): over 5000ms not request from VCodec but callback hooked, slow BM Cc fetch thread
07-13 08:58:10.858 D/C2MtkBufferManager( 1041): over 5000ms not request from VCodec but callback hooked, slow BM Cc fetch thread
07-13 08:58:10.879 D/C2MtkBufferManager( 1041): over 5000ms not request from VCodec but callback hooked, slow BM Cc fetch thread
07-13 08:58:10.900 D/C2MtkBufferManager( 1041): over 5000ms not request from VCodec but callback hooked, slow BM Cc fetch thread
07-13 08:58:10.906 I/gralloc4(19236): @set_metadata: update dataspace from GM (0x00000000 -> 0x08010000)
07-13 08:58:10.916 I/BufferQueueProducer( 1133): [com.skillsroom.mobile/com.skillsroom.mobile.MainActivity#77915](this:0xb4000078559f0a30,id:-1,api:0,p:-1,c:1133) queueBuffer: fps=18.60 dur=1182.64 max=332.33 min=16.12
07-13 08:58:10.916 I/gralloc4(19236): @set_metadata: update dataspace from GM (0x00000000 -> 0x08010000)
07-13 08:58:10.919 I/hwcomposer( 1039): [HWCDisplay] [Display_0 (type:1)] fps:18.621595,dur:1181.42,max:331.51,min:15.48  
07-13 08:58:10.920 D/C2MtkBufferManager( 1041): over 5000ms not request from VCodec but callback hooked, slow BM Cc fetch thread
07-13 08:58:10.941 D/C2MtkBufferManager( 1041): over 5000ms not request from VCodec but callback hooked, slow BM Cc fetch thread
07-13 08:58:10.961 D/C2MtkBufferManager( 1041): over 5000ms not request from VCodec but callback hooked, slow BM Cc fetch thread
07-13 08:58:10.982 D/C2MtkBufferManager( 1041): over 5000ms not request from VCodec but callback hooked, slow BM Cc fetch thread
07-13 08:58:11.003 D/C2MtkBufferManager( 1041): over 5000ms not request from VCodec but callback hooked, slow BM Cc fetch thread
07-13 08:58:11.024 D/C2MtkBufferManager( 1041): over 5000ms not request from VCodec but callback hooked, slow BM Cc fetch thread
07-13 08:58:11.036 D/ActivityManager( 1813): getProcessesInErrorState callingUid=10288, CallingPid=19459
07-13 08:58:11.044 D/C2MtkBufferManager( 1041): over 5000ms not request from VCodec but callback hooked, slow BM Cc fetch thread
07-13 08:58:11.046 D/ActivityManager( 1813): getProcessesInErrorState callingUid=10279, CallingPid=443
07-13 08:58:11.065 D/C2MtkBufferManager( 1041): over 5000ms not request from VCodec but callback hooked, slow BM Cc fetch thread
07-13 08:58:11.086 D/C2MtkBufferManager( 1041): over 5000ms not request from VCodec but callback hooked, slow BM Cc fetch thread
07-13 08:58:11.106 D/C2MtkBufferManager( 1041): over 5000ms not request from VCodec but callback hooked, slow BM Cc fetch thread
07-13 08:58:11.127 D/C2MtkBufferManager( 1041): over 5000ms not request from VCodec but callback hooked, slow BM Cc fetch thread
07-13 08:58:11.148 D/C2MtkBufferManager( 1041): over 5000ms not request from VCodec but callback hooked, slow BM Cc fetch thread
07-13 08:58:11.168 D/C2MtkBufferManager( 1041): over 5000ms not request from VCodec but callback hooked, slow BM Cc fetch thread
07-13 08:58:11.189 D/C2MtkBufferManager( 1041): over 5000ms not request from VCodec but callback hooked, slow BM Cc fetch thread
07-13 08:58:11.210 D/C2MtkBufferManager( 1041): over 5000ms not request from VCodec but callback hooked, slow BM Cc fetch thread
07-13 08:58:11.231 D/C2MtkBufferManager( 1041): over 5000ms not request from VCodec but callback hooked, slow BM Cc fetch thread
07-13 08:58:11.251 D/C2MtkBufferManager( 1041): over 5000ms not request from VCodec but callback hooked, slow BM Cc fetch thread
07-13 08:58:11.272 D/C2MtkBufferManager( 1041): over 5000ms not request from VCodec but callback hooked, slow BM Cc fetch thread
07-13 08:58:11.293 D/C2MtkBufferManager( 1041): over 5000ms not request from VCodec but callback hooked, slow BM Cc fetch thread
07-13 08:58:11.314 D/C2MtkBufferManager( 1041): over 5000ms not request from VCodec but callback hooked, slow BM Cc fetch thread
07-13 08:58:11.335 D/C2MtkBufferManager( 1041): over 5000ms not request from VCodec but callback hooked, slow BM Cc fetch thread
07-13 08:58:11.355 D/C2MtkBufferManager( 1041): over 5000ms not request from VCodec but callback hooked, slow BM Cc fetch thread
07-13 08:58:11.376 D/C2MtkBufferManager( 1041): over 5000ms not request from VCodec but callback hooked, slow BM Cc fetch thread
07-13 08:58:11.397 D/C2MtkBufferManager( 1041): over 5000ms not request from VCodec but callback hooked, slow BM Cc fetch thread
07-13 08:58:11.418 I/Tethering( 2392): [BpfCoordinator] onAlertReached
07-13 08:58:11.418 D/C2MtkBufferManager( 1041): over 5000ms not request from VCodec but callback hooked, slow BM Cc fetch thread
07-13 08:58:11.431 I/gralloc4(19236): @set_metadata: update dataspace from GM (0x00000000 -> 0x08010000)
07-13 08:58:11.438 D/C2MtkBufferManager( 1041): over 5000ms not request from VCodec but callback hooked, slow BM Cc fetch thread
07-13 08:58:11.447 I/gralloc4(19236): @set_metadata: update dataspace from GM (0x00000000 -> 0x08010000)
07-13 08:58:11.459 D/C2MtkBufferManager( 1041): over 5000ms not request from VCodec but callback hooked, slow BM Cc fetch thread
07-13 08:58:11.479 D/C2MtkBufferManager( 1041): over 5000ms not request from VCodec but callback hooked, slow BM Cc fetch thread
07-13 08:58:11.487 I/gralloc4(19236): @set_metadata: update dataspace from GM (0x00000000 -> 0x08010000)
07-13 08:58:11.500 D/C2MtkBufferManager( 1041): over 5000ms not request from VCodec but callback hooked, slow BM Cc fetch thread
07-13 08:58:11.502 I/gralloc4(19236): @set_metadata: update dataspace from GM (0x00000000 -> 0x08010000)
07-13 08:58:11.514 I/gralloc4(19236): @set_metadata: update dataspace from GM (0x00000000 -> 0x08010000)
07-13 08:58:11.520 D/C2MtkBufferManager( 1041): over 5000ms not request from VCodec but callback hooked, slow BM Cc fetch thread
07-13 08:58:11.531 I/gralloc4(19236): @set_metadata: update dataspace from GM (0x00000000 -> 0x08010000)
07-13 08:58:11.538 D/ActivityManager( 1813): getProcessesInErrorState callingUid=10288, CallingPid=19459
07-13 08:58:11.541 D/C2MtkBufferManager( 1041): over 5000ms not request from VCodec but callback hooked, slow BM Cc fetch thread
07-13 08:58:11.549 I/gralloc4(19236): @set_metadata: update dataspace from GM (0x00000000 -> 0x08010000)
