07-13 08:58:04.440 D/C2MtkBufferManager( 1041): over 5000ms not request from VCodec but callback hooked, slow BM Cc fetch thread
07-13 08:58:04.461 D/C2MtkBufferManager( 1041): over 5000ms not request from VCodec but callback hooked, slow BM Cc fetch thread
07-13 08:58:04.481 D/C2MtkBufferManager( 1041): over 5000ms not request from VCodec but callback hooked, slow BM Cc fetch thread
07-13 08:58:04.502 D/C2MtkBufferManager( 1041): over 5000ms not request from VCodec but callback hooked, slow BM Cc fetch thread
07-13 08:58:04.510 D/connsyslogger( 1516): SD_LOG_ROOT is /data/debuglogger/connsyslog/fw.
07-13 08:58:04.510 D/connsyslogger( 1516): systemReady:1
07-13 08:58:04.512 D/ActivityManager( 1813): getProcessesInErrorState callingUid=10288, CallingPid=19459
07-13 08:58:04.519 D/ActivityManager( 1813): getProcessesInErrorState callingUid=10279, CallingPid=443
07-13 08:58:04.522 D/C2MtkBufferManager( 1041): over 5000ms not request from VCodec but callback hooked, slow BM Cc fetch thread
07-13 08:58:04.543 D/C2MtkBufferManager( 1041): over 5000ms not request from VCodec but callback hooked, slow BM Cc fetch thread
07-13 08:58:04.554 I/libPerfCtl( 1059): xgfGetFPS pid:2459 fps:-1
07-13 08:58:04.554 I/libPerfCtl( 1059): xgfGetFPS pid:19236 fps:-1
07-13 08:58:04.563 D/C2MtkBufferManager( 1041): over 5000ms not request from VCodec but callback hooked, slow BM Cc fetch thread
07-13 08:58:04.584 D/C2MtkBufferManager( 1041): over 5000ms not request from VCodec but callback hooked, slow BM Cc fetch thread
07-13 08:58:04.604 D/C2MtkBufferManager( 1041): over 5000ms not request from VCodec but callback hooked, slow BM Cc fetch thread
07-13 08:58:04.625 D/C2MtkBufferManager( 1041): over 5000ms not request from VCodec but callback hooked, slow BM Cc fetch thread
07-13 08:58:04.645 D/C2MtkBufferManager( 1041): over 5000ms not request from VCodec but callback hooked, slow BM Cc fetch thread
07-13 08:58:04.666 D/C2MtkBufferManager( 1041): over 5000ms not request from VCodec but callback hooked, slow BM Cc fetch thread
07-13 08:58:04.686 D/C2MtkBufferManager( 1041): over 5000ms not request from VCodec but callback hooked, slow BM Cc fetch thread
07-13 08:58:04.707 D/C2MtkBufferManager( 1041): over 5000ms not request from VCodec but callback hooked, slow BM Cc fetch thread
07-13 08:58:04.727 D/C2MtkBufferManager( 1041): over 5000ms not request from VCodec but callback hooked, slow BM Cc fetch thread
07-13 08:58:04.748 D/C2MtkBufferManager( 1041): over 5000ms not request from VCodec but callback hooked, slow BM Cc fetch thread
07-13 08:58:04.769 D/C2MtkBufferManager( 1041): over 5000ms not request from VCodec but callback hooked, slow BM Cc fetch thread
07-13 08:58:04.789 D/C2MtkBufferManager( 1041): over 5000ms not request from VCodec but callback hooked, slow BM Cc fetch thread
07-13 08:58:04.810 D/C2MtkBufferManager( 1041): over 5000ms not request from VCodec but callback hooked, slow BM Cc fetch thread
07-13 08:58:04.831 D/C2MtkBufferManager( 1041): over 5000ms not request from VCodec but callback hooked, slow BM Cc fetch thread
07-13 08:58:04.851 D/C2MtkBufferManager( 1041): over 5000ms not request from VCodec but callback hooked, slow BM Cc fetch thread
07-13 08:58:04.872 D/C2MtkBufferManager( 1041): over 5000ms not request from VCodec but callback hooked, slow BM Cc fetch thread
07-13 08:58:04.893 D/C2MtkBufferManager( 1041): over 5000ms not request from VCodec but callback hooked, slow BM Cc fetch thread
07-13 08:58:04.914 D/C2MtkBufferManager( 1041): over 5000ms not request from VCodec but callback hooked, slow BM Cc fetch thread
07-13 08:58:04.934 D/C2MtkBufferManager( 1041): over 5000ms not request from VCodec but callback hooked, slow BM Cc fetch thread
07-13 08:58:04.955 D/C2MtkBufferManager( 1041): over 5000ms not request from VCodec but callback hooked, slow BM Cc fetch thread
07-13 08:58:04.976 D/C2MtkBufferManager( 1041): over 5000ms not request from VCodec but callback hooked, slow BM Cc fetch thread
07-13 08:58:04.997 D/C2MtkBufferManager( 1041): over 5000ms not request from VCodec but callback hooked, slow BM Cc fetch thread
07-13 08:58:05.014 D/ActivityManager( 1813): getProcessesInErrorState callingUid=10288, CallingPid=19459
07-13 08:58:05.017 D/C2MtkBufferManager( 1041): over 5000ms not request from VCodec but callback hooked, slow BM Cc fetch thread
07-13 08:58:05.021 D/ActivityManager( 1813): getProcessesInErrorState callingUid=10279, CallingPid=443
07-13 08:58:05.038 D/C2MtkBufferManager( 1041): over 5000ms not request from VCodec but callback hooked, slow BM Cc fetch thread
07-13 08:58:05.059 D/C2MtkBufferManager( 1041): over 5000ms not request from VCodec but callback hooked, slow BM Cc fetch thread
07-13 08:58:05.079 D/C2MtkBufferManager( 1041): over 5000ms not request from VCodec but callback hooked, slow BM Cc fetch thread
07-13 08:58:05.100 D/C2MtkBufferManager( 1041): over 5000ms not request from VCodec but callback hooked, slow BM Cc fetch thread
07-13 08:58:05.121 D/C2MtkBufferManager( 1041): over 5000ms not request from VCodec but callback hooked, slow BM Cc fetch thread
07-13 08:58:05.141 D/C2MtkBufferManager( 1041): over 5000ms not request from VCodec but callback hooked, slow BM Cc fetch thread
07-13 08:58:05.162 D/C2MtkBufferManager( 1041): over 5000ms not request from VCodec but callback hooked, slow BM Cc fetch thread
07-13 08:58:05.183 D/C2MtkBufferManager( 1041): over 5000ms not request from VCodec but callback hooked, slow BM Cc fetch thread
07-13 08:58:05.203 D/C2MtkBufferManager( 1041): over 5000ms not request from VCodec but callback hooked, slow BM Cc fetch thread
07-13 08:58:05.224 D/C2MtkBufferManager( 1041): over 5000ms not request from VCodec but callback hooked, slow BM Cc fetch thread
07-13 08:58:05.244 D/C2MtkBufferManager( 1041): over 5000ms not request from VCodec but callback hooked, slow BM Cc fetch thread
07-13 08:58:05.265 D/C2MtkBufferManager( 1041): over 5000ms not request from VCodec but callback hooked, slow BM Cc fetch thread
07-13 08:58:05.286 D/C2MtkBufferManager( 1041): over 5000ms not request from VCodec but callback hooked, slow BM Cc fetch thread
07-13 08:58:05.306 D/C2MtkBufferManager( 1041): over 5000ms not request from VCodec but callback hooked, slow BM Cc fetch thread
07-13 08:58:05.327 D/C2MtkBufferManager( 1041): over 5000ms not request from VCodec but callback hooked, slow BM Cc fetch thread
07-13 08:58:05.347 D/C2MtkBufferManager( 1041): over 5000ms not request from VCodec but callback hooked, slow BM Cc fetch thread
07-13 08:58:05.368 D/C2MtkBufferManager( 1041): over 5000ms not request from VCodec but callback hooked, slow BM Cc fetch thread
07-13 08:58:05.389 D/C2MtkBufferManager( 1041): over 5000ms not request from VCodec but callback hooked, slow BM Cc fetch thread
07-13 08:58:05.409 D/C2MtkBufferManager( 1041): over 5000ms not request from VCodec but callback hooked, slow BM Cc fetch thread
07-13 08:58:05.430 D/C2MtkBufferManager( 1041): over 5000ms not request from VCodec but callback hooked, slow BM Cc fetch thread
07-13 08:58:05.451 D/C2MtkBufferManager( 1041): over 5000ms not request from VCodec but callback hooked, slow BM Cc fetch thread
07-13 08:58:05.453 I/PowerManagerServiceImpl( 1813): Acquire wakelock: SCREEN_BRIGHT_WAKE_LOCK        'WindowManager/displayId:0' ON_AFTER_RELEASE (uid=1000 pid=1813 pkg=android ws=WorkSource{10210 com.skillsroom.mobile})
07-13 08:58:05.471 D/C2MtkBufferManager( 1041): over 5000ms not request from VCodec but callback hooked, slow BM Cc fetch thread
07-13 08:58:05.481 E/illsroom.mobile(19236): DynamicFPS DF open fail: No such file or directory
07-13 08:58:05.482 W/illsroom.mobile(19236): remote service is not exist
07-13 08:58:05.484 E/surfaceflinger( 1133): == MALI DEBUG ===eglp_winsys_populate_image_templates ==12288
07-13 08:58:05.485 I/BufferQueueProducer( 1133): [com.skillsroom.mobile/com.skillsroom.mobile.MainActivity#77915](this:0xb4000078559f0a30,id:-1,api:0,p:-1,c:1133) queueBuffer: fps=0.11 dur=9048.79 max=9048.79 min=9048.79
07-13 08:58:05.486 I/gralloc4( 1133): @set_metadata: update dataspace from GM (0x08010000 -> 0x00000000)
07-13 08:58:05.491 I/hwcomposer( 1039): [HWCDisplay] [Display_0 (type:1)] fps:0.804721,dur:2485.33,max:1487.11,min:998.23  
07-13 08:58:05.492 D/C2MtkBufferManager( 1041): over 5000ms not request from VCodec but callback hooked, slow BM Cc fetch thread
07-13 08:58:05.508 E/surfaceflinger( 1133): == MALI DEBUG ===eglp_winsys_populate_image_templates ==12288
07-13 08:58:05.512 D/C2MtkBufferManager( 1041): over 5000ms not request from VCodec but callback hooked, slow BM Cc fetch thread
07-13 08:58:05.517 D/ActivityManager( 1813): getProcessesInErrorState callingUid=10288, CallingPid=19459
07-13 08:58:05.518 I/gralloc4( 1133): @set_metadata: update dataspace from GM (0x08010000 -> 0x00000000)
07-13 08:58:05.522 D/ActivityManager( 1813): getProcessesInErrorState callingUid=10279, CallingPid=443
07-13 08:58:05.533 D/C2MtkBufferManager( 1041): over 5000ms not request from VCodec but callback hooked, slow BM Cc fetch thread
07-13 08:58:05.553 D/C2MtkBufferManager( 1041): over 5000ms not request from VCodec but callback hooked, slow BM Cc fetch thread
07-13 08:58:05.554 I/libPerfCtl( 1059): xgfGetFPS pid:2459 fps:-1
07-13 08:58:05.554 I/libPerfCtl( 1059): xgfGetFPS pid:19236 fps:-1
07-13 08:58:05.574 D/C2MtkBufferManager( 1041): over 5000ms not request from VCodec but callback hooked, slow BM Cc fetch thread
07-13 08:58:05.584 W/Looper  (19236): PerfMonitor longMsg : seq=5 plan=08:57:58.150 late=0ms wall=7428ms h=com.facebook.react.bridge.queue.MessageQueueThreadHandler c=com.facebook.jni.NativeRunnable procState=-1
07-13 08:58:05.594 D/C2MtkBufferManager( 1041): over 5000ms not request from VCodec but callback hooked, slow BM Cc fetch thread
07-13 08:58:05.597 E/surfaceflinger( 1133): == MALI DEBUG ===eglp_winsys_populate_image_templates ==12288
07-13 08:58:05.602 I/gralloc4( 1133): @set_metadata: update dataspace from GM (0x08010000 -> 0x00000000)
07-13 08:58:05.605 D/ULogGuard( 1314): Monitoring: 16 threads, 0 requests, 0 time-bombs; 2 guards. ResetFlags = 0x7
07-13 08:58:05.615 D/C2MtkBufferManager( 1041): over 5000ms not request from VCodec but callback hooked, slow BM Cc fetch thread
07-13 08:58:05.635 D/C2MtkBufferManager( 1041): over 5000ms not request from VCodec but callback hooked, slow BM Cc fetch thread
07-13 08:58:05.656 D/C2MtkBufferManager( 1041): over 5000ms not request from VCodec but callback hooked, slow BM Cc fetch thread
07-13 08:58:05.676 D/C2MtkBufferManager( 1041): over 5000ms not request from VCodec but callback hooked, slow BM Cc fetch thread
07-13 08:58:05.697 D/C2MtkBufferManager( 1041): over 5000ms not request from VCodec but callback hooked, slow BM Cc fetch thread
07-13 08:58:05.718 D/C2MtkBufferManager( 1041): over 5000ms not request from VCodec but callback hooked, slow BM Cc fetch thread
07-13 08:58:05.721 E/WifiStandalone( 1305): conditional wait timedout
07-13 08:58:05.722 E/WifiStandalone( 1305): write_to_file write kernel_log error, errno = 9(Bad file descriptor)
07-13 08:58:05.738 D/C2MtkBufferManager( 1041): over 5000ms not request from VCodec but callback hooked, slow BM Cc fetch thread
07-13 08:58:05.759 D/C2MtkBufferManager( 1041): over 5000ms not request from VCodec but callback hooked, slow BM Cc fetch thread
07-13 08:58:05.780 D/C2MtkBufferManager( 1041): over 5000ms not request from VCodec but callback hooked, slow BM Cc fetch thread
07-13 08:58:05.801 D/C2MtkBufferManager( 1041): over 5000ms not request from VCodec but callback hooked, slow BM Cc fetch thread
07-13 08:58:05.822 D/C2MtkBufferManager( 1041): over 5000ms not request from VCodec but callback hooked, slow BM Cc fetch thread
07-13 08:58:05.842 D/C2MtkBufferManager( 1041): over 5000ms not request from VCodec but callback hooked, slow BM Cc fetch thread
07-13 08:58:05.862 D/C2MtkBufferManager( 1041): over 5000ms not request from VCodec but callback hooked, slow BM Cc fetch thread
07-13 08:58:05.879 D/BoundBrokerSvc( 8414): onUnbind: Intent { act=com.google.android.gms.measurement.START pkg=com.google.android.gms }
07-13 08:58:05.883 D/C2MtkBufferManager( 1041): over 5000ms not request from VCodec but callback hooked, slow BM Cc fetch thread
07-13 08:58:05.903 D/C2MtkBufferManager( 1041): over 5000ms not request from VCodec but callback hooked, slow BM Cc fetch thread
07-13 08:58:05.924 D/C2MtkBufferManager( 1041): over 5000ms not request from VCodec but callback hooked, slow BM Cc fetch thread
07-13 08:58:05.929 W/unknown:ReactNative(19236): StatusBarModule: Ignored status bar change, current activity is edge-to-edge.
07-13 08:58:05.930 W/unknown:ReactNative(19236): StatusBarModule: Ignored status bar change, current activity is edge-to-edge.
07-13 08:58:05.945 D/C2MtkBufferManager( 1041): over 5000ms not request from VCodec but callback hooked, slow BM Cc fetch thread
07-13 08:58:05.965 D/C2MtkBufferManager( 1041): over 5000ms not request from VCodec but callback hooked, slow BM Cc fetch thread
07-13 08:58:05.972 W/[RNScreens](19236): backTitleFontFamily prop is not available on Android
07-13 08:58:05.972 W/[RNScreens](19236): disableBackButtonMenu prop is not available on Android
07-13 08:58:05.973 W/ReactNativeJS(19236): '`setBackgroundColorAsync` is not supported with edge-to-edge enabled.', { [Stack] name: 'Stack' }
07-13 08:58:05.973 W/[RNScreens](19236): backTitleVisible prop is not available on Android
07-13 08:58:05.973 W/[RNScreens](19236): topInsetEnabled prop is not available on Android
07-13 08:58:05.973 W/[RNScreens](19236): largeTitleHideShadow prop is not available on Android
07-13 08:58:05.974 W/[RNScreens](19236): largeTitleFontWeight prop is not available on Android
07-13 08:58:05.975 W/[RNScreens](19236): userInterfaceStyle prop is not available on Android
07-13 08:58:05.975 W/[RNScreens](19236): largeTitleFontFamily prop is not available on Android
07-13 08:58:05.986 D/C2MtkBufferManager( 1041): over 5000ms not request from VCodec but callback hooked, slow BM Cc fetch thread
07-13 08:58:06.006 D/C2MtkBufferManager( 1041): over 5000ms not request from VCodec but callback hooked, slow BM Cc fetch thread
07-13 08:58:06.018 D/ActivityManager( 1813): getProcessesInErrorState callingUid=10288, CallingPid=19459
07-13 08:58:06.020 I/ReactNative(19236): [GESTURE HANDLER] Initialize gesture handler for root view com.facebook.react.runtime.ReactSurfaceView{f9dc200 V.E...... .......D 0,0-720,1600 #1}
07-13 08:58:06.025 D/ActivityManager( 1813): getProcessesInErrorState callingUid=10279, CallingPid=443
07-13 08:58:06.027 D/C2MtkBufferManager( 1041): over 5000ms not request from VCodec but callback hooked, slow BM Cc fetch thread
07-13 08:58:06.047 D/C2MtkBufferManager( 1041): over 5000ms not request from VCodec but callback hooked, slow BM Cc fetch thread
07-13 08:58:06.068 D/C2MtkBufferManager( 1041): over 5000ms not request from VCodec but callback hooked, slow BM Cc fetch thread
07-13 08:58:06.088 D/C2MtkBufferManager( 1041): over 5000ms not request from VCodec but callback hooked, slow BM Cc fetch thread
07-13 08:58:06.109 D/C2MtkBufferManager( 1041): over 5000ms not request from VCodec but callback hooked, slow BM Cc fetch thread
07-13 08:58:06.129 D/C2MtkBufferManager( 1041): over 5000ms not request from VCodec but callback hooked, slow BM Cc fetch thread
07-13 08:58:06.150 D/C2MtkBufferManager( 1041): over 5000ms not request from VCodec but callback hooked, slow BM Cc fetch thread
07-13 08:58:06.171 D/C2MtkBufferManager( 1041): over 5000ms not request from VCodec but callback hooked, slow BM Cc fetch thread
07-13 08:58:06.191 D/C2MtkBufferManager( 1041): over 5000ms not request from VCodec but callback hooked, slow BM Cc fetch thread
07-13 08:58:06.201 D/nativeloader(19236): Load /data/app/~~YLnmsdzZwEre--bK2d7z9w==/com.skillsroom.mobile-f9Bv9at9m-3mkcSkMrJiDw==/base.apk!/lib/arm64-v8a/libgesturehandler.so using class loader ns clns-4 (caller=/data/app/~~YLnmsdzZwEre--bK2d7z9w==/com.skillsroom.mobile-f9Bv9at9m-3mkcSkMrJiDw==/base.apk!classes20.dex): ok
07-13 08:58:06.203 D/jni_lib_merge(19236): Entering merged library JNI_OnLoad.
07-13 08:58:06.203 D/jni_lib_merge(19236): Preparing 12 pre-merged libs (including stub)
07-13 08:58:06.203 D/jni_lib_merge(19236): Preparing to register libfabricjni_so.  onload_func: 0x7cb3bf8f38
07-13 08:58:06.203 D/jni_lib_merge(19236): Preparing to register libreact_devsupportjni_so.  onload_func: 0x7cb3e0181c
07-13 08:58:06.203 D/jni_lib_merge(19236): Preparing to register libreact_featureflagsjni_so.  onload_func: 0x7cb3e13b7c
07-13 08:58:06.203 D/jni_lib_merge(19236): Preparing to register libreact_newarchdefaults_so.  onload_func: 0x7cb3eb8f24
07-13 08:58:06.203 D/jni_lib_merge(19236): Preparing to register libreactnativeblob_so.  onload_func: 0x7cb40cb088
07-13 08:58:06.203 D/jni_lib_merge(19236): Preparing to register libreactnativejni_so.  onload_func: 0x7cb410dffc
07-13 08:58:06.203 D/jni_lib_merge(19236): Preparing to register libreactnativejni_common_so.  onload_func: 0x7cb411e9f0
07-13 08:58:06.203 D/jni_lib_merge(19236): Preparing to register librninstance_so.  onload_func: 0x7cb415d62c
07-13 08:58:06.203 D/jni_lib_merge(19236): Preparing to register libturbomodulejsijni_so.  onload_func: 0x7cb42ba734
07-13 08:58:06.203 D/jni_lib_merge(19236): Preparing to register libuimanagerjni_so.  onload_func: 0x7cb42d36e8
07-13 08:58:06.203 D/jni_lib_merge(19236): Preparing to register libyoga_so.  onload_func: 0x7cb42e316c
07-13 08:58:06.203 D/jni_lib_merge(19236): About to register 11 actual methods.
07-13 08:58:06.212 D/C2MtkBufferManager( 1041): over 5000ms not request from VCodec but callback hooked, slow BM Cc fetch thread
07-13 08:58:06.214 E/surfaceflinger( 1133): == MALI DEBUG ===eglp_winsys_populate_image_templates ==12288
07-13 08:58:06.218 I/gralloc4( 1133): @set_metadata: update dataspace from GM (0x08010000 -> 0x00000000)
07-13 08:58:06.233 D/C2MtkBufferManager( 1041): over 5000ms not request from VCodec but callback hooked, slow BM Cc fetch thread
07-13 08:58:06.245 I/gralloc4(19236): @set_metadata: update dataspace from GM (0x00000000 -> 0x08010000)
07-13 08:58:06.253 D/C2MtkBufferManager( 1041): over 5000ms not request from VCodec but callback hooked, slow BM Cc fetch thread
07-13 08:58:06.260 I/gralloc4(19236): @set_metadata: update dataspace from GM (0x00000000 -> 0x08010000)
07-13 08:58:06.274 D/C2MtkBufferManager( 1041): over 5000ms not request from VCodec but callback hooked, slow BM Cc fetch thread
07-13 08:58:06.274 I/gralloc4(19236): @set_metadata: update dataspace from GM (0x00000000 -> 0x08010000)
07-13 08:58:06.293 I/gralloc4(19236): @set_metadata: update dataspace from GM (0x00000000 -> 0x08010000)
07-13 08:58:06.295 D/C2MtkBufferManager( 1041): over 5000ms not request from VCodec but callback hooked, slow BM Cc fetch thread
07-13 08:58:06.316 D/C2MtkBufferManager( 1041): over 5000ms not request from VCodec but callback hooked, slow BM Cc fetch thread
07-13 08:58:06.329 I/beanpodkeymaster(  546): Enter BeanpodKeymaster BeginOperation
07-13 08:58:06.335 I/beanpodkeymaster(  546): cmd:4 Received 24 byte response
07-13 08:58:06.335 I/beanpodkeymaster(  546): Exit BeanpodKeymaster BeginOperation
07-13 08:58:06.336 D/C2MtkBufferManager( 1041): over 5000ms not request from VCodec but callback hooked, slow BM Cc fetch thread
07-13 08:58:06.338 I/illsroom.mobile(19236): NativeAlloc concurrent copying GC freed 4349KB AllocSpace bytes, 5(100KB) LOS objects, 49% free, 10MB/21MB, paused 863us,395us total 190.016ms
07-13 08:58:06.338 D/TouchInteractionService( 2470): onSystemUiFlagsChanged, mSystemUiStateFlags=10000000
07-13 08:58:06.343 I/gralloc4(19236): @set_metadata: update dataspace from GM (0x00000000 -> 0x08010000)
07-13 08:58:06.349 I/gralloc4( 2459): @set_metadata: update dataspace from GM (0x00000000 -> 0x08010000)
07-13 08:58:06.353 I/beanpodkeymaster(  546): Enter BeanpodKeymaster UpdateOperation
07-13 08:58:06.354 I/beanpodkeymaster(  546): cmd:8 Received 393 byte response
07-13 08:58:06.354 I/beanpodkeymaster(  546): Exit BeanpodKeymaster UpdateOperation
07-13 08:58:06.357 D/C2MtkBufferManager( 1041): over 5000ms not request from VCodec but callback hooked, slow BM Cc fetch thread
07-13 08:58:06.357 I/beanpodkeymaster(  546): Enter BeanpodKeymaster FinishOperation
07-13 08:58:06.358 I/beanpodkeymaster(  546): cmd:c Received 20 byte response
07-13 08:58:06.358 I/beanpodkeymaster(  546): Exit BeanpodKeymaster FinishOperation
07-13 08:58:06.363 I/gralloc4( 2459): @set_metadata: update dataspace from GM (0x00000000 -> 0x08010000)
07-13 08:58:06.367 I/BufferQueueProducer( 1133): [StatusBar#98](this:0xb400007865c71a30,id:-1,api:0,p:-1,c:1133) queueBuffer: fps=0.59 dur=3364.76 max=2364.88 min=999.88
07-13 08:58:06.371 I/gralloc4(19236): @set_metadata: update dataspace from GM (0x00000000 -> 0x08010000)
07-13 08:58:06.378 D/C2MtkBufferManager( 1041): over 5000ms not request from VCodec but callback hooked, slow BM Cc fetch thread
07-13 08:58:06.378 I/gralloc4( 2459): @set_metadata: update dataspace from GM (0x00000000 -> 0x08010000)
07-13 08:58:06.381 I/beanpodkeymaster(  546): Enter BeanpodKeymaster BeginOperation
07-13 08:58:06.381 I/beanpodkeymaster(  546): cmd:4 Received 24 byte response
07-13 08:58:06.381 I/beanpodkeymaster(  546): Exit BeanpodKeymaster BeginOperation
07-13 08:58:06.383 I/gralloc4(19236): @set_metadata: update dataspace from GM (0x00000000 -> 0x08010000)
07-13 08:58:06.386 I/beanpodkeymaster(  546): Enter BeanpodKeymaster UpdateOperation
07-13 08:58:06.386 I/beanpodkeymaster(  546): cmd:8 Received 88 byte response
07-13 08:58:06.387 I/beanpodkeymaster(  546): Exit BeanpodKeymaster UpdateOperation
07-13 08:58:06.388 I/beanpodkeymaster(  546): Enter BeanpodKeymaster FinishOperation
07-13 08:58:06.388 I/beanpodkeymaster(  546): cmd:c Received 20 byte response
07-13 08:58:06.388 I/beanpodkeymaster(  546): Exit BeanpodKeymaster FinishOperation
07-13 08:58:06.392 D/nativeloader(19236): Load /data/app/~~YLnmsdzZwEre--bK2d7z9w==/com.skillsroom.mobile-f9Bv9at9m-3mkcSkMrJiDw==/base.apk!/lib/arm64-v8a/libimagepipeline.so using class loader ns clns-4 (caller=/data/app/~~YLnmsdzZwEre--bK2d7z9w==/com.skillsroom.mobile-f9Bv9at9m-3mkcSkMrJiDw==/base.apk!classes20.dex): ok
07-13 08:58:06.395 I/gralloc4( 2459): @set_metadata: update dataspace from GM (0x00000000 -> 0x08010000)
07-13 08:58:06.398 D/C2MtkBufferManager( 1041): over 5000ms not request from VCodec but callback hooked, slow BM Cc fetch thread
07-13 08:58:06.398 I/gralloc4(19236): @set_metadata: update dataspace from GM (0x00000000 -> 0x08010000)
07-13 08:58:06.409 I/gralloc4(19236): @set_metadata: update dataspace from GM (0x00000000 -> 0x08010000)
07-13 08:58:06.413 I/beanpodkeymaster(  546): Enter BeanpodKeymaster BeginOperation
07-13 08:58:06.414 I/beanpodkeymaster(  546): cmd:4 Received 24 byte response
07-13 08:58:06.414 I/beanpodkeymaster(  546): Exit BeanpodKeymaster BeginOperation
07-13 08:58:06.415 I/gralloc4( 2459): @set_metadata: update dataspace from GM (0x00000000 -> 0x08010000)
07-13 08:58:06.417 I/beanpodkeymaster(  546): Enter BeanpodKeymaster UpdateOperation
07-13 08:58:06.418 I/beanpodkeymaster(  546): cmd:8 Received 393 byte response
07-13 08:58:06.418 I/beanpodkeymaster(  546): Exit BeanpodKeymaster UpdateOperation
07-13 08:58:06.418 D/C2MtkBufferManager( 1041): over 5000ms not request from VCodec but callback hooked, slow BM Cc fetch thread
07-13 08:58:06.419 I/beanpodkeymaster(  546): Enter BeanpodKeymaster FinishOperation
07-13 08:58:06.419 I/beanpodkeymaster(  546): cmd:c Received 20 byte response
07-13 08:58:06.420 I/beanpodkeymaster(  546): Exit BeanpodKeymaster FinishOperation
07-13 08:58:06.426 I/gralloc4(19236): @set_metadata: update dataspace from GM (0x00000000 -> 0x08010000)
07-13 08:58:06.426 I/gralloc4( 2459): @set_metadata: update dataspace from GM (0x00000000 -> 0x08010000)
07-13 08:58:06.429 D/ActivityManager( 1813): getProcessesInErrorState callingUid=10283, CallingPid=7279
07-13 08:58:06.432 I/thermal_repeater( 1331): [recvMdThermalInfo] ret=24, strLen=127,  3, 44, 2, 196, 32767, 0
07-13 08:58:06.437 I/beanpodkeymaster(  546): Enter BeanpodKeymaster BeginOperation
07-13 08:58:06.437 I/beanpodkeymaster(  546): cmd:4 Received 24 byte response
07-13 08:58:06.437 I/beanpodkeymaster(  546): Exit BeanpodKeymaster BeginOperation
07-13 08:58:06.439 D/C2MtkBufferManager( 1041): over 5000ms not request from VCodec but callback hooked, slow BM Cc fetch thread
07-13 08:58:06.440 I/gralloc4( 2459): @set_metadata: update dataspace from GM (0x00000000 -> 0x08010000)
07-13 08:58:06.440 I/beanpodkeymaster(  546): Enter BeanpodKeymaster UpdateOperation
07-13 08:58:06.441 I/beanpodkeymaster(  546): cmd:8 Received 88 byte response
07-13 08:58:06.441 I/beanpodkeymaster(  546): Exit BeanpodKeymaster UpdateOperation
07-13 08:58:06.442 I/beanpodkeymaster(  546): Enter BeanpodKeymaster FinishOperation
07-13 08:58:06.443 I/gralloc4(19236): @set_metadata: update dataspace from GM (0x00000000 -> 0x08010000)
07-13 08:58:06.443 I/beanpodkeymaster(  546): cmd:c Received 20 byte response
07-13 08:58:06.443 I/beanpodkeymaster(  546): Exit BeanpodKeymaster FinishOperation
07-13 08:58:06.455 I/gralloc4( 2459): @set_metadata: update dataspace from GM (0x00000000 -> 0x08010000)
07-13 08:58:06.459 D/C2MtkBufferManager( 1041): over 5000ms not request from VCodec but callback hooked, slow BM Cc fetch thread
07-13 08:58:06.463 I/gralloc4(19236): @set_metadata: update dataspace from GM (0x00000000 -> 0x08010000)
07-13 08:58:06.473 I/gralloc4( 2459): @set_metadata: update dataspace from GM (0x00000000 -> 0x08010000)
07-13 08:58:06.480 D/C2MtkBufferManager( 1041): over 5000ms not request from VCodec but callback hooked, slow BM Cc fetch thread
07-13 08:58:06.484 I/gralloc4(19236): @set_metadata: update dataspace from GM (0x00000000 -> 0x08010000)
07-13 08:58:06.489 I/gralloc4(19236): @set_metadata: update dataspace from GM (0x00000000 -> 0x08010000)
07-13 08:58:06.500 I/BufferQueueProducer( 1133): [com.skillsroom.mobile/com.skillsroom.mobile.MainActivity#77915](this:0xb4000078559f0a30,id:-1,api:0,p:-1,c:1133) queueBuffer: fps=15.76 dur=1015.48 max=615.86 min=16.39
07-13 08:58:06.500 D/C2MtkBufferManager( 1041): over 5000ms not request from VCodec but callback hooked, slow BM Cc fetch thread
07-13 08:58:06.504 I/hwcomposer( 1039): [HWCDisplay] [Display_0 (type:1)] fps:16.781744,dur:1013.01,max:616.74,min:14.86  
07-13 08:58:06.507 I/gralloc4(19236): @set_metadata: update dataspace from GM (0x00000000 -> 0x08010000)
07-13 08:58:06.510 D/connsyslogger( 1516): SD_LOG_ROOT is /data/debuglogger/connsyslog/fw.
07-13 08:58:06.510 D/connsyslogger( 1516): systemReady:1
07-13 08:58:06.520 D/ActivityManager( 1813): getProcessesInErrorState callingUid=10288, CallingPid=19459
07-13 08:58:06.521 D/C2MtkBufferManager( 1041): over 5000ms not request from VCodec but callback hooked, slow BM Cc fetch thread
07-13 08:58:06.525 I/gralloc4(19236): @set_metadata: update dataspace from GM (0x00000000 -> 0x08010000)
07-13 08:58:06.527 D/ActivityManager( 1813): getProcessesInErrorState callingUid=10279, CallingPid=443
07-13 08:58:06.541 D/C2MtkBufferManager( 1041): over 5000ms not request from VCodec but callback hooked, slow BM Cc fetch thread
07-13 08:58:06.542 I/gralloc4(19236): @set_metadata: update dataspace from GM (0x00000000 -> 0x08010000)
07-13 08:58:06.554 I/libPerfCtl( 1059): xgfGetFPS pid:2459 fps:65
07-13 08:58:06.555 I/libPerfCtl( 1059): xgfGetFPS pid:19236 fps:51
07-13 08:58:06.555 I/libPowerHal( 1059): [updateFPS] pid(19236) : -1 => 60
07-13 08:58:06.556 I/libPowerHal( 1059): [perfNotifyAppState] pack:com.skillsroom.mobile, act:com.skillsroom.mobile.MainActivity, state:5, pid:19236, uid:10210, fps:60
07-13 08:58:06.559 I/gralloc4(19236): @set_metadata: update dataspace from GM (0x00000000 -> 0x08010000)
07-13 08:58:06.562 D/C2MtkBufferManager( 1041): over 5000ms not request from VCodec but callback hooked, slow BM Cc fetch thread
07-13 08:58:06.564 I/UxUtility( 1059): notifyForegroundApp pack:com.skillsroom.mobile, uid:10210
07-13 08:58:06.564 I/TouchUtility( 1059): notifyAppState error = NULL
07-13 08:58:06.575 I/gralloc4(19236): @set_metadata: update dataspace from GM (0x00000000 -> 0x08010000)
07-13 08:58:06.582 D/C2MtkBufferManager( 1041): over 5000ms not request from VCodec but callback hooked, slow BM Cc fetch thread
07-13 08:58:06.592 I/gralloc4(19236): @set_metadata: update dataspace from GM (0x00000000 -> 0x08010000)
07-13 08:58:06.603 D/C2MtkBufferManager( 1041): over 5000ms not request from VCodec but callback hooked, slow BM Cc fetch thread
07-13 08:58:06.608 I/gralloc4(19236): @set_metadata: update dataspace from GM (0x00000000 -> 0x08010000)
07-13 08:58:06.624 D/C2MtkBufferManager( 1041): over 5000ms not request from VCodec but callback hooked, slow BM Cc fetch thread
07-13 08:58:06.626 I/gralloc4(19236): @set_metadata: update dataspace from GM (0x00000000 -> 0x08010000)
07-13 08:58:06.641 I/gralloc4(19236): @set_metadata: update dataspace from GM (0x00000000 -> 0x08010000)
07-13 08:58:06.644 D/C2MtkBufferManager( 1041): over 5000ms not request from VCodec but callback hooked, slow BM Cc fetch thread
07-13 08:58:06.658 I/gralloc4(19236): @set_metadata: update dataspace from GM (0x00000000 -> 0x08010000)
07-13 08:58:06.665 D/C2MtkBufferManager( 1041): over 5000ms not request from VCodec but callback hooked, slow BM Cc fetch thread
07-13 08:58:06.674 I/gralloc4(19236): @set_metadata: update dataspace from GM (0x00000000 -> 0x08010000)
07-13 08:58:06.686 D/C2MtkBufferManager( 1041): over 5000ms not request from VCodec but callback hooked, slow BM Cc fetch thread
07-13 08:58:06.693 I/gralloc4(19236): @set_metadata: update dataspace from GM (0x00000000 -> 0x08010000)
07-13 08:58:06.706 D/C2MtkBufferManager( 1041): over 5000ms not request from VCodec but callback hooked, slow BM Cc fetch thread
07-13 08:58:06.711 I/gralloc4(19236): @set_metadata: update dataspace from GM (0x00000000 -> 0x08010000)
07-13 08:58:06.725 I/gralloc4(19236): @set_metadata: update dataspace from GM (0x00000000 -> 0x08010000)
07-13 08:58:06.727 D/C2MtkBufferManager( 1041): over 5000ms not request from VCodec but callback hooked, slow BM Cc fetch thread
07-13 08:58:06.742 I/gralloc4(19236): @set_metadata: update dataspace from GM (0x00000000 -> 0x08010000)
07-13 08:58:06.747 D/C2MtkBufferManager( 1041): over 5000ms not request from VCodec but callback hooked, slow BM Cc fetch thread
07-13 08:58:06.758 I/gralloc4(19236): @set_metadata: update dataspace from GM (0x00000000 -> 0x08010000)
07-13 08:58:06.768 D/C2MtkBufferManager( 1041): over 5000ms not request from VCodec but callback hooked, slow BM Cc fetch thread
07-13 08:58:06.776 I/gralloc4(19236): @set_metadata: update dataspace from GM (0x00000000 -> 0x08010000)
07-13 08:58:06.788 D/C2MtkBufferManager( 1041): over 5000ms not request from VCodec but callback hooked, slow BM Cc fetch thread
07-13 08:58:06.792 I/gralloc4(19236): @set_metadata: update dataspace from GM (0x00000000 -> 0x08010000)
07-13 08:58:06.808 I/gralloc4(19236): @set_metadata: update dataspace from GM (0x00000000 -> 0x08010000)
07-13 08:58:06.809 D/C2MtkBufferManager( 1041): over 5000ms not request from VCodec but callback hooked, slow BM Cc fetch thread
07-13 08:58:06.807 W/railway.app/...(19236): type=1400 audit(0.0:607574): avc:  denied  { search } for  name="/" dev="mmcblk0p11" ino=2 scontext=u:r:untrusted_app:s0:c210,c256,c512,c768 tcontext=u:object_r:metadata_file:s0 tclass=dir permissive=0 app=com.skillsroom.mobile
07-13 08:58:06.813 E/FeatureFlagsImplExport(19236): android.os.flagging.AconfigStorageReadException: ERROR_PACKAGE_NOT_FOUND: package com.android.libcore cannot be found on the device
07-13 08:58:06.825 I/gralloc4(19236): @set_metadata: update dataspace from GM (0x00000000 -> 0x08010000)
07-13 08:58:06.829 D/C2MtkBufferManager( 1041): over 5000ms not request from VCodec but callback hooked, slow BM Cc fetch thread
07-13 08:58:06.831 W/Settings( 2457): Setting airplane_mode_on has moved from android.provider.Settings.System to android.provider.Settings.Global, returning read-only value.
07-13 08:58:06.831 I/gralloc4(19236): @set_metadata: update dataspace from GM (0x00000000 -> 0x08010000)
07-13 08:58:06.836 D/MobileStatusTracker(1)( 2459): onSignalStrengthsChanged signalStrength=SignalStrength:{mCdma=CellSignalStrengthCdma: cdmaDbm=2147483647 cdmaEcio=2147483647 evdoDbm=2147483647 evdoEcio=2147483647 evdoSnr=2147483647 miuiLevel=0 mOptimizedLevel=0 level=0,mGsm=CellSignalStrengthGsm: rssi=2147483647 ber=2147483647 mTa=2147483647 miuiLevel=0 isNtnMode=false mLevel=0,mWcdma=CellSignalStrengthWcdma: ss=2147483647 ber=2147483647 rscp=2147483647 ecno=2147483647 miuiLevel=0 mOptimizedLevel=0 level=0,mTdscdma=CellSignalStrengthTdscdma: rssi=2147483647 ber=2147483647 rscp=2147483647 miuiLevel=0 mOptimizedLevel=0 level=0,mLte=CellSignalStrengthLte: rssi=-91 rsrp=-104 rsrq=-13 rssnr=15 cqiTableIndex=2147483647 cqi=0 ta=0 miuiLevel=4 mOptimizedLevel=0 level=3 parametersUseForLevel=0,mNr=CellSignalStrengthNr:{ csiRsrp = 2147483647 csiRsrq = 2147483647 csiCqiTableIndex = 2147483647 csiCqiReport = [] ssRsrp = 2147483647 ssRsrq = 2147483647 ssSinr = 2147483647 miuiLevel = 0 mOptimizedLevel = 0 level = 0 parametersUseForLevel = 0 timingAdvance = 2147483647 },primary=CellSignalStrengthLte,mNrAsPrimaryInNrNsa=false}
07-13 08:58:06.836 D/NetworkController.MobileSignalController(1)( 2459): update5GConnectState: false
07-13 08:58:06.837 D/NetworkController.MobileSignalController(1)( 2459): ss use aosp level not 0, 4
07-13 08:58:06.850 D/C2MtkBufferManager( 1041): over 5000ms not request from VCodec but callback hooked, slow BM Cc fetch thread
07-13 08:58:06.851 I/gralloc4(19236): @set_metadata: update dataspace from GM (0x00000000 -> 0x08010000)
07-13 08:58:06.870 D/C2MtkBufferManager( 1041): over 5000ms not request from VCodec but callback hooked, slow BM Cc fetch thread
07-13 08:58:06.880 I/gralloc4(19236): @set_metadata: update dataspace from GM (0x00000000 -> 0x08010000)
07-13 08:58:06.891 D/C2MtkBufferManager( 1041): over 5000ms not request from VCodec but callback hooked, slow BM Cc fetch thread
07-13 08:58:06.895 I/gralloc4(19236): @set_metadata: update dataspace from GM (0x00000000 -> 0x08010000)
07-13 08:58:06.911 D/C2MtkBufferManager( 1041): over 5000ms not request from VCodec but callback hooked, slow BM Cc fetch thread
07-13 08:58:06.912 I/gralloc4(19236): @set_metadata: update dataspace from GM (0x00000000 -> 0x08010000)
07-13 08:58:06.929 I/gralloc4(19236): @set_metadata: update dataspace from GM (0x00000000 -> 0x08010000)
07-13 08:58:06.932 D/C2MtkBufferManager( 1041): over 5000ms not request from VCodec but callback hooked, slow BM Cc fetch thread
07-13 08:58:06.942 I/gralloc4(19236): @set_metadata: update dataspace from GM (0x00000000 -> 0x08010000)
07-13 08:58:06.944 W/RenderInspector(19236): DequeueBuffer time out on com.skillsroom.mobile/com.skillsroom.mobile.MainActivity, count=1, avg=19 ms, max=19 ms.
07-13 08:58:06.953 D/C2MtkBufferManager( 1041): over 5000ms not request from VCodec but callback hooked, slow BM Cc fetch thread
07-13 08:58:06.959 I/gralloc4(19236): @set_metadata: update dataspace from GM (0x00000000 -> 0x08010000)
07-13 08:58:06.973 D/C2MtkBufferManager( 1041): over 5000ms not request from VCodec but callback hooked, slow BM Cc fetch thread
07-13 08:58:06.976 I/gralloc4(19236): @set_metadata: update dataspace from GM (0x00000000 -> 0x08010000)
07-13 08:58:06.980 D/NetworkController.MobileSignalController(1)( 2459): notifyListeners: mFeatureRelayData=false
07-13 08:58:06.994 I/gralloc4(19236): @set_metadata: update dataspace from GM (0x00000000 -> 0x08010000)
07-13 08:58:06.994 D/C2MtkBufferManager( 1041): over 5000ms not request from VCodec but callback hooked, slow BM Cc fetch thread
07-13 08:58:06.994 I/gralloc4( 2459): @set_metadata: update dataspace from GM (0x00000000 -> 0x08010000)
07-13 08:58:07.011 I/gralloc4(19236): @set_metadata: update dataspace from GM (0x00000000 -> 0x08010000)
07-13 08:58:07.014 D/C2MtkBufferManager( 1041): over 5000ms not request from VCodec but callback hooked, slow BM Cc fetch thread
07-13 08:58:07.022 D/ActivityManager( 1813): getProcessesInErrorState callingUid=10288, CallingPid=19459
07-13 08:58:07.026 I/gralloc4(19236): @set_metadata: update dataspace from GM (0x00000000 -> 0x08010000)
07-13 08:58:07.029 D/ActivityManager( 1813): getProcessesInErrorState callingUid=10279, CallingPid=443
07-13 08:58:07.035 D/C2MtkBufferManager( 1041): over 5000ms not request from VCodec but callback hooked, slow BM Cc fetch thread
07-13 08:58:07.035 D/MediaCodec(19459): [mId: 6] audio-debug Stats over last 5009ms:
07-13 08:58:07.036 D/MediaCodec(19459): [mId: 6] audio-debug Qinput: 0, DQinput: 0 success out of 5 tries
07-13 08:58:07.036 D/MediaCodec(19459): [mId: 6] audio-debug Render: 0, Drop: 0, DQoutput: 0 success out of 0 tries
07-13 08:58:07.042 I/gralloc4(19236): @set_metadata: update dataspace from GM (0x00000000 -> 0x08010000)
07-13 08:58:07.055 D/C2MtkBufferManager( 1041): over 5000ms not request from VCodec but callback hooked, slow BM Cc fetch thread
07-13 08:58:07.058 I/gralloc4(19236): @set_metadata: update dataspace from GM (0x00000000 -> 0x08010000)
07-13 08:58:07.075 D/C2MtkBufferManager( 1041): over 5000ms not request from VCodec but callback hooked, slow BM Cc fetch thread
07-13 08:58:07.076 I/gralloc4(19236): @set_metadata: update dataspace from GM (0x00000000 -> 0x08010000)
07-13 08:58:07.093 I/gralloc4(19236): @set_metadata: update dataspace from GM (0x00000000 -> 0x08010000)
07-13 08:58:07.096 D/C2MtkBufferManager( 1041): over 5000ms not request from VCodec but callback hooked, slow BM Cc fetch thread
07-13 08:58:07.110 I/gralloc4(19236): @set_metadata: update dataspace from GM (0x00000000 -> 0x08010000)
07-13 08:58:07.116 D/C2MtkBufferManager( 1041): over 5000ms not request from VCodec but callback hooked, slow BM Cc fetch thread
07-13 08:58:07.126 I/gralloc4(19236): @set_metadata: update dataspace from GM (0x00000000 -> 0x08010000)
07-13 08:58:07.137 D/C2MtkBufferManager( 1041): over 5000ms not request from VCodec but callback hooked, slow BM Cc fetch thread
07-13 08:58:07.143 I/gralloc4(19236): @set_metadata: update dataspace from GM (0x00000000 -> 0x08010000)
07-13 08:58:07.158 D/C2MtkBufferManager( 1041): over 5000ms not request from VCodec but callback hooked, slow BM Cc fetch thread
07-13 08:58:07.161 I/gralloc4(19236): @set_metadata: update dataspace from GM (0x00000000 -> 0x08010000)
07-13 08:58:07.178 D/C2MtkBufferManager( 1041): over 5000ms not request from VCodec but callback hooked, slow BM Cc fetch thread
07-13 08:58:07.179 I/gralloc4(19236): @set_metadata: update dataspace from GM (0x00000000 -> 0x08010000)
07-13 08:58:07.194 I/gralloc4(19236): @set_metadata: update dataspace from GM (0x00000000 -> 0x08010000)
07-13 08:58:07.199 D/C2MtkBufferManager( 1041): over 5000ms not request from VCodec but callback hooked, slow BM Cc fetch thread
07-13 08:58:07.212 I/gralloc4(19236): @set_metadata: update dataspace from GM (0x00000000 -> 0x08010000)
07-13 08:58:07.219 D/C2MtkBufferManager( 1041): over 5000ms not request from VCodec but callback hooked, slow BM Cc fetch thread
07-13 08:58:07.228 I/gralloc4(19236): @set_metadata: update dataspace from GM (0x00000000 -> 0x08010000)
07-13 08:58:07.240 D/C2MtkBufferManager( 1041): over 5000ms not request from VCodec but callback hooked, slow BM Cc fetch thread
07-13 08:58:07.245 I/gralloc4(19236): @set_metadata: update dataspace from GM (0x00000000 -> 0x08010000)
07-13 08:58:07.260 D/C2MtkBufferManager( 1041): over 5000ms not request from VCodec but callback hooked, slow BM Cc fetch thread
07-13 08:58:07.262 I/gralloc4(19236): @set_metadata: update dataspace from GM (0x00000000 -> 0x08010000)
07-13 08:58:07.278 I/gralloc4(19236): @set_metadata: update dataspace from GM (0x00000000 -> 0x08010000)
07-13 08:58:07.281 D/C2MtkBufferManager( 1041): over 5000ms not request from VCodec but callback hooked, slow BM Cc fetch thread
07-13 08:58:07.294 I/gralloc4(19236): @set_metadata: update dataspace from GM (0x00000000 -> 0x08010000)
07-13 08:58:07.301 D/C2MtkBufferManager( 1041): over 5000ms not request from VCodec but callback hooked, slow BM Cc fetch thread
07-13 08:58:07.311 I/gralloc4(19236): @set_metadata: update dataspace from GM (0x00000000 -> 0x08010000)
07-13 08:58:07.322 D/C2MtkBufferManager( 1041): over 5000ms not request from VCodec but callback hooked, slow BM Cc fetch thread
07-13 08:58:07.325 W/Settings( 2457): Setting airplane_mode_on has moved from android.provider.Settings.System to android.provider.Settings.Global, returning read-only value.
07-13 08:58:07.326 I/gralloc4(19236): @set_metadata: update dataspace from GM (0x00000000 -> 0x08010000)
07-13 08:58:07.327 D/MobileStatusTracker(5)( 2459): onSignalStrengthsChanged signalStrength=SignalStrength:{mCdma=CellSignalStrengthCdma: cdmaDbm=2147483647 cdmaEcio=2147483647 evdoDbm=2147483647 evdoEcio=2147483647 evdoSnr=2147483647 miuiLevel=0 mOptimizedLevel=0 level=0,mGsm=CellSignalStrengthGsm: rssi=2147483647 ber=2147483647 mTa=2147483647 miuiLevel=0 isNtnMode=false mLevel=0,mWcdma=CellSignalStrengthWcdma: ss=2147483647 ber=2147483647 rscp=2147483647 ecno=2147483647 miuiLevel=0 mOptimizedLevel=0 level=0,mTdscdma=CellSignalStrengthTdscdma: rssi=2147483647 ber=2147483647 rscp=2147483647 miuiLevel=0 mOptimizedLevel=0 level=0,mLte=CellSignalStrengthLte: rssi=-73 rsrp=-82 rsrq=-10 rssnr=18 cqiTableIndex=2147483647 cqi=0 ta=0 miuiLevel=5 mOptimizedLevel=0 level=4 parametersUseForLevel=0,mNr=CellSignalStrengthNr:{ csiRsrp = 2147483647 csiRsrq = 2147483647 csiCqiTableIndex = 2147483647 csiCqiReport = [] ssRsrp = 2147483647 ssRsrq = 2147483647 ssSinr = 2147483647 miuiLevel = 0 mOptimizedLevel = 0 level = 0 parametersUseForLevel = 0 timingAdvance = 2147483647 },primary=CellSignalStrengthLte,mNrAsPrimaryInNrNsa=false}
07-13 08:58:07.327 D/NetworkController.MobileSignalController(5)( 2459): update5GConnectState: false
07-13 08:58:07.327 D/NetworkController.MobileSignalController(5)( 2459): ss use aosp level not 0, 5
07-13 08:58:07.342 D/C2MtkBufferManager( 1041): over 5000ms not request from VCodec but callback hooked, slow BM Cc fetch thread
07-13 08:58:07.345 I/gralloc4(19236): @set_metadata: update dataspace from GM (0x00000000 -> 0x08010000)
07-13 08:58:07.362 I/gralloc4(19236): @set_metadata: update dataspace from GM (0x00000000 -> 0x08010000)
07-13 08:58:07.363 D/C2MtkBufferManager( 1041): over 5000ms not request from VCodec but callback hooked, slow BM Cc fetch thread
07-13 08:58:07.379 I/gralloc4(19236): @set_metadata: update dataspace from GM (0x00000000 -> 0x08010000)
07-13 08:58:07.384 D/C2MtkBufferManager( 1041): over 5000ms not request from VCodec but callback hooked, slow BM Cc fetch thread
07-13 08:58:07.396 I/gralloc4(19236): @set_metadata: update dataspace from GM (0x00000000 -> 0x08010000)
07-13 08:58:07.404 D/C2MtkBufferManager( 1041): over 5000ms not request from VCodec but callback hooked, slow BM Cc fetch thread
07-13 08:58:07.412 I/gralloc4(19236): @set_metadata: update dataspace from GM (0x00000000 -> 0x08010000)
07-13 08:58:07.425 D/C2MtkBufferManager( 1041): over 5000ms not request from VCodec but callback hooked, slow BM Cc fetch thread
07-13 08:58:07.428 I/gralloc4(19236): @set_metadata: update dataspace from GM (0x00000000 -> 0x08010000)
07-13 08:58:07.445 I/gralloc4(19236): @set_metadata: update dataspace from GM (0x00000000 -> 0x08010000)
07-13 08:58:07.446 D/C2MtkBufferManager( 1041): over 5000ms not request from VCodec but callback hooked, slow BM Cc fetch thread
07-13 08:58:07.462 I/gralloc4(19236): @set_metadata: update dataspace from GM (0x00000000 -> 0x08010000)
07-13 08:58:07.466 D/C2MtkBufferManager( 1041): over 5000ms not request from VCodec but callback hooked, slow BM Cc fetch thread
07-13 08:58:07.478 I/gralloc4(19236): @set_metadata: update dataspace from GM (0x00000000 -> 0x08010000)
07-13 08:58:07.487 D/C2MtkBufferManager( 1041): over 5000ms not request from VCodec but callback hooked, slow BM Cc fetch thread
07-13 08:58:07.495 I/gralloc4(19236): @set_metadata: update dataspace from GM (0x00000000 -> 0x08010000)
07-13 08:58:07.501 I/BufferQueueProducer( 1133): [com.skillsroom.mobile/com.skillsroom.mobile.MainActivity#77915](this:0xb4000078559f0a30,id:-1,api:0,p:-1,c:1133) queueBuffer: fps=58.97 dur=1000.47 max=25.76 min=16.14
07-13 08:58:07.505 I/hwcomposer( 1039): [HWCDisplay] [Display_0 (type:1)] fps:58.907162,dur:1001.58,max:25.82,min:14.82  
07-13 08:58:07.508 D/C2MtkBufferManager( 1041): over 5000ms not request from VCodec but callback hooked, slow BM Cc fetch thread
07-13 08:58:07.508 W/C2BqBuffer( 1041): last successful dequeue was 90738772701 us ago, 0 consecutive failures
07-13 08:58:07.512 I/gralloc4(19236): @set_metadata: update dataspace from GM (0x00000000 -> 0x08010000)
07-13 08:58:07.525 D/ActivityManager( 1813): getProcessesInErrorState callingUid=10288, CallingPid=19459
07-13 08:58:07.528 I/gralloc4(19236): @set_metadata: update dataspace from GM (0x00000000 -> 0x08010000)
07-13 08:58:07.528 D/C2MtkBufferManager( 1041): over 5000ms not request from VCodec but callback hooked, slow BM Cc fetch thread
07-13 08:58:07.531 D/ActivityManager( 1813): getProcessesInErrorState callingUid=10279, CallingPid=443
07-13 08:58:07.545 I/gralloc4(19236): @set_metadata: update dataspace from GM (0x00000000 -> 0x08010000)
07-13 08:58:07.549 D/C2MtkBufferManager( 1041): over 5000ms not request from VCodec but callback hooked, slow BM Cc fetch thread
07-13 08:58:07.555 I/libPerfCtl( 1059): xgfGetFPS pid:2459 fps:-1
07-13 08:58:07.555 I/libPerfCtl( 1059): xgfGetFPS pid:19236 fps:59
07-13 08:58:07.562 I/gralloc4(19236): @set_metadata: update dataspace from GM (0x00000000 -> 0x08010000)
07-13 08:58:07.570 D/C2MtkBufferManager( 1041): over 5000ms not request from VCodec but callback hooked, slow BM Cc fetch thread
07-13 08:58:07.579 I/gralloc4(19236): @set_metadata: update dataspace from GM (0x00000000 -> 0x08010000)
07-13 08:58:07.590 D/C2MtkBufferManager( 1041): over 5000ms not request from VCodec but callback hooked, slow BM Cc fetch thread
07-13 08:58:07.595 I/gralloc4(19236): @set_metadata: update dataspace from GM (0x00000000 -> 0x08010000)
07-13 08:58:07.611 D/C2MtkBufferManager( 1041): over 5000ms not request from VCodec but callback hooked, slow BM Cc fetch thread
07-13 08:58:07.612 I/gralloc4(19236): @set_metadata: update dataspace from GM (0x00000000 -> 0x08010000)
07-13 08:58:07.629 I/gralloc4(19236): @set_metadata: update dataspace from GM (0x00000000 -> 0x08010000)
07-13 08:58:07.631 D/C2MtkBufferManager( 1041): over 5000ms not request from VCodec but callback hooked, slow BM Cc fetch thread
07-13 08:58:07.646 I/gralloc4(19236): @set_metadata: update dataspace from GM (0x00000000 -> 0x08010000)
07-13 08:58:07.652 D/C2MtkBufferManager( 1041): over 5000ms not request from VCodec but callback hooked, slow BM Cc fetch thread
07-13 08:58:07.662 I/gralloc4(19236): @set_metadata: update dataspace from GM (0x00000000 -> 0x08010000)
07-13 08:58:07.673 D/C2MtkBufferManager( 1041): over 5000ms not request from VCodec but callback hooked, slow BM Cc fetch thread
07-13 08:58:07.678 I/gralloc4(19236): @set_metadata: update dataspace from GM (0x00000000 -> 0x08010000)
07-13 08:58:07.692 I/gralloc4(19236): @set_metadata: update dataspace from GM (0x00000000 -> 0x08010000)
07-13 08:58:07.694 D/C2MtkBufferManager( 1041): over 5000ms not request from VCodec but callback hooked, slow BM Cc fetch thread
07-13 08:58:07.711 I/gralloc4(19236): @set_metadata: update dataspace from GM (0x00000000 -> 0x08010000)
07-13 08:58:07.714 D/C2MtkBufferManager( 1041): over 5000ms not request from VCodec but callback hooked, slow BM Cc fetch thread
07-13 08:58:07.726 I/gralloc4(19236): @set_metadata: update dataspace from GM (0x00000000 -> 0x08010000)
07-13 08:58:07.735 D/C2MtkBufferManager( 1041): over 5000ms not request from VCodec but callback hooked, slow BM Cc fetch thread
07-13 08:58:07.747 I/gralloc4(19236): @set_metadata: update dataspace from GM (0x00000000 -> 0x08010000)
07-13 08:58:07.756 D/C2MtkBufferManager( 1041): over 5000ms not request from VCodec but callback hooked, slow BM Cc fetch thread
07-13 08:58:07.762 I/gralloc4(19236): @set_metadata: update dataspace from GM (0x00000000 -> 0x08010000)
07-13 08:58:07.776 D/C2MtkBufferManager( 1041): over 5000ms not request from VCodec but callback hooked, slow BM Cc fetch thread
07-13 08:58:07.778 I/gralloc4(19236): @set_metadata: update dataspace from GM (0x00000000 -> 0x08010000)
07-13 08:58:07.795 I/gralloc4(19236): @set_metadata: update dataspace from GM (0x00000000 -> 0x08010000)
07-13 08:58:07.797 D/C2MtkBufferManager( 1041): over 5000ms not request from VCodec but callback hooked, slow BM Cc fetch thread
07-13 08:58:07.811 I/gralloc4(19236): @set_metadata: update dataspace from GM (0x00000000 -> 0x08010000)
07-13 08:58:07.817 D/C2MtkBufferManager( 1041): over 5000ms not request from VCodec but callback hooked, slow BM Cc fetch thread
07-13 08:58:07.830 I/gralloc4(19236): @set_metadata: update dataspace from GM (0x00000000 -> 0x08010000)
07-13 08:58:07.838 D/C2MtkBufferManager( 1041): over 5000ms not request from VCodec but callback hooked, slow BM Cc fetch thread
07-13 08:58:07.845 I/gralloc4(19236): @set_metadata: update dataspace from GM (0x00000000 -> 0x08010000)
07-13 08:58:07.858 D/C2MtkBufferManager( 1041): over 5000ms not request from VCodec but callback hooked, slow BM Cc fetch thread
07-13 08:58:07.861 I/gralloc4(19236): @set_metadata: update dataspace from GM (0x00000000 -> 0x08010000)
07-13 08:58:07.877 I/gralloc4(19236): @set_metadata: update dataspace from GM (0x00000000 -> 0x08010000)
07-13 08:58:07.879 D/C2MtkBufferManager( 1041): over 5000ms not request from VCodec but callback hooked, slow BM Cc fetch thread
07-13 08:58:07.891 I/gralloc4(19236): @set_metadata: update dataspace from GM (0x00000000 -> 0x08010000)
